2022-05-25 15:49:55 WARNING  Starting
2022-05-25 15:49:56 ERROR    Failure: 223684313413012242652925975724179693671 : http://localhost:3001/ -> net::ERR_CONNECTION_REFUSED
2022-05-25 15:49:56 ERROR    Failure: 46822577063395887337747847899479931724 : http://localhost:3001/ -> Failed to load resource: net::ERR_CONNECTION_REFUSED
2022-05-25 15:50:06 ERROR    Failure: 223684313413012242652925975724179693671 : http://localhost:3001/ -> net::ERR_CONNECTION_REFUSED
2022-05-25 15:50:06 ERROR    Failure: 46822577063395887337747847899479931724 : http://localhost:3001/ -> Failed to load resource: net::ERR_CONNECTION_REFUSED
2022-05-25 15:50:12 ERROR    Failure: 223684313413012242652925975724179693671 : http://localhost:3001/ -> net::ERR_CONNECTION_REFUSED
2022-05-25 15:50:12 ERROR    Failure: 46822577063395887337747847899479931724 : http://localhost:3001/ -> Failed to load resource: net::ERR_CONNECTION_REFUSED
2022-05-25 15:50:18 ERROR    Failure: 223684313413012242652925975724179693671 : http://localhost:3001/ -> net::ERR_CONNECTION_REFUSED
2022-05-25 15:50:18 ERROR    Failure: 46822577063395887337747847899479931724 : http://localhost:3001/ -> Failed to load resource: net::ERR_CONNECTION_REFUSED
2022-05-25 15:50:22 ERROR    Failure: 244380854607818280429043870923574460711 : http://localhost:3001/wallets -> net::ERR_NAME_NOT_RESOLVED
2022-05-25 15:50:22 ERROR    Failure: 223684313413012242652925975724179693671 : http://localhost:3001/ -> net::ERR_CONNECTION_REFUSED
2022-05-25 15:50:22 ERROR    Failure: 46822577063395887337747847899479931724 : http://localhost:3001/ -> Failed to load resource: net::ERR_CONNECTION_REFUSED
2022-05-25 15:50:26 ERROR    Failure: 262513326802567628094931167029883077585 : http://localhost:3001/profile -> net::ERR_ABORTED
2022-05-25 15:50:27 ERROR    Failure: 262513326802567628094931167029883077585 : http://localhost:3001/wallets -> net::ERR_ABORTED
2022-05-25 15:50:32 ERROR    Failure: 223684313413012242652925975724179693671 : http://localhost:3001/ -> net::ERR_CONNECTION_REFUSED
2022-05-25 15:50:32 ERROR    Failure: 46822577063395887337747847899479931724 : http://localhost:3001/ -> Failed to load resource: net::ERR_CONNECTION_REFUSED
2022-05-25 15:50:40 ERROR    Failure: 223684313413012242652925975724179693671 : http://localhost:3001/ -> net::ERR_CONNECTION_REFUSED
2022-05-25 15:50:40 ERROR    Failure: 46822577063395887337747847899479931724 : http://localhost:3001/ -> Failed to load resource: net::ERR_CONNECTION_REFUSED
2022-05-25 15:50:43 ERROR    Failure: 262513326802567628094931167029883077585 : http://localhost:3001/wallets -> net::ERR_ABORTED
2022-05-25 15:50:48 ERROR    Failure: 223684313413012242652925975724179693671 : http://localhost:3001/ -> net::ERR_CONNECTION_REFUSED
2022-05-25 15:50:48 ERROR    Failure: 46822577063395887337747847899479931724 : http://localhost:3001/ -> Failed to load resource: net::ERR_CONNECTION_REFUSED
2022-05-25 15:50:53 ERROR    Failure: 223684313413012242652925975724179693671 : http://localhost:3001/ -> net::ERR_CONNECTION_REFUSED
2022-05-25 15:50:53 ERROR    Failure: 46822577063395887337747847899479931724 : http://localhost:3001/ -> Failed to load resource: net::ERR_CONNECTION_REFUSED
2022-05-25 15:51:04 ERROR    Failure: 223684313413012242652925975724179693671 : http://localhost:3001/ -> net::ERR_CONNECTION_REFUSED
2022-05-25 15:51:04 ERROR    Failure: 46822577063395887337747847899479931724 : http://localhost:3001/ -> Failed to load resource: net::ERR_CONNECTION_REFUSED
2022-05-25 15:51:13 ERROR    Failure: 308456024496458010238934008866544207221 : http://localhost:3001/wallets/49 -> views/parts/transactions.js | Waking up
2022-05-25 15:51:13 ERROR    Failure: 129787747697562552545583625281097726382 : http://localhost:3001/wallets/49 -> views/parts/wallet_plans.js | Waking up
2022-05-25 15:51:17 ERROR    Failure: 223684313413012242652925975724179693671 : http://localhost:3001/ -> net::ERR_CONNECTION_REFUSED
2022-05-25 15:51:17 ERROR    Failure: 46822577063395887337747847899479931724 : http://localhost:3001/ -> Failed to load resource: net::ERR_CONNECTION_REFUSED
2022-05-25 15:51:24 ERROR    Failure: 223684313413012242652925975724179693671 : http://localhost:3001/ -> net::ERR_CONNECTION_REFUSED
2022-05-25 15:51:24 ERROR    Failure: 46822577063395887337747847899479931724 : http://localhost:3001/ -> Failed to load resource: net::ERR_CONNECTION_REFUSED
2022-05-25 15:51:28 ERROR    Failure: 223684313413012242652925975724179693671 : http://localhost:3001/ -> net::ERR_CONNECTION_REFUSED
2022-05-25 15:51:28 ERROR    Failure: 46822577063395887337747847899479931724 : http://localhost:3001/ -> Failed to load resource: net::ERR_CONNECTION_REFUSED
2022-05-25 15:51:40 ERROR    Failure: 223684313413012242652925975724179693671 : http://localhost:3001/ -> net::ERR_CONNECTION_REFUSED
2022-05-25 15:51:40 ERROR    Failure: 46822577063395887337747847899479931724 : http://localhost:3001/ -> Failed to load resource: net::ERR_CONNECTION_REFUSED
2022-05-25 15:51:44 ERROR    Failure: 223684313413012242652925975724179693671 : http://localhost:3001/ -> net::ERR_CONNECTION_REFUSED
2022-05-25 15:51:44 ERROR    Failure: 46822577063395887337747847899479931724 : http://localhost:3001/ -> Failed to load resource: net::ERR_CONNECTION_REFUSED
2022-05-25 15:51:54 ERROR    Failure: 223684313413012242652925975724179693671 : http://localhost:3001/ -> net::ERR_CONNECTION_REFUSED
2022-05-25 15:51:54 ERROR    Failure: 46822577063395887337747847899479931724 : http://localhost:3001/ -> Failed to load resource: net::ERR_CONNECTION_REFUSED
2022-05-25 15:52:05 ERROR    Failure: 223684313413012242652925975724179693671 : http://localhost:3001/ -> net::ERR_CONNECTION_REFUSED
2022-05-25 15:52:05 ERROR    Failure: 46822577063395887337747847899479931724 : http://localhost:3001/ -> Failed to load resource: net::ERR_CONNECTION_REFUSED
2022-05-25 15:52:09 ERROR    Failure: 262513326802567628094931167029883077585 : http://localhost:3001/wallets -> net::ERR_ABORTED
2022-05-25 15:52:11 ERROR    Failure: 262513326802567628094931167029883077585 : http://localhost:3001/wallets -> net::ERR_ABORTED
2022-05-25 15:52:12 ERROR    Failure: 223684313413012242652925975724179693671 : http://localhost:3001/ -> net::ERR_CONNECTION_REFUSED
2022-05-25 15:52:12 ERROR    Failure: 46822577063395887337747847899479931724 : http://localhost:3001/ -> Failed to load resource: net::ERR_CONNECTION_REFUSED
2022-05-25 15:52:22 ERROR    Failure: 223684313413012242652925975724179693671 : http://localhost:3001/ -> net::ERR_CONNECTION_REFUSED
2022-05-25 15:52:22 ERROR    Failure: 46822577063395887337747847899479931724 : http://localhost:3001/ -> Failed to load resource: net::ERR_CONNECTION_REFUSED
2022-05-25 15:52:30 ERROR    Failure: 223684313413012242652925975724179693671 : http://localhost:3001/ -> net::ERR_CONNECTION_REFUSED
2022-05-25 15:52:30 ERROR    Failure: 46822577063395887337747847899479931724 : http://localhost:3001/ -> Failed to load resource: net::ERR_CONNECTION_REFUSED
2022-05-25 15:52:38 ERROR    Failure: 262513326802567628094931167029883077585 : http://localhost:3001/wallets -> net::ERR_ABORTED
2022-05-25 15:52:40 ERROR    Failure: 223684313413012242652925975724179693671 : http://localhost:3001/ -> net::ERR_CONNECTION_REFUSED
2022-05-25 15:52:40 ERROR    Failure: 46822577063395887337747847899479931724 : http://localhost:3001/ -> Failed to load resource: net::ERR_CONNECTION_REFUSED
2022-05-25 15:52:46 ERROR    Failure: 223684313413012242652925975724179693671 : http://localhost:3001/ -> net::ERR_CONNECTION_REFUSED
2022-05-25 15:52:46 ERROR    Failure: 46822577063395887337747847899479931724 : http://localhost:3001/ -> Failed to load resource: net::ERR_CONNECTION_REFUSED
2022-05-25 15:52:56 ERROR    Failure: 223684313413012242652925975724179693671 : http://localhost:3001/ -> net::ERR_CONNECTION_REFUSED
2022-05-25 15:52:56 ERROR    Failure: 46822577063395887337747847899479931724 : http://localhost:3001/ -> Failed to load resource: net::ERR_CONNECTION_REFUSED
2022-05-25 15:52:58 ERROR    Failure: 262513326802567628094931167029883077585 : http://localhost:3001/wallets -> net::ERR_ABORTED
2022-05-25 15:53:01 ERROR    Failure: 223684313413012242652925975724179693671 : http://localhost:3001/ -> net::ERR_CONNECTION_REFUSED
2022-05-25 15:53:01 ERROR    Failure: 46822577063395887337747847899479931724 : http://localhost:3001/ -> Failed to load resource: net::ERR_CONNECTION_REFUSED
2022-05-25 15:53:08 ERROR    Failure: 262513326802567628094931167029883077585 : http://localhost:3001/wallets -> net::ERR_ABORTED
2022-05-25 15:53:09 ERROR    Failure: 223684313413012242652925975724179693671 : http://localhost:3001/ -> net::ERR_CONNECTION_REFUSED
2022-05-25 15:53:09 ERROR    Failure: 46822577063395887337747847899479931724 : http://localhost:3001/ -> Failed to load resource: net::ERR_CONNECTION_REFUSED
2022-05-25 15:53:12 ERROR    Failure: 262513326802567628094931167029883077585 : http://localhost:3001/wallets -> net::ERR_ABORTED
2022-05-25 15:53:18 ERROR    Failure: 223684313413012242652925975724179693671 : http://localhost:3001/ -> net::ERR_CONNECTION_REFUSED
2022-05-25 15:53:18 ERROR    Failure: 46822577063395887337747847899479931724 : http://localhost:3001/ -> Failed to load resource: net::ERR_CONNECTION_REFUSED
2022-05-25 15:53:28 ERROR    Failure: 223684313413012242652925975724179693671 : http://localhost:3001/ -> net::ERR_CONNECTION_REFUSED
2022-05-25 15:53:28 ERROR    Failure: 46822577063395887337747847899479931724 : http://localhost:3001/ -> Failed to load resource: net::ERR_CONNECTION_REFUSED
2022-05-25 15:53:40 ERROR    Failure: 223684313413012242652925975724179693671 : http://localhost:3001/ -> net::ERR_CONNECTION_REFUSED
2022-05-25 15:53:40 ERROR    Failure: 46822577063395887337747847899479931724 : http://localhost:3001/ -> Failed to load resource: net::ERR_CONNECTION_REFUSED
2022-05-25 15:53:47 ERROR    Failure: 223684313413012242652925975724179693671 : http://localhost:3001/ -> net::ERR_CONNECTION_REFUSED
2022-05-25 15:53:47 ERROR    Failure: 46822577063395887337747847899479931724 : http://localhost:3001/ -> Failed to load resource: net::ERR_CONNECTION_REFUSED
2022-05-25 15:53:57 ERROR    Failure: 223684313413012242652925975724179693671 : http://localhost:3001/ -> net::ERR_CONNECTION_REFUSED
2022-05-25 15:53:57 ERROR    Failure: 46822577063395887337747847899479931724 : http://localhost:3001/ -> Failed to load resource: net::ERR_CONNECTION_REFUSED
2022-05-25 15:54:03 ERROR    Failure: 223684313413012242652925975724179693671 : http://localhost:3001/ -> net::ERR_CONNECTION_REFUSED
2022-05-25 15:54:03 ERROR    Failure: 46822577063395887337747847899479931724 : http://localhost:3001/ -> Failed to load resource: net::ERR_CONNECTION_REFUSED
2022-05-25 15:54:11 ERROR    Failure: 262513326802567628094931167029883077585 : http://localhost:3001/ -> net::ERR_ABORTED
2022-05-25 15:54:14 ERROR    Failure: 223684313413012242652925975724179693671 : http://localhost:3001/ -> net::ERR_CONNECTION_REFUSED
2022-05-25 15:54:14 ERROR    Failure: 46822577063395887337747847899479931724 : http://localhost:3001/ -> Failed to load resource: net::ERR_CONNECTION_REFUSED
2022-05-25 15:54:16 ERROR    Failure: 262513326802567628094931167029883077585 : http://localhost:3001/wallets -> net::ERR_ABORTED
2022-05-25 15:54:28 ERROR    Failure: 223684313413012242652925975724179693671 : http://localhost:3001/ -> net::ERR_CONNECTION_REFUSED
2022-05-25 15:54:28 ERROR    Failure: 46822577063395887337747847899479931724 : http://localhost:3001/ -> Failed to load resource: net::ERR_CONNECTION_REFUSED
2022-05-25 15:54:31 ERROR    Failure: 262513326802567628094931167029883077585 : http://localhost:3001/wallets -> net::ERR_ABORTED
2022-05-25 15:54:39 ERROR    Failure: 223684313413012242652925975724179693671 : http://localhost:3001/ -> net::ERR_CONNECTION_REFUSED
2022-05-25 15:54:39 ERROR    Failure: 46822577063395887337747847899479931724 : http://localhost:3001/ -> Failed to load resource: net::ERR_CONNECTION_REFUSED
2022-05-25 15:54:48 ERROR    Failure: 223684313413012242652925975724179693671 : http://localhost:3001/ -> net::ERR_CONNECTION_REFUSED
2022-05-25 15:54:48 ERROR    Failure: 46822577063395887337747847899479931724 : http://localhost:3001/ -> Failed to load resource: net::ERR_CONNECTION_REFUSED
2022-05-25 15:54:52 ERROR    Failure: 262513326802567628094931167029883077585 : http://localhost:3001/wallets -> net::ERR_ABORTED
2022-05-25 15:55:00 ERROR    Failure: 223684313413012242652925975724179693671 : http://localhost:3001/ -> net::ERR_CONNECTION_REFUSED
2022-05-25 15:55:00 ERROR    Failure: 46822577063395887337747847899479931724 : http://localhost:3001/ -> Failed to load resource: net::ERR_CONNECTION_REFUSED
2022-05-25 15:55:05 ERROR    Failure: 262513326802567628094931167029883077585 : http://localhost:3001/wallets -> net::ERR_ABORTED
2022-05-25 15:55:12 ERROR    Failure: 223684313413012242652925975724179693671 : http://localhost:3001/ -> net::ERR_CONNECTION_REFUSED
2022-05-25 15:55:12 ERROR    Failure: 46822577063395887337747847899479931724 : http://localhost:3001/ -> Failed to load resource: net::ERR_CONNECTION_REFUSED
2022-05-25 15:55:19 ERROR    Failure: 223684313413012242652925975724179693671 : http://localhost:3001/ -> net::ERR_CONNECTION_REFUSED
2022-05-25 15:55:19 ERROR    Failure: 46822577063395887337747847899479931724 : http://localhost:3001/ -> Failed to load resource: net::ERR_CONNECTION_REFUSED
2022-05-25 15:55:31 ERROR    Failure: 223684313413012242652925975724179693671 : http://localhost:3001/ -> net::ERR_CONNECTION_REFUSED
2022-05-25 15:55:31 ERROR    Failure: 46822577063395887337747847899479931724 : http://localhost:3001/ -> Failed to load resource: net::ERR_CONNECTION_REFUSED
2022-05-25 15:55:42 ERROR    Failure: 223684313413012242652925975724179693671 : http://localhost:3001/ -> net::ERR_CONNECTION_REFUSED
2022-05-25 15:55:42 ERROR    Failure: 46822577063395887337747847899479931724 : http://localhost:3001/ -> Failed to load resource: net::ERR_CONNECTION_REFUSED
2022-05-25 15:55:48 ERROR    Failure: 223684313413012242652925975724179693671 : http://localhost:3001/ -> net::ERR_CONNECTION_REFUSED
2022-05-25 15:55:48 ERROR    Failure: 46822577063395887337747847899479931724 : http://localhost:3001/ -> Failed to load resource: net::ERR_CONNECTION_REFUSED
2022-05-25 15:56:00 ERROR    Failure: 223684313413012242652925975724179693671 : http://localhost:3001/ -> net::ERR_CONNECTION_REFUSED
2022-05-25 15:56:00 ERROR    Failure: 46822577063395887337747847899479931724 : http://localhost:3001/ -> Failed to load resource: net::ERR_CONNECTION_REFUSED
2022-05-25 15:56:11 ERROR    Failure: 223684313413012242652925975724179693671 : http://localhost:3001/ -> net::ERR_CONNECTION_REFUSED
2022-05-25 15:56:11 ERROR    Failure: 46822577063395887337747847899479931724 : http://localhost:3001/ -> Failed to load resource: net::ERR_CONNECTION_REFUSED
2022-05-25 15:56:15 ERROR    Failure: 262513326802567628094931167029883077585 : http://localhost:3001/wallets -> net::ERR_ABORTED
2022-05-25 15:56:21 ERROR    Failure: 223684313413012242652925975724179693671 : http://localhost:3001/ -> net::ERR_CONNECTION_REFUSED
2022-05-25 15:56:21 ERROR    Failure: 46822577063395887337747847899479931724 : http://localhost:3001/ -> Failed to load resource: net::ERR_CONNECTION_REFUSED
2022-05-25 15:56:33 ERROR    Failure: 223684313413012242652925975724179693671 : http://localhost:3001/ -> net::ERR_CONNECTION_REFUSED
2022-05-25 15:56:33 ERROR    Failure: 46822577063395887337747847899479931724 : http://localhost:3001/ -> Failed to load resource: net::ERR_CONNECTION_REFUSED
2022-05-25 15:56:35 ERROR    Failure: 262513326802567628094931167029883077585 : http://localhost:3001/ -> net::ERR_ABORTED
2022-05-25 15:56:35 ERROR    Failure: 262513326802567628094931167029883077585 : http://localhost:3001/ -> net::ERR_ABORTED
2022-05-25 15:56:37 ERROR    Failure: 223684313413012242652925975724179693671 : http://localhost:3001/ -> net::ERR_CONNECTION_REFUSED
2022-05-25 15:56:37 ERROR    Failure: 46822577063395887337747847899479931724 : http://localhost:3001/ -> Failed to load resource: net::ERR_CONNECTION_REFUSED
2022-05-25 15:56:43 ERROR    Failure: 223684313413012242652925975724179693671 : http://localhost:3001/ -> net::ERR_CONNECTION_REFUSED
2022-05-25 15:56:43 ERROR    Failure: 46822577063395887337747847899479931724 : http://localhost:3001/ -> Failed to load resource: net::ERR_CONNECTION_REFUSED
2022-05-25 15:56:52 ERROR    Failure: 223684313413012242652925975724179693671 : http://localhost:3001/ -> net::ERR_CONNECTION_REFUSED
2022-05-25 15:56:52 ERROR    Failure: 46822577063395887337747847899479931724 : http://localhost:3001/ -> Failed to load resource: net::ERR_CONNECTION_REFUSED
2022-05-25 15:57:01 ERROR    Failure: 223684313413012242652925975724179693671 : http://localhost:3001/ -> net::ERR_CONNECTION_REFUSED
2022-05-25 15:57:01 ERROR    Failure: 46822577063395887337747847899479931724 : http://localhost:3001/ -> Failed to load resource: net::ERR_CONNECTION_REFUSED
2022-05-25 15:57:09 ERROR    Failure: 223684313413012242652925975724179693671 : http://localhost:3001/ -> net::ERR_CONNECTION_REFUSED
2022-05-25 15:57:09 ERROR    Failure: 46822577063395887337747847899479931724 : http://localhost:3001/ -> Failed to load resource: net::ERR_CONNECTION_REFUSED
2022-05-25 15:57:17 ERROR    Failure: 262513326802567628094931167029883077585 : http://localhost:3001/wallets -> net::ERR_ABORTED
2022-05-25 15:57:19 ERROR    Failure: 223684313413012242652925975724179693671 : http://localhost:3001/ -> net::ERR_CONNECTION_REFUSED
2022-05-25 15:57:19 ERROR    Failure: 46822577063395887337747847899479931724 : http://localhost:3001/ -> Failed to load resource: net::ERR_CONNECTION_REFUSED
2022-05-25 15:57:25 ERROR    Failure: 223684313413012242652925975724179693671 : http://localhost:3001/ -> net::ERR_CONNECTION_REFUSED
2022-05-25 15:57:25 ERROR    Failure: 46822577063395887337747847899479931724 : http://localhost:3001/ -> Failed to load resource: net::ERR_CONNECTION_REFUSED
2022-05-25 15:57:30 ERROR    Failure: 223684313413012242652925975724179693671 : http://localhost:3001/ -> net::ERR_CONNECTION_REFUSED
2022-05-25 15:57:30 ERROR    Failure: 46822577063395887337747847899479931724 : http://localhost:3001/ -> Failed to load resource: net::ERR_CONNECTION_REFUSED
2022-05-25 15:57:41 ERROR    Failure: 223684313413012242652925975724179693671 : http://localhost:3001/ -> net::ERR_CONNECTION_REFUSED
2022-05-25 15:57:41 ERROR    Failure: 46822577063395887337747847899479931724 : http://localhost:3001/ -> Failed to load resource: net::ERR_CONNECTION_REFUSED
2022-05-25 15:57:50 ERROR    Failure: 223684313413012242652925975724179693671 : http://localhost:3001/ -> net::ERR_CONNECTION_REFUSED
2022-05-25 15:57:50 ERROR    Failure: 46822577063395887337747847899479931724 : http://localhost:3001/ -> Failed to load resource: net::ERR_CONNECTION_REFUSED
2022-05-25 15:57:57 ERROR    Failure: 223684313413012242652925975724179693671 : http://localhost:3001/ -> net::ERR_CONNECTION_REFUSED
2022-05-25 15:57:57 ERROR    Failure: 46822577063395887337747847899479931724 : http://localhost:3001/ -> Failed to load resource: net::ERR_CONNECTION_REFUSED
2022-05-25 15:58:01 ERROR    Failure: 262513326802567628094931167029883077585 : http://localhost:3001/wallets -> net::ERR_ABORTED
2022-05-25 15:58:06 ERROR    Failure: 223684313413012242652925975724179693671 : http://localhost:3001/ -> net::ERR_CONNECTION_REFUSED
2022-05-25 15:58:06 ERROR    Failure: 46822577063395887337747847899479931724 : http://localhost:3001/ -> Failed to load resource: net::ERR_CONNECTION_REFUSED
2022-05-25 15:58:14 ERROR    Failure: 223684313413012242652925975724179693671 : http://localhost:3001/ -> net::ERR_CONNECTION_REFUSED
2022-05-25 15:58:14 ERROR    Failure: 46822577063395887337747847899479931724 : http://localhost:3001/ -> Failed to load resource: net::ERR_CONNECTION_REFUSED
2022-05-25 15:58:24 ERROR    Failure: 223684313413012242652925975724179693671 : http://localhost:3001/ -> net::ERR_CONNECTION_REFUSED
2022-05-25 15:58:24 ERROR    Failure: 46822577063395887337747847899479931724 : http://localhost:3001/ -> Failed to load resource: net::ERR_CONNECTION_REFUSED
2022-05-25 15:58:28 ERROR    Failure: 223684313413012242652925975724179693671 : http://localhost:3001/ -> net::ERR_CONNECTION_REFUSED
2022-05-25 15:58:28 ERROR    Failure: 46822577063395887337747847899479931724 : http://localhost:3001/ -> Failed to load resource: net::ERR_CONNECTION_REFUSED
2022-05-25 15:58:31 ERROR    Failure: 262513326802567628094931167029883077585 : http://localhost:3001/wallets -> net::ERR_ABORTED
2022-05-25 15:58:35 ERROR    Failure: 223684313413012242652925975724179693671 : http://localhost:3001/ -> net::ERR_CONNECTION_REFUSED
2022-05-25 15:58:35 ERROR    Failure: 46822577063395887337747847899479931724 : http://localhost:3001/ -> Failed to load resource: net::ERR_CONNECTION_REFUSED
2022-05-25 15:58:45 ERROR    Failure: 223684313413012242652925975724179693671 : http://localhost:3001/ -> net::ERR_CONNECTION_REFUSED
2022-05-25 15:58:45 ERROR    Failure: 46822577063395887337747847899479931724 : http://localhost:3001/ -> Failed to load resource: net::ERR_CONNECTION_REFUSED
2022-05-25 15:58:56 ERROR    Failure: 223684313413012242652925975724179693671 : http://localhost:3001/ -> net::ERR_CONNECTION_REFUSED
2022-05-25 15:58:56 ERROR    Failure: 46822577063395887337747847899479931724 : http://localhost:3001/ -> Failed to load resource: net::ERR_CONNECTION_REFUSED
2022-05-25 15:59:08 ERROR    Failure: 223684313413012242652925975724179693671 : http://localhost:3001/ -> net::ERR_CONNECTION_REFUSED
2022-05-25 15:59:08 ERROR    Failure: 46822577063395887337747847899479931724 : http://localhost:3001/ -> Failed to load resource: net::ERR_CONNECTION_REFUSED
2022-05-25 15:59:19 ERROR    Failure: 223684313413012242652925975724179693671 : http://localhost:3001/ -> net::ERR_CONNECTION_REFUSED
2022-05-25 15:59:19 ERROR    Failure: 46822577063395887337747847899479931724 : http://localhost:3001/ -> Failed to load resource: net::ERR_CONNECTION_REFUSED
2022-05-25 15:59:25 ERROR    Failure: 223684313413012242652925975724179693671 : http://localhost:3001/ -> net::ERR_CONNECTION_REFUSED
2022-05-25 15:59:25 ERROR    Failure: 46822577063395887337747847899479931724 : http://localhost:3001/ -> Failed to load resource: net::ERR_CONNECTION_REFUSED
2022-05-25 15:59:28 ERROR    Failure: 262513326802567628094931167029883077585 : http://localhost:3001/wallets -> net::ERR_ABORTED
2022-05-25 15:59:34 ERROR    Failure: 223684313413012242652925975724179693671 : http://localhost:3001/ -> net::ERR_CONNECTION_REFUSED
2022-05-25 15:59:34 ERROR    Failure: 46822577063395887337747847899479931724 : http://localhost:3001/ -> Failed to load resource: net::ERR_CONNECTION_REFUSED
2022-05-25 15:59:43 ERROR    Failure: 223684313413012242652925975724179693671 : http://localhost:3001/ -> net::ERR_CONNECTION_REFUSED
2022-05-25 15:59:43 ERROR    Failure: 46822577063395887337747847899479931724 : http://localhost:3001/ -> Failed to load resource: net::ERR_CONNECTION_REFUSED
2022-05-25 15:59:50 ERROR    Failure: 223684313413012242652925975724179693671 : http://localhost:3001/ -> net::ERR_CONNECTION_REFUSED
2022-05-25 15:59:50 ERROR    Failure: 46822577063395887337747847899479931724 : http://localhost:3001/ -> Failed to load resource: net::ERR_CONNECTION_REFUSED
2022-05-25 16:00:01 ERROR    Failure: 223684313413012242652925975724179693671 : http://localhost:3001/ -> net::ERR_CONNECTION_REFUSED
2022-05-25 16:00:01 ERROR    Failure: 46822577063395887337747847899479931724 : http://localhost:3001/ -> Failed to load resource: net::ERR_CONNECTION_REFUSED
2022-05-25 16:00:04 ERROR    Failure: 262513326802567628094931167029883077585 : http://localhost:3001/wallets -> net::ERR_ABORTED
2022-05-25 16:00:11 ERROR    Failure: 223684313413012242652925975724179693671 : http://localhost:3001/ -> net::ERR_CONNECTION_REFUSED
2022-05-25 16:00:11 ERROR    Failure: 46822577063395887337747847899479931724 : http://localhost:3001/ -> Failed to load resource: net::ERR_CONNECTION_REFUSED
2022-05-25 16:00:17 ERROR    Failure: 262513326802567628094931167029883077585 : http://localhost:3001/wallets -> net::ERR_ABORTED
2022-05-25 16:00:22 ERROR    Failure: 223684313413012242652925975724179693671 : http://localhost:3001/ -> net::ERR_CONNECTION_REFUSED
2022-05-25 16:00:22 ERROR    Failure: 46822577063395887337747847899479931724 : http://localhost:3001/ -> Failed to load resource: net::ERR_CONNECTION_REFUSED
2022-05-25 16:00:28 ERROR    Failure: 223684313413012242652925975724179693671 : http://localhost:3001/ -> net::ERR_CONNECTION_REFUSED
2022-05-25 16:00:28 ERROR    Failure: 46822577063395887337747847899479931724 : http://localhost:3001/ -> Failed to load resource: net::ERR_CONNECTION_REFUSED
2022-05-25 16:00:32 ERROR    Failure: 223684313413012242652925975724179693671 : http://localhost:3001/ -> net::ERR_CONNECTION_REFUSED
2022-05-25 16:00:32 ERROR    Failure: 46822577063395887337747847899479931724 : http://localhost:3001/ -> Failed to load resource: net::ERR_CONNECTION_REFUSED
2022-05-25 16:00:36 ERROR    Failure: 262513326802567628094931167029883077585 : http://localhost:3001/wallets -> net::ERR_ABORTED
2022-05-25 16:00:39 ERROR    Failure: 262513326802567628094931167029883077585 : http://localhost:3001/wallets -> net::ERR_ABORTED
2022-05-25 16:00:39 ERROR    Failure: 223684313413012242652925975724179693671 : http://localhost:3001/ -> net::ERR_CONNECTION_REFUSED
2022-05-25 16:00:39 ERROR    Failure: 46822577063395887337747847899479931724 : http://localhost:3001/ -> Failed to load resource: net::ERR_CONNECTION_REFUSED
2022-05-25 16:00:51 ERROR    Failure: 223684313413012242652925975724179693671 : http://localhost:3001/ -> net::ERR_CONNECTION_REFUSED
2022-05-25 16:00:51 ERROR    Failure: 46822577063395887337747847899479931724 : http://localhost:3001/ -> Failed to load resource: net::ERR_CONNECTION_REFUSED
2022-05-25 16:00:59 ERROR    Failure: 223684313413012242652925975724179693671 : http://localhost:3001/ -> net::ERR_CONNECTION_REFUSED
2022-05-25 16:00:59 ERROR    Failure: 46822577063395887337747847899479931724 : http://localhost:3001/ -> Failed to load resource: net::ERR_CONNECTION_REFUSED
2022-05-25 16:01:08 ERROR    Failure: 223684313413012242652925975724179693671 : http://localhost:3001/ -> net::ERR_CONNECTION_REFUSED
2022-05-25 16:01:08 ERROR    Failure: 46822577063395887337747847899479931724 : http://localhost:3001/ -> Failed to load resource: net::ERR_CONNECTION_REFUSED
2022-05-25 16:01:22 ERROR    Failure: 223684313413012242652925975724179693671 : http://localhost:3001/ -> net::ERR_CONNECTION_REFUSED
2022-05-25 16:01:22 ERROR    Failure: 46822577063395887337747847899479931724 : http://localhost:3001/ -> Failed to load resource: net::ERR_CONNECTION_REFUSED
2022-05-25 16:01:31 ERROR    Failure: 223684313413012242652925975724179693671 : http://localhost:3001/ -> net::ERR_CONNECTION_REFUSED
2022-05-25 16:01:31 ERROR    Failure: 46822577063395887337747847899479931724 : http://localhost:3001/ -> Failed to load resource: net::ERR_CONNECTION_REFUSED
2022-05-25 16:01:41 ERROR    Failure: 223684313413012242652925975724179693671 : http://localhost:3001/ -> net::ERR_CONNECTION_REFUSED
2022-05-25 16:01:41 ERROR    Failure: 46822577063395887337747847899479931724 : http://localhost:3001/ -> Failed to load resource: net::ERR_CONNECTION_REFUSED
2022-05-25 16:01:44 ERROR    Failure: 262513326802567628094931167029883077585 : http://localhost:3001/wallets -> net::ERR_ABORTED
2022-05-25 16:01:52 ERROR    Failure: 223684313413012242652925975724179693671 : http://localhost:3001/ -> net::ERR_CONNECTION_REFUSED
2022-05-25 16:01:52 ERROR    Failure: 46822577063395887337747847899479931724 : http://localhost:3001/ -> Failed to load resource: net::ERR_CONNECTION_REFUSED
2022-05-25 16:02:04 ERROR    Failure: 223684313413012242652925975724179693671 : http://localhost:3001/ -> net::ERR_CONNECTION_REFUSED
2022-05-25 16:02:04 ERROR    Failure: 46822577063395887337747847899479931724 : http://localhost:3001/ -> Failed to load resource: net::ERR_CONNECTION_REFUSED
2022-05-25 16:02:14 ERROR    Failure: 223684313413012242652925975724179693671 : http://localhost:3001/ -> net::ERR_CONNECTION_REFUSED
2022-05-25 16:02:14 ERROR    Failure: 46822577063395887337747847899479931724 : http://localhost:3001/ -> Failed to load resource: net::ERR_CONNECTION_REFUSED
2022-05-25 16:02:20 ERROR    Failure: 262513326802567628094931167029883077585 : http://localhost:3001/wallets -> net::ERR_ABORTED
2022-05-25 16:02:26 ERROR    Failure: 223684313413012242652925975724179693671 : http://localhost:3001/ -> net::ERR_CONNECTION_REFUSED
2022-05-25 16:02:26 ERROR    Failure: 46822577063395887337747847899479931724 : http://localhost:3001/ -> Failed to load resource: net::ERR_CONNECTION_REFUSED
2022-05-25 16:02:33 ERROR    Failure: 262513326802567628094931167029883077585 : http://localhost:3001/profile -> net::ERR_ABORTED
2022-05-25 16:02:36 ERROR    Failure: 223684313413012242652925975724179693671 : http://localhost:3001/ -> net::ERR_CONNECTION_REFUSED
2022-05-25 16:02:36 ERROR    Failure: 46822577063395887337747847899479931724 : http://localhost:3001/ -> Failed to load resource: net::ERR_CONNECTION_REFUSED
2022-05-25 16:02:49 ERROR    Failure: 223684313413012242652925975724179693671 : http://localhost:3001/ -> net::ERR_CONNECTION_REFUSED
2022-05-25 16:02:49 ERROR    Failure: 46822577063395887337747847899479931724 : http://localhost:3001/ -> Failed to load resource: net::ERR_CONNECTION_REFUSED
2022-05-25 16:02:57 ERROR    Failure: 223684313413012242652925975724179693671 : http://localhost:3001/ -> net::ERR_CONNECTION_REFUSED
2022-05-25 16:02:57 ERROR    Failure: 46822577063395887337747847899479931724 : http://localhost:3001/ -> Failed to load resource: net::ERR_CONNECTION_REFUSED
2022-05-25 16:03:04 ERROR    Failure: 262513326802567628094931167029883077585 : http://localhost:3001/plans -> net::ERR_ABORTED
2022-05-25 16:03:04 ERROR    Failure: 262513326802567628094931167029883077585 : http://localhost:3001/plans -> net::ERR_ABORTED
2022-05-25 16:03:08 ERROR    Failure: 223684313413012242652925975724179693671 : http://localhost:3001/ -> net::ERR_CONNECTION_REFUSED
2022-05-25 16:03:08 ERROR    Failure: 46822577063395887337747847899479931724 : http://localhost:3001/ -> Failed to load resource: net::ERR_CONNECTION_REFUSED
2022-05-25 16:03:19 ERROR    Failure: 223684313413012242652925975724179693671 : http://localhost:3001/ -> net::ERR_CONNECTION_REFUSED
2022-05-25 16:03:19 ERROR    Failure: 46822577063395887337747847899479931724 : http://localhost:3001/ -> Failed to load resource: net::ERR_CONNECTION_REFUSED
2022-05-25 16:03:23 ERROR    Failure: 223684313413012242652925975724179693671 : http://localhost:3001/ -> net::ERR_CONNECTION_REFUSED
2022-05-25 16:03:23 ERROR    Failure: 46822577063395887337747847899479931724 : http://localhost:3001/ -> Failed to load resource: net::ERR_CONNECTION_REFUSED
2022-05-25 16:03:33 ERROR    Failure: 223684313413012242652925975724179693671 : http://localhost:3001/ -> net::ERR_CONNECTION_REFUSED
2022-05-25 16:03:33 ERROR    Failure: 46822577063395887337747847899479931724 : http://localhost:3001/ -> Failed to load resource: net::ERR_CONNECTION_REFUSED
2022-05-25 16:03:41 ERROR    Failure: 223684313413012242652925975724179693671 : http://localhost:3001/ -> net::ERR_CONNECTION_REFUSED
2022-05-25 16:03:41 ERROR    Failure: 46822577063395887337747847899479931724 : http://localhost:3001/ -> Failed to load resource: net::ERR_CONNECTION_REFUSED
2022-05-25 16:03:53 ERROR    Failure: 223684313413012242652925975724179693671 : http://localhost:3001/ -> net::ERR_CONNECTION_REFUSED
2022-05-25 16:03:53 ERROR    Failure: 46822577063395887337747847899479931724 : http://localhost:3001/ -> Failed to load resource: net::ERR_CONNECTION_REFUSED
2022-05-25 16:03:58 ERROR    Failure: 244380854607818280429043870923574460711 : http://localhost:3001/plans -> net::ERR_NAME_NOT_RESOLVED
2022-05-25 16:03:59 ERROR    Failure: 223684313413012242652925975724179693671 : http://localhost:3001/ -> net::ERR_CONNECTION_REFUSED
2022-05-25 16:03:59 ERROR    Failure: 46822577063395887337747847899479931724 : http://localhost:3001/ -> Failed to load resource: net::ERR_CONNECTION_REFUSED
2022-05-25 16:04:04 ERROR    Failure: 223684313413012242652925975724179693671 : http://localhost:3001/ -> net::ERR_CONNECTION_REFUSED
2022-05-25 16:04:04 ERROR    Failure: 46822577063395887337747847899479931724 : http://localhost:3001/ -> Failed to load resource: net::ERR_CONNECTION_REFUSED
2022-05-25 16:04:11 ERROR    Failure: 223684313413012242652925975724179693671 : http://localhost:3001/ -> net::ERR_CONNECTION_REFUSED
2022-05-25 16:04:11 ERROR    Failure: 46822577063395887337747847899479931724 : http://localhost:3001/ -> Failed to load resource: net::ERR_CONNECTION_REFUSED
2022-05-25 16:04:22 ERROR    Failure: 223684313413012242652925975724179693671 : http://localhost:3001/ -> net::ERR_CONNECTION_REFUSED
2022-05-25 16:04:22 ERROR    Failure: 46822577063395887337747847899479931724 : http://localhost:3001/ -> Failed to load resource: net::ERR_CONNECTION_REFUSED
2022-05-25 16:04:34 ERROR    Failure: 223684313413012242652925975724179693671 : http://localhost:3001/ -> net::ERR_CONNECTION_REFUSED
2022-05-25 16:04:34 ERROR    Failure: 46822577063395887337747847899479931724 : http://localhost:3001/ -> Failed to load resource: net::ERR_CONNECTION_REFUSED
2022-05-25 16:04:47 ERROR    Failure: 223684313413012242652925975724179693671 : http://localhost:3001/ -> net::ERR_CONNECTION_REFUSED
2022-05-25 16:04:47 ERROR    Failure: 46822577063395887337747847899479931724 : http://localhost:3001/ -> Failed to load resource: net::ERR_CONNECTION_REFUSED
2022-05-25 16:04:53 ERROR    Failure: 223684313413012242652925975724179693671 : http://localhost:3001/ -> net::ERR_CONNECTION_REFUSED
2022-05-25 16:04:53 ERROR    Failure: 46822577063395887337747847899479931724 : http://localhost:3001/ -> Failed to load resource: net::ERR_CONNECTION_REFUSED
2022-05-25 16:05:04 ERROR    Failure: 244380854607818280429043870923574460711 : http://localhost:3001/plans -> net::ERR_NAME_NOT_RESOLVED
2022-05-25 16:05:04 ERROR    Failure: 223684313413012242652925975724179693671 : http://localhost:3001/ -> net::ERR_CONNECTION_REFUSED
2022-05-25 16:05:04 ERROR    Failure: 46822577063395887337747847899479931724 : http://localhost:3001/ -> Failed to load resource: net::ERR_CONNECTION_REFUSED
2022-05-25 16:05:10 ERROR    Failure: 262513326802567628094931167029883077585 : http://localhost:3001/wallets/97 -> net::ERR_ABORTED
2022-05-25 16:05:15 ERROR    Failure: 223684313413012242652925975724179693671 : http://localhost:3001/ -> net::ERR_CONNECTION_REFUSED
2022-05-25 16:05:15 ERROR    Failure: 46822577063395887337747847899479931724 : http://localhost:3001/ -> Failed to load resource: net::ERR_CONNECTION_REFUSED
2022-05-25 16:05:26 ERROR    Failure: 223684313413012242652925975724179693671 : http://localhost:3001/ -> net::ERR_CONNECTION_REFUSED
2022-05-25 16:05:26 ERROR    Failure: 46822577063395887337747847899479931724 : http://localhost:3001/ -> Failed to load resource: net::ERR_CONNECTION_REFUSED
2022-05-25 16:05:39 ERROR    Failure: 223684313413012242652925975724179693671 : http://localhost:3001/ -> net::ERR_CONNECTION_REFUSED
2022-05-25 16:05:39 ERROR    Failure: 46822577063395887337747847899479931724 : http://localhost:3001/ -> Failed to load resource: net::ERR_CONNECTION_REFUSED
2022-05-25 16:05:42 ERROR    Failure: 262513326802567628094931167029883077585 : http://localhost:3001/wallets -> net::ERR_ABORTED
2022-05-25 16:05:44 ERROR    Failure: 223684313413012242652925975724179693671 : http://localhost:3001/ -> net::ERR_CONNECTION_REFUSED
2022-05-25 16:05:44 ERROR    Failure: 46822577063395887337747847899479931724 : http://localhost:3001/ -> Failed to load resource: net::ERR_CONNECTION_REFUSED
2022-05-25 16:05:53 ERROR    Failure: 223684313413012242652925975724179693671 : http://localhost:3001/ -> net::ERR_CONNECTION_REFUSED
2022-05-25 16:05:53 ERROR    Failure: 46822577063395887337747847899479931724 : http://localhost:3001/ -> Failed to load resource: net::ERR_CONNECTION_REFUSED
2022-05-25 16:06:02 ERROR    Failure: 223684313413012242652925975724179693671 : http://localhost:3001/ -> net::ERR_CONNECTION_REFUSED
2022-05-25 16:06:02 ERROR    Failure: 46822577063395887337747847899479931724 : http://localhost:3001/ -> Failed to load resource: net::ERR_CONNECTION_REFUSED
2022-05-25 16:06:07 ERROR    Failure: 223684313413012242652925975724179693671 : http://localhost:3001/ -> net::ERR_CONNECTION_REFUSED
2022-05-25 16:06:07 ERROR    Failure: 46822577063395887337747847899479931724 : http://localhost:3001/ -> Failed to load resource: net::ERR_CONNECTION_REFUSED
2022-05-25 16:06:16 ERROR    Failure: 262513326802567628094931167029883077585 : http://localhost:3001/wallets/98 -> net::ERR_ABORTED
2022-05-25 16:06:18 ERROR    Failure: 223684313413012242652925975724179693671 : http://localhost:3001/ -> net::ERR_CONNECTION_REFUSED
2022-05-25 16:06:18 ERROR    Failure: 46822577063395887337747847899479931724 : http://localhost:3001/ -> Failed to load resource: net::ERR_CONNECTION_REFUSED
2022-05-25 16:06:26 ERROR    Failure: 262513326802567628094931167029883077585 : http://localhost:3001/ -> net::ERR_ABORTED
2022-05-25 16:06:28 ERROR    Failure: 223684313413012242652925975724179693671 : http://localhost:3001/ -> net::ERR_CONNECTION_REFUSED
2022-05-25 16:06:28 ERROR    Failure: 46822577063395887337747847899479931724 : http://localhost:3001/ -> Failed to load resource: net::ERR_CONNECTION_REFUSED
2022-05-25 16:06:30 ERROR    Failure: 262513326802567628094931167029883077585 : http://localhost:3001/ -> net::ERR_ABORTED
2022-05-25 16:06:38 ERROR    Failure: 223684313413012242652925975724179693671 : http://localhost:3001/ -> net::ERR_CONNECTION_REFUSED
2022-05-25 16:06:38 ERROR    Failure: 46822577063395887337747847899479931724 : http://localhost:3001/ -> Failed to load resource: net::ERR_CONNECTION_REFUSED
2022-05-25 16:06:49 ERROR    Failure: 223684313413012242652925975724179693671 : http://localhost:3001/ -> net::ERR_CONNECTION_REFUSED
2022-05-25 16:06:49 ERROR    Failure: 46822577063395887337747847899479931724 : http://localhost:3001/ -> Failed to load resource: net::ERR_CONNECTION_REFUSED
2022-05-25 16:07:01 ERROR    Failure: 223684313413012242652925975724179693671 : http://localhost:3001/ -> net::ERR_CONNECTION_REFUSED
2022-05-25 16:07:01 ERROR    Failure: 46822577063395887337747847899479931724 : http://localhost:3001/ -> Failed to load resource: net::ERR_CONNECTION_REFUSED
2022-05-25 16:07:11 ERROR    Failure: 223684313413012242652925975724179693671 : http://localhost:3001/ -> net::ERR_CONNECTION_REFUSED
2022-05-25 16:07:11 ERROR    Failure: 46822577063395887337747847899479931724 : http://localhost:3001/ -> Failed to load resource: net::ERR_CONNECTION_REFUSED
2022-05-25 16:07:16 ERROR    Failure: 262513326802567628094931167029883077585 : http://localhost:3001/wallets -> net::ERR_ABORTED
2022-05-25 16:07:19 ERROR    Failure: 223684313413012242652925975724179693671 : http://localhost:3001/ -> net::ERR_CONNECTION_REFUSED
2022-05-25 16:07:19 ERROR    Failure: 46822577063395887337747847899479931724 : http://localhost:3001/ -> Failed to load resource: net::ERR_CONNECTION_REFUSED
2022-05-25 16:07:31 ERROR    Failure: 223684313413012242652925975724179693671 : http://localhost:3001/ -> net::ERR_CONNECTION_REFUSED
2022-05-25 16:07:31 ERROR    Failure: 46822577063395887337747847899479931724 : http://localhost:3001/ -> Failed to load resource: net::ERR_CONNECTION_REFUSED
2022-05-25 16:07:43 ERROR    Failure: 223684313413012242652925975724179693671 : http://localhost:3001/ -> net::ERR_CONNECTION_REFUSED
2022-05-25 16:07:43 ERROR    Failure: 46822577063395887337747847899479931724 : http://localhost:3001/ -> Failed to load resource: net::ERR_CONNECTION_REFUSED
2022-05-25 16:07:56 ERROR    Failure: 223684313413012242652925975724179693671 : http://localhost:3001/ -> net::ERR_CONNECTION_REFUSED
2022-05-25 16:07:56 ERROR    Failure: 46822577063395887337747847899479931724 : http://localhost:3001/ -> Failed to load resource: net::ERR_CONNECTION_REFUSED
2022-05-25 16:08:09 ERROR    Failure: 223684313413012242652925975724179693671 : http://localhost:3001/ -> net::ERR_CONNECTION_REFUSED
2022-05-25 16:08:09 ERROR    Failure: 46822577063395887337747847899479931724 : http://localhost:3001/ -> Failed to load resource: net::ERR_CONNECTION_REFUSED
2022-05-25 16:08:15 ERROR    Failure: 262513326802567628094931167029883077585 : http://localhost:3001/wallets/105 -> net::ERR_ABORTED
2022-05-25 16:08:18 ERROR    Failure: 223684313413012242652925975724179693671 : http://localhost:3001/ -> net::ERR_CONNECTION_REFUSED
2022-05-25 16:08:18 ERROR    Failure: 46822577063395887337747847899479931724 : http://localhost:3001/ -> Failed to load resource: net::ERR_CONNECTION_REFUSED
2022-05-25 16:08:31 ERROR    Failure: 223684313413012242652925975724179693671 : http://localhost:3001/ -> net::ERR_CONNECTION_REFUSED
2022-05-25 16:08:32 ERROR    Failure: 46822577063395887337747847899479931724 : http://localhost:3001/ -> Failed to load resource: net::ERR_CONNECTION_REFUSED
2022-05-25 16:08:36 ERROR    Failure: 262513326802567628094931167029883077585 : http://localhost:3001/profile -> net::ERR_ABORTED
2022-05-25 16:08:39 ERROR    Failure: 223684313413012242652925975724179693671 : http://localhost:3001/ -> net::ERR_CONNECTION_REFUSED
2022-05-25 16:08:39 ERROR    Failure: 46822577063395887337747847899479931724 : http://localhost:3001/ -> Failed to load resource: net::ERR_CONNECTION_REFUSED
2022-05-25 16:08:49 ERROR    Failure: 223684313413012242652925975724179693671 : http://localhost:3001/ -> net::ERR_CONNECTION_REFUSED
2022-05-25 16:08:49 ERROR    Failure: 46822577063395887337747847899479931724 : http://localhost:3001/ -> Failed to load resource: net::ERR_CONNECTION_REFUSED
2022-05-25 16:09:00 ERROR    Failure: 223684313413012242652925975724179693671 : http://localhost:3001/ -> net::ERR_CONNECTION_REFUSED
2022-05-25 16:09:00 ERROR    Failure: 46822577063395887337747847899479931724 : http://localhost:3001/ -> Failed to load resource: net::ERR_CONNECTION_REFUSED
2022-05-25 16:09:08 ERROR    Failure: 223684313413012242652925975724179693671 : http://localhost:3001/ -> net::ERR_CONNECTION_REFUSED
2022-05-25 16:09:08 ERROR    Failure: 46822577063395887337747847899479931724 : http://localhost:3001/ -> Failed to load resource: net::ERR_CONNECTION_REFUSED
2022-05-25 16:09:21 ERROR    Failure: 223684313413012242652925975724179693671 : http://localhost:3001/ -> net::ERR_CONNECTION_REFUSED
2022-05-25 16:09:21 ERROR    Failure: 46822577063395887337747847899479931724 : http://localhost:3001/ -> Failed to load resource: net::ERR_CONNECTION_REFUSED
2022-05-25 16:09:29 ERROR    Failure: 223684313413012242652925975724179693671 : http://localhost:3001/ -> net::ERR_CONNECTION_REFUSED
2022-05-25 16:09:29 ERROR    Failure: 46822577063395887337747847899479931724 : http://localhost:3001/ -> Failed to load resource: net::ERR_CONNECTION_REFUSED
2022-05-25 16:09:39 ERROR    Failure: 223684313413012242652925975724179693671 : http://localhost:3001/ -> net::ERR_CONNECTION_REFUSED
2022-05-25 16:09:39 ERROR    Failure: 46822577063395887337747847899479931724 : http://localhost:3001/ -> Failed to load resource: net::ERR_CONNECTION_REFUSED
2022-05-25 16:09:47 ERROR    Failure: 262513326802567628094931167029883077585 : http://localhost:3001/wallets -> net::ERR_ABORTED
2022-05-25 16:09:51 ERROR    Failure: 223684313413012242652925975724179693671 : http://localhost:3001/ -> net::ERR_CONNECTION_REFUSED
2022-05-25 16:09:51 ERROR    Failure: 46822577063395887337747847899479931724 : http://localhost:3001/ -> Failed to load resource: net::ERR_CONNECTION_REFUSED
2022-05-25 16:10:02 ERROR    Failure: 223684313413012242652925975724179693671 : http://localhost:3001/ -> net::ERR_CONNECTION_REFUSED
2022-05-25 16:10:02 ERROR    Failure: 46822577063395887337747847899479931724 : http://localhost:3001/ -> Failed to load resource: net::ERR_CONNECTION_REFUSED
2022-05-25 16:10:08 ERROR    Failure: 262513326802567628094931167029883077585 : http://localhost:3001/wallets -> net::ERR_ABORTED
2022-05-25 16:10:15 ERROR    Failure: 223684313413012242652925975724179693671 : http://localhost:3001/ -> net::ERR_CONNECTION_REFUSED
2022-05-25 16:10:15 ERROR    Failure: 46822577063395887337747847899479931724 : http://localhost:3001/ -> Failed to load resource: net::ERR_CONNECTION_REFUSED
2022-05-25 16:10:17 ERROR    Failure: 262513326802567628094931167029883077585 : http://localhost:3001/ -> net::ERR_ABORTED
2022-05-25 16:10:24 ERROR    Failure: 223684313413012242652925975724179693671 : http://localhost:3001/ -> net::ERR_CONNECTION_REFUSED
2022-05-25 16:10:24 ERROR    Failure: 46822577063395887337747847899479931724 : http://localhost:3001/ -> Failed to load resource: net::ERR_CONNECTION_REFUSED
2022-05-25 16:10:36 ERROR    Failure: 223684313413012242652925975724179693671 : http://localhost:3001/ -> net::ERR_CONNECTION_REFUSED
2022-05-25 16:10:36 ERROR    Failure: 46822577063395887337747847899479931724 : http://localhost:3001/ -> Failed to load resource: net::ERR_CONNECTION_REFUSED
2022-05-25 16:10:41 ERROR    Failure: 262513326802567628094931167029883077585 : http://localhost:3001/wallets/110 -> net::ERR_ABORTED
2022-05-25 16:10:46 ERROR    Failure: 223684313413012242652925975724179693671 : http://localhost:3001/ -> net::ERR_CONNECTION_REFUSED
2022-05-25 16:10:46 ERROR    Failure: 46822577063395887337747847899479931724 : http://localhost:3001/ -> Failed to load resource: net::ERR_CONNECTION_REFUSED
2022-05-25 16:10:53 ERROR    Failure: 262513326802567628094931167029883077585 : http://localhost:3001/profile -> net::ERR_ABORTED
2022-05-25 16:10:58 ERROR    Failure: 223684313413012242652925975724179693671 : http://localhost:3001/ -> net::ERR_CONNECTION_REFUSED
2022-05-25 16:10:58 ERROR    Failure: 46822577063395887337747847899479931724 : http://localhost:3001/ -> Failed to load resource: net::ERR_CONNECTION_REFUSED
2022-05-25 16:11:04 ERROR    Failure: 262513326802567628094931167029883077585 : http://localhost:3001/ -> net::ERR_ABORTED
2022-05-25 16:11:08 ERROR    Failure: 223684313413012242652925975724179693671 : http://localhost:3001/ -> net::ERR_CONNECTION_REFUSED
2022-05-25 16:11:08 ERROR    Failure: 46822577063395887337747847899479931724 : http://localhost:3001/ -> Failed to load resource: net::ERR_CONNECTION_REFUSED
2022-05-25 16:11:16 ERROR    Failure: 262513326802567628094931167029883077585 : http://localhost:3001/wallets/113 -> net::ERR_ABORTED
2022-05-25 16:11:17 ERROR    Failure: 223684313413012242652925975724179693671 : http://localhost:3001/ -> net::ERR_CONNECTION_REFUSED
2022-05-25 16:11:17 ERROR    Failure: 46822577063395887337747847899479931724 : http://localhost:3001/ -> Failed to load resource: net::ERR_CONNECTION_REFUSED
2022-05-25 16:11:21 ERROR    Failure: 262513326802567628094931167029883077585 : http://localhost:3001/wallets -> net::ERR_ABORTED
2022-05-25 16:11:25 ERROR    Failure: 223684313413012242652925975724179693671 : http://localhost:3001/ -> net::ERR_CONNECTION_REFUSED
2022-05-25 16:11:25 ERROR    Failure: 46822577063395887337747847899479931724 : http://localhost:3001/ -> Failed to load resource: net::ERR_CONNECTION_REFUSED
2022-05-25 16:11:31 ERROR    Failure: 223684313413012242652925975724179693671 : http://localhost:3001/ -> net::ERR_CONNECTION_REFUSED
2022-05-25 16:11:31 ERROR    Failure: 46822577063395887337747847899479931724 : http://localhost:3001/ -> Failed to load resource: net::ERR_CONNECTION_REFUSED
2022-05-25 16:11:36 ERROR    Failure: 223684313413012242652925975724179693671 : http://localhost:3001/ -> net::ERR_CONNECTION_REFUSED
2022-05-25 16:11:36 ERROR    Failure: 46822577063395887337747847899479931724 : http://localhost:3001/ -> Failed to load resource: net::ERR_CONNECTION_REFUSED
2022-05-25 16:11:42 ERROR    Failure: 223684313413012242652925975724179693671 : http://localhost:3001/ -> net::ERR_CONNECTION_REFUSED
2022-05-25 16:11:42 ERROR    Failure: 46822577063395887337747847899479931724 : http://localhost:3001/ -> Failed to load resource: net::ERR_CONNECTION_REFUSED
2022-05-25 16:11:55 ERROR    Failure: 223684313413012242652925975724179693671 : http://localhost:3001/ -> net::ERR_CONNECTION_REFUSED
2022-05-25 16:11:55 ERROR    Failure: 46822577063395887337747847899479931724 : http://localhost:3001/ -> Failed to load resource: net::ERR_CONNECTION_REFUSED
2022-05-25 16:11:59 ERROR    Failure: 262513326802567628094931167029883077585 : http://localhost:3001/ -> net::ERR_ABORTED
2022-05-25 16:12:03 ERROR    Failure: 223684313413012242652925975724179693671 : http://localhost:3001/ -> net::ERR_CONNECTION_REFUSED
2022-05-25 16:12:03 ERROR    Failure: 46822577063395887337747847899479931724 : http://localhost:3001/ -> Failed to load resource: net::ERR_CONNECTION_REFUSED
2022-05-25 16:12:15 ERROR    Failure: 223684313413012242652925975724179693671 : http://localhost:3001/ -> net::ERR_CONNECTION_REFUSED
2022-05-25 16:12:15 ERROR    Failure: 46822577063395887337747847899479931724 : http://localhost:3001/ -> Failed to load resource: net::ERR_CONNECTION_REFUSED
2022-05-25 16:12:19 ERROR    Failure: 262513326802567628094931167029883077585 : http://localhost:3001/ -> net::ERR_ABORTED
2022-05-25 16:12:24 ERROR    Failure: 223684313413012242652925975724179693671 : http://localhost:3001/ -> net::ERR_CONNECTION_REFUSED
2022-05-25 16:12:24 ERROR    Failure: 46822577063395887337747847899479931724 : http://localhost:3001/ -> Failed to load resource: net::ERR_CONNECTION_REFUSED
2022-05-25 16:12:35 ERROR    Failure: 223684313413012242652925975724179693671 : http://localhost:3001/ -> net::ERR_CONNECTION_REFUSED
2022-05-25 16:12:35 ERROR    Failure: 46822577063395887337747847899479931724 : http://localhost:3001/ -> Failed to load resource: net::ERR_CONNECTION_REFUSED
2022-05-25 16:12:46 ERROR    Failure: 223684313413012242652925975724179693671 : http://localhost:3001/ -> net::ERR_CONNECTION_REFUSED
2022-05-25 16:12:46 ERROR    Failure: 46822577063395887337747847899479931724 : http://localhost:3001/ -> Failed to load resource: net::ERR_CONNECTION_REFUSED
2022-05-25 16:12:50 ERROR    Failure: 223684313413012242652925975724179693671 : http://localhost:3001/ -> net::ERR_CONNECTION_REFUSED
2022-05-25 16:12:50 ERROR    Failure: 46822577063395887337747847899479931724 : http://localhost:3001/ -> Failed to load resource: net::ERR_CONNECTION_REFUSED
2022-05-25 16:12:56 ERROR    Failure: 262513326802567628094931167029883077585 : http://localhost:3001/wallets -> net::ERR_ABORTED
2022-05-25 16:13:02 ERROR    Failure: 223684313413012242652925975724179693671 : http://localhost:3001/ -> net::ERR_CONNECTION_REFUSED
2022-05-25 16:13:02 ERROR    Failure: 46822577063395887337747847899479931724 : http://localhost:3001/ -> Failed to load resource: net::ERR_CONNECTION_REFUSED
2022-05-25 16:13:13 ERROR    Failure: 223684313413012242652925975724179693671 : http://localhost:3001/ -> net::ERR_CONNECTION_REFUSED
2022-05-25 16:13:13 ERROR    Failure: 46822577063395887337747847899479931724 : http://localhost:3001/ -> Failed to load resource: net::ERR_CONNECTION_REFUSED
2022-05-25 16:13:23 ERROR    Failure: 223684313413012242652925975724179693671 : http://localhost:3001/ -> net::ERR_CONNECTION_REFUSED
2022-05-25 16:13:23 ERROR    Failure: 46822577063395887337747847899479931724 : http://localhost:3001/ -> Failed to load resource: net::ERR_CONNECTION_REFUSED
2022-05-25 16:13:30 ERROR    Failure: 222203509631151183416754876323321821974 : http://localhost:3001/ -> Failed to load resource: the server responded with a status of 500 (Internal Server Error)
2022-05-25 16:13:30 ERROR    Failure: 319386708942420011211784974215793760940 : http://localhost:3001/ -> status code(500) -> {"message":"Cannot read property 'auth' of null"}
2022-05-25 16:13:33 ERROR    Failure: 223684313413012242652925975724179693671 : http://localhost:3001/ -> net::ERR_CONNECTION_REFUSED
2022-05-25 16:13:33 ERROR    Failure: 46822577063395887337747847899479931724 : http://localhost:3001/ -> Failed to load resource: net::ERR_CONNECTION_REFUSED
2022-05-25 16:13:37 ERROR    Failure: 223684313413012242652925975724179693671 : http://localhost:3001/ -> net::ERR_CONNECTION_REFUSED
2022-05-25 16:13:37 ERROR    Failure: 46822577063395887337747847899479931724 : http://localhost:3001/ -> Failed to load resource: net::ERR_CONNECTION_REFUSED
2022-05-25 16:13:44 ERROR    Failure: 262513326802567628094931167029883077585 : http://localhost:3001/profile# -> net::ERR_ABORTED
2022-05-25 16:13:46 ERROR    Failure: 223684313413012242652925975724179693671 : http://localhost:3001/ -> net::ERR_CONNECTION_REFUSED
2022-05-25 16:13:46 ERROR    Failure: 46822577063395887337747847899479931724 : http://localhost:3001/ -> Failed to load resource: net::ERR_CONNECTION_REFUSED
2022-05-25 16:13:54 ERROR    Failure: 262513326802567628094931167029883077585 : http://localhost:3001/ -> net::ERR_ABORTED
2022-05-25 16:13:55 ERROR    Failure: 262513326802567628094931167029883077585 : http://localhost:3001/wallets -> net::ERR_ABORTED
2022-05-25 16:13:55 ERROR    Failure: 223684313413012242652925975724179693671 : http://localhost:3001/ -> net::ERR_CONNECTION_REFUSED
2022-05-25 16:13:55 ERROR    Failure: 46822577063395887337747847899479931724 : http://localhost:3001/ -> Failed to load resource: net::ERR_CONNECTION_REFUSED
2022-05-25 16:14:04 ERROR    Failure: 262513326802567628094931167029883077585 : http://localhost:3001/profile# -> net::ERR_ABORTED
2022-05-25 16:14:04 ERROR    Failure: 262513326802567628094931167029883077585 : http://localhost:3001/profile# -> net::ERR_ABORTED
2022-05-25 16:14:05 ERROR    Failure: 223684313413012242652925975724179693671 : http://localhost:3001/ -> net::ERR_CONNECTION_REFUSED
2022-05-25 16:14:05 ERROR    Failure: 46822577063395887337747847899479931724 : http://localhost:3001/ -> Failed to load resource: net::ERR_CONNECTION_REFUSED
2022-05-25 16:14:13 ERROR    Failure: 262513326802567628094931167029883077585 : http://localhost:3001/ -> net::ERR_ABORTED
2022-05-25 16:14:15 ERROR    Failure: 223684313413012242652925975724179693671 : http://localhost:3001/ -> net::ERR_CONNECTION_REFUSED
2022-05-25 16:14:15 ERROR    Failure: 46822577063395887337747847899479931724 : http://localhost:3001/ -> Failed to load resource: net::ERR_CONNECTION_REFUSED
2022-05-25 16:14:23 ERROR    Failure: 223684313413012242652925975724179693671 : http://localhost:3001/ -> net::ERR_CONNECTION_REFUSED
2022-05-25 16:14:23 ERROR    Failure: 46822577063395887337747847899479931724 : http://localhost:3001/ -> Failed to load resource: net::ERR_CONNECTION_REFUSED
2022-05-25 16:14:34 ERROR    Failure: 223684313413012242652925975724179693671 : http://localhost:3001/ -> net::ERR_CONNECTION_REFUSED
2022-05-25 16:14:34 ERROR    Failure: 46822577063395887337747847899479931724 : http://localhost:3001/ -> Failed to load resource: net::ERR_CONNECTION_REFUSED
2022-05-25 16:14:46 ERROR    Failure: 223684313413012242652925975724179693671 : http://localhost:3001/ -> net::ERR_CONNECTION_REFUSED
2022-05-25 16:14:46 ERROR    Failure: 46822577063395887337747847899479931724 : http://localhost:3001/ -> Failed to load resource: net::ERR_CONNECTION_REFUSED
2022-05-25 16:14:52 ERROR    Failure: 223684313413012242652925975724179693671 : http://localhost:3001/ -> net::ERR_CONNECTION_REFUSED
2022-05-25 16:14:52 ERROR    Failure: 46822577063395887337747847899479931724 : http://localhost:3001/ -> Failed to load resource: net::ERR_CONNECTION_REFUSED
2022-05-25 16:15:03 ERROR    Failure: 223684313413012242652925975724179693671 : http://localhost:3001/ -> net::ERR_CONNECTION_REFUSED
2022-05-25 16:15:03 ERROR    Failure: 46822577063395887337747847899479931724 : http://localhost:3001/ -> Failed to load resource: net::ERR_CONNECTION_REFUSED
2022-05-25 16:15:11 ERROR    Failure: 223684313413012242652925975724179693671 : http://localhost:3001/ -> net::ERR_CONNECTION_REFUSED
2022-05-25 16:15:11 ERROR    Failure: 46822577063395887337747847899479931724 : http://localhost:3001/ -> Failed to load resource: net::ERR_CONNECTION_REFUSED
2022-05-25 16:15:23 ERROR    Failure: 223684313413012242652925975724179693671 : http://localhost:3001/ -> net::ERR_CONNECTION_REFUSED
2022-05-25 16:15:23 ERROR    Failure: 46822577063395887337747847899479931724 : http://localhost:3001/ -> Failed to load resource: net::ERR_CONNECTION_REFUSED
2022-05-25 16:15:30 ERROR    Failure: 262513326802567628094931167029883077585 : http://localhost:3001/wallets/136 -> net::ERR_ABORTED
2022-05-25 16:15:32 ERROR    Failure: 223684313413012242652925975724179693671 : http://localhost:3001/ -> net::ERR_CONNECTION_REFUSED
2022-05-25 16:15:32 ERROR    Failure: 46822577063395887337747847899479931724 : http://localhost:3001/ -> Failed to load resource: net::ERR_CONNECTION_REFUSED
2022-05-25 16:15:36 ERROR    Failure: 223684313413012242652925975724179693671 : http://localhost:3001/ -> net::ERR_CONNECTION_REFUSED
2022-05-25 16:15:36 ERROR    Failure: 46822577063395887337747847899479931724 : http://localhost:3001/ -> Failed to load resource: net::ERR_CONNECTION_REFUSED
2022-05-25 16:15:46 ERROR    Failure: 223684313413012242652925975724179693671 : http://localhost:3001/ -> net::ERR_CONNECTION_REFUSED
2022-05-25 16:15:46 ERROR    Failure: 46822577063395887337747847899479931724 : http://localhost:3001/ -> Failed to load resource: net::ERR_CONNECTION_REFUSED
2022-05-25 16:15:57 ERROR    Failure: 223684313413012242652925975724179693671 : http://localhost:3001/ -> net::ERR_CONNECTION_REFUSED
2022-05-25 16:15:57 ERROR    Failure: 46822577063395887337747847899479931724 : http://localhost:3001/ -> Failed to load resource: net::ERR_CONNECTION_REFUSED
2022-05-25 16:16:07 ERROR    Failure: 223684313413012242652925975724179693671 : http://localhost:3001/ -> net::ERR_CONNECTION_REFUSED
2022-05-25 16:16:07 ERROR    Failure: 46822577063395887337747847899479931724 : http://localhost:3001/ -> Failed to load resource: net::ERR_CONNECTION_REFUSED
2022-05-25 16:16:18 ERROR    Failure: 223684313413012242652925975724179693671 : http://localhost:3001/ -> net::ERR_CONNECTION_REFUSED
2022-05-25 16:16:18 ERROR    Failure: 46822577063395887337747847899479931724 : http://localhost:3001/ -> Failed to load resource: net::ERR_CONNECTION_REFUSED
2022-05-25 16:16:32 ERROR    Failure: 223684313413012242652925975724179693671 : http://localhost:3001/ -> net::ERR_CONNECTION_REFUSED
2022-05-25 16:16:32 ERROR    Failure: 46822577063395887337747847899479931724 : http://localhost:3001/ -> Failed to load resource: net::ERR_CONNECTION_REFUSED
2022-05-25 16:16:36 ERROR    Failure: 223684313413012242652925975724179693671 : http://localhost:3001/ -> net::ERR_CONNECTION_REFUSED
2022-05-25 16:16:36 ERROR    Failure: 46822577063395887337747847899479931724 : http://localhost:3001/ -> Failed to load resource: net::ERR_CONNECTION_REFUSED
2022-05-25 16:16:47 ERROR    Failure: 223684313413012242652925975724179693671 : http://localhost:3001/ -> net::ERR_CONNECTION_REFUSED
2022-05-25 16:16:47 ERROR    Failure: 46822577063395887337747847899479931724 : http://localhost:3001/ -> Failed to load resource: net::ERR_CONNECTION_REFUSED
2022-05-25 16:16:57 ERROR    Failure: 223684313413012242652925975724179693671 : http://localhost:3001/ -> net::ERR_CONNECTION_REFUSED
2022-05-25 16:16:57 ERROR    Failure: 46822577063395887337747847899479931724 : http://localhost:3001/ -> Failed to load resource: net::ERR_CONNECTION_REFUSED
2022-05-25 16:17:09 ERROR    Failure: 223684313413012242652925975724179693671 : http://localhost:3001/ -> net::ERR_CONNECTION_REFUSED
2022-05-25 16:17:09 ERROR    Failure: 46822577063395887337747847899479931724 : http://localhost:3001/ -> Failed to load resource: net::ERR_CONNECTION_REFUSED
2022-05-25 16:17:21 ERROR    Failure: 223684313413012242652925975724179693671 : http://localhost:3001/ -> net::ERR_CONNECTION_REFUSED
2022-05-25 16:17:21 ERROR    Failure: 46822577063395887337747847899479931724 : http://localhost:3001/ -> Failed to load resource: net::ERR_CONNECTION_REFUSED
2022-05-25 16:17:26 ERROR    Failure: 262513326802567628094931167029883077585 : http://localhost:3001/wallets -> net::ERR_ABORTED
2022-05-25 16:17:33 ERROR    Failure: 223684313413012242652925975724179693671 : http://localhost:3001/ -> net::ERR_CONNECTION_REFUSED
2022-05-25 16:17:33 ERROR    Failure: 46822577063395887337747847899479931724 : http://localhost:3001/ -> Failed to load resource: net::ERR_CONNECTION_REFUSED
2022-05-25 16:17:38 ERROR    Failure: 223684313413012242652925975724179693671 : http://localhost:3001/ -> net::ERR_CONNECTION_REFUSED
2022-05-25 16:17:38 ERROR    Failure: 46822577063395887337747847899479931724 : http://localhost:3001/ -> Failed to load resource: net::ERR_CONNECTION_REFUSED
2022-05-25 16:17:46 ERROR    Failure: 223684313413012242652925975724179693671 : http://localhost:3001/ -> net::ERR_CONNECTION_REFUSED
2022-05-25 16:17:46 ERROR    Failure: 46822577063395887337747847899479931724 : http://localhost:3001/ -> Failed to load resource: net::ERR_CONNECTION_REFUSED
2022-05-25 16:17:57 ERROR    Failure: 223684313413012242652925975724179693671 : http://localhost:3001/ -> net::ERR_CONNECTION_REFUSED
2022-05-25 16:17:57 ERROR    Failure: 46822577063395887337747847899479931724 : http://localhost:3001/ -> Failed to load resource: net::ERR_CONNECTION_REFUSED
2022-05-25 16:18:08 ERROR    Failure: 223684313413012242652925975724179693671 : http://localhost:3001/ -> net::ERR_CONNECTION_REFUSED
2022-05-25 16:18:08 ERROR    Failure: 46822577063395887337747847899479931724 : http://localhost:3001/ -> Failed to load resource: net::ERR_CONNECTION_REFUSED
2022-05-25 16:18:18 ERROR    Failure: 223684313413012242652925975724179693671 : http://localhost:3001/ -> net::ERR_CONNECTION_REFUSED
2022-05-25 16:18:18 ERROR    Failure: 46822577063395887337747847899479931724 : http://localhost:3001/ -> Failed to load resource: net::ERR_CONNECTION_REFUSED
2022-05-25 16:18:28 ERROR    Failure: 223684313413012242652925975724179693671 : http://localhost:3001/ -> net::ERR_CONNECTION_REFUSED
2022-05-25 16:18:28 ERROR    Failure: 46822577063395887337747847899479931724 : http://localhost:3001/ -> Failed to load resource: net::ERR_CONNECTION_REFUSED
2022-05-25 16:18:41 ERROR    Failure: 223684313413012242652925975724179693671 : http://localhost:3001/ -> net::ERR_CONNECTION_REFUSED
2022-05-25 16:18:41 ERROR    Failure: 46822577063395887337747847899479931724 : http://localhost:3001/ -> Failed to load resource: net::ERR_CONNECTION_REFUSED
2022-05-25 16:18:45 ERROR    Failure: 244380854607818280429043870923574460711 : http://localhost:3001/plans -> net::ERR_NAME_NOT_RESOLVED
2022-05-25 16:18:46 ERROR    Failure: 223684313413012242652925975724179693671 : http://localhost:3001/ -> net::ERR_CONNECTION_REFUSED
2022-05-25 16:18:46 ERROR    Failure: 46822577063395887337747847899479931724 : http://localhost:3001/ -> Failed to load resource: net::ERR_CONNECTION_REFUSED
2022-05-25 16:19:00 ERROR    Failure: 223684313413012242652925975724179693671 : http://localhost:3001/ -> net::ERR_CONNECTION_REFUSED
2022-05-25 16:19:00 ERROR    Failure: 46822577063395887337747847899479931724 : http://localhost:3001/ -> Failed to load resource: net::ERR_CONNECTION_REFUSED
2022-05-25 16:19:13 ERROR    Failure: 223684313413012242652925975724179693671 : http://localhost:3001/ -> net::ERR_CONNECTION_REFUSED
2022-05-25 16:19:13 ERROR    Failure: 46822577063395887337747847899479931724 : http://localhost:3001/ -> Failed to load resource: net::ERR_CONNECTION_REFUSED
2022-05-25 16:19:21 ERROR    Failure: 262513326802567628094931167029883077585 : http://localhost:3001/plans -> net::ERR_ABORTED
2022-05-25 16:19:21 ERROR    Failure: 262513326802567628094931167029883077585 : http://localhost:3001/plans -> net::ERR_ABORTED
2022-05-25 16:19:21 ERROR    Failure: 223684313413012242652925975724179693671 : http://localhost:3001/ -> net::ERR_CONNECTION_REFUSED
2022-05-25 16:19:21 ERROR    Failure: 46822577063395887337747847899479931724 : http://localhost:3001/ -> Failed to load resource: net::ERR_CONNECTION_REFUSED
2022-05-25 16:19:29 ERROR    Failure: 262513326802567628094931167029883077585 : http://localhost:3001/wallets -> net::ERR_ABORTED
2022-05-25 16:19:33 ERROR    Failure: 262513326802567628094931167029883077585 : http://localhost:3001/ -> net::ERR_ABORTED
2022-05-25 16:19:34 ERROR    Failure: 223684313413012242652925975724179693671 : http://localhost:3001/ -> net::ERR_CONNECTION_REFUSED
2022-05-25 16:19:34 ERROR    Failure: 46822577063395887337747847899479931724 : http://localhost:3001/ -> Failed to load resource: net::ERR_CONNECTION_REFUSED
2022-05-25 16:19:47 ERROR    Failure: 223684313413012242652925975724179693671 : http://localhost:3001/ -> net::ERR_CONNECTION_REFUSED
2022-05-25 16:19:47 ERROR    Failure: 46822577063395887337747847899479931724 : http://localhost:3001/ -> Failed to load resource: net::ERR_CONNECTION_REFUSED
2022-05-25 16:19:53 ERROR    Failure: 262513326802567628094931167029883077585 : http://localhost:3001/wallets/152 -> net::ERR_ABORTED
2022-05-25 16:19:55 ERROR    Failure: 223684313413012242652925975724179693671 : http://localhost:3001/ -> net::ERR_CONNECTION_REFUSED
2022-05-25 16:19:55 ERROR    Failure: 46822577063395887337747847899479931724 : http://localhost:3001/ -> Failed to load resource: net::ERR_CONNECTION_REFUSED
2022-05-25 16:20:04 ERROR    Failure: 262513326802567628094931167029883077585 : http://localhost:3001/wallets -> net::ERR_ABORTED
2022-05-25 16:20:06 WARNING  Finished
2022-05-25 16:20:06 WARNING  (Failure Count, Coverage Percentage) : (8, 0.6576416494165491)
2022-05-25 16:20:06 ERROR    223684313413012242652925975724179693671 : http://localhost:3001/ -> net::ERR_CONNECTION_REFUSED
2022-05-25 16:20:06 ERROR    46822577063395887337747847899479931724 : http://localhost:3001/ -> Failed to load resource: net::ERR_CONNECTION_REFUSED
2022-05-25 16:20:06 ERROR    244380854607818280429043870923574460711 : http://localhost:3001/wallets -> net::ERR_NAME_NOT_RESOLVED
2022-05-25 16:20:06 ERROR    262513326802567628094931167029883077585 : http://localhost:3001/profile -> net::ERR_ABORTED
2022-05-25 16:20:06 ERROR    308456024496458010238934008866544207221 : http://localhost:3001/wallets/49 -> views/parts/transactions.js | Waking up
2022-05-25 16:20:06 ERROR    129787747697562552545583625281097726382 : http://localhost:3001/wallets/49 -> views/parts/wallet_plans.js | Waking up
2022-05-25 16:20:06 ERROR    222203509631151183416754876323321821974 : http://localhost:3001/ -> Failed to load resource: the server responded with a status of 500 (Internal Server Error)
2022-05-25 16:20:06 ERROR    319386708942420011211784974215793760940 : http://localhost:3001/ -> status code(500) -> {"message":"Cannot read property 'auth' of null"}
