2022-05-25 15:50:33 WARNING  Starting
2022-05-25 15:50:33 ERROR    Failure: 223684313413012242652925975724179693671 : http://localhost:3001/ -> net::ERR_CONNECTION_REFUSED
2022-05-25 15:50:33 ERROR    Failure: 46822577063395887337747847899479931724 : http://localhost:3001/ -> Failed to load resource: net::ERR_CONNECTION_REFUSED
2022-05-25 15:50:42 ERROR    Failure: 223684313413012242652925975724179693671 : http://localhost:3001/ -> net::ERR_CONNECTION_REFUSED
2022-05-25 15:50:42 ERROR    Failure: 46822577063395887337747847899479931724 : http://localhost:3001/ -> Failed to load resource: net::ERR_CONNECTION_REFUSED
2022-05-25 15:50:46 ERROR    Failure: 244380854607818280429043870923574460711 : http://localhost:3001/wallets -> net::ERR_NAME_NOT_RESOLVED
2022-05-25 15:50:47 ERROR    Failure: 223684313413012242652925975724179693671 : http://localhost:3001/ -> net::ERR_CONNECTION_REFUSED
2022-05-25 15:50:47 ERROR    Failure: 46822577063395887337747847899479931724 : http://localhost:3001/ -> Failed to load resource: net::ERR_CONNECTION_REFUSED
2022-05-25 15:50:53 ERROR    Failure: 223684313413012242652925975724179693671 : http://localhost:3001/ -> net::ERR_CONNECTION_REFUSED
2022-05-25 15:50:53 ERROR    Failure: 46822577063395887337747847899479931724 : http://localhost:3001/ -> Failed to load resource: net::ERR_CONNECTION_REFUSED
2022-05-25 15:51:01 ERROR    Failure: 223684313413012242652925975724179693671 : http://localhost:3001/ -> net::ERR_CONNECTION_REFUSED
2022-05-25 15:51:01 ERROR    Failure: 46822577063395887337747847899479931724 : http://localhost:3001/ -> Failed to load resource: net::ERR_CONNECTION_REFUSED
2022-05-25 15:51:06 ERROR    Failure: 223684313413012242652925975724179693671 : http://localhost:3001/ -> net::ERR_CONNECTION_REFUSED
2022-05-25 15:51:06 ERROR    Failure: 46822577063395887337747847899479931724 : http://localhost:3001/ -> Failed to load resource: net::ERR_CONNECTION_REFUSED
2022-05-25 15:51:16 ERROR    Failure: 223684313413012242652925975724179693671 : http://localhost:3001/ -> net::ERR_CONNECTION_REFUSED
2022-05-25 15:51:16 ERROR    Failure: 46822577063395887337747847899479931724 : http://localhost:3001/ -> Failed to load resource: net::ERR_CONNECTION_REFUSED
2022-05-25 15:51:27 ERROR    Failure: 223684313413012242652925975724179693671 : http://localhost:3001/ -> net::ERR_CONNECTION_REFUSED
2022-05-25 15:51:27 ERROR    Failure: 46822577063395887337747847899479931724 : http://localhost:3001/ -> Failed to load resource: net::ERR_CONNECTION_REFUSED
2022-05-25 15:51:32 ERROR    Failure: 223684313413012242652925975724179693671 : http://localhost:3001/ -> net::ERR_CONNECTION_REFUSED
2022-05-25 15:51:32 ERROR    Failure: 46822577063395887337747847899479931724 : http://localhost:3001/ -> Failed to load resource: net::ERR_CONNECTION_REFUSED
2022-05-25 15:51:38 ERROR    Failure: 262513326802567628094931167029883077585 : http://localhost:3001/wallets -> net::ERR_ABORTED
2022-05-25 15:51:40 ERROR    Failure: 223684313413012242652925975724179693671 : http://localhost:3001/ -> net::ERR_CONNECTION_REFUSED
2022-05-25 15:51:40 ERROR    Failure: 46822577063395887337747847899479931724 : http://localhost:3001/ -> Failed to load resource: net::ERR_CONNECTION_REFUSED
2022-05-25 15:51:49 ERROR    Failure: 223684313413012242652925975724179693671 : http://localhost:3001/ -> net::ERR_CONNECTION_REFUSED
2022-05-25 15:51:49 ERROR    Failure: 46822577063395887337747847899479931724 : http://localhost:3001/ -> Failed to load resource: net::ERR_CONNECTION_REFUSED
2022-05-25 15:51:59 ERROR    Failure: 223684313413012242652925975724179693671 : http://localhost:3001/ -> net::ERR_CONNECTION_REFUSED
2022-05-25 15:51:59 ERROR    Failure: 46822577063395887337747847899479931724 : http://localhost:3001/ -> Failed to load resource: net::ERR_CONNECTION_REFUSED
2022-05-25 15:52:05 ERROR    Failure: 223684313413012242652925975724179693671 : http://localhost:3001/ -> net::ERR_CONNECTION_REFUSED
2022-05-25 15:52:05 ERROR    Failure: 46822577063395887337747847899479931724 : http://localhost:3001/ -> Failed to load resource: net::ERR_CONNECTION_REFUSED
2022-05-25 15:52:14 ERROR    Failure: 308456024496458010238934008866544207221 : http://localhost:3001/wallets/49 -> views/parts/transactions.js | Waking up
2022-05-25 15:52:14 ERROR    Failure: 129787747697562552545583625281097726382 : http://localhost:3001/wallets/49 -> views/parts/wallet_plans.js | Waking up
2022-05-25 15:52:16 ERROR    Failure: 244380854607818280429043870923574460711 : http://localhost:3001/plans -> net::ERR_NAME_NOT_RESOLVED
2022-05-25 15:52:17 ERROR    Failure: 223684313413012242652925975724179693671 : http://localhost:3001/ -> net::ERR_CONNECTION_REFUSED
2022-05-25 15:52:17 ERROR    Failure: 46822577063395887337747847899479931724 : http://localhost:3001/ -> Failed to load resource: net::ERR_CONNECTION_REFUSED
2022-05-25 15:52:27 ERROR    Failure: 223684313413012242652925975724179693671 : http://localhost:3001/ -> net::ERR_CONNECTION_REFUSED
2022-05-25 15:52:27 ERROR    Failure: 46822577063395887337747847899479931724 : http://localhost:3001/ -> Failed to load resource: net::ERR_CONNECTION_REFUSED
2022-05-25 15:52:33 ERROR    Failure: 223684313413012242652925975724179693671 : http://localhost:3001/ -> net::ERR_CONNECTION_REFUSED
2022-05-25 15:52:33 ERROR    Failure: 46822577063395887337747847899479931724 : http://localhost:3001/ -> Failed to load resource: net::ERR_CONNECTION_REFUSED
2022-05-25 15:52:40 ERROR    Failure: 223684313413012242652925975724179693671 : http://localhost:3001/ -> net::ERR_CONNECTION_REFUSED
2022-05-25 15:52:40 ERROR    Failure: 46822577063395887337747847899479931724 : http://localhost:3001/ -> Failed to load resource: net::ERR_CONNECTION_REFUSED
2022-05-25 15:52:43 ERROR    Failure: 262513326802567628094931167029883077585 : http://localhost:3001/ -> net::ERR_ABORTED
2022-05-25 15:52:49 ERROR    Failure: 223684313413012242652925975724179693671 : http://localhost:3001/ -> net::ERR_CONNECTION_REFUSED
2022-05-25 15:52:49 ERROR    Failure: 46822577063395887337747847899479931724 : http://localhost:3001/ -> Failed to load resource: net::ERR_CONNECTION_REFUSED
2022-05-25 15:52:58 ERROR    Failure: 223684313413012242652925975724179693671 : http://localhost:3001/ -> net::ERR_CONNECTION_REFUSED
2022-05-25 15:52:58 ERROR    Failure: 46822577063395887337747847899479931724 : http://localhost:3001/ -> Failed to load resource: net::ERR_CONNECTION_REFUSED
2022-05-25 15:53:07 ERROR    Failure: 223684313413012242652925975724179693671 : http://localhost:3001/ -> net::ERR_CONNECTION_REFUSED
2022-05-25 15:53:07 ERROR    Failure: 46822577063395887337747847899479931724 : http://localhost:3001/ -> Failed to load resource: net::ERR_CONNECTION_REFUSED
2022-05-25 15:53:11 ERROR    Failure: 262513326802567628094931167029883077585 : http://localhost:3001/plans -> net::ERR_ABORTED
2022-05-25 15:53:14 ERROR    Failure: 223684313413012242652925975724179693671 : http://localhost:3001/ -> net::ERR_CONNECTION_REFUSED
2022-05-25 15:53:14 ERROR    Failure: 46822577063395887337747847899479931724 : http://localhost:3001/ -> Failed to load resource: net::ERR_CONNECTION_REFUSED
2022-05-25 15:53:39 ERROR    Failure: 223684313413012242652925975724179693671 : http://localhost:3001/ -> net::ERR_CONNECTION_REFUSED
2022-05-25 15:53:39 ERROR    Failure: 46822577063395887337747847899479931724 : http://localhost:3001/ -> Failed to load resource: net::ERR_CONNECTION_REFUSED
2022-05-25 15:53:51 ERROR    Failure: 223684313413012242652925975724179693671 : http://localhost:3001/ -> net::ERR_CONNECTION_REFUSED
2022-05-25 15:53:51 ERROR    Failure: 46822577063395887337747847899479931724 : http://localhost:3001/ -> Failed to load resource: net::ERR_CONNECTION_REFUSED
2022-05-25 15:54:00 ERROR    Failure: 223684313413012242652925975724179693671 : http://localhost:3001/ -> net::ERR_CONNECTION_REFUSED
2022-05-25 15:54:00 ERROR    Failure: 46822577063395887337747847899479931724 : http://localhost:3001/ -> Failed to load resource: net::ERR_CONNECTION_REFUSED
2022-05-25 15:54:06 ERROR    Failure: 223684313413012242652925975724179693671 : http://localhost:3001/ -> net::ERR_CONNECTION_REFUSED
2022-05-25 15:54:06 ERROR    Failure: 46822577063395887337747847899479931724 : http://localhost:3001/ -> Failed to load resource: net::ERR_CONNECTION_REFUSED
2022-05-25 15:54:13 ERROR    Failure: 223684313413012242652925975724179693671 : http://localhost:3001/ -> net::ERR_CONNECTION_REFUSED
2022-05-25 15:54:13 ERROR    Failure: 46822577063395887337747847899479931724 : http://localhost:3001/ -> Failed to load resource: net::ERR_CONNECTION_REFUSED
2022-05-25 15:54:18 ERROR    Failure: 262513326802567628094931167029883077585 : http://localhost:3001/ -> net::ERR_ABORTED
2022-05-25 15:54:22 ERROR    Failure: 223684313413012242652925975724179693671 : http://localhost:3001/ -> net::ERR_CONNECTION_REFUSED
2022-05-25 15:54:22 ERROR    Failure: 46822577063395887337747847899479931724 : http://localhost:3001/ -> Failed to load resource: net::ERR_CONNECTION_REFUSED
2022-05-25 15:54:29 ERROR    Failure: 223684313413012242652925975724179693671 : http://localhost:3001/ -> net::ERR_CONNECTION_REFUSED
2022-05-25 15:54:29 ERROR    Failure: 46822577063395887337747847899479931724 : http://localhost:3001/ -> Failed to load resource: net::ERR_CONNECTION_REFUSED
2022-05-25 15:54:33 ERROR    Failure: 223684313413012242652925975724179693671 : http://localhost:3001/ -> net::ERR_CONNECTION_REFUSED
2022-05-25 15:54:33 ERROR    Failure: 46822577063395887337747847899479931724 : http://localhost:3001/ -> Failed to load resource: net::ERR_CONNECTION_REFUSED
2022-05-25 15:54:46 ERROR    Failure: 223684313413012242652925975724179693671 : http://localhost:3001/ -> net::ERR_CONNECTION_REFUSED
2022-05-25 15:54:46 ERROR    Failure: 46822577063395887337747847899479931724 : http://localhost:3001/ -> Failed to load resource: net::ERR_CONNECTION_REFUSED
2022-05-25 15:54:56 ERROR    Failure: 223684313413012242652925975724179693671 : http://localhost:3001/ -> net::ERR_CONNECTION_REFUSED
2022-05-25 15:54:56 ERROR    Failure: 46822577063395887337747847899479931724 : http://localhost:3001/ -> Failed to load resource: net::ERR_CONNECTION_REFUSED
2022-05-25 15:55:01 ERROR    Failure: 223684313413012242652925975724179693671 : http://localhost:3001/ -> net::ERR_CONNECTION_REFUSED
2022-05-25 15:55:01 ERROR    Failure: 46822577063395887337747847899479931724 : http://localhost:3001/ -> Failed to load resource: net::ERR_CONNECTION_REFUSED
2022-05-25 15:55:09 ERROR    Failure: 223684313413012242652925975724179693671 : http://localhost:3001/ -> net::ERR_CONNECTION_REFUSED
2022-05-25 15:55:09 ERROR    Failure: 46822577063395887337747847899479931724 : http://localhost:3001/ -> Failed to load resource: net::ERR_CONNECTION_REFUSED
2022-05-25 15:55:17 ERROR    Failure: 223684313413012242652925975724179693671 : http://localhost:3001/ -> net::ERR_CONNECTION_REFUSED
2022-05-25 15:55:17 ERROR    Failure: 46822577063395887337747847899479931724 : http://localhost:3001/ -> Failed to load resource: net::ERR_CONNECTION_REFUSED
2022-05-25 15:55:28 ERROR    Failure: 223684313413012242652925975724179693671 : http://localhost:3001/ -> net::ERR_CONNECTION_REFUSED
2022-05-25 15:55:28 ERROR    Failure: 46822577063395887337747847899479931724 : http://localhost:3001/ -> Failed to load resource: net::ERR_CONNECTION_REFUSED
2022-05-25 15:55:39 ERROR    Failure: 223684313413012242652925975724179693671 : http://localhost:3001/ -> net::ERR_CONNECTION_REFUSED
2022-05-25 15:55:39 ERROR    Failure: 46822577063395887337747847899479931724 : http://localhost:3001/ -> Failed to load resource: net::ERR_CONNECTION_REFUSED
2022-05-25 15:55:46 ERROR    Failure: 223684313413012242652925975724179693671 : http://localhost:3001/ -> net::ERR_CONNECTION_REFUSED
2022-05-25 15:55:46 ERROR    Failure: 46822577063395887337747847899479931724 : http://localhost:3001/ -> Failed to load resource: net::ERR_CONNECTION_REFUSED
2022-05-25 15:55:54 ERROR    Failure: 223684313413012242652925975724179693671 : http://localhost:3001/ -> net::ERR_CONNECTION_REFUSED
2022-05-25 15:55:54 ERROR    Failure: 46822577063395887337747847899479931724 : http://localhost:3001/ -> Failed to load resource: net::ERR_CONNECTION_REFUSED
2022-05-25 15:56:03 ERROR    Failure: 262513326802567628094931167029883077585 : http://localhost:3001/wallets -> net::ERR_ABORTED
2022-05-25 15:56:05 ERROR    Failure: 223684313413012242652925975724179693671 : http://localhost:3001/ -> net::ERR_CONNECTION_REFUSED
2022-05-25 15:56:05 ERROR    Failure: 46822577063395887337747847899479931724 : http://localhost:3001/ -> Failed to load resource: net::ERR_CONNECTION_REFUSED
2022-05-25 15:56:08 ERROR    Failure: 262513326802567628094931167029883077585 : http://localhost:3001/ -> net::ERR_ABORTED
2022-05-25 15:56:14 ERROR    Failure: 223684313413012242652925975724179693671 : http://localhost:3001/ -> net::ERR_CONNECTION_REFUSED
2022-05-25 15:56:14 ERROR    Failure: 46822577063395887337747847899479931724 : http://localhost:3001/ -> Failed to load resource: net::ERR_CONNECTION_REFUSED
2022-05-25 15:56:16 ERROR    Failure: 262513326802567628094931167029883077585 : http://localhost:3001/ -> net::ERR_ABORTED
2022-05-25 15:56:21 ERROR    Failure: 223684313413012242652925975724179693671 : http://localhost:3001/ -> net::ERR_CONNECTION_REFUSED
2022-05-25 15:56:21 ERROR    Failure: 46822577063395887337747847899479931724 : http://localhost:3001/ -> Failed to load resource: net::ERR_CONNECTION_REFUSED
2022-05-25 15:56:25 ERROR    Failure: 223684313413012242652925975724179693671 : http://localhost:3001/ -> net::ERR_CONNECTION_REFUSED
2022-05-25 15:56:25 ERROR    Failure: 46822577063395887337747847899479931724 : http://localhost:3001/ -> Failed to load resource: net::ERR_CONNECTION_REFUSED
2022-05-25 15:56:31 ERROR    Failure: 262513326802567628094931167029883077585 : http://localhost:3001/wallets -> net::ERR_ABORTED
2022-05-25 15:56:32 ERROR    Failure: 223684313413012242652925975724179693671 : http://localhost:3001/ -> net::ERR_CONNECTION_REFUSED
2022-05-25 15:56:33 ERROR    Failure: 46822577063395887337747847899479931724 : http://localhost:3001/ -> Failed to load resource: net::ERR_CONNECTION_REFUSED
2022-05-25 15:56:40 ERROR    Failure: 262513326802567628094931167029883077585 : http://localhost:3001/ -> net::ERR_ABORTED
2022-05-25 15:56:43 ERROR    Failure: 223684313413012242652925975724179693671 : http://localhost:3001/ -> net::ERR_CONNECTION_REFUSED
2022-05-25 15:56:43 ERROR    Failure: 46822577063395887337747847899479931724 : http://localhost:3001/ -> Failed to load resource: net::ERR_CONNECTION_REFUSED
2022-05-25 15:56:52 ERROR    Failure: 223684313413012242652925975724179693671 : http://localhost:3001/ -> net::ERR_CONNECTION_REFUSED
2022-05-25 15:56:52 ERROR    Failure: 46822577063395887337747847899479931724 : http://localhost:3001/ -> Failed to load resource: net::ERR_CONNECTION_REFUSED
2022-05-25 15:56:54 ERROR    Failure: 262513326802567628094931167029883077585 : http://localhost:3001/wallets -> net::ERR_ABORTED
2022-05-25 15:56:57 ERROR    Failure: 223684313413012242652925975724179693671 : http://localhost:3001/ -> net::ERR_CONNECTION_REFUSED
2022-05-25 15:56:57 ERROR    Failure: 46822577063395887337747847899479931724 : http://localhost:3001/ -> Failed to load resource: net::ERR_CONNECTION_REFUSED
2022-05-25 15:57:05 ERROR    Failure: 223684313413012242652925975724179693671 : http://localhost:3001/ -> net::ERR_CONNECTION_REFUSED
2022-05-25 15:57:05 ERROR    Failure: 46822577063395887337747847899479931724 : http://localhost:3001/ -> Failed to load resource: net::ERR_CONNECTION_REFUSED
2022-05-25 15:57:15 ERROR    Failure: 223684313413012242652925975724179693671 : http://localhost:3001/ -> net::ERR_CONNECTION_REFUSED
2022-05-25 15:57:15 ERROR    Failure: 46822577063395887337747847899479931724 : http://localhost:3001/ -> Failed to load resource: net::ERR_CONNECTION_REFUSED
2022-05-25 15:57:25 ERROR    Failure: 223684313413012242652925975724179693671 : http://localhost:3001/ -> net::ERR_CONNECTION_REFUSED
2022-05-25 15:57:25 ERROR    Failure: 46822577063395887337747847899479931724 : http://localhost:3001/ -> Failed to load resource: net::ERR_CONNECTION_REFUSED
2022-05-25 15:57:34 ERROR    Failure: 223684313413012242652925975724179693671 : http://localhost:3001/ -> net::ERR_CONNECTION_REFUSED
2022-05-25 15:57:34 ERROR    Failure: 46822577063395887337747847899479931724 : http://localhost:3001/ -> Failed to load resource: net::ERR_CONNECTION_REFUSED
2022-05-25 15:57:44 ERROR    Failure: 223684313413012242652925975724179693671 : http://localhost:3001/ -> net::ERR_CONNECTION_REFUSED
2022-05-25 15:57:44 ERROR    Failure: 46822577063395887337747847899479931724 : http://localhost:3001/ -> Failed to load resource: net::ERR_CONNECTION_REFUSED
2022-05-25 15:57:55 ERROR    Failure: 223684313413012242652925975724179693671 : http://localhost:3001/ -> net::ERR_CONNECTION_REFUSED
2022-05-25 15:57:55 ERROR    Failure: 46822577063395887337747847899479931724 : http://localhost:3001/ -> Failed to load resource: net::ERR_CONNECTION_REFUSED
2022-05-25 15:57:58 ERROR    Failure: 262513326802567628094931167029883077585 : http://localhost:3001/wallets -> net::ERR_ABORTED
2022-05-25 15:58:00 ERROR    Failure: 223684313413012242652925975724179693671 : http://localhost:3001/ -> net::ERR_CONNECTION_REFUSED
2022-05-25 15:58:00 ERROR    Failure: 46822577063395887337747847899479931724 : http://localhost:3001/ -> Failed to load resource: net::ERR_CONNECTION_REFUSED
2022-05-25 15:58:03 ERROR    Failure: 262513326802567628094931167029883077585 : http://localhost:3001/wallets -> net::ERR_ABORTED
2022-05-25 15:58:04 ERROR    Failure: 262513326802567628094931167029883077585 : http://localhost:3001/plans -> net::ERR_ABORTED
2022-05-25 15:58:06 ERROR    Failure: 223684313413012242652925975724179693671 : http://localhost:3001/ -> net::ERR_CONNECTION_REFUSED
2022-05-25 15:58:06 ERROR    Failure: 46822577063395887337747847899479931724 : http://localhost:3001/ -> Failed to load resource: net::ERR_CONNECTION_REFUSED
2022-05-25 15:58:14 ERROR    Failure: 262513326802567628094931167029883077585 : http://localhost:3001/wallets -> net::ERR_ABORTED
2022-05-25 15:58:18 ERROR    Failure: 223684313413012242652925975724179693671 : http://localhost:3001/ -> net::ERR_CONNECTION_REFUSED
2022-05-25 15:58:18 ERROR    Failure: 46822577063395887337747847899479931724 : http://localhost:3001/ -> Failed to load resource: net::ERR_CONNECTION_REFUSED
2022-05-25 15:58:30 ERROR    Failure: 223684313413012242652925975724179693671 : http://localhost:3001/ -> net::ERR_CONNECTION_REFUSED
2022-05-25 15:58:30 ERROR    Failure: 46822577063395887337747847899479931724 : http://localhost:3001/ -> Failed to load resource: net::ERR_CONNECTION_REFUSED
2022-05-25 15:58:38 ERROR    Failure: 262513326802567628094931167029883077585 : http://localhost:3001/ -> net::ERR_ABORTED
2022-05-25 15:58:38 ERROR    Failure: 223684313413012242652925975724179693671 : http://localhost:3001/ -> net::ERR_CONNECTION_REFUSED
2022-05-25 15:58:38 ERROR    Failure: 46822577063395887337747847899479931724 : http://localhost:3001/ -> Failed to load resource: net::ERR_CONNECTION_REFUSED
2022-05-25 15:58:45 ERROR    Failure: 223684313413012242652925975724179693671 : http://localhost:3001/ -> net::ERR_CONNECTION_REFUSED
2022-05-25 15:58:45 ERROR    Failure: 46822577063395887337747847899479931724 : http://localhost:3001/ -> Failed to load resource: net::ERR_CONNECTION_REFUSED
2022-05-25 15:58:49 ERROR    Failure: 262513326802567628094931167029883077585 : http://localhost:3001/wallets -> net::ERR_ABORTED
2022-05-25 15:58:52 ERROR    Failure: 223684313413012242652925975724179693671 : http://localhost:3001/ -> net::ERR_CONNECTION_REFUSED
2022-05-25 15:58:52 ERROR    Failure: 46822577063395887337747847899479931724 : http://localhost:3001/ -> Failed to load resource: net::ERR_CONNECTION_REFUSED
2022-05-25 15:58:59 ERROR    Failure: 262513326802567628094931167029883077585 : http://localhost:3001/ -> net::ERR_ABORTED
2022-05-25 15:59:01 ERROR    Failure: 223684313413012242652925975724179693671 : http://localhost:3001/ -> net::ERR_CONNECTION_REFUSED
2022-05-25 15:59:01 ERROR    Failure: 46822577063395887337747847899479931724 : http://localhost:3001/ -> Failed to load resource: net::ERR_CONNECTION_REFUSED
2022-05-25 15:59:08 ERROR    Failure: 223684313413012242652925975724179693671 : http://localhost:3001/ -> net::ERR_CONNECTION_REFUSED
2022-05-25 15:59:08 ERROR    Failure: 46822577063395887337747847899479931724 : http://localhost:3001/ -> Failed to load resource: net::ERR_CONNECTION_REFUSED
2022-05-25 15:59:15 ERROR    Failure: 262513326802567628094931167029883077585 : http://localhost:3001/plans -> net::ERR_ABORTED
2022-05-25 15:59:19 ERROR    Failure: 223684313413012242652925975724179693671 : http://localhost:3001/ -> net::ERR_CONNECTION_REFUSED
2022-05-25 15:59:19 ERROR    Failure: 46822577063395887337747847899479931724 : http://localhost:3001/ -> Failed to load resource: net::ERR_CONNECTION_REFUSED
2022-05-25 15:59:29 ERROR    Failure: 223684313413012242652925975724179693671 : http://localhost:3001/ -> net::ERR_CONNECTION_REFUSED
2022-05-25 15:59:29 ERROR    Failure: 46822577063395887337747847899479931724 : http://localhost:3001/ -> Failed to load resource: net::ERR_CONNECTION_REFUSED
2022-05-25 15:59:34 ERROR    Failure: 223684313413012242652925975724179693671 : http://localhost:3001/ -> net::ERR_CONNECTION_REFUSED
2022-05-25 15:59:34 ERROR    Failure: 46822577063395887337747847899479931724 : http://localhost:3001/ -> Failed to load resource: net::ERR_CONNECTION_REFUSED
2022-05-25 15:59:41 ERROR    Failure: 262513326802567628094931167029883077585 : http://localhost:3001/wallets -> net::ERR_ABORTED
2022-05-25 15:59:45 ERROR    Failure: 223684313413012242652925975724179693671 : http://localhost:3001/ -> net::ERR_CONNECTION_REFUSED
2022-05-25 15:59:45 ERROR    Failure: 46822577063395887337747847899479931724 : http://localhost:3001/ -> Failed to load resource: net::ERR_CONNECTION_REFUSED
2022-05-25 15:59:52 ERROR    Failure: 308456024496458010238934008866544207221 : http://localhost:3001/wallets/83 -> views/parts/transactions.js | Waking up
2022-05-25 15:59:52 ERROR    Failure: 129787747697562552545583625281097726382 : http://localhost:3001/wallets/83 -> views/parts/wallet_plans.js | Waking up
2022-05-25 15:59:56 ERROR    Failure: 223684313413012242652925975724179693671 : http://localhost:3001/ -> net::ERR_CONNECTION_REFUSED
2022-05-25 15:59:56 ERROR    Failure: 46822577063395887337747847899479931724 : http://localhost:3001/ -> Failed to load resource: net::ERR_CONNECTION_REFUSED
2022-05-25 16:00:02 ERROR    Failure: 223684313413012242652925975724179693671 : http://localhost:3001/ -> net::ERR_CONNECTION_REFUSED
2022-05-25 16:00:02 ERROR    Failure: 46822577063395887337747847899479931724 : http://localhost:3001/ -> Failed to load resource: net::ERR_CONNECTION_REFUSED
2022-05-25 16:00:13 ERROR    Failure: 223684313413012242652925975724179693671 : http://localhost:3001/ -> net::ERR_CONNECTION_REFUSED
2022-05-25 16:00:13 ERROR    Failure: 46822577063395887337747847899479931724 : http://localhost:3001/ -> Failed to load resource: net::ERR_CONNECTION_REFUSED
2022-05-25 16:00:22 ERROR    Failure: 223684313413012242652925975724179693671 : http://localhost:3001/ -> net::ERR_CONNECTION_REFUSED
2022-05-25 16:00:22 ERROR    Failure: 46822577063395887337747847899479931724 : http://localhost:3001/ -> Failed to load resource: net::ERR_CONNECTION_REFUSED
2022-05-25 16:00:28 ERROR    Failure: 223684313413012242652925975724179693671 : http://localhost:3001/ -> net::ERR_CONNECTION_REFUSED
2022-05-25 16:00:28 ERROR    Failure: 46822577063395887337747847899479931724 : http://localhost:3001/ -> Failed to load resource: net::ERR_CONNECTION_REFUSED
2022-05-25 16:00:38 ERROR    Failure: 223684313413012242652925975724179693671 : http://localhost:3001/ -> net::ERR_CONNECTION_REFUSED
2022-05-25 16:00:38 ERROR    Failure: 46822577063395887337747847899479931724 : http://localhost:3001/ -> Failed to load resource: net::ERR_CONNECTION_REFUSED
2022-05-25 16:00:50 ERROR    Failure: 223684313413012242652925975724179693671 : http://localhost:3001/ -> net::ERR_CONNECTION_REFUSED
2022-05-25 16:00:50 ERROR    Failure: 46822577063395887337747847899479931724 : http://localhost:3001/ -> Failed to load resource: net::ERR_CONNECTION_REFUSED
2022-05-25 16:00:59 ERROR    Failure: 223684313413012242652925975724179693671 : http://localhost:3001/ -> net::ERR_CONNECTION_REFUSED
2022-05-25 16:00:59 ERROR    Failure: 46822577063395887337747847899479931724 : http://localhost:3001/ -> Failed to load resource: net::ERR_CONNECTION_REFUSED
2022-05-25 16:01:06 ERROR    Failure: 223684313413012242652925975724179693671 : http://localhost:3001/ -> net::ERR_CONNECTION_REFUSED
2022-05-25 16:01:06 ERROR    Failure: 46822577063395887337747847899479931724 : http://localhost:3001/ -> Failed to load resource: net::ERR_CONNECTION_REFUSED
2022-05-25 16:01:17 ERROR    Failure: 223684313413012242652925975724179693671 : http://localhost:3001/ -> net::ERR_CONNECTION_REFUSED
2022-05-25 16:01:17 ERROR    Failure: 46822577063395887337747847899479931724 : http://localhost:3001/ -> Failed to load resource: net::ERR_CONNECTION_REFUSED
2022-05-25 16:01:27 ERROR    Failure: 223684313413012242652925975724179693671 : http://localhost:3001/ -> net::ERR_CONNECTION_REFUSED
2022-05-25 16:01:27 ERROR    Failure: 46822577063395887337747847899479931724 : http://localhost:3001/ -> Failed to load resource: net::ERR_CONNECTION_REFUSED
2022-05-25 16:01:38 ERROR    Failure: 223684313413012242652925975724179693671 : http://localhost:3001/ -> net::ERR_CONNECTION_REFUSED
2022-05-25 16:01:38 ERROR    Failure: 46822577063395887337747847899479931724 : http://localhost:3001/ -> Failed to load resource: net::ERR_CONNECTION_REFUSED
2022-05-25 16:01:43 ERROR    Failure: 223684313413012242652925975724179693671 : http://localhost:3001/ -> net::ERR_CONNECTION_REFUSED
2022-05-25 16:01:43 ERROR    Failure: 46822577063395887337747847899479931724 : http://localhost:3001/ -> Failed to load resource: net::ERR_CONNECTION_REFUSED
2022-05-25 16:01:53 ERROR    Failure: 223684313413012242652925975724179693671 : http://localhost:3001/ -> net::ERR_CONNECTION_REFUSED
2022-05-25 16:01:53 ERROR    Failure: 46822577063395887337747847899479931724 : http://localhost:3001/ -> Failed to load resource: net::ERR_CONNECTION_REFUSED
2022-05-25 16:02:02 ERROR    Failure: 223684313413012242652925975724179693671 : http://localhost:3001/ -> net::ERR_CONNECTION_REFUSED
2022-05-25 16:02:02 ERROR    Failure: 46822577063395887337747847899479931724 : http://localhost:3001/ -> Failed to load resource: net::ERR_CONNECTION_REFUSED
2022-05-25 16:02:11 ERROR    Failure: 223684313413012242652925975724179693671 : http://localhost:3001/ -> net::ERR_CONNECTION_REFUSED
2022-05-25 16:02:11 ERROR    Failure: 46822577063395887337747847899479931724 : http://localhost:3001/ -> Failed to load resource: net::ERR_CONNECTION_REFUSED
2022-05-25 16:02:13 ERROR    Failure: 262513326802567628094931167029883077585 : http://localhost:3001/ -> net::ERR_ABORTED
2022-05-25 16:02:21 ERROR    Failure: 223684313413012242652925975724179693671 : http://localhost:3001/ -> net::ERR_CONNECTION_REFUSED
2022-05-25 16:02:21 ERROR    Failure: 46822577063395887337747847899479931724 : http://localhost:3001/ -> Failed to load resource: net::ERR_CONNECTION_REFUSED
2022-05-25 16:02:30 ERROR    Failure: 223684313413012242652925975724179693671 : http://localhost:3001/ -> net::ERR_CONNECTION_REFUSED
2022-05-25 16:02:30 ERROR    Failure: 46822577063395887337747847899479931724 : http://localhost:3001/ -> Failed to load resource: net::ERR_CONNECTION_REFUSED
2022-05-25 16:02:42 ERROR    Failure: 262513326802567628094931167029883077585 : http://localhost:3001/wallets -> net::ERR_ABORTED
2022-05-25 16:02:43 ERROR    Failure: 223684313413012242652925975724179693671 : http://localhost:3001/ -> net::ERR_CONNECTION_REFUSED
2022-05-25 16:02:43 ERROR    Failure: 46822577063395887337747847899479931724 : http://localhost:3001/ -> Failed to load resource: net::ERR_CONNECTION_REFUSED
2022-05-25 16:02:52 ERROR    Failure: 223684313413012242652925975724179693671 : http://localhost:3001/ -> net::ERR_CONNECTION_REFUSED
2022-05-25 16:02:52 ERROR    Failure: 46822577063395887337747847899479931724 : http://localhost:3001/ -> Failed to load resource: net::ERR_CONNECTION_REFUSED
2022-05-25 16:03:01 ERROR    Failure: 223684313413012242652925975724179693671 : http://localhost:3001/ -> net::ERR_CONNECTION_REFUSED
2022-05-25 16:03:01 ERROR    Failure: 46822577063395887337747847899479931724 : http://localhost:3001/ -> Failed to load resource: net::ERR_CONNECTION_REFUSED
2022-05-25 16:03:10 ERROR    Failure: 223684313413012242652925975724179693671 : http://localhost:3001/ -> net::ERR_CONNECTION_REFUSED
2022-05-25 16:03:10 ERROR    Failure: 46822577063395887337747847899479931724 : http://localhost:3001/ -> Failed to load resource: net::ERR_CONNECTION_REFUSED
2022-05-25 16:03:20 ERROR    Failure: 262513326802567628094931167029883077585 : http://localhost:3001/profile -> net::ERR_ABORTED
2022-05-25 16:03:20 ERROR    Failure: 223684313413012242652925975724179693671 : http://localhost:3001/ -> net::ERR_CONNECTION_REFUSED
2022-05-25 16:03:20 ERROR    Failure: 46822577063395887337747847899479931724 : http://localhost:3001/ -> Failed to load resource: net::ERR_CONNECTION_REFUSED
2022-05-25 16:03:28 ERROR    Failure: 262513326802567628094931167029883077585 : http://localhost:3001/plans -> net::ERR_ABORTED
2022-05-25 16:03:31 ERROR    Failure: 223684313413012242652925975724179693671 : http://localhost:3001/ -> net::ERR_CONNECTION_REFUSED
2022-05-25 16:03:31 ERROR    Failure: 46822577063395887337747847899479931724 : http://localhost:3001/ -> Failed to load resource: net::ERR_CONNECTION_REFUSED
2022-05-25 16:03:39 ERROR    Failure: 262513326802567628094931167029883077585 : http://localhost:3001/wallets -> net::ERR_ABORTED
2022-05-25 16:03:43 ERROR    Failure: 223684313413012242652925975724179693671 : http://localhost:3001/ -> net::ERR_CONNECTION_REFUSED
2022-05-25 16:03:43 ERROR    Failure: 46822577063395887337747847899479931724 : http://localhost:3001/ -> Failed to load resource: net::ERR_CONNECTION_REFUSED
2022-05-25 16:03:52 ERROR    Failure: 223684313413012242652925975724179693671 : http://localhost:3001/ -> net::ERR_CONNECTION_REFUSED
2022-05-25 16:03:52 ERROR    Failure: 46822577063395887337747847899479931724 : http://localhost:3001/ -> Failed to load resource: net::ERR_CONNECTION_REFUSED
2022-05-25 16:03:59 ERROR    Failure: 223684313413012242652925975724179693671 : http://localhost:3001/ -> net::ERR_CONNECTION_REFUSED
2022-05-25 16:03:59 ERROR    Failure: 46822577063395887337747847899479931724 : http://localhost:3001/ -> Failed to load resource: net::ERR_CONNECTION_REFUSED
2022-05-25 16:04:07 ERROR    Failure: 223684313413012242652925975724179693671 : http://localhost:3001/ -> net::ERR_CONNECTION_REFUSED
2022-05-25 16:04:07 ERROR    Failure: 46822577063395887337747847899479931724 : http://localhost:3001/ -> Failed to load resource: net::ERR_CONNECTION_REFUSED
2022-05-25 16:04:13 ERROR    Failure: 262513326802567628094931167029883077585 : http://localhost:3001/wallets -> net::ERR_ABORTED
2022-05-25 16:04:15 ERROR    Failure: 262513326802567628094931167029883077585 : http://localhost:3001/ -> net::ERR_ABORTED
2022-05-25 16:04:16 ERROR    Failure: 223684313413012242652925975724179693671 : http://localhost:3001/ -> net::ERR_CONNECTION_REFUSED
2022-05-25 16:04:16 ERROR    Failure: 46822577063395887337747847899479931724 : http://localhost:3001/ -> Failed to load resource: net::ERR_CONNECTION_REFUSED
2022-05-25 16:04:22 ERROR    Failure: 223684313413012242652925975724179693671 : http://localhost:3001/ -> net::ERR_CONNECTION_REFUSED
2022-05-25 16:04:22 ERROR    Failure: 46822577063395887337747847899479931724 : http://localhost:3001/ -> Failed to load resource: net::ERR_CONNECTION_REFUSED
2022-05-25 16:04:32 ERROR    Failure: 223684313413012242652925975724179693671 : http://localhost:3001/ -> net::ERR_CONNECTION_REFUSED
2022-05-25 16:04:32 ERROR    Failure: 46822577063395887337747847899479931724 : http://localhost:3001/ -> Failed to load resource: net::ERR_CONNECTION_REFUSED
2022-05-25 16:04:36 ERROR    Failure: 262513326802567628094931167029883077585 : http://localhost:3001/wallets -> net::ERR_ABORTED
2022-05-25 16:04:41 ERROR    Failure: 262513326802567628094931167029883077585 : http://localhost:3001/profile -> net::ERR_ABORTED
2022-05-25 16:04:42 ERROR    Failure: 223684313413012242652925975724179693671 : http://localhost:3001/ -> net::ERR_CONNECTION_REFUSED
2022-05-25 16:04:42 ERROR    Failure: 46822577063395887337747847899479931724 : http://localhost:3001/ -> Failed to load resource: net::ERR_CONNECTION_REFUSED
2022-05-25 16:04:48 ERROR    Failure: 262513326802567628094931167029883077585 : http://localhost:3001/ -> net::ERR_ABORTED
2022-05-25 16:04:51 ERROR    Failure: 223684313413012242652925975724179693671 : http://localhost:3001/ -> net::ERR_CONNECTION_REFUSED
2022-05-25 16:04:51 ERROR    Failure: 46822577063395887337747847899479931724 : http://localhost:3001/ -> Failed to load resource: net::ERR_CONNECTION_REFUSED
2022-05-25 16:05:00 ERROR    Failure: 223684313413012242652925975724179693671 : http://localhost:3001/ -> net::ERR_CONNECTION_REFUSED
2022-05-25 16:05:00 ERROR    Failure: 46822577063395887337747847899479931724 : http://localhost:3001/ -> Failed to load resource: net::ERR_CONNECTION_REFUSED
2022-05-25 16:05:13 ERROR    Failure: 223684313413012242652925975724179693671 : http://localhost:3001/ -> net::ERR_CONNECTION_REFUSED
2022-05-25 16:05:13 ERROR    Failure: 46822577063395887337747847899479931724 : http://localhost:3001/ -> Failed to load resource: net::ERR_CONNECTION_REFUSED
2022-05-25 16:05:23 ERROR    Failure: 223684313413012242652925975724179693671 : http://localhost:3001/ -> net::ERR_CONNECTION_REFUSED
2022-05-25 16:05:23 ERROR    Failure: 46822577063395887337747847899479931724 : http://localhost:3001/ -> Failed to load resource: net::ERR_CONNECTION_REFUSED
2022-05-25 16:05:27 ERROR    Failure: 262513326802567628094931167029883077585 : http://localhost:3001/plans -> net::ERR_ABORTED
2022-05-25 16:05:28 ERROR    Failure: 244380854607818280429043870923574460711 : http://localhost:3001/plans -> net::ERR_NAME_NOT_RESOLVED
2022-05-25 16:05:28 ERROR    Failure: 223684313413012242652925975724179693671 : http://localhost:3001/ -> net::ERR_CONNECTION_REFUSED
2022-05-25 16:05:28 ERROR    Failure: 46822577063395887337747847899479931724 : http://localhost:3001/ -> Failed to load resource: net::ERR_CONNECTION_REFUSED
2022-05-25 16:05:39 ERROR    Failure: 223684313413012242652925975724179693671 : http://localhost:3001/ -> net::ERR_CONNECTION_REFUSED
2022-05-25 16:05:39 ERROR    Failure: 46822577063395887337747847899479931724 : http://localhost:3001/ -> Failed to load resource: net::ERR_CONNECTION_REFUSED
2022-05-25 16:05:44 ERROR    Failure: 262513326802567628094931167029883077585 : http://localhost:3001/profile# -> net::ERR_ABORTED
2022-05-25 16:05:46 ERROR    Failure: 223684313413012242652925975724179693671 : http://localhost:3001/ -> net::ERR_CONNECTION_REFUSED
2022-05-25 16:05:46 ERROR    Failure: 46822577063395887337747847899479931724 : http://localhost:3001/ -> Failed to load resource: net::ERR_CONNECTION_REFUSED
2022-05-25 16:05:53 ERROR    Failure: 223684313413012242652925975724179693671 : http://localhost:3001/ -> net::ERR_CONNECTION_REFUSED
2022-05-25 16:05:53 ERROR    Failure: 46822577063395887337747847899479931724 : http://localhost:3001/ -> Failed to load resource: net::ERR_CONNECTION_REFUSED
2022-05-25 16:06:03 ERROR    Failure: 223684313413012242652925975724179693671 : http://localhost:3001/ -> net::ERR_CONNECTION_REFUSED
2022-05-25 16:06:03 ERROR    Failure: 46822577063395887337747847899479931724 : http://localhost:3001/ -> Failed to load resource: net::ERR_CONNECTION_REFUSED
2022-05-25 16:06:08 ERROR    Failure: 223684313413012242652925975724179693671 : http://localhost:3001/ -> net::ERR_CONNECTION_REFUSED
2022-05-25 16:06:08 ERROR    Failure: 46822577063395887337747847899479931724 : http://localhost:3001/ -> Failed to load resource: net::ERR_CONNECTION_REFUSED
2022-05-25 16:06:15 ERROR    Failure: 262513326802567628094931167029883077585 : http://localhost:3001/wallets -> net::ERR_ABORTED
2022-05-25 16:06:16 ERROR    Failure: 223684313413012242652925975724179693671 : http://localhost:3001/ -> net::ERR_CONNECTION_REFUSED
2022-05-25 16:06:16 ERROR    Failure: 46822577063395887337747847899479931724 : http://localhost:3001/ -> Failed to load resource: net::ERR_CONNECTION_REFUSED
2022-05-25 16:06:26 ERROR    Failure: 223684313413012242652925975724179693671 : http://localhost:3001/ -> net::ERR_CONNECTION_REFUSED
2022-05-25 16:06:26 ERROR    Failure: 46822577063395887337747847899479931724 : http://localhost:3001/ -> Failed to load resource: net::ERR_CONNECTION_REFUSED
2022-05-25 16:06:28 ERROR    Failure: 262513326802567628094931167029883077585 : http://localhost:3001/wallets -> net::ERR_ABORTED
2022-05-25 16:06:35 ERROR    Failure: 223684313413012242652925975724179693671 : http://localhost:3001/ -> net::ERR_CONNECTION_REFUSED
2022-05-25 16:06:35 ERROR    Failure: 46822577063395887337747847899479931724 : http://localhost:3001/ -> Failed to load resource: net::ERR_CONNECTION_REFUSED
2022-05-25 16:06:39 ERROR    Failure: 223684313413012242652925975724179693671 : http://localhost:3001/ -> net::ERR_CONNECTION_REFUSED
2022-05-25 16:06:39 ERROR    Failure: 46822577063395887337747847899479931724 : http://localhost:3001/ -> Failed to load resource: net::ERR_CONNECTION_REFUSED
2022-05-25 16:06:47 ERROR    Failure: 262513326802567628094931167029883077585 : http://localhost:3001/wallets -> net::ERR_ABORTED
2022-05-25 16:06:50 ERROR    Failure: 223684313413012242652925975724179693671 : http://localhost:3001/ -> net::ERR_CONNECTION_REFUSED
2022-05-25 16:06:50 ERROR    Failure: 46822577063395887337747847899479931724 : http://localhost:3001/ -> Failed to load resource: net::ERR_CONNECTION_REFUSED
2022-05-25 16:06:52 ERROR    Failure: 262513326802567628094931167029883077585 : http://localhost:3001/ -> net::ERR_ABORTED
2022-05-25 16:06:55 ERROR    Failure: 222203509631151183416754876323321821974 : http://localhost:3001/wallets -> Failed to load resource: the server responded with a status of 500 (Internal Server Error)
2022-05-25 16:06:55 ERROR    Failure: 319386708942420011211784974215793760940 : http://localhost:3001/wallets/ -> status code(500) -> {"message":"Cannot read property 'auth' of null"}
2022-05-25 16:07:00 ERROR    Failure: 223684313413012242652925975724179693671 : http://localhost:3001/ -> net::ERR_CONNECTION_REFUSED
2022-05-25 16:07:00 ERROR    Failure: 46822577063395887337747847899479931724 : http://localhost:3001/ -> Failed to load resource: net::ERR_CONNECTION_REFUSED
2022-05-25 16:07:12 ERROR    Failure: 223684313413012242652925975724179693671 : http://localhost:3001/ -> net::ERR_CONNECTION_REFUSED
2022-05-25 16:07:12 ERROR    Failure: 46822577063395887337747847899479931724 : http://localhost:3001/ -> Failed to load resource: net::ERR_CONNECTION_REFUSED
2022-05-25 16:07:24 ERROR    Failure: 223684313413012242652925975724179693671 : http://localhost:3001/ -> net::ERR_CONNECTION_REFUSED
2022-05-25 16:07:24 ERROR    Failure: 46822577063395887337747847899479931724 : http://localhost:3001/ -> Failed to load resource: net::ERR_CONNECTION_REFUSED
2022-05-25 16:07:35 ERROR    Failure: 223684313413012242652925975724179693671 : http://localhost:3001/ -> net::ERR_CONNECTION_REFUSED
2022-05-25 16:07:35 ERROR    Failure: 46822577063395887337747847899479931724 : http://localhost:3001/ -> Failed to load resource: net::ERR_CONNECTION_REFUSED
2022-05-25 16:07:37 ERROR    Failure: 262513326802567628094931167029883077585 : http://localhost:3001/ -> net::ERR_ABORTED
2022-05-25 16:07:42 ERROR    Failure: 223684313413012242652925975724179693671 : http://localhost:3001/ -> net::ERR_CONNECTION_REFUSED
2022-05-25 16:07:42 ERROR    Failure: 46822577063395887337747847899479931724 : http://localhost:3001/ -> Failed to load resource: net::ERR_CONNECTION_REFUSED
2022-05-25 16:07:46 ERROR    Failure: 262513326802567628094931167029883077585 : http://localhost:3001/profile -> net::ERR_ABORTED
2022-05-25 16:07:48 ERROR    Failure: 223684313413012242652925975724179693671 : http://localhost:3001/ -> net::ERR_CONNECTION_REFUSED
2022-05-25 16:07:48 ERROR    Failure: 46822577063395887337747847899479931724 : http://localhost:3001/ -> Failed to load resource: net::ERR_CONNECTION_REFUSED
2022-05-25 16:08:00 ERROR    Failure: 223684313413012242652925975724179693671 : http://localhost:3001/ -> net::ERR_CONNECTION_REFUSED
2022-05-25 16:08:00 ERROR    Failure: 46822577063395887337747847899479931724 : http://localhost:3001/ -> Failed to load resource: net::ERR_CONNECTION_REFUSED
2022-05-25 16:08:12 ERROR    Failure: 223684313413012242652925975724179693671 : http://localhost:3001/ -> net::ERR_CONNECTION_REFUSED
2022-05-25 16:08:12 ERROR    Failure: 46822577063395887337747847899479931724 : http://localhost:3001/ -> Failed to load resource: net::ERR_CONNECTION_REFUSED
2022-05-25 16:08:17 ERROR    Failure: 222203509631151183416754876323321821974 : http://localhost:3001/wallets -> Failed to load resource: the server responded with a status of 500 (Internal Server Error)
2022-05-25 16:08:17 ERROR    Failure: 319386708942420011211784974215793760940 : http://localhost:3001/wallets/ -> status code(500) -> {"message":"Cannot read property 'auth' of null"}
2022-05-25 16:08:20 ERROR    Failure: 222203509631151183416754876323321821974 : http://localhost:3001/ -> Failed to load resource: the server responded with a status of 500 (Internal Server Error)
2022-05-25 16:08:20 ERROR    Failure: 202114869979600768958002716038820202261 : http://localhost:3001/ -> status code(500) -> {"code":"HaveNoRightsError","message":"You have no rights to call this API method with this parameters. Try to check auth hash"}
2022-05-25 16:08:20 ERROR    Failure: 223684313413012242652925975724179693671 : http://localhost:3001/ -> net::ERR_CONNECTION_REFUSED
2022-05-25 16:08:20 ERROR    Failure: 46822577063395887337747847899479931724 : http://localhost:3001/ -> Failed to load resource: net::ERR_CONNECTION_REFUSED
2022-05-25 16:08:31 ERROR    Failure: 223684313413012242652925975724179693671 : http://localhost:3001/ -> net::ERR_CONNECTION_REFUSED
2022-05-25 16:08:31 ERROR    Failure: 46822577063395887337747847899479931724 : http://localhost:3001/ -> Failed to load resource: net::ERR_CONNECTION_REFUSED
2022-05-25 16:08:42 ERROR    Failure: 223684313413012242652925975724179693671 : http://localhost:3001/ -> net::ERR_CONNECTION_REFUSED
2022-05-25 16:08:42 ERROR    Failure: 46822577063395887337747847899479931724 : http://localhost:3001/ -> Failed to load resource: net::ERR_CONNECTION_REFUSED
2022-05-25 16:08:54 ERROR    Failure: 223684313413012242652925975724179693671 : http://localhost:3001/ -> net::ERR_CONNECTION_REFUSED
2022-05-25 16:08:54 ERROR    Failure: 46822577063395887337747847899479931724 : http://localhost:3001/ -> Failed to load resource: net::ERR_CONNECTION_REFUSED
2022-05-25 16:09:02 ERROR    Failure: 223684313413012242652925975724179693671 : http://localhost:3001/ -> net::ERR_CONNECTION_REFUSED
2022-05-25 16:09:02 ERROR    Failure: 46822577063395887337747847899479931724 : http://localhost:3001/ -> Failed to load resource: net::ERR_CONNECTION_REFUSED
2022-05-25 16:09:16 ERROR    Failure: 223684313413012242652925975724179693671 : http://localhost:3001/ -> net::ERR_CONNECTION_REFUSED
2022-05-25 16:09:16 ERROR    Failure: 46822577063395887337747847899479931724 : http://localhost:3001/ -> Failed to load resource: net::ERR_CONNECTION_REFUSED
2022-05-25 16:09:22 ERROR    Failure: 223684313413012242652925975724179693671 : http://localhost:3001/ -> net::ERR_CONNECTION_REFUSED
2022-05-25 16:09:22 ERROR    Failure: 46822577063395887337747847899479931724 : http://localhost:3001/ -> Failed to load resource: net::ERR_CONNECTION_REFUSED
2022-05-25 16:09:30 ERROR    Failure: 223684313413012242652925975724179693671 : http://localhost:3001/ -> net::ERR_CONNECTION_REFUSED
2022-05-25 16:09:30 ERROR    Failure: 46822577063395887337747847899479931724 : http://localhost:3001/ -> Failed to load resource: net::ERR_CONNECTION_REFUSED
2022-05-25 16:09:39 ERROR    Failure: 223684313413012242652925975724179693671 : http://localhost:3001/ -> net::ERR_CONNECTION_REFUSED
2022-05-25 16:09:39 ERROR    Failure: 46822577063395887337747847899479931724 : http://localhost:3001/ -> Failed to load resource: net::ERR_CONNECTION_REFUSED
2022-05-25 16:09:49 ERROR    Failure: 223684313413012242652925975724179693671 : http://localhost:3001/ -> net::ERR_CONNECTION_REFUSED
2022-05-25 16:09:49 ERROR    Failure: 46822577063395887337747847899479931724 : http://localhost:3001/ -> Failed to load resource: net::ERR_CONNECTION_REFUSED
2022-05-25 16:10:02 ERROR    Failure: 223684313413012242652925975724179693671 : http://localhost:3001/ -> net::ERR_CONNECTION_REFUSED
2022-05-25 16:10:02 ERROR    Failure: 46822577063395887337747847899479931724 : http://localhost:3001/ -> Failed to load resource: net::ERR_CONNECTION_REFUSED
2022-05-25 16:10:15 ERROR    Failure: 223684313413012242652925975724179693671 : http://localhost:3001/ -> net::ERR_CONNECTION_REFUSED
2022-05-25 16:10:15 ERROR    Failure: 46822577063395887337747847899479931724 : http://localhost:3001/ -> Failed to load resource: net::ERR_CONNECTION_REFUSED
2022-05-25 16:10:24 ERROR    Failure: 223684313413012242652925975724179693671 : http://localhost:3001/ -> net::ERR_CONNECTION_REFUSED
2022-05-25 16:10:24 ERROR    Failure: 46822577063395887337747847899479931724 : http://localhost:3001/ -> Failed to load resource: net::ERR_CONNECTION_REFUSED
2022-05-25 16:10:30 ERROR    Failure: 262513326802567628094931167029883077585 : http://localhost:3001/wallets -> net::ERR_ABORTED
2022-05-25 16:10:32 ERROR    Failure: 262513326802567628094931167029883077585 : http://localhost:3001/ -> net::ERR_ABORTED
2022-05-25 16:10:33 ERROR    Failure: 223684313413012242652925975724179693671 : http://localhost:3001/ -> net::ERR_CONNECTION_REFUSED
2022-05-25 16:10:33 ERROR    Failure: 46822577063395887337747847899479931724 : http://localhost:3001/ -> Failed to load resource: net::ERR_CONNECTION_REFUSED
2022-05-25 16:10:42 ERROR    Failure: 223684313413012242652925975724179693671 : http://localhost:3001/ -> net::ERR_CONNECTION_REFUSED
2022-05-25 16:10:42 ERROR    Failure: 46822577063395887337747847899479931724 : http://localhost:3001/ -> Failed to load resource: net::ERR_CONNECTION_REFUSED
2022-05-25 16:10:54 ERROR    Failure: 223684313413012242652925975724179693671 : http://localhost:3001/ -> net::ERR_CONNECTION_REFUSED
2022-05-25 16:10:54 ERROR    Failure: 46822577063395887337747847899479931724 : http://localhost:3001/ -> Failed to load resource: net::ERR_CONNECTION_REFUSED
2022-05-25 16:11:06 ERROR    Failure: 223684313413012242652925975724179693671 : http://localhost:3001/ -> net::ERR_CONNECTION_REFUSED
2022-05-25 16:11:06 ERROR    Failure: 46822577063395887337747847899479931724 : http://localhost:3001/ -> Failed to load resource: net::ERR_CONNECTION_REFUSED
2022-05-25 16:11:16 ERROR    Failure: 223684313413012242652925975724179693671 : http://localhost:3001/ -> net::ERR_CONNECTION_REFUSED
2022-05-25 16:11:16 ERROR    Failure: 46822577063395887337747847899479931724 : http://localhost:3001/ -> Failed to load resource: net::ERR_CONNECTION_REFUSED
2022-05-25 16:11:30 ERROR    Failure: 223684313413012242652925975724179693671 : http://localhost:3001/ -> net::ERR_CONNECTION_REFUSED
2022-05-25 16:11:30 ERROR    Failure: 46822577063395887337747847899479931724 : http://localhost:3001/ -> Failed to load resource: net::ERR_CONNECTION_REFUSED
2022-05-25 16:11:36 ERROR    Failure: 223684313413012242652925975724179693671 : http://localhost:3001/ -> net::ERR_CONNECTION_REFUSED
2022-05-25 16:11:36 ERROR    Failure: 46822577063395887337747847899479931724 : http://localhost:3001/ -> Failed to load resource: net::ERR_CONNECTION_REFUSED
2022-05-25 16:11:48 ERROR    Failure: 262513326802567628094931167029883077585 : http://localhost:3001/wallets -> net::ERR_ABORTED
2022-05-25 16:11:48 ERROR    Failure: 223684313413012242652925975724179693671 : http://localhost:3001/ -> net::ERR_CONNECTION_REFUSED
2022-05-25 16:11:48 ERROR    Failure: 46822577063395887337747847899479931724 : http://localhost:3001/ -> Failed to load resource: net::ERR_CONNECTION_REFUSED
2022-05-25 16:12:01 ERROR    Failure: 223684313413012242652925975724179693671 : http://localhost:3001/ -> net::ERR_CONNECTION_REFUSED
2022-05-25 16:12:01 ERROR    Failure: 46822577063395887337747847899479931724 : http://localhost:3001/ -> Failed to load resource: net::ERR_CONNECTION_REFUSED
2022-05-25 16:12:07 ERROR    Failure: 262513326802567628094931167029883077585 : http://localhost:3001/wallets -> net::ERR_ABORTED
2022-05-25 16:12:12 ERROR    Failure: 223684313413012242652925975724179693671 : http://localhost:3001/ -> net::ERR_CONNECTION_REFUSED
2022-05-25 16:12:12 ERROR    Failure: 46822577063395887337747847899479931724 : http://localhost:3001/ -> Failed to load resource: net::ERR_CONNECTION_REFUSED
2022-05-25 16:12:25 ERROR    Failure: 223684313413012242652925975724179693671 : http://localhost:3001/ -> net::ERR_CONNECTION_REFUSED
2022-05-25 16:12:25 ERROR    Failure: 46822577063395887337747847899479931724 : http://localhost:3001/ -> Failed to load resource: net::ERR_CONNECTION_REFUSED
2022-05-25 16:12:37 ERROR    Failure: 223684313413012242652925975724179693671 : http://localhost:3001/ -> net::ERR_CONNECTION_REFUSED
2022-05-25 16:12:37 ERROR    Failure: 46822577063395887337747847899479931724 : http://localhost:3001/ -> Failed to load resource: net::ERR_CONNECTION_REFUSED
2022-05-25 16:12:49 ERROR    Failure: 223684313413012242652925975724179693671 : http://localhost:3001/ -> net::ERR_CONNECTION_REFUSED
2022-05-25 16:12:49 ERROR    Failure: 46822577063395887337747847899479931724 : http://localhost:3001/ -> Failed to load resource: net::ERR_CONNECTION_REFUSED
2022-05-25 16:12:57 ERROR    Failure: 262513326802567628094931167029883077585 : http://localhost:3001/wallets -> net::ERR_ABORTED
2022-05-25 16:13:02 ERROR    Failure: 223684313413012242652925975724179693671 : http://localhost:3001/ -> net::ERR_CONNECTION_REFUSED
2022-05-25 16:13:02 ERROR    Failure: 46822577063395887337747847899479931724 : http://localhost:3001/ -> Failed to load resource: net::ERR_CONNECTION_REFUSED
2022-05-25 16:13:14 ERROR    Failure: 308456024496458010238934008866544207221 : http://localhost:3001/wallets/138 -> views/parts/transactions.js | Waking up
2022-05-25 16:13:14 ERROR    Failure: 129787747697562552545583625281097726382 : http://localhost:3001/wallets/138 -> views/parts/wallet_plans.js | Waking up
2022-05-25 16:13:16 ERROR    Failure: 223684313413012242652925975724179693671 : http://localhost:3001/ -> net::ERR_CONNECTION_REFUSED
2022-05-25 16:13:16 ERROR    Failure: 46822577063395887337747847899479931724 : http://localhost:3001/ -> Failed to load resource: net::ERR_CONNECTION_REFUSED
2022-05-25 16:13:29 ERROR    Failure: 223684313413012242652925975724179693671 : http://localhost:3001/ -> net::ERR_CONNECTION_REFUSED
2022-05-25 16:13:29 ERROR    Failure: 46822577063395887337747847899479931724 : http://localhost:3001/ -> Failed to load resource: net::ERR_CONNECTION_REFUSED
2022-05-25 16:13:42 ERROR    Failure: 223684313413012242652925975724179693671 : http://localhost:3001/ -> net::ERR_CONNECTION_REFUSED
2022-05-25 16:13:42 ERROR    Failure: 46822577063395887337747847899479931724 : http://localhost:3001/ -> Failed to load resource: net::ERR_CONNECTION_REFUSED
2022-05-25 16:13:50 ERROR    Failure: 223684313413012242652925975724179693671 : http://localhost:3001/ -> net::ERR_CONNECTION_REFUSED
2022-05-25 16:13:50 ERROR    Failure: 46822577063395887337747847899479931724 : http://localhost:3001/ -> Failed to load resource: net::ERR_CONNECTION_REFUSED
2022-05-25 16:14:00 ERROR    Failure: 223684313413012242652925975724179693671 : http://localhost:3001/ -> net::ERR_CONNECTION_REFUSED
2022-05-25 16:14:00 ERROR    Failure: 46822577063395887337747847899479931724 : http://localhost:3001/ -> Failed to load resource: net::ERR_CONNECTION_REFUSED
2022-05-25 16:14:06 ERROR    Failure: 262513326802567628094931167029883077585 : http://localhost:3001/wallets -> net::ERR_ABORTED
2022-05-25 16:14:08 ERROR    Failure: 262513326802567628094931167029883077585 : http://localhost:3001/plans -> net::ERR_ABORTED
2022-05-25 16:14:10 ERROR    Failure: 223684313413012242652925975724179693671 : http://localhost:3001/ -> net::ERR_CONNECTION_REFUSED
2022-05-25 16:14:10 ERROR    Failure: 46822577063395887337747847899479931724 : http://localhost:3001/ -> Failed to load resource: net::ERR_CONNECTION_REFUSED
2022-05-25 16:14:21 ERROR    Failure: 223684313413012242652925975724179693671 : http://localhost:3001/ -> net::ERR_CONNECTION_REFUSED
2022-05-25 16:14:21 ERROR    Failure: 46822577063395887337747847899479931724 : http://localhost:3001/ -> Failed to load resource: net::ERR_CONNECTION_REFUSED
2022-05-25 16:14:32 ERROR    Failure: 223684313413012242652925975724179693671 : http://localhost:3001/ -> net::ERR_CONNECTION_REFUSED
2022-05-25 16:14:32 ERROR    Failure: 46822577063395887337747847899479931724 : http://localhost:3001/ -> Failed to load resource: net::ERR_CONNECTION_REFUSED
2022-05-25 16:14:40 ERROR    Failure: 223684313413012242652925975724179693671 : http://localhost:3001/ -> net::ERR_CONNECTION_REFUSED
2022-05-25 16:14:40 ERROR    Failure: 46822577063395887337747847899479931724 : http://localhost:3001/ -> Failed to load resource: net::ERR_CONNECTION_REFUSED
2022-05-25 16:14:42 ERROR    Failure: 262513326802567628094931167029883077585 : http://localhost:3001/ -> net::ERR_ABORTED
2022-05-25 16:14:50 ERROR    Failure: 223684313413012242652925975724179693671 : http://localhost:3001/ -> net::ERR_CONNECTION_REFUSED
2022-05-25 16:14:50 ERROR    Failure: 46822577063395887337747847899479931724 : http://localhost:3001/ -> Failed to load resource: net::ERR_CONNECTION_REFUSED
2022-05-25 16:15:01 ERROR    Failure: 223684313413012242652925975724179693671 : http://localhost:3001/ -> net::ERR_CONNECTION_REFUSED
2022-05-25 16:15:01 ERROR    Failure: 46822577063395887337747847899479931724 : http://localhost:3001/ -> Failed to load resource: net::ERR_CONNECTION_REFUSED
2022-05-25 16:15:10 ERROR    Failure: 223684313413012242652925975724179693671 : http://localhost:3001/ -> net::ERR_CONNECTION_REFUSED
2022-05-25 16:15:10 ERROR    Failure: 46822577063395887337747847899479931724 : http://localhost:3001/ -> Failed to load resource: net::ERR_CONNECTION_REFUSED
2022-05-25 16:15:14 ERROR    Failure: 262513326802567628094931167029883077585 : http://localhost:3001/wallets -> net::ERR_ABORTED
2022-05-25 16:15:18 ERROR    Failure: 262513326802567628094931167029883077585 : http://localhost:3001/wallets -> net::ERR_ABORTED
2022-05-25 16:15:22 ERROR    Failure: 223684313413012242652925975724179693671 : http://localhost:3001/ -> net::ERR_CONNECTION_REFUSED
2022-05-25 16:15:22 ERROR    Failure: 46822577063395887337747847899479931724 : http://localhost:3001/ -> Failed to load resource: net::ERR_CONNECTION_REFUSED
2022-05-25 16:15:35 ERROR    Failure: 223684313413012242652925975724179693671 : http://localhost:3001/ -> net::ERR_CONNECTION_REFUSED
2022-05-25 16:15:35 ERROR    Failure: 46822577063395887337747847899479931724 : http://localhost:3001/ -> Failed to load resource: net::ERR_CONNECTION_REFUSED
2022-05-25 16:15:44 ERROR    Failure: 223684313413012242652925975724179693671 : http://localhost:3001/ -> net::ERR_CONNECTION_REFUSED
2022-05-25 16:15:44 ERROR    Failure: 46822577063395887337747847899479931724 : http://localhost:3001/ -> Failed to load resource: net::ERR_CONNECTION_REFUSED
2022-05-25 16:15:56 ERROR    Failure: 223684313413012242652925975724179693671 : http://localhost:3001/ -> net::ERR_CONNECTION_REFUSED
2022-05-25 16:15:56 ERROR    Failure: 46822577063395887337747847899479931724 : http://localhost:3001/ -> Failed to load resource: net::ERR_CONNECTION_REFUSED
2022-05-25 16:16:04 ERROR    Failure: 262513326802567628094931167029883077585 : http://localhost:3001/wallets -> net::ERR_ABORTED
2022-05-25 16:16:06 ERROR    Failure: 223684313413012242652925975724179693671 : http://localhost:3001/ -> net::ERR_CONNECTION_REFUSED
2022-05-25 16:16:06 ERROR    Failure: 46822577063395887337747847899479931724 : http://localhost:3001/ -> Failed to load resource: net::ERR_CONNECTION_REFUSED
2022-05-25 16:16:16 ERROR    Failure: 262513326802567628094931167029883077585 : http://localhost:3001/profile -> net::ERR_ABORTED
2022-05-25 16:16:18 ERROR    Failure: 223684313413012242652925975724179693671 : http://localhost:3001/ -> net::ERR_CONNECTION_REFUSED
2022-05-25 16:16:18 ERROR    Failure: 46822577063395887337747847899479931724 : http://localhost:3001/ -> Failed to load resource: net::ERR_CONNECTION_REFUSED
2022-05-25 16:16:31 ERROR    Failure: 223684313413012242652925975724179693671 : http://localhost:3001/ -> net::ERR_CONNECTION_REFUSED
2022-05-25 16:16:31 ERROR    Failure: 46822577063395887337747847899479931724 : http://localhost:3001/ -> Failed to load resource: net::ERR_CONNECTION_REFUSED
2022-05-25 16:16:38 ERROR    Failure: 223684313413012242652925975724179693671 : http://localhost:3001/ -> net::ERR_CONNECTION_REFUSED
2022-05-25 16:16:38 ERROR    Failure: 46822577063395887337747847899479931724 : http://localhost:3001/ -> Failed to load resource: net::ERR_CONNECTION_REFUSED
2022-05-25 16:16:49 ERROR    Failure: 223684313413012242652925975724179693671 : http://localhost:3001/ -> net::ERR_CONNECTION_REFUSED
2022-05-25 16:16:49 ERROR    Failure: 46822577063395887337747847899479931724 : http://localhost:3001/ -> Failed to load resource: net::ERR_CONNECTION_REFUSED
2022-05-25 16:16:53 ERROR    Failure: 223684313413012242652925975724179693671 : http://localhost:3001/ -> net::ERR_CONNECTION_REFUSED
2022-05-25 16:16:53 ERROR    Failure: 46822577063395887337747847899479931724 : http://localhost:3001/ -> Failed to load resource: net::ERR_CONNECTION_REFUSED
2022-05-25 16:17:02 ERROR    Failure: 262513326802567628094931167029883077585 : http://localhost:3001/plans -> net::ERR_ABORTED
2022-05-25 16:17:06 ERROR    Failure: 223684313413012242652925975724179693671 : http://localhost:3001/ -> net::ERR_CONNECTION_REFUSED
2022-05-25 16:17:06 ERROR    Failure: 46822577063395887337747847899479931724 : http://localhost:3001/ -> Failed to load resource: net::ERR_CONNECTION_REFUSED
2022-05-25 16:17:18 ERROR    Failure: 223684313413012242652925975724179693671 : http://localhost:3001/ -> net::ERR_CONNECTION_REFUSED
2022-05-25 16:17:18 ERROR    Failure: 46822577063395887337747847899479931724 : http://localhost:3001/ -> Failed to load resource: net::ERR_CONNECTION_REFUSED
2022-05-25 16:17:29 ERROR    Failure: 223684313413012242652925975724179693671 : http://localhost:3001/ -> net::ERR_CONNECTION_REFUSED
2022-05-25 16:17:29 ERROR    Failure: 46822577063395887337747847899479931724 : http://localhost:3001/ -> Failed to load resource: net::ERR_CONNECTION_REFUSED
2022-05-25 16:17:43 ERROR    Failure: 223684313413012242652925975724179693671 : http://localhost:3001/ -> net::ERR_CONNECTION_REFUSED
2022-05-25 16:17:43 ERROR    Failure: 46822577063395887337747847899479931724 : http://localhost:3001/ -> Failed to load resource: net::ERR_CONNECTION_REFUSED
2022-05-25 16:17:52 ERROR    Failure: 223684313413012242652925975724179693671 : http://localhost:3001/ -> net::ERR_CONNECTION_REFUSED
2022-05-25 16:17:52 ERROR    Failure: 46822577063395887337747847899479931724 : http://localhost:3001/ -> Failed to load resource: net::ERR_CONNECTION_REFUSED
2022-05-25 16:18:00 ERROR    Failure: 262513326802567628094931167029883077585 : http://localhost:3001/ -> net::ERR_ABORTED
2022-05-25 16:18:01 ERROR    Failure: 223684313413012242652925975724179693671 : http://localhost:3001/ -> net::ERR_CONNECTION_REFUSED
2022-05-25 16:18:01 ERROR    Failure: 46822577063395887337747847899479931724 : http://localhost:3001/ -> Failed to load resource: net::ERR_CONNECTION_REFUSED
2022-05-25 16:18:08 ERROR    Failure: 262513326802567628094931167029883077585 : http://localhost:3001/wallets -> net::ERR_ABORTED
2022-05-25 16:18:09 ERROR    Failure: 223684313413012242652925975724179693671 : http://localhost:3001/ -> net::ERR_CONNECTION_REFUSED
2022-05-25 16:18:09 ERROR    Failure: 46822577063395887337747847899479931724 : http://localhost:3001/ -> Failed to load resource: net::ERR_CONNECTION_REFUSED
2022-05-25 16:18:21 ERROR    Failure: 223684313413012242652925975724179693671 : http://localhost:3001/ -> net::ERR_CONNECTION_REFUSED
2022-05-25 16:18:21 ERROR    Failure: 46822577063395887337747847899479931724 : http://localhost:3001/ -> Failed to load resource: net::ERR_CONNECTION_REFUSED
2022-05-25 16:18:34 ERROR    Failure: 223684313413012242652925975724179693671 : http://localhost:3001/ -> net::ERR_CONNECTION_REFUSED
2022-05-25 16:18:34 ERROR    Failure: 46822577063395887337747847899479931724 : http://localhost:3001/ -> Failed to load resource: net::ERR_CONNECTION_REFUSED
2022-05-25 16:18:47 ERROR    Failure: 223684313413012242652925975724179693671 : http://localhost:3001/ -> net::ERR_CONNECTION_REFUSED
2022-05-25 16:18:47 ERROR    Failure: 46822577063395887337747847899479931724 : http://localhost:3001/ -> Failed to load resource: net::ERR_CONNECTION_REFUSED
2022-05-25 16:18:51 ERROR    Failure: 262513326802567628094931167029883077585 : http://localhost:3001/plans -> net::ERR_ABORTED
2022-05-25 16:18:57 ERROR    Failure: 223684313413012242652925975724179693671 : http://localhost:3001/ -> net::ERR_CONNECTION_REFUSED
2022-05-25 16:18:57 ERROR    Failure: 46822577063395887337747847899479931724 : http://localhost:3001/ -> Failed to load resource: net::ERR_CONNECTION_REFUSED
2022-05-25 16:19:03 ERROR    Failure: 262513326802567628094931167029883077585 : http://localhost:3001/ -> net::ERR_ABORTED
2022-05-25 16:19:07 ERROR    Failure: 223684313413012242652925975724179693671 : http://localhost:3001/ -> net::ERR_CONNECTION_REFUSED
2022-05-25 16:19:07 ERROR    Failure: 46822577063395887337747847899479931724 : http://localhost:3001/ -> Failed to load resource: net::ERR_CONNECTION_REFUSED
2022-05-25 16:19:17 ERROR    Failure: 223684313413012242652925975724179693671 : http://localhost:3001/ -> net::ERR_CONNECTION_REFUSED
2022-05-25 16:19:17 ERROR    Failure: 46822577063395887337747847899479931724 : http://localhost:3001/ -> Failed to load resource: net::ERR_CONNECTION_REFUSED
2022-05-25 16:19:28 ERROR    Failure: 223684313413012242652925975724179693671 : http://localhost:3001/ -> net::ERR_CONNECTION_REFUSED
2022-05-25 16:19:28 ERROR    Failure: 46822577063395887337747847899479931724 : http://localhost:3001/ -> Failed to load resource: net::ERR_CONNECTION_REFUSED
2022-05-25 16:19:41 ERROR    Failure: 223684313413012242652925975724179693671 : http://localhost:3001/ -> net::ERR_CONNECTION_REFUSED
2022-05-25 16:19:41 ERROR    Failure: 46822577063395887337747847899479931724 : http://localhost:3001/ -> Failed to load resource: net::ERR_CONNECTION_REFUSED
2022-05-25 16:19:51 ERROR    Failure: 223684313413012242652925975724179693671 : http://localhost:3001/ -> net::ERR_CONNECTION_REFUSED
2022-05-25 16:19:51 ERROR    Failure: 46822577063395887337747847899479931724 : http://localhost:3001/ -> Failed to load resource: net::ERR_CONNECTION_REFUSED
2022-05-25 16:20:03 ERROR    Failure: 223684313413012242652925975724179693671 : http://localhost:3001/ -> net::ERR_CONNECTION_REFUSED
2022-05-25 16:20:03 ERROR    Failure: 46822577063395887337747847899479931724 : http://localhost:3001/ -> Failed to load resource: net::ERR_CONNECTION_REFUSED
2022-05-25 16:20:14 ERROR    Failure: 262513326802567628094931167029883077585 : http://localhost:3001/ -> net::ERR_ABORTED
2022-05-25 16:20:14 ERROR    Failure: 223684313413012242652925975724179693671 : http://localhost:3001/ -> net::ERR_CONNECTION_REFUSED
2022-05-25 16:20:14 ERROR    Failure: 46822577063395887337747847899479931724 : http://localhost:3001/ -> Failed to load resource: net::ERR_CONNECTION_REFUSED
2022-05-25 16:20:23 ERROR    Failure: 223684313413012242652925975724179693671 : http://localhost:3001/ -> net::ERR_CONNECTION_REFUSED
2022-05-25 16:20:23 ERROR    Failure: 46822577063395887337747847899479931724 : http://localhost:3001/ -> Failed to load resource: net::ERR_CONNECTION_REFUSED
2022-05-25 16:20:33 WARNING  Finished
2022-05-25 16:20:33 WARNING  (Failure Count, Coverage Percentage) : (9, 0.6576416494165491)
2022-05-25 16:20:33 ERROR    223684313413012242652925975724179693671 : http://localhost:3001/ -> net::ERR_CONNECTION_REFUSED
2022-05-25 16:20:33 ERROR    46822577063395887337747847899479931724 : http://localhost:3001/ -> Failed to load resource: net::ERR_CONNECTION_REFUSED
2022-05-25 16:20:33 ERROR    244380854607818280429043870923574460711 : http://localhost:3001/wallets -> net::ERR_NAME_NOT_RESOLVED
2022-05-25 16:20:33 ERROR    262513326802567628094931167029883077585 : http://localhost:3001/wallets -> net::ERR_ABORTED
2022-05-25 16:20:33 ERROR    308456024496458010238934008866544207221 : http://localhost:3001/wallets/49 -> views/parts/transactions.js | Waking up
2022-05-25 16:20:33 ERROR    129787747697562552545583625281097726382 : http://localhost:3001/wallets/49 -> views/parts/wallet_plans.js | Waking up
2022-05-25 16:20:33 ERROR    222203509631151183416754876323321821974 : http://localhost:3001/wallets -> Failed to load resource: the server responded with a status of 500 (Internal Server Error)
2022-05-25 16:20:33 ERROR    319386708942420011211784974215793760940 : http://localhost:3001/wallets/ -> status code(500) -> {"message":"Cannot read property 'auth' of null"}
2022-05-25 16:20:33 ERROR    202114869979600768958002716038820202261 : http://localhost:3001/ -> status code(500) -> {"code":"HaveNoRightsError","message":"You have no rights to call this API method with this parameters. Try to check auth hash"}
