2022-05-25 15:43:51 WARNING  Starting
2022-05-25 15:43:52 ERROR    Failure: 223684313413012242652925975724179693671 : http://localhost:3001/ -> net::ERR_CONNECTION_REFUSED
2022-05-25 15:43:52 ERROR    Failure: 46822577063395887337747847899479931724 : http://localhost:3001/ -> Failed to load resource: net::ERR_CONNECTION_REFUSED
2022-05-25 15:44:22 ERROR    Failure: 223684313413012242652925975724179693671 : http://localhost:3001/ -> net::ERR_CONNECTION_REFUSED
2022-05-25 15:44:22 ERROR    Failure: 46822577063395887337747847899479931724 : http://localhost:3001/ -> Failed to load resource: net::ERR_CONNECTION_REFUSED
2022-05-25 15:44:52 ERROR    Failure: 223684313413012242652925975724179693671 : http://localhost:3001/ -> net::ERR_CONNECTION_REFUSED
2022-05-25 15:44:52 ERROR    Failure: 46822577063395887337747847899479931724 : http://localhost:3001/ -> Failed to load resource: net::ERR_CONNECTION_REFUSED
2022-05-25 15:44:58 ERROR    Failure: 223684313413012242652925975724179693671 : http://localhost:3001/ -> net::ERR_CONNECTION_REFUSED
2022-05-25 15:44:58 ERROR    Failure: 46822577063395887337747847899479931724 : http://localhost:3001/ -> Failed to load resource: net::ERR_CONNECTION_REFUSED
2022-05-25 15:45:10 ERROR    Failure: 223684313413012242652925975724179693671 : http://localhost:3001/ -> net::ERR_CONNECTION_REFUSED
2022-05-25 15:45:10 ERROR    Failure: 46822577063395887337747847899479931724 : http://localhost:3001/ -> Failed to load resource: net::ERR_CONNECTION_REFUSED
2022-05-25 15:45:19 ERROR    Failure: 223684313413012242652925975724179693671 : http://localhost:3001/ -> net::ERR_CONNECTION_REFUSED
2022-05-25 15:45:19 ERROR    Failure: 46822577063395887337747847899479931724 : http://localhost:3001/ -> Failed to load resource: net::ERR_CONNECTION_REFUSED
2022-05-25 15:45:21 ERROR    Failure: 244380854607818280429043870923574460711 : http://localhost:3001/wallets -> net::ERR_NAME_NOT_RESOLVED
2022-05-25 15:45:22 ERROR    Failure: 223684313413012242652925975724179693671 : http://localhost:3001/ -> net::ERR_CONNECTION_REFUSED
2022-05-25 15:45:22 ERROR    Failure: 46822577063395887337747847899479931724 : http://localhost:3001/ -> Failed to load resource: net::ERR_CONNECTION_REFUSED
2022-05-25 15:45:33 ERROR    Failure: 223684313413012242652925975724179693671 : http://localhost:3001/ -> net::ERR_CONNECTION_REFUSED
2022-05-25 15:45:33 ERROR    Failure: 46822577063395887337747847899479931724 : http://localhost:3001/ -> Failed to load resource: net::ERR_CONNECTION_REFUSED
2022-05-25 15:45:41 ERROR    Failure: 223684313413012242652925975724179693671 : http://localhost:3001/ -> net::ERR_CONNECTION_REFUSED
2022-05-25 15:45:41 ERROR    Failure: 46822577063395887337747847899479931724 : http://localhost:3001/ -> Failed to load resource: net::ERR_CONNECTION_REFUSED
2022-05-25 15:45:51 ERROR    Failure: 223684313413012242652925975724179693671 : http://localhost:3001/ -> net::ERR_CONNECTION_REFUSED
2022-05-25 15:45:51 ERROR    Failure: 46822577063395887337747847899479931724 : http://localhost:3001/ -> Failed to load resource: net::ERR_CONNECTION_REFUSED
2022-05-25 15:46:00 ERROR    Failure: 223684313413012242652925975724179693671 : http://localhost:3001/ -> net::ERR_CONNECTION_REFUSED
2022-05-25 15:46:00 ERROR    Failure: 46822577063395887337747847899479931724 : http://localhost:3001/ -> Failed to load resource: net::ERR_CONNECTION_REFUSED
2022-05-25 15:46:07 ERROR    Failure: 223684313413012242652925975724179693671 : http://localhost:3001/ -> net::ERR_CONNECTION_REFUSED
2022-05-25 15:46:07 ERROR    Failure: 46822577063395887337747847899479931724 : http://localhost:3001/ -> Failed to load resource: net::ERR_CONNECTION_REFUSED
2022-05-25 15:46:11 ERROR    Failure: 262513326802567628094931167029883077585 : http://localhost:3001/wallets -> net::ERR_ABORTED
2022-05-25 15:46:15 ERROR    Failure: 223684313413012242652925975724179693671 : http://localhost:3001/ -> net::ERR_CONNECTION_REFUSED
2022-05-25 15:46:15 ERROR    Failure: 46822577063395887337747847899479931724 : http://localhost:3001/ -> Failed to load resource: net::ERR_CONNECTION_REFUSED
2022-05-25 15:46:26 ERROR    Failure: 223684313413012242652925975724179693671 : http://localhost:3001/ -> net::ERR_CONNECTION_REFUSED
2022-05-25 15:46:26 ERROR    Failure: 46822577063395887337747847899479931724 : http://localhost:3001/ -> Failed to load resource: net::ERR_CONNECTION_REFUSED
2022-05-25 15:46:36 ERROR    Failure: 223684313413012242652925975724179693671 : http://localhost:3001/ -> net::ERR_CONNECTION_REFUSED
2022-05-25 15:46:36 ERROR    Failure: 46822577063395887337747847899479931724 : http://localhost:3001/ -> Failed to load resource: net::ERR_CONNECTION_REFUSED
2022-05-25 15:46:42 ERROR    Failure: 223684313413012242652925975724179693671 : http://localhost:3001/ -> net::ERR_CONNECTION_REFUSED
2022-05-25 15:46:42 ERROR    Failure: 46822577063395887337747847899479931724 : http://localhost:3001/ -> Failed to load resource: net::ERR_CONNECTION_REFUSED
2022-05-25 15:46:52 ERROR    Failure: 262513326802567628094931167029883077585 : http://localhost:3001/wallets -> net::ERR_ABORTED
2022-05-25 15:46:53 ERROR    Failure: 223684313413012242652925975724179693671 : http://localhost:3001/ -> net::ERR_CONNECTION_REFUSED
2022-05-25 15:46:53 ERROR    Failure: 46822577063395887337747847899479931724 : http://localhost:3001/ -> Failed to load resource: net::ERR_CONNECTION_REFUSED
2022-05-25 15:46:59 ERROR    Failure: 223684313413012242652925975724179693671 : http://localhost:3001/ -> net::ERR_CONNECTION_REFUSED
2022-05-25 15:46:59 ERROR    Failure: 46822577063395887337747847899479931724 : http://localhost:3001/ -> Failed to load resource: net::ERR_CONNECTION_REFUSED
2022-05-25 15:47:06 ERROR    Failure: 262513326802567628094931167029883077585 : http://localhost:3001/plans -> net::ERR_ABORTED
2022-05-25 15:47:08 ERROR    Failure: 223684313413012242652925975724179693671 : http://localhost:3001/ -> net::ERR_CONNECTION_REFUSED
2022-05-25 15:47:08 ERROR    Failure: 46822577063395887337747847899479931724 : http://localhost:3001/ -> Failed to load resource: net::ERR_CONNECTION_REFUSED
2022-05-25 15:47:15 ERROR    Failure: 244380854607818280429043870923574460711 : http://localhost:3001/plans -> net::ERR_NAME_NOT_RESOLVED
2022-05-25 15:47:16 ERROR    Failure: 223684313413012242652925975724179693671 : http://localhost:3001/ -> net::ERR_CONNECTION_REFUSED
2022-05-25 15:47:16 ERROR    Failure: 46822577063395887337747847899479931724 : http://localhost:3001/ -> Failed to load resource: net::ERR_CONNECTION_REFUSED
2022-05-25 15:47:27 ERROR    Failure: 223684313413012242652925975724179693671 : http://localhost:3001/ -> net::ERR_CONNECTION_REFUSED
2022-05-25 15:47:27 ERROR    Failure: 46822577063395887337747847899479931724 : http://localhost:3001/ -> Failed to load resource: net::ERR_CONNECTION_REFUSED
2022-05-25 15:47:35 ERROR    Failure: 223684313413012242652925975724179693671 : http://localhost:3001/ -> net::ERR_CONNECTION_REFUSED
2022-05-25 15:47:35 ERROR    Failure: 46822577063395887337747847899479931724 : http://localhost:3001/ -> Failed to load resource: net::ERR_CONNECTION_REFUSED
2022-05-25 15:47:39 ERROR    Failure: 223684313413012242652925975724179693671 : http://localhost:3001/ -> net::ERR_CONNECTION_REFUSED
2022-05-25 15:47:39 ERROR    Failure: 46822577063395887337747847899479931724 : http://localhost:3001/ -> Failed to load resource: net::ERR_CONNECTION_REFUSED
2022-05-25 15:47:48 ERROR    Failure: 223684313413012242652925975724179693671 : http://localhost:3001/ -> net::ERR_CONNECTION_REFUSED
2022-05-25 15:47:48 ERROR    Failure: 46822577063395887337747847899479931724 : http://localhost:3001/ -> Failed to load resource: net::ERR_CONNECTION_REFUSED
2022-05-25 15:47:57 ERROR    Failure: 223684313413012242652925975724179693671 : http://localhost:3001/ -> net::ERR_CONNECTION_REFUSED
2022-05-25 15:47:57 ERROR    Failure: 46822577063395887337747847899479931724 : http://localhost:3001/ -> Failed to load resource: net::ERR_CONNECTION_REFUSED
2022-05-25 15:48:07 ERROR    Failure: 223684313413012242652925975724179693671 : http://localhost:3001/ -> net::ERR_CONNECTION_REFUSED
2022-05-25 15:48:07 ERROR    Failure: 46822577063395887337747847899479931724 : http://localhost:3001/ -> Failed to load resource: net::ERR_CONNECTION_REFUSED
2022-05-25 15:48:14 ERROR    Failure: 244380854607818280429043870923574460711 : http://localhost:3001/plans -> net::ERR_NAME_NOT_RESOLVED
2022-05-25 15:48:14 ERROR    Failure: 223684313413012242652925975724179693671 : http://localhost:3001/ -> net::ERR_CONNECTION_REFUSED
2022-05-25 15:48:14 ERROR    Failure: 46822577063395887337747847899479931724 : http://localhost:3001/ -> Failed to load resource: net::ERR_CONNECTION_REFUSED
2022-05-25 15:48:23 ERROR    Failure: 262513326802567628094931167029883077585 : http://localhost:3001/wallets -> net::ERR_ABORTED
2022-05-25 15:48:26 ERROR    Failure: 223684313413012242652925975724179693671 : http://localhost:3001/ -> net::ERR_CONNECTION_REFUSED
2022-05-25 15:48:26 ERROR    Failure: 46822577063395887337747847899479931724 : http://localhost:3001/ -> Failed to load resource: net::ERR_CONNECTION_REFUSED
2022-05-25 15:48:29 ERROR    Failure: 262513326802567628094931167029883077585 : http://localhost:3001/wallets -> net::ERR_ABORTED
2022-05-25 15:48:37 ERROR    Failure: 223684313413012242652925975724179693671 : http://localhost:3001/ -> net::ERR_CONNECTION_REFUSED
2022-05-25 15:48:37 ERROR    Failure: 46822577063395887337747847899479931724 : http://localhost:3001/ -> Failed to load resource: net::ERR_CONNECTION_REFUSED
2022-05-25 15:48:48 ERROR    Failure: 223684313413012242652925975724179693671 : http://localhost:3001/ -> net::ERR_CONNECTION_REFUSED
2022-05-25 15:48:48 ERROR    Failure: 46822577063395887337747847899479931724 : http://localhost:3001/ -> Failed to load resource: net::ERR_CONNECTION_REFUSED
2022-05-25 15:49:00 ERROR    Failure: 223684313413012242652925975724179693671 : http://localhost:3001/ -> net::ERR_CONNECTION_REFUSED
2022-05-25 15:49:00 ERROR    Failure: 46822577063395887337747847899479931724 : http://localhost:3001/ -> Failed to load resource: net::ERR_CONNECTION_REFUSED
2022-05-25 15:49:08 ERROR    Failure: 223684313413012242652925975724179693671 : http://localhost:3001/ -> net::ERR_CONNECTION_REFUSED
2022-05-25 15:49:08 ERROR    Failure: 46822577063395887337747847899479931724 : http://localhost:3001/ -> Failed to load resource: net::ERR_CONNECTION_REFUSED
2022-05-25 15:49:14 ERROR    Failure: 223684313413012242652925975724179693671 : http://localhost:3001/ -> net::ERR_CONNECTION_REFUSED
2022-05-25 15:49:14 ERROR    Failure: 46822577063395887337747847899479931724 : http://localhost:3001/ -> Failed to load resource: net::ERR_CONNECTION_REFUSED
2022-05-25 15:49:24 ERROR    Failure: 223684313413012242652925975724179693671 : http://localhost:3001/ -> net::ERR_CONNECTION_REFUSED
2022-05-25 15:49:24 ERROR    Failure: 46822577063395887337747847899479931724 : http://localhost:3001/ -> Failed to load resource: net::ERR_CONNECTION_REFUSED
2022-05-25 15:49:35 ERROR    Failure: 223684313413012242652925975724179693671 : http://localhost:3001/ -> net::ERR_CONNECTION_REFUSED
2022-05-25 15:49:35 ERROR    Failure: 46822577063395887337747847899479931724 : http://localhost:3001/ -> Failed to load resource: net::ERR_CONNECTION_REFUSED
2022-05-25 15:49:39 ERROR    Failure: 262513326802567628094931167029883077585 : http://localhost:3001/wallets -> net::ERR_ABORTED
2022-05-25 15:49:45 ERROR    Failure: 223684313413012242652925975724179693671 : http://localhost:3001/ -> net::ERR_CONNECTION_REFUSED
2022-05-25 15:49:45 ERROR    Failure: 46822577063395887337747847899479931724 : http://localhost:3001/ -> Failed to load resource: net::ERR_CONNECTION_REFUSED
2022-05-25 15:49:50 ERROR    Failure: 223684313413012242652925975724179693671 : http://localhost:3001/ -> net::ERR_CONNECTION_REFUSED
2022-05-25 15:49:50 ERROR    Failure: 46822577063395887337747847899479931724 : http://localhost:3001/ -> Failed to load resource: net::ERR_CONNECTION_REFUSED
2022-05-25 15:50:01 ERROR    Failure: 223684313413012242652925975724179693671 : http://localhost:3001/ -> net::ERR_CONNECTION_REFUSED
2022-05-25 15:50:01 ERROR    Failure: 46822577063395887337747847899479931724 : http://localhost:3001/ -> Failed to load resource: net::ERR_CONNECTION_REFUSED
2022-05-25 15:50:12 ERROR    Failure: 223684313413012242652925975724179693671 : http://localhost:3001/ -> net::ERR_CONNECTION_REFUSED
2022-05-25 15:50:12 ERROR    Failure: 46822577063395887337747847899479931724 : http://localhost:3001/ -> Failed to load resource: net::ERR_CONNECTION_REFUSED
2022-05-25 15:50:22 ERROR    Failure: 223684313413012242652925975724179693671 : http://localhost:3001/ -> net::ERR_CONNECTION_REFUSED
2022-05-25 15:50:22 ERROR    Failure: 46822577063395887337747847899479931724 : http://localhost:3001/ -> Failed to load resource: net::ERR_CONNECTION_REFUSED
2022-05-25 15:50:25 ERROR    Failure: 262513326802567628094931167029883077585 : http://localhost:3001/wallets -> net::ERR_ABORTED
2022-05-25 15:50:31 ERROR    Failure: 223684313413012242652925975724179693671 : http://localhost:3001/ -> net::ERR_CONNECTION_REFUSED
2022-05-25 15:50:31 ERROR    Failure: 46822577063395887337747847899479931724 : http://localhost:3001/ -> Failed to load resource: net::ERR_CONNECTION_REFUSED
2022-05-25 15:50:38 ERROR    Failure: 223684313413012242652925975724179693671 : http://localhost:3001/ -> net::ERR_CONNECTION_REFUSED
2022-05-25 15:50:38 ERROR    Failure: 46822577063395887337747847899479931724 : http://localhost:3001/ -> Failed to load resource: net::ERR_CONNECTION_REFUSED
2022-05-25 15:50:44 ERROR    Failure: 262513326802567628094931167029883077585 : http://localhost:3001/ -> net::ERR_ABORTED
2022-05-25 15:50:48 ERROR    Failure: 223684313413012242652925975724179693671 : http://localhost:3001/ -> net::ERR_CONNECTION_REFUSED
2022-05-25 15:50:48 ERROR    Failure: 46822577063395887337747847899479931724 : http://localhost:3001/ -> Failed to load resource: net::ERR_CONNECTION_REFUSED
2022-05-25 15:50:53 ERROR    Failure: 223684313413012242652925975724179693671 : http://localhost:3001/ -> net::ERR_CONNECTION_REFUSED
2022-05-25 15:50:53 ERROR    Failure: 46822577063395887337747847899479931724 : http://localhost:3001/ -> Failed to load resource: net::ERR_CONNECTION_REFUSED
2022-05-25 15:51:04 ERROR    Failure: 223684313413012242652925975724179693671 : http://localhost:3001/ -> net::ERR_CONNECTION_REFUSED
2022-05-25 15:51:04 ERROR    Failure: 46822577063395887337747847899479931724 : http://localhost:3001/ -> Failed to load resource: net::ERR_CONNECTION_REFUSED
2022-05-25 15:51:15 ERROR    Failure: 223684313413012242652925975724179693671 : http://localhost:3001/ -> net::ERR_CONNECTION_REFUSED
2022-05-25 15:51:15 ERROR    Failure: 46822577063395887337747847899479931724 : http://localhost:3001/ -> Failed to load resource: net::ERR_CONNECTION_REFUSED
2022-05-25 15:51:20 ERROR    Failure: 262513326802567628094931167029883077585 : http://localhost:3001/wallets -> net::ERR_ABORTED
2022-05-25 15:51:25 ERROR    Failure: 223684313413012242652925975724179693671 : http://localhost:3001/ -> net::ERR_CONNECTION_REFUSED
2022-05-25 15:51:25 ERROR    Failure: 46822577063395887337747847899479931724 : http://localhost:3001/ -> Failed to load resource: net::ERR_CONNECTION_REFUSED
2022-05-25 15:51:36 ERROR    Failure: 223684313413012242652925975724179693671 : http://localhost:3001/ -> net::ERR_CONNECTION_REFUSED
2022-05-25 15:51:36 ERROR    Failure: 46822577063395887337747847899479931724 : http://localhost:3001/ -> Failed to load resource: net::ERR_CONNECTION_REFUSED
2022-05-25 15:51:41 ERROR    Failure: 262513326802567628094931167029883077585 : http://localhost:3001/wallets -> net::ERR_ABORTED
2022-05-25 15:51:44 ERROR    Failure: 223684313413012242652925975724179693671 : http://localhost:3001/ -> net::ERR_CONNECTION_REFUSED
2022-05-25 15:51:44 ERROR    Failure: 46822577063395887337747847899479931724 : http://localhost:3001/ -> Failed to load resource: net::ERR_CONNECTION_REFUSED
2022-05-25 15:51:51 ERROR    Failure: 223684313413012242652925975724179693671 : http://localhost:3001/ -> net::ERR_CONNECTION_REFUSED
2022-05-25 15:51:51 ERROR    Failure: 46822577063395887337747847899479931724 : http://localhost:3001/ -> Failed to load resource: net::ERR_CONNECTION_REFUSED
2022-05-25 15:51:58 ERROR    Failure: 223684313413012242652925975724179693671 : http://localhost:3001/ -> net::ERR_CONNECTION_REFUSED
2022-05-25 15:51:58 ERROR    Failure: 46822577063395887337747847899479931724 : http://localhost:3001/ -> Failed to load resource: net::ERR_CONNECTION_REFUSED
2022-05-25 15:52:05 ERROR    Failure: 223684313413012242652925975724179693671 : http://localhost:3001/ -> net::ERR_CONNECTION_REFUSED
2022-05-25 15:52:05 ERROR    Failure: 46822577063395887337747847899479931724 : http://localhost:3001/ -> Failed to load resource: net::ERR_CONNECTION_REFUSED
2022-05-25 15:52:09 ERROR    Failure: 223684313413012242652925975724179693671 : http://localhost:3001/ -> net::ERR_CONNECTION_REFUSED
2022-05-25 15:52:09 ERROR    Failure: 46822577063395887337747847899479931724 : http://localhost:3001/ -> Failed to load resource: net::ERR_CONNECTION_REFUSED
2022-05-25 15:52:16 ERROR    Failure: 223684313413012242652925975724179693671 : http://localhost:3001/ -> net::ERR_CONNECTION_REFUSED
2022-05-25 15:52:16 ERROR    Failure: 46822577063395887337747847899479931724 : http://localhost:3001/ -> Failed to load resource: net::ERR_CONNECTION_REFUSED
2022-05-25 15:52:29 ERROR    Failure: 223684313413012242652925975724179693671 : http://localhost:3001/ -> net::ERR_CONNECTION_REFUSED
2022-05-25 15:52:29 ERROR    Failure: 46822577063395887337747847899479931724 : http://localhost:3001/ -> Failed to load resource: net::ERR_CONNECTION_REFUSED
2022-05-25 15:52:34 ERROR    Failure: 223684313413012242652925975724179693671 : http://localhost:3001/ -> net::ERR_CONNECTION_REFUSED
2022-05-25 15:52:34 ERROR    Failure: 46822577063395887337747847899479931724 : http://localhost:3001/ -> Failed to load resource: net::ERR_CONNECTION_REFUSED
2022-05-25 15:52:43 ERROR    Failure: 262513326802567628094931167029883077585 : http://localhost:3001/plans -> net::ERR_ABORTED
2022-05-25 15:52:45 ERROR    Failure: 223684313413012242652925975724179693671 : http://localhost:3001/ -> net::ERR_CONNECTION_REFUSED
2022-05-25 15:52:45 ERROR    Failure: 46822577063395887337747847899479931724 : http://localhost:3001/ -> Failed to load resource: net::ERR_CONNECTION_REFUSED
2022-05-25 15:52:57 ERROR    Failure: 223684313413012242652925975724179693671 : http://localhost:3001/ -> net::ERR_CONNECTION_REFUSED
2022-05-25 15:52:57 ERROR    Failure: 46822577063395887337747847899479931724 : http://localhost:3001/ -> Failed to load resource: net::ERR_CONNECTION_REFUSED
2022-05-25 15:53:09 ERROR    Failure: 223684313413012242652925975724179693671 : http://localhost:3001/ -> net::ERR_CONNECTION_REFUSED
2022-05-25 15:53:09 ERROR    Failure: 46822577063395887337747847899479931724 : http://localhost:3001/ -> Failed to load resource: net::ERR_CONNECTION_REFUSED
2022-05-25 15:53:15 ERROR    Failure: 223684313413012242652925975724179693671 : http://localhost:3001/ -> net::ERR_CONNECTION_REFUSED
2022-05-25 15:53:15 ERROR    Failure: 46822577063395887337747847899479931724 : http://localhost:3001/ -> Failed to load resource: net::ERR_CONNECTION_REFUSED
2022-05-25 15:53:19 ERROR    Failure: 262513326802567628094931167029883077585 : http://localhost:3001/wallets -> net::ERR_ABORTED
2022-05-25 15:53:26 ERROR    Failure: 223684313413012242652925975724179693671 : http://localhost:3001/ -> net::ERR_CONNECTION_REFUSED
2022-05-25 15:53:26 ERROR    Failure: 46822577063395887337747847899479931724 : http://localhost:3001/ -> Failed to load resource: net::ERR_CONNECTION_REFUSED
2022-05-25 15:53:35 ERROR    Failure: 223684313413012242652925975724179693671 : http://localhost:3001/ -> net::ERR_CONNECTION_REFUSED
2022-05-25 15:53:35 ERROR    Failure: 46822577063395887337747847899479931724 : http://localhost:3001/ -> Failed to load resource: net::ERR_CONNECTION_REFUSED
2022-05-25 15:53:42 ERROR    Failure: 223684313413012242652925975724179693671 : http://localhost:3001/ -> net::ERR_CONNECTION_REFUSED
2022-05-25 15:53:42 ERROR    Failure: 46822577063395887337747847899479931724 : http://localhost:3001/ -> Failed to load resource: net::ERR_CONNECTION_REFUSED
2022-05-25 15:53:51 ERROR    Failure: 262513326802567628094931167029883077585 : http://localhost:3001/plans -> net::ERR_ABORTED
2022-05-25 15:53:53 ERROR    Failure: 223684313413012242652925975724179693671 : http://localhost:3001/ -> net::ERR_CONNECTION_REFUSED
2022-05-25 15:53:53 ERROR    Failure: 46822577063395887337747847899479931724 : http://localhost:3001/ -> Failed to load resource: net::ERR_CONNECTION_REFUSED
2022-05-25 15:53:56 ERROR    Failure: 262513326802567628094931167029883077585 : http://localhost:3001/wallets -> net::ERR_ABORTED
2022-05-25 15:53:59 ERROR    Failure: 223684313413012242652925975724179693671 : http://localhost:3001/ -> net::ERR_CONNECTION_REFUSED
2022-05-25 15:53:59 ERROR    Failure: 46822577063395887337747847899479931724 : http://localhost:3001/ -> Failed to load resource: net::ERR_CONNECTION_REFUSED
2022-05-25 15:54:10 ERROR    Failure: 223684313413012242652925975724179693671 : http://localhost:3001/ -> net::ERR_CONNECTION_REFUSED
2022-05-25 15:54:10 ERROR    Failure: 46822577063395887337747847899479931724 : http://localhost:3001/ -> Failed to load resource: net::ERR_CONNECTION_REFUSED
2022-05-25 15:54:18 ERROR    Failure: 223684313413012242652925975724179693671 : http://localhost:3001/ -> net::ERR_CONNECTION_REFUSED
2022-05-25 15:54:18 ERROR    Failure: 46822577063395887337747847899479931724 : http://localhost:3001/ -> Failed to load resource: net::ERR_CONNECTION_REFUSED
2022-05-25 15:54:20 ERROR    Failure: 262513326802567628094931167029883077585 : http://localhost:3001/ -> net::ERR_ABORTED
2022-05-25 15:54:30 ERROR    Failure: 223684313413012242652925975724179693671 : http://localhost:3001/ -> net::ERR_CONNECTION_REFUSED
2022-05-25 15:54:30 ERROR    Failure: 46822577063395887337747847899479931724 : http://localhost:3001/ -> Failed to load resource: net::ERR_CONNECTION_REFUSED
2022-05-25 15:54:37 ERROR    Failure: 262513326802567628094931167029883077585 : http://localhost:3001/ -> net::ERR_ABORTED
2022-05-25 15:54:39 ERROR    Failure: 222203509631151183416754876323321821974 : http://localhost:3001/ -> Failed to load resource: the server responded with a status of 500 (Internal Server Error)
2022-05-25 15:54:39 ERROR    Failure: 319386708942420011211784974215793760940 : http://localhost:3001/ -> status code(500) -> {"message":"Cannot read property 'auth' of null"}
2022-05-25 15:54:39 ERROR    Failure: 222203509631151183416754876323321821974 : http://localhost:3001/ -> Failed to load resource: the server responded with a status of 500 (Internal Server Error)
2022-05-25 15:54:39 ERROR    Failure: 319386708942420011211784974215793760940 : http://localhost:3001/ -> status code(500) -> {"message":"Cannot read property 'auth' of null"}
2022-05-25 15:54:40 ERROR    Failure: 223684313413012242652925975724179693671 : http://localhost:3001/ -> net::ERR_CONNECTION_REFUSED
2022-05-25 15:54:40 ERROR    Failure: 46822577063395887337747847899479931724 : http://localhost:3001/ -> Failed to load resource: net::ERR_CONNECTION_REFUSED
2022-05-25 15:54:49 ERROR    Failure: 223684313413012242652925975724179693671 : http://localhost:3001/ -> net::ERR_CONNECTION_REFUSED
2022-05-25 15:54:49 ERROR    Failure: 46822577063395887337747847899479931724 : http://localhost:3001/ -> Failed to load resource: net::ERR_CONNECTION_REFUSED
2022-05-25 15:54:56 ERROR    Failure: 223684313413012242652925975724179693671 : http://localhost:3001/ -> net::ERR_CONNECTION_REFUSED
2022-05-25 15:54:56 ERROR    Failure: 46822577063395887337747847899479931724 : http://localhost:3001/ -> Failed to load resource: net::ERR_CONNECTION_REFUSED
2022-05-25 15:55:02 ERROR    Failure: 223684313413012242652925975724179693671 : http://localhost:3001/ -> net::ERR_CONNECTION_REFUSED
2022-05-25 15:55:02 ERROR    Failure: 46822577063395887337747847899479931724 : http://localhost:3001/ -> Failed to load resource: net::ERR_CONNECTION_REFUSED
2022-05-25 15:55:15 ERROR    Failure: 223684313413012242652925975724179693671 : http://localhost:3001/ -> net::ERR_CONNECTION_REFUSED
2022-05-25 15:55:15 ERROR    Failure: 46822577063395887337747847899479931724 : http://localhost:3001/ -> Failed to load resource: net::ERR_CONNECTION_REFUSED
2022-05-25 15:55:22 ERROR    Failure: 262513326802567628094931167029883077585 : http://localhost:3001/wallets -> net::ERR_ABORTED
2022-05-25 15:55:26 ERROR    Failure: 223684313413012242652925975724179693671 : http://localhost:3001/ -> net::ERR_CONNECTION_REFUSED
2022-05-25 15:55:26 ERROR    Failure: 46822577063395887337747847899479931724 : http://localhost:3001/ -> Failed to load resource: net::ERR_CONNECTION_REFUSED
2022-05-25 15:55:33 ERROR    Failure: 223684313413012242652925975724179693671 : http://localhost:3001/ -> net::ERR_CONNECTION_REFUSED
2022-05-25 15:55:33 ERROR    Failure: 46822577063395887337747847899479931724 : http://localhost:3001/ -> Failed to load resource: net::ERR_CONNECTION_REFUSED
2022-05-25 15:55:44 ERROR    Failure: 223684313413012242652925975724179693671 : http://localhost:3001/ -> net::ERR_CONNECTION_REFUSED
2022-05-25 15:55:44 ERROR    Failure: 46822577063395887337747847899479931724 : http://localhost:3001/ -> Failed to load resource: net::ERR_CONNECTION_REFUSED
2022-05-25 15:55:57 ERROR    Failure: 223684313413012242652925975724179693671 : http://localhost:3001/ -> net::ERR_CONNECTION_REFUSED
2022-05-25 15:55:57 ERROR    Failure: 46822577063395887337747847899479931724 : http://localhost:3001/ -> Failed to load resource: net::ERR_CONNECTION_REFUSED
2022-05-25 15:56:06 ERROR    Failure: 223684313413012242652925975724179693671 : http://localhost:3001/ -> net::ERR_CONNECTION_REFUSED
2022-05-25 15:56:06 ERROR    Failure: 46822577063395887337747847899479931724 : http://localhost:3001/ -> Failed to load resource: net::ERR_CONNECTION_REFUSED
2022-05-25 15:56:10 ERROR    Failure: 223684313413012242652925975724179693671 : http://localhost:3001/ -> net::ERR_CONNECTION_REFUSED
2022-05-25 15:56:10 ERROR    Failure: 46822577063395887337747847899479931724 : http://localhost:3001/ -> Failed to load resource: net::ERR_CONNECTION_REFUSED
2022-05-25 15:56:19 ERROR    Failure: 223684313413012242652925975724179693671 : http://localhost:3001/ -> net::ERR_CONNECTION_REFUSED
2022-05-25 15:56:19 ERROR    Failure: 46822577063395887337747847899479931724 : http://localhost:3001/ -> Failed to load resource: net::ERR_CONNECTION_REFUSED
2022-05-25 15:56:24 ERROR    Failure: 223684313413012242652925975724179693671 : http://localhost:3001/ -> net::ERR_CONNECTION_REFUSED
2022-05-25 15:56:24 ERROR    Failure: 46822577063395887337747847899479931724 : http://localhost:3001/ -> Failed to load resource: net::ERR_CONNECTION_REFUSED
2022-05-25 15:56:33 ERROR    Failure: 262513326802567628094931167029883077585 : http://localhost:3001/wallets/60 -> net::ERR_ABORTED
2022-05-25 15:56:34 ERROR    Failure: 223684313413012242652925975724179693671 : http://localhost:3001/ -> net::ERR_CONNECTION_REFUSED
2022-05-25 15:56:34 ERROR    Failure: 46822577063395887337747847899479931724 : http://localhost:3001/ -> Failed to load resource: net::ERR_CONNECTION_REFUSED
2022-05-25 15:56:41 ERROR    Failure: 262513326802567628094931167029883077585 : http://localhost:3001/plans -> net::ERR_ABORTED
2022-05-25 15:56:45 ERROR    Failure: 223684313413012242652925975724179693671 : http://localhost:3001/ -> net::ERR_CONNECTION_REFUSED
2022-05-25 15:56:45 ERROR    Failure: 46822577063395887337747847899479931724 : http://localhost:3001/ -> Failed to load resource: net::ERR_CONNECTION_REFUSED
2022-05-25 15:56:56 ERROR    Failure: 223684313413012242652925975724179693671 : http://localhost:3001/ -> net::ERR_CONNECTION_REFUSED
2022-05-25 15:56:56 ERROR    Failure: 46822577063395887337747847899479931724 : http://localhost:3001/ -> Failed to load resource: net::ERR_CONNECTION_REFUSED
2022-05-25 15:57:05 ERROR    Failure: 223684313413012242652925975724179693671 : http://localhost:3001/ -> net::ERR_CONNECTION_REFUSED
2022-05-25 15:57:05 ERROR    Failure: 46822577063395887337747847899479931724 : http://localhost:3001/ -> Failed to load resource: net::ERR_CONNECTION_REFUSED
2022-05-25 15:57:10 ERROR    Failure: 262513326802567628094931167029883077585 : http://localhost:3001/wallets -> net::ERR_ABORTED
2022-05-25 15:57:15 ERROR    Failure: 223684313413012242652925975724179693671 : http://localhost:3001/ -> net::ERR_CONNECTION_REFUSED
2022-05-25 15:57:15 ERROR    Failure: 46822577063395887337747847899479931724 : http://localhost:3001/ -> Failed to load resource: net::ERR_CONNECTION_REFUSED
2022-05-25 15:57:22 ERROR    Failure: 262513326802567628094931167029883077585 : http://localhost:3001/wallets -> net::ERR_ABORTED
2022-05-25 15:57:23 ERROR    Failure: 223684313413012242652925975724179693671 : http://localhost:3001/ -> net::ERR_CONNECTION_REFUSED
2022-05-25 15:57:23 ERROR    Failure: 46822577063395887337747847899479931724 : http://localhost:3001/ -> Failed to load resource: net::ERR_CONNECTION_REFUSED
2022-05-25 15:57:35 ERROR    Failure: 223684313413012242652925975724179693671 : http://localhost:3001/ -> net::ERR_CONNECTION_REFUSED
2022-05-25 15:57:35 ERROR    Failure: 46822577063395887337747847899479931724 : http://localhost:3001/ -> Failed to load resource: net::ERR_CONNECTION_REFUSED
2022-05-25 15:57:41 ERROR    Failure: 308456024496458010238934008866544207221 : http://localhost:3001/wallets/66 -> views/parts/transactions.js | Waking up
2022-05-25 15:57:41 ERROR    Failure: 129787747697562552545583625281097726382 : http://localhost:3001/wallets/66 -> views/parts/wallet_plans.js | Waking up
2022-05-25 15:57:46 ERROR    Failure: 223684313413012242652925975724179693671 : http://localhost:3001/ -> net::ERR_CONNECTION_REFUSED
2022-05-25 15:57:46 ERROR    Failure: 46822577063395887337747847899479931724 : http://localhost:3001/ -> Failed to load resource: net::ERR_CONNECTION_REFUSED
2022-05-25 15:57:57 ERROR    Failure: 223684313413012242652925975724179693671 : http://localhost:3001/ -> net::ERR_CONNECTION_REFUSED
2022-05-25 15:57:57 ERROR    Failure: 46822577063395887337747847899479931724 : http://localhost:3001/ -> Failed to load resource: net::ERR_CONNECTION_REFUSED
2022-05-25 15:58:05 ERROR    Failure: 223684313413012242652925975724179693671 : http://localhost:3001/ -> net::ERR_CONNECTION_REFUSED
2022-05-25 15:58:05 ERROR    Failure: 46822577063395887337747847899479931724 : http://localhost:3001/ -> Failed to load resource: net::ERR_CONNECTION_REFUSED
2022-05-25 15:58:13 ERROR    Failure: 223684313413012242652925975724179693671 : http://localhost:3001/ -> net::ERR_CONNECTION_REFUSED
2022-05-25 15:58:13 ERROR    Failure: 46822577063395887337747847899479931724 : http://localhost:3001/ -> Failed to load resource: net::ERR_CONNECTION_REFUSED
2022-05-25 15:58:24 ERROR    Failure: 223684313413012242652925975724179693671 : http://localhost:3001/ -> net::ERR_CONNECTION_REFUSED
2022-05-25 15:58:24 ERROR    Failure: 46822577063395887337747847899479931724 : http://localhost:3001/ -> Failed to load resource: net::ERR_CONNECTION_REFUSED
2022-05-25 15:58:35 ERROR    Failure: 223684313413012242652925975724179693671 : http://localhost:3001/ -> net::ERR_CONNECTION_REFUSED
2022-05-25 15:58:35 ERROR    Failure: 46822577063395887337747847899479931724 : http://localhost:3001/ -> Failed to load resource: net::ERR_CONNECTION_REFUSED
2022-05-25 15:58:44 ERROR    Failure: 223684313413012242652925975724179693671 : http://localhost:3001/ -> net::ERR_CONNECTION_REFUSED
2022-05-25 15:58:44 ERROR    Failure: 46822577063395887337747847899479931724 : http://localhost:3001/ -> Failed to load resource: net::ERR_CONNECTION_REFUSED
2022-05-25 15:58:54 ERROR    Failure: 262513326802567628094931167029883077585 : http://localhost:3001/wallets/69 -> net::ERR_ABORTED
2022-05-25 15:58:55 ERROR    Failure: 223684313413012242652925975724179693671 : http://localhost:3001/ -> net::ERR_CONNECTION_REFUSED
2022-05-25 15:58:55 ERROR    Failure: 46822577063395887337747847899479931724 : http://localhost:3001/ -> Failed to load resource: net::ERR_CONNECTION_REFUSED
2022-05-25 15:59:01 ERROR    Failure: 223684313413012242652925975724179693671 : http://localhost:3001/ -> net::ERR_CONNECTION_REFUSED
2022-05-25 15:59:01 ERROR    Failure: 46822577063395887337747847899479931724 : http://localhost:3001/ -> Failed to load resource: net::ERR_CONNECTION_REFUSED
2022-05-25 15:59:07 ERROR    Failure: 223684313413012242652925975724179693671 : http://localhost:3001/ -> net::ERR_CONNECTION_REFUSED
2022-05-25 15:59:07 ERROR    Failure: 46822577063395887337747847899479931724 : http://localhost:3001/ -> Failed to load resource: net::ERR_CONNECTION_REFUSED
2022-05-25 15:59:13 ERROR    Failure: 262513326802567628094931167029883077585 : http://localhost:3001/wallets/68 -> net::ERR_ABORTED
2022-05-25 15:59:14 ERROR    Failure: 223684313413012242652925975724179693671 : http://localhost:3001/ -> net::ERR_CONNECTION_REFUSED
2022-05-25 15:59:14 ERROR    Failure: 46822577063395887337747847899479931724 : http://localhost:3001/ -> Failed to load resource: net::ERR_CONNECTION_REFUSED
2022-05-25 15:59:27 ERROR    Failure: 223684313413012242652925975724179693671 : http://localhost:3001/ -> net::ERR_CONNECTION_REFUSED
2022-05-25 15:59:27 ERROR    Failure: 46822577063395887337747847899479931724 : http://localhost:3001/ -> Failed to load resource: net::ERR_CONNECTION_REFUSED
2022-05-25 15:59:37 ERROR    Failure: 223684313413012242652925975724179693671 : http://localhost:3001/ -> net::ERR_CONNECTION_REFUSED
2022-05-25 15:59:37 ERROR    Failure: 46822577063395887337747847899479931724 : http://localhost:3001/ -> Failed to load resource: net::ERR_CONNECTION_REFUSED
2022-05-25 15:59:43 ERROR    Failure: 223684313413012242652925975724179693671 : http://localhost:3001/ -> net::ERR_CONNECTION_REFUSED
2022-05-25 15:59:44 ERROR    Failure: 46822577063395887337747847899479931724 : http://localhost:3001/ -> Failed to load resource: net::ERR_CONNECTION_REFUSED
2022-05-25 15:59:50 ERROR    Failure: 223684313413012242652925975724179693671 : http://localhost:3001/ -> net::ERR_CONNECTION_REFUSED
2022-05-25 15:59:50 ERROR    Failure: 46822577063395887337747847899479931724 : http://localhost:3001/ -> Failed to load resource: net::ERR_CONNECTION_REFUSED
2022-05-25 15:59:58 ERROR    Failure: 223684313413012242652925975724179693671 : http://localhost:3001/ -> net::ERR_CONNECTION_REFUSED
2022-05-25 15:59:58 ERROR    Failure: 46822577063395887337747847899479931724 : http://localhost:3001/ -> Failed to load resource: net::ERR_CONNECTION_REFUSED
2022-05-25 16:00:02 ERROR    Failure: 223684313413012242652925975724179693671 : http://localhost:3001/ -> net::ERR_CONNECTION_REFUSED
2022-05-25 16:00:02 ERROR    Failure: 46822577063395887337747847899479931724 : http://localhost:3001/ -> Failed to load resource: net::ERR_CONNECTION_REFUSED
2022-05-25 16:00:13 ERROR    Failure: 223684313413012242652925975724179693671 : http://localhost:3001/ -> net::ERR_CONNECTION_REFUSED
2022-05-25 16:00:13 ERROR    Failure: 46822577063395887337747847899479931724 : http://localhost:3001/ -> Failed to load resource: net::ERR_CONNECTION_REFUSED
2022-05-25 16:00:25 ERROR    Failure: 223684313413012242652925975724179693671 : http://localhost:3001/ -> net::ERR_CONNECTION_REFUSED
2022-05-25 16:00:25 ERROR    Failure: 46822577063395887337747847899479931724 : http://localhost:3001/ -> Failed to load resource: net::ERR_CONNECTION_REFUSED
2022-05-25 16:00:32 ERROR    Failure: 223684313413012242652925975724179693671 : http://localhost:3001/ -> net::ERR_CONNECTION_REFUSED
2022-05-25 16:00:32 ERROR    Failure: 46822577063395887337747847899479931724 : http://localhost:3001/ -> Failed to load resource: net::ERR_CONNECTION_REFUSED
2022-05-25 16:00:41 ERROR    Failure: 223684313413012242652925975724179693671 : http://localhost:3001/ -> net::ERR_CONNECTION_REFUSED
2022-05-25 16:00:41 ERROR    Failure: 46822577063395887337747847899479931724 : http://localhost:3001/ -> Failed to load resource: net::ERR_CONNECTION_REFUSED
2022-05-25 16:00:49 ERROR    Failure: 262513326802567628094931167029883077585 : http://localhost:3001/ -> net::ERR_ABORTED
2022-05-25 16:00:52 ERROR    Failure: 223684313413012242652925975724179693671 : http://localhost:3001/ -> net::ERR_CONNECTION_REFUSED
2022-05-25 16:00:52 ERROR    Failure: 46822577063395887337747847899479931724 : http://localhost:3001/ -> Failed to load resource: net::ERR_CONNECTION_REFUSED
2022-05-25 16:00:59 ERROR    Failure: 308456024496458010238934008866544207221 : http://localhost:3001/wallets/78 -> views/parts/transactions.js | Waking up
2022-05-25 16:00:59 ERROR    Failure: 129787747697562552545583625281097726382 : http://localhost:3001/wallets/78 -> views/parts/wallet_plans.js | Waking up
2022-05-25 16:01:04 ERROR    Failure: 223684313413012242652925975724179693671 : http://localhost:3001/ -> net::ERR_CONNECTION_REFUSED
2022-05-25 16:01:04 ERROR    Failure: 46822577063395887337747847899479931724 : http://localhost:3001/ -> Failed to load resource: net::ERR_CONNECTION_REFUSED
2022-05-25 16:01:13 ERROR    Failure: 223684313413012242652925975724179693671 : http://localhost:3001/ -> net::ERR_CONNECTION_REFUSED
2022-05-25 16:01:13 ERROR    Failure: 46822577063395887337747847899479931724 : http://localhost:3001/ -> Failed to load resource: net::ERR_CONNECTION_REFUSED
2022-05-25 16:01:25 ERROR    Failure: 223684313413012242652925975724179693671 : http://localhost:3001/ -> net::ERR_CONNECTION_REFUSED
2022-05-25 16:01:25 ERROR    Failure: 46822577063395887337747847899479931724 : http://localhost:3001/ -> Failed to load resource: net::ERR_CONNECTION_REFUSED
2022-05-25 16:01:28 ERROR    Failure: 223684313413012242652925975724179693671 : http://localhost:3001/ -> net::ERR_CONNECTION_REFUSED
2022-05-25 16:01:28 ERROR    Failure: 46822577063395887337747847899479931724 : http://localhost:3001/ -> Failed to load resource: net::ERR_CONNECTION_REFUSED
2022-05-25 16:01:31 ERROR    Failure: 262513326802567628094931167029883077585 : http://localhost:3001/wallets -> net::ERR_ABORTED
2022-05-25 16:01:37 ERROR    Failure: 223684313413012242652925975724179693671 : http://localhost:3001/ -> net::ERR_CONNECTION_REFUSED
2022-05-25 16:01:37 ERROR    Failure: 46822577063395887337747847899479931724 : http://localhost:3001/ -> Failed to load resource: net::ERR_CONNECTION_REFUSED
2022-05-25 16:01:49 ERROR    Failure: 223684313413012242652925975724179693671 : http://localhost:3001/ -> net::ERR_CONNECTION_REFUSED
2022-05-25 16:01:49 ERROR    Failure: 46822577063395887337747847899479931724 : http://localhost:3001/ -> Failed to load resource: net::ERR_CONNECTION_REFUSED
2022-05-25 16:01:55 ERROR    Failure: 223684313413012242652925975724179693671 : http://localhost:3001/ -> net::ERR_CONNECTION_REFUSED
2022-05-25 16:01:55 ERROR    Failure: 46822577063395887337747847899479931724 : http://localhost:3001/ -> Failed to load resource: net::ERR_CONNECTION_REFUSED
2022-05-25 16:02:03 ERROR    Failure: 262513326802567628094931167029883077585 : http://localhost:3001/wallets -> net::ERR_ABORTED
2022-05-25 16:02:04 ERROR    Failure: 223684313413012242652925975724179693671 : http://localhost:3001/ -> net::ERR_CONNECTION_REFUSED
2022-05-25 16:02:04 ERROR    Failure: 46822577063395887337747847899479931724 : http://localhost:3001/ -> Failed to load resource: net::ERR_CONNECTION_REFUSED
2022-05-25 16:02:13 ERROR    Failure: 262513326802567628094931167029883077585 : http://localhost:3001/wallets -> net::ERR_ABORTED
2022-05-25 16:02:13 ERROR    Failure: 223684313413012242652925975724179693671 : http://localhost:3001/ -> net::ERR_CONNECTION_REFUSED
2022-05-25 16:02:13 ERROR    Failure: 46822577063395887337747847899479931724 : http://localhost:3001/ -> Failed to load resource: net::ERR_CONNECTION_REFUSED
2022-05-25 16:02:23 ERROR    Failure: 223684313413012242652925975724179693671 : http://localhost:3001/ -> net::ERR_CONNECTION_REFUSED
2022-05-25 16:02:23 ERROR    Failure: 46822577063395887337747847899479931724 : http://localhost:3001/ -> Failed to load resource: net::ERR_CONNECTION_REFUSED
2022-05-25 16:02:32 ERROR    Failure: 223684313413012242652925975724179693671 : http://localhost:3001/ -> net::ERR_CONNECTION_REFUSED
2022-05-25 16:02:32 ERROR    Failure: 46822577063395887337747847899479931724 : http://localhost:3001/ -> Failed to load resource: net::ERR_CONNECTION_REFUSED
2022-05-25 16:02:40 ERROR    Failure: 223684313413012242652925975724179693671 : http://localhost:3001/ -> net::ERR_CONNECTION_REFUSED
2022-05-25 16:02:40 ERROR    Failure: 46822577063395887337747847899479931724 : http://localhost:3001/ -> Failed to load resource: net::ERR_CONNECTION_REFUSED
2022-05-25 16:02:47 ERROR    Failure: 262513326802567628094931167029883077585 : http://localhost:3001/profile -> net::ERR_ABORTED
2022-05-25 16:02:50 ERROR    Failure: 223684313413012242652925975724179693671 : http://localhost:3001/ -> net::ERR_CONNECTION_REFUSED
2022-05-25 16:02:50 ERROR    Failure: 46822577063395887337747847899479931724 : http://localhost:3001/ -> Failed to load resource: net::ERR_CONNECTION_REFUSED
2022-05-25 16:02:56 ERROR    Failure: 223684313413012242652925975724179693671 : http://localhost:3001/ -> net::ERR_CONNECTION_REFUSED
2022-05-25 16:02:56 ERROR    Failure: 46822577063395887337747847899479931724 : http://localhost:3001/ -> Failed to load resource: net::ERR_CONNECTION_REFUSED
2022-05-25 16:03:01 ERROR    Failure: 223684313413012242652925975724179693671 : http://localhost:3001/ -> net::ERR_CONNECTION_REFUSED
2022-05-25 16:03:01 ERROR    Failure: 46822577063395887337747847899479931724 : http://localhost:3001/ -> Failed to load resource: net::ERR_CONNECTION_REFUSED
2022-05-25 16:03:03 ERROR    Failure: 262513326802567628094931167029883077585 : http://localhost:3001/ -> net::ERR_ABORTED
2022-05-25 16:03:09 ERROR    Failure: 223684313413012242652925975724179693671 : http://localhost:3001/ -> net::ERR_CONNECTION_REFUSED
2022-05-25 16:03:09 ERROR    Failure: 46822577063395887337747847899479931724 : http://localhost:3001/ -> Failed to load resource: net::ERR_CONNECTION_REFUSED
2022-05-25 16:03:19 ERROR    Failure: 223684313413012242652925975724179693671 : http://localhost:3001/ -> net::ERR_CONNECTION_REFUSED
2022-05-25 16:03:19 ERROR    Failure: 46822577063395887337747847899479931724 : http://localhost:3001/ -> Failed to load resource: net::ERR_CONNECTION_REFUSED
2022-05-25 16:03:28 ERROR    Failure: 223684313413012242652925975724179693671 : http://localhost:3001/ -> net::ERR_CONNECTION_REFUSED
2022-05-25 16:03:28 ERROR    Failure: 46822577063395887337747847899479931724 : http://localhost:3001/ -> Failed to load resource: net::ERR_CONNECTION_REFUSED
2022-05-25 16:03:35 ERROR    Failure: 223684313413012242652925975724179693671 : http://localhost:3001/ -> net::ERR_CONNECTION_REFUSED
2022-05-25 16:03:35 ERROR    Failure: 46822577063395887337747847899479931724 : http://localhost:3001/ -> Failed to load resource: net::ERR_CONNECTION_REFUSED
2022-05-25 16:03:40 ERROR    Failure: 223684313413012242652925975724179693671 : http://localhost:3001/ -> net::ERR_CONNECTION_REFUSED
2022-05-25 16:03:40 ERROR    Failure: 46822577063395887337747847899479931724 : http://localhost:3001/ -> Failed to load resource: net::ERR_CONNECTION_REFUSED
2022-05-25 16:03:46 ERROR    Failure: 262513326802567628094931167029883077585 : http://localhost:3001/wallets -> net::ERR_ABORTED
2022-05-25 16:03:51 ERROR    Failure: 223684313413012242652925975724179693671 : http://localhost:3001/ -> net::ERR_CONNECTION_REFUSED
2022-05-25 16:03:51 ERROR    Failure: 46822577063395887337747847899479931724 : http://localhost:3001/ -> Failed to load resource: net::ERR_CONNECTION_REFUSED
2022-05-25 16:03:55 ERROR    Failure: 223684313413012242652925975724179693671 : http://localhost:3001/ -> net::ERR_CONNECTION_REFUSED
2022-05-25 16:03:55 ERROR    Failure: 46822577063395887337747847899479931724 : http://localhost:3001/ -> Failed to load resource: net::ERR_CONNECTION_REFUSED
2022-05-25 16:04:05 ERROR    Failure: 223684313413012242652925975724179693671 : http://localhost:3001/ -> net::ERR_CONNECTION_REFUSED
2022-05-25 16:04:05 ERROR    Failure: 46822577063395887337747847899479931724 : http://localhost:3001/ -> Failed to load resource: net::ERR_CONNECTION_REFUSED
2022-05-25 16:04:15 ERROR    Failure: 308456024496458010238934008866544207221 : http://localhost:3001/wallets/99 -> views/parts/transactions.js | Waking up
2022-05-25 16:04:15 ERROR    Failure: 129787747697562552545583625281097726382 : http://localhost:3001/wallets/99 -> views/parts/wallet_plans.js | Waking up
2022-05-25 16:04:19 ERROR    Failure: 223684313413012242652925975724179693671 : http://localhost:3001/ -> net::ERR_CONNECTION_REFUSED
2022-05-25 16:04:19 ERROR    Failure: 46822577063395887337747847899479931724 : http://localhost:3001/ -> Failed to load resource: net::ERR_CONNECTION_REFUSED
2022-05-25 16:04:25 ERROR    Failure: 262513326802567628094931167029883077585 : http://localhost:3001/plans -> net::ERR_ABORTED
2022-05-25 16:04:25 ERROR    Failure: 262513326802567628094931167029883077585 : http://localhost:3001/plans -> net::ERR_ABORTED
2022-05-25 16:04:28 ERROR    Failure: 223684313413012242652925975724179693671 : http://localhost:3001/ -> net::ERR_CONNECTION_REFUSED
2022-05-25 16:04:28 ERROR    Failure: 46822577063395887337747847899479931724 : http://localhost:3001/ -> Failed to load resource: net::ERR_CONNECTION_REFUSED
2022-05-25 16:04:38 ERROR    Failure: 223684313413012242652925975724179693671 : http://localhost:3001/ -> net::ERR_CONNECTION_REFUSED
2022-05-25 16:04:38 ERROR    Failure: 46822577063395887337747847899479931724 : http://localhost:3001/ -> Failed to load resource: net::ERR_CONNECTION_REFUSED
2022-05-25 16:04:51 ERROR    Failure: 223684313413012242652925975724179693671 : http://localhost:3001/ -> net::ERR_CONNECTION_REFUSED
2022-05-25 16:04:51 ERROR    Failure: 46822577063395887337747847899479931724 : http://localhost:3001/ -> Failed to load resource: net::ERR_CONNECTION_REFUSED
2022-05-25 16:04:57 ERROR    Failure: 223684313413012242652925975724179693671 : http://localhost:3001/ -> net::ERR_CONNECTION_REFUSED
2022-05-25 16:04:57 ERROR    Failure: 46822577063395887337747847899479931724 : http://localhost:3001/ -> Failed to load resource: net::ERR_CONNECTION_REFUSED
2022-05-25 16:05:00 ERROR    Failure: 262513326802567628094931167029883077585 : http://localhost:3001/wallets -> net::ERR_ABORTED
2022-05-25 16:05:00 ERROR    Failure: 262513326802567628094931167029883077585 : http://localhost:3001/wallets -> net::ERR_ABORTED
2022-05-25 16:05:07 ERROR    Failure: 223684313413012242652925975724179693671 : http://localhost:3001/ -> net::ERR_CONNECTION_REFUSED
2022-05-25 16:05:07 ERROR    Failure: 46822577063395887337747847899479931724 : http://localhost:3001/ -> Failed to load resource: net::ERR_CONNECTION_REFUSED
2022-05-25 16:05:16 ERROR    Failure: 223684313413012242652925975724179693671 : http://localhost:3001/ -> net::ERR_CONNECTION_REFUSED
2022-05-25 16:05:16 ERROR    Failure: 46822577063395887337747847899479931724 : http://localhost:3001/ -> Failed to load resource: net::ERR_CONNECTION_REFUSED
2022-05-25 16:05:27 ERROR    Failure: 223684313413012242652925975724179693671 : http://localhost:3001/ -> net::ERR_CONNECTION_REFUSED
2022-05-25 16:05:27 ERROR    Failure: 46822577063395887337747847899479931724 : http://localhost:3001/ -> Failed to load resource: net::ERR_CONNECTION_REFUSED
2022-05-25 16:05:29 ERROR    Failure: 262513326802567628094931167029883077585 : http://localhost:3001/ -> net::ERR_ABORTED
2022-05-25 16:05:31 ERROR    Failure: 262513326802567628094931167029883077585 : http://localhost:3001/wallets -> net::ERR_ABORTED
2022-05-25 16:05:35 ERROR    Failure: 223684313413012242652925975724179693671 : http://localhost:3001/ -> net::ERR_CONNECTION_REFUSED
2022-05-25 16:05:35 ERROR    Failure: 46822577063395887337747847899479931724 : http://localhost:3001/ -> Failed to load resource: net::ERR_CONNECTION_REFUSED
2022-05-25 16:05:45 ERROR    Failure: 223684313413012242652925975724179693671 : http://localhost:3001/ -> net::ERR_CONNECTION_REFUSED
2022-05-25 16:05:45 ERROR    Failure: 46822577063395887337747847899479931724 : http://localhost:3001/ -> Failed to load resource: net::ERR_CONNECTION_REFUSED
2022-05-25 16:05:58 ERROR    Failure: 223684313413012242652925975724179693671 : http://localhost:3001/ -> net::ERR_CONNECTION_REFUSED
2022-05-25 16:05:58 ERROR    Failure: 46822577063395887337747847899479931724 : http://localhost:3001/ -> Failed to load resource: net::ERR_CONNECTION_REFUSED
2022-05-25 16:06:02 ERROR    Failure: 262513326802567628094931167029883077585 : http://localhost:3001/ -> net::ERR_ABORTED
2022-05-25 16:06:07 ERROR    Failure: 223684313413012242652925975724179693671 : http://localhost:3001/ -> net::ERR_CONNECTION_REFUSED
2022-05-25 16:06:07 ERROR    Failure: 46822577063395887337747847899479931724 : http://localhost:3001/ -> Failed to load resource: net::ERR_CONNECTION_REFUSED
2022-05-25 16:06:19 ERROR    Failure: 262513326802567628094931167029883077585 : http://localhost:3001/wallets -> net::ERR_ABORTED
2022-05-25 16:06:19 ERROR    Failure: 223684313413012242652925975724179693671 : http://localhost:3001/ -> net::ERR_CONNECTION_REFUSED
2022-05-25 16:06:19 ERROR    Failure: 46822577063395887337747847899479931724 : http://localhost:3001/ -> Failed to load resource: net::ERR_CONNECTION_REFUSED
2022-05-25 16:06:31 ERROR    Failure: 223684313413012242652925975724179693671 : http://localhost:3001/ -> net::ERR_CONNECTION_REFUSED
2022-05-25 16:06:31 ERROR    Failure: 46822577063395887337747847899479931724 : http://localhost:3001/ -> Failed to load resource: net::ERR_CONNECTION_REFUSED
2022-05-25 16:06:43 ERROR    Failure: 223684313413012242652925975724179693671 : http://localhost:3001/ -> net::ERR_CONNECTION_REFUSED
2022-05-25 16:06:43 ERROR    Failure: 46822577063395887337747847899479931724 : http://localhost:3001/ -> Failed to load resource: net::ERR_CONNECTION_REFUSED
2022-05-25 16:06:53 ERROR    Failure: 223684313413012242652925975724179693671 : http://localhost:3001/ -> net::ERR_CONNECTION_REFUSED
2022-05-25 16:06:53 ERROR    Failure: 46822577063395887337747847899479931724 : http://localhost:3001/ -> Failed to load resource: net::ERR_CONNECTION_REFUSED
2022-05-25 16:07:05 ERROR    Failure: 223684313413012242652925975724179693671 : http://localhost:3001/ -> net::ERR_CONNECTION_REFUSED
2022-05-25 16:07:05 ERROR    Failure: 46822577063395887337747847899479931724 : http://localhost:3001/ -> Failed to load resource: net::ERR_CONNECTION_REFUSED
2022-05-25 16:07:17 ERROR    Failure: 223684313413012242652925975724179693671 : http://localhost:3001/ -> net::ERR_CONNECTION_REFUSED
2022-05-25 16:07:17 ERROR    Failure: 46822577063395887337747847899479931724 : http://localhost:3001/ -> Failed to load resource: net::ERR_CONNECTION_REFUSED
2022-05-25 16:07:23 ERROR    Failure: 262513326802567628094931167029883077585 : http://localhost:3001/ -> net::ERR_ABORTED
2022-05-25 16:07:23 ERROR    Failure: 262513326802567628094931167029883077585 : http://localhost:3001/ -> net::ERR_ABORTED
2022-05-25 16:07:26 ERROR    Failure: 223684313413012242652925975724179693671 : http://localhost:3001/ -> net::ERR_CONNECTION_REFUSED
2022-05-25 16:07:26 ERROR    Failure: 46822577063395887337747847899479931724 : http://localhost:3001/ -> Failed to load resource: net::ERR_CONNECTION_REFUSED
2022-05-25 16:07:32 ERROR    Failure: 222203509631151183416754876323321821974 : http://localhost:3001/ -> Failed to load resource: the server responded with a status of 500 (Internal Server Error)
2022-05-25 16:07:32 ERROR    Failure: 319386708942420011211784974215793760940 : http://localhost:3001/ -> status code(500) -> {"message":"Cannot read property 'auth' of null"}
2022-05-25 16:07:36 ERROR    Failure: 223684313413012242652925975724179693671 : http://localhost:3001/ -> net::ERR_CONNECTION_REFUSED
2022-05-25 16:07:36 ERROR    Failure: 46822577063395887337747847899479931724 : http://localhost:3001/ -> Failed to load resource: net::ERR_CONNECTION_REFUSED
2022-05-25 16:07:49 ERROR    Failure: 223684313413012242652925975724179693671 : http://localhost:3001/ -> net::ERR_CONNECTION_REFUSED
2022-05-25 16:07:49 ERROR    Failure: 46822577063395887337747847899479931724 : http://localhost:3001/ -> Failed to load resource: net::ERR_CONNECTION_REFUSED
2022-05-25 16:07:53 ERROR    Failure: 223684313413012242652925975724179693671 : http://localhost:3001/ -> net::ERR_CONNECTION_REFUSED
2022-05-25 16:07:53 ERROR    Failure: 46822577063395887337747847899479931724 : http://localhost:3001/ -> Failed to load resource: net::ERR_CONNECTION_REFUSED
2022-05-25 16:08:01 ERROR    Failure: 223684313413012242652925975724179693671 : http://localhost:3001/ -> net::ERR_CONNECTION_REFUSED
2022-05-25 16:08:01 ERROR    Failure: 46822577063395887337747847899479931724 : http://localhost:3001/ -> Failed to load resource: net::ERR_CONNECTION_REFUSED
2022-05-25 16:08:05 ERROR    Failure: 262513326802567628094931167029883077585 : http://localhost:3001/plans -> net::ERR_ABORTED
2022-05-25 16:08:05 ERROR    Failure: 262513326802567628094931167029883077585 : http://localhost:3001/plans -> net::ERR_ABORTED
2022-05-25 16:08:08 ERROR    Failure: 262513326802567628094931167029883077585 : http://localhost:3001/wallets -> net::ERR_ABORTED
2022-05-25 16:08:08 ERROR    Failure: 223684313413012242652925975724179693671 : http://localhost:3001/ -> net::ERR_CONNECTION_REFUSED
2022-05-25 16:08:08 ERROR    Failure: 46822577063395887337747847899479931724 : http://localhost:3001/ -> Failed to load resource: net::ERR_CONNECTION_REFUSED
2022-05-25 16:08:11 ERROR    Failure: 262513326802567628094931167029883077585 : http://localhost:3001/wallets -> net::ERR_ABORTED
2022-05-25 16:08:20 ERROR    Failure: 223684313413012242652925975724179693671 : http://localhost:3001/ -> net::ERR_CONNECTION_REFUSED
2022-05-25 16:08:20 ERROR    Failure: 46822577063395887337747847899479931724 : http://localhost:3001/ -> Failed to load resource: net::ERR_CONNECTION_REFUSED
2022-05-25 16:08:33 ERROR    Failure: 223684313413012242652925975724179693671 : http://localhost:3001/ -> net::ERR_CONNECTION_REFUSED
2022-05-25 16:08:33 ERROR    Failure: 46822577063395887337747847899479931724 : http://localhost:3001/ -> Failed to load resource: net::ERR_CONNECTION_REFUSED
2022-05-25 16:08:36 ERROR    Failure: 223684313413012242652925975724179693671 : http://localhost:3001/ -> net::ERR_CONNECTION_REFUSED
2022-05-25 16:08:36 ERROR    Failure: 46822577063395887337747847899479931724 : http://localhost:3001/ -> Failed to load resource: net::ERR_CONNECTION_REFUSED
2022-05-25 16:08:40 ERROR    Failure: 262513326802567628094931167029883077585 : http://localhost:3001/wallets -> net::ERR_ABORTED
2022-05-25 16:08:47 ERROR    Failure: 223684313413012242652925975724179693671 : http://localhost:3001/ -> net::ERR_CONNECTION_REFUSED
2022-05-25 16:08:47 ERROR    Failure: 46822577063395887337747847899479931724 : http://localhost:3001/ -> Failed to load resource: net::ERR_CONNECTION_REFUSED
2022-05-25 16:09:00 ERROR    Failure: 223684313413012242652925975724179693671 : http://localhost:3001/ -> net::ERR_CONNECTION_REFUSED
2022-05-25 16:09:00 ERROR    Failure: 46822577063395887337747847899479931724 : http://localhost:3001/ -> Failed to load resource: net::ERR_CONNECTION_REFUSED
2022-05-25 16:09:07 ERROR    Failure: 262513326802567628094931167029883077585 : http://localhost:3001/wallets -> net::ERR_ABORTED
2022-05-25 16:09:09 ERROR    Failure: 223684313413012242652925975724179693671 : http://localhost:3001/ -> net::ERR_CONNECTION_REFUSED
2022-05-25 16:09:09 ERROR    Failure: 46822577063395887337747847899479931724 : http://localhost:3001/ -> Failed to load resource: net::ERR_CONNECTION_REFUSED
2022-05-25 16:09:20 ERROR    Failure: 223684313413012242652925975724179693671 : http://localhost:3001/ -> net::ERR_CONNECTION_REFUSED
2022-05-25 16:09:20 ERROR    Failure: 46822577063395887337747847899479931724 : http://localhost:3001/ -> Failed to load resource: net::ERR_CONNECTION_REFUSED
2022-05-25 16:09:32 ERROR    Failure: 223684313413012242652925975724179693671 : http://localhost:3001/ -> net::ERR_CONNECTION_REFUSED
2022-05-25 16:09:32 ERROR    Failure: 46822577063395887337747847899479931724 : http://localhost:3001/ -> Failed to load resource: net::ERR_CONNECTION_REFUSED
2022-05-25 16:09:43 ERROR    Failure: 223684313413012242652925975724179693671 : http://localhost:3001/ -> net::ERR_CONNECTION_REFUSED
2022-05-25 16:09:43 ERROR    Failure: 46822577063395887337747847899479931724 : http://localhost:3001/ -> Failed to load resource: net::ERR_CONNECTION_REFUSED
2022-05-25 16:09:55 ERROR    Failure: 223684313413012242652925975724179693671 : http://localhost:3001/ -> net::ERR_CONNECTION_REFUSED
2022-05-25 16:09:55 ERROR    Failure: 46822577063395887337747847899479931724 : http://localhost:3001/ -> Failed to load resource: net::ERR_CONNECTION_REFUSED
2022-05-25 16:10:06 ERROR    Failure: 223684313413012242652925975724179693671 : http://localhost:3001/ -> net::ERR_CONNECTION_REFUSED
2022-05-25 16:10:06 ERROR    Failure: 46822577063395887337747847899479931724 : http://localhost:3001/ -> Failed to load resource: net::ERR_CONNECTION_REFUSED
2022-05-25 16:10:15 ERROR    Failure: 223684313413012242652925975724179693671 : http://localhost:3001/ -> net::ERR_CONNECTION_REFUSED
2022-05-25 16:10:15 ERROR    Failure: 46822577063395887337747847899479931724 : http://localhost:3001/ -> Failed to load resource: net::ERR_CONNECTION_REFUSED
2022-05-25 16:10:27 ERROR    Failure: 223684313413012242652925975724179693671 : http://localhost:3001/ -> net::ERR_CONNECTION_REFUSED
2022-05-25 16:10:27 ERROR    Failure: 46822577063395887337747847899479931724 : http://localhost:3001/ -> Failed to load resource: net::ERR_CONNECTION_REFUSED
2022-05-25 16:10:35 ERROR    Failure: 223684313413012242652925975724179693671 : http://localhost:3001/ -> net::ERR_CONNECTION_REFUSED
2022-05-25 16:10:35 ERROR    Failure: 46822577063395887337747847899479931724 : http://localhost:3001/ -> Failed to load resource: net::ERR_CONNECTION_REFUSED
2022-05-25 16:10:45 ERROR    Failure: 223684313413012242652925975724179693671 : http://localhost:3001/ -> net::ERR_CONNECTION_REFUSED
2022-05-25 16:10:45 ERROR    Failure: 46822577063395887337747847899479931724 : http://localhost:3001/ -> Failed to load resource: net::ERR_CONNECTION_REFUSED
2022-05-25 16:10:50 ERROR    Failure: 223684313413012242652925975724179693671 : http://localhost:3001/ -> net::ERR_CONNECTION_REFUSED
2022-05-25 16:10:50 ERROR    Failure: 46822577063395887337747847899479931724 : http://localhost:3001/ -> Failed to load resource: net::ERR_CONNECTION_REFUSED
2022-05-25 16:11:00 ERROR    Failure: 223684313413012242652925975724179693671 : http://localhost:3001/ -> net::ERR_CONNECTION_REFUSED
2022-05-25 16:11:00 ERROR    Failure: 46822577063395887337747847899479931724 : http://localhost:3001/ -> Failed to load resource: net::ERR_CONNECTION_REFUSED
2022-05-25 16:11:11 ERROR    Failure: 223684313413012242652925975724179693671 : http://localhost:3001/ -> net::ERR_CONNECTION_REFUSED
2022-05-25 16:11:11 ERROR    Failure: 46822577063395887337747847899479931724 : http://localhost:3001/ -> Failed to load resource: net::ERR_CONNECTION_REFUSED
2022-05-25 16:11:21 ERROR    Failure: 223684313413012242652925975724179693671 : http://localhost:3001/ -> net::ERR_CONNECTION_REFUSED
2022-05-25 16:11:21 ERROR    Failure: 46822577063395887337747847899479931724 : http://localhost:3001/ -> Failed to load resource: net::ERR_CONNECTION_REFUSED
2022-05-25 16:11:31 ERROR    Failure: 262513326802567628094931167029883077585 : http://localhost:3001/ -> net::ERR_ABORTED
2022-05-25 16:11:33 ERROR    Failure: 223684313413012242652925975724179693671 : http://localhost:3001/ -> net::ERR_CONNECTION_REFUSED
2022-05-25 16:11:33 ERROR    Failure: 46822577063395887337747847899479931724 : http://localhost:3001/ -> Failed to load resource: net::ERR_CONNECTION_REFUSED
2022-05-25 16:11:37 ERROR    Failure: 262513326802567628094931167029883077585 : http://localhost:3001/wallets -> net::ERR_ABORTED
2022-05-25 16:11:41 ERROR    Failure: 223684313413012242652925975724179693671 : http://localhost:3001/ -> net::ERR_CONNECTION_REFUSED
2022-05-25 16:11:41 ERROR    Failure: 46822577063395887337747847899479931724 : http://localhost:3001/ -> Failed to load resource: net::ERR_CONNECTION_REFUSED
2022-05-25 16:11:47 ERROR    Failure: 262513326802567628094931167029883077585 : http://localhost:3001/profile -> net::ERR_ABORTED
2022-05-25 16:11:49 ERROR    Failure: 223684313413012242652925975724179693671 : http://localhost:3001/ -> net::ERR_CONNECTION_REFUSED
2022-05-25 16:11:49 ERROR    Failure: 46822577063395887337747847899479931724 : http://localhost:3001/ -> Failed to load resource: net::ERR_CONNECTION_REFUSED
2022-05-25 16:11:59 ERROR    Failure: 223684313413012242652925975724179693671 : http://localhost:3001/ -> net::ERR_CONNECTION_REFUSED
2022-05-25 16:11:59 ERROR    Failure: 46822577063395887337747847899479931724 : http://localhost:3001/ -> Failed to load resource: net::ERR_CONNECTION_REFUSED
2022-05-25 16:12:13 ERROR    Failure: 223684313413012242652925975724179693671 : http://localhost:3001/ -> net::ERR_CONNECTION_REFUSED
2022-05-25 16:12:13 ERROR    Failure: 46822577063395887337747847899479931724 : http://localhost:3001/ -> Failed to load resource: net::ERR_CONNECTION_REFUSED
2022-05-25 16:12:26 ERROR    Failure: 223684313413012242652925975724179693671 : http://localhost:3001/ -> net::ERR_CONNECTION_REFUSED
2022-05-25 16:12:26 ERROR    Failure: 46822577063395887337747847899479931724 : http://localhost:3001/ -> Failed to load resource: net::ERR_CONNECTION_REFUSED
2022-05-25 16:12:32 ERROR    Failure: 223684313413012242652925975724179693671 : http://localhost:3001/ -> net::ERR_CONNECTION_REFUSED
2022-05-25 16:12:32 ERROR    Failure: 46822577063395887337747847899479931724 : http://localhost:3001/ -> Failed to load resource: net::ERR_CONNECTION_REFUSED
2022-05-25 16:12:46 ERROR    Failure: 223684313413012242652925975724179693671 : http://localhost:3001/ -> net::ERR_CONNECTION_REFUSED
2022-05-25 16:12:46 ERROR    Failure: 46822577063395887337747847899479931724 : http://localhost:3001/ -> Failed to load resource: net::ERR_CONNECTION_REFUSED
2022-05-25 16:12:51 ERROR    Failure: 223684313413012242652925975724179693671 : http://localhost:3001/ -> net::ERR_CONNECTION_REFUSED
2022-05-25 16:12:51 ERROR    Failure: 46822577063395887337747847899479931724 : http://localhost:3001/ -> Failed to load resource: net::ERR_CONNECTION_REFUSED
2022-05-25 16:13:03 ERROR    Failure: 223684313413012242652925975724179693671 : http://localhost:3001/ -> net::ERR_CONNECTION_REFUSED
2022-05-25 16:13:03 ERROR    Failure: 46822577063395887337747847899479931724 : http://localhost:3001/ -> Failed to load resource: net::ERR_CONNECTION_REFUSED
2022-05-25 16:13:14 ERROR    Failure: 223684313413012242652925975724179693671 : http://localhost:3001/ -> net::ERR_CONNECTION_REFUSED
2022-05-25 16:13:14 ERROR    Failure: 46822577063395887337747847899479931724 : http://localhost:3001/ -> Failed to load resource: net::ERR_CONNECTION_REFUSED
2022-05-25 16:13:27 ERROR    Failure: 223684313413012242652925975724179693671 : http://localhost:3001/ -> net::ERR_CONNECTION_REFUSED
2022-05-25 16:13:27 ERROR    Failure: 46822577063395887337747847899479931724 : http://localhost:3001/ -> Failed to load resource: net::ERR_CONNECTION_REFUSED
2022-05-25 16:13:30 ERROR    Failure: 262513326802567628094931167029883077585 : http://localhost:3001/wallets -> net::ERR_ABORTED
2022-05-25 16:13:35 ERROR    Failure: 223684313413012242652925975724179693671 : http://localhost:3001/ -> net::ERR_CONNECTION_REFUSED
2022-05-25 16:13:35 ERROR    Failure: 46822577063395887337747847899479931724 : http://localhost:3001/ -> Failed to load resource: net::ERR_CONNECTION_REFUSED
2022-05-25 16:13:45 ERROR    Failure: 223684313413012242652925975724179693671 : http://localhost:3001/ -> net::ERR_CONNECTION_REFUSED
2022-05-25 16:13:45 ERROR    Failure: 46822577063395887337747847899479931724 : http://localhost:3001/ -> Failed to load resource: net::ERR_CONNECTION_REFUSED
2022-05-25 16:13:53 ERROR    Failure: 262513326802567628094931167029883077585 : http://localhost:3001/plans -> net::ERR_ABORTED
2022-05-25 16:13:55 WARNING  Finished
2022-05-25 16:13:55 WARNING  (Failure Count, Coverage Percentage) : (8, 0.6576416494165491)
2022-05-25 16:13:55 ERROR    223684313413012242652925975724179693671 : http://localhost:3001/ -> net::ERR_CONNECTION_REFUSED
2022-05-25 16:13:55 ERROR    46822577063395887337747847899479931724 : http://localhost:3001/ -> Failed to load resource: net::ERR_CONNECTION_REFUSED
2022-05-25 16:13:55 ERROR    244380854607818280429043870923574460711 : http://localhost:3001/wallets -> net::ERR_NAME_NOT_RESOLVED
2022-05-25 16:13:55 ERROR    262513326802567628094931167029883077585 : http://localhost:3001/wallets -> net::ERR_ABORTED
2022-05-25 16:13:55 ERROR    222203509631151183416754876323321821974 : http://localhost:3001/ -> Failed to load resource: the server responded with a status of 500 (Internal Server Error)
2022-05-25 16:13:55 ERROR    319386708942420011211784974215793760940 : http://localhost:3001/ -> status code(500) -> {"message":"Cannot read property 'auth' of null"}
2022-05-25 16:13:55 ERROR    308456024496458010238934008866544207221 : http://localhost:3001/wallets/66 -> views/parts/transactions.js | Waking up
2022-05-25 16:13:55 ERROR    129787747697562552545583625281097726382 : http://localhost:3001/wallets/66 -> views/parts/wallet_plans.js | Waking up
