2022-05-25 15:44:33 WARNING  Starting
2022-05-25 15:44:33 ERROR    Failure: 223684313413012242652925975724179693671 : http://localhost:3001/ -> net::ERR_CONNECTION_REFUSED
2022-05-25 15:44:33 ERROR    Failure: 46822577063395887337747847899479931724 : http://localhost:3001/ -> Failed to load resource: net::ERR_CONNECTION_REFUSED
2022-05-25 15:44:58 ERROR    Failure: 262513326802567628094931167029883077585 : http://localhost:3001/wallets -> net::ERR_ABORTED
2022-05-25 15:45:00 ERROR    Failure: 223684313413012242652925975724179693671 : http://localhost:3001/ -> net::ERR_CONNECTION_REFUSED
2022-05-25 15:45:00 ERROR    Failure: 46822577063395887337747847899479931724 : http://localhost:3001/ -> Failed to load resource: net::ERR_CONNECTION_REFUSED
2022-05-25 15:45:07 ERROR    Failure: 223684313413012242652925975724179693671 : http://localhost:3001/ -> net::ERR_CONNECTION_REFUSED
2022-05-25 15:45:07 ERROR    Failure: 46822577063395887337747847899479931724 : http://localhost:3001/ -> Failed to load resource: net::ERR_CONNECTION_REFUSED
2022-05-25 15:45:14 ERROR    Failure: 223684313413012242652925975724179693671 : http://localhost:3001/ -> net::ERR_CONNECTION_REFUSED
2022-05-25 15:45:14 ERROR    Failure: 46822577063395887337747847899479931724 : http://localhost:3001/ -> Failed to load resource: net::ERR_CONNECTION_REFUSED
2022-05-25 15:45:22 ERROR    Failure: 223684313413012242652925975724179693671 : http://localhost:3001/ -> net::ERR_CONNECTION_REFUSED
2022-05-25 15:45:22 ERROR    Failure: 46822577063395887337747847899479931724 : http://localhost:3001/ -> Failed to load resource: net::ERR_CONNECTION_REFUSED
2022-05-25 15:45:30 ERROR    Failure: 223684313413012242652925975724179693671 : http://localhost:3001/ -> net::ERR_CONNECTION_REFUSED
2022-05-25 15:45:30 ERROR    Failure: 46822577063395887337747847899479931724 : http://localhost:3001/ -> Failed to load resource: net::ERR_CONNECTION_REFUSED
2022-05-25 15:45:38 ERROR    Failure: 262513326802567628094931167029883077585 : http://localhost:3001/plans -> net::ERR_ABORTED
2022-05-25 15:45:38 ERROR    Failure: 244380854607818280429043870923574460711 : http://localhost:3001/plans -> net::ERR_NAME_NOT_RESOLVED
2022-05-25 15:45:38 ERROR    Failure: 223684313413012242652925975724179693671 : http://localhost:3001/ -> net::ERR_CONNECTION_REFUSED
2022-05-25 15:45:38 ERROR    Failure: 46822577063395887337747847899479931724 : http://localhost:3001/ -> Failed to load resource: net::ERR_CONNECTION_REFUSED
2022-05-25 15:45:49 ERROR    Failure: 223684313413012242652925975724179693671 : http://localhost:3001/ -> net::ERR_CONNECTION_REFUSED
2022-05-25 15:45:49 ERROR    Failure: 46822577063395887337747847899479931724 : http://localhost:3001/ -> Failed to load resource: net::ERR_CONNECTION_REFUSED
2022-05-25 15:45:55 ERROR    Failure: 244380854607818280429043870923574460711 : http://localhost:3001/wallets -> net::ERR_NAME_NOT_RESOLVED
2022-05-25 15:45:56 ERROR    Failure: 223684313413012242652925975724179693671 : http://localhost:3001/ -> net::ERR_CONNECTION_REFUSED
2022-05-25 15:45:56 ERROR    Failure: 46822577063395887337747847899479931724 : http://localhost:3001/ -> Failed to load resource: net::ERR_CONNECTION_REFUSED
2022-05-25 15:46:03 ERROR    Failure: 262513326802567628094931167029883077585 : http://localhost:3001/profile -> net::ERR_ABORTED
2022-05-25 15:46:07 ERROR    Failure: 223684313413012242652925975724179693671 : http://localhost:3001/ -> net::ERR_CONNECTION_REFUSED
2022-05-25 15:46:07 ERROR    Failure: 46822577063395887337747847899479931724 : http://localhost:3001/ -> Failed to load resource: net::ERR_CONNECTION_REFUSED
2022-05-25 15:46:17 ERROR    Failure: 223684313413012242652925975724179693671 : http://localhost:3001/ -> net::ERR_CONNECTION_REFUSED
2022-05-25 15:46:17 ERROR    Failure: 46822577063395887337747847899479931724 : http://localhost:3001/ -> Failed to load resource: net::ERR_CONNECTION_REFUSED
2022-05-25 15:46:25 ERROR    Failure: 223684313413012242652925975724179693671 : http://localhost:3001/ -> net::ERR_CONNECTION_REFUSED
2022-05-25 15:46:25 ERROR    Failure: 46822577063395887337747847899479931724 : http://localhost:3001/ -> Failed to load resource: net::ERR_CONNECTION_REFUSED
2022-05-25 15:46:31 ERROR    Failure: 262513326802567628094931167029883077585 : http://localhost:3001/ -> net::ERR_ABORTED
2022-05-25 15:46:34 ERROR    Failure: 223684313413012242652925975724179693671 : http://localhost:3001/ -> net::ERR_CONNECTION_REFUSED
2022-05-25 15:46:34 ERROR    Failure: 46822577063395887337747847899479931724 : http://localhost:3001/ -> Failed to load resource: net::ERR_CONNECTION_REFUSED
2022-05-25 15:46:36 ERROR    Failure: 262513326802567628094931167029883077585 : http://localhost:3001/wallets -> net::ERR_ABORTED
2022-05-25 15:46:42 ERROR    Failure: 223684313413012242652925975724179693671 : http://localhost:3001/ -> net::ERR_CONNECTION_REFUSED
2022-05-25 15:46:42 ERROR    Failure: 46822577063395887337747847899479931724 : http://localhost:3001/ -> Failed to load resource: net::ERR_CONNECTION_REFUSED
2022-05-25 15:46:54 ERROR    Failure: 223684313413012242652925975724179693671 : http://localhost:3001/ -> net::ERR_CONNECTION_REFUSED
2022-05-25 15:46:54 ERROR    Failure: 46822577063395887337747847899479931724 : http://localhost:3001/ -> Failed to load resource: net::ERR_CONNECTION_REFUSED
2022-05-25 15:47:02 ERROR    Failure: 223684313413012242652925975724179693671 : http://localhost:3001/ -> net::ERR_CONNECTION_REFUSED
2022-05-25 15:47:02 ERROR    Failure: 46822577063395887337747847899479931724 : http://localhost:3001/ -> Failed to load resource: net::ERR_CONNECTION_REFUSED
2022-05-25 15:47:06 ERROR    Failure: 223684313413012242652925975724179693671 : http://localhost:3001/ -> net::ERR_CONNECTION_REFUSED
2022-05-25 15:47:06 ERROR    Failure: 46822577063395887337747847899479931724 : http://localhost:3001/ -> Failed to load resource: net::ERR_CONNECTION_REFUSED
2022-05-25 15:47:14 ERROR    Failure: 223684313413012242652925975724179693671 : http://localhost:3001/ -> net::ERR_CONNECTION_REFUSED
2022-05-25 15:47:14 ERROR    Failure: 46822577063395887337747847899479931724 : http://localhost:3001/ -> Failed to load resource: net::ERR_CONNECTION_REFUSED
2022-05-25 15:47:23 ERROR    Failure: 223684313413012242652925975724179693671 : http://localhost:3001/ -> net::ERR_CONNECTION_REFUSED
2022-05-25 15:47:23 ERROR    Failure: 46822577063395887337747847899479931724 : http://localhost:3001/ -> Failed to load resource: net::ERR_CONNECTION_REFUSED
2022-05-25 15:47:36 ERROR    Failure: 223684313413012242652925975724179693671 : http://localhost:3001/ -> net::ERR_CONNECTION_REFUSED
2022-05-25 15:47:36 ERROR    Failure: 46822577063395887337747847899479931724 : http://localhost:3001/ -> Failed to load resource: net::ERR_CONNECTION_REFUSED
2022-05-25 15:47:46 ERROR    Failure: 223684313413012242652925975724179693671 : http://localhost:3001/ -> net::ERR_CONNECTION_REFUSED
2022-05-25 15:47:46 ERROR    Failure: 46822577063395887337747847899479931724 : http://localhost:3001/ -> Failed to load resource: net::ERR_CONNECTION_REFUSED
2022-05-25 15:47:54 ERROR    Failure: 223684313413012242652925975724179693671 : http://localhost:3001/ -> net::ERR_CONNECTION_REFUSED
2022-05-25 15:47:54 ERROR    Failure: 46822577063395887337747847899479931724 : http://localhost:3001/ -> Failed to load resource: net::ERR_CONNECTION_REFUSED
2022-05-25 15:48:00 ERROR    Failure: 223684313413012242652925975724179693671 : http://localhost:3001/ -> net::ERR_CONNECTION_REFUSED
2022-05-25 15:48:00 ERROR    Failure: 46822577063395887337747847899479931724 : http://localhost:3001/ -> Failed to load resource: net::ERR_CONNECTION_REFUSED
2022-05-25 15:48:11 ERROR    Failure: 223684313413012242652925975724179693671 : http://localhost:3001/ -> net::ERR_CONNECTION_REFUSED
2022-05-25 15:48:11 ERROR    Failure: 46822577063395887337747847899479931724 : http://localhost:3001/ -> Failed to load resource: net::ERR_CONNECTION_REFUSED
2022-05-25 15:48:22 ERROR    Failure: 223684313413012242652925975724179693671 : http://localhost:3001/ -> net::ERR_CONNECTION_REFUSED
2022-05-25 15:48:22 ERROR    Failure: 46822577063395887337747847899479931724 : http://localhost:3001/ -> Failed to load resource: net::ERR_CONNECTION_REFUSED
2022-05-25 15:48:28 ERROR    Failure: 223684313413012242652925975724179693671 : http://localhost:3001/ -> net::ERR_CONNECTION_REFUSED
2022-05-25 15:48:28 ERROR    Failure: 46822577063395887337747847899479931724 : http://localhost:3001/ -> Failed to load resource: net::ERR_CONNECTION_REFUSED
2022-05-25 15:48:36 ERROR    Failure: 308456024496458010238934008866544207221 : http://localhost:3001/wallets/61 -> views/parts/transactions.js | Waking up
2022-05-25 15:48:36 ERROR    Failure: 129787747697562552545583625281097726382 : http://localhost:3001/wallets/61 -> views/parts/wallet_plans.js | Waking up
2022-05-25 15:48:39 ERROR    Failure: 262513326802567628094931167029883077585 : http://localhost:3001/wallets -> net::ERR_ABORTED
2022-05-25 15:48:40 ERROR    Failure: 223684313413012242652925975724179693671 : http://localhost:3001/ -> net::ERR_CONNECTION_REFUSED
2022-05-25 15:48:40 ERROR    Failure: 46822577063395887337747847899479931724 : http://localhost:3001/ -> Failed to load resource: net::ERR_CONNECTION_REFUSED
2022-05-25 15:48:48 ERROR    Failure: 262513326802567628094931167029883077585 : http://localhost:3001/wallets/61 -> net::ERR_ABORTED
2022-05-25 15:48:51 ERROR    Failure: 223684313413012242652925975724179693671 : http://localhost:3001/ -> net::ERR_CONNECTION_REFUSED
2022-05-25 15:48:51 ERROR    Failure: 46822577063395887337747847899479931724 : http://localhost:3001/ -> Failed to load resource: net::ERR_CONNECTION_REFUSED
2022-05-25 15:48:54 ERROR    Failure: 262513326802567628094931167029883077585 : http://localhost:3001/wallets -> net::ERR_ABORTED
2022-05-25 15:48:58 ERROR    Failure: 223684313413012242652925975724179693671 : http://localhost:3001/ -> net::ERR_CONNECTION_REFUSED
2022-05-25 15:48:58 ERROR    Failure: 46822577063395887337747847899479931724 : http://localhost:3001/ -> Failed to load resource: net::ERR_CONNECTION_REFUSED
2022-05-25 15:49:03 ERROR    Failure: 262513326802567628094931167029883077585 : http://localhost:3001/wallets -> net::ERR_ABORTED
2022-05-25 15:49:06 ERROR    Failure: 223684313413012242652925975724179693671 : http://localhost:3001/ -> net::ERR_CONNECTION_REFUSED
2022-05-25 15:49:06 ERROR    Failure: 46822577063395887337747847899479931724 : http://localhost:3001/ -> Failed to load resource: net::ERR_CONNECTION_REFUSED
2022-05-25 15:49:11 ERROR    Failure: 223684313413012242652925975724179693671 : http://localhost:3001/ -> net::ERR_CONNECTION_REFUSED
2022-05-25 15:49:11 ERROR    Failure: 46822577063395887337747847899479931724 : http://localhost:3001/ -> Failed to load resource: net::ERR_CONNECTION_REFUSED
2022-05-25 15:49:20 ERROR    Failure: 223684313413012242652925975724179693671 : http://localhost:3001/ -> net::ERR_CONNECTION_REFUSED
2022-05-25 15:49:20 ERROR    Failure: 46822577063395887337747847899479931724 : http://localhost:3001/ -> Failed to load resource: net::ERR_CONNECTION_REFUSED
2022-05-25 15:49:25 ERROR    Failure: 262513326802567628094931167029883077585 : http://localhost:3001/wallets/61 -> net::ERR_ABORTED
2022-05-25 15:49:30 ERROR    Failure: 223684313413012242652925975724179693671 : http://localhost:3001/ -> net::ERR_CONNECTION_REFUSED
2022-05-25 15:49:30 ERROR    Failure: 46822577063395887337747847899479931724 : http://localhost:3001/ -> Failed to load resource: net::ERR_CONNECTION_REFUSED
2022-05-25 15:49:38 ERROR    Failure: 223684313413012242652925975724179693671 : http://localhost:3001/ -> net::ERR_CONNECTION_REFUSED
2022-05-25 15:49:38 ERROR    Failure: 46822577063395887337747847899479931724 : http://localhost:3001/ -> Failed to load resource: net::ERR_CONNECTION_REFUSED
2022-05-25 15:49:51 ERROR    Failure: 223684313413012242652925975724179693671 : http://localhost:3001/ -> net::ERR_CONNECTION_REFUSED
2022-05-25 15:49:51 ERROR    Failure: 46822577063395887337747847899479931724 : http://localhost:3001/ -> Failed to load resource: net::ERR_CONNECTION_REFUSED
2022-05-25 15:49:59 ERROR    Failure: 262513326802567628094931167029883077585 : http://localhost:3001/ -> net::ERR_ABORTED
2022-05-25 15:50:00 ERROR    Failure: 223684313413012242652925975724179693671 : http://localhost:3001/ -> net::ERR_CONNECTION_REFUSED
2022-05-25 15:50:00 ERROR    Failure: 46822577063395887337747847899479931724 : http://localhost:3001/ -> Failed to load resource: net::ERR_CONNECTION_REFUSED
2022-05-25 15:50:12 ERROR    Failure: 223684313413012242652925975724179693671 : http://localhost:3001/ -> net::ERR_CONNECTION_REFUSED
2022-05-25 15:50:12 ERROR    Failure: 46822577063395887337747847899479931724 : http://localhost:3001/ -> Failed to load resource: net::ERR_CONNECTION_REFUSED
2022-05-25 15:50:20 ERROR    Failure: 223684313413012242652925975724179693671 : http://localhost:3001/ -> net::ERR_CONNECTION_REFUSED
2022-05-25 15:50:20 ERROR    Failure: 46822577063395887337747847899479931724 : http://localhost:3001/ -> Failed to load resource: net::ERR_CONNECTION_REFUSED
2022-05-25 15:50:32 ERROR    Failure: 223684313413012242652925975724179693671 : http://localhost:3001/ -> net::ERR_CONNECTION_REFUSED
2022-05-25 15:50:32 ERROR    Failure: 46822577063395887337747847899479931724 : http://localhost:3001/ -> Failed to load resource: net::ERR_CONNECTION_REFUSED
2022-05-25 15:50:38 ERROR    Failure: 223684313413012242652925975724179693671 : http://localhost:3001/ -> net::ERR_CONNECTION_REFUSED
2022-05-25 15:50:38 ERROR    Failure: 46822577063395887337747847899479931724 : http://localhost:3001/ -> Failed to load resource: net::ERR_CONNECTION_REFUSED
2022-05-25 15:50:48 ERROR    Failure: 223684313413012242652925975724179693671 : http://localhost:3001/ -> net::ERR_CONNECTION_REFUSED
2022-05-25 15:50:48 ERROR    Failure: 46822577063395887337747847899479931724 : http://localhost:3001/ -> Failed to load resource: net::ERR_CONNECTION_REFUSED
2022-05-25 15:50:53 ERROR    Failure: 223684313413012242652925975724179693671 : http://localhost:3001/ -> net::ERR_CONNECTION_REFUSED
2022-05-25 15:50:53 ERROR    Failure: 46822577063395887337747847899479931724 : http://localhost:3001/ -> Failed to load resource: net::ERR_CONNECTION_REFUSED
2022-05-25 15:51:03 ERROR    Failure: 223684313413012242652925975724179693671 : http://localhost:3001/ -> net::ERR_CONNECTION_REFUSED
2022-05-25 15:51:03 ERROR    Failure: 46822577063395887337747847899479931724 : http://localhost:3001/ -> Failed to load resource: net::ERR_CONNECTION_REFUSED
2022-05-25 15:51:15 ERROR    Failure: 223684313413012242652925975724179693671 : http://localhost:3001/ -> net::ERR_CONNECTION_REFUSED
2022-05-25 15:51:15 ERROR    Failure: 46822577063395887337747847899479931724 : http://localhost:3001/ -> Failed to load resource: net::ERR_CONNECTION_REFUSED
2022-05-25 15:51:21 ERROR    Failure: 223684313413012242652925975724179693671 : http://localhost:3001/ -> net::ERR_CONNECTION_REFUSED
2022-05-25 15:51:21 ERROR    Failure: 46822577063395887337747847899479931724 : http://localhost:3001/ -> Failed to load resource: net::ERR_CONNECTION_REFUSED
2022-05-25 15:51:29 ERROR    Failure: 223684313413012242652925975724179693671 : http://localhost:3001/ -> net::ERR_CONNECTION_REFUSED
2022-05-25 15:51:29 ERROR    Failure: 46822577063395887337747847899479931724 : http://localhost:3001/ -> Failed to load resource: net::ERR_CONNECTION_REFUSED
2022-05-25 15:51:39 ERROR    Failure: 223684313413012242652925975724179693671 : http://localhost:3001/ -> net::ERR_CONNECTION_REFUSED
2022-05-25 15:51:39 ERROR    Failure: 46822577063395887337747847899479931724 : http://localhost:3001/ -> Failed to load resource: net::ERR_CONNECTION_REFUSED
2022-05-25 15:51:48 ERROR    Failure: 223684313413012242652925975724179693671 : http://localhost:3001/ -> net::ERR_CONNECTION_REFUSED
2022-05-25 15:51:48 ERROR    Failure: 46822577063395887337747847899479931724 : http://localhost:3001/ -> Failed to load resource: net::ERR_CONNECTION_REFUSED
2022-05-25 15:51:59 ERROR    Failure: 223684313413012242652925975724179693671 : http://localhost:3001/ -> net::ERR_CONNECTION_REFUSED
2022-05-25 15:51:59 ERROR    Failure: 46822577063395887337747847899479931724 : http://localhost:3001/ -> Failed to load resource: net::ERR_CONNECTION_REFUSED
2022-05-25 15:52:07 ERROR    Failure: 223684313413012242652925975724179693671 : http://localhost:3001/ -> net::ERR_CONNECTION_REFUSED
2022-05-25 15:52:07 ERROR    Failure: 46822577063395887337747847899479931724 : http://localhost:3001/ -> Failed to load resource: net::ERR_CONNECTION_REFUSED
2022-05-25 15:52:16 ERROR    Failure: 223684313413012242652925975724179693671 : http://localhost:3001/ -> net::ERR_CONNECTION_REFUSED
2022-05-25 15:52:16 ERROR    Failure: 46822577063395887337747847899479931724 : http://localhost:3001/ -> Failed to load resource: net::ERR_CONNECTION_REFUSED
2022-05-25 15:52:23 ERROR    Failure: 223684313413012242652925975724179693671 : http://localhost:3001/ -> net::ERR_CONNECTION_REFUSED
2022-05-25 15:52:23 ERROR    Failure: 46822577063395887337747847899479931724 : http://localhost:3001/ -> Failed to load resource: net::ERR_CONNECTION_REFUSED
2022-05-25 15:52:30 ERROR    Failure: 223684313413012242652925975724179693671 : http://localhost:3001/ -> net::ERR_CONNECTION_REFUSED
2022-05-25 15:52:30 ERROR    Failure: 46822577063395887337747847899479931724 : http://localhost:3001/ -> Failed to load resource: net::ERR_CONNECTION_REFUSED
2022-05-25 15:52:40 ERROR    Failure: 223684313413012242652925975724179693671 : http://localhost:3001/ -> net::ERR_CONNECTION_REFUSED
2022-05-25 15:52:40 ERROR    Failure: 46822577063395887337747847899479931724 : http://localhost:3001/ -> Failed to load resource: net::ERR_CONNECTION_REFUSED
2022-05-25 15:52:47 ERROR    Failure: 223684313413012242652925975724179693671 : http://localhost:3001/ -> net::ERR_CONNECTION_REFUSED
2022-05-25 15:52:47 ERROR    Failure: 46822577063395887337747847899479931724 : http://localhost:3001/ -> Failed to load resource: net::ERR_CONNECTION_REFUSED
2022-05-25 15:52:58 ERROR    Failure: 223684313413012242652925975724179693671 : http://localhost:3001/ -> net::ERR_CONNECTION_REFUSED
2022-05-25 15:52:58 ERROR    Failure: 46822577063395887337747847899479931724 : http://localhost:3001/ -> Failed to load resource: net::ERR_CONNECTION_REFUSED
2022-05-25 15:53:01 ERROR    Failure: 262513326802567628094931167029883077585 : http://localhost:3001/wallets -> net::ERR_ABORTED
2022-05-25 15:53:03 ERROR    Failure: 223684313413012242652925975724179693671 : http://localhost:3001/ -> net::ERR_CONNECTION_REFUSED
2022-05-25 15:53:03 ERROR    Failure: 46822577063395887337747847899479931724 : http://localhost:3001/ -> Failed to load resource: net::ERR_CONNECTION_REFUSED
2022-05-25 15:53:13 ERROR    Failure: 223684313413012242652925975724179693671 : http://localhost:3001/ -> net::ERR_CONNECTION_REFUSED
2022-05-25 15:53:13 ERROR    Failure: 46822577063395887337747847899479931724 : http://localhost:3001/ -> Failed to load resource: net::ERR_CONNECTION_REFUSED
2022-05-25 15:53:26 ERROR    Failure: 223684313413012242652925975724179693671 : http://localhost:3001/ -> net::ERR_CONNECTION_REFUSED
2022-05-25 15:53:26 ERROR    Failure: 46822577063395887337747847899479931724 : http://localhost:3001/ -> Failed to load resource: net::ERR_CONNECTION_REFUSED
2022-05-25 15:53:37 ERROR    Failure: 223684313413012242652925975724179693671 : http://localhost:3001/ -> net::ERR_CONNECTION_REFUSED
2022-05-25 15:53:37 ERROR    Failure: 46822577063395887337747847899479931724 : http://localhost:3001/ -> Failed to load resource: net::ERR_CONNECTION_REFUSED
2022-05-25 15:53:49 ERROR    Failure: 223684313413012242652925975724179693671 : http://localhost:3001/ -> net::ERR_CONNECTION_REFUSED
2022-05-25 15:53:49 ERROR    Failure: 46822577063395887337747847899479931724 : http://localhost:3001/ -> Failed to load resource: net::ERR_CONNECTION_REFUSED
2022-05-25 15:53:52 ERROR    Failure: 262513326802567628094931167029883077585 : http://localhost:3001/wallets -> net::ERR_ABORTED
2022-05-25 15:53:58 ERROR    Failure: 223684313413012242652925975724179693671 : http://localhost:3001/ -> net::ERR_CONNECTION_REFUSED
2022-05-25 15:53:58 ERROR    Failure: 46822577063395887337747847899479931724 : http://localhost:3001/ -> Failed to load resource: net::ERR_CONNECTION_REFUSED
2022-05-25 15:54:08 ERROR    Failure: 223684313413012242652925975724179693671 : http://localhost:3001/ -> net::ERR_CONNECTION_REFUSED
2022-05-25 15:54:08 ERROR    Failure: 46822577063395887337747847899479931724 : http://localhost:3001/ -> Failed to load resource: net::ERR_CONNECTION_REFUSED
2022-05-25 15:54:18 ERROR    Failure: 223684313413012242652925975724179693671 : http://localhost:3001/ -> net::ERR_CONNECTION_REFUSED
2022-05-25 15:54:18 ERROR    Failure: 46822577063395887337747847899479931724 : http://localhost:3001/ -> Failed to load resource: net::ERR_CONNECTION_REFUSED
2022-05-25 15:54:21 ERROR    Failure: 262513326802567628094931167029883077585 : http://localhost:3001/wallets -> net::ERR_ABORTED
2022-05-25 15:54:26 ERROR    Failure: 223684313413012242652925975724179693671 : http://localhost:3001/ -> net::ERR_CONNECTION_REFUSED
2022-05-25 15:54:26 ERROR    Failure: 46822577063395887337747847899479931724 : http://localhost:3001/ -> Failed to load resource: net::ERR_CONNECTION_REFUSED
2022-05-25 15:54:34 ERROR    Failure: 223684313413012242652925975724179693671 : http://localhost:3001/ -> net::ERR_CONNECTION_REFUSED
2022-05-25 15:54:34 ERROR    Failure: 46822577063395887337747847899479931724 : http://localhost:3001/ -> Failed to load resource: net::ERR_CONNECTION_REFUSED
2022-05-25 15:54:45 ERROR    Failure: 223684313413012242652925975724179693671 : http://localhost:3001/ -> net::ERR_CONNECTION_REFUSED
2022-05-25 15:54:45 ERROR    Failure: 46822577063395887337747847899479931724 : http://localhost:3001/ -> Failed to load resource: net::ERR_CONNECTION_REFUSED
2022-05-25 15:54:58 ERROR    Failure: 223684313413012242652925975724179693671 : http://localhost:3001/ -> net::ERR_CONNECTION_REFUSED
2022-05-25 15:54:58 ERROR    Failure: 46822577063395887337747847899479931724 : http://localhost:3001/ -> Failed to load resource: net::ERR_CONNECTION_REFUSED
2022-05-25 15:55:11 ERROR    Failure: 223684313413012242652925975724179693671 : http://localhost:3001/ -> net::ERR_CONNECTION_REFUSED
2022-05-25 15:55:11 ERROR    Failure: 46822577063395887337747847899479931724 : http://localhost:3001/ -> Failed to load resource: net::ERR_CONNECTION_REFUSED
2022-05-25 15:55:23 ERROR    Failure: 223684313413012242652925975724179693671 : http://localhost:3001/ -> net::ERR_CONNECTION_REFUSED
2022-05-25 15:55:23 ERROR    Failure: 46822577063395887337747847899479931724 : http://localhost:3001/ -> Failed to load resource: net::ERR_CONNECTION_REFUSED
2022-05-25 15:55:34 ERROR    Failure: 223684313413012242652925975724179693671 : http://localhost:3001/ -> net::ERR_CONNECTION_REFUSED
2022-05-25 15:55:34 ERROR    Failure: 46822577063395887337747847899479931724 : http://localhost:3001/ -> Failed to load resource: net::ERR_CONNECTION_REFUSED
2022-05-25 15:55:46 ERROR    Failure: 223684313413012242652925975724179693671 : http://localhost:3001/ -> net::ERR_CONNECTION_REFUSED
2022-05-25 15:55:46 ERROR    Failure: 46822577063395887337747847899479931724 : http://localhost:3001/ -> Failed to load resource: net::ERR_CONNECTION_REFUSED
2022-05-25 15:55:57 ERROR    Failure: 223684313413012242652925975724179693671 : http://localhost:3001/ -> net::ERR_CONNECTION_REFUSED
2022-05-25 15:55:57 ERROR    Failure: 46822577063395887337747847899479931724 : http://localhost:3001/ -> Failed to load resource: net::ERR_CONNECTION_REFUSED
2022-05-25 15:56:03 ERROR    Failure: 223684313413012242652925975724179693671 : http://localhost:3001/ -> net::ERR_CONNECTION_REFUSED
2022-05-25 15:56:03 ERROR    Failure: 46822577063395887337747847899479931724 : http://localhost:3001/ -> Failed to load resource: net::ERR_CONNECTION_REFUSED
2022-05-25 15:56:15 ERROR    Failure: 223684313413012242652925975724179693671 : http://localhost:3001/ -> net::ERR_CONNECTION_REFUSED
2022-05-25 15:56:15 ERROR    Failure: 46822577063395887337747847899479931724 : http://localhost:3001/ -> Failed to load resource: net::ERR_CONNECTION_REFUSED
2022-05-25 15:56:20 ERROR    Failure: 223684313413012242652925975724179693671 : http://localhost:3001/ -> net::ERR_CONNECTION_REFUSED
2022-05-25 15:56:20 ERROR    Failure: 46822577063395887337747847899479931724 : http://localhost:3001/ -> Failed to load resource: net::ERR_CONNECTION_REFUSED
2022-05-25 15:56:31 ERROR    Failure: 223684313413012242652925975724179693671 : http://localhost:3001/ -> net::ERR_CONNECTION_REFUSED
2022-05-25 15:56:31 ERROR    Failure: 46822577063395887337747847899479931724 : http://localhost:3001/ -> Failed to load resource: net::ERR_CONNECTION_REFUSED
2022-05-25 15:56:39 ERROR    Failure: 223684313413012242652925975724179693671 : http://localhost:3001/ -> net::ERR_CONNECTION_REFUSED
2022-05-25 15:56:39 ERROR    Failure: 46822577063395887337747847899479931724 : http://localhost:3001/ -> Failed to load resource: net::ERR_CONNECTION_REFUSED
2022-05-25 15:56:43 ERROR    Failure: 223684313413012242652925975724179693671 : http://localhost:3001/ -> net::ERR_CONNECTION_REFUSED
2022-05-25 15:56:43 ERROR    Failure: 46822577063395887337747847899479931724 : http://localhost:3001/ -> Failed to load resource: net::ERR_CONNECTION_REFUSED
2022-05-25 15:56:45 ERROR    Failure: 262513326802567628094931167029883077585 : http://localhost:3001/ -> net::ERR_ABORTED
2022-05-25 15:56:49 ERROR    Failure: 262513326802567628094931167029883077585 : http://localhost:3001/wallets -> net::ERR_ABORTED
2022-05-25 15:56:51 ERROR    Failure: 223684313413012242652925975724179693671 : http://localhost:3001/ -> net::ERR_CONNECTION_REFUSED
2022-05-25 15:56:51 ERROR    Failure: 46822577063395887337747847899479931724 : http://localhost:3001/ -> Failed to load resource: net::ERR_CONNECTION_REFUSED
2022-05-25 15:57:01 ERROR    Failure: 223684313413012242652925975724179693671 : http://localhost:3001/ -> net::ERR_CONNECTION_REFUSED
2022-05-25 15:57:01 ERROR    Failure: 46822577063395887337747847899479931724 : http://localhost:3001/ -> Failed to load resource: net::ERR_CONNECTION_REFUSED
2022-05-25 15:57:11 ERROR    Failure: 223684313413012242652925975724179693671 : http://localhost:3001/ -> net::ERR_CONNECTION_REFUSED
2022-05-25 15:57:11 ERROR    Failure: 46822577063395887337747847899479931724 : http://localhost:3001/ -> Failed to load resource: net::ERR_CONNECTION_REFUSED
2022-05-25 15:57:17 ERROR    Failure: 222203509631151183416754876323321821974 : http://localhost:3001/ -> Failed to load resource: the server responded with a status of 500 (Internal Server Error)
2022-05-25 15:57:17 ERROR    Failure: 319386708942420011211784974215793760940 : http://localhost:3001/ -> status code(500) -> {"message":"Cannot read property 'auth' of null"}
2022-05-25 15:57:19 ERROR    Failure: 223684313413012242652925975724179693671 : http://localhost:3001/ -> net::ERR_CONNECTION_REFUSED
2022-05-25 15:57:19 ERROR    Failure: 46822577063395887337747847899479931724 : http://localhost:3001/ -> Failed to load resource: net::ERR_CONNECTION_REFUSED
2022-05-25 15:57:29 ERROR    Failure: 262513326802567628094931167029883077585 : http://localhost:3001/wallets -> net::ERR_ABORTED
2022-05-25 15:57:30 ERROR    Failure: 223684313413012242652925975724179693671 : http://localhost:3001/ -> net::ERR_CONNECTION_REFUSED
2022-05-25 15:57:30 ERROR    Failure: 46822577063395887337747847899479931724 : http://localhost:3001/ -> Failed to load resource: net::ERR_CONNECTION_REFUSED
2022-05-25 15:57:35 ERROR    Failure: 223684313413012242652925975724179693671 : http://localhost:3001/ -> net::ERR_CONNECTION_REFUSED
2022-05-25 15:57:35 ERROR    Failure: 46822577063395887337747847899479931724 : http://localhost:3001/ -> Failed to load resource: net::ERR_CONNECTION_REFUSED
2022-05-25 15:57:45 ERROR    Failure: 262513326802567628094931167029883077585 : http://localhost:3001/plans -> net::ERR_ABORTED
2022-05-25 15:57:46 ERROR    Failure: 223684313413012242652925975724179693671 : http://localhost:3001/ -> net::ERR_CONNECTION_REFUSED
2022-05-25 15:57:46 ERROR    Failure: 46822577063395887337747847899479931724 : http://localhost:3001/ -> Failed to load resource: net::ERR_CONNECTION_REFUSED
2022-05-25 15:57:55 ERROR    Failure: 223684313413012242652925975724179693671 : http://localhost:3001/ -> net::ERR_CONNECTION_REFUSED
2022-05-25 15:57:55 ERROR    Failure: 46822577063395887337747847899479931724 : http://localhost:3001/ -> Failed to load resource: net::ERR_CONNECTION_REFUSED
2022-05-25 15:58:06 ERROR    Failure: 223684313413012242652925975724179693671 : http://localhost:3001/ -> net::ERR_CONNECTION_REFUSED
2022-05-25 15:58:06 ERROR    Failure: 46822577063395887337747847899479931724 : http://localhost:3001/ -> Failed to load resource: net::ERR_CONNECTION_REFUSED
2022-05-25 15:58:10 ERROR    Failure: 262513326802567628094931167029883077585 : http://localhost:3001/wallets -> net::ERR_ABORTED
2022-05-25 15:58:17 ERROR    Failure: 223684313413012242652925975724179693671 : http://localhost:3001/ -> net::ERR_CONNECTION_REFUSED
2022-05-25 15:58:17 ERROR    Failure: 46822577063395887337747847899479931724 : http://localhost:3001/ -> Failed to load resource: net::ERR_CONNECTION_REFUSED
2022-05-25 15:58:23 ERROR    Failure: 262513326802567628094931167029883077585 : http://localhost:3001/wallets/87/import -> net::ERR_ABORTED
2022-05-25 15:58:27 ERROR    Failure: 223684313413012242652925975724179693671 : http://localhost:3001/ -> net::ERR_CONNECTION_REFUSED
2022-05-25 15:58:27 ERROR    Failure: 46822577063395887337747847899479931724 : http://localhost:3001/ -> Failed to load resource: net::ERR_CONNECTION_REFUSED
2022-05-25 15:58:38 ERROR    Failure: 223684313413012242652925975724179693671 : http://localhost:3001/ -> net::ERR_CONNECTION_REFUSED
2022-05-25 15:58:38 ERROR    Failure: 46822577063395887337747847899479931724 : http://localhost:3001/ -> Failed to load resource: net::ERR_CONNECTION_REFUSED
2022-05-25 15:58:48 ERROR    Failure: 223684313413012242652925975724179693671 : http://localhost:3001/ -> net::ERR_CONNECTION_REFUSED
2022-05-25 15:58:48 ERROR    Failure: 46822577063395887337747847899479931724 : http://localhost:3001/ -> Failed to load resource: net::ERR_CONNECTION_REFUSED
2022-05-25 15:58:58 ERROR    Failure: 223684313413012242652925975724179693671 : http://localhost:3001/ -> net::ERR_CONNECTION_REFUSED
2022-05-25 15:58:58 ERROR    Failure: 46822577063395887337747847899479931724 : http://localhost:3001/ -> Failed to load resource: net::ERR_CONNECTION_REFUSED
2022-05-25 15:59:10 ERROR    Failure: 223684313413012242652925975724179693671 : http://localhost:3001/ -> net::ERR_CONNECTION_REFUSED
2022-05-25 15:59:10 ERROR    Failure: 46822577063395887337747847899479931724 : http://localhost:3001/ -> Failed to load resource: net::ERR_CONNECTION_REFUSED
2022-05-25 15:59:16 ERROR    Failure: 223684313413012242652925975724179693671 : http://localhost:3001/ -> net::ERR_CONNECTION_REFUSED
2022-05-25 15:59:16 ERROR    Failure: 46822577063395887337747847899479931724 : http://localhost:3001/ -> Failed to load resource: net::ERR_CONNECTION_REFUSED
2022-05-25 15:59:21 ERROR    Failure: 262513326802567628094931167029883077585 : http://localhost:3001/plans -> net::ERR_ABORTED
2022-05-25 15:59:21 ERROR    Failure: 262513326802567628094931167029883077585 : http://localhost:3001/plans -> net::ERR_ABORTED
2022-05-25 15:59:25 ERROR    Failure: 223684313413012242652925975724179693671 : http://localhost:3001/ -> net::ERR_CONNECTION_REFUSED
2022-05-25 15:59:25 ERROR    Failure: 46822577063395887337747847899479931724 : http://localhost:3001/ -> Failed to load resource: net::ERR_CONNECTION_REFUSED
2022-05-25 15:59:34 ERROR    Failure: 262513326802567628094931167029883077585 : http://localhost:3001/ -> net::ERR_ABORTED
2022-05-25 15:59:35 ERROR    Failure: 223684313413012242652925975724179693671 : http://localhost:3001/ -> net::ERR_CONNECTION_REFUSED
2022-05-25 15:59:35 ERROR    Failure: 46822577063395887337747847899479931724 : http://localhost:3001/ -> Failed to load resource: net::ERR_CONNECTION_REFUSED
2022-05-25 15:59:45 ERROR    Failure: 223684313413012242652925975724179693671 : http://localhost:3001/ -> net::ERR_CONNECTION_REFUSED
2022-05-25 15:59:45 ERROR    Failure: 46822577063395887337747847899479931724 : http://localhost:3001/ -> Failed to load resource: net::ERR_CONNECTION_REFUSED
2022-05-25 15:59:57 ERROR    Failure: 223684313413012242652925975724179693671 : http://localhost:3001/ -> net::ERR_CONNECTION_REFUSED
2022-05-25 15:59:57 ERROR    Failure: 46822577063395887337747847899479931724 : http://localhost:3001/ -> Failed to load resource: net::ERR_CONNECTION_REFUSED
2022-05-25 16:00:05 ERROR    Failure: 223684313413012242652925975724179693671 : http://localhost:3001/ -> net::ERR_CONNECTION_REFUSED
2022-05-25 16:00:05 ERROR    Failure: 46822577063395887337747847899479931724 : http://localhost:3001/ -> Failed to load resource: net::ERR_CONNECTION_REFUSED
2022-05-25 16:00:17 ERROR    Failure: 223684313413012242652925975724179693671 : http://localhost:3001/ -> net::ERR_CONNECTION_REFUSED
2022-05-25 16:00:17 ERROR    Failure: 46822577063395887337747847899479931724 : http://localhost:3001/ -> Failed to load resource: net::ERR_CONNECTION_REFUSED
2022-05-25 16:00:25 ERROR    Failure: 223684313413012242652925975724179693671 : http://localhost:3001/ -> net::ERR_CONNECTION_REFUSED
2022-05-25 16:00:25 ERROR    Failure: 46822577063395887337747847899479931724 : http://localhost:3001/ -> Failed to load resource: net::ERR_CONNECTION_REFUSED
2022-05-25 16:00:33 ERROR    Failure: 262513326802567628094931167029883077585 : http://localhost:3001/ -> net::ERR_ABORTED
2022-05-25 16:00:35 ERROR    Failure: 223684313413012242652925975724179693671 : http://localhost:3001/ -> net::ERR_CONNECTION_REFUSED
2022-05-25 16:00:35 ERROR    Failure: 46822577063395887337747847899479931724 : http://localhost:3001/ -> Failed to load resource: net::ERR_CONNECTION_REFUSED
2022-05-25 16:00:44 ERROR    Failure: 223684313413012242652925975724179693671 : http://localhost:3001/ -> net::ERR_CONNECTION_REFUSED
2022-05-25 16:00:44 ERROR    Failure: 46822577063395887337747847899479931724 : http://localhost:3001/ -> Failed to load resource: net::ERR_CONNECTION_REFUSED
2022-05-25 16:00:49 ERROR    Failure: 262513326802567628094931167029883077585 : http://localhost:3001/plans -> net::ERR_ABORTED
2022-05-25 16:00:51 ERROR    Failure: 262513326802567628094931167029883077585 : http://localhost:3001/wallets -> net::ERR_ABORTED
2022-05-25 16:00:53 ERROR    Failure: 223684313413012242652925975724179693671 : http://localhost:3001/ -> net::ERR_CONNECTION_REFUSED
2022-05-25 16:00:53 ERROR    Failure: 46822577063395887337747847899479931724 : http://localhost:3001/ -> Failed to load resource: net::ERR_CONNECTION_REFUSED
2022-05-25 16:01:04 ERROR    Failure: 223684313413012242652925975724179693671 : http://localhost:3001/ -> net::ERR_CONNECTION_REFUSED
2022-05-25 16:01:04 ERROR    Failure: 46822577063395887337747847899479931724 : http://localhost:3001/ -> Failed to load resource: net::ERR_CONNECTION_REFUSED
2022-05-25 16:01:09 ERROR    Failure: 223684313413012242652925975724179693671 : http://localhost:3001/ -> net::ERR_CONNECTION_REFUSED
2022-05-25 16:01:09 ERROR    Failure: 46822577063395887337747847899479931724 : http://localhost:3001/ -> Failed to load resource: net::ERR_CONNECTION_REFUSED
2022-05-25 16:01:15 ERROR    Failure: 223684313413012242652925975724179693671 : http://localhost:3001/ -> net::ERR_CONNECTION_REFUSED
2022-05-25 16:01:15 ERROR    Failure: 46822577063395887337747847899479931724 : http://localhost:3001/ -> Failed to load resource: net::ERR_CONNECTION_REFUSED
2022-05-25 16:01:28 ERROR    Failure: 223684313413012242652925975724179693671 : http://localhost:3001/ -> net::ERR_CONNECTION_REFUSED
2022-05-25 16:01:28 ERROR    Failure: 46822577063395887337747847899479931724 : http://localhost:3001/ -> Failed to load resource: net::ERR_CONNECTION_REFUSED
2022-05-25 16:01:38 ERROR    Failure: 223684313413012242652925975724179693671 : http://localhost:3001/ -> net::ERR_CONNECTION_REFUSED
2022-05-25 16:01:38 ERROR    Failure: 46822577063395887337747847899479931724 : http://localhost:3001/ -> Failed to load resource: net::ERR_CONNECTION_REFUSED
2022-05-25 16:01:48 ERROR    Failure: 223684313413012242652925975724179693671 : http://localhost:3001/ -> net::ERR_CONNECTION_REFUSED
2022-05-25 16:01:48 ERROR    Failure: 46822577063395887337747847899479931724 : http://localhost:3001/ -> Failed to load resource: net::ERR_CONNECTION_REFUSED
2022-05-25 16:02:01 ERROR    Failure: 223684313413012242652925975724179693671 : http://localhost:3001/ -> net::ERR_CONNECTION_REFUSED
2022-05-25 16:02:01 ERROR    Failure: 46822577063395887337747847899479931724 : http://localhost:3001/ -> Failed to load resource: net::ERR_CONNECTION_REFUSED
2022-05-25 16:02:13 ERROR    Failure: 223684313413012242652925975724179693671 : http://localhost:3001/ -> net::ERR_CONNECTION_REFUSED
2022-05-25 16:02:13 ERROR    Failure: 46822577063395887337747847899479931724 : http://localhost:3001/ -> Failed to load resource: net::ERR_CONNECTION_REFUSED
2022-05-25 16:02:23 ERROR    Failure: 223684313413012242652925975724179693671 : http://localhost:3001/ -> net::ERR_CONNECTION_REFUSED
2022-05-25 16:02:23 ERROR    Failure: 46822577063395887337747847899479931724 : http://localhost:3001/ -> Failed to load resource: net::ERR_CONNECTION_REFUSED
2022-05-25 16:02:26 ERROR    Failure: 262513326802567628094931167029883077585 : http://localhost:3001/wallets -> net::ERR_ABORTED
2022-05-25 16:02:32 ERROR    Failure: 223684313413012242652925975724179693671 : http://localhost:3001/ -> net::ERR_CONNECTION_REFUSED
2022-05-25 16:02:32 ERROR    Failure: 46822577063395887337747847899479931724 : http://localhost:3001/ -> Failed to load resource: net::ERR_CONNECTION_REFUSED
2022-05-25 16:02:38 ERROR    Failure: 262513326802567628094931167029883077585 : http://localhost:3001/wallets -> net::ERR_ABORTED
2022-05-25 16:02:41 ERROR    Failure: 223684313413012242652925975724179693671 : http://localhost:3001/ -> net::ERR_CONNECTION_REFUSED
2022-05-25 16:02:41 ERROR    Failure: 46822577063395887337747847899479931724 : http://localhost:3001/ -> Failed to load resource: net::ERR_CONNECTION_REFUSED
2022-05-25 16:02:49 ERROR    Failure: 223684313413012242652925975724179693671 : http://localhost:3001/ -> net::ERR_CONNECTION_REFUSED
2022-05-25 16:02:49 ERROR    Failure: 46822577063395887337747847899479931724 : http://localhost:3001/ -> Failed to load resource: net::ERR_CONNECTION_REFUSED
2022-05-25 16:03:00 ERROR    Failure: 223684313413012242652925975724179693671 : http://localhost:3001/ -> net::ERR_CONNECTION_REFUSED
2022-05-25 16:03:00 ERROR    Failure: 46822577063395887337747847899479931724 : http://localhost:3001/ -> Failed to load resource: net::ERR_CONNECTION_REFUSED
2022-05-25 16:03:11 ERROR    Failure: 223684313413012242652925975724179693671 : http://localhost:3001/ -> net::ERR_CONNECTION_REFUSED
2022-05-25 16:03:11 ERROR    Failure: 46822577063395887337747847899479931724 : http://localhost:3001/ -> Failed to load resource: net::ERR_CONNECTION_REFUSED
2022-05-25 16:03:21 ERROR    Failure: 223684313413012242652925975724179693671 : http://localhost:3001/ -> net::ERR_CONNECTION_REFUSED
2022-05-25 16:03:21 ERROR    Failure: 46822577063395887337747847899479931724 : http://localhost:3001/ -> Failed to load resource: net::ERR_CONNECTION_REFUSED
2022-05-25 16:03:31 ERROR    Failure: 223684313413012242652925975724179693671 : http://localhost:3001/ -> net::ERR_CONNECTION_REFUSED
2022-05-25 16:03:31 ERROR    Failure: 46822577063395887337747847899479931724 : http://localhost:3001/ -> Failed to load resource: net::ERR_CONNECTION_REFUSED
2022-05-25 16:03:35 ERROR    Failure: 262513326802567628094931167029883077585 : http://localhost:3001/ -> net::ERR_ABORTED
2022-05-25 16:03:37 ERROR    Failure: 223684313413012242652925975724179693671 : http://localhost:3001/ -> net::ERR_CONNECTION_REFUSED
2022-05-25 16:03:37 ERROR    Failure: 46822577063395887337747847899479931724 : http://localhost:3001/ -> Failed to load resource: net::ERR_CONNECTION_REFUSED
2022-05-25 16:03:46 ERROR    Failure: 223684313413012242652925975724179693671 : http://localhost:3001/ -> net::ERR_CONNECTION_REFUSED
2022-05-25 16:03:46 ERROR    Failure: 46822577063395887337747847899479931724 : http://localhost:3001/ -> Failed to load resource: net::ERR_CONNECTION_REFUSED
2022-05-25 16:03:55 ERROR    Failure: 223684313413012242652925975724179693671 : http://localhost:3001/ -> net::ERR_CONNECTION_REFUSED
2022-05-25 16:03:55 ERROR    Failure: 46822577063395887337747847899479931724 : http://localhost:3001/ -> Failed to load resource: net::ERR_CONNECTION_REFUSED
2022-05-25 16:04:05 ERROR    Failure: 223684313413012242652925975724179693671 : http://localhost:3001/ -> net::ERR_CONNECTION_REFUSED
2022-05-25 16:04:05 ERROR    Failure: 46822577063395887337747847899479931724 : http://localhost:3001/ -> Failed to load resource: net::ERR_CONNECTION_REFUSED
2022-05-25 16:04:16 ERROR    Failure: 223684313413012242652925975724179693671 : http://localhost:3001/ -> net::ERR_CONNECTION_REFUSED
2022-05-25 16:04:16 ERROR    Failure: 46822577063395887337747847899479931724 : http://localhost:3001/ -> Failed to load resource: net::ERR_CONNECTION_REFUSED
2022-05-25 16:04:26 ERROR    Failure: 223684313413012242652925975724179693671 : http://localhost:3001/ -> net::ERR_CONNECTION_REFUSED
2022-05-25 16:04:26 ERROR    Failure: 46822577063395887337747847899479931724 : http://localhost:3001/ -> Failed to load resource: net::ERR_CONNECTION_REFUSED
2022-05-25 16:04:36 ERROR    Failure: 223684313413012242652925975724179693671 : http://localhost:3001/ -> net::ERR_CONNECTION_REFUSED
2022-05-25 16:04:36 ERROR    Failure: 46822577063395887337747847899479931724 : http://localhost:3001/ -> Failed to load resource: net::ERR_CONNECTION_REFUSED
2022-05-25 16:04:41 ERROR    Failure: 262513326802567628094931167029883077585 : http://localhost:3001/ -> net::ERR_ABORTED
2022-05-25 16:04:42 ERROR    Failure: 223684313413012242652925975724179693671 : http://localhost:3001/ -> net::ERR_CONNECTION_REFUSED
2022-05-25 16:04:42 ERROR    Failure: 46822577063395887337747847899479931724 : http://localhost:3001/ -> Failed to load resource: net::ERR_CONNECTION_REFUSED
2022-05-25 16:04:50 ERROR    Failure: 223684313413012242652925975724179693671 : http://localhost:3001/ -> net::ERR_CONNECTION_REFUSED
2022-05-25 16:04:50 ERROR    Failure: 46822577063395887337747847899479931724 : http://localhost:3001/ -> Failed to load resource: net::ERR_CONNECTION_REFUSED
2022-05-25 16:04:55 ERROR    Failure: 223684313413012242652925975724179693671 : http://localhost:3001/ -> net::ERR_CONNECTION_REFUSED
2022-05-25 16:04:55 ERROR    Failure: 46822577063395887337747847899479931724 : http://localhost:3001/ -> Failed to load resource: net::ERR_CONNECTION_REFUSED
2022-05-25 16:05:05 ERROR    Failure: 223684313413012242652925975724179693671 : http://localhost:3001/ -> net::ERR_CONNECTION_REFUSED
2022-05-25 16:05:05 ERROR    Failure: 46822577063395887337747847899479931724 : http://localhost:3001/ -> Failed to load resource: net::ERR_CONNECTION_REFUSED
2022-05-25 16:05:15 ERROR    Failure: 223684313413012242652925975724179693671 : http://localhost:3001/ -> net::ERR_CONNECTION_REFUSED
2022-05-25 16:05:15 ERROR    Failure: 46822577063395887337747847899479931724 : http://localhost:3001/ -> Failed to load resource: net::ERR_CONNECTION_REFUSED
2022-05-25 16:05:29 ERROR    Failure: 223684313413012242652925975724179693671 : http://localhost:3001/ -> net::ERR_CONNECTION_REFUSED
2022-05-25 16:05:29 ERROR    Failure: 46822577063395887337747847899479931724 : http://localhost:3001/ -> Failed to load resource: net::ERR_CONNECTION_REFUSED
2022-05-25 16:05:39 ERROR    Failure: 223684313413012242652925975724179693671 : http://localhost:3001/ -> net::ERR_CONNECTION_REFUSED
2022-05-25 16:05:39 ERROR    Failure: 46822577063395887337747847899479931724 : http://localhost:3001/ -> Failed to load resource: net::ERR_CONNECTION_REFUSED
2022-05-25 16:05:49 ERROR    Failure: 223684313413012242652925975724179693671 : http://localhost:3001/ -> net::ERR_CONNECTION_REFUSED
2022-05-25 16:05:49 ERROR    Failure: 46822577063395887337747847899479931724 : http://localhost:3001/ -> Failed to load resource: net::ERR_CONNECTION_REFUSED
2022-05-25 16:05:59 ERROR    Failure: 223684313413012242652925975724179693671 : http://localhost:3001/ -> net::ERR_CONNECTION_REFUSED
2022-05-25 16:05:59 ERROR    Failure: 46822577063395887337747847899479931724 : http://localhost:3001/ -> Failed to load resource: net::ERR_CONNECTION_REFUSED
2022-05-25 16:06:05 ERROR    Failure: 262513326802567628094931167029883077585 : http://localhost:3001/wallets -> net::ERR_ABORTED
2022-05-25 16:06:07 ERROR    Failure: 223684313413012242652925975724179693671 : http://localhost:3001/ -> net::ERR_CONNECTION_REFUSED
2022-05-25 16:06:07 ERROR    Failure: 46822577063395887337747847899479931724 : http://localhost:3001/ -> Failed to load resource: net::ERR_CONNECTION_REFUSED
2022-05-25 16:06:15 ERROR    Failure: 223684313413012242652925975724179693671 : http://localhost:3001/ -> net::ERR_CONNECTION_REFUSED
2022-05-25 16:06:15 ERROR    Failure: 46822577063395887337747847899479931724 : http://localhost:3001/ -> Failed to load resource: net::ERR_CONNECTION_REFUSED
2022-05-25 16:06:20 ERROR    Failure: 223684313413012242652925975724179693671 : http://localhost:3001/ -> net::ERR_CONNECTION_REFUSED
2022-05-25 16:06:20 ERROR    Failure: 46822577063395887337747847899479931724 : http://localhost:3001/ -> Failed to load resource: net::ERR_CONNECTION_REFUSED
2022-05-25 16:06:32 ERROR    Failure: 223684313413012242652925975724179693671 : http://localhost:3001/ -> net::ERR_CONNECTION_REFUSED
2022-05-25 16:06:32 ERROR    Failure: 46822577063395887337747847899479931724 : http://localhost:3001/ -> Failed to load resource: net::ERR_CONNECTION_REFUSED
2022-05-25 16:06:45 ERROR    Failure: 223684313413012242652925975724179693671 : http://localhost:3001/ -> net::ERR_CONNECTION_REFUSED
2022-05-25 16:06:45 ERROR    Failure: 46822577063395887337747847899479931724 : http://localhost:3001/ -> Failed to load resource: net::ERR_CONNECTION_REFUSED
2022-05-25 16:06:53 ERROR    Failure: 223684313413012242652925975724179693671 : http://localhost:3001/ -> net::ERR_CONNECTION_REFUSED
2022-05-25 16:06:53 ERROR    Failure: 46822577063395887337747847899479931724 : http://localhost:3001/ -> Failed to load resource: net::ERR_CONNECTION_REFUSED
2022-05-25 16:07:04 ERROR    Failure: 223684313413012242652925975724179693671 : http://localhost:3001/ -> net::ERR_CONNECTION_REFUSED
2022-05-25 16:07:04 ERROR    Failure: 46822577063395887337747847899479931724 : http://localhost:3001/ -> Failed to load resource: net::ERR_CONNECTION_REFUSED
2022-05-25 16:07:12 ERROR    Failure: 223684313413012242652925975724179693671 : http://localhost:3001/ -> net::ERR_CONNECTION_REFUSED
2022-05-25 16:07:12 ERROR    Failure: 46822577063395887337747847899479931724 : http://localhost:3001/ -> Failed to load resource: net::ERR_CONNECTION_REFUSED
2022-05-25 16:07:26 ERROR    Failure: 223684313413012242652925975724179693671 : http://localhost:3001/ -> net::ERR_CONNECTION_REFUSED
2022-05-25 16:07:26 ERROR    Failure: 46822577063395887337747847899479931724 : http://localhost:3001/ -> Failed to load resource: net::ERR_CONNECTION_REFUSED
2022-05-25 16:07:35 ERROR    Failure: 262513326802567628094931167029883077585 : http://localhost:3001/wallets -> net::ERR_ABORTED
2022-05-25 16:07:39 ERROR    Failure: 223684313413012242652925975724179693671 : http://localhost:3001/ -> net::ERR_CONNECTION_REFUSED
2022-05-25 16:07:39 ERROR    Failure: 46822577063395887337747847899479931724 : http://localhost:3001/ -> Failed to load resource: net::ERR_CONNECTION_REFUSED
2022-05-25 16:07:51 ERROR    Failure: 223684313413012242652925975724179693671 : http://localhost:3001/ -> net::ERR_CONNECTION_REFUSED
2022-05-25 16:07:51 ERROR    Failure: 46822577063395887337747847899479931724 : http://localhost:3001/ -> Failed to load resource: net::ERR_CONNECTION_REFUSED
2022-05-25 16:08:01 ERROR    Failure: 223684313413012242652925975724179693671 : http://localhost:3001/ -> net::ERR_CONNECTION_REFUSED
2022-05-25 16:08:01 ERROR    Failure: 46822577063395887337747847899479931724 : http://localhost:3001/ -> Failed to load resource: net::ERR_CONNECTION_REFUSED
2022-05-25 16:08:06 ERROR    Failure: 244380854607818280429043870923574460711 : http://localhost:3001/plans -> net::ERR_NAME_NOT_RESOLVED
2022-05-25 16:08:06 ERROR    Failure: 223684313413012242652925975724179693671 : http://localhost:3001/ -> net::ERR_CONNECTION_REFUSED
2022-05-25 16:08:06 ERROR    Failure: 46822577063395887337747847899479931724 : http://localhost:3001/ -> Failed to load resource: net::ERR_CONNECTION_REFUSED
2022-05-25 16:08:15 ERROR    Failure: 223684313413012242652925975724179693671 : http://localhost:3001/ -> net::ERR_CONNECTION_REFUSED
2022-05-25 16:08:15 ERROR    Failure: 46822577063395887337747847899479931724 : http://localhost:3001/ -> Failed to load resource: net::ERR_CONNECTION_REFUSED
2022-05-25 16:08:27 ERROR    Failure: 223684313413012242652925975724179693671 : http://localhost:3001/ -> net::ERR_CONNECTION_REFUSED
2022-05-25 16:08:27 ERROR    Failure: 46822577063395887337747847899479931724 : http://localhost:3001/ -> Failed to load resource: net::ERR_CONNECTION_REFUSED
2022-05-25 16:08:31 ERROR    Failure: 262513326802567628094931167029883077585 : http://localhost:3001/profile -> net::ERR_ABORTED
2022-05-25 16:08:31 ERROR    Failure: 223684313413012242652925975724179693671 : http://localhost:3001/ -> net::ERR_CONNECTION_REFUSED
2022-05-25 16:08:31 ERROR    Failure: 46822577063395887337747847899479931724 : http://localhost:3001/ -> Failed to load resource: net::ERR_CONNECTION_REFUSED
2022-05-25 16:08:46 ERROR    Failure: 223684313413012242652925975724179693671 : http://localhost:3001/ -> net::ERR_CONNECTION_REFUSED
2022-05-25 16:08:46 ERROR    Failure: 46822577063395887337747847899479931724 : http://localhost:3001/ -> Failed to load resource: net::ERR_CONNECTION_REFUSED
2022-05-25 16:08:56 ERROR    Failure: 223684313413012242652925975724179693671 : http://localhost:3001/ -> net::ERR_CONNECTION_REFUSED
2022-05-25 16:08:56 ERROR    Failure: 46822577063395887337747847899479931724 : http://localhost:3001/ -> Failed to load resource: net::ERR_CONNECTION_REFUSED
2022-05-25 16:09:04 ERROR    Failure: 262513326802567628094931167029883077585 : http://localhost:3001/wallets -> net::ERR_ABORTED
2022-05-25 16:09:08 ERROR    Failure: 223684313413012242652925975724179693671 : http://localhost:3001/ -> net::ERR_CONNECTION_REFUSED
2022-05-25 16:09:08 ERROR    Failure: 46822577063395887337747847899479931724 : http://localhost:3001/ -> Failed to load resource: net::ERR_CONNECTION_REFUSED
2022-05-25 16:09:13 ERROR    Failure: 262513326802567628094931167029883077585 : http://localhost:3001/plans -> net::ERR_ABORTED
2022-05-25 16:09:21 ERROR    Failure: 223684313413012242652925975724179693671 : http://localhost:3001/ -> net::ERR_CONNECTION_REFUSED
2022-05-25 16:09:21 ERROR    Failure: 46822577063395887337747847899479931724 : http://localhost:3001/ -> Failed to load resource: net::ERR_CONNECTION_REFUSED
2022-05-25 16:09:26 ERROR    Failure: 223684313413012242652925975724179693671 : http://localhost:3001/ -> net::ERR_CONNECTION_REFUSED
2022-05-25 16:09:26 ERROR    Failure: 46822577063395887337747847899479931724 : http://localhost:3001/ -> Failed to load resource: net::ERR_CONNECTION_REFUSED
2022-05-25 16:09:33 ERROR    Failure: 262513326802567628094931167029883077585 : http://localhost:3001/plans -> net::ERR_ABORTED
2022-05-25 16:09:35 ERROR    Failure: 223684313413012242652925975724179693671 : http://localhost:3001/ -> net::ERR_CONNECTION_REFUSED
2022-05-25 16:09:35 ERROR    Failure: 46822577063395887337747847899479931724 : http://localhost:3001/ -> Failed to load resource: net::ERR_CONNECTION_REFUSED
2022-05-25 16:09:45 ERROR    Failure: 223684313413012242652925975724179693671 : http://localhost:3001/ -> net::ERR_CONNECTION_REFUSED
2022-05-25 16:09:45 ERROR    Failure: 46822577063395887337747847899479931724 : http://localhost:3001/ -> Failed to load resource: net::ERR_CONNECTION_REFUSED
2022-05-25 16:09:59 ERROR    Failure: 223684313413012242652925975724179693671 : http://localhost:3001/ -> net::ERR_CONNECTION_REFUSED
2022-05-25 16:09:59 ERROR    Failure: 46822577063395887337747847899479931724 : http://localhost:3001/ -> Failed to load resource: net::ERR_CONNECTION_REFUSED
2022-05-25 16:10:09 ERROR    Failure: 223684313413012242652925975724179693671 : http://localhost:3001/ -> net::ERR_CONNECTION_REFUSED
2022-05-25 16:10:09 ERROR    Failure: 46822577063395887337747847899479931724 : http://localhost:3001/ -> Failed to load resource: net::ERR_CONNECTION_REFUSED
2022-05-25 16:10:16 ERROR    Failure: 223684313413012242652925975724179693671 : http://localhost:3001/ -> net::ERR_CONNECTION_REFUSED
2022-05-25 16:10:16 ERROR    Failure: 46822577063395887337747847899479931724 : http://localhost:3001/ -> Failed to load resource: net::ERR_CONNECTION_REFUSED
2022-05-25 16:10:21 ERROR    Failure: 262513326802567628094931167029883077585 : http://localhost:3001/wallets -> net::ERR_ABORTED
2022-05-25 16:10:27 ERROR    Failure: 223684313413012242652925975724179693671 : http://localhost:3001/ -> net::ERR_CONNECTION_REFUSED
2022-05-25 16:10:27 ERROR    Failure: 46822577063395887337747847899479931724 : http://localhost:3001/ -> Failed to load resource: net::ERR_CONNECTION_REFUSED
2022-05-25 16:10:32 ERROR    Failure: 223684313413012242652925975724179693671 : http://localhost:3001/ -> net::ERR_CONNECTION_REFUSED
2022-05-25 16:10:32 ERROR    Failure: 46822577063395887337747847899479931724 : http://localhost:3001/ -> Failed to load resource: net::ERR_CONNECTION_REFUSED
2022-05-25 16:10:44 ERROR    Failure: 223684313413012242652925975724179693671 : http://localhost:3001/ -> net::ERR_CONNECTION_REFUSED
2022-05-25 16:10:44 ERROR    Failure: 46822577063395887337747847899479931724 : http://localhost:3001/ -> Failed to load resource: net::ERR_CONNECTION_REFUSED
2022-05-25 16:10:56 ERROR    Failure: 223684313413012242652925975724179693671 : http://localhost:3001/ -> net::ERR_CONNECTION_REFUSED
2022-05-25 16:10:56 ERROR    Failure: 46822577063395887337747847899479931724 : http://localhost:3001/ -> Failed to load resource: net::ERR_CONNECTION_REFUSED
2022-05-25 16:11:07 ERROR    Failure: 223684313413012242652925975724179693671 : http://localhost:3001/ -> net::ERR_CONNECTION_REFUSED
2022-05-25 16:11:07 ERROR    Failure: 46822577063395887337747847899479931724 : http://localhost:3001/ -> Failed to load resource: net::ERR_CONNECTION_REFUSED
2022-05-25 16:11:17 ERROR    Failure: 223684313413012242652925975724179693671 : http://localhost:3001/ -> net::ERR_CONNECTION_REFUSED
2022-05-25 16:11:17 ERROR    Failure: 46822577063395887337747847899479931724 : http://localhost:3001/ -> Failed to load resource: net::ERR_CONNECTION_REFUSED
2022-05-25 16:11:29 ERROR    Failure: 223684313413012242652925975724179693671 : http://localhost:3001/ -> net::ERR_CONNECTION_REFUSED
2022-05-25 16:11:29 ERROR    Failure: 46822577063395887337747847899479931724 : http://localhost:3001/ -> Failed to load resource: net::ERR_CONNECTION_REFUSED
2022-05-25 16:11:39 ERROR    Failure: 223684313413012242652925975724179693671 : http://localhost:3001/ -> net::ERR_CONNECTION_REFUSED
2022-05-25 16:11:39 ERROR    Failure: 46822577063395887337747847899479931724 : http://localhost:3001/ -> Failed to load resource: net::ERR_CONNECTION_REFUSED
2022-05-25 16:11:51 ERROR    Failure: 223684313413012242652925975724179693671 : http://localhost:3001/ -> net::ERR_CONNECTION_REFUSED
2022-05-25 16:11:51 ERROR    Failure: 46822577063395887337747847899479931724 : http://localhost:3001/ -> Failed to load resource: net::ERR_CONNECTION_REFUSED
2022-05-25 16:12:01 ERROR    Failure: 262513326802567628094931167029883077585 : http://localhost:3001/wallets -> net::ERR_ABORTED
2022-05-25 16:12:01 ERROR    Failure: 223684313413012242652925975724179693671 : http://localhost:3001/ -> net::ERR_CONNECTION_REFUSED
2022-05-25 16:12:01 ERROR    Failure: 46822577063395887337747847899479931724 : http://localhost:3001/ -> Failed to load resource: net::ERR_CONNECTION_REFUSED
2022-05-25 16:12:06 ERROR    Failure: 223684313413012242652925975724179693671 : http://localhost:3001/ -> net::ERR_CONNECTION_REFUSED
2022-05-25 16:12:06 ERROR    Failure: 46822577063395887337747847899479931724 : http://localhost:3001/ -> Failed to load resource: net::ERR_CONNECTION_REFUSED
2022-05-25 16:12:19 ERROR    Failure: 223684313413012242652925975724179693671 : http://localhost:3001/ -> net::ERR_CONNECTION_REFUSED
2022-05-25 16:12:19 ERROR    Failure: 46822577063395887337747847899479931724 : http://localhost:3001/ -> Failed to load resource: net::ERR_CONNECTION_REFUSED
2022-05-25 16:12:28 ERROR    Failure: 223684313413012242652925975724179693671 : http://localhost:3001/ -> net::ERR_CONNECTION_REFUSED
2022-05-25 16:12:28 ERROR    Failure: 46822577063395887337747847899479931724 : http://localhost:3001/ -> Failed to load resource: net::ERR_CONNECTION_REFUSED
2022-05-25 16:12:36 ERROR    Failure: 223684313413012242652925975724179693671 : http://localhost:3001/ -> net::ERR_CONNECTION_REFUSED
2022-05-25 16:12:36 ERROR    Failure: 46822577063395887337747847899479931724 : http://localhost:3001/ -> Failed to load resource: net::ERR_CONNECTION_REFUSED
2022-05-25 16:12:42 ERROR    Failure: 223684313413012242652925975724179693671 : http://localhost:3001/ -> net::ERR_CONNECTION_REFUSED
2022-05-25 16:12:42 ERROR    Failure: 46822577063395887337747847899479931724 : http://localhost:3001/ -> Failed to load resource: net::ERR_CONNECTION_REFUSED
2022-05-25 16:12:54 ERROR    Failure: 223684313413012242652925975724179693671 : http://localhost:3001/ -> net::ERR_CONNECTION_REFUSED
2022-05-25 16:12:54 ERROR    Failure: 46822577063395887337747847899479931724 : http://localhost:3001/ -> Failed to load resource: net::ERR_CONNECTION_REFUSED
2022-05-25 16:13:00 ERROR    Failure: 262513326802567628094931167029883077585 : http://localhost:3001/wallets -> net::ERR_ABORTED
2022-05-25 16:13:07 ERROR    Failure: 223684313413012242652925975724179693671 : http://localhost:3001/ -> net::ERR_CONNECTION_REFUSED
2022-05-25 16:13:07 ERROR    Failure: 46822577063395887337747847899479931724 : http://localhost:3001/ -> Failed to load resource: net::ERR_CONNECTION_REFUSED
2022-05-25 16:13:14 ERROR    Failure: 262513326802567628094931167029883077585 : http://localhost:3001/wallets -> net::ERR_ABORTED
2022-05-25 16:13:20 ERROR    Failure: 223684313413012242652925975724179693671 : http://localhost:3001/ -> net::ERR_CONNECTION_REFUSED
2022-05-25 16:13:20 ERROR    Failure: 46822577063395887337747847899479931724 : http://localhost:3001/ -> Failed to load resource: net::ERR_CONNECTION_REFUSED
2022-05-25 16:13:33 ERROR    Failure: 223684313413012242652925975724179693671 : http://localhost:3001/ -> net::ERR_CONNECTION_REFUSED
2022-05-25 16:13:33 ERROR    Failure: 46822577063395887337747847899479931724 : http://localhost:3001/ -> Failed to load resource: net::ERR_CONNECTION_REFUSED
2022-05-25 16:13:42 ERROR    Failure: 223684313413012242652925975724179693671 : http://localhost:3001/ -> net::ERR_CONNECTION_REFUSED
2022-05-25 16:13:42 ERROR    Failure: 46822577063395887337747847899479931724 : http://localhost:3001/ -> Failed to load resource: net::ERR_CONNECTION_REFUSED
2022-05-25 16:13:45 ERROR    Failure: 262513326802567628094931167029883077585 : http://localhost:3001/wallets -> net::ERR_ABORTED
2022-05-25 16:13:54 ERROR    Failure: 223684313413012242652925975724179693671 : http://localhost:3001/ -> net::ERR_CONNECTION_REFUSED
2022-05-25 16:13:54 ERROR    Failure: 46822577063395887337747847899479931724 : http://localhost:3001/ -> Failed to load resource: net::ERR_CONNECTION_REFUSED
2022-05-25 16:14:06 ERROR    Failure: 223684313413012242652925975724179693671 : http://localhost:3001/ -> net::ERR_CONNECTION_REFUSED
2022-05-25 16:14:06 ERROR    Failure: 46822577063395887337747847899479931724 : http://localhost:3001/ -> Failed to load resource: net::ERR_CONNECTION_REFUSED
2022-05-25 16:14:10 ERROR    Failure: 262513326802567628094931167029883077585 : http://localhost:3001/profile -> net::ERR_ABORTED
2022-05-25 16:14:17 ERROR    Failure: 223684313413012242652925975724179693671 : http://localhost:3001/ -> net::ERR_CONNECTION_REFUSED
2022-05-25 16:14:17 ERROR    Failure: 46822577063395887337747847899479931724 : http://localhost:3001/ -> Failed to load resource: net::ERR_CONNECTION_REFUSED
2022-05-25 16:14:22 ERROR    Failure: 262513326802567628094931167029883077585 : http://localhost:3001/wallets -> net::ERR_ABORTED
2022-05-25 16:14:28 ERROR    Failure: 262513326802567628094931167029883077585 : http://localhost:3001/wallets -> net::ERR_ABORTED
2022-05-25 16:14:29 ERROR    Failure: 223684313413012242652925975724179693671 : http://localhost:3001/ -> net::ERR_CONNECTION_REFUSED
2022-05-25 16:14:29 ERROR    Failure: 46822577063395887337747847899479931724 : http://localhost:3001/ -> Failed to load resource: net::ERR_CONNECTION_REFUSED
2022-05-25 16:14:37 ERROR    Failure: 262513326802567628094931167029883077585 : http://localhost:3001/wallets -> net::ERR_ABORTED
2022-05-25 16:14:41 WARNING  Finished
2022-05-25 16:14:41 WARNING  (Failure Count, Coverage Percentage) : (8, 0.6576416494165491)
2022-05-25 16:14:41 ERROR    223684313413012242652925975724179693671 : http://localhost:3001/ -> net::ERR_CONNECTION_REFUSED
2022-05-25 16:14:41 ERROR    46822577063395887337747847899479931724 : http://localhost:3001/ -> Failed to load resource: net::ERR_CONNECTION_REFUSED
2022-05-25 16:14:41 ERROR    262513326802567628094931167029883077585 : http://localhost:3001/wallets -> net::ERR_ABORTED
2022-05-25 16:14:41 ERROR    244380854607818280429043870923574460711 : http://localhost:3001/plans -> net::ERR_NAME_NOT_RESOLVED
2022-05-25 16:14:41 ERROR    308456024496458010238934008866544207221 : http://localhost:3001/wallets/61 -> views/parts/transactions.js | Waking up
2022-05-25 16:14:41 ERROR    129787747697562552545583625281097726382 : http://localhost:3001/wallets/61 -> views/parts/wallet_plans.js | Waking up
2022-05-25 16:14:41 ERROR    222203509631151183416754876323321821974 : http://localhost:3001/ -> Failed to load resource: the server responded with a status of 500 (Internal Server Error)
2022-05-25 16:14:41 ERROR    319386708942420011211784974215793760940 : http://localhost:3001/ -> status code(500) -> {"message":"Cannot read property 'auth' of null"}
