2022-05-25 15:43:41 WARNING  Starting
2022-05-25 15:43:42 ERROR    Failure: 223684313413012242652925975724179693671 : http://localhost:3001/ -> net::ERR_CONNECTION_REFUSED
2022-05-25 15:43:42 ERROR    Failure: 46822577063395887337747847899479931724 : http://localhost:3001/ -> Failed to load resource: net::ERR_CONNECTION_REFUSED
2022-05-25 15:43:43 ERROR    Failure: 326610938439124994635899982104117736956 : http://localhost:3001/ -> net::ERR_ADDRESS_UNREACHABLE
2022-05-25 15:43:43 ERROR    Failure: 83876641758769678671030108797116882605 : http://localhost:3001/ -> Failed to load resource: net::ERR_ADDRESS_UNREACHABLE
2022-05-25 15:44:12 ERROR    Failure: 223684313413012242652925975724179693671 : http://localhost:3001/ -> net::ERR_CONNECTION_REFUSED
2022-05-25 15:44:12 ERROR    Failure: 46822577063395887337747847899479931724 : http://localhost:3001/ -> Failed to load resource: net::ERR_CONNECTION_REFUSED
2022-05-25 15:44:42 ERROR    Failure: 223684313413012242652925975724179693671 : http://localhost:3001/ -> net::ERR_CONNECTION_REFUSED
2022-05-25 15:44:42 ERROR    Failure: 46822577063395887337747847899479931724 : http://localhost:3001/ -> Failed to load resource: net::ERR_CONNECTION_REFUSED
2022-05-25 15:44:57 ERROR    Failure: 223684313413012242652925975724179693671 : http://localhost:3001/ -> net::ERR_CONNECTION_REFUSED
2022-05-25 15:44:57 ERROR    Failure: 46822577063395887337747847899479931724 : http://localhost:3001/ -> Failed to load resource: net::ERR_CONNECTION_REFUSED
2022-05-25 15:45:07 ERROR    Failure: 223684313413012242652925975724179693671 : http://localhost:3001/ -> net::ERR_CONNECTION_REFUSED
2022-05-25 15:45:07 ERROR    Failure: 46822577063395887337747847899479931724 : http://localhost:3001/ -> Failed to load resource: net::ERR_CONNECTION_REFUSED
2022-05-25 15:45:11 ERROR    Failure: 244380854607818280429043870923574460711 : http://localhost:3001/ -> net::ERR_NAME_NOT_RESOLVED
2022-05-25 15:45:12 ERROR    Failure: 223684313413012242652925975724179693671 : http://localhost:3001/ -> net::ERR_CONNECTION_REFUSED
2022-05-25 15:45:12 ERROR    Failure: 46822577063395887337747847899479931724 : http://localhost:3001/ -> Failed to load resource: net::ERR_CONNECTION_REFUSED
2022-05-25 15:45:20 ERROR    Failure: 223684313413012242652925975724179693671 : http://localhost:3001/ -> net::ERR_CONNECTION_REFUSED
2022-05-25 15:45:20 ERROR    Failure: 46822577063395887337747847899479931724 : http://localhost:3001/ -> Failed to load resource: net::ERR_CONNECTION_REFUSED
2022-05-25 15:45:28 ERROR    Failure: 223684313413012242652925975724179693671 : http://localhost:3001/ -> net::ERR_CONNECTION_REFUSED
2022-05-25 15:45:28 ERROR    Failure: 46822577063395887337747847899479931724 : http://localhost:3001/ -> Failed to load resource: net::ERR_CONNECTION_REFUSED
2022-05-25 15:45:41 ERROR    Failure: 223684313413012242652925975724179693671 : http://localhost:3001/ -> net::ERR_CONNECTION_REFUSED
2022-05-25 15:45:41 ERROR    Failure: 46822577063395887337747847899479931724 : http://localhost:3001/ -> Failed to load resource: net::ERR_CONNECTION_REFUSED
2022-05-25 15:45:50 ERROR    Failure: 223684313413012242652925975724179693671 : http://localhost:3001/ -> net::ERR_CONNECTION_REFUSED
2022-05-25 15:45:50 ERROR    Failure: 46822577063395887337747847899479931724 : http://localhost:3001/ -> Failed to load resource: net::ERR_CONNECTION_REFUSED
2022-05-25 15:45:58 ERROR    Failure: 223684313413012242652925975724179693671 : http://localhost:3001/ -> net::ERR_CONNECTION_REFUSED
2022-05-25 15:45:58 ERROR    Failure: 46822577063395887337747847899479931724 : http://localhost:3001/ -> Failed to load resource: net::ERR_CONNECTION_REFUSED
2022-05-25 15:46:04 ERROR    Failure: 223684313413012242652925975724179693671 : http://localhost:3001/ -> net::ERR_CONNECTION_REFUSED
2022-05-25 15:46:04 ERROR    Failure: 46822577063395887337747847899479931724 : http://localhost:3001/ -> Failed to load resource: net::ERR_CONNECTION_REFUSED
2022-05-25 15:46:13 ERROR    Failure: 223684313413012242652925975724179693671 : http://localhost:3001/ -> net::ERR_CONNECTION_REFUSED
2022-05-25 15:46:13 ERROR    Failure: 46822577063395887337747847899479931724 : http://localhost:3001/ -> Failed to load resource: net::ERR_CONNECTION_REFUSED
2022-05-25 15:46:19 ERROR    Failure: 223684313413012242652925975724179693671 : http://localhost:3001/ -> net::ERR_CONNECTION_REFUSED
2022-05-25 15:46:19 ERROR    Failure: 46822577063395887337747847899479931724 : http://localhost:3001/ -> Failed to load resource: net::ERR_CONNECTION_REFUSED
2022-05-25 15:46:28 ERROR    Failure: 223684313413012242652925975724179693671 : http://localhost:3001/ -> net::ERR_CONNECTION_REFUSED
2022-05-25 15:46:28 ERROR    Failure: 46822577063395887337747847899479931724 : http://localhost:3001/ -> Failed to load resource: net::ERR_CONNECTION_REFUSED
2022-05-25 15:46:36 ERROR    Failure: 223684313413012242652925975724179693671 : http://localhost:3001/ -> net::ERR_CONNECTION_REFUSED
2022-05-25 15:46:36 ERROR    Failure: 46822577063395887337747847899479931724 : http://localhost:3001/ -> Failed to load resource: net::ERR_CONNECTION_REFUSED
2022-05-25 15:46:39 ERROR    Failure: 262513326802567628094931167029883077585 : http://localhost:3001/ -> net::ERR_ABORTED
2022-05-25 15:46:43 ERROR    Failure: 223684313413012242652925975724179693671 : http://localhost:3001/ -> net::ERR_CONNECTION_REFUSED
2022-05-25 15:46:43 ERROR    Failure: 46822577063395887337747847899479931724 : http://localhost:3001/ -> Failed to load resource: net::ERR_CONNECTION_REFUSED
2022-05-25 15:46:47 ERROR    Failure: 262513326802567628094931167029883077585 : http://localhost:3001/profile -> net::ERR_ABORTED
2022-05-25 15:46:49 ERROR    Failure: 223684313413012242652925975724179693671 : http://localhost:3001/ -> net::ERR_CONNECTION_REFUSED
2022-05-25 15:46:49 ERROR    Failure: 46822577063395887337747847899479931724 : http://localhost:3001/ -> Failed to load resource: net::ERR_CONNECTION_REFUSED
2022-05-25 15:46:56 ERROR    Failure: 223684313413012242652925975724179693671 : http://localhost:3001/ -> net::ERR_CONNECTION_REFUSED
2022-05-25 15:46:56 ERROR    Failure: 46822577063395887337747847899479931724 : http://localhost:3001/ -> Failed to load resource: net::ERR_CONNECTION_REFUSED
2022-05-25 15:47:06 ERROR    Failure: 223684313413012242652925975724179693671 : http://localhost:3001/ -> net::ERR_CONNECTION_REFUSED
2022-05-25 15:47:06 ERROR    Failure: 46822577063395887337747847899479931724 : http://localhost:3001/ -> Failed to load resource: net::ERR_CONNECTION_REFUSED
2022-05-25 15:47:12 ERROR    Failure: 223684313413012242652925975724179693671 : http://localhost:3001/ -> net::ERR_CONNECTION_REFUSED
2022-05-25 15:47:12 ERROR    Failure: 46822577063395887337747847899479931724 : http://localhost:3001/ -> Failed to load resource: net::ERR_CONNECTION_REFUSED
2022-05-25 15:47:22 ERROR    Failure: 223684313413012242652925975724179693671 : http://localhost:3001/ -> net::ERR_CONNECTION_REFUSED
2022-05-25 15:47:22 ERROR    Failure: 46822577063395887337747847899479931724 : http://localhost:3001/ -> Failed to load resource: net::ERR_CONNECTION_REFUSED
2022-05-25 15:47:29 ERROR    Failure: 223684313413012242652925975724179693671 : http://localhost:3001/ -> net::ERR_CONNECTION_REFUSED
2022-05-25 15:47:29 ERROR    Failure: 46822577063395887337747847899479931724 : http://localhost:3001/ -> Failed to load resource: net::ERR_CONNECTION_REFUSED
2022-05-25 15:47:34 ERROR    Failure: 262513326802567628094931167029883077585 : http://localhost:3001/wallets -> net::ERR_ABORTED
2022-05-25 15:47:39 ERROR    Failure: 223684313413012242652925975724179693671 : http://localhost:3001/ -> net::ERR_CONNECTION_REFUSED
2022-05-25 15:47:39 ERROR    Failure: 46822577063395887337747847899479931724 : http://localhost:3001/ -> Failed to load resource: net::ERR_CONNECTION_REFUSED
2022-05-25 15:47:46 ERROR    Failure: 223684313413012242652925975724179693671 : http://localhost:3001/ -> net::ERR_CONNECTION_REFUSED
2022-05-25 15:47:46 ERROR    Failure: 46822577063395887337747847899479931724 : http://localhost:3001/ -> Failed to load resource: net::ERR_CONNECTION_REFUSED
2022-05-25 15:47:57 ERROR    Failure: 223684313413012242652925975724179693671 : http://localhost:3001/ -> net::ERR_CONNECTION_REFUSED
2022-05-25 15:47:57 ERROR    Failure: 46822577063395887337747847899479931724 : http://localhost:3001/ -> Failed to load resource: net::ERR_CONNECTION_REFUSED
2022-05-25 15:48:01 ERROR    Failure: 223684313413012242652925975724179693671 : http://localhost:3001/ -> net::ERR_CONNECTION_REFUSED
2022-05-25 15:48:01 ERROR    Failure: 46822577063395887337747847899479931724 : http://localhost:3001/ -> Failed to load resource: net::ERR_CONNECTION_REFUSED
2022-05-25 15:48:12 ERROR    Failure: 223684313413012242652925975724179693671 : http://localhost:3001/ -> net::ERR_CONNECTION_REFUSED
2022-05-25 15:48:12 ERROR    Failure: 46822577063395887337747847899479931724 : http://localhost:3001/ -> Failed to load resource: net::ERR_CONNECTION_REFUSED
2022-05-25 15:48:18 ERROR    Failure: 308456024496458010238934008866544207221 : http://localhost:3001/wallets/21 -> views/parts/transactions.js | Waking up
2022-05-25 15:48:18 ERROR    Failure: 129787747697562552545583625281097726382 : http://localhost:3001/wallets/21 -> views/parts/wallet_plans.js | Waking up
2022-05-25 15:48:22 ERROR    Failure: 223684313413012242652925975724179693671 : http://localhost:3001/ -> net::ERR_CONNECTION_REFUSED
2022-05-25 15:48:22 ERROR    Failure: 46822577063395887337747847899479931724 : http://localhost:3001/ -> Failed to load resource: net::ERR_CONNECTION_REFUSED
2022-05-25 15:48:33 ERROR    Failure: 223684313413012242652925975724179693671 : http://localhost:3001/ -> net::ERR_CONNECTION_REFUSED
2022-05-25 15:48:33 ERROR    Failure: 46822577063395887337747847899479931724 : http://localhost:3001/ -> Failed to load resource: net::ERR_CONNECTION_REFUSED
2022-05-25 15:48:41 ERROR    Failure: 223684313413012242652925975724179693671 : http://localhost:3001/ -> net::ERR_CONNECTION_REFUSED
2022-05-25 15:48:41 ERROR    Failure: 46822577063395887337747847899479931724 : http://localhost:3001/ -> Failed to load resource: net::ERR_CONNECTION_REFUSED
2022-05-25 15:48:51 ERROR    Failure: 223684313413012242652925975724179693671 : http://localhost:3001/ -> net::ERR_CONNECTION_REFUSED
2022-05-25 15:48:51 ERROR    Failure: 46822577063395887337747847899479931724 : http://localhost:3001/ -> Failed to load resource: net::ERR_CONNECTION_REFUSED
2022-05-25 15:49:01 ERROR    Failure: 223684313413012242652925975724179693671 : http://localhost:3001/ -> net::ERR_CONNECTION_REFUSED
2022-05-25 15:49:01 ERROR    Failure: 46822577063395887337747847899479931724 : http://localhost:3001/ -> Failed to load resource: net::ERR_CONNECTION_REFUSED
2022-05-25 15:49:11 ERROR    Failure: 223684313413012242652925975724179693671 : http://localhost:3001/ -> net::ERR_CONNECTION_REFUSED
2022-05-25 15:49:11 ERROR    Failure: 46822577063395887337747847899479931724 : http://localhost:3001/ -> Failed to load resource: net::ERR_CONNECTION_REFUSED
2022-05-25 15:49:17 ERROR    Failure: 262513326802567628094931167029883077585 : http://localhost:3001/ -> net::ERR_ABORTED
2022-05-25 15:49:20 ERROR    Failure: 223684313413012242652925975724179693671 : http://localhost:3001/ -> net::ERR_CONNECTION_REFUSED
2022-05-25 15:49:20 ERROR    Failure: 46822577063395887337747847899479931724 : http://localhost:3001/ -> Failed to load resource: net::ERR_CONNECTION_REFUSED
2022-05-25 15:49:28 ERROR    Failure: 223684313413012242652925975724179693671 : http://localhost:3001/ -> net::ERR_CONNECTION_REFUSED
2022-05-25 15:49:28 ERROR    Failure: 46822577063395887337747847899479931724 : http://localhost:3001/ -> Failed to load resource: net::ERR_CONNECTION_REFUSED
2022-05-25 15:49:38 ERROR    Failure: 223684313413012242652925975724179693671 : http://localhost:3001/ -> net::ERR_CONNECTION_REFUSED
2022-05-25 15:49:38 ERROR    Failure: 46822577063395887337747847899479931724 : http://localhost:3001/ -> Failed to load resource: net::ERR_CONNECTION_REFUSED
2022-05-25 15:49:49 ERROR    Failure: 223684313413012242652925975724179693671 : http://localhost:3001/ -> net::ERR_CONNECTION_REFUSED
2022-05-25 15:49:49 ERROR    Failure: 46822577063395887337747847899479931724 : http://localhost:3001/ -> Failed to load resource: net::ERR_CONNECTION_REFUSED
2022-05-25 15:50:00 ERROR    Failure: 223684313413012242652925975724179693671 : http://localhost:3001/ -> net::ERR_CONNECTION_REFUSED
2022-05-25 15:50:00 ERROR    Failure: 46822577063395887337747847899479931724 : http://localhost:3001/ -> Failed to load resource: net::ERR_CONNECTION_REFUSED
2022-05-25 15:50:11 ERROR    Failure: 223684313413012242652925975724179693671 : http://localhost:3001/ -> net::ERR_CONNECTION_REFUSED
2022-05-25 15:50:11 ERROR    Failure: 46822577063395887337747847899479931724 : http://localhost:3001/ -> Failed to load resource: net::ERR_CONNECTION_REFUSED
2022-05-25 15:50:18 ERROR    Failure: 262513326802567628094931167029883077585 : http://localhost:3001/wallets -> net::ERR_ABORTED
2022-05-25 15:50:19 ERROR    Failure: 223684313413012242652925975724179693671 : http://localhost:3001/ -> net::ERR_CONNECTION_REFUSED
2022-05-25 15:50:19 ERROR    Failure: 46822577063395887337747847899479931724 : http://localhost:3001/ -> Failed to load resource: net::ERR_CONNECTION_REFUSED
2022-05-25 15:50:29 ERROR    Failure: 223684313413012242652925975724179693671 : http://localhost:3001/ -> net::ERR_CONNECTION_REFUSED
2022-05-25 15:50:29 ERROR    Failure: 46822577063395887337747847899479931724 : http://localhost:3001/ -> Failed to load resource: net::ERR_CONNECTION_REFUSED
2022-05-25 15:50:34 ERROR    Failure: 262513326802567628094931167029883077585 : http://localhost:3001/profile -> net::ERR_ABORTED
2022-05-25 15:50:35 ERROR    Failure: 262513326802567628094931167029883077585 : http://localhost:3001/ -> net::ERR_ABORTED
2022-05-25 15:50:37 ERROR    Failure: 223684313413012242652925975724179693671 : http://localhost:3001/ -> net::ERR_CONNECTION_REFUSED
2022-05-25 15:50:37 ERROR    Failure: 46822577063395887337747847899479931724 : http://localhost:3001/ -> Failed to load resource: net::ERR_CONNECTION_REFUSED
2022-05-25 15:50:45 ERROR    Failure: 223684313413012242652925975724179693671 : http://localhost:3001/ -> net::ERR_CONNECTION_REFUSED
2022-05-25 15:50:45 ERROR    Failure: 46822577063395887337747847899479931724 : http://localhost:3001/ -> Failed to load resource: net::ERR_CONNECTION_REFUSED
2022-05-25 15:50:54 ERROR    Failure: 223684313413012242652925975724179693671 : http://localhost:3001/ -> net::ERR_CONNECTION_REFUSED
2022-05-25 15:50:54 ERROR    Failure: 46822577063395887337747847899479931724 : http://localhost:3001/ -> Failed to load resource: net::ERR_CONNECTION_REFUSED
2022-05-25 15:51:06 ERROR    Failure: 223684313413012242652925975724179693671 : http://localhost:3001/ -> net::ERR_CONNECTION_REFUSED
2022-05-25 15:51:06 ERROR    Failure: 46822577063395887337747847899479931724 : http://localhost:3001/ -> Failed to load resource: net::ERR_CONNECTION_REFUSED
2022-05-25 15:51:15 ERROR    Failure: 223684313413012242652925975724179693671 : http://localhost:3001/ -> net::ERR_CONNECTION_REFUSED
2022-05-25 15:51:15 ERROR    Failure: 46822577063395887337747847899479931724 : http://localhost:3001/ -> Failed to load resource: net::ERR_CONNECTION_REFUSED
2022-05-25 15:51:28 ERROR    Failure: 223684313413012242652925975724179693671 : http://localhost:3001/ -> net::ERR_CONNECTION_REFUSED
2022-05-25 15:51:28 ERROR    Failure: 46822577063395887337747847899479931724 : http://localhost:3001/ -> Failed to load resource: net::ERR_CONNECTION_REFUSED
2022-05-25 15:51:31 ERROR    Failure: 262513326802567628094931167029883077585 : http://localhost:3001/plans -> net::ERR_ABORTED
2022-05-25 15:51:39 ERROR    Failure: 223684313413012242652925975724179693671 : http://localhost:3001/ -> net::ERR_CONNECTION_REFUSED
2022-05-25 15:51:39 ERROR    Failure: 46822577063395887337747847899479931724 : http://localhost:3001/ -> Failed to load resource: net::ERR_CONNECTION_REFUSED
2022-05-25 15:51:48 ERROR    Failure: 223684313413012242652925975724179693671 : http://localhost:3001/ -> net::ERR_CONNECTION_REFUSED
2022-05-25 15:51:48 ERROR    Failure: 46822577063395887337747847899479931724 : http://localhost:3001/ -> Failed to load resource: net::ERR_CONNECTION_REFUSED
2022-05-25 15:51:57 ERROR    Failure: 223684313413012242652925975724179693671 : http://localhost:3001/ -> net::ERR_CONNECTION_REFUSED
2022-05-25 15:51:57 ERROR    Failure: 46822577063395887337747847899479931724 : http://localhost:3001/ -> Failed to load resource: net::ERR_CONNECTION_REFUSED
2022-05-25 15:52:05 ERROR    Failure: 223684313413012242652925975724179693671 : http://localhost:3001/ -> net::ERR_CONNECTION_REFUSED
2022-05-25 15:52:05 ERROR    Failure: 46822577063395887337747847899479931724 : http://localhost:3001/ -> Failed to load resource: net::ERR_CONNECTION_REFUSED
2022-05-25 15:52:09 ERROR    Failure: 262513326802567628094931167029883077585 : http://localhost:3001/wallets -> net::ERR_ABORTED
2022-05-25 15:52:14 ERROR    Failure: 262513326802567628094931167029883077585 : http://localhost:3001/wallets -> net::ERR_ABORTED
2022-05-25 15:52:16 ERROR    Failure: 223684313413012242652925975724179693671 : http://localhost:3001/ -> net::ERR_CONNECTION_REFUSED
2022-05-25 15:52:16 ERROR    Failure: 46822577063395887337747847899479931724 : http://localhost:3001/ -> Failed to load resource: net::ERR_CONNECTION_REFUSED
2022-05-25 15:52:26 ERROR    Failure: 223684313413012242652925975724179693671 : http://localhost:3001/ -> net::ERR_CONNECTION_REFUSED
2022-05-25 15:52:26 ERROR    Failure: 46822577063395887337747847899479931724 : http://localhost:3001/ -> Failed to load resource: net::ERR_CONNECTION_REFUSED
2022-05-25 15:52:32 ERROR    Failure: 223684313413012242652925975724179693671 : http://localhost:3001/ -> net::ERR_CONNECTION_REFUSED
2022-05-25 15:52:32 ERROR    Failure: 46822577063395887337747847899479931724 : http://localhost:3001/ -> Failed to load resource: net::ERR_CONNECTION_REFUSED
2022-05-25 15:52:44 ERROR    Failure: 223684313413012242652925975724179693671 : http://localhost:3001/ -> net::ERR_CONNECTION_REFUSED
2022-05-25 15:52:44 ERROR    Failure: 46822577063395887337747847899479931724 : http://localhost:3001/ -> Failed to load resource: net::ERR_CONNECTION_REFUSED
2022-05-25 15:52:56 ERROR    Failure: 223684313413012242652925975724179693671 : http://localhost:3001/ -> net::ERR_CONNECTION_REFUSED
2022-05-25 15:52:56 ERROR    Failure: 46822577063395887337747847899479931724 : http://localhost:3001/ -> Failed to load resource: net::ERR_CONNECTION_REFUSED
2022-05-25 15:53:05 ERROR    Failure: 262513326802567628094931167029883077585 : http://localhost:3001/wallets -> net::ERR_ABORTED
2022-05-25 15:53:08 ERROR    Failure: 223684313413012242652925975724179693671 : http://localhost:3001/ -> net::ERR_CONNECTION_REFUSED
2022-05-25 15:53:08 ERROR    Failure: 46822577063395887337747847899479931724 : http://localhost:3001/ -> Failed to load resource: net::ERR_CONNECTION_REFUSED
2022-05-25 15:53:19 ERROR    Failure: 262513326802567628094931167029883077585 : http://localhost:3001/wallets -> net::ERR_ABORTED
2022-05-25 15:53:20 ERROR    Failure: 223684313413012242652925975724179693671 : http://localhost:3001/ -> net::ERR_CONNECTION_REFUSED
2022-05-25 15:53:20 ERROR    Failure: 46822577063395887337747847899479931724 : http://localhost:3001/ -> Failed to load resource: net::ERR_CONNECTION_REFUSED
2022-05-25 15:53:33 ERROR    Failure: 223684313413012242652925975724179693671 : http://localhost:3001/ -> net::ERR_CONNECTION_REFUSED
2022-05-25 15:53:33 ERROR    Failure: 46822577063395887337747847899479931724 : http://localhost:3001/ -> Failed to load resource: net::ERR_CONNECTION_REFUSED
2022-05-25 15:53:36 ERROR    Failure: 223684313413012242652925975724179693671 : http://localhost:3001/ -> net::ERR_CONNECTION_REFUSED
2022-05-25 15:53:36 ERROR    Failure: 46822577063395887337747847899479931724 : http://localhost:3001/ -> Failed to load resource: net::ERR_CONNECTION_REFUSED
2022-05-25 15:53:48 ERROR    Failure: 223684313413012242652925975724179693671 : http://localhost:3001/ -> net::ERR_CONNECTION_REFUSED
2022-05-25 15:53:48 ERROR    Failure: 46822577063395887337747847899479931724 : http://localhost:3001/ -> Failed to load resource: net::ERR_CONNECTION_REFUSED
2022-05-25 15:53:55 ERROR    Failure: 262513326802567628094931167029883077585 : http://localhost:3001/wallets -> net::ERR_ABORTED
2022-05-25 15:53:55 ERROR    Failure: 223684313413012242652925975724179693671 : http://localhost:3001/ -> net::ERR_CONNECTION_REFUSED
2022-05-25 15:53:55 ERROR    Failure: 46822577063395887337747847899479931724 : http://localhost:3001/ -> Failed to load resource: net::ERR_CONNECTION_REFUSED
2022-05-25 15:53:58 ERROR    Failure: 262513326802567628094931167029883077585 : http://localhost:3001/wallets -> net::ERR_ABORTED
2022-05-25 15:54:07 ERROR    Failure: 223684313413012242652925975724179693671 : http://localhost:3001/ -> net::ERR_CONNECTION_REFUSED
2022-05-25 15:54:07 ERROR    Failure: 46822577063395887337747847899479931724 : http://localhost:3001/ -> Failed to load resource: net::ERR_CONNECTION_REFUSED
2022-05-25 15:54:16 ERROR    Failure: 223684313413012242652925975724179693671 : http://localhost:3001/ -> net::ERR_CONNECTION_REFUSED
2022-05-25 15:54:16 ERROR    Failure: 46822577063395887337747847899479931724 : http://localhost:3001/ -> Failed to load resource: net::ERR_CONNECTION_REFUSED
2022-05-25 15:54:29 ERROR    Failure: 223684313413012242652925975724179693671 : http://localhost:3001/ -> net::ERR_CONNECTION_REFUSED
2022-05-25 15:54:29 ERROR    Failure: 46822577063395887337747847899479931724 : http://localhost:3001/ -> Failed to load resource: net::ERR_CONNECTION_REFUSED
2022-05-25 15:54:38 ERROR    Failure: 223684313413012242652925975724179693671 : http://localhost:3001/ -> net::ERR_CONNECTION_REFUSED
2022-05-25 15:54:38 ERROR    Failure: 46822577063395887337747847899479931724 : http://localhost:3001/ -> Failed to load resource: net::ERR_CONNECTION_REFUSED
2022-05-25 15:54:45 ERROR    Failure: 223684313413012242652925975724179693671 : http://localhost:3001/ -> net::ERR_CONNECTION_REFUSED
2022-05-25 15:54:45 ERROR    Failure: 46822577063395887337747847899479931724 : http://localhost:3001/ -> Failed to load resource: net::ERR_CONNECTION_REFUSED
2022-05-25 15:54:50 ERROR    Failure: 223684313413012242652925975724179693671 : http://localhost:3001/ -> net::ERR_CONNECTION_REFUSED
2022-05-25 15:54:50 ERROR    Failure: 46822577063395887337747847899479931724 : http://localhost:3001/ -> Failed to load resource: net::ERR_CONNECTION_REFUSED
2022-05-25 15:55:01 ERROR    Failure: 223684313413012242652925975724179693671 : http://localhost:3001/ -> net::ERR_CONNECTION_REFUSED
2022-05-25 15:55:01 ERROR    Failure: 46822577063395887337747847899479931724 : http://localhost:3001/ -> Failed to load resource: net::ERR_CONNECTION_REFUSED
2022-05-25 15:55:10 ERROR    Failure: 223684313413012242652925975724179693671 : http://localhost:3001/ -> net::ERR_CONNECTION_REFUSED
2022-05-25 15:55:10 ERROR    Failure: 46822577063395887337747847899479931724 : http://localhost:3001/ -> Failed to load resource: net::ERR_CONNECTION_REFUSED
2022-05-25 15:55:19 ERROR    Failure: 223684313413012242652925975724179693671 : http://localhost:3001/ -> net::ERR_CONNECTION_REFUSED
2022-05-25 15:55:19 ERROR    Failure: 46822577063395887337747847899479931724 : http://localhost:3001/ -> Failed to load resource: net::ERR_CONNECTION_REFUSED
2022-05-25 15:55:31 ERROR    Failure: 223684313413012242652925975724179693671 : http://localhost:3001/ -> net::ERR_CONNECTION_REFUSED
2022-05-25 15:55:31 ERROR    Failure: 46822577063395887337747847899479931724 : http://localhost:3001/ -> Failed to load resource: net::ERR_CONNECTION_REFUSED
2022-05-25 15:55:43 ERROR    Failure: 223684313413012242652925975724179693671 : http://localhost:3001/ -> net::ERR_CONNECTION_REFUSED
2022-05-25 15:55:43 ERROR    Failure: 46822577063395887337747847899479931724 : http://localhost:3001/ -> Failed to load resource: net::ERR_CONNECTION_REFUSED
2022-05-25 15:55:54 ERROR    Failure: 223684313413012242652925975724179693671 : http://localhost:3001/ -> net::ERR_CONNECTION_REFUSED
2022-05-25 15:55:54 ERROR    Failure: 46822577063395887337747847899479931724 : http://localhost:3001/ -> Failed to load resource: net::ERR_CONNECTION_REFUSED
2022-05-25 15:56:05 ERROR    Failure: 223684313413012242652925975724179693671 : http://localhost:3001/ -> net::ERR_CONNECTION_REFUSED
2022-05-25 15:56:05 ERROR    Failure: 46822577063395887337747847899479931724 : http://localhost:3001/ -> Failed to load resource: net::ERR_CONNECTION_REFUSED
2022-05-25 15:56:15 ERROR    Failure: 223684313413012242652925975724179693671 : http://localhost:3001/ -> net::ERR_CONNECTION_REFUSED
2022-05-25 15:56:15 ERROR    Failure: 46822577063395887337747847899479931724 : http://localhost:3001/ -> Failed to load resource: net::ERR_CONNECTION_REFUSED
2022-05-25 15:56:25 ERROR    Failure: 223684313413012242652925975724179693671 : http://localhost:3001/ -> net::ERR_CONNECTION_REFUSED
2022-05-25 15:56:25 ERROR    Failure: 46822577063395887337747847899479931724 : http://localhost:3001/ -> Failed to load resource: net::ERR_CONNECTION_REFUSED
2022-05-25 15:56:35 ERROR    Failure: 223684313413012242652925975724179693671 : http://localhost:3001/ -> net::ERR_CONNECTION_REFUSED
2022-05-25 15:56:35 ERROR    Failure: 46822577063395887337747847899479931724 : http://localhost:3001/ -> Failed to load resource: net::ERR_CONNECTION_REFUSED
2022-05-25 15:56:47 ERROR    Failure: 223684313413012242652925975724179693671 : http://localhost:3001/ -> net::ERR_CONNECTION_REFUSED
2022-05-25 15:56:47 ERROR    Failure: 46822577063395887337747847899479931724 : http://localhost:3001/ -> Failed to load resource: net::ERR_CONNECTION_REFUSED
2022-05-25 15:56:53 ERROR    Failure: 262513326802567628094931167029883077585 : http://localhost:3001/ -> net::ERR_ABORTED
2022-05-25 15:56:53 ERROR    Failure: 262513326802567628094931167029883077585 : http://localhost:3001/ -> net::ERR_ABORTED
2022-05-25 15:56:57 ERROR    Failure: 223684313413012242652925975724179693671 : http://localhost:3001/ -> net::ERR_CONNECTION_REFUSED
2022-05-25 15:56:57 ERROR    Failure: 46822577063395887337747847899479931724 : http://localhost:3001/ -> Failed to load resource: net::ERR_CONNECTION_REFUSED
2022-05-25 15:56:59 ERROR    Failure: 262513326802567628094931167029883077585 : http://localhost:3001/wallets -> net::ERR_ABORTED
2022-05-25 15:57:03 ERROR    Failure: 223684313413012242652925975724179693671 : http://localhost:3001/ -> net::ERR_CONNECTION_REFUSED
2022-05-25 15:57:03 ERROR    Failure: 46822577063395887337747847899479931724 : http://localhost:3001/ -> Failed to load resource: net::ERR_CONNECTION_REFUSED
2022-05-25 15:57:14 ERROR    Failure: 223684313413012242652925975724179693671 : http://localhost:3001/ -> net::ERR_CONNECTION_REFUSED
2022-05-25 15:57:14 ERROR    Failure: 46822577063395887337747847899479931724 : http://localhost:3001/ -> Failed to load resource: net::ERR_CONNECTION_REFUSED
2022-05-25 15:57:20 ERROR    Failure: 262513326802567628094931167029883077585 : http://localhost:3001/ -> net::ERR_ABORTED
2022-05-25 15:57:22 ERROR    Failure: 223684313413012242652925975724179693671 : http://localhost:3001/ -> net::ERR_CONNECTION_REFUSED
2022-05-25 15:57:22 ERROR    Failure: 46822577063395887337747847899479931724 : http://localhost:3001/ -> Failed to load resource: net::ERR_CONNECTION_REFUSED
2022-05-25 15:57:26 ERROR    Failure: 262513326802567628094931167029883077585 : http://localhost:3001/ -> net::ERR_ABORTED
2022-05-25 15:57:31 ERROR    Failure: 223684313413012242652925975724179693671 : http://localhost:3001/ -> net::ERR_CONNECTION_REFUSED
2022-05-25 15:57:31 ERROR    Failure: 46822577063395887337747847899479931724 : http://localhost:3001/ -> Failed to load resource: net::ERR_CONNECTION_REFUSED
2022-05-25 15:57:39 ERROR    Failure: 223684313413012242652925975724179693671 : http://localhost:3001/ -> net::ERR_CONNECTION_REFUSED
2022-05-25 15:57:39 ERROR    Failure: 46822577063395887337747847899479931724 : http://localhost:3001/ -> Failed to load resource: net::ERR_CONNECTION_REFUSED
2022-05-25 15:57:44 ERROR    Failure: 262513326802567628094931167029883077585 : http://localhost:3001/profile# -> net::ERR_ABORTED
2022-05-25 15:57:49 ERROR    Failure: 223684313413012242652925975724179693671 : http://localhost:3001/ -> net::ERR_CONNECTION_REFUSED
2022-05-25 15:57:49 ERROR    Failure: 46822577063395887337747847899479931724 : http://localhost:3001/ -> Failed to load resource: net::ERR_CONNECTION_REFUSED
2022-05-25 15:57:54 ERROR    Failure: 262513326802567628094931167029883077585 : http://localhost:3001/wallets -> net::ERR_ABORTED
2022-05-25 15:58:01 ERROR    Failure: 223684313413012242652925975724179693671 : http://localhost:3001/ -> net::ERR_CONNECTION_REFUSED
2022-05-25 15:58:01 ERROR    Failure: 46822577063395887337747847899479931724 : http://localhost:3001/ -> Failed to load resource: net::ERR_CONNECTION_REFUSED
2022-05-25 15:58:09 ERROR    Failure: 223684313413012242652925975724179693671 : http://localhost:3001/ -> net::ERR_CONNECTION_REFUSED
2022-05-25 15:58:09 ERROR    Failure: 46822577063395887337747847899479931724 : http://localhost:3001/ -> Failed to load resource: net::ERR_CONNECTION_REFUSED
2022-05-25 15:58:19 ERROR    Failure: 262513326802567628094931167029883077585 : http://localhost:3001/ -> net::ERR_ABORTED
2022-05-25 15:58:20 ERROR    Failure: 223684313413012242652925975724179693671 : http://localhost:3001/ -> net::ERR_CONNECTION_REFUSED
2022-05-25 15:58:20 ERROR    Failure: 46822577063395887337747847899479931724 : http://localhost:3001/ -> Failed to load resource: net::ERR_CONNECTION_REFUSED
2022-05-25 15:58:30 ERROR    Failure: 262513326802567628094931167029883077585 : http://localhost:3001/wallets -> net::ERR_ABORTED
2022-05-25 15:58:30 ERROR    Failure: 223684313413012242652925975724179693671 : http://localhost:3001/ -> net::ERR_CONNECTION_REFUSED
2022-05-25 15:58:30 ERROR    Failure: 46822577063395887337747847899479931724 : http://localhost:3001/ -> Failed to load resource: net::ERR_CONNECTION_REFUSED
2022-05-25 15:58:41 ERROR    Failure: 223684313413012242652925975724179693671 : http://localhost:3001/ -> net::ERR_CONNECTION_REFUSED
2022-05-25 15:58:41 ERROR    Failure: 46822577063395887337747847899479931724 : http://localhost:3001/ -> Failed to load resource: net::ERR_CONNECTION_REFUSED
2022-05-25 15:58:48 ERROR    Failure: 223684313413012242652925975724179693671 : http://localhost:3001/ -> net::ERR_CONNECTION_REFUSED
2022-05-25 15:58:48 ERROR    Failure: 46822577063395887337747847899479931724 : http://localhost:3001/ -> Failed to load resource: net::ERR_CONNECTION_REFUSED
2022-05-25 15:58:58 ERROR    Failure: 262513326802567628094931167029883077585 : http://localhost:3001/wallets -> net::ERR_ABORTED
2022-05-25 15:58:59 ERROR    Failure: 223684313413012242652925975724179693671 : http://localhost:3001/ -> net::ERR_CONNECTION_REFUSED
2022-05-25 15:58:59 ERROR    Failure: 46822577063395887337747847899479931724 : http://localhost:3001/ -> Failed to load resource: net::ERR_CONNECTION_REFUSED
2022-05-25 15:59:06 ERROR    Failure: 223684313413012242652925975724179693671 : http://localhost:3001/ -> net::ERR_CONNECTION_REFUSED
2022-05-25 15:59:06 ERROR    Failure: 46822577063395887337747847899479931724 : http://localhost:3001/ -> Failed to load resource: net::ERR_CONNECTION_REFUSED
2022-05-25 15:59:15 ERROR    Failure: 223684313413012242652925975724179693671 : http://localhost:3001/ -> net::ERR_CONNECTION_REFUSED
2022-05-25 15:59:15 ERROR    Failure: 46822577063395887337747847899479931724 : http://localhost:3001/ -> Failed to load resource: net::ERR_CONNECTION_REFUSED
2022-05-25 15:59:22 ERROR    Failure: 223684313413012242652925975724179693671 : http://localhost:3001/ -> net::ERR_CONNECTION_REFUSED
2022-05-25 15:59:22 ERROR    Failure: 46822577063395887337747847899479931724 : http://localhost:3001/ -> Failed to load resource: net::ERR_CONNECTION_REFUSED
2022-05-25 15:59:32 ERROR    Failure: 223684313413012242652925975724179693671 : http://localhost:3001/ -> net::ERR_CONNECTION_REFUSED
2022-05-25 15:59:32 ERROR    Failure: 46822577063395887337747847899479931724 : http://localhost:3001/ -> Failed to load resource: net::ERR_CONNECTION_REFUSED
2022-05-25 15:59:42 ERROR    Failure: 223684313413012242652925975724179693671 : http://localhost:3001/ -> net::ERR_CONNECTION_REFUSED
2022-05-25 15:59:42 ERROR    Failure: 46822577063395887337747847899479931724 : http://localhost:3001/ -> Failed to load resource: net::ERR_CONNECTION_REFUSED
2022-05-25 15:59:48 ERROR    Failure: 262513326802567628094931167029883077585 : http://localhost:3001/plans -> net::ERR_ABORTED
2022-05-25 15:59:48 ERROR    Failure: 244380854607818280429043870923574460711 : http://localhost:3001/plans -> net::ERR_NAME_NOT_RESOLVED
2022-05-25 15:59:48 ERROR    Failure: 223684313413012242652925975724179693671 : http://localhost:3001/ -> net::ERR_CONNECTION_REFUSED
2022-05-25 15:59:48 ERROR    Failure: 46822577063395887337747847899479931724 : http://localhost:3001/ -> Failed to load resource: net::ERR_CONNECTION_REFUSED
2022-05-25 15:59:53 ERROR    Failure: 262513326802567628094931167029883077585 : http://localhost:3001/wallets -> net::ERR_ABORTED
2022-05-25 16:00:00 ERROR    Failure: 223684313413012242652925975724179693671 : http://localhost:3001/ -> net::ERR_CONNECTION_REFUSED
2022-05-25 16:00:00 ERROR    Failure: 46822577063395887337747847899479931724 : http://localhost:3001/ -> Failed to load resource: net::ERR_CONNECTION_REFUSED
2022-05-25 16:00:12 ERROR    Failure: 223684313413012242652925975724179693671 : http://localhost:3001/ -> net::ERR_CONNECTION_REFUSED
2022-05-25 16:00:12 ERROR    Failure: 46822577063395887337747847899479931724 : http://localhost:3001/ -> Failed to load resource: net::ERR_CONNECTION_REFUSED
2022-05-25 16:00:16 ERROR    Failure: 222203509631151183416754876323321821974 : http://localhost:3001/wallets -> Failed to load resource: the server responded with a status of 500 (Internal Server Error)
2022-05-25 16:00:16 ERROR    Failure: 319386708942420011211784974215793760940 : http://localhost:3001/wallets/ -> status code(500) -> {"message":"Cannot read property 'auth' of null"}
2022-05-25 16:00:19 ERROR    Failure: 223684313413012242652925975724179693671 : http://localhost:3001/ -> net::ERR_CONNECTION_REFUSED
2022-05-25 16:00:19 ERROR    Failure: 46822577063395887337747847899479931724 : http://localhost:3001/ -> Failed to load resource: net::ERR_CONNECTION_REFUSED
2022-05-25 16:00:26 ERROR    Failure: 262513326802567628094931167029883077585 : http://localhost:3001/wallets -> net::ERR_ABORTED
2022-05-25 16:00:31 ERROR    Failure: 223684313413012242652925975724179693671 : http://localhost:3001/ -> net::ERR_CONNECTION_REFUSED
2022-05-25 16:00:31 ERROR    Failure: 46822577063395887337747847899479931724 : http://localhost:3001/ -> Failed to load resource: net::ERR_CONNECTION_REFUSED
2022-05-25 16:00:40 ERROR    Failure: 223684313413012242652925975724179693671 : http://localhost:3001/ -> net::ERR_CONNECTION_REFUSED
2022-05-25 16:00:40 ERROR    Failure: 46822577063395887337747847899479931724 : http://localhost:3001/ -> Failed to load resource: net::ERR_CONNECTION_REFUSED
2022-05-25 16:00:51 ERROR    Failure: 223684313413012242652925975724179693671 : http://localhost:3001/ -> net::ERR_CONNECTION_REFUSED
2022-05-25 16:00:51 ERROR    Failure: 46822577063395887337747847899479931724 : http://localhost:3001/ -> Failed to load resource: net::ERR_CONNECTION_REFUSED
2022-05-25 16:00:58 ERROR    Failure: 262513326802567628094931167029883077585 : http://localhost:3001/ -> net::ERR_ABORTED
2022-05-25 16:01:01 ERROR    Failure: 223684313413012242652925975724179693671 : http://localhost:3001/ -> net::ERR_CONNECTION_REFUSED
2022-05-25 16:01:01 ERROR    Failure: 46822577063395887337747847899479931724 : http://localhost:3001/ -> Failed to load resource: net::ERR_CONNECTION_REFUSED
2022-05-25 16:01:12 ERROR    Failure: 223684313413012242652925975724179693671 : http://localhost:3001/ -> net::ERR_CONNECTION_REFUSED
2022-05-25 16:01:12 ERROR    Failure: 46822577063395887337747847899479931724 : http://localhost:3001/ -> Failed to load resource: net::ERR_CONNECTION_REFUSED
2022-05-25 16:01:23 ERROR    Failure: 223684313413012242652925975724179693671 : http://localhost:3001/ -> net::ERR_CONNECTION_REFUSED
2022-05-25 16:01:23 ERROR    Failure: 46822577063395887337747847899479931724 : http://localhost:3001/ -> Failed to load resource: net::ERR_CONNECTION_REFUSED
2022-05-25 16:01:31 ERROR    Failure: 223684313413012242652925975724179693671 : http://localhost:3001/ -> net::ERR_CONNECTION_REFUSED
2022-05-25 16:01:31 ERROR    Failure: 46822577063395887337747847899479931724 : http://localhost:3001/ -> Failed to load resource: net::ERR_CONNECTION_REFUSED
2022-05-25 16:01:35 ERROR    Failure: 223684313413012242652925975724179693671 : http://localhost:3001/ -> net::ERR_CONNECTION_REFUSED
2022-05-25 16:01:35 ERROR    Failure: 46822577063395887337747847899479931724 : http://localhost:3001/ -> Failed to load resource: net::ERR_CONNECTION_REFUSED
2022-05-25 16:01:40 ERROR    Failure: 223684313413012242652925975724179693671 : http://localhost:3001/ -> net::ERR_CONNECTION_REFUSED
2022-05-25 16:01:40 ERROR    Failure: 46822577063395887337747847899479931724 : http://localhost:3001/ -> Failed to load resource: net::ERR_CONNECTION_REFUSED
2022-05-25 16:01:49 ERROR    Failure: 223684313413012242652925975724179693671 : http://localhost:3001/ -> net::ERR_CONNECTION_REFUSED
2022-05-25 16:01:49 ERROR    Failure: 46822577063395887337747847899479931724 : http://localhost:3001/ -> Failed to load resource: net::ERR_CONNECTION_REFUSED
2022-05-25 16:02:02 ERROR    Failure: 223684313413012242652925975724179693671 : http://localhost:3001/ -> net::ERR_CONNECTION_REFUSED
2022-05-25 16:02:02 ERROR    Failure: 46822577063395887337747847899479931724 : http://localhost:3001/ -> Failed to load resource: net::ERR_CONNECTION_REFUSED
2022-05-25 16:02:13 ERROR    Failure: 223684313413012242652925975724179693671 : http://localhost:3001/ -> net::ERR_CONNECTION_REFUSED
2022-05-25 16:02:13 ERROR    Failure: 46822577063395887337747847899479931724 : http://localhost:3001/ -> Failed to load resource: net::ERR_CONNECTION_REFUSED
2022-05-25 16:02:18 ERROR    Failure: 223684313413012242652925975724179693671 : http://localhost:3001/ -> net::ERR_CONNECTION_REFUSED
2022-05-25 16:02:18 ERROR    Failure: 46822577063395887337747847899479931724 : http://localhost:3001/ -> Failed to load resource: net::ERR_CONNECTION_REFUSED
2022-05-25 16:02:28 ERROR    Failure: 223684313413012242652925975724179693671 : http://localhost:3001/ -> net::ERR_CONNECTION_REFUSED
2022-05-25 16:02:28 ERROR    Failure: 46822577063395887337747847899479931724 : http://localhost:3001/ -> Failed to load resource: net::ERR_CONNECTION_REFUSED
2022-05-25 16:02:35 ERROR    Failure: 262513326802567628094931167029883077585 : http://localhost:3001/wallets -> net::ERR_ABORTED
2022-05-25 16:02:38 ERROR    Failure: 223684313413012242652925975724179693671 : http://localhost:3001/ -> net::ERR_CONNECTION_REFUSED
2022-05-25 16:02:38 ERROR    Failure: 46822577063395887337747847899479931724 : http://localhost:3001/ -> Failed to load resource: net::ERR_CONNECTION_REFUSED
2022-05-25 16:02:47 ERROR    Failure: 223684313413012242652925975724179693671 : http://localhost:3001/ -> net::ERR_CONNECTION_REFUSED
2022-05-25 16:02:47 ERROR    Failure: 46822577063395887337747847899479931724 : http://localhost:3001/ -> Failed to load resource: net::ERR_CONNECTION_REFUSED
2022-05-25 16:02:57 ERROR    Failure: 223684313413012242652925975724179693671 : http://localhost:3001/ -> net::ERR_CONNECTION_REFUSED
2022-05-25 16:02:57 ERROR    Failure: 46822577063395887337747847899479931724 : http://localhost:3001/ -> Failed to load resource: net::ERR_CONNECTION_REFUSED
2022-05-25 16:03:05 ERROR    Failure: 223684313413012242652925975724179693671 : http://localhost:3001/ -> net::ERR_CONNECTION_REFUSED
2022-05-25 16:03:05 ERROR    Failure: 46822577063395887337747847899479931724 : http://localhost:3001/ -> Failed to load resource: net::ERR_CONNECTION_REFUSED
2022-05-25 16:03:12 ERROR    Failure: 223684313413012242652925975724179693671 : http://localhost:3001/ -> net::ERR_CONNECTION_REFUSED
2022-05-25 16:03:12 ERROR    Failure: 46822577063395887337747847899479931724 : http://localhost:3001/ -> Failed to load resource: net::ERR_CONNECTION_REFUSED
2022-05-25 16:03:20 ERROR    Failure: 262513326802567628094931167029883077585 : http://localhost:3001/wallets -> net::ERR_ABORTED
2022-05-25 16:03:22 ERROR    Failure: 223684313413012242652925975724179693671 : http://localhost:3001/ -> net::ERR_CONNECTION_REFUSED
2022-05-25 16:03:22 ERROR    Failure: 46822577063395887337747847899479931724 : http://localhost:3001/ -> Failed to load resource: net::ERR_CONNECTION_REFUSED
2022-05-25 16:03:33 ERROR    Failure: 223684313413012242652925975724179693671 : http://localhost:3001/ -> net::ERR_CONNECTION_REFUSED
2022-05-25 16:03:33 ERROR    Failure: 46822577063395887337747847899479931724 : http://localhost:3001/ -> Failed to load resource: net::ERR_CONNECTION_REFUSED
2022-05-25 16:03:38 ERROR    Failure: 262513326802567628094931167029883077585 : http://localhost:3001/plans -> net::ERR_ABORTED
2022-05-25 16:03:43 ERROR    Failure: 223684313413012242652925975724179693671 : http://localhost:3001/ -> net::ERR_CONNECTION_REFUSED
2022-05-25 16:03:43 ERROR    Failure: 46822577063395887337747847899479931724 : http://localhost:3001/ -> Failed to load resource: net::ERR_CONNECTION_REFUSED
2022-05-25 16:03:54 ERROR    Failure: 223684313413012242652925975724179693671 : http://localhost:3001/ -> net::ERR_CONNECTION_REFUSED
2022-05-25 16:03:54 ERROR    Failure: 46822577063395887337747847899479931724 : http://localhost:3001/ -> Failed to load resource: net::ERR_CONNECTION_REFUSED
2022-05-25 16:04:04 ERROR    Failure: 223684313413012242652925975724179693671 : http://localhost:3001/ -> net::ERR_CONNECTION_REFUSED
2022-05-25 16:04:04 ERROR    Failure: 46822577063395887337747847899479931724 : http://localhost:3001/ -> Failed to load resource: net::ERR_CONNECTION_REFUSED
2022-05-25 16:04:11 ERROR    Failure: 262513326802567628094931167029883077585 : http://localhost:3001/plans -> net::ERR_ABORTED
2022-05-25 16:04:14 ERROR    Failure: 223684313413012242652925975724179693671 : http://localhost:3001/ -> net::ERR_CONNECTION_REFUSED
2022-05-25 16:04:14 ERROR    Failure: 46822577063395887337747847899479931724 : http://localhost:3001/ -> Failed to load resource: net::ERR_CONNECTION_REFUSED
2022-05-25 16:04:20 ERROR    Failure: 223684313413012242652925975724179693671 : http://localhost:3001/ -> net::ERR_CONNECTION_REFUSED
2022-05-25 16:04:20 ERROR    Failure: 46822577063395887337747847899479931724 : http://localhost:3001/ -> Failed to load resource: net::ERR_CONNECTION_REFUSED
2022-05-25 16:04:33 ERROR    Failure: 223684313413012242652925975724179693671 : http://localhost:3001/ -> net::ERR_CONNECTION_REFUSED
2022-05-25 16:04:33 ERROR    Failure: 46822577063395887337747847899479931724 : http://localhost:3001/ -> Failed to load resource: net::ERR_CONNECTION_REFUSED
2022-05-25 16:04:39 ERROR    Failure: 223684313413012242652925975724179693671 : http://localhost:3001/ -> net::ERR_CONNECTION_REFUSED
2022-05-25 16:04:39 ERROR    Failure: 46822577063395887337747847899479931724 : http://localhost:3001/ -> Failed to load resource: net::ERR_CONNECTION_REFUSED
2022-05-25 16:04:49 ERROR    Failure: 223684313413012242652925975724179693671 : http://localhost:3001/ -> net::ERR_CONNECTION_REFUSED
2022-05-25 16:04:49 ERROR    Failure: 46822577063395887337747847899479931724 : http://localhost:3001/ -> Failed to load resource: net::ERR_CONNECTION_REFUSED
2022-05-25 16:04:54 ERROR    Failure: 223684313413012242652925975724179693671 : http://localhost:3001/ -> net::ERR_CONNECTION_REFUSED
2022-05-25 16:04:54 ERROR    Failure: 46822577063395887337747847899479931724 : http://localhost:3001/ -> Failed to load resource: net::ERR_CONNECTION_REFUSED
2022-05-25 16:05:06 ERROR    Failure: 223684313413012242652925975724179693671 : http://localhost:3001/ -> net::ERR_CONNECTION_REFUSED
2022-05-25 16:05:06 ERROR    Failure: 46822577063395887337747847899479931724 : http://localhost:3001/ -> Failed to load resource: net::ERR_CONNECTION_REFUSED
2022-05-25 16:05:08 ERROR    Failure: 262513326802567628094931167029883077585 : http://localhost:3001/ -> net::ERR_ABORTED
2022-05-25 16:05:09 ERROR    Failure: 223684313413012242652925975724179693671 : http://localhost:3001/ -> net::ERR_CONNECTION_REFUSED
2022-05-25 16:05:09 ERROR    Failure: 46822577063395887337747847899479931724 : http://localhost:3001/ -> Failed to load resource: net::ERR_CONNECTION_REFUSED
2022-05-25 16:05:21 ERROR    Failure: 223684313413012242652925975724179693671 : http://localhost:3001/ -> net::ERR_CONNECTION_REFUSED
2022-05-25 16:05:21 ERROR    Failure: 46822577063395887337747847899479931724 : http://localhost:3001/ -> Failed to load resource: net::ERR_CONNECTION_REFUSED
2022-05-25 16:05:31 ERROR    Failure: 223684313413012242652925975724179693671 : http://localhost:3001/ -> net::ERR_CONNECTION_REFUSED
2022-05-25 16:05:31 ERROR    Failure: 46822577063395887337747847899479931724 : http://localhost:3001/ -> Failed to load resource: net::ERR_CONNECTION_REFUSED
2022-05-25 16:05:37 ERROR    Failure: 262513326802567628094931167029883077585 : http://localhost:3001/plans -> net::ERR_ABORTED
2022-05-25 16:05:42 ERROR    Failure: 223684313413012242652925975724179693671 : http://localhost:3001/ -> net::ERR_CONNECTION_REFUSED
2022-05-25 16:05:42 ERROR    Failure: 46822577063395887337747847899479931724 : http://localhost:3001/ -> Failed to load resource: net::ERR_CONNECTION_REFUSED
2022-05-25 16:05:55 ERROR    Failure: 223684313413012242652925975724179693671 : http://localhost:3001/ -> net::ERR_CONNECTION_REFUSED
2022-05-25 16:05:55 ERROR    Failure: 46822577063395887337747847899479931724 : http://localhost:3001/ -> Failed to load resource: net::ERR_CONNECTION_REFUSED
2022-05-25 16:06:07 ERROR    Failure: 223684313413012242652925975724179693671 : http://localhost:3001/ -> net::ERR_CONNECTION_REFUSED
2022-05-25 16:06:07 ERROR    Failure: 46822577063395887337747847899479931724 : http://localhost:3001/ -> Failed to load resource: net::ERR_CONNECTION_REFUSED
2022-05-25 16:06:18 ERROR    Failure: 223684313413012242652925975724179693671 : http://localhost:3001/ -> net::ERR_CONNECTION_REFUSED
2022-05-25 16:06:18 ERROR    Failure: 46822577063395887337747847899479931724 : http://localhost:3001/ -> Failed to load resource: net::ERR_CONNECTION_REFUSED
2022-05-25 16:06:28 ERROR    Failure: 223684313413012242652925975724179693671 : http://localhost:3001/ -> net::ERR_CONNECTION_REFUSED
2022-05-25 16:06:28 ERROR    Failure: 46822577063395887337747847899479931724 : http://localhost:3001/ -> Failed to load resource: net::ERR_CONNECTION_REFUSED
2022-05-25 16:06:31 ERROR    Failure: 262513326802567628094931167029883077585 : http://localhost:3001/wallets -> net::ERR_ABORTED
2022-05-25 16:06:39 ERROR    Failure: 223684313413012242652925975724179693671 : http://localhost:3001/ -> net::ERR_CONNECTION_REFUSED
2022-05-25 16:06:39 ERROR    Failure: 46822577063395887337747847899479931724 : http://localhost:3001/ -> Failed to load resource: net::ERR_CONNECTION_REFUSED
2022-05-25 16:06:50 ERROR    Failure: 223684313413012242652925975724179693671 : http://localhost:3001/ -> net::ERR_CONNECTION_REFUSED
2022-05-25 16:06:50 ERROR    Failure: 46822577063395887337747847899479931724 : http://localhost:3001/ -> Failed to load resource: net::ERR_CONNECTION_REFUSED
2022-05-25 16:06:59 ERROR    Failure: 223684313413012242652925975724179693671 : http://localhost:3001/ -> net::ERR_CONNECTION_REFUSED
2022-05-25 16:06:59 ERROR    Failure: 46822577063395887337747847899479931724 : http://localhost:3001/ -> Failed to load resource: net::ERR_CONNECTION_REFUSED
2022-05-25 16:07:02 ERROR    Failure: 262513326802567628094931167029883077585 : http://localhost:3001/wallets -> net::ERR_ABORTED
2022-05-25 16:07:10 ERROR    Failure: 223684313413012242652925975724179693671 : http://localhost:3001/ -> net::ERR_CONNECTION_REFUSED
2022-05-25 16:07:10 ERROR    Failure: 46822577063395887337747847899479931724 : http://localhost:3001/ -> Failed to load resource: net::ERR_CONNECTION_REFUSED
2022-05-25 16:07:24 ERROR    Failure: 223684313413012242652925975724179693671 : http://localhost:3001/ -> net::ERR_CONNECTION_REFUSED
2022-05-25 16:07:24 ERROR    Failure: 46822577063395887337747847899479931724 : http://localhost:3001/ -> Failed to load resource: net::ERR_CONNECTION_REFUSED
2022-05-25 16:07:37 ERROR    Failure: 223684313413012242652925975724179693671 : http://localhost:3001/ -> net::ERR_CONNECTION_REFUSED
2022-05-25 16:07:37 ERROR    Failure: 46822577063395887337747847899479931724 : http://localhost:3001/ -> Failed to load resource: net::ERR_CONNECTION_REFUSED
2022-05-25 16:07:47 ERROR    Failure: 262513326802567628094931167029883077585 : http://localhost:3001/ -> net::ERR_ABORTED
2022-05-25 16:07:49 ERROR    Failure: 223684313413012242652925975724179693671 : http://localhost:3001/ -> net::ERR_CONNECTION_REFUSED
2022-05-25 16:07:49 ERROR    Failure: 46822577063395887337747847899479931724 : http://localhost:3001/ -> Failed to load resource: net::ERR_CONNECTION_REFUSED
2022-05-25 16:08:01 ERROR    Failure: 223684313413012242652925975724179693671 : http://localhost:3001/ -> net::ERR_CONNECTION_REFUSED
2022-05-25 16:08:01 ERROR    Failure: 46822577063395887337747847899479931724 : http://localhost:3001/ -> Failed to load resource: net::ERR_CONNECTION_REFUSED
2022-05-25 16:08:11 ERROR    Failure: 223684313413012242652925975724179693671 : http://localhost:3001/ -> net::ERR_CONNECTION_REFUSED
2022-05-25 16:08:11 ERROR    Failure: 46822577063395887337747847899479931724 : http://localhost:3001/ -> Failed to load resource: net::ERR_CONNECTION_REFUSED
2022-05-25 16:08:22 ERROR    Failure: 223684313413012242652925975724179693671 : http://localhost:3001/ -> net::ERR_CONNECTION_REFUSED
2022-05-25 16:08:22 ERROR    Failure: 46822577063395887337747847899479931724 : http://localhost:3001/ -> Failed to load resource: net::ERR_CONNECTION_REFUSED
2022-05-25 16:08:33 ERROR    Failure: 223684313413012242652925975724179693671 : http://localhost:3001/ -> net::ERR_CONNECTION_REFUSED
2022-05-25 16:08:33 ERROR    Failure: 46822577063395887337747847899479931724 : http://localhost:3001/ -> Failed to load resource: net::ERR_CONNECTION_REFUSED
2022-05-25 16:08:46 ERROR    Failure: 223684313413012242652925975724179693671 : http://localhost:3001/ -> net::ERR_CONNECTION_REFUSED
2022-05-25 16:08:46 ERROR    Failure: 46822577063395887337747847899479931724 : http://localhost:3001/ -> Failed to load resource: net::ERR_CONNECTION_REFUSED
2022-05-25 16:08:57 ERROR    Failure: 223684313413012242652925975724179693671 : http://localhost:3001/ -> net::ERR_CONNECTION_REFUSED
2022-05-25 16:08:57 ERROR    Failure: 46822577063395887337747847899479931724 : http://localhost:3001/ -> Failed to load resource: net::ERR_CONNECTION_REFUSED
2022-05-25 16:09:11 ERROR    Failure: 223684313413012242652925975724179693671 : http://localhost:3001/ -> net::ERR_CONNECTION_REFUSED
2022-05-25 16:09:11 ERROR    Failure: 46822577063395887337747847899479931724 : http://localhost:3001/ -> Failed to load resource: net::ERR_CONNECTION_REFUSED
2022-05-25 16:09:17 ERROR    Failure: 262513326802567628094931167029883077585 : http://localhost:3001/wallets -> net::ERR_ABORTED
2022-05-25 16:09:19 ERROR    Failure: 262513326802567628094931167029883077585 : http://localhost:3001/wallets -> net::ERR_ABORTED
2022-05-25 16:09:21 ERROR    Failure: 262513326802567628094931167029883077585 : http://localhost:3001/wallets -> net::ERR_ABORTED
2022-05-25 16:09:22 ERROR    Failure: 223684313413012242652925975724179693671 : http://localhost:3001/ -> net::ERR_CONNECTION_REFUSED
2022-05-25 16:09:22 ERROR    Failure: 46822577063395887337747847899479931724 : http://localhost:3001/ -> Failed to load resource: net::ERR_CONNECTION_REFUSED
2022-05-25 16:09:35 ERROR    Failure: 223684313413012242652925975724179693671 : http://localhost:3001/ -> net::ERR_CONNECTION_REFUSED
2022-05-25 16:09:35 ERROR    Failure: 46822577063395887337747847899479931724 : http://localhost:3001/ -> Failed to load resource: net::ERR_CONNECTION_REFUSED
2022-05-25 16:09:44 ERROR    Failure: 262513326802567628094931167029883077585 : http://localhost:3001/wallets -> net::ERR_ABORTED
2022-05-25 16:09:45 ERROR    Failure: 223684313413012242652925975724179693671 : http://localhost:3001/ -> net::ERR_CONNECTION_REFUSED
2022-05-25 16:09:45 ERROR    Failure: 46822577063395887337747847899479931724 : http://localhost:3001/ -> Failed to load resource: net::ERR_CONNECTION_REFUSED
2022-05-25 16:09:59 ERROR    Failure: 223684313413012242652925975724179693671 : http://localhost:3001/ -> net::ERR_CONNECTION_REFUSED
2022-05-25 16:09:59 ERROR    Failure: 46822577063395887337747847899479931724 : http://localhost:3001/ -> Failed to load resource: net::ERR_CONNECTION_REFUSED
2022-05-25 16:10:08 ERROR    Failure: 262513326802567628094931167029883077585 : http://localhost:3001/plans -> net::ERR_ABORTED
2022-05-25 16:10:12 ERROR    Failure: 223684313413012242652925975724179693671 : http://localhost:3001/ -> net::ERR_CONNECTION_REFUSED
2022-05-25 16:10:12 ERROR    Failure: 46822577063395887337747847899479931724 : http://localhost:3001/ -> Failed to load resource: net::ERR_CONNECTION_REFUSED
2022-05-25 16:10:24 ERROR    Failure: 223684313413012242652925975724179693671 : http://localhost:3001/ -> net::ERR_CONNECTION_REFUSED
2022-05-25 16:10:24 ERROR    Failure: 46822577063395887337747847899479931724 : http://localhost:3001/ -> Failed to load resource: net::ERR_CONNECTION_REFUSED
2022-05-25 16:10:31 ERROR    Failure: 262513326802567628094931167029883077585 : http://localhost:3001/wallets -> net::ERR_ABORTED
2022-05-25 16:10:37 ERROR    Failure: 223684313413012242652925975724179693671 : http://localhost:3001/ -> net::ERR_CONNECTION_REFUSED
2022-05-25 16:10:37 ERROR    Failure: 46822577063395887337747847899479931724 : http://localhost:3001/ -> Failed to load resource: net::ERR_CONNECTION_REFUSED
2022-05-25 16:10:44 ERROR    Failure: 262513326802567628094931167029883077585 : http://localhost:3001/wallets -> net::ERR_ABORTED
2022-05-25 16:10:50 ERROR    Failure: 223684313413012242652925975724179693671 : http://localhost:3001/ -> net::ERR_CONNECTION_REFUSED
2022-05-25 16:10:50 ERROR    Failure: 46822577063395887337747847899479931724 : http://localhost:3001/ -> Failed to load resource: net::ERR_CONNECTION_REFUSED
2022-05-25 16:11:02 ERROR    Failure: 223684313413012242652925975724179693671 : http://localhost:3001/ -> net::ERR_CONNECTION_REFUSED
2022-05-25 16:11:02 ERROR    Failure: 46822577063395887337747847899479931724 : http://localhost:3001/ -> Failed to load resource: net::ERR_CONNECTION_REFUSED
2022-05-25 16:11:15 ERROR    Failure: 223684313413012242652925975724179693671 : http://localhost:3001/ -> net::ERR_CONNECTION_REFUSED
2022-05-25 16:11:15 ERROR    Failure: 46822577063395887337747847899479931724 : http://localhost:3001/ -> Failed to load resource: net::ERR_CONNECTION_REFUSED
2022-05-25 16:11:29 ERROR    Failure: 223684313413012242652925975724179693671 : http://localhost:3001/ -> net::ERR_CONNECTION_REFUSED
2022-05-25 16:11:29 ERROR    Failure: 46822577063395887337747847899479931724 : http://localhost:3001/ -> Failed to load resource: net::ERR_CONNECTION_REFUSED
2022-05-25 16:11:40 ERROR    Failure: 223684313413012242652925975724179693671 : http://localhost:3001/ -> net::ERR_CONNECTION_REFUSED
2022-05-25 16:11:40 ERROR    Failure: 46822577063395887337747847899479931724 : http://localhost:3001/ -> Failed to load resource: net::ERR_CONNECTION_REFUSED
2022-05-25 16:11:51 ERROR    Failure: 223684313413012242652925975724179693671 : http://localhost:3001/ -> net::ERR_CONNECTION_REFUSED
2022-05-25 16:11:51 ERROR    Failure: 46822577063395887337747847899479931724 : http://localhost:3001/ -> Failed to load resource: net::ERR_CONNECTION_REFUSED
2022-05-25 16:11:57 ERROR    Failure: 262513326802567628094931167029883077585 : http://localhost:3001/plans -> net::ERR_ABORTED
2022-05-25 16:12:01 ERROR    Failure: 223684313413012242652925975724179693671 : http://localhost:3001/ -> net::ERR_CONNECTION_REFUSED
2022-05-25 16:12:01 ERROR    Failure: 46822577063395887337747847899479931724 : http://localhost:3001/ -> Failed to load resource: net::ERR_CONNECTION_REFUSED
2022-05-25 16:12:06 ERROR    Failure: 262513326802567628094931167029883077585 : http://localhost:3001/profile -> net::ERR_ABORTED
2022-05-25 16:12:09 ERROR    Failure: 223684313413012242652925975724179693671 : http://localhost:3001/ -> net::ERR_CONNECTION_REFUSED
2022-05-25 16:12:09 ERROR    Failure: 46822577063395887337747847899479931724 : http://localhost:3001/ -> Failed to load resource: net::ERR_CONNECTION_REFUSED
2022-05-25 16:12:16 ERROR    Failure: 262513326802567628094931167029883077585 : http://localhost:3001/ -> net::ERR_ABORTED
2022-05-25 16:12:18 ERROR    Failure: 223684313413012242652925975724179693671 : http://localhost:3001/ -> net::ERR_CONNECTION_REFUSED
2022-05-25 16:12:18 ERROR    Failure: 46822577063395887337747847899479931724 : http://localhost:3001/ -> Failed to load resource: net::ERR_CONNECTION_REFUSED
2022-05-25 16:12:22 ERROR    Failure: 262513326802567628094931167029883077585 : http://localhost:3001/wallets -> net::ERR_ABORTED
2022-05-25 16:12:27 ERROR    Failure: 223684313413012242652925975724179693671 : http://localhost:3001/ -> net::ERR_CONNECTION_REFUSED
2022-05-25 16:12:27 ERROR    Failure: 46822577063395887337747847899479931724 : http://localhost:3001/ -> Failed to load resource: net::ERR_CONNECTION_REFUSED
2022-05-25 16:12:40 ERROR    Failure: 223684313413012242652925975724179693671 : http://localhost:3001/ -> net::ERR_CONNECTION_REFUSED
2022-05-25 16:12:40 ERROR    Failure: 46822577063395887337747847899479931724 : http://localhost:3001/ -> Failed to load resource: net::ERR_CONNECTION_REFUSED
2022-05-25 16:12:49 ERROR    Failure: 262513326802567628094931167029883077585 : http://localhost:3001/wallets -> net::ERR_ABORTED
2022-05-25 16:12:53 ERROR    Failure: 223684313413012242652925975724179693671 : http://localhost:3001/ -> net::ERR_CONNECTION_REFUSED
2022-05-25 16:12:53 ERROR    Failure: 46822577063395887337747847899479931724 : http://localhost:3001/ -> Failed to load resource: net::ERR_CONNECTION_REFUSED
2022-05-25 16:13:00 ERROR    Failure: 223684313413012242652925975724179693671 : http://localhost:3001/ -> net::ERR_CONNECTION_REFUSED
2022-05-25 16:13:00 ERROR    Failure: 46822577063395887337747847899479931724 : http://localhost:3001/ -> Failed to load resource: net::ERR_CONNECTION_REFUSED
2022-05-25 16:13:12 ERROR    Failure: 223684313413012242652925975724179693671 : http://localhost:3001/ -> net::ERR_CONNECTION_REFUSED
2022-05-25 16:13:12 ERROR    Failure: 46822577063395887337747847899479931724 : http://localhost:3001/ -> Failed to load resource: net::ERR_CONNECTION_REFUSED
2022-05-25 16:13:14 ERROR    Failure: 262513326802567628094931167029883077585 : http://localhost:3001/ -> net::ERR_ABORTED
2022-05-25 16:13:17 ERROR    Failure: 262513326802567628094931167029883077585 : http://localhost:3001/wallets -> net::ERR_ABORTED
2022-05-25 16:13:20 ERROR    Failure: 223684313413012242652925975724179693671 : http://localhost:3001/ -> net::ERR_CONNECTION_REFUSED
2022-05-25 16:13:20 ERROR    Failure: 46822577063395887337747847899479931724 : http://localhost:3001/ -> Failed to load resource: net::ERR_CONNECTION_REFUSED
2022-05-25 16:13:31 ERROR    Failure: 308456024496458010238934008866544207221 : http://localhost:3001/wallets/110 -> views/parts/transactions.js | Waking up
2022-05-25 16:13:31 ERROR    Failure: 129787747697562552545583625281097726382 : http://localhost:3001/wallets/110 -> views/parts/wallet_plans.js | Waking up
2022-05-25 16:13:34 ERROR    Failure: 223684313413012242652925975724179693671 : http://localhost:3001/ -> net::ERR_CONNECTION_REFUSED
2022-05-25 16:13:34 ERROR    Failure: 46822577063395887337747847899479931724 : http://localhost:3001/ -> Failed to load resource: net::ERR_CONNECTION_REFUSED
2022-05-25 16:13:48 WARNING  Finished
2022-05-25 16:13:48 WARNING  (Failure Count, Coverage Percentage) : (10, 0.6576416494165491)
2022-05-25 16:13:48 ERROR    223684313413012242652925975724179693671 : http://localhost:3001/ -> net::ERR_CONNECTION_REFUSED
2022-05-25 16:13:48 ERROR    46822577063395887337747847899479931724 : http://localhost:3001/ -> Failed to load resource: net::ERR_CONNECTION_REFUSED
2022-05-25 16:13:48 ERROR    326610938439124994635899982104117736956 : http://localhost:3001/ -> net::ERR_ADDRESS_UNREACHABLE
2022-05-25 16:13:48 ERROR    83876641758769678671030108797116882605 : http://localhost:3001/ -> Failed to load resource: net::ERR_ADDRESS_UNREACHABLE
2022-05-25 16:13:48 ERROR    244380854607818280429043870923574460711 : http://localhost:3001/ -> net::ERR_NAME_NOT_RESOLVED
2022-05-25 16:13:48 ERROR    262513326802567628094931167029883077585 : http://localhost:3001/ -> net::ERR_ABORTED
2022-05-25 16:13:48 ERROR    308456024496458010238934008866544207221 : http://localhost:3001/wallets/21 -> views/parts/transactions.js | Waking up
2022-05-25 16:13:48 ERROR    129787747697562552545583625281097726382 : http://localhost:3001/wallets/21 -> views/parts/wallet_plans.js | Waking up
2022-05-25 16:13:48 ERROR    222203509631151183416754876323321821974 : http://localhost:3001/wallets -> Failed to load resource: the server responded with a status of 500 (Internal Server Error)
2022-05-25 16:13:48 ERROR    319386708942420011211784974215793760940 : http://localhost:3001/wallets/ -> status code(500) -> {"message":"Cannot read property 'auth' of null"}
