2022-05-25 14:02:35 WARNING  Starting
2022-05-25 14:03:04 ERROR    Failure: 172717110701069407241174406021285620737 : http://localhost:3000/pagekit/index.php/admin/dashboard -> Failed to load resource: the server responded with a status of 404 (Not Found)
2022-05-25 14:03:04 ERROR    Failure: 105300557729261157098417819715091919465 : http://localhost:3000/pagekit/index.php/admin/dashboard -> status code(404) -> 
2022-05-25 14:03:08 ERROR    Failure: 262513326802567628094931167029883077585 : http://localhost:3000/pagekit/index.php/admin/user/edit?id=1 -> net::ERR_ABORTED
2022-05-25 14:03:09 ERROR    Failure: 262513326802567628094931167029883077585 : http://localhost:3000/pagekit/index.php/admin/user -> net::ERR_ABORTED
2022-05-25 14:03:09 ERROR    Failure: 262513326802567628094931167029883077585 : http://localhost:3000/pagekit/index.php/admin/user -> net::ERR_ABORTED
2022-05-25 14:03:10 ERROR    Failure: 262513326802567628094931167029883077585 : http://localhost:3000/pagekit/index.php/admin/user -> net::ERR_ABORTED
2022-05-25 14:03:11 ERROR    Failure: 172717110701069407241174406021285620737 : http://localhost:3000/pagekit/index.php/admin/dashboard -> Failed to load resource: the server responded with a status of 404 (Not Found)
2022-05-25 14:03:11 ERROR    Failure: 105300557729261157098417819715091919465 : http://localhost:3000/pagekit/index.php/admin/dashboard -> status code(404) -> 
2022-05-25 14:03:24 ERROR    Failure: 172717110701069407241174406021285620737 : http://localhost:3000/pagekit/index.php/admin/dashboard -> Failed to load resource: the server responded with a status of 404 (Not Found)
2022-05-25 14:03:24 ERROR    Failure: 105300557729261157098417819715091919465 : http://localhost:3000/pagekit/index.php/admin/dashboard -> status code(404) -> 
2022-05-25 14:03:34 ERROR    Failure: 172717110701069407241174406021285620737 : http://localhost:3000/pagekit/index.php/admin/dashboard -> Failed to load resource: the server responded with a status of 404 (Not Found)
2022-05-25 14:03:34 ERROR    Failure: 105300557729261157098417819715091919465 : http://localhost:3000/pagekit/index.php/admin/dashboard -> status code(404) -> 
2022-05-25 14:03:41 ERROR    Failure: 262513326802567628094931167029883077585 : http://localhost:3000/pagekit/index.php/admin/user/edit?id=1 -> net::ERR_ABORTED
2022-05-25 14:03:41 ERROR    Failure: 262513326802567628094931167029883077585 : http://localhost:3000/pagekit/index.php/admin/user/edit?id=1 -> net::ERR_ABORTED
2022-05-25 14:03:54 ERROR    Failure: 172717110701069407241174406021285620737 : http://localhost:3000/pagekit/index.php/admin/dashboard -> Failed to load resource: the server responded with a status of 404 (Not Found)
2022-05-25 14:03:54 ERROR    Failure: 105300557729261157098417819715091919465 : http://localhost:3000/pagekit/index.php/admin/dashboard -> status code(404) -> 
2022-05-25 14:03:57 ERROR    Failure: 172717110701069407241174406021285620737 : http://localhost:3000/pagekit/index.php/admin/dashboard -> Failed to load resource: the server responded with a status of 404 (Not Found)
2022-05-25 14:03:57 ERROR    Failure: 80165734902288621318310788211409255354 : http://localhost:3000/pagekit/admin/system/update -> status code(404) -> <!DOCTYPE HTML PUBLIC "-//IETF//DTD HTML 2.0//EN">	<html><head>	<title>404 Not Found</title>	</head><body>	<h1>Not Found</h1>	<p>The requested URL /pagekit/admin/system/update was not found on this server.</p>	<hr>	<address>Apache/2.4.18 (Ubuntu) Server at localhost Port 3000</address>	</body></html>	
2022-05-25 14:04:02 ERROR    Failure: 172717110701069407241174406021285620737 : http://localhost:3000/pagekit/index.php/admin/dashboard -> Failed to load resource: the server responded with a status of 404 (Not Found)
2022-05-25 14:04:02 ERROR    Failure: 105300557729261157098417819715091919465 : http://localhost:3000/pagekit/index.php/admin/dashboard -> status code(404) -> 
2022-05-25 14:04:06 ERROR    Failure: 172717110701069407241174406021285620737 : http://localhost:3000/pagekit/index.php/admin/dashboard -> Failed to load resource: the server responded with a status of 404 (Not Found)
2022-05-25 14:04:06 ERROR    Failure: 105300557729261157098417819715091919465 : http://localhost:3000/pagekit/index.php/admin/dashboard -> status code(404) -> 
2022-05-25 14:04:11 ERROR    Failure: 172717110701069407241174406021285620737 : http://localhost:3000/pagekit/index.php/admin/dashboard -> Failed to load resource: the server responded with a status of 404 (Not Found)
2022-05-25 14:04:11 ERROR    Failure: 105300557729261157098417819715091919465 : http://localhost:3000/pagekit/index.php/admin/dashboard -> status code(404) -> 
2022-05-25 14:04:21 ERROR    Failure: 172717110701069407241174406021285620737 : http://localhost:3000/pagekit/index.php/admin/dashboard -> Failed to load resource: the server responded with a status of 404 (Not Found)
2022-05-25 14:04:21 ERROR    Failure: 172717110701069407241174406021285620737 : http://localhost:3000/pagekit/index.php/admin/dashboard -> Failed to load resource: the server responded with a status of 404 (Not Found)
2022-05-25 14:04:21 ERROR    Failure: 105300557729261157098417819715091919465 : http://localhost:3000/pagekit/index.php/admin/dashboard -> status code(404) -> 
2022-05-25 14:04:21 ERROR    Failure: 105300557729261157098417819715091919465 : http://localhost:3000/pagekit/index.php/admin/dashboard -> status code(404) -> 
2022-05-25 14:04:45 ERROR    Failure: 172717110701069407241174406021285620737 : http://localhost:3000/pagekit/index.php/admin/dashboard -> Failed to load resource: the server responded with a status of 404 (Not Found)
2022-05-25 14:04:45 ERROR    Failure: 172717110701069407241174406021285620737 : http://localhost:3000/pagekit/index.php/admin/dashboard -> Failed to load resource: the server responded with a status of 404 (Not Found)
2022-05-25 14:04:45 ERROR    Failure: 105300557729261157098417819715091919465 : http://localhost:3000/pagekit/index.php/admin/dashboard -> status code(404) -> 
2022-05-25 14:04:45 ERROR    Failure: 105300557729261157098417819715091919465 : http://localhost:3000/pagekit/index.php/admin/dashboard -> status code(404) -> 
2022-05-25 14:04:51 ERROR    Failure: 262513326802567628094931167029883077585 : http://localhost:3000/pagekit/index.php/admin/dashboard -> net::ERR_ABORTED
2022-05-25 14:05:02 ERROR    Failure: 172717110701069407241174406021285620737 : http://localhost:3000/pagekit/index.php/admin/dashboard -> Failed to load resource: the server responded with a status of 404 (Not Found)
2022-05-25 14:05:02 ERROR    Failure: 172717110701069407241174406021285620737 : http://localhost:3000/pagekit/index.php/admin/dashboard -> Failed to load resource: the server responded with a status of 404 (Not Found)
2022-05-25 14:05:02 ERROR    Failure: 105300557729261157098417819715091919465 : http://localhost:3000/pagekit/index.php/admin/dashboard -> status code(404) -> 
2022-05-25 14:05:02 ERROR    Failure: 105300557729261157098417819715091919465 : http://localhost:3000/pagekit/index.php/admin/dashboard -> status code(404) -> 
2022-05-25 14:05:18 ERROR    Failure: 172717110701069407241174406021285620737 : http://localhost:3000/pagekit/index.php/admin/dashboard -> Failed to load resource: the server responded with a status of 404 (Not Found)
2022-05-25 14:05:18 ERROR    Failure: 172717110701069407241174406021285620737 : http://localhost:3000/pagekit/index.php/admin/dashboard -> Failed to load resource: the server responded with a status of 404 (Not Found)
2022-05-25 14:05:18 ERROR    Failure: 105300557729261157098417819715091919465 : http://localhost:3000/pagekit/index.php/admin/dashboard -> status code(404) -> 
2022-05-25 14:05:18 ERROR    Failure: 105300557729261157098417819715091919465 : http://localhost:3000/pagekit/index.php/admin/dashboard -> status code(404) -> 
2022-05-25 14:05:31 ERROR    Failure: 172717110701069407241174406021285620737 : http://localhost:3000/pagekit/index.php/admin/dashboard -> Failed to load resource: the server responded with a status of 404 (Not Found)
2022-05-25 14:05:31 ERROR    Failure: 172717110701069407241174406021285620737 : http://localhost:3000/pagekit/index.php/admin/dashboard -> Failed to load resource: the server responded with a status of 404 (Not Found)
2022-05-25 14:05:31 ERROR    Failure: 105300557729261157098417819715091919465 : http://localhost:3000/pagekit/index.php/admin/dashboard -> status code(404) -> 
2022-05-25 14:05:31 ERROR    Failure: 105300557729261157098417819715091919465 : http://localhost:3000/pagekit/index.php/admin/dashboard -> status code(404) -> 
2022-05-25 14:05:34 ERROR    Failure: 172717110701069407241174406021285620737 : http://localhost:3000/pagekit/index.php/admin/dashboard -> Failed to load resource: the server responded with a status of 404 (Not Found)
2022-05-25 14:05:34 ERROR    Failure: 80165734902288621318310788211409255354 : http://localhost:3000/pagekit/admin/system/update -> status code(404) -> <!DOCTYPE HTML PUBLIC "-//IETF//DTD HTML 2.0//EN">	<html><head>	<title>404 Not Found</title>	</head><body>	<h1>Not Found</h1>	<p>The requested URL /pagekit/admin/system/update was not found on this server.</p>	<hr>	<address>Apache/2.4.18 (Ubuntu) Server at localhost Port 3000</address>	</body></html>	
2022-05-25 14:05:39 ERROR    Failure: 172717110701069407241174406021285620737 : http://localhost:3000/pagekit/index.php/admin/dashboard -> Failed to load resource: the server responded with a status of 404 (Not Found)
2022-05-25 14:05:39 ERROR    Failure: 105300557729261157098417819715091919465 : http://localhost:3000/pagekit/index.php/admin/dashboard -> status code(404) -> 
2022-05-25 14:05:39 ERROR    Failure: 172717110701069407241174406021285620737 : http://localhost:3000/pagekit/index.php/admin/dashboard -> Failed to load resource: the server responded with a status of 404 (Not Found)
2022-05-25 14:05:39 ERROR    Failure: 105300557729261157098417819715091919465 : http://localhost:3000/pagekit/index.php/admin/dashboard -> status code(404) -> 
2022-05-25 14:05:50 ERROR    Failure: 172717110701069407241174406021285620737 : http://localhost:3000/pagekit/index.php/admin/dashboard -> Failed to load resource: the server responded with a status of 404 (Not Found)
2022-05-25 14:05:50 ERROR    Failure: 105300557729261157098417819715091919465 : http://localhost:3000/pagekit/index.php/admin/dashboard -> status code(404) -> 
2022-05-25 14:05:50 ERROR    Failure: 172717110701069407241174406021285620737 : http://localhost:3000/pagekit/index.php/admin/dashboard -> Failed to load resource: the server responded with a status of 404 (Not Found)
2022-05-25 14:05:50 ERROR    Failure: 105300557729261157098417819715091919465 : http://localhost:3000/pagekit/index.php/admin/dashboard -> status code(404) -> 
2022-05-25 14:06:07 ERROR    Failure: 172717110701069407241174406021285620737 : http://localhost:3000/pagekit/index.php/admin/dashboard -> Failed to load resource: the server responded with a status of 404 (Not Found)
2022-05-25 14:06:07 ERROR    Failure: 105300557729261157098417819715091919465 : http://localhost:3000/pagekit/index.php/admin/dashboard -> status code(404) -> 
2022-05-25 14:06:07 ERROR    Failure: 172717110701069407241174406021285620737 : http://localhost:3000/pagekit/index.php/admin/dashboard -> Failed to load resource: the server responded with a status of 404 (Not Found)
2022-05-25 14:06:07 ERROR    Failure: 105300557729261157098417819715091919465 : http://localhost:3000/pagekit/index.php/admin/dashboard -> status code(404) -> 
2022-05-25 14:06:19 ERROR    Failure: 262513326802567628094931167029883077585 : http://localhost:3000/pagekit/index.php/admin/login -> net::ERR_ABORTED
2022-05-25 14:06:22 ERROR    Failure: 172717110701069407241174406021285620737 : http://localhost:3000/pagekit/index.php/admin/dashboard -> Failed to load resource: the server responded with a status of 404 (Not Found)
2022-05-25 14:06:22 ERROR    Failure: 172717110701069407241174406021285620737 : http://localhost:3000/pagekit/index.php/admin/dashboard -> Failed to load resource: the server responded with a status of 404 (Not Found)
2022-05-25 14:06:22 ERROR    Failure: 105300557729261157098417819715091919465 : http://localhost:3000/pagekit/index.php/admin/dashboard -> status code(404) -> 
2022-05-25 14:06:22 ERROR    Failure: 105300557729261157098417819715091919465 : http://localhost:3000/pagekit/index.php/admin/dashboard -> status code(404) -> 
2022-05-25 14:06:29 ERROR    Failure: 172717110701069407241174406021285620737 : http://localhost:3000/pagekit/index.php/admin/dashboard -> Failed to load resource: the server responded with a status of 404 (Not Found)
2022-05-25 14:06:29 ERROR    Failure: 172717110701069407241174406021285620737 : http://localhost:3000/pagekit/index.php/admin/dashboard -> Failed to load resource: the server responded with a status of 404 (Not Found)
2022-05-25 14:06:29 ERROR    Failure: 105300557729261157098417819715091919465 : http://localhost:3000/pagekit/index.php/admin/dashboard -> status code(404) -> 
2022-05-25 14:06:29 ERROR    Failure: 105300557729261157098417819715091919465 : http://localhost:3000/pagekit/index.php/admin/dashboard -> status code(404) -> 
2022-05-25 14:06:31 ERROR    Failure: 172717110701069407241174406021285620737 : http://localhost:3000/pagekit/index.php/admin/dashboard -> Failed to load resource: the server responded with a status of 404 (Not Found)
2022-05-25 14:06:31 ERROR    Failure: 80165734902288621318310788211409255354 : http://localhost:3000/pagekit/admin/system/update -> status code(404) -> <!DOCTYPE HTML PUBLIC "-//IETF//DTD HTML 2.0//EN">	<html><head>	<title>404 Not Found</title>	</head><body>	<h1>Not Found</h1>	<p>The requested URL /pagekit/admin/system/update was not found on this server.</p>	<hr>	<address>Apache/2.4.18 (Ubuntu) Server at localhost Port 3000</address>	</body></html>	
2022-05-25 14:06:39 ERROR    Failure: 172717110701069407241174406021285620737 : http://localhost:3000/pagekit/index.php/admin/dashboard -> Failed to load resource: the server responded with a status of 404 (Not Found)
2022-05-25 14:06:39 ERROR    Failure: 105300557729261157098417819715091919465 : http://localhost:3000/pagekit/index.php/admin/dashboard -> status code(404) -> 
2022-05-25 14:06:39 ERROR    Failure: 172717110701069407241174406021285620737 : http://localhost:3000/pagekit/index.php/admin/dashboard -> Failed to load resource: the server responded with a status of 404 (Not Found)
2022-05-25 14:06:39 ERROR    Failure: 105300557729261157098417819715091919465 : http://localhost:3000/pagekit/index.php/admin/dashboard -> status code(404) -> 
2022-05-25 14:06:51 ERROR    Failure: 172717110701069407241174406021285620737 : http://localhost:3000/pagekit/index.php/admin/dashboard -> Failed to load resource: the server responded with a status of 404 (Not Found)
2022-05-25 14:06:51 ERROR    Failure: 172717110701069407241174406021285620737 : http://localhost:3000/pagekit/index.php/admin/dashboard -> Failed to load resource: the server responded with a status of 404 (Not Found)
2022-05-25 14:06:51 ERROR    Failure: 105300557729261157098417819715091919465 : http://localhost:3000/pagekit/index.php/admin/dashboard -> status code(404) -> 
2022-05-25 14:06:51 ERROR    Failure: 105300557729261157098417819715091919465 : http://localhost:3000/pagekit/index.php/admin/dashboard -> status code(404) -> 
2022-05-25 14:07:05 ERROR    Failure: 172717110701069407241174406021285620737 : http://localhost:3000/pagekit/index.php/admin/dashboard -> Failed to load resource: the server responded with a status of 404 (Not Found)
2022-05-25 14:07:05 ERROR    Failure: 172717110701069407241174406021285620737 : http://localhost:3000/pagekit/index.php/admin/dashboard -> Failed to load resource: the server responded with a status of 404 (Not Found)
2022-05-25 14:07:05 ERROR    Failure: 105300557729261157098417819715091919465 : http://localhost:3000/pagekit/index.php/admin/dashboard -> status code(404) -> 
2022-05-25 14:07:05 ERROR    Failure: 105300557729261157098417819715091919465 : http://localhost:3000/pagekit/index.php/admin/dashboard -> status code(404) -> 
2022-05-25 14:07:06 ERROR    Failure: 172717110701069407241174406021285620737 : http://localhost:3000/pagekit/index.php/admin/dashboard -> Failed to load resource: the server responded with a status of 404 (Not Found)
2022-05-25 14:07:07 ERROR    Failure: 80165734902288621318310788211409255354 : http://localhost:3000/pagekit/admin/system/update -> status code(404) -> <!DOCTYPE HTML PUBLIC "-//IETF//DTD HTML 2.0//EN">	<html><head>	<title>404 Not Found</title>	</head><body>	<h1>Not Found</h1>	<p>The requested URL /pagekit/admin/system/update was not found on this server.</p>	<hr>	<address>Apache/2.4.18 (Ubuntu) Server at localhost Port 3000</address>	</body></html>	
2022-05-25 14:07:13 ERROR    Failure: 172717110701069407241174406021285620737 : http://localhost:3000/pagekit/index.php/admin/dashboard -> Failed to load resource: the server responded with a status of 404 (Not Found)
2022-05-25 14:07:13 ERROR    Failure: 172717110701069407241174406021285620737 : http://localhost:3000/pagekit/index.php/admin/dashboard -> Failed to load resource: the server responded with a status of 404 (Not Found)
2022-05-25 14:07:13 ERROR    Failure: 105300557729261157098417819715091919465 : http://localhost:3000/pagekit/index.php/admin/dashboard -> status code(404) -> 
2022-05-25 14:07:13 ERROR    Failure: 105300557729261157098417819715091919465 : http://localhost:3000/pagekit/index.php/admin/dashboard -> status code(404) -> 
2022-05-25 14:09:06 ERROR    Failure: 262513326802567628094931167029883077585 : http://localhost:3000/pagekit/index.php/admin/login -> net::ERR_ABORTED
2022-05-25 14:32:39 WARNING  Finished
2022-05-25 14:32:39 WARNING  (Failure Count, Coverage Percentage) : (4, 65.9031157309384)
2022-05-25 14:32:39 ERROR    172717110701069407241174406021285620737 : http://localhost:3000/pagekit/index.php/admin/dashboard -> Failed to load resource: the server responded with a status of 404 (Not Found)
2022-05-25 14:32:39 ERROR    105300557729261157098417819715091919465 : http://localhost:3000/pagekit/index.php/admin/dashboard -> status code(404) -> 
2022-05-25 14:32:39 ERROR    262513326802567628094931167029883077585 : http://localhost:3000/pagekit/index.php/admin/user/edit?id=1 -> net::ERR_ABORTED
2022-05-25 14:32:39 ERROR    80165734902288621318310788211409255354 : http://localhost:3000/pagekit/admin/system/update -> status code(404) -> <!DOCTYPE HTML PUBLIC "-//IETF//DTD HTML 2.0//EN">	<html><head>	<title>404 Not Found</title>	</head><body>	<h1>Not Found</h1>	<p>The requested URL /pagekit/admin/system/update was not found on this server.</p>	<hr>	<address>Apache/2.4.18 (Ubuntu) Server at localhost Port 3000</address>	</body></html>	
