2022-05-25 14:05:41 WARNING  Starting
2022-05-25 14:05:43 ERROR    Failure: 172717110701069407241174406021285620737 : http://localhost:3000/pagekit/index.php/admin/dashboard -> Failed to load resource: the server responded with a status of 404 (Not Found)
2022-05-25 14:05:43 ERROR    Failure: 105300557729261157098417819715091919465 : http://localhost:3000/pagekit/index.php/admin/dashboard -> status code(404) -> 
2022-05-25 14:05:49 ERROR    Failure: 262513326802567628094931167029883077585 : http://localhost:3000/pagekit/index.php/admin/user/edit?id=1 -> net::ERR_ABORTED
2022-05-25 14:05:50 ERROR    Failure: 172717110701069407241174406021285620737 : http://localhost:3000/pagekit/index.php/admin/dashboard -> Failed to load resource: the server responded with a status of 404 (Not Found)
2022-05-25 14:05:50 ERROR    Failure: 105300557729261157098417819715091919465 : http://localhost:3000/pagekit/index.php/admin/dashboard -> status code(404) -> 
2022-05-25 14:05:56 ERROR    Failure: 262513326802567628094931167029883077585 : http://localhost:3000/pagekit/index.php/admin/user/edit?id=1 -> net::ERR_ABORTED
2022-05-25 14:05:57 ERROR    Failure: 172717110701069407241174406021285620737 : http://localhost:3000/pagekit/index.php/admin/dashboard -> Failed to load resource: the server responded with a status of 404 (Not Found)
2022-05-25 14:05:57 ERROR    Failure: 105300557729261157098417819715091919465 : http://localhost:3000/pagekit/index.php/admin/dashboard -> status code(404) -> 
2022-05-25 14:06:06 ERROR    Failure: 172717110701069407241174406021285620737 : http://localhost:3000/pagekit/index.php/admin/dashboard -> Failed to load resource: the server responded with a status of 404 (Not Found)
2022-05-25 14:06:06 ERROR    Failure: 105300557729261157098417819715091919465 : http://localhost:3000/pagekit/index.php/admin/dashboard -> status code(404) -> 
2022-05-25 14:06:11 ERROR    Failure: 172717110701069407241174406021285620737 : http://localhost:3000/pagekit/index.php/admin/dashboard -> Failed to load resource: the server responded with a status of 404 (Not Found)
2022-05-25 14:06:11 ERROR    Failure: 105300557729261157098417819715091919465 : http://localhost:3000/pagekit/index.php/admin/dashboard -> status code(404) -> 
2022-05-25 14:06:13 ERROR    Failure: 172717110701069407241174406021285620737 : http://localhost:3000/pagekit/index.php/admin/dashboard -> Failed to load resource: the server responded with a status of 404 (Not Found)
2022-05-25 14:06:13 ERROR    Failure: 80165734902288621318310788211409255354 : http://localhost:3000/pagekit/admin/system/update -> status code(404) -> <!DOCTYPE HTML PUBLIC "-//IETF//DTD HTML 2.0//EN">	<html><head>	<title>404 Not Found</title>	</head><body>	<h1>Not Found</h1>	<p>The requested URL /pagekit/admin/system/update was not found on this server.</p>	<hr>	<address>Apache/2.4.18 (Ubuntu) Server at localhost Port 3000</address>	</body></html>	
2022-05-25 14:06:14 ERROR    Failure: 172717110701069407241174406021285620737 : http://localhost:3000/pagekit/index.php/admin/dashboard -> Failed to load resource: the server responded with a status of 404 (Not Found)
2022-05-25 14:06:14 ERROR    Failure: 105300557729261157098417819715091919465 : http://localhost:3000/pagekit/index.php/admin/dashboard -> status code(404) -> 
2022-05-25 14:06:20 ERROR    Failure: 172717110701069407241174406021285620737 : http://localhost:3000/pagekit/index.php/admin/dashboard -> Failed to load resource: the server responded with a status of 404 (Not Found)
2022-05-25 14:06:20 ERROR    Failure: 105300557729261157098417819715091919465 : http://localhost:3000/pagekit/index.php/admin/dashboard -> status code(404) -> 
2022-05-25 14:06:27 ERROR    Failure: 172717110701069407241174406021285620737 : http://localhost:3000/pagekit/index.php/admin/dashboard -> Failed to load resource: the server responded with a status of 404 (Not Found)
2022-05-25 14:06:27 ERROR    Failure: 105300557729261157098417819715091919465 : http://localhost:3000/pagekit/index.php/admin/dashboard -> status code(404) -> 
2022-05-25 14:06:31 ERROR    Failure: 172717110701069407241174406021285620737 : http://localhost:3000/pagekit/index.php/admin/dashboard -> Failed to load resource: the server responded with a status of 404 (Not Found)
2022-05-25 14:06:31 ERROR    Failure: 105300557729261157098417819715091919465 : http://localhost:3000/pagekit/index.php/admin/dashboard -> status code(404) -> 
2022-05-25 14:06:34 ERROR    Failure: 172717110701069407241174406021285620737 : http://localhost:3000/pagekit/index.php/admin/dashboard -> Failed to load resource: the server responded with a status of 404 (Not Found)
2022-05-25 14:06:34 ERROR    Failure: 80165734902288621318310788211409255354 : http://localhost:3000/pagekit/admin/system/update -> status code(404) -> <!DOCTYPE HTML PUBLIC "-//IETF//DTD HTML 2.0//EN">	<html><head>	<title>404 Not Found</title>	</head><body>	<h1>Not Found</h1>	<p>The requested URL /pagekit/admin/system/update was not found on this server.</p>	<hr>	<address>Apache/2.4.18 (Ubuntu) Server at localhost Port 3000</address>	</body></html>	
2022-05-25 14:06:35 ERROR    Failure: 172717110701069407241174406021285620737 : http://localhost:3000/pagekit/index.php/admin/dashboard -> Failed to load resource: the server responded with a status of 404 (Not Found)
2022-05-25 14:06:35 ERROR    Failure: 105300557729261157098417819715091919465 : http://localhost:3000/pagekit/index.php/admin/dashboard -> status code(404) -> 
2022-05-25 14:06:38 ERROR    Failure: 262513326802567628094931167029883077585 : http://localhost:3000/pagekit/index.php/admin/user/edit?id=1 -> net::ERR_ABORTED
2022-05-25 14:06:42 ERROR    Failure: 172717110701069407241174406021285620737 : http://localhost:3000/pagekit/index.php/admin/dashboard -> Failed to load resource: the server responded with a status of 404 (Not Found)
2022-05-25 14:06:42 ERROR    Failure: 105300557729261157098417819715091919465 : http://localhost:3000/pagekit/index.php/admin/dashboard -> status code(404) -> 
2022-05-25 14:06:47 ERROR    Failure: 172717110701069407241174406021285620737 : http://localhost:3000/pagekit/index.php/admin/dashboard -> Failed to load resource: the server responded with a status of 404 (Not Found)
2022-05-25 14:06:47 ERROR    Failure: 105300557729261157098417819715091919465 : http://localhost:3000/pagekit/index.php/admin/dashboard -> status code(404) -> 
2022-05-25 14:06:55 ERROR    Failure: 172717110701069407241174406021285620737 : http://localhost:3000/pagekit/index.php/admin/dashboard -> Failed to load resource: the server responded with a status of 404 (Not Found)
2022-05-25 14:06:55 ERROR    Failure: 105300557729261157098417819715091919465 : http://localhost:3000/pagekit/index.php/admin/dashboard -> status code(404) -> 
2022-05-25 14:07:03 ERROR    Failure: 172717110701069407241174406021285620737 : http://localhost:3000/pagekit/index.php/admin/dashboard -> Failed to load resource: the server responded with a status of 404 (Not Found)
2022-05-25 14:07:03 ERROR    Failure: 105300557729261157098417819715091919465 : http://localhost:3000/pagekit/index.php/admin/dashboard -> status code(404) -> 
2022-05-25 14:07:11 ERROR    Failure: 172717110701069407241174406021285620737 : http://localhost:3000/pagekit/index.php/admin/dashboard -> Failed to load resource: the server responded with a status of 404 (Not Found)
2022-05-25 14:07:11 ERROR    Failure: 105300557729261157098417819715091919465 : http://localhost:3000/pagekit/index.php/admin/dashboard -> status code(404) -> 
2022-05-25 14:07:18 ERROR    Failure: 262513326802567628094931167029883077585 : http://localhost:3000/pagekit/index.php/admin/user/edit?id=1 -> net::ERR_ABORTED
2022-05-25 14:07:19 ERROR    Failure: 63661048957111971139043659084403729172 : http://localhost:3000/pagekit/index.php/admin/user# -> Failed to load resource: the server responded with a status of 400 (Bad Request)
2022-05-25 14:07:19 ERROR    Failure: 108454993266047261493729590968796755788 : http://localhost:3000/pagekit/index.php/admin/user# -> status code(400) -> "Unable to block yourself."
2022-05-25 14:07:21 ERROR    Failure: 172717110701069407241174406021285620737 : http://localhost:3000/pagekit/index.php/admin/dashboard -> Failed to load resource: the server responded with a status of 404 (Not Found)
2022-05-25 14:07:21 ERROR    Failure: 105300557729261157098417819715091919465 : http://localhost:3000/pagekit/index.php/admin/dashboard -> status code(404) -> 
2022-05-25 14:07:27 ERROR    Failure: 172717110701069407241174406021285620737 : http://localhost:3000/pagekit/index.php/admin/dashboard -> Failed to load resource: the server responded with a status of 404 (Not Found)
2022-05-25 14:07:27 ERROR    Failure: 105300557729261157098417819715091919465 : http://localhost:3000/pagekit/index.php/admin/dashboard -> status code(404) -> 
2022-05-25 14:07:32 ERROR    Failure: 172717110701069407241174406021285620737 : http://localhost:3000/pagekit/index.php/admin/dashboard -> Failed to load resource: the server responded with a status of 404 (Not Found)
2022-05-25 14:07:32 ERROR    Failure: 105300557729261157098417819715091919465 : http://localhost:3000/pagekit/index.php/admin/dashboard -> status code(404) -> 
2022-05-25 14:07:39 ERROR    Failure: 262513326802567628094931167029883077585 : http://localhost:3000/pagekit/index.php/admin/user/edit?id=1 -> net::ERR_ABORTED
2022-05-25 14:07:39 ERROR    Failure: 262513326802567628094931167029883077585 : http://localhost:3000/pagekit/index.php/admin/user/edit?id=1 -> net::ERR_ABORTED
2022-05-25 14:07:40 ERROR    Failure: 172717110701069407241174406021285620737 : http://localhost:3000/pagekit/index.php/admin/dashboard -> Failed to load resource: the server responded with a status of 404 (Not Found)
2022-05-25 14:07:40 ERROR    Failure: 105300557729261157098417819715091919465 : http://localhost:3000/pagekit/index.php/admin/dashboard -> status code(404) -> 
2022-05-25 14:07:43 ERROR    Failure: 262513326802567628094931167029883077585 : http://localhost:3000/pagekit/index.php/admin/user/edit?id=1 -> net::ERR_ABORTED
2022-05-25 14:07:49 ERROR    Failure: 172717110701069407241174406021285620737 : http://localhost:3000/pagekit/index.php/admin/dashboard -> Failed to load resource: the server responded with a status of 404 (Not Found)
2022-05-25 14:07:49 ERROR    Failure: 105300557729261157098417819715091919465 : http://localhost:3000/pagekit/index.php/admin/dashboard -> status code(404) -> 
2022-05-25 14:07:59 ERROR    Failure: 172717110701069407241174406021285620737 : http://localhost:3000/pagekit/index.php/admin/dashboard -> Failed to load resource: the server responded with a status of 404 (Not Found)
2022-05-25 14:07:59 ERROR    Failure: 105300557729261157098417819715091919465 : http://localhost:3000/pagekit/index.php/admin/dashboard -> status code(404) -> 
2022-05-25 14:25:12 ERROR    Future exception was never retrieved
future: <Future finished exception=NetworkError('Protocol error Target.sendMessageToTarget: Target closed.')>
pyppeteer.errors.NetworkError: Protocol error Target.sendMessageToTarget: Target closed.
2022-05-25 14:34:50 ERROR    Future exception was never retrieved
future: <Future finished exception=NetworkError('Protocol error Target.sendMessageToTarget: Target closed.')>
pyppeteer.errors.NetworkError: Protocol error Target.sendMessageToTarget: Target closed.
2022-05-25 14:35:43 WARNING  Finished
2022-05-25 14:35:43 WARNING  (Failure Count, Coverage Percentage) : (6, 69.34869774603149)
2022-05-25 14:35:43 ERROR    172717110701069407241174406021285620737 : http://localhost:3000/pagekit/index.php/admin/dashboard -> Failed to load resource: the server responded with a status of 404 (Not Found)
2022-05-25 14:35:43 ERROR    105300557729261157098417819715091919465 : http://localhost:3000/pagekit/index.php/admin/dashboard -> status code(404) -> 
2022-05-25 14:35:43 ERROR    262513326802567628094931167029883077585 : http://localhost:3000/pagekit/index.php/admin/user/edit?id=1 -> net::ERR_ABORTED
2022-05-25 14:35:43 ERROR    80165734902288621318310788211409255354 : http://localhost:3000/pagekit/admin/system/update -> status code(404) -> <!DOCTYPE HTML PUBLIC "-//IETF//DTD HTML 2.0//EN">	<html><head>	<title>404 Not Found</title>	</head><body>	<h1>Not Found</h1>	<p>The requested URL /pagekit/admin/system/update was not found on this server.</p>	<hr>	<address>Apache/2.4.18 (Ubuntu) Server at localhost Port 3000</address>	</body></html>	
2022-05-25 14:35:43 ERROR    63661048957111971139043659084403729172 : http://localhost:3000/pagekit/index.php/admin/user# -> Failed to load resource: the server responded with a status of 400 (Bad Request)
2022-05-25 14:35:43 ERROR    108454993266047261493729590968796755788 : http://localhost:3000/pagekit/index.php/admin/user# -> status code(400) -> "Unable to block yourself."
~2022-05-25 14:35:43 ERROR    Future exception was never retrieved
future: <Future finished exception=NetworkError('Protocol error Target.sendMessageToTarget: Target closed.')>
pyppeteer.errors.NetworkError: Protocol error Target.sendMessageToTarget: Target closed.
~2022-05-25 14:35:43 ERROR    Future exception was never retrieved
future: <Future finished exception=NetworkError('Protocol error Target.sendMessageToTarget: Target closed.')>
pyppeteer.errors.NetworkError: Protocol error Target.sendMessageToTarget: Target closed.
~2022-05-25 14:35:43 ERROR    Future exception was never retrieved
future: <Future finished exception=NetworkError('Protocol error Target.sendMessageToTarget: Target closed.')>
pyppeteer.errors.NetworkError: Protocol error Target.sendMessageToTarget: Target closed.
~2022-05-25 14:35:43 ERROR    Future exception was never retrieved
future: <Future finished exception=NetworkError('Protocol error Target.sendMessageToTarget: Target closed.')>
pyppeteer.errors.NetworkError: Protocol error Target.sendMessageToTarget: Target closed.
