85558333149760440595380714538500831080, None, 85558333149760440595380714538500831080, http://localhost:1800/
85558333149760440595380714538500831080, None, 85558333149760440595380714538500831080, http://localhost:1800/
85558333149760440595380714538500831080, None, 85558333149760440595380714538500831080, http://localhost:1800/
85558333149760440595380714538500831080, 171732623341340118822743671651694422782 -> a ['docs']{'target': '_blank', 'href': 'https://docs.retrospected.com/docs/self-hosting/quick-start'}, 85558333149760440595380714538500831080, http://localhost:1800/
85558333149760440595380714538500831080, None, 85558333149760440595380714538500831080, http://localhost:1800/
85558333149760440595380714538500831080, 126897143971849504177287452962379115636 -> a [<span class="ti-crown", 94014092418147806933120791383152832887, http://localhost:1800/
94014092418147806933120791383152832887, 43049699877994183524356976929040969917 -> button [<svg aria-hidden="true" class="MuiSvgIcon-root MuiSvgIcon-fontSizeMedium css-vubbuv" data-testid="MenuIcon" focusable="false" viewbox="0 0 24 24", 94014092418147806933120791383152832887, http://localhost:1800/
94014092418147806933120791383152832887, 311139265183187381314120997124831806190 -> a [<ul class="list-unstyled text-sm mb-4 pricing-feature-list", 94014092418147806933120791383152832887, http://localhost:1800/
94014092418147806933120791383152832887, 129577701741696671623444447879599158794 -> a ['Subscribe Now']{'href': '/subscribe?product=unlimited', 'class': 'btnsolid-btnmb-3'}, 94014092418147806933120791383152832887, http://localhost:1800/
94014092418147806933120791383152832887, 230313313312885264188619318999131343590 -> a ['Contact us']{'href': 'mailto:support@retrospected.com', 'class': 'color-secondary'}, 94014092418147806933120791383152832887, http://localhost:1800/
94014092418147806933120791383152832887, 322294491624679672579461493340971535867 -> a ['Accounts Federation']{'href': '#'}, 287602096997466006642280215533869310534, http://localhost:1800/#
85558333149760440595380714538500831080, None, 85558333149760440595380714538500831080, http://localhost:1800/
85558333149760440595380714538500831080, 96209764409702934583100429439126582709 -> a [<span class="ti-check-box", 85558333149760440595380714538500831080, http://localhost:1800/
85558333149760440595380714538500831080, 241834424327382346987432935799321988837 -> a [<span class="ti-twitter", 85558333149760440595380714538500831080, http://localhost:1800/
85558333149760440595380714538500831080, 335177995277185720436677424941113667172 -> a ['Private Sessions']{'href': '#'}, 160676281277793519390875323921892676195, http://localhost:1800/#
160676281277793519390875323921892676195, 44226831132642797030845329423154588134 -> a ['Simplified Self-Hosting']{'href': '#'}, 160676281277793519390875323921892676195, http://localhost:1800/#
160676281277793519390875323921892676195, 126897143971849504177287452962379115636 -> a [<span class="ti-crown", 287602096997466006642280215533869310534, http://localhost:1800/#
287602096997466006642280215533869310534, 77722075193502781211253785020892441640 -> a []{'href': '/login', 'style': 'color:unset'}, 287602096997466006642280215533869310534, http://localhost:1800/#
287602096997466006642280215533869310534, 243157659132187107739887812339775519703 -> a ['support@retrospected.com']{'href': 'mailto:support@retrospected.com'}, 287602096997466006642280215533869310534, http://localhost:1800/#
85558333149760440595380714538500831080, None, 85558333149760440595380714538500831080, http://localhost:1800/
85558333149760440595380714538500831080, None, 85558333149760440595380714538500831080, http://localhost:1800/
85558333149760440595380714538500831080, 77722075193502781211253785020892441640 -> a []{'href': '/login', 'style': 'color:unset'}, 85558333149760440595380714538500831080, http://localhost:1800/
85558333149760440595380714538500831080, 335177995277185720436677424941113667172 -> a ['Private Sessions']{'href': '#'}, 160676281277793519390875323921892676195, http://localhost:1800/#
160676281277793519390875323921892676195, 96209764409702934583100429439126582709 -> a [<span class="ti-check-box", 160676281277793519390875323921892676195, http://localhost:1800/#
85558333149760440595380714538500831080, None, 85558333149760440595380714538500831080, http://localhost:1800/
85558333149760440595380714538500831080, None, 85558333149760440595380714538500831080, http://localhost:1800/
85558333149760440595380714538500831080, 241834424327382346987432935799321988837 -> a [<span class="ti-twitter", 85558333149760440595380714538500831080, http://localhost:1800/
85558333149760440595380714538500831080, 43049699877994183524356976929040969917 -> button [<svg aria-hidden="true" class="MuiSvgIcon-root MuiSvgIcon-fontSizeMedium css-vubbuv" data-testid="MenuIcon" focusable="false" viewbox="0 0 24 24", 85558333149760440595380714538500831080, http://localhost:1800/
85558333149760440595380714538500831080, 243157659132187107739887812339775519703 -> a ['support@retrospected.com']{'href': 'mailto:support@retrospected.com'}, 85558333149760440595380714538500831080, http://localhost:1800/
85558333149760440595380714538500831080, None, 85558333149760440595380714538500831080, http://localhost:1800/
85558333149760440595380714538500831080, 126897143971849504177287452962379115636 -> a [<span class="ti-crown", 94014092418147806933120791383152832887, http://localhost:1800/
94014092418147806933120791383152832887, 322294491624679672579461493340971535867 -> a ['Accounts Federation']{'href': '#'}, 287602096997466006642280215533869310534, http://localhost:1800/#
85558333149760440595380714538500831080, None, 85558333149760440595380714538500831080, http://localhost:1800/
85558333149760440595380714538500831080, 266290469012312326683711838841638666372 -> button [<svg aria-hidden="true" class="MuiSvgIcon-root MuiSvgIcon-fontSizeMedium css-vubbuv" data-testid="HomeOutlinedIcon" focusable="false" viewbox="0 0 24 24", 85558333149760440595380714538500831080, http://localhost:1800/
85558333149760440595380714538500831080, 126897143971849504177287452962379115636 -> a [<span class="ti-crown", 94014092418147806933120791383152832887, http://localhost:1800/
85558333149760440595380714538500831080, None, 85558333149760440595380714538500831080, http://localhost:1800/
85558333149760440595380714538500831080, 42781586748898556957319857378680623162 -> a []{'href': '/subscribe?product=self-hosted', 'style': 'color:unset'}, 85558333149760440595380714538500831080, http://localhost:1800/
85558333149760440595380714538500831080, 171732623341340118822743671651694422782 -> a ['docs']{'target': '_blank', 'href': 'https://docs.retrospected.com/docs/self-hosting/quick-start'}, 85558333149760440595380714538500831080, http://localhost:1800/
85558333149760440595380714538500831080, None, 85558333149760440595380714538500831080, http://localhost:1800/
85558333149760440595380714538500831080, 254223092764667133638200428295916035974 -> a [<span class="ti-lock", 312035304379938343747989387892194858733, http://localhost:1800/
312035304379938343747989387892194858733, 131498267285019480364075027932691640882 -> a []{'href': '/subscribe?product=unlimited', 'style': 'color:unset'}, 312035304379938343747989387892194858733, http://localhost:1800/
312035304379938343747989387892194858733, 243157659132187107739887812339775519703 -> a ['support@retrospected.com']{'href': 'mailto:support@retrospected.com'}, 312035304379938343747989387892194858733, http://localhost:1800/
85558333149760440595380714538500831080, None, 85558333149760440595380714538500831080, http://localhost:1800/
85558333149760440595380714538500831080, None, 85558333149760440595380714538500831080, http://localhost:1800/
85558333149760440595380714538500831080, None, 85558333149760440595380714538500831080, http://localhost:1800/
85558333149760440595380714538500831080, 266290469012312326683711838841638666372 -> button [<svg aria-hidden="true" class="MuiSvgIcon-root MuiSvgIcon-fontSizeMedium css-vubbuv" data-testid="HomeOutlinedIcon" focusable="false" viewbox="0 0 24 24", 85558333149760440595380714538500831080, http://localhost:1800/
85558333149760440595380714538500831080, 220230489951247748324856720139661540476 -> a ['amazing documentation']{'target': '_blank', 'href': 'https://docs.retrospected.com/docs/self-hosting/quick-start'}, 85558333149760440595380714538500831080, http://localhost:1800/
85558333149760440595380714538500831080, None, 85558333149760440595380714538500831080, http://localhost:1800/
85558333149760440595380714538500831080, None, 85558333149760440595380714538500831080, http://localhost:1800/
85558333149760440595380714538500831080, None, 85558333149760440595380714538500831080, http://localhost:1800/
85558333149760440595380714538500831080, 241834424327382346987432935799321988837 -> a [<span class="ti-twitter", 85558333149760440595380714538500831080, http://localhost:1800/
85558333149760440595380714538500831080, 241834424327382346987432935799321988837 -> a [<span class="ti-twitter", 85558333149760440595380714538500831080, http://localhost:1800/
85558333149760440595380714538500831080, None, 85558333149760440595380714538500831080, http://localhost:1800/
85558333149760440595380714538500831080, 335177995277185720436677424941113667172 -> a ['Private Sessions']{'href': '#'}, 160676281277793519390875323921892676195, http://localhost:1800/#
85558333149760440595380714538500831080, None, 85558333149760440595380714538500831080, http://localhost:1800/
85558333149760440595380714538500831080, 266290469012312326683711838841638666372 -> button [<svg aria-hidden="true" class="MuiSvgIcon-root MuiSvgIcon-fontSizeMedium css-vubbuv" data-testid="HomeOutlinedIcon" focusable="false" viewbox="0 0 24 24", 85558333149760440595380714538500831080, http://localhost:1800/
85558333149760440595380714538500831080, 335177995277185720436677424941113667172 -> a ['Private Sessions']{'href': '#'}, 160676281277793519390875323921892676195, http://localhost:1800/#
85558333149760440595380714538500831080, None, 85558333149760440595380714538500831080, http://localhost:1800/
85558333149760440595380714538500831080, 241834424327382346987432935799321988837 -> a [<span class="ti-twitter", 85558333149760440595380714538500831080, http://localhost:1800/
85558333149760440595380714538500831080, 294408008975193969872912268871713931036 -> a [<span class="ti-wand", 134889261547027000173533848097898943919, http://localhost:1800/
134889261547027000173533848097898943919, 206164577955608859182796379325284454987 -> a [<span class="ti-check-box", 61832822962638269947097031219656062189, http://localhost:1800/
61832822962638269947097031219656062189, 77722075193502781211253785020892441640 -> a []{'href': '/login', 'style': 'color:unset'}, 61832822962638269947097031219656062189, http://localhost:1800/
85558333149760440595380714538500831080, None, 85558333149760440595380714538500831080, http://localhost:1800/
85558333149760440595380714538500831080, None, 85558333149760440595380714538500831080, http://localhost:1800/
85558333149760440595380714538500831080, 266290469012312326683711838841638666372 -> button [<svg aria-hidden="true" class="MuiSvgIcon-root MuiSvgIcon-fontSizeMedium css-vubbuv" data-testid="HomeOutlinedIcon" focusable="false" viewbox="0 0 24 24", 85558333149760440595380714538500831080, http://localhost:1800/
85558333149760440595380714538500831080, None, 85558333149760440595380714538500831080, http://localhost:1800/
85558333149760440595380714538500831080, 254223092764667133638200428295916035974 -> a [<span class="ti-lock", 312035304379938343747989387892194858733, http://localhost:1800/
85558333149760440595380714538500831080, None, 85558333149760440595380714538500831080, http://localhost:1800/
85558333149760440595380714538500831080, None, 85558333149760440595380714538500831080, http://localhost:1800/
85558333149760440595380714538500831080, 126897143971849504177287452962379115636 -> a [<span class="ti-crown", 94014092418147806933120791383152832887, http://localhost:1800/
85558333149760440595380714538500831080, None, 85558333149760440595380714538500831080, http://localhost:1800/
85558333149760440595380714538500831080, None, 85558333149760440595380714538500831080, http://localhost:1800/
85558333149760440595380714538500831080, None, 85558333149760440595380714538500831080, http://localhost:1800/
85558333149760440595380714538500831080, 230313313312885264188619318999131343590 -> a ['Contact us']{'href': 'mailto:support@retrospected.com', 'class': 'color-secondary'}, 85558333149760440595380714538500831080, http://localhost:1800/
85558333149760440595380714538500831080, 230313313312885264188619318999131343590 -> a ['Contact us']{'href': 'mailto:support@retrospected.com', 'class': 'color-secondary'}, 85558333149760440595380714538500831080, http://localhost:1800/
85558333149760440595380714538500831080, None, 85558333149760440595380714538500831080, http://localhost:1800/
85558333149760440595380714538500831080, None, 85558333149760440595380714538500831080, http://localhost:1800/
85558333149760440595380714538500831080, 294408008975193969872912268871713931036 -> a [<span class="ti-wand", 134889261547027000173533848097898943919, http://localhost:1800/
85558333149760440595380714538500831080, None, 85558333149760440595380714538500831080, http://localhost:1800/
85558333149760440595380714538500831080, 126897143971849504177287452962379115636 -> a [<span class="ti-crown", 94014092418147806933120791383152832887, http://localhost:1800/
94014092418147806933120791383152832887, 294408008975193969872912268871713931036 -> a [<span class="ti-wand", 134889261547027000173533848097898943919, http://localhost:1800/
134889261547027000173533848097898943919, 1971129661176514680489238883695840773 -> a [<span class="ti-wand", 134889261547027000173533848097898943919, http://localhost:1800/
85558333149760440595380714538500831080, None, 85558333149760440595380714538500831080, http://localhost:1800/
85558333149760440595380714538500831080, 77722075193502781211253785020892441640 -> a []{'href': '/login', 'style': 'color:unset'}, 85558333149760440595380714538500831080, http://localhost:1800/
85558333149760440595380714538500831080, 294408008975193969872912268871713931036 -> a [<span class="ti-wand", 134889261547027000173533848097898943919, http://localhost:1800/
134889261547027000173533848097898943919, 243157659132187107739887812339775519703 -> a ['support@retrospected.com']{'href': 'mailto:support@retrospected.com'}, 134889261547027000173533848097898943919, http://localhost:1800/
134889261547027000173533848097898943919, 254223092764667133638200428295916035974 -> a [<span class="ti-lock", 312035304379938343747989387892194858733, http://localhost:1800/
312035304379938343747989387892194858733, 266290469012312326683711838841638666372 -> button [<svg aria-hidden="true" class="MuiSvgIcon-root MuiSvgIcon-fontSizeMedium css-vubbuv" data-testid="HomeOutlinedIcon" focusable="false" viewbox="0 0 24 24", 312035304379938343747989387892194858733, http://localhost:1800/
312035304379938343747989387892194858733, 198330988671355682266587899514732098117 -> a []{'href': '/subscribe?product=team', 'style': 'color:unset'}, 312035304379938343747989387892194858733, http://localhost:1800/
85558333149760440595380714538500831080, None, 85558333149760440595380714538500831080, http://localhost:1800/
85558333149760440595380714538500831080, 243157659132187107739887812339775519703 -> a ['support@retrospected.com']{'href': 'mailto:support@retrospected.com'}, 85558333149760440595380714538500831080, http://localhost:1800/
85558333149760440595380714538500831080, 326260989328514412703228462752826086408 -> a ['contact us']{'href': 'mailto:support@retrospected.com'}, 85558333149760440595380714538500831080, http://localhost:1800/
85558333149760440595380714538500831080, 326260989328514412703228462752826086408 -> a ['contact us']{'href': 'mailto:support@retrospected.com'}, 85558333149760440595380714538500831080, http://localhost:1800/
85558333149760440595380714538500831080, None, 85558333149760440595380714538500831080, http://localhost:1800/
85558333149760440595380714538500831080, None, 85558333149760440595380714538500831080, http://localhost:1800/
85558333149760440595380714538500831080, 96209764409702934583100429439126582709 -> a [<span class="ti-check-box", 85558333149760440595380714538500831080, http://localhost:1800/
85558333149760440595380714538500831080, 171732623341340118822743671651694422782 -> a ['docs']{'target': '_blank', 'href': 'https://docs.retrospected.com/docs/self-hosting/quick-start'}, 85558333149760440595380714538500831080, http://localhost:1800/
85558333149760440595380714538500831080, None, 85558333149760440595380714538500831080, http://localhost:1800/
85558333149760440595380714538500831080, 322294491624679672579461493340971535867 -> a ['Accounts Federation']{'href': '#'}, 160676281277793519390875323921892676195, http://localhost:1800/#
85558333149760440595380714538500831080, None, 85558333149760440595380714538500831080, http://localhost:1800/
85558333149760440595380714538500831080, 77722075193502781211253785020892441640 -> a []{'href': '/login', 'style': 'color:unset'}, 85558333149760440595380714538500831080, http://localhost:1800/
85558333149760440595380714538500831080, 335177995277185720436677424941113667172 -> a ['Private Sessions']{'href': '#'}, 160676281277793519390875323921892676195, http://localhost:1800/#
160676281277793519390875323921892676195, 243157659132187107739887812339775519703 -> a ['support@retrospected.com']{'href': 'mailto:support@retrospected.com'}, 160676281277793519390875323921892676195, http://localhost:1800/#
160676281277793519390875323921892676195, 42781586748898556957319857378680623162 -> a []{'href': '/subscribe?product=self-hosted', 'style': 'color:unset'}, 160676281277793519390875323921892676195, http://localhost:1800/#
85558333149760440595380714538500831080, None, 85558333149760440595380714538500831080, http://localhost:1800/
85558333149760440595380714538500831080, 126897143971849504177287452962379115636 -> a [<span class="ti-crown", 85558333149760440595380714538500831080, http://localhost:1800/
85558333149760440595380714538500831080, None, 85558333149760440595380714538500831080, http://localhost:1800/
85558333149760440595380714538500831080, 77722075193502781211253785020892441640 -> a []{'href': '/login', 'style': 'color:unset'}, 85558333149760440595380714538500831080, http://localhost:1800/
85558333149760440595380714538500831080, 294408008975193969872912268871713931036 -> a [<span class="ti-wand", 134889261547027000173533848097898943919, http://localhost:1800/
85558333149760440595380714538500831080, None, 85558333149760440595380714538500831080, http://localhost:1800/
85558333149760440595380714538500831080, None, 85558333149760440595380714538500831080, http://localhost:1800/
85558333149760440595380714538500831080, 322294491624679672579461493340971535867 -> a ['Accounts Federation']{'href': '#'}, 160676281277793519390875323921892676195, http://localhost:1800/#
85558333149760440595380714538500831080, None, 85558333149760440595380714538500831080, http://localhost:1800/
85558333149760440595380714538500831080, 335177995277185720436677424941113667172 -> a ['Private Sessions']{'href': '#'}, 160676281277793519390875323921892676195, http://localhost:1800/#
160676281277793519390875323921892676195, 326260989328514412703228462752826086408 -> a ['contact us']{'href': 'mailto:support@retrospected.com'}, 160676281277793519390875323921892676195, http://localhost:1800/#
160676281277793519390875323921892676195, 230313313312885264188619318999131343590 -> a ['Contact us']{'href': 'mailto:support@retrospected.com', 'class': 'color-secondary'}, 160676281277793519390875323921892676195, http://localhost:1800/#
160676281277793519390875323921892676195, 254223092764667133638200428295916035974 -> a [<span class="ti-lock", 98951389206994023167960179296979532349, http://localhost:1800/#
85558333149760440595380714538500831080, None, 85558333149760440595380714538500831080, http://localhost:1800/
85558333149760440595380714538500831080, 322294491624679672579461493340971535867 -> a ['Accounts Federation']{'href': '#'}, 160676281277793519390875323921892676195, http://localhost:1800/#
85558333149760440595380714538500831080, None, 85558333149760440595380714538500831080, http://localhost:1800/
85558333149760440595380714538500831080, 198330988671355682266587899514732098117 -> a []{'href': '/subscribe?product=team', 'style': 'color:unset'}, 85558333149760440595380714538500831080, http://localhost:1800/
85558333149760440595380714538500831080, None, 85558333149760440595380714538500831080, http://localhost:1800/
85558333149760440595380714538500831080, None, 85558333149760440595380714538500831080, http://localhost:1800/
85558333149760440595380714538500831080, 264323178795734057221956673756651836778 -> a ['here']{'target': '_blank', 'href': 'https://www.retrospected.com/subscribe?product=self-hosted', 'rel': 'noreferrer'}, 85558333149760440595380714538500831080, http://localhost:1800/
85558333149760440595380714538500831080, None, 85558333149760440595380714538500831080, http://localhost:1800/
85558333149760440595380714538500831080, 96209764409702934583100429439126582709 -> a [<span class="ti-check-box", 85558333149760440595380714538500831080, http://localhost:1800/
85558333149760440595380714538500831080, None, 85558333149760440595380714538500831080, http://localhost:1800/
85558333149760440595380714538500831080, None, 85558333149760440595380714538500831080, http://localhost:1800/
85558333149760440595380714538500831080, 243157659132187107739887812339775519703 -> a ['support@retrospected.com']{'href': 'mailto:support@retrospected.com'}, 85558333149760440595380714538500831080, http://localhost:1800/
85558333149760440595380714538500831080, 243157659132187107739887812339775519703 -> a ['support@retrospected.com']{'href': 'mailto:support@retrospected.com'}, 85558333149760440595380714538500831080, http://localhost:1800/
85558333149760440595380714538500831080, None, 85558333149760440595380714538500831080, http://localhost:1800/
85558333149760440595380714538500831080, 322294491624679672579461493340971535867 -> a ['Accounts Federation']{'href': '#'}, 160676281277793519390875323921892676195, http://localhost:1800/#
85558333149760440595380714538500831080, None, 85558333149760440595380714538500831080, http://localhost:1800/
85558333149760440595380714538500831080, None, 85558333149760440595380714538500831080, http://localhost:1800/
85558333149760440595380714538500831080, 335177995277185720436677424941113667172 -> a ['Private Sessions']{'href': '#'}, 160676281277793519390875323921892676195, http://localhost:1800/#
85558333149760440595380714538500831080, None, 85558333149760440595380714538500831080, http://localhost:1800/
85558333149760440595380714538500831080, 322294491624679672579461493340971535867 -> a ['Accounts Federation']{'href': '#'}, 160676281277793519390875323921892676195, http://localhost:1800/#
160676281277793519390875323921892676195, 264323178795734057221956673756651836778 -> a ['here']{'target': '_blank', 'href': 'https://www.retrospected.com/subscribe?product=self-hosted', 'rel': 'noreferrer'}, 160676281277793519390875323921892676195, http://localhost:1800/#
85558333149760440595380714538500831080, None, 85558333149760440595380714538500831080, http://localhost:1800/
85558333149760440595380714538500831080, 126897143971849504177287452962379115636 -> a [<span class="ti-crown", 85558333149760440595380714538500831080, http://localhost:1800/
85558333149760440595380714538500831080, 126897143971849504177287452962379115636 -> a [<span class="ti-crown", 94014092418147806933120791383152832887, http://localhost:1800/
94014092418147806933120791383152832887, 77722075193502781211253785020892441640 -> a []{'href': '/login', 'style': 'color:unset'}, 94014092418147806933120791383152832887, http://localhost:1800/
85558333149760440595380714538500831080, None, 85558333149760440595380714538500831080, http://localhost:1800/
85558333149760440595380714538500831080, None, 85558333149760440595380714538500831080, http://localhost:1800/
85558333149760440595380714538500831080, None, 85558333149760440595380714538500831080, http://localhost:1800/
85558333149760440595380714538500831080, 264323178795734057221956673756651836778 -> a ['here']{'target': '_blank', 'href': 'https://www.retrospected.com/subscribe?product=self-hosted', 'rel': 'noreferrer'}, 85558333149760440595380714538500831080, http://localhost:1800/
85558333149760440595380714538500831080, 335177995277185720436677424941113667172 -> a ['Private Sessions']{'href': '#'}, 160676281277793519390875323921892676195, http://localhost:1800/#
160676281277793519390875323921892676195, 322294491624679672579461493340971535867 -> a ['Accounts Federation']{'href': '#'}, 160676281277793519390875323921892676195, http://localhost:1800/#
85558333149760440595380714538500831080, None, 85558333149760440595380714538500831080, http://localhost:1800/
85558333149760440595380714538500831080, 335177995277185720436677424941113667172 -> a ['Private Sessions']{'href': '#'}, 160676281277793519390875323921892676195, http://localhost:1800/#
160676281277793519390875323921892676195, 43049699877994183524356976929040969917 -> button [<svg aria-hidden="true" class="MuiSvgIcon-root MuiSvgIcon-fontSizeMedium css-vubbuv" data-testid="MenuIcon" focusable="false" viewbox="0 0 24 24", 160676281277793519390875323921892676195, http://localhost:1800/#
160676281277793519390875323921892676195, 243157659132187107739887812339775519703 -> a ['support@retrospected.com']{'href': 'mailto:support@retrospected.com'}, 160676281277793519390875323921892676195, http://localhost:1800/#
85558333149760440595380714538500831080, None, 85558333149760440595380714538500831080, http://localhost:1800/
85558333149760440595380714538500831080, 171732623341340118822743671651694422782 -> a ['docs']{'target': '_blank', 'href': 'https://docs.retrospected.com/docs/self-hosting/quick-start'}, 85558333149760440595380714538500831080, http://localhost:1800/
85558333149760440595380714538500831080, None, 85558333149760440595380714538500831080, http://localhost:1800/
85558333149760440595380714538500831080, 322294491624679672579461493340971535867 -> a ['Accounts Federation']{'href': '#'}, 160676281277793519390875323921892676195, http://localhost:1800/#
85558333149760440595380714538500831080, None, 85558333149760440595380714538500831080, http://localhost:1800/
85558333149760440595380714538500831080, 126897143971849504177287452962379115636 -> a [<span class="ti-crown", 94014092418147806933120791383152832887, http://localhost:1800/
85558333149760440595380714538500831080, None, 85558333149760440595380714538500831080, http://localhost:1800/
85558333149760440595380714538500831080, 254223092764667133638200428295916035974 -> a [<span class="ti-lock", 312035304379938343747989387892194858733, http://localhost:1800/
312035304379938343747989387892194858733, 220230489951247748324856720139661540476 -> a ['amazing documentation']{'target': '_blank', 'href': 'https://docs.retrospected.com/docs/self-hosting/quick-start'}, 312035304379938343747989387892194858733, http://localhost:1800/
312035304379938343747989387892194858733, 266290469012312326683711838841638666372 -> button [<svg aria-hidden="true" class="MuiSvgIcon-root MuiSvgIcon-fontSizeMedium css-vubbuv" data-testid="HomeOutlinedIcon" focusable="false" viewbox="0 0 24 24", 312035304379938343747989387892194858733, http://localhost:1800/
312035304379938343747989387892194858733, 126897143971849504177287452962379115636 -> a [<span class="ti-crown", 94014092418147806933120791383152832887, http://localhost:1800/
94014092418147806933120791383152832887, 264323178795734057221956673756651836778 -> a ['here']{'target': '_blank', 'href': 'https://www.retrospected.com/subscribe?product=self-hosted', 'rel': 'noreferrer'}, 94014092418147806933120791383152832887, http://localhost:1800/
94014092418147806933120791383152832887, 198330988671355682266587899514732098117 -> a []{'href': '/subscribe?product=team', 'style': 'color:unset'}, 94014092418147806933120791383152832887, http://localhost:1800/
94014092418147806933120791383152832887, 294408008975193969872912268871713931036 -> a [<span class="ti-wand", 134889261547027000173533848097898943919, http://localhost:1800/
134889261547027000173533848097898943919, 77722075193502781211253785020892441640 -> a []{'href': '/login', 'style': 'color:unset'}, 134889261547027000173533848097898943919, http://localhost:1800/
85558333149760440595380714538500831080, None, 85558333149760440595380714538500831080, http://localhost:1800/
85558333149760440595380714538500831080, 266290469012312326683711838841638666372 -> button [<svg aria-hidden="true" class="MuiSvgIcon-root MuiSvgIcon-fontSizeMedium css-vubbuv" data-testid="HomeOutlinedIcon" focusable="false" viewbox="0 0 24 24", 85558333149760440595380714538500831080, http://localhost:1800/
85558333149760440595380714538500831080, 322294491624679672579461493340971535867 -> a ['Accounts Federation']{'href': '#'}, 160676281277793519390875323921892676195, http://localhost:1800/#
160676281277793519390875323921892676195, 42781586748898556957319857378680623162 -> a []{'href': '/subscribe?product=self-hosted', 'style': 'color:unset'}, 160676281277793519390875323921892676195, http://localhost:1800/#
160676281277793519390875323921892676195, 230313313312885264188619318999131343590 -> a ['Contact us']{'href': 'mailto:support@retrospected.com', 'class': 'color-secondary'}, 160676281277793519390875323921892676195, http://localhost:1800/#
160676281277793519390875323921892676195, 254223092764667133638200428295916035974 -> a [<span class="ti-lock", 98951389206994023167960179296979532349, http://localhost:1800/#
85558333149760440595380714538500831080, None, 85558333149760440595380714538500831080, http://localhost:1800/
85558333149760440595380714538500831080, 171732623341340118822743671651694422782 -> a ['docs']{'target': '_blank', 'href': 'https://docs.retrospected.com/docs/self-hosting/quick-start'}, 85558333149760440595380714538500831080, http://localhost:1800/
85558333149760440595380714538500831080, 131498267285019480364075027932691640882 -> a []{'href': '/subscribe?product=unlimited', 'style': 'color:unset'}, 85558333149760440595380714538500831080, http://localhost:1800/
85558333149760440595380714538500831080, 126897143971849504177287452962379115636 -> a [<span class="ti-crown", 94014092418147806933120791383152832887, http://localhost:1800/
94014092418147806933120791383152832887, 213786466674511586446221676810385570193 -> button [<span class="MuiButton-startIcon MuiButton-iconSizeMedium css-6xugel", 94014092418147806933120791383152832887, http://localhost:1800/
94014092418147806933120791383152832887, 266290469012312326683711838841638666372 -> button [<svg aria-hidden="true" class="MuiSvgIcon-root MuiSvgIcon-fontSizeMedium css-vubbuv" data-testid="HomeOutlinedIcon" focusable="false" viewbox="0 0 24 24", 94014092418147806933120791383152832887, http://localhost:1800/
94014092418147806933120791383152832887, 220230489951247748324856720139661540476 -> a ['amazing documentation']{'target': '_blank', 'href': 'https://docs.retrospected.com/docs/self-hosting/quick-start'}, 94014092418147806933120791383152832887, http://localhost:1800/
94014092418147806933120791383152832887, 326260989328514412703228462752826086408 -> a ['contact us']{'href': 'mailto:support@retrospected.com'}, 94014092418147806933120791383152832887, http://localhost:1800/
85558333149760440595380714538500831080, None, 85558333149760440595380714538500831080, http://localhost:1800/
85558333149760440595380714538500831080, 126897143971849504177287452962379115636 -> a [<span class="ti-crown", 85558333149760440595380714538500831080, http://localhost:1800/
85558333149760440595380714538500831080, 335177995277185720436677424941113667172 -> a ['Private Sessions']{'href': '#'}, 160676281277793519390875323921892676195, http://localhost:1800/#
85558333149760440595380714538500831080, None, 85558333149760440595380714538500831080, http://localhost:1800/
85558333149760440595380714538500831080, 294408008975193969872912268871713931036 -> a [<span class="ti-wand", 134889261547027000173533848097898943919, http://localhost:1800/
85558333149760440595380714538500831080, None, 85558333149760440595380714538500831080, http://localhost:1800/
85558333149760440595380714538500831080, 326260989328514412703228462752826086408 -> a ['contact us']{'href': 'mailto:support@retrospected.com'}, 85558333149760440595380714538500831080, http://localhost:1800/
85558333149760440595380714538500831080, 294408008975193969872912268871713931036 -> a [<span class="ti-wand", 134889261547027000173533848097898943919, http://localhost:1800/
85558333149760440595380714538500831080, None, 85558333149760440595380714538500831080, http://localhost:1800/
85558333149760440595380714538500831080, 213786466674511586446221676810385570193 -> button [<span class="MuiButton-startIcon MuiButton-iconSizeMedium css-6xugel", 85558333149760440595380714538500831080, http://localhost:1800/
85558333149760440595380714538500831080, 294408008975193969872912268871713931036 -> a [<span class="ti-wand", 85558333149760440595380714538500831080, http://localhost:1800/
85558333149760440595380714538500831080, 254223092764667133638200428295916035974 -> a [<span class="ti-lock", 85558333149760440595380714538500831080, http://localhost:1800/
85558333149760440595380714538500831080, 179158940186001624229635486147771138307 -> a [<div class="pt-4", 85558333149760440595380714538500831080, http://localhost:1800/
85558333149760440595380714538500831080, 335177995277185720436677424941113667172 -> a ['Private Sessions']{'href': '#'}, 85558333149760440595380714538500831080, http://localhost:1800/
85558333149760440595380714538500831080, 2287762827317956453547906360552510024 -> button ['Login']{'class': 'MuiButton-rootMuiButton-textMuiButton-textPrimaryMuiButton-sizeMediumMuiButton-textSizeMediumMuiButtonBase-rootMui-disabledcss-bfpls6', 'tabindex': '-', 'type': 'button', 'disabled': ''}, 85558333149760440595380714538500831080, http://localhost:1800/
85558333149760440595380714538500831080, 322294491624679672579461493340971535867 -> a ['Accounts Federation']{'href': '#'}, 85558333149760440595380714538500831080, http://localhost:1800/
85558333149760440595380714538500831080, 322294491624679672579461493340971535867 -> a ['Accounts Federation']{'href': '#'}, 85558333149760440595380714538500831080, http://localhost:1800/
85558333149760440595380714538500831080, None, 85558333149760440595380714538500831080, http://localhost:1800/
85558333149760440595380714538500831080, None, 85558333149760440595380714538500831080, http://localhost:1800/
85558333149760440595380714538500831080, 44226831132642797030845329423154588134 -> a ['Simplified Self-Hosting']{'href': '#'}, 160676281277793519390875323921892676195, http://localhost:1800/#
85558333149760440595380714538500831080, None, 85558333149760440595380714538500831080, http://localhost:1800/
85558333149760440595380714538500831080, None, 85558333149760440595380714538500831080, http://localhost:1800/
85558333149760440595380714538500831080, None, 85558333149760440595380714538500831080, http://localhost:1800/
85558333149760440595380714538500831080, 126897143971849504177287452962379115636 -> a [<span class="ti-crown", 85558333149760440595380714538500831080, http://localhost:1800/
85558333149760440595380714538500831080, None, 85558333149760440595380714538500831080, http://localhost:1800/
85558333149760440595380714538500831080, 213786466674511586446221676810385570193 -> button [<span class="MuiButton-startIcon MuiButton-iconSizeMedium css-6xugel", 85558333149760440595380714538500831080, http://localhost:1800/
85558333149760440595380714538500831080, 44226831132642797030845329423154588134 -> a ['Simplified Self-Hosting']{'href': '#'}, 85558333149760440595380714538500831080, http://localhost:1800/
85558333149760440595380714538500831080, 182999676787019650696720490352237005627 -> a ['Privacy Policy']{'href': 'https://www.websitepolicies.com/policies/view/RdPWodZ5'}, 85558333149760440595380714538500831080, http://localhost:1800/
85558333149760440595380714538500831080, None, 85558333149760440595380714538500831080, http://localhost:1800/
85558333149760440595380714538500831080, None, 85558333149760440595380714538500831080, http://localhost:1800/
85558333149760440595380714538500831080, 198330988671355682266587899514732098117 -> a []{'href': '/subscribe?product=team', 'style': 'color:unset'}, 85558333149760440595380714538500831080, http://localhost:1800/
85558333149760440595380714538500831080, None, 85558333149760440595380714538500831080, http://localhost:1800/
85558333149760440595380714538500831080, None, 85558333149760440595380714538500831080, http://localhost:1800/
85558333149760440595380714538500831080, 264323178795734057221956673756651836778 -> a ['here']{'target': '_blank', 'href': 'https://www.retrospected.com/subscribe?product=self-hosted', 'rel': 'noreferrer'}, 85558333149760440595380714538500831080, http://localhost:1800/
85558333149760440595380714538500831080, 198330988671355682266587899514732098117 -> a []{'href': '/subscribe?product=team', 'style': 'color:unset'}, 85558333149760440595380714538500831080, http://localhost:1800/
85558333149760440595380714538500831080, None, 85558333149760440595380714538500831080, http://localhost:1800/
85558333149760440595380714538500831080, None, 85558333149760440595380714538500831080, http://localhost:1800/
85558333149760440595380714538500831080, None, 85558333149760440595380714538500831080, http://localhost:1800/
85558333149760440595380714538500831080, None, 85558333149760440595380714538500831080, http://localhost:1800/
85558333149760440595380714538500831080, None, 85558333149760440595380714538500831080, http://localhost:1800/
85558333149760440595380714538500831080, None, 85558333149760440595380714538500831080, http://localhost:1800/
85558333149760440595380714538500831080, 126897143971849504177287452962379115636 -> a [<span class="ti-crown", 85558333149760440595380714538500831080, http://localhost:1800/
85558333149760440595380714538500831080, 213786466674511586446221676810385570193 -> button [<span class="MuiButton-startIcon MuiButton-iconSizeMedium css-6xugel", 85558333149760440595380714538500831080, http://localhost:1800/
85558333149760440595380714538500831080, 302515116903307686490089882789802233567 -> a [<div class="pt-4", 85558333149760440595380714538500831080, http://localhost:1800/
85558333149760440595380714538500831080, 68465627557326038611256173190836588557 -> a ['Subscribe Now']{'href': '/subscribe?product=team', 'class': 'btnoutline-btnmb-3'}, 85558333149760440595380714538500831080, http://localhost:1800/
85558333149760440595380714538500831080, 206324686320906789238065681504732455644 -> a [<ul class="list-unstyled text-sm mb-4 pricing-feature-list", 85558333149760440595380714538500831080, http://localhost:1800/
85558333149760440595380714538500831080, 326260989328514412703228462752826086408 -> a ['contact us']{'href': 'mailto:support@retrospected.com'}, 85558333149760440595380714538500831080, http://localhost:1800/
85558333149760440595380714538500831080, None, 85558333149760440595380714538500831080, http://localhost:1800/
85558333149760440595380714538500831080, None, 85558333149760440595380714538500831080, http://localhost:1800/
85558333149760440595380714538500831080, 44226831132642797030845329423154588134 -> a ['Simplified Self-Hosting']{'href': '#'}, 160676281277793519390875323921892676195, http://localhost:1800/#
85558333149760440595380714538500831080, None, 85558333149760440595380714538500831080, http://localhost:1800/
85558333149760440595380714538500831080, None, 85558333149760440595380714538500831080, http://localhost:1800/
85558333149760440595380714538500831080, 266290469012312326683711838841638666372 -> button [<svg aria-hidden="true" class="MuiSvgIcon-root MuiSvgIcon-fontSizeMedium css-vubbuv" data-testid="HomeOutlinedIcon" focusable="false" viewbox="0 0 24 24", 85558333149760440595380714538500831080, http://localhost:1800/
85558333149760440595380714538500831080, None, 85558333149760440595380714538500831080, http://localhost:1800/
85558333149760440595380714538500831080, 131498267285019480364075027932691640882 -> a []{'href': '/subscribe?product=unlimited', 'style': 'color:unset'}, 85558333149760440595380714538500831080, http://localhost:1800/
85558333149760440595380714538500831080, None, 85558333149760440595380714538500831080, http://localhost:1800/
85558333149760440595380714538500831080, None, 85558333149760440595380714538500831080, http://localhost:1800/
85558333149760440595380714538500831080, 44226831132642797030845329423154588134 -> a ['Simplified Self-Hosting']{'href': '#'}, 160676281277793519390875323921892676195, http://localhost:1800/#
160676281277793519390875323921892676195, 254223092764667133638200428295916035974 -> a [<span class="ti-lock", 98951389206994023167960179296979532349, http://localhost:1800/#
85558333149760440595380714538500831080, None, 85558333149760440595380714538500831080, http://localhost:1800/
85558333149760440595380714538500831080, 44226831132642797030845329423154588134 -> a ['Simplified Self-Hosting']{'href': '#'}, 160676281277793519390875323921892676195, http://localhost:1800/#
85558333149760440595380714538500831080, None, 85558333149760440595380714538500831080, http://localhost:1800/
85558333149760440595380714538500831080, 44226831132642797030845329423154588134 -> a ['Simplified Self-Hosting']{'href': '#'}, 160676281277793519390875323921892676195, http://localhost:1800/#
160676281277793519390875323921892676195, 42781586748898556957319857378680623162 -> a []{'href': '/subscribe?product=self-hosted', 'style': 'color:unset'}, 160676281277793519390875323921892676195, http://localhost:1800/#
160676281277793519390875323921892676195, 77722075193502781211253785020892441640 -> a []{'href': '/login', 'style': 'color:unset'}, 160676281277793519390875323921892676195, http://localhost:1800/#
85558333149760440595380714538500831080, None, 85558333149760440595380714538500831080, http://localhost:1800/
85558333149760440595380714538500831080, 294408008975193969872912268871713931036 -> a [<span class="ti-wand", 134889261547027000173533848097898943919, http://localhost:1800/
85558333149760440595380714538500831080, None, 85558333149760440595380714538500831080, http://localhost:1800/
85558333149760440595380714538500831080, 126897143971849504177287452962379115636 -> a [<span class="ti-crown", 85558333149760440595380714538500831080, http://localhost:1800/
85558333149760440595380714538500831080, 266290469012312326683711838841638666372 -> button [<svg aria-hidden="true" class="MuiSvgIcon-root MuiSvgIcon-fontSizeMedium css-vubbuv" data-testid="HomeOutlinedIcon" focusable="false" viewbox="0 0 24 24", 85558333149760440595380714538500831080, http://localhost:1800/
85558333149760440595380714538500831080, 171732623341340118822743671651694422782 -> a ['docs']{'target': '_blank', 'href': 'https://docs.retrospected.com/docs/self-hosting/quick-start'}, 85558333149760440595380714538500831080, http://localhost:1800/
85558333149760440595380714538500831080, 198330988671355682266587899514732098117 -> a []{'href': '/subscribe?product=team', 'style': 'color:unset'}, 85558333149760440595380714538500831080, http://localhost:1800/
85558333149760440595380714538500831080, 220230489951247748324856720139661540476 -> a ['amazing documentation']{'target': '_blank', 'href': 'https://docs.retrospected.com/docs/self-hosting/quick-start'}, 85558333149760440595380714538500831080, http://localhost:1800/
85558333149760440595380714538500831080, 230313313312885264188619318999131343590 -> a ['Contact us']{'href': 'mailto:support@retrospected.com', 'class': 'color-secondary'}, 85558333149760440595380714538500831080, http://localhost:1800/
85558333149760440595380714538500831080, None, 85558333149760440595380714538500831080, http://localhost:1800/
85558333149760440595380714538500831080, None, 85558333149760440595380714538500831080, http://localhost:1800/
85558333149760440595380714538500831080, 213786466674511586446221676810385570193 -> button [<span class="MuiButton-startIcon MuiButton-iconSizeMedium css-6xugel", 85558333149760440595380714538500831080, http://localhost:1800/
85558333149760440595380714538500831080, 198330988671355682266587899514732098117 -> a []{'href': '/subscribe?product=team', 'style': 'color:unset'}, 85558333149760440595380714538500831080, http://localhost:1800/
85558333149760440595380714538500831080, 322294491624679672579461493340971535867 -> a ['Accounts Federation']{'href': '#'}, 85558333149760440595380714538500831080, http://localhost:1800/
85558333149760440595380714538500831080, 220230489951247748324856720139661540476 -> a ['amazing documentation']{'target': '_blank', 'href': 'https://docs.retrospected.com/docs/self-hosting/quick-start'}, 85558333149760440595380714538500831080, http://localhost:1800/
85558333149760440595380714538500831080, 88387527390871616532161040866055019454 -> a ['Disclaimer']{'href': 'https://www.websitepolicies.com/policies/view/vDJtzgEo'}, 85558333149760440595380714538500831080, http://localhost:1800/
85558333149760440595380714538500831080, 43049699877994183524356976929040969917 -> button [<svg aria-hidden="true" class="MuiSvgIcon-root MuiSvgIcon-fontSizeMedium css-vubbuv" data-testid="MenuIcon" focusable="false" viewbox="0 0 24 24", 85558333149760440595380714538500831080, http://localhost:1800/
85558333149760440595380714538500831080, 326260989328514412703228462752826086408 -> a ['contact us']{'href': 'mailto:support@retrospected.com'}, 85558333149760440595380714538500831080, http://localhost:1800/
85558333149760440595380714538500831080, 44226831132642797030845329423154588134 -> a ['Simplified Self-Hosting']{'href': '#'}, 160676281277793519390875323921892676195, http://localhost:1800/#
85558333149760440595380714538500831080, None, 85558333149760440595380714538500831080, http://localhost:1800/
85558333149760440595380714538500831080, 126897143971849504177287452962379115636 -> a [<span class="ti-crown", 94014092418147806933120791383152832887, http://localhost:1800/
85558333149760440595380714538500831080, None, 85558333149760440595380714538500831080, http://localhost:1800/
85558333149760440595380714538500831080, 126897143971849504177287452962379115636 -> a [<span class="ti-crown", 94014092418147806933120791383152832887, http://localhost:1800/
94014092418147806933120791383152832887, 131498267285019480364075027932691640882 -> a []{'href': '/subscribe?product=unlimited', 'style': 'color:unset'}, 94014092418147806933120791383152832887, http://localhost:1800/
85558333149760440595380714538500831080, None, 85558333149760440595380714538500831080, http://localhost:1800/
85558333149760440595380714538500831080, None, 85558333149760440595380714538500831080, http://localhost:1800/
85558333149760440595380714538500831080, 77722075193502781211253785020892441640 -> a []{'href': '/login', 'style': 'color:unset'}, 85558333149760440595380714538500831080, http://localhost:1800/
85558333149760440595380714538500831080, 131498267285019480364075027932691640882 -> a []{'href': '/subscribe?product=unlimited', 'style': 'color:unset'}, 85558333149760440595380714538500831080, http://localhost:1800/
85558333149760440595380714538500831080, 44226831132642797030845329423154588134 -> a ['Simplified Self-Hosting']{'href': '#'}, 160676281277793519390875323921892676195, http://localhost:1800/#
160676281277793519390875323921892676195, 44226831132642797030845329423154588134 -> a ['Simplified Self-Hosting']{'href': '#'}, 160676281277793519390875323921892676195, http://localhost:1800/#
160676281277793519390875323921892676195, 96209764409702934583100429439126582709 -> a [<span class="ti-check-box", 160676281277793519390875323921892676195, http://localhost:1800/#
85558333149760440595380714538500831080, None, 85558333149760440595380714538500831080, http://localhost:1800/
85558333149760440595380714538500831080, 42781586748898556957319857378680623162 -> a []{'href': '/subscribe?product=self-hosted', 'style': 'color:unset'}, 85558333149760440595380714538500831080, http://localhost:1800/
85558333149760440595380714538500831080, 294408008975193969872912268871713931036 -> a [<span class="ti-wand", 134889261547027000173533848097898943919, http://localhost:1800/
134889261547027000173533848097898943919, 241834424327382346987432935799321988837 -> a [<span class="ti-twitter", 134889261547027000173533848097898943919, http://localhost:1800/
134889261547027000173533848097898943919, 322294491624679672579461493340971535867 -> a ['Accounts Federation']{'href': '#'}, 64759341743218985906504641236022142956, http://localhost:1800/#
85558333149760440595380714538500831080, None, 85558333149760440595380714538500831080, http://localhost:1800/
85558333149760440595380714538500831080, None, 85558333149760440595380714538500831080, http://localhost:1800/
85558333149760440595380714538500831080, 243157659132187107739887812339775519703 -> a ['support@retrospected.com']{'href': 'mailto:support@retrospected.com'}, 85558333149760440595380714538500831080, http://localhost:1800/
85558333149760440595380714538500831080, None, 85558333149760440595380714538500831080, http://localhost:1800/
85558333149760440595380714538500831080, 126897143971849504177287452962379115636 -> a [<span class="ti-crown", 94014092418147806933120791383152832887, http://localhost:1800/
94014092418147806933120791383152832887, 264323178795734057221956673756651836778 -> a ['here']{'target': '_blank', 'href': 'https://www.retrospected.com/subscribe?product=self-hosted', 'rel': 'noreferrer'}, 94014092418147806933120791383152832887, http://localhost:1800/
94014092418147806933120791383152832887, 335177995277185720436677424941113667172 -> a ['Private Sessions']{'href': '#'}, 287602096997466006642280215533869310534, http://localhost:1800/#
85558333149760440595380714538500831080, None, 85558333149760440595380714538500831080, http://localhost:1800/
85558333149760440595380714538500831080, 42781586748898556957319857378680623162 -> a []{'href': '/subscribe?product=self-hosted', 'style': 'color:unset'}, 85558333149760440595380714538500831080, http://localhost:1800/
85558333149760440595380714538500831080, 294408008975193969872912268871713931036 -> a [<span class="ti-wand", 134889261547027000173533848097898943919, http://localhost:1800/
85558333149760440595380714538500831080, None, 85558333149760440595380714538500831080, http://localhost:1800/
85558333149760440595380714538500831080, 220230489951247748324856720139661540476 -> a ['amazing documentation']{'target': '_blank', 'href': 'https://docs.retrospected.com/docs/self-hosting/quick-start'}, 85558333149760440595380714538500831080, http://localhost:1800/
85558333149760440595380714538500831080, 43049699877994183524356976929040969917 -> button [<svg aria-hidden="true" class="MuiSvgIcon-root MuiSvgIcon-fontSizeMedium css-vubbuv" data-testid="MenuIcon" focusable="false" viewbox="0 0 24 24", 85558333149760440595380714538500831080, http://localhost:1800/
85558333149760440595380714538500831080, 8304994773110382516579065967122573097 -> a ['Encrypted Sessions']{'href': 'https://docs.retrospected.com/docs/features/encryption', 'target': '_blank', 'class': 'css-1xvmz6m'}, 85558333149760440595380714538500831080, http://localhost:1800/
85558333149760440595380714538500831080, 126897143971849504177287452962379115636 -> a [<span class="ti-crown", 85558333149760440595380714538500831080, http://localhost:1800/
85558333149760440595380714538500831080, 96209764409702934583100429439126582709 -> a [<span class="ti-check-box", 85558333149760440595380714538500831080, http://localhost:1800/
85558333149760440595380714538500831080, 326260989328514412703228462752826086408 -> a ['contact us']{'href': 'mailto:support@retrospected.com'}, 85558333149760440595380714538500831080, http://localhost:1800/
85558333149760440595380714538500831080, None, 85558333149760440595380714538500831080, http://localhost:1800/
85558333149760440595380714538500831080, 322294491624679672579461493340971535867 -> a ['Accounts Federation']{'href': '#'}, 160676281277793519390875323921892676195, http://localhost:1800/#
85558333149760440595380714538500831080, None, 85558333149760440595380714538500831080, http://localhost:1800/
85558333149760440595380714538500831080, 266290469012312326683711838841638666372 -> button [<svg aria-hidden="true" class="MuiSvgIcon-root MuiSvgIcon-fontSizeMedium css-vubbuv" data-testid="HomeOutlinedIcon" focusable="false" viewbox="0 0 24 24", 85558333149760440595380714538500831080, http://localhost:1800/
85558333149760440595380714538500831080, 96209764409702934583100429439126582709 -> a [<span class="ti-check-box", 85558333149760440595380714538500831080, http://localhost:1800/
85558333149760440595380714538500831080, 322294491624679672579461493340971535867 -> a ['Accounts Federation']{'href': '#'}, 160676281277793519390875323921892676195, http://localhost:1800/#
160676281277793519390875323921892676195, 77722075193502781211253785020892441640 -> a []{'href': '/login', 'style': 'color:unset'}, 160676281277793519390875323921892676195, http://localhost:1800/#
85558333149760440595380714538500831080, None, 85558333149760440595380714538500831080, http://localhost:1800/
85558333149760440595380714538500831080, 326260989328514412703228462752826086408 -> a ['contact us']{'href': 'mailto:support@retrospected.com'}, 85558333149760440595380714538500831080, http://localhost:1800/
85558333149760440595380714538500831080, 43049699877994183524356976929040969917 -> button [<svg aria-hidden="true" class="MuiSvgIcon-root MuiSvgIcon-fontSizeMedium css-vubbuv" data-testid="MenuIcon" focusable="false" viewbox="0 0 24 24", 85558333149760440595380714538500831080, http://localhost:1800/
85558333149760440595380714538500831080, 213786466674511586446221676810385570193 -> button [<span class="MuiButton-startIcon MuiButton-iconSizeMedium css-6xugel", 85558333149760440595380714538500831080, http://localhost:1800/
85558333149760440595380714538500831080, 96209764409702934583100429439126582709 -> a [<span class="ti-check-box", 85558333149760440595380714538500831080, http://localhost:1800/
85558333149760440595380714538500831080, 64429212886691204927724048806800115504 -> a ['Buy Now']{'href': '/subscribe?product=self-hosted', 'class': 'btnoutline-btnmb-3'}, 85558333149760440595380714538500831080, http://localhost:1800/
85558333149760440595380714538500831080, 44226831132642797030845329423154588134 -> a ['Simplified Self-Hosting']{'href': '#'}, 160676281277793519390875323921892676195, http://localhost:1800/#
160676281277793519390875323921892676195, 230313313312885264188619318999131343590 -> a ['Contact us']{'href': 'mailto:support@retrospected.com', 'class': 'color-secondary'}, 160676281277793519390875323921892676195, http://localhost:1800/#
160676281277793519390875323921892676195, 294408008975193969872912268871713931036 -> a [<span class="ti-wand", 64759341743218985906504641236022142956, http://localhost:1800/#
85558333149760440595380714538500831080, None, 85558333149760440595380714538500831080, http://localhost:1800/
85558333149760440595380714538500831080, 96209764409702934583100429439126582709 -> a [<span class="ti-check-box", 85558333149760440595380714538500831080, http://localhost:1800/
85558333149760440595380714538500831080, None, 85558333149760440595380714538500831080, http://localhost:1800/
85558333149760440595380714538500831080, 126897143971849504177287452962379115636 -> a [<span class="ti-crown", 85558333149760440595380714538500831080, http://localhost:1800/
85558333149760440595380714538500831080, None, 85558333149760440595380714538500831080, http://localhost:1800/
85558333149760440595380714538500831080, None, 85558333149760440595380714538500831080, http://localhost:1800/
85558333149760440595380714538500831080, 126897143971849504177287452962379115636 -> a [<span class="ti-crown", 94014092418147806933120791383152832887, http://localhost:1800/
94014092418147806933120791383152832887, 294408008975193969872912268871713931036 -> a [<span class="ti-wand", 134889261547027000173533848097898943919, http://localhost:1800/
85558333149760440595380714538500831080, None, 85558333149760440595380714538500831080, http://localhost:1800/
85558333149760440595380714538500831080, 294408008975193969872912268871713931036 -> a [<span class="ti-wand", 134889261547027000173533848097898943919, http://localhost:1800/
85558333149760440595380714538500831080, None, 85558333149760440595380714538500831080, http://localhost:1800/
85558333149760440595380714538500831080, 294408008975193969872912268871713931036 -> a [<span class="ti-wand", 134889261547027000173533848097898943919, http://localhost:1800/
134889261547027000173533848097898943919, 42781586748898556957319857378680623162 -> a []{'href': '/subscribe?product=self-hosted', 'style': 'color:unset'}, 134889261547027000173533848097898943919, http://localhost:1800/
134889261547027000173533848097898943919, 131498267285019480364075027932691640882 -> a []{'href': '/subscribe?product=unlimited', 'style': 'color:unset'}, 134889261547027000173533848097898943919, http://localhost:1800/
85558333149760440595380714538500831080, None, 85558333149760440595380714538500831080, http://localhost:1800/
85558333149760440595380714538500831080, 44226831132642797030845329423154588134 -> a ['Simplified Self-Hosting']{'href': '#'}, 160676281277793519390875323921892676195, http://localhost:1800/#
85558333149760440595380714538500831080, None, 85558333149760440595380714538500831080, http://localhost:1800/
85558333149760440595380714538500831080, 243157659132187107739887812339775519703 -> a ['support@retrospected.com']{'href': 'mailto:support@retrospected.com'}, 85558333149760440595380714538500831080, http://localhost:1800/
85558333149760440595380714538500831080, 294408008975193969872912268871713931036 -> a [<span class="ti-wand", 134889261547027000173533848097898943919, http://localhost:1800/
134889261547027000173533848097898943919, 335177995277185720436677424941113667172 -> a ['Private Sessions']{'href': '#'}, 64759341743218985906504641236022142956, http://localhost:1800/#
64759341743218985906504641236022142956, 198330988671355682266587899514732098117 -> a []{'href': '/subscribe?product=team', 'style': 'color:unset'}, 64759341743218985906504641236022142956, http://localhost:1800/#
64759341743218985906504641236022142956, 171732623341340118822743671651694422782 -> a ['docs']{'target': '_blank', 'href': 'https://docs.retrospected.com/docs/self-hosting/quick-start'}, 64759341743218985906504641236022142956, http://localhost:1800/#
85558333149760440595380714538500831080, None, 85558333149760440595380714538500831080, http://localhost:1800/
85558333149760440595380714538500831080, None, 85558333149760440595380714538500831080, http://localhost:1800/
85558333149760440595380714538500831080, 126897143971849504177287452962379115636 -> a [<span class="ti-crown", 94014092418147806933120791383152832887, http://localhost:1800/
94014092418147806933120791383152832887, 294408008975193969872912268871713931036 -> a [<span class="ti-wand", 134889261547027000173533848097898943919, http://localhost:1800/
85558333149760440595380714538500831080, None, 85558333149760440595380714538500831080, http://localhost:1800/
85558333149760440595380714538500831080, None, 85558333149760440595380714538500831080, http://localhost:1800/
85558333149760440595380714538500831080, None, 85558333149760440595380714538500831080, http://localhost:1800/
85558333149760440595380714538500831080, 126897143971849504177287452962379115636 -> a [<span class="ti-crown", 85558333149760440595380714538500831080, http://localhost:1800/
85558333149760440595380714538500831080, 44226831132642797030845329423154588134 -> a ['Simplified Self-Hosting']{'href': '#'}, 160676281277793519390875323921892676195, http://localhost:1800/#
160676281277793519390875323921892676195, 131498267285019480364075027932691640882 -> a []{'href': '/subscribe?product=unlimited', 'style': 'color:unset'}, 160676281277793519390875323921892676195, http://localhost:1800/#
160676281277793519390875323921892676195, 126897143971849504177287452962379115636 -> a [<span class="ti-crown", 287602096997466006642280215533869310534, http://localhost:1800/#
85558333149760440595380714538500831080, None, 85558333149760440595380714538500831080, http://localhost:1800/
85558333149760440595380714538500831080, 42781586748898556957319857378680623162 -> a []{'href': '/subscribe?product=self-hosted', 'style': 'color:unset'}, 85558333149760440595380714538500831080, http://localhost:1800/
85558333149760440595380714538500831080, 42781586748898556957319857378680623162 -> a []{'href': '/subscribe?product=self-hosted', 'style': 'color:unset'}, 85558333149760440595380714538500831080, http://localhost:1800/
85558333149760440595380714538500831080, None, 85558333149760440595380714538500831080, http://localhost:1800/
85558333149760440595380714538500831080, None, 85558333149760440595380714538500831080, http://localhost:1800/
85558333149760440595380714538500831080, 322294491624679672579461493340971535867 -> a ['Accounts Federation']{'href': '#'}, 160676281277793519390875323921892676195, http://localhost:1800/#
85558333149760440595380714538500831080, None, 85558333149760440595380714538500831080, http://localhost:1800/
85558333149760440595380714538500831080, 254223092764667133638200428295916035974 -> a [<span class="ti-lock", 312035304379938343747989387892194858733, http://localhost:1800/
312035304379938343747989387892194858733, 241834424327382346987432935799321988837 -> a [<span class="ti-twitter", 312035304379938343747989387892194858733, http://localhost:1800/
312035304379938343747989387892194858733, 213786466674511586446221676810385570193 -> button [<span class="MuiButton-startIcon MuiButton-iconSizeMedium css-6xugel", 223473177124301657609712486044850454013, http://localhost:1800/
223473177124301657609712486044850454013, 231190292153324487594472440397089282838 -> a ['Forgot your password?']{'class': 'MuiTypography-rootMuiTypography-inheritMuiLink-rootMuiLink-underlineAlwayscss-1ce2dd9', 'data-cy': 'forgot-password'}, 312035304379938343747989387892194858733, http://localhost:1800/
312035304379938343747989387892194858733, 64429212886691204927724048806800115504 -> a ['Buy Now']{'href': '/subscribe?product=self-hosted', 'class': 'btnoutline-btnmb-3'}, 312035304379938343747989387892194858733, http://localhost:1800/
312035304379938343747989387892194858733, 271300417513165784100724408305820393637 -> a ['Login']{'href': '/login', 'class': 'btnoutline-btnmb-3'}, 312035304379938343747989387892194858733, http://localhost:1800/
312035304379938343747989387892194858733, 206135397846945457121200555401346790746 -> a ['Acceptable Use Policy']{'href': 'https://www.websitepolicies.com/policies/view/fbk00C8V'}, 312035304379938343747989387892194858733, http://localhost:1800/
312035304379938343747989387892194858733, 126897143971849504177287452962379115636 -> a [<span class="ti-crown", 94014092418147806933120791383152832887, http://localhost:1800/
85558333149760440595380714538500831080, None, 85558333149760440595380714538500831080, http://localhost:1800/
85558333149760440595380714538500831080, 326260989328514412703228462752826086408 -> a ['contact us']{'href': 'mailto:support@retrospected.com'}, 85558333149760440595380714538500831080, http://localhost:1800/
85558333149760440595380714538500831080, 230313313312885264188619318999131343590 -> a ['Contact us']{'href': 'mailto:support@retrospected.com', 'class': 'color-secondary'}, 85558333149760440595380714538500831080, http://localhost:1800/
85558333149760440595380714538500831080, 294408008975193969872912268871713931036 -> a [<span class="ti-wand", 134889261547027000173533848097898943919, http://localhost:1800/
134889261547027000173533848097898943919, 322294491624679672579461493340971535867 -> a ['Accounts Federation']{'href': '#'}, 64759341743218985906504641236022142956, http://localhost:1800/#
85558333149760440595380714538500831080, None, 85558333149760440595380714538500831080, http://localhost:1800/
85558333149760440595380714538500831080, 254223092764667133638200428295916035974 -> a [<span class="ti-lock", 312035304379938343747989387892194858733, http://localhost:1800/
85558333149760440595380714538500831080, None, 85558333149760440595380714538500831080, http://localhost:1800/
85558333149760440595380714538500831080, None, 85558333149760440595380714538500831080, http://localhost:1800/
85558333149760440595380714538500831080, 294408008975193969872912268871713931036 -> a [<span class="ti-wand", 134889261547027000173533848097898943919, http://localhost:1800/
134889261547027000173533848097898943919, 241834424327382346987432935799321988837 -> a [<span class="ti-twitter", 134889261547027000173533848097898943919, http://localhost:1800/
134889261547027000173533848097898943919, 126897143971849504177287452962379115636 -> a [<span class="ti-crown", 94014092418147806933120791383152832887, http://localhost:1800/
85558333149760440595380714538500831080, None, 85558333149760440595380714538500831080, http://localhost:1800/
85558333149760440595380714538500831080, 264323178795734057221956673756651836778 -> a ['here']{'target': '_blank', 'href': 'https://www.retrospected.com/subscribe?product=self-hosted', 'rel': 'noreferrer'}, 85558333149760440595380714538500831080, http://localhost:1800/
85558333149760440595380714538500831080, None, 85558333149760440595380714538500831080, http://localhost:1800/
85558333149760440595380714538500831080, None, 85558333149760440595380714538500831080, http://localhost:1800/
85558333149760440595380714538500831080, None, 85558333149760440595380714538500831080, http://localhost:1800/
85558333149760440595380714538500831080, 322294491624679672579461493340971535867 -> a ['Accounts Federation']{'href': '#'}, 160676281277793519390875323921892676195, http://localhost:1800/#
85558333149760440595380714538500831080, None, 85558333149760440595380714538500831080, http://localhost:1800/
85558333149760440595380714538500831080, 44226831132642797030845329423154588134 -> a ['Simplified Self-Hosting']{'href': '#'}, 160676281277793519390875323921892676195, http://localhost:1800/#
85558333149760440595380714538500831080, None, 85558333149760440595380714538500831080, http://localhost:1800/
85558333149760440595380714538500831080, None, 85558333149760440595380714538500831080, http://localhost:1800/
85558333149760440595380714538500831080, 126897143971849504177287452962379115636 -> a [<span class="ti-crown", 85558333149760440595380714538500831080, http://localhost:1800/
85558333149760440595380714538500831080, 43049699877994183524356976929040969917 -> button [<svg aria-hidden="true" class="MuiSvgIcon-root MuiSvgIcon-fontSizeMedium css-vubbuv" data-testid="MenuIcon" focusable="false" viewbox="0 0 24 24", 85558333149760440595380714538500831080, http://localhost:1800/
85558333149760440595380714538500831080, 8304994773110382516579065967122573097 -> a ['Encrypted Sessions']{'href': 'https://docs.retrospected.com/docs/features/encryption', 'target': '_blank', 'class': 'css-1xvmz6m'}, 85558333149760440595380714538500831080, http://localhost:1800/
85558333149760440595380714538500831080, 254223092764667133638200428295916035974 -> a [<span class="ti-lock", 85558333149760440595380714538500831080, http://localhost:1800/
85558333149760440595380714538500831080, 131498267285019480364075027932691640882 -> a []{'href': '/subscribe?product=unlimited', 'style': 'color:unset'}, 85558333149760440595380714538500831080, http://localhost:1800/
85558333149760440595380714538500831080, 322294491624679672579461493340971535867 -> a ['Accounts Federation']{'href': '#'}, 160676281277793519390875323921892676195, http://localhost:1800/#
85558333149760440595380714538500831080, None, 85558333149760440595380714538500831080, http://localhost:1800/
85558333149760440595380714538500831080, None, 85558333149760440595380714538500831080, http://localhost:1800/
85558333149760440595380714538500831080, 44226831132642797030845329423154588134 -> a ['Simplified Self-Hosting']{'href': '#'}, 160676281277793519390875323921892676195, http://localhost:1800/#
85558333149760440595380714538500831080, None, 85558333149760440595380714538500831080, http://localhost:1800/
85558333149760440595380714538500831080, 264323178795734057221956673756651836778 -> a ['here']{'target': '_blank', 'href': 'https://www.retrospected.com/subscribe?product=self-hosted', 'rel': 'noreferrer'}, 85558333149760440595380714538500831080, http://localhost:1800/
85558333149760440595380714538500831080, 96209764409702934583100429439126582709 -> a [<span class="ti-check-box", 85558333149760440595380714538500831080, http://localhost:1800/
85558333149760440595380714538500831080, 43049699877994183524356976929040969917 -> button [<svg aria-hidden="true" class="MuiSvgIcon-root MuiSvgIcon-fontSizeMedium css-vubbuv" data-testid="MenuIcon" focusable="false" viewbox="0 0 24 24", 85558333149760440595380714538500831080, http://localhost:1800/
85558333149760440595380714538500831080, 302407674835984036115527615593818868540 -> a ['Privacy policy']{'class': 'MuiTypography-rootMuiTypography-inheritMuiLink-rootMuiLink-underlineAlwayscss-1golevx', 'href': '/privacy'}, 333612761303854170206695694895457027666, http://localhost:1800/privacy
333612761303854170206695694895457027666, 340017307892915939541764906387126303276 -> a ['Cookies Policy']{'class': 'MuiTypography-rootMuiTypography-inheritMuiLink-rootMuiLink-underlineAlwayscss-1golevx', 'href': '/cookies'}, 152873337660258213160510577980113148756, http://localhost:1800/cookies
152873337660258213160510577980113148756, 108417563032760512869268574881638155803 -> button [<svg aria-hidden="true" class="MuiSvgIcon-root MuiSvgIcon-fontSizeMedium css-vubbuv" data-testid="MenuIcon" focusable="false" viewbox="0 0 24 24", 152873337660258213160510577980113148756, http://localhost:1800/cookies
152873337660258213160510577980113148756, 43049699877994183524356976929040969917 -> button [<svg aria-hidden="true" class="MuiSvgIcon-root MuiSvgIcon-fontSizeMedium css-vubbuv" data-testid="MenuIcon" focusable="false" viewbox="0 0 24 24", 152873337660258213160510577980113148756, http://localhost:1800/cookies
152873337660258213160510577980113148756, 136505926032221214486667304085243471247 -> a ['Acceptable Use Policy']{'class': 'MuiTypography-rootMuiTypography-inheritMuiLink-rootMuiLink-underlineAlwayscss-1golevx', 'href': '/acceptable-use'}, 160127908886778147544739742577927069713, http://localhost:1800/acceptable-use
85558333149760440595380714538500831080, None, 85558333149760440595380714538500831080, http://localhost:1800/
85558333149760440595380714538500831080, None, 85558333149760440595380714538500831080, http://localhost:1800/
85558333149760440595380714538500831080, None, 85558333149760440595380714538500831080, http://localhost:1800/
85558333149760440595380714538500831080, 171732623341340118822743671651694422782 -> a ['docs']{'target': '_blank', 'href': 'https://docs.retrospected.com/docs/self-hosting/quick-start'}, 85558333149760440595380714538500831080, http://localhost:1800/
85558333149760440595380714538500831080, None, 85558333149760440595380714538500831080, http://localhost:1800/
85558333149760440595380714538500831080, None, 85558333149760440595380714538500831080, http://localhost:1800/
85558333149760440595380714538500831080, None, 85558333149760440595380714538500831080, http://localhost:1800/
85558333149760440595380714538500831080, 96209764409702934583100429439126582709 -> a [<span class="ti-check-box", 85558333149760440595380714538500831080, http://localhost:1800/
85558333149760440595380714538500831080, 44226831132642797030845329423154588134 -> a ['Simplified Self-Hosting']{'href': '#'}, 160676281277793519390875323921892676195, http://localhost:1800/#
160676281277793519390875323921892676195, 126897143971849504177287452962379115636 -> a [<span class="ti-crown", 287602096997466006642280215533869310534, http://localhost:1800/#
287602096997466006642280215533869310534, 241834424327382346987432935799321988837 -> a [<span class="ti-twitter", 287602096997466006642280215533869310534, http://localhost:1800/#
85558333149760440595380714538500831080, None, 85558333149760440595380714538500831080, http://localhost:1800/
85558333149760440595380714538500831080, 126897143971849504177287452962379115636 -> a [<span class="ti-crown", 94014092418147806933120791383152832887, http://localhost:1800/
85558333149760440595380714538500831080, None, 85558333149760440595380714538500831080, http://localhost:1800/
85558333149760440595380714538500831080, 131498267285019480364075027932691640882 -> a []{'href': '/subscribe?product=unlimited', 'style': 'color:unset'}, 85558333149760440595380714538500831080, http://localhost:1800/
85558333149760440595380714538500831080, None, 85558333149760440595380714538500831080, http://localhost:1800/
85558333149760440595380714538500831080, 96209764409702934583100429439126582709 -> a [<span class="ti-check-box", 85558333149760440595380714538500831080, http://localhost:1800/
85558333149760440595380714538500831080, 294408008975193969872912268871713931036 -> a [<span class="ti-wand", 134889261547027000173533848097898943919, http://localhost:1800/
134889261547027000173533848097898943919, 126897143971849504177287452962379115636 -> a [<span class="ti-crown", 94014092418147806933120791383152832887, http://localhost:1800/
94014092418147806933120791383152832887, 335177995277185720436677424941113667172 -> a ['Private Sessions']{'href': '#'}, 287602096997466006642280215533869310534, http://localhost:1800/#
287602096997466006642280215533869310534, 294408008975193969872912268871713931036 -> a [<span class="ti-wand", 64759341743218985906504641236022142956, http://localhost:1800/#
64759341743218985906504641236022142956, 171732623341340118822743671651694422782 -> a ['docs']{'target': '_blank', 'href': 'https://docs.retrospected.com/docs/self-hosting/quick-start'}, 64759341743218985906504641236022142956, http://localhost:1800/#
85558333149760440595380714538500831080, None, 85558333149760440595380714538500831080, http://localhost:1800/
85558333149760440595380714538500831080, None, 85558333149760440595380714538500831080, http://localhost:1800/
85558333149760440595380714538500831080, 126897143971849504177287452962379115636 -> a [<span class="ti-crown", 85558333149760440595380714538500831080, http://localhost:1800/
85558333149760440595380714538500831080, 335177995277185720436677424941113667172 -> a ['Private Sessions']{'href': '#'}, 160676281277793519390875323921892676195, http://localhost:1800/#
85558333149760440595380714538500831080, None, 85558333149760440595380714538500831080, http://localhost:1800/
85558333149760440595380714538500831080, 294408008975193969872912268871713931036 -> a [<span class="ti-wand", 134889261547027000173533848097898943919, http://localhost:1800/
85558333149760440595380714538500831080, None, 85558333149760440595380714538500831080, http://localhost:1800/
85558333149760440595380714538500831080, None, 85558333149760440595380714538500831080, http://localhost:1800/
85558333149760440595380714538500831080, 230313313312885264188619318999131343590 -> a ['Contact us']{'href': 'mailto:support@retrospected.com', 'class': 'color-secondary'}, 85558333149760440595380714538500831080, http://localhost:1800/
85558333149760440595380714538500831080, 44226831132642797030845329423154588134 -> a ['Simplified Self-Hosting']{'href': '#'}, 160676281277793519390875323921892676195, http://localhost:1800/#
85558333149760440595380714538500831080, None, 85558333149760440595380714538500831080, http://localhost:1800/
85558333149760440595380714538500831080, 326260989328514412703228462752826086408 -> a ['contact us']{'href': 'mailto:support@retrospected.com'}, 85558333149760440595380714538500831080, http://localhost:1800/
85558333149760440595380714538500831080, 266290469012312326683711838841638666372 -> button [<svg aria-hidden="true" class="MuiSvgIcon-root MuiSvgIcon-fontSizeMedium css-vubbuv" data-testid="HomeOutlinedIcon" focusable="false" viewbox="0 0 24 24", 85558333149760440595380714538500831080, http://localhost:1800/
85558333149760440595380714538500831080, 198330988671355682266587899514732098117 -> a []{'href': '/subscribe?product=team', 'style': 'color:unset'}, 85558333149760440595380714538500831080, http://localhost:1800/
85558333149760440595380714538500831080, None, 85558333149760440595380714538500831080, http://localhost:1800/
85558333149760440595380714538500831080, 335177995277185720436677424941113667172 -> a ['Private Sessions']{'href': '#'}, 160676281277793519390875323921892676195, http://localhost:1800/#
160676281277793519390875323921892676195, 243157659132187107739887812339775519703 -> a ['support@retrospected.com']{'href': 'mailto:support@retrospected.com'}, 160676281277793519390875323921892676195, http://localhost:1800/#
160676281277793519390875323921892676195, 254223092764667133638200428295916035974 -> a [<span class="ti-lock", 98951389206994023167960179296979532349, http://localhost:1800/#
