74155260075949383841988739551624744508, None, 74155260075949383841988739551624744508, http://localhost:1800/
74155260075949383841988739551624744508, 254223092764667133638200428295916035974 -> a [<span class="ti-lock", 312035304379938343747989387892194858733, http://localhost:1800/
312035304379938343747989387892194858733, 322294491624679672579461493340971535867 -> a ['Accounts Federation']{'href': '#'}, 98951389206994023167960179296979532349, http://localhost:1800/#
74155260075949383841988739551624744508, None, 74155260075949383841988739551624744508, http://localhost:1800/
74155260075949383841988739551624744508, 241834424327382346987432935799321988837 -> a [<span class="ti-twitter", 74155260075949383841988739551624744508, http://localhost:1800/
74155260075949383841988739551624744508, 77722075193502781211253785020892441640 -> a []{'href': '/login', 'style': 'color:unset'}, 74155260075949383841988739551624744508, http://localhost:1800/
74155260075949383841988739551624744508, 241834424327382346987432935799321988837 -> a [<span class="ti-twitter", 74155260075949383841988739551624744508, http://localhost:1800/
74155260075949383841988739551624744508, 171732623341340118822743671651694422782 -> a ['docs']{'target': '_blank', 'href': 'https://docs.retrospected.com/docs/self-hosting/quick-start'}, 74155260075949383841988739551624744508, http://localhost:1800/
74155260075949383841988739551624744508, None, 74155260075949383841988739551624744508, http://localhost:1800/
74155260075949383841988739551624744508, 266290469012312326683711838841638666372 -> button [<svg aria-hidden="true" class="MuiSvgIcon-root MuiSvgIcon-fontSizeMedium css-vubbuv" data-testid="HomeOutlinedIcon" focusable="false" viewbox="0 0 24 24", 74155260075949383841988739551624744508, http://localhost:1800/
74155260075949383841988739551624744508, None, 74155260075949383841988739551624744508, http://localhost:1800/
74155260075949383841988739551624744508, 43049699877994183524356976929040969917 -> button [<svg aria-hidden="true" class="MuiSvgIcon-root MuiSvgIcon-fontSizeMedium css-vubbuv" data-testid="MenuIcon" focusable="false" viewbox="0 0 24 24", 74155260075949383841988739551624744508, http://localhost:1800/
74155260075949383841988739551624744508, 198330988671355682266587899514732098117 -> a []{'href': '/subscribe?product=team', 'style': 'color:unset'}, 74155260075949383841988739551624744508, http://localhost:1800/
74155260075949383841988739551624744508, 206135397846945457121200555401346790746 -> a ['Acceptable Use Policy']{'href': 'https://www.websitepolicies.com/policies/view/fbk00C8V'}, 53001836708889168110486417502347157350, http://localhost:1800/cookies
53001836708889168110486417502347157350, 136505926032221214486667304085243471247 -> a ['Acceptable Use Policy']{'class': 'MuiTypography-rootMuiTypography-inheritMuiLink-rootMuiLink-underlineAlwayscss-1golevx', 'href': '/acceptable-use'}, 25070052904130142774629449852133713825, http://localhost:1800/acceptable-use
25070052904130142774629449852133713825, 264323178795734057221956673756651836778 -> a ['here']{'target': '_blank', 'href': 'https://www.retrospected.com/subscribe?product=self-hosted', 'rel': 'noreferrer'}, 132309765021557206213309308316183126833, http://localhost:1800/acceptable-use
132309765021557206213309308316183126833, 266290469012312326683711838841638666372 -> button [<svg aria-hidden="true" class="MuiSvgIcon-root MuiSvgIcon-fontSizeMedium css-vubbuv" data-testid="HomeOutlinedIcon" focusable="false" viewbox="0 0 24 24", 50041793653755208848627965186284949182, http://localhost:1800/acceptable-use
74155260075949383841988739551624744508, None, 74155260075949383841988739551624744508, http://localhost:1800/
74155260075949383841988739551624744508, None, 74155260075949383841988739551624744508, http://localhost:1800/
74155260075949383841988739551624744508, None, 74155260075949383841988739551624744508, http://localhost:1800/
74155260075949383841988739551624744508, 131498267285019480364075027932691640882 -> a []{'href': '/subscribe?product=unlimited', 'style': 'color:unset'}, 74155260075949383841988739551624744508, http://localhost:1800/
74155260075949383841988739551624744508, 213786466674511586446221676810385570193 -> button [<span class="MuiButton-startIcon MuiButton-iconSizeMedium css-6xugel", 199222071360682078865197807318038347473, http://localhost:1800/
199222071360682078865197807318038347473, 282212841185837970464880490913268752826 -> a [<ul class="list-unstyled text-sm mb-4 pricing-feature-list", 199222071360682078865197807318038347473, http://localhost:1800/
199222071360682078865197807318038347473, 266290469012312326683711838841638666372 -> button [<svg aria-hidden="true" class="MuiSvgIcon-root MuiSvgIcon-fontSizeMedium css-vubbuv" data-testid="HomeOutlinedIcon" focusable="false" viewbox="0 0 24 24", 74155260075949383841988739551624744508, http://localhost:1800/
74155260075949383841988739551624744508, 335177995277185720436677424941113667172 -> a ['Private Sessions']{'href': '#'}, 31358316778550977529786788011359927828, http://localhost:1800/#
31358316778550977529786788011359927828, 335177995277185720436677424941113667172 -> a ['Private Sessions']{'href': '#'}, 31358316778550977529786788011359927828, http://localhost:1800/#
74155260075949383841988739551624744508, None, 74155260075949383841988739551624744508, http://localhost:1800/
74155260075949383841988739551624744508, None, 74155260075949383841988739551624744508, http://localhost:1800/
74155260075949383841988739551624744508, None, 74155260075949383841988739551624744508, http://localhost:1800/
74155260075949383841988739551624744508, None, 74155260075949383841988739551624744508, http://localhost:1800/
74155260075949383841988739551624744508, 254223092764667133638200428295916035974 -> a [<span class="ti-lock", 312035304379938343747989387892194858733, http://localhost:1800/
74155260075949383841988739551624744508, None, 74155260075949383841988739551624744508, http://localhost:1800/
74155260075949383841988739551624744508, 131498267285019480364075027932691640882 -> a []{'href': '/subscribe?product=unlimited', 'style': 'color:unset'}, 74155260075949383841988739551624744508, http://localhost:1800/
74155260075949383841988739551624744508, 243157659132187107739887812339775519703 -> a ['support@retrospected.com']{'href': 'mailto:support@retrospected.com'}, 74155260075949383841988739551624744508, http://localhost:1800/
74155260075949383841988739551624744508, 266290469012312326683711838841638666372 -> button [<svg aria-hidden="true" class="MuiSvgIcon-root MuiSvgIcon-fontSizeMedium css-vubbuv" data-testid="HomeOutlinedIcon" focusable="false" viewbox="0 0 24 24", 74155260075949383841988739551624744508, http://localhost:1800/
74155260075949383841988739551624744508, None, 74155260075949383841988739551624744508, http://localhost:1800/
74155260075949383841988739551624744508, 220230489951247748324856720139661540476 -> a ['amazing documentation']{'target': '_blank', 'href': 'https://docs.retrospected.com/docs/self-hosting/quick-start'}, 74155260075949383841988739551624744508, http://localhost:1800/
74155260075949383841988739551624744508, 294408008975193969872912268871713931036 -> a [<span class="ti-wand", 134889261547027000173533848097898943919, http://localhost:1800/
134889261547027000173533848097898943919, 171732623341340118822743671651694422782 -> a ['docs']{'target': '_blank', 'href': 'https://docs.retrospected.com/docs/self-hosting/quick-start'}, 134889261547027000173533848097898943919, http://localhost:1800/
134889261547027000173533848097898943919, 241834424327382346987432935799321988837 -> a [<span class="ti-twitter", 134889261547027000173533848097898943919, http://localhost:1800/
74155260075949383841988739551624744508, None, 74155260075949383841988739551624744508, http://localhost:1800/
74155260075949383841988739551624744508, None, 74155260075949383841988739551624744508, http://localhost:1800/
74155260075949383841988739551624744508, 96209764409702934583100429439126582709 -> a [<span class="ti-check-box", 74155260075949383841988739551624744508, http://localhost:1800/
74155260075949383841988739551624744508, 213786466674511586446221676810385570193 -> button [<span class="MuiButton-startIcon MuiButton-iconSizeMedium css-6xugel", 199222071360682078865197807318038347473, http://localhost:1800/
199222071360682078865197807318038347473, 42781586748898556957319857378680623162 -> a []{'href': '/subscribe?product=self-hosted', 'style': 'color:unset'}, 199222071360682078865197807318038347473, http://localhost:1800/
199222071360682078865197807318038347473, 64429212886691204927724048806800115504 -> a ['Buy Now']{'href': '/subscribe?product=self-hosted', 'class': 'btnoutline-btnmb-3'}, 199222071360682078865197807318038347473, http://localhost:1800/
199222071360682078865197807318038347473, 231190292153324487594472440397089282838 -> a ['Forgot your password?']{'class': 'MuiTypography-rootMuiTypography-inheritMuiLink-rootMuiLink-underlineAlwayscss-1ce2dd9', 'data-cy': 'forgot-password'}, 74155260075949383841988739551624744508, http://localhost:1800/
74155260075949383841988739551624744508, 213786466674511586446221676810385570193 -> button [<span class="MuiButton-startIcon MuiButton-iconSizeMedium css-6xugel", 74155260075949383841988739551624744508, http://localhost:1800/
74155260075949383841988739551624744508, 43049699877994183524356976929040969917 -> button [<svg aria-hidden="true" class="MuiSvgIcon-root MuiSvgIcon-fontSizeMedium css-vubbuv" data-testid="MenuIcon" focusable="false" viewbox="0 0 24 24", 74155260075949383841988739551624744508, http://localhost:1800/
74155260075949383841988739551624744508, 96209764409702934583100429439126582709 -> a [<span class="ti-check-box", 74155260075949383841988739551624744508, http://localhost:1800/
74155260075949383841988739551624744508, None, 74155260075949383841988739551624744508, http://localhost:1800/
74155260075949383841988739551624744508, 44226831132642797030845329423154588134 -> a ['Simplified Self-Hosting']{'href': '#'}, 31358316778550977529786788011359927828, http://localhost:1800/#
31358316778550977529786788011359927828, 335177995277185720436677424941113667172 -> a ['Private Sessions']{'href': '#'}, 31358316778550977529786788011359927828, http://localhost:1800/#
31358316778550977529786788011359927828, 266290469012312326683711838841638666372 -> button [<svg aria-hidden="true" class="MuiSvgIcon-root MuiSvgIcon-fontSizeMedium css-vubbuv" data-testid="HomeOutlinedIcon" focusable="false" viewbox="0 0 24 24", 31358316778550977529786788011359927828, http://localhost:1800/#
31358316778550977529786788011359927828, 42781586748898556957319857378680623162 -> a []{'href': '/subscribe?product=self-hosted', 'style': 'color:unset'}, 74155260075949383841988739551624744508, http://localhost:1800/
74155260075949383841988739551624744508, None, 74155260075949383841988739551624744508, http://localhost:1800/
74155260075949383841988739551624744508, 43049699877994183524356976929040969917 -> button [<svg aria-hidden="true" class="MuiSvgIcon-root MuiSvgIcon-fontSizeMedium css-vubbuv" data-testid="MenuIcon" focusable="false" viewbox="0 0 24 24", 74155260075949383841988739551624744508, http://localhost:1800/
74155260075949383841988739551624744508, 173297775383513045605497961556937564540 -> a ['Terms & Conditions']{'class': 'MuiTypography-rootMuiTypography-inheritMuiLink-rootMuiLink-underlineAlwayscss-1golevx', 'href': '/terms'}, 16287916311819740013953362095757646892, http://localhost:1800/terms
16287916311819740013953362095757646892, 79180041108667617502135449277787658601 -> a ['Private Sessions']{'href': 'https://docs.retrospected.com/docs/features/private-sessions', 'target': '_blank', 'class': 'css-1xvmz6m'}, 16287916311819740013953362095757646892, http://localhost:1800/terms
16287916311819740013953362095757646892, 302407674835984036115527615593818868540 -> a ['Privacy policy']{'class': 'MuiTypography-rootMuiTypography-inheritMuiLink-rootMuiLink-underlineAlwayscss-1golevx', 'href': '/privacy'}, 310215772641653692929397871169254608305, http://localhost:1800/privacy
310215772641653692929397871169254608305, 294408008975193969872912268871713931036 -> a [<span class="ti-wand", 310215772641653692929397871169254608305, http://localhost:1800/privacy
310215772641653692929397871169254608305, 45046659746167467971810493316832392802 -> a ['internetcookies.org']{'href': 'https://www.internetcookies.org'}, 310215772641653692929397871169254608305, http://localhost:1800/privacy
310215772641653692929397871169254608305, 173297775383513045605497961556937564540 -> a ['Terms & Conditions']{'class': 'MuiTypography-rootMuiTypography-inheritMuiLink-rootMuiLink-underlineAlwayscss-1golevx', 'href': '/terms'}, 16287916311819740013953362095757646892, http://localhost:1800/terms
16287916311819740013953362095757646892, 173297775383513045605497961556937564540 -> a ['Terms & Conditions']{'class': 'MuiTypography-rootMuiTypography-inheritMuiLink-rootMuiLink-underlineAlwayscss-1golevx', 'href': '/terms'}, 16287916311819740013953362095757646892, http://localhost:1800/terms
74155260075949383841988739551624744508, None, 74155260075949383841988739551624744508, http://localhost:1800/
74155260075949383841988739551624744508, 326260989328514412703228462752826086408 -> a ['contact us']{'href': 'mailto:support@retrospected.com'}, 74155260075949383841988739551624744508, http://localhost:1800/
74155260075949383841988739551624744508, 42781586748898556957319857378680623162 -> a []{'href': '/subscribe?product=self-hosted', 'style': 'color:unset'}, 74155260075949383841988739551624744508, http://localhost:1800/
74155260075949383841988739551624744508, None, 74155260075949383841988739551624744508, http://localhost:1800/
74155260075949383841988739551624744508, None, 74155260075949383841988739551624744508, http://localhost:1800/
74155260075949383841988739551624744508, None, 74155260075949383841988739551624744508, http://localhost:1800/
74155260075949383841988739551624744508, 254223092764667133638200428295916035974 -> a [<span class="ti-lock", 312035304379938343747989387892194858733, http://localhost:1800/
312035304379938343747989387892194858733, 204684656745175268669880775349717719895 -> a [<span class="ti-lock", 312035304379938343747989387892194858733, http://localhost:1800/
74155260075949383841988739551624744508, None, 74155260075949383841988739551624744508, http://localhost:1800/
74155260075949383841988739551624744508, 44226831132642797030845329423154588134 -> a ['Simplified Self-Hosting']{'href': '#'}, 31358316778550977529786788011359927828, http://localhost:1800/#
74155260075949383841988739551624744508, None, 74155260075949383841988739551624744508, http://localhost:1800/
74155260075949383841988739551624744508, 294408008975193969872912268871713931036 -> a [<span class="ti-wand", 134889261547027000173533848097898943919, http://localhost:1800/
134889261547027000173533848097898943919, 220230489951247748324856720139661540476 -> a ['amazing documentation']{'target': '_blank', 'href': 'https://docs.retrospected.com/docs/self-hosting/quick-start'}, 134889261547027000173533848097898943919, http://localhost:1800/
74155260075949383841988739551624744508, None, 74155260075949383841988739551624744508, http://localhost:1800/
74155260075949383841988739551624744508, None, 74155260075949383841988739551624744508, http://localhost:1800/
74155260075949383841988739551624744508, None, 74155260075949383841988739551624744508, http://localhost:1800/
74155260075949383841988739551624744508, 44226831132642797030845329423154588134 -> a ['Simplified Self-Hosting']{'href': '#'}, 31358316778550977529786788011359927828, http://localhost:1800/#
74155260075949383841988739551624744508, None, 74155260075949383841988739551624744508, http://localhost:1800/
74155260075949383841988739551624744508, 294408008975193969872912268871713931036 -> a [<span class="ti-wand", 134889261547027000173533848097898943919, http://localhost:1800/
134889261547027000173533848097898943919, 1971129661176514680489238883695840773 -> a [<span class="ti-wand", 134889261547027000173533848097898943919, http://localhost:1800/
74155260075949383841988739551624744508, None, 74155260075949383841988739551624744508, http://localhost:1800/
74155260075949383841988739551624744508, None, 74155260075949383841988739551624744508, http://localhost:1800/
74155260075949383841988739551624744508, 254223092764667133638200428295916035974 -> a [<span class="ti-lock", 74155260075949383841988739551624744508, http://localhost:1800/
74155260075949383841988739551624744508, 322294491624679672579461493340971535867 -> a ['Accounts Federation']{'href': '#'}, 74155260075949383841988739551624744508, http://localhost:1800/
74155260075949383841988739551624744508, None, 74155260075949383841988739551624744508, http://localhost:1800/
74155260075949383841988739551624744508, 126897143971849504177287452962379115636 -> a [<span class="ti-crown", 74921026783633498634010030204556921178, http://localhost:1800/
74921026783633498634010030204556921178, 77722075193502781211253785020892441640 -> a []{'href': '/login', 'style': 'color:unset'}, 74921026783633498634010030204556921178, http://localhost:1800/
74155260075949383841988739551624744508, None, 74155260075949383841988739551624744508, http://localhost:1800/
74155260075949383841988739551624744508, 42781586748898556957319857378680623162 -> a []{'href': '/subscribe?product=self-hosted', 'style': 'color:unset'}, 74155260075949383841988739551624744508, http://localhost:1800/
74155260075949383841988739551624744508, 42781586748898556957319857378680623162 -> a []{'href': '/subscribe?product=self-hosted', 'style': 'color:unset'}, 74155260075949383841988739551624744508, http://localhost:1800/
74155260075949383841988739551624744508, None, 74155260075949383841988739551624744508, http://localhost:1800/
74155260075949383841988739551624744508, 241834424327382346987432935799321988837 -> a [<span class="ti-twitter", 74155260075949383841988739551624744508, http://localhost:1800/
74155260075949383841988739551624744508, 42781586748898556957319857378680623162 -> a []{'href': '/subscribe?product=self-hosted', 'style': 'color:unset'}, 74155260075949383841988739551624744508, http://localhost:1800/
74155260075949383841988739551624744508, 294408008975193969872912268871713931036 -> a [<span class="ti-wand", 134889261547027000173533848097898943919, http://localhost:1800/
134889261547027000173533848097898943919, 243157659132187107739887812339775519703 -> a ['support@retrospected.com']{'href': 'mailto:support@retrospected.com'}, 134889261547027000173533848097898943919, http://localhost:1800/
134889261547027000173533848097898943919, 230313313312885264188619318999131343590 -> a ['Contact us']{'href': 'mailto:support@retrospected.com', 'class': 'color-secondary'}, 134889261547027000173533848097898943919, http://localhost:1800/
134889261547027000173533848097898943919, 326260989328514412703228462752826086408 -> a ['contact us']{'href': 'mailto:support@retrospected.com'}, 134889261547027000173533848097898943919, http://localhost:1800/
134889261547027000173533848097898943919, 264323178795734057221956673756651836778 -> a ['here']{'target': '_blank', 'href': 'https://www.retrospected.com/subscribe?product=self-hosted', 'rel': 'noreferrer'}, 134889261547027000173533848097898943919, http://localhost:1800/
74155260075949383841988739551624744508, None, 74155260075949383841988739551624744508, http://localhost:1800/
74155260075949383841988739551624744508, 243157659132187107739887812339775519703 -> a ['support@retrospected.com']{'href': 'mailto:support@retrospected.com'}, 74155260075949383841988739551624744508, http://localhost:1800/
74155260075949383841988739551624744508, 294408008975193969872912268871713931036 -> a [<span class="ti-wand", 134889261547027000173533848097898943919, http://localhost:1800/
74155260075949383841988739551624744508, None, 74155260075949383841988739551624744508, http://localhost:1800/
74155260075949383841988739551624744508, None, 74155260075949383841988739551624744508, http://localhost:1800/
74155260075949383841988739551624744508, 43049699877994183524356976929040969917 -> button [<svg aria-hidden="true" class="MuiSvgIcon-root MuiSvgIcon-fontSizeMedium css-vubbuv" data-testid="MenuIcon" focusable="false" viewbox="0 0 24 24", 74155260075949383841988739551624744508, http://localhost:1800/
74155260075949383841988739551624744508, 206324686320906789238065681504732455644 -> a [<ul class="list-unstyled text-sm mb-4 pricing-feature-list", 74155260075949383841988739551624744508, http://localhost:1800/
74155260075949383841988739551624744508, 335177995277185720436677424941113667172 -> a ['Private Sessions']{'href': '#'}, 31358316778550977529786788011359927828, http://localhost:1800/#
31358316778550977529786788011359927828, 131498267285019480364075027932691640882 -> a []{'href': '/subscribe?product=unlimited', 'style': 'color:unset'}, 31358316778550977529786788011359927828, http://localhost:1800/#
74155260075949383841988739551624744508, None, 74155260075949383841988739551624744508, http://localhost:1800/
74155260075949383841988739551624744508, 171732623341340118822743671651694422782 -> a ['docs']{'target': '_blank', 'href': 'https://docs.retrospected.com/docs/self-hosting/quick-start'}, 74155260075949383841988739551624744508, http://localhost:1800/
74155260075949383841988739551624744508, None, 74155260075949383841988739551624744508, http://localhost:1800/
74155260075949383841988739551624744508, None, 74155260075949383841988739551624744508, http://localhost:1800/
74155260075949383841988739551624744508, 294408008975193969872912268871713931036 -> a [<span class="ti-wand", 134889261547027000173533848097898943919, http://localhost:1800/
74155260075949383841988739551624744508, None, 74155260075949383841988739551624744508, http://localhost:1800/
74155260075949383841988739551624744508, None, 74155260075949383841988739551624744508, http://localhost:1800/
74155260075949383841988739551624744508, None, 74155260075949383841988739551624744508, http://localhost:1800/
74155260075949383841988739551624744508, 44226831132642797030845329423154588134 -> a ['Simplified Self-Hosting']{'href': '#'}, 31358316778550977529786788011359927828, http://localhost:1800/#
31358316778550977529786788011359927828, 131498267285019480364075027932691640882 -> a []{'href': '/subscribe?product=unlimited', 'style': 'color:unset'}, 31358316778550977529786788011359927828, http://localhost:1800/#
31358316778550977529786788011359927828, 294408008975193969872912268871713931036 -> a [<span class="ti-wand", 64759341743218985906504641236022142956, http://localhost:1800/#
64759341743218985906504641236022142956, 213786466674511586446221676810385570193 -> button [<span class="MuiButton-startIcon MuiButton-iconSizeMedium css-6xugel", 92119814672078507073266561032626849722, http://localhost:1800/#
92119814672078507073266561032626849722, 243157659132187107739887812339775519703 -> a ['support@retrospected.com']{'href': 'mailto:support@retrospected.com'}, 92119814672078507073266561032626849722, http://localhost:1800/#
92119814672078507073266561032626849722, 206135397846945457121200555401346790746 -> a ['Acceptable Use Policy']{'href': 'https://www.websitepolicies.com/policies/view/fbk00C8V'}, 64759341743218985906504641236022142956, http://localhost:1800/#
74155260075949383841988739551624744508, None, 74155260075949383841988739551624744508, http://localhost:1800/
74155260075949383841988739551624744508, 42781586748898556957319857378680623162 -> a []{'href': '/subscribe?product=self-hosted', 'style': 'color:unset'}, 74155260075949383841988739551624744508, http://localhost:1800/
74155260075949383841988739551624744508, None, 74155260075949383841988739551624744508, http://localhost:1800/
74155260075949383841988739551624744508, 264323178795734057221956673756651836778 -> a ['here']{'target': '_blank', 'href': 'https://www.retrospected.com/subscribe?product=self-hosted', 'rel': 'noreferrer'}, 74155260075949383841988739551624744508, http://localhost:1800/
74155260075949383841988739551624744508, 44226831132642797030845329423154588134 -> a ['Simplified Self-Hosting']{'href': '#'}, 31358316778550977529786788011359927828, http://localhost:1800/#
74155260075949383841988739551624744508, None, 74155260075949383841988739551624744508, http://localhost:1800/
74155260075949383841988739551624744508, None, 74155260075949383841988739551624744508, http://localhost:1800/
74155260075949383841988739551624744508, 77722075193502781211253785020892441640 -> a []{'href': '/login', 'style': 'color:unset'}, 74155260075949383841988739551624744508, http://localhost:1800/
74155260075949383841988739551624744508, 43049699877994183524356976929040969917 -> button [<svg aria-hidden="true" class="MuiSvgIcon-root MuiSvgIcon-fontSizeMedium css-vubbuv" data-testid="MenuIcon" focusable="false" viewbox="0 0 24 24", 74155260075949383841988739551624744508, http://localhost:1800/
74155260075949383841988739551624744508, 198330988671355682266587899514732098117 -> a []{'href': '/subscribe?product=team', 'style': 'color:unset'}, 74155260075949383841988739551624744508, http://localhost:1800/
74155260075949383841988739551624744508, 206135397846945457121200555401346790746 -> a ['Acceptable Use Policy']{'href': 'https://www.websitepolicies.com/policies/view/fbk00C8V'}, 53001836708889168110486417502347157350, http://localhost:1800/cookies
53001836708889168110486417502347157350, 136505926032221214486667304085243471247 -> a ['Acceptable Use Policy']{'class': 'MuiTypography-rootMuiTypography-inheritMuiLink-rootMuiLink-underlineAlwayscss-1golevx', 'href': '/acceptable-use'}, 25070052904130142774629449852133713825, http://localhost:1800/acceptable-use
25070052904130142774629449852133713825, 79180041108667617502135449277787658601 -> a ['Private Sessions']{'href': 'https://docs.retrospected.com/docs/features/private-sessions', 'target': '_blank', 'class': 'css-1xvmz6m'}, 16287916311819740013953362095757646892, http://localhost:1800/terms
16287916311819740013953362095757646892, 8304994773110382516579065967122573097 -> a ['Encrypted Sessions']{'href': 'https://docs.retrospected.com/docs/features/encryption', 'target': '_blank', 'class': 'css-1xvmz6m'}, 16287916311819740013953362095757646892, http://localhost:1800/terms
16287916311819740013953362095757646892, 219025792540068415717711130941882883866 -> a ['Disclaimer']{'class': 'MuiTypography-rootMuiTypography-inheritMuiLink-rootMuiLink-underlineAlwayscss-1golevx', 'href': '/disclaimer'}, 184930390132803415385601044865877000749, http://localhost:1800/disclaimer
74155260075949383841988739551624744508, None, 74155260075949383841988739551624744508, http://localhost:1800/
74155260075949383841988739551624744508, 96209764409702934583100429439126582709 -> a [<span class="ti-check-box", 74155260075949383841988739551624744508, http://localhost:1800/
74155260075949383841988739551624744508, None, 74155260075949383841988739551624744508, http://localhost:1800/
74155260075949383841988739551624744508, 77722075193502781211253785020892441640 -> a []{'href': '/login', 'style': 'color:unset'}, 74155260075949383841988739551624744508, http://localhost:1800/
74155260075949383841988739551624744508, 322294491624679672579461493340971535867 -> a ['Accounts Federation']{'href': '#'}, 31358316778550977529786788011359927828, http://localhost:1800/#
74155260075949383841988739551624744508, None, 74155260075949383841988739551624744508, http://localhost:1800/
74155260075949383841988739551624744508, None, 74155260075949383841988739551624744508, http://localhost:1800/
74155260075949383841988739551624744508, None, 74155260075949383841988739551624744508, http://localhost:1800/
74155260075949383841988739551624744508, 44226831132642797030845329423154588134 -> a ['Simplified Self-Hosting']{'href': '#'}, 31358316778550977529786788011359927828, http://localhost:1800/#
31358316778550977529786788011359927828, 220230489951247748324856720139661540476 -> a ['amazing documentation']{'target': '_blank', 'href': 'https://docs.retrospected.com/docs/self-hosting/quick-start'}, 31358316778550977529786788011359927828, http://localhost:1800/#
31358316778550977529786788011359927828, 171732623341340118822743671651694422782 -> a ['docs']{'target': '_blank', 'href': 'https://docs.retrospected.com/docs/self-hosting/quick-start'}, 31358316778550977529786788011359927828, http://localhost:1800/#
31358316778550977529786788011359927828, 241834424327382346987432935799321988837 -> a [<span class="ti-twitter", 31358316778550977529786788011359927828, http://localhost:1800/#
31358316778550977529786788011359927828, 254223092764667133638200428295916035974 -> a [<span class="ti-lock", 98951389206994023167960179296979532349, http://localhost:1800/#
98951389206994023167960179296979532349, 220230489951247748324856720139661540476 -> a ['amazing documentation']{'target': '_blank', 'href': 'https://docs.retrospected.com/docs/self-hosting/quick-start'}, 98951389206994023167960179296979532349, http://localhost:1800/#
98951389206994023167960179296979532349, 171732623341340118822743671651694422782 -> a ['docs']{'target': '_blank', 'href': 'https://docs.retrospected.com/docs/self-hosting/quick-start'}, 98951389206994023167960179296979532349, http://localhost:1800/#
98951389206994023167960179296979532349, 43049699877994183524356976929040969917 -> button [<svg aria-hidden="true" class="MuiSvgIcon-root MuiSvgIcon-fontSizeMedium css-vubbuv" data-testid="MenuIcon" focusable="false" viewbox="0 0 24 24", 98951389206994023167960179296979532349, http://localhost:1800/#
74155260075949383841988739551624744508, None, 74155260075949383841988739551624744508, http://localhost:1800/
74155260075949383841988739551624744508, 43049699877994183524356976929040969917 -> button [<svg aria-hidden="true" class="MuiSvgIcon-root MuiSvgIcon-fontSizeMedium css-vubbuv" data-testid="MenuIcon" focusable="false" viewbox="0 0 24 24", 74155260075949383841988739551624744508, http://localhost:1800/
74155260075949383841988739551624744508, 223198739654013518621001174651680560209 -> a [<div class="pt-4", 74155260075949383841988739551624744508, http://localhost:1800/
74155260075949383841988739551624744508, 264323178795734057221956673756651836778 -> a ['here']{'target': '_blank', 'href': 'https://www.retrospected.com/subscribe?product=self-hosted', 'rel': 'noreferrer'}, 74155260075949383841988739551624744508, http://localhost:1800/
74155260075949383841988739551624744508, 335177995277185720436677424941113667172 -> a ['Private Sessions']{'href': '#'}, 31358316778550977529786788011359927828, http://localhost:1800/#
74155260075949383841988739551624744508, None, 74155260075949383841988739551624744508, http://localhost:1800/
74155260075949383841988739551624744508, 126897143971849504177287452962379115636 -> a [<span class="ti-crown", 74921026783633498634010030204556921178, http://localhost:1800/
74155260075949383841988739551624744508, None, 74155260075949383841988739551624744508, http://localhost:1800/
74155260075949383841988739551624744508, 44226831132642797030845329423154588134 -> a ['Simplified Self-Hosting']{'href': '#'}, 31358316778550977529786788011359927828, http://localhost:1800/#
74155260075949383841988739551624744508, None, 74155260075949383841988739551624744508, http://localhost:1800/
74155260075949383841988739551624744508, 322294491624679672579461493340971535867 -> a ['Accounts Federation']{'href': '#'}, 31358316778550977529786788011359927828, http://localhost:1800/#
31358316778550977529786788011359927828, 294408008975193969872912268871713931036 -> a [<span class="ti-wand", 64759341743218985906504641236022142956, http://localhost:1800/#
74155260075949383841988739551624744508, None, 74155260075949383841988739551624744508, http://localhost:1800/
74155260075949383841988739551624744508, None, 74155260075949383841988739551624744508, http://localhost:1800/
74155260075949383841988739551624744508, None, 74155260075949383841988739551624744508, http://localhost:1800/
74155260075949383841988739551624744508, 254223092764667133638200428295916035974 -> a [<span class="ti-lock", 74155260075949383841988739551624744508, http://localhost:1800/
74155260075949383841988739551624744508, 322294491624679672579461493340971535867 -> a ['Accounts Federation']{'href': '#'}, 74155260075949383841988739551624744508, http://localhost:1800/
74155260075949383841988739551624744508, 220230489951247748324856720139661540476 -> a ['amazing documentation']{'target': '_blank', 'href': 'https://docs.retrospected.com/docs/self-hosting/quick-start'}, 74155260075949383841988739551624744508, http://localhost:1800/
74155260075949383841988739551624744508, None, 74155260075949383841988739551624744508, http://localhost:1800/
74155260075949383841988739551624744508, 335177995277185720436677424941113667172 -> a ['Private Sessions']{'href': '#'}, 31358316778550977529786788011359927828, http://localhost:1800/#
31358316778550977529786788011359927828, 254223092764667133638200428295916035974 -> a [<span class="ti-lock", 98951389206994023167960179296979532349, http://localhost:1800/#
98951389206994023167960179296979532349, 42781586748898556957319857378680623162 -> a []{'href': '/subscribe?product=self-hosted', 'style': 'color:unset'}, 98951389206994023167960179296979532349, http://localhost:1800/#
98951389206994023167960179296979532349, 44226831132642797030845329423154588134 -> a ['Simplified Self-Hosting']{'href': '#'}, 98951389206994023167960179296979532349, http://localhost:1800/#
98951389206994023167960179296979532349, 204684656745175268669880775349717719895 -> a [<span class="ti-lock", 98951389206994023167960179296979532349, http://localhost:1800/#
98951389206994023167960179296979532349, 264323178795734057221956673756651836778 -> a ['here']{'target': '_blank', 'href': 'https://www.retrospected.com/subscribe?product=self-hosted', 'rel': 'noreferrer'}, 98951389206994023167960179296979532349, http://localhost:1800/#
74155260075949383841988739551624744508, None, 74155260075949383841988739551624744508, http://localhost:1800/
74155260075949383841988739551624744508, 335177995277185720436677424941113667172 -> a ['Private Sessions']{'href': '#'}, 31358316778550977529786788011359927828, http://localhost:1800/#
31358316778550977529786788011359927828, 241834424327382346987432935799321988837 -> a [<span class="ti-twitter", 31358316778550977529786788011359927828, http://localhost:1800/#
74155260075949383841988739551624744508, None, 74155260075949383841988739551624744508, http://localhost:1800/
74155260075949383841988739551624744508, 335177995277185720436677424941113667172 -> a ['Private Sessions']{'href': '#'}, 31358316778550977529786788011359927828, http://localhost:1800/#
74155260075949383841988739551624744508, None, 74155260075949383841988739551624744508, http://localhost:1800/
74155260075949383841988739551624744508, 96209764409702934583100429439126582709 -> a [<span class="ti-check-box", 74155260075949383841988739551624744508, http://localhost:1800/
74155260075949383841988739551624744508, None, 74155260075949383841988739551624744508, http://localhost:1800/
74155260075949383841988739551624744508, None, 74155260075949383841988739551624744508, http://localhost:1800/
74155260075949383841988739551624744508, None, 74155260075949383841988739551624744508, http://localhost:1800/
74155260075949383841988739551624744508, None, 74155260075949383841988739551624744508, http://localhost:1800/
74155260075949383841988739551624744508, None, 74155260075949383841988739551624744508, http://localhost:1800/
74155260075949383841988739551624744508, None, 74155260075949383841988739551624744508, http://localhost:1800/
74155260075949383841988739551624744508, None, 74155260075949383841988739551624744508, http://localhost:1800/
74155260075949383841988739551624744508, None, 74155260075949383841988739551624744508, http://localhost:1800/
74155260075949383841988739551624744508, 254223092764667133638200428295916035974 -> a [<span class="ti-lock", 74155260075949383841988739551624744508, http://localhost:1800/
74155260075949383841988739551624744508, 322294491624679672579461493340971535867 -> a ['Accounts Federation']{'href': '#'}, 74155260075949383841988739551624744508, http://localhost:1800/
74155260075949383841988739551624744508, None, 74155260075949383841988739551624744508, http://localhost:1800/
74155260075949383841988739551624744508, None, 74155260075949383841988739551624744508, http://localhost:1800/
74155260075949383841988739551624744508, None, 74155260075949383841988739551624744508, http://localhost:1800/
74155260075949383841988739551624744508, None, 74155260075949383841988739551624744508, http://localhost:1800/
74155260075949383841988739551624744508, 42781586748898556957319857378680623162 -> a []{'href': '/subscribe?product=self-hosted', 'style': 'color:unset'}, 74155260075949383841988739551624744508, http://localhost:1800/
74155260075949383841988739551624744508, 43049699877994183524356976929040969917 -> button [<svg aria-hidden="true" class="MuiSvgIcon-root MuiSvgIcon-fontSizeMedium css-vubbuv" data-testid="MenuIcon" focusable="false" viewbox="0 0 24 24", 74155260075949383841988739551624744508, http://localhost:1800/
74155260075949383841988739551624744508, 23640877841999755838731854065212902355 -> input []{'aria-hidden': 'true', 'tabindex': '-', 'class': 'MuiSelect-nativeInputcss-1k3x8v3', 'value': 'en-GB'}, 74155260075949383841988739551624744508, http://localhost:1800/
74155260075949383841988739551624744508, 231932781397952616542666070090653703638 -> a [<div class="pt-4", 74155260075949383841988739551624744508, http://localhost:1800/
74155260075949383841988739551624744508, 44226831132642797030845329423154588134 -> a ['Simplified Self-Hosting']{'href': '#'}, 31358316778550977529786788011359927828, http://localhost:1800/#
74155260075949383841988739551624744508, None, 74155260075949383841988739551624744508, http://localhost:1800/
74155260075949383841988739551624744508, 42781586748898556957319857378680623162 -> a []{'href': '/subscribe?product=self-hosted', 'style': 'color:unset'}, 74155260075949383841988739551624744508, http://localhost:1800/
74155260075949383841988739551624744508, None, 74155260075949383841988739551624744508, http://localhost:1800/
74155260075949383841988739551624744508, None, 74155260075949383841988739551624744508, http://localhost:1800/
74155260075949383841988739551624744508, 126897143971849504177287452962379115636 -> a [<span class="ti-crown", 74921026783633498634010030204556921178, http://localhost:1800/
74155260075949383841988739551624744508, None, 74155260075949383841988739551624744508, http://localhost:1800/
74155260075949383841988739551624744508, 254223092764667133638200428295916035974 -> a [<span class="ti-lock", 312035304379938343747989387892194858733, http://localhost:1800/
74155260075949383841988739551624744508, None, 74155260075949383841988739551624744508, http://localhost:1800/
74155260075949383841988739551624744508, 241834424327382346987432935799321988837 -> a [<span class="ti-twitter", 74155260075949383841988739551624744508, http://localhost:1800/
74155260075949383841988739551624744508, 326260989328514412703228462752826086408 -> a ['contact us']{'href': 'mailto:support@retrospected.com'}, 74155260075949383841988739551624744508, http://localhost:1800/
74155260075949383841988739551624744508, 44226831132642797030845329423154588134 -> a ['Simplified Self-Hosting']{'href': '#'}, 31358316778550977529786788011359927828, http://localhost:1800/#
74155260075949383841988739551624744508, None, 74155260075949383841988739551624744508, http://localhost:1800/
74155260075949383841988739551624744508, None, 74155260075949383841988739551624744508, http://localhost:1800/
74155260075949383841988739551624744508, 243157659132187107739887812339775519703 -> a ['support@retrospected.com']{'href': 'mailto:support@retrospected.com'}, 74155260075949383841988739551624744508, http://localhost:1800/
74155260075949383841988739551624744508, None, 74155260075949383841988739551624744508, http://localhost:1800/
74155260075949383841988739551624744508, 335177995277185720436677424941113667172 -> a ['Private Sessions']{'href': '#'}, 31358316778550977529786788011359927828, http://localhost:1800/#
31358316778550977529786788011359927828, 326260989328514412703228462752826086408 -> a ['contact us']{'href': 'mailto:support@retrospected.com'}, 31358316778550977529786788011359927828, http://localhost:1800/#
31358316778550977529786788011359927828, 126897143971849504177287452962379115636 -> a [<span class="ti-crown", 29092016549864325000952047354909891089, http://localhost:1800/#
29092016549864325000952047354909891089, 171732623341340118822743671651694422782 -> a ['docs']{'target': '_blank', 'href': 'https://docs.retrospected.com/docs/self-hosting/quick-start'}, 29092016549864325000952047354909891089, http://localhost:1800/#
29092016549864325000952047354909891089, 326260989328514412703228462752826086408 -> a ['contact us']{'href': 'mailto:support@retrospected.com'}, 29092016549864325000952047354909891089, http://localhost:1800/#
29092016549864325000952047354909891089, 243157659132187107739887812339775519703 -> a ['support@retrospected.com']{'href': 'mailto:support@retrospected.com'}, 29092016549864325000952047354909891089, http://localhost:1800/#
29092016549864325000952047354909891089, 198330988671355682266587899514732098117 -> a []{'href': '/subscribe?product=team', 'style': 'color:unset'}, 29092016549864325000952047354909891089, http://localhost:1800/#
74155260075949383841988739551624744508, None, 74155260075949383841988739551624744508, http://localhost:1800/
74155260075949383841988739551624744508, None, 74155260075949383841988739551624744508, http://localhost:1800/
74155260075949383841988739551624744508, 335177995277185720436677424941113667172 -> a ['Private Sessions']{'href': '#'}, 31358316778550977529786788011359927828, http://localhost:1800/#
31358316778550977529786788011359927828, 44226831132642797030845329423154588134 -> a ['Simplified Self-Hosting']{'href': '#'}, 31358316778550977529786788011359927828, http://localhost:1800/#
31358316778550977529786788011359927828, 294408008975193969872912268871713931036 -> a [<span class="ti-wand", 64759341743218985906504641236022142956, http://localhost:1800/#
64759341743218985906504641236022142956, 322294491624679672579461493340971535867 -> a ['Accounts Federation']{'href': '#'}, 64759341743218985906504641236022142956, http://localhost:1800/#
74155260075949383841988739551624744508, None, 74155260075949383841988739551624744508, http://localhost:1800/
74155260075949383841988739551624744508, 44226831132642797030845329423154588134 -> a ['Simplified Self-Hosting']{'href': '#'}, 31358316778550977529786788011359927828, http://localhost:1800/#
31358316778550977529786788011359927828, 294408008975193969872912268871713931036 -> a [<span class="ti-wand", 64759341743218985906504641236022142956, http://localhost:1800/#
64759341743218985906504641236022142956, 322294491624679672579461493340971535867 -> a ['Accounts Federation']{'href': '#'}, 64759341743218985906504641236022142956, http://localhost:1800/#
64759341743218985906504641236022142956, 1971129661176514680489238883695840773 -> a [<span class="ti-wand", 64759341743218985906504641236022142956, http://localhost:1800/#
64759341743218985906504641236022142956, 241834424327382346987432935799321988837 -> a [<span class="ti-twitter", 64759341743218985906504641236022142956, http://localhost:1800/#
74155260075949383841988739551624744508, None, 74155260075949383841988739551624744508, http://localhost:1800/
74155260075949383841988739551624744508, 44226831132642797030845329423154588134 -> a ['Simplified Self-Hosting']{'href': '#'}, 31358316778550977529786788011359927828, http://localhost:1800/#
31358316778550977529786788011359927828, 241834424327382346987432935799321988837 -> a [<span class="ti-twitter", 31358316778550977529786788011359927828, http://localhost:1800/#
74155260075949383841988739551624744508, None, 74155260075949383841988739551624744508, http://localhost:1800/
74155260075949383841988739551624744508, 254223092764667133638200428295916035974 -> a [<span class="ti-lock", 312035304379938343747989387892194858733, http://localhost:1800/
74155260075949383841988739551624744508, None, 74155260075949383841988739551624744508, http://localhost:1800/
74155260075949383841988739551624744508, 254223092764667133638200428295916035974 -> a [<span class="ti-lock", 312035304379938343747989387892194858733, http://localhost:1800/
74155260075949383841988739551624744508, None, 74155260075949383841988739551624744508, http://localhost:1800/
74155260075949383841988739551624744508, 220230489951247748324856720139661540476 -> a ['amazing documentation']{'target': '_blank', 'href': 'https://docs.retrospected.com/docs/self-hosting/quick-start'}, 74155260075949383841988739551624744508, http://localhost:1800/
74155260075949383841988739551624744508, None, 74155260075949383841988739551624744508, http://localhost:1800/
74155260075949383841988739551624744508, None, 74155260075949383841988739551624744508, http://localhost:1800/
74155260075949383841988739551624744508, 44226831132642797030845329423154588134 -> a ['Simplified Self-Hosting']{'href': '#'}, 31358316778550977529786788011359927828, http://localhost:1800/#
74155260075949383841988739551624744508, None, 74155260075949383841988739551624744508, http://localhost:1800/
74155260075949383841988739551624744508, None, 74155260075949383841988739551624744508, http://localhost:1800/
74155260075949383841988739551624744508, 131498267285019480364075027932691640882 -> a []{'href': '/subscribe?product=unlimited', 'style': 'color:unset'}, 74155260075949383841988739551624744508, http://localhost:1800/
74155260075949383841988739551624744508, 44226831132642797030845329423154588134 -> a ['Simplified Self-Hosting']{'href': '#'}, 31358316778550977529786788011359927828, http://localhost:1800/#
74155260075949383841988739551624744508, None, 74155260075949383841988739551624744508, http://localhost:1800/
74155260075949383841988739551624744508, 254223092764667133638200428295916035974 -> a [<span class="ti-lock", 74155260075949383841988739551624744508, http://localhost:1800/
74155260075949383841988739551624744508, 322294491624679672579461493340971535867 -> a ['Accounts Federation']{'href': '#'}, 74155260075949383841988739551624744508, http://localhost:1800/
74155260075949383841988739551624744508, 44226831132642797030845329423154588134 -> a ['Simplified Self-Hosting']{'href': '#'}, 31358316778550977529786788011359927828, http://localhost:1800/#
31358316778550977529786788011359927828, 231932781397952616542666070090653703638 -> a [<div class="pt-4", 235081920755139031299588602134794909266, http://localhost:1800/subscribe?product=unlimited
235081920755139031299588602134794909266, 96209764409702934583100429439126582709 -> a [<span class="ti-check-box", 294192904643525680916537694630967370612, http://localhost:1800/subscribe?product=unlimited
74155260075949383841988739551624744508, None, 74155260075949383841988739551624744508, http://localhost:1800/
74155260075949383841988739551624744508, 294408008975193969872912268871713931036 -> a [<span class="ti-wand", 134889261547027000173533848097898943919, http://localhost:1800/
134889261547027000173533848097898943919, 206164577955608859182796379325284454987 -> a [<span class="ti-check-box", 61832822962638269947097031219656062189, http://localhost:1800/
61832822962638269947097031219656062189, 126897143971849504177287452962379115636 -> a [<span class="ti-crown", 74921026783633498634010030204556921178, http://localhost:1800/
74921026783633498634010030204556921178, 243157659132187107739887812339775519703 -> a ['support@retrospected.com']{'href': 'mailto:support@retrospected.com'}, 74921026783633498634010030204556921178, http://localhost:1800/
74155260075949383841988739551624744508, None, 74155260075949383841988739551624744508, http://localhost:1800/
74155260075949383841988739551624744508, 335177995277185720436677424941113667172 -> a ['Private Sessions']{'href': '#'}, 31358316778550977529786788011359927828, http://localhost:1800/#
31358316778550977529786788011359927828, 131498267285019480364075027932691640882 -> a []{'href': '/subscribe?product=unlimited', 'style': 'color:unset'}, 31358316778550977529786788011359927828, http://localhost:1800/#
74155260075949383841988739551624744508, None, 74155260075949383841988739551624744508, http://localhost:1800/
74155260075949383841988739551624744508, None, 74155260075949383841988739551624744508, http://localhost:1800/
74155260075949383841988739551624744508, 243157659132187107739887812339775519703 -> a ['support@retrospected.com']{'href': 'mailto:support@retrospected.com'}, 74155260075949383841988739551624744508, http://localhost:1800/
74155260075949383841988739551624744508, 198330988671355682266587899514732098117 -> a []{'href': '/subscribe?product=team', 'style': 'color:unset'}, 74155260075949383841988739551624744508, http://localhost:1800/
74155260075949383841988739551624744508, 266290469012312326683711838841638666372 -> button [<svg aria-hidden="true" class="MuiSvgIcon-root MuiSvgIcon-fontSizeMedium css-vubbuv" data-testid="HomeOutlinedIcon" focusable="false" viewbox="0 0 24 24", 74155260075949383841988739551624744508, http://localhost:1800/
74155260075949383841988739551624744508, 171732623341340118822743671651694422782 -> a ['docs']{'target': '_blank', 'href': 'https://docs.retrospected.com/docs/self-hosting/quick-start'}, 74155260075949383841988739551624744508, http://localhost:1800/
74155260075949383841988739551624744508, 126897143971849504177287452962379115636 -> a [<span class="ti-crown", 74921026783633498634010030204556921178, http://localhost:1800/
74155260075949383841988739551624744508, None, 74155260075949383841988739551624744508, http://localhost:1800/
74155260075949383841988739551624744508, 294408008975193969872912268871713931036 -> a [<span class="ti-wand", 134889261547027000173533848097898943919, http://localhost:1800/
74155260075949383841988739551624744508, None, 74155260075949383841988739551624744508, http://localhost:1800/
74155260075949383841988739551624744508, 96209764409702934583100429439126582709 -> a [<span class="ti-check-box", 74155260075949383841988739551624744508, http://localhost:1800/
74155260075949383841988739551624744508, None, 74155260075949383841988739551624744508, http://localhost:1800/
74155260075949383841988739551624744508, 335177995277185720436677424941113667172 -> a ['Private Sessions']{'href': '#'}, 31358316778550977529786788011359927828, http://localhost:1800/#
31358316778550977529786788011359927828, 126897143971849504177287452962379115636 -> a [<span class="ti-crown", 29092016549864325000952047354909891089, http://localhost:1800/#
29092016549864325000952047354909891089, 33882277759036140018466438713772133080 -> a [<span class="ti-crown", 29092016549864325000952047354909891089, http://localhost:1800/#
29092016549864325000952047354909891089, 131498267285019480364075027932691640882 -> a []{'href': '/subscribe?product=unlimited', 'style': 'color:unset'}, 29092016549864325000952047354909891089, http://localhost:1800/#
74155260075949383841988739551624744508, None, 74155260075949383841988739551624744508, http://localhost:1800/
74155260075949383841988739551624744508, None, 74155260075949383841988739551624744508, http://localhost:1800/
74155260075949383841988739551624744508, 198330988671355682266587899514732098117 -> a []{'href': '/subscribe?product=team', 'style': 'color:unset'}, 74155260075949383841988739551624744508, http://localhost:1800/
74155260075949383841988739551624744508, None, 74155260075949383841988739551624744508, http://localhost:1800/
74155260075949383841988739551624744508, None, 74155260075949383841988739551624744508, http://localhost:1800/
74155260075949383841988739551624744508, None, 74155260075949383841988739551624744508, http://localhost:1800/
74155260075949383841988739551624744508, None, 74155260075949383841988739551624744508, http://localhost:1800/
74155260075949383841988739551624744508, 254223092764667133638200428295916035974 -> a [<span class="ti-lock", 74155260075949383841988739551624744508, http://localhost:1800/
74155260075949383841988739551624744508, 322294491624679672579461493340971535867 -> a ['Accounts Federation']{'href': '#'}, 74155260075949383841988739551624744508, http://localhost:1800/
74155260075949383841988739551624744508, None, 74155260075949383841988739551624744508, http://localhost:1800/
74155260075949383841988739551624744508, None, 74155260075949383841988739551624744508, http://localhost:1800/
74155260075949383841988739551624744508, 241834424327382346987432935799321988837 -> a [<span class="ti-twitter", 74155260075949383841988739551624744508, http://localhost:1800/
74155260075949383841988739551624744508, None, 74155260075949383841988739551624744508, http://localhost:1800/
74155260075949383841988739551624744508, 335177995277185720436677424941113667172 -> a ['Private Sessions']{'href': '#'}, 31358316778550977529786788011359927828, http://localhost:1800/#
31358316778550977529786788011359927828, 294408008975193969872912268871713931036 -> a [<span class="ti-wand", 64759341743218985906504641236022142956, http://localhost:1800/#
64759341743218985906504641236022142956, 213786466674511586446221676810385570193 -> button [<span class="MuiButton-startIcon MuiButton-iconSizeMedium css-6xugel", 92119814672078507073266561032626849722, http://localhost:1800/#
92119814672078507073266561032626849722, 271300417513165784100724408305820393637 -> a ['Login']{'href': '/login', 'class': 'btnoutline-btnmb-3'}, 92119814672078507073266561032626849722, http://localhost:1800/#
92119814672078507073266561032626849722, 302515116903307686490089882789802233567 -> a [<div class="pt-4", 92119814672078507073266561032626849722, http://localhost:1800/#
92119814672078507073266561032626849722, 243157659132187107739887812339775519703 -> a ['support@retrospected.com']{'href': 'mailto:support@retrospected.com'}, 92119814672078507073266561032626849722, http://localhost:1800/#
92119814672078507073266561032626849722, 266290469012312326683711838841638666372 -> button [<svg aria-hidden="true" class="MuiSvgIcon-root MuiSvgIcon-fontSizeMedium css-vubbuv" data-testid="HomeOutlinedIcon" focusable="false" viewbox="0 0 24 24", 64759341743218985906504641236022142956, http://localhost:1800/#
64759341743218985906504641236022142956, 42781586748898556957319857378680623162 -> a []{'href': '/subscribe?product=self-hosted', 'style': 'color:unset'}, 64759341743218985906504641236022142956, http://localhost:1800/#
74155260075949383841988739551624744508, None, 74155260075949383841988739551624744508, http://localhost:1800/
74155260075949383841988739551624744508, 131498267285019480364075027932691640882 -> a []{'href': '/subscribe?product=unlimited', 'style': 'color:unset'}, 74155260075949383841988739551624744508, http://localhost:1800/
74155260075949383841988739551624744508, None, 74155260075949383841988739551624744508, http://localhost:1800/
74155260075949383841988739551624744508, 294408008975193969872912268871713931036 -> a [<span class="ti-wand", 134889261547027000173533848097898943919, http://localhost:1800/
74155260075949383841988739551624744508, None, 74155260075949383841988739551624744508, http://localhost:1800/
74155260075949383841988739551624744508, None, 74155260075949383841988739551624744508, http://localhost:1800/
74155260075949383841988739551624744508, None, 74155260075949383841988739551624744508, http://localhost:1800/
74155260075949383841988739551624744508, 171732623341340118822743671651694422782 -> a ['docs']{'target': '_blank', 'href': 'https://docs.retrospected.com/docs/self-hosting/quick-start'}, 74155260075949383841988739551624744508, http://localhost:1800/
74155260075949383841988739551624744508, 126897143971849504177287452962379115636 -> a [<span class="ti-crown", 74921026783633498634010030204556921178, http://localhost:1800/
74155260075949383841988739551624744508, None, 74155260075949383841988739551624744508, http://localhost:1800/
74155260075949383841988739551624744508, 335177995277185720436677424941113667172 -> a ['Private Sessions']{'href': '#'}, 31358316778550977529786788011359927828, http://localhost:1800/#
31358316778550977529786788011359927828, 126897143971849504177287452962379115636 -> a [<span class="ti-crown", 29092016549864325000952047354909891089, http://localhost:1800/#
29092016549864325000952047354909891089, 254223092764667133638200428295916035974 -> a [<span class="ti-lock", 98951389206994023167960179296979532349, http://localhost:1800/#
98951389206994023167960179296979532349, 42781586748898556957319857378680623162 -> a []{'href': '/subscribe?product=self-hosted', 'style': 'color:unset'}, 98951389206994023167960179296979532349, http://localhost:1800/#
74155260075949383841988739551624744508, None, 74155260075949383841988739551624744508, http://localhost:1800/
74155260075949383841988739551624744508, 322294491624679672579461493340971535867 -> a ['Accounts Federation']{'href': '#'}, 31358316778550977529786788011359927828, http://localhost:1800/#
74155260075949383841988739551624744508, None, 74155260075949383841988739551624744508, http://localhost:1800/
74155260075949383841988739551624744508, None, 74155260075949383841988739551624744508, http://localhost:1800/
74155260075949383841988739551624744508, 254223092764667133638200428295916035974 -> a [<span class="ti-lock", 74155260075949383841988739551624744508, http://localhost:1800/
74155260075949383841988739551624744508, 322294491624679672579461493340971535867 -> a ['Accounts Federation']{'href': '#'}, 74155260075949383841988739551624744508, http://localhost:1800/
74155260075949383841988739551624744508, 243157659132187107739887812339775519703 -> a ['support@retrospected.com']{'href': 'mailto:support@retrospected.com'}, 74155260075949383841988739551624744508, http://localhost:1800/
74155260075949383841988739551624744508, None, 74155260075949383841988739551624744508, http://localhost:1800/
74155260075949383841988739551624744508, None, 74155260075949383841988739551624744508, http://localhost:1800/
74155260075949383841988739551624744508, 126897143971849504177287452962379115636 -> a [<span class="ti-crown", 74921026783633498634010030204556921178, http://localhost:1800/
74921026783633498634010030204556921178, 171732623341340118822743671651694422782 -> a ['docs']{'target': '_blank', 'href': 'https://docs.retrospected.com/docs/self-hosting/quick-start'}, 74921026783633498634010030204556921178, http://localhost:1800/
74155260075949383841988739551624744508, None, 74155260075949383841988739551624744508, http://localhost:1800/
74155260075949383841988739551624744508, 335177995277185720436677424941113667172 -> a ['Private Sessions']{'href': '#'}, 31358316778550977529786788011359927828, http://localhost:1800/#
31358316778550977529786788011359927828, 220230489951247748324856720139661540476 -> a ['amazing documentation']{'target': '_blank', 'href': 'https://docs.retrospected.com/docs/self-hosting/quick-start'}, 31358316778550977529786788011359927828, http://localhost:1800/#
74155260075949383841988739551624744508, None, 74155260075949383841988739551624744508, http://localhost:1800/
74155260075949383841988739551624744508, 322294491624679672579461493340971535867 -> a ['Accounts Federation']{'href': '#'}, 31358316778550977529786788011359927828, http://localhost:1800/#
31358316778550977529786788011359927828, 294408008975193969872912268871713931036 -> a [<span class="ti-wand", 64759341743218985906504641236022142956, http://localhost:1800/#
74155260075949383841988739551624744508, None, 74155260075949383841988739551624744508, http://localhost:1800/
74155260075949383841988739551624744508, None, 74155260075949383841988739551624744508, http://localhost:1800/
74155260075949383841988739551624744508, None, 74155260075949383841988739551624744508, http://localhost:1800/
74155260075949383841988739551624744508, 254223092764667133638200428295916035974 -> a [<span class="ti-lock", 312035304379938343747989387892194858733, http://localhost:1800/
312035304379938343747989387892194858733, 230313313312885264188619318999131343590 -> a ['Contact us']{'href': 'mailto:support@retrospected.com', 'class': 'color-secondary'}, 312035304379938343747989387892194858733, http://localhost:1800/
312035304379938343747989387892194858733, 43049699877994183524356976929040969917 -> button [<svg aria-hidden="true" class="MuiSvgIcon-root MuiSvgIcon-fontSizeMedium css-vubbuv" data-testid="MenuIcon" focusable="false" viewbox="0 0 24 24", 312035304379938343747989387892194858733, http://localhost:1800/
312035304379938343747989387892194858733, 126897143971849504177287452962379115636 -> a [<span class="ti-crown", 312035304379938343747989387892194858733, http://localhost:1800/
312035304379938343747989387892194858733, 198330988671355682266587899514732098117 -> a []{'href': '/subscribe?product=team', 'style': 'color:unset'}, 312035304379938343747989387892194858733, http://localhost:1800/
312035304379938343747989387892194858733, 294408008975193969872912268871713931036 -> a [<span class="ti-wand", 134889261547027000173533848097898943919, http://localhost:1800/
134889261547027000173533848097898943919, 43049699877994183524356976929040969917 -> button [<svg aria-hidden="true" class="MuiSvgIcon-root MuiSvgIcon-fontSizeMedium css-vubbuv" data-testid="MenuIcon" focusable="false" viewbox="0 0 24 24", 134889261547027000173533848097898943919, http://localhost:1800/
134889261547027000173533848097898943919, 1971129661176514680489238883695840773 -> a [<span class="ti-wand", 134889261547027000173533848097898943919, http://localhost:1800/
74155260075949383841988739551624744508, None, 74155260075949383841988739551624744508, http://localhost:1800/
74155260075949383841988739551624744508, None, 74155260075949383841988739551624744508, http://localhost:1800/
74155260075949383841988739551624744508, None, 74155260075949383841988739551624744508, http://localhost:1800/
74155260075949383841988739551624744508, None, 74155260075949383841988739551624744508, http://localhost:1800/
74155260075949383841988739551624744508, 322294491624679672579461493340971535867 -> a ['Accounts Federation']{'href': '#'}, 31358316778550977529786788011359927828, http://localhost:1800/#
31358316778550977529786788011359927828, 230313313312885264188619318999131343590 -> a ['Contact us']{'href': 'mailto:support@retrospected.com', 'class': 'color-secondary'}, 31358316778550977529786788011359927828, http://localhost:1800/#
74155260075949383841988739551624744508, None, 74155260075949383841988739551624744508, http://localhost:1800/
74155260075949383841988739551624744508, 254223092764667133638200428295916035974 -> a [<span class="ti-lock", 74155260075949383841988739551624744508, http://localhost:1800/
74155260075949383841988739551624744508, 322294491624679672579461493340971535867 -> a ['Accounts Federation']{'href': '#'}, 74155260075949383841988739551624744508, http://localhost:1800/
74155260075949383841988739551624744508, 251504558788066875833468717256383623798 -> a [<ul class="list-unstyled text-sm mb-4 pricing-feature-list", 228771276039173837728146106788849751162, http://localhost:1800/subscribe?product=self-hosted
228771276039173837728146106788849751162, 254223092764667133638200428295916035974 -> a [<span class="ti-lock", 87146791327486712657049173240993873874, http://localhost:1800/subscribe?product=self-hosted
87146791327486712657049173240993873874, 213786466674511586446221676810385570193 -> button [<span class="MuiButton-startIcon MuiButton-iconSizeMedium css-6xugel", 184202459109036714032077503481882920509, http://localhost:1800/subscribe?product=self-hosted
74155260075949383841988739551624744508, None, 74155260075949383841988739551624744508, http://localhost:1800/
74155260075949383841988739551624744508, 42781586748898556957319857378680623162 -> a []{'href': '/subscribe?product=self-hosted', 'style': 'color:unset'}, 74155260075949383841988739551624744508, http://localhost:1800/
74155260075949383841988739551624744508, None, 74155260075949383841988739551624744508, http://localhost:1800/
74155260075949383841988739551624744508, None, 74155260075949383841988739551624744508, http://localhost:1800/
74155260075949383841988739551624744508, None, 74155260075949383841988739551624744508, http://localhost:1800/
74155260075949383841988739551624744508, 77722075193502781211253785020892441640 -> a []{'href': '/login', 'style': 'color:unset'}, 74155260075949383841988739551624744508, http://localhost:1800/
74155260075949383841988739551624744508, 335177995277185720436677424941113667172 -> a ['Private Sessions']{'href': '#'}, 31358316778550977529786788011359927828, http://localhost:1800/#
31358316778550977529786788011359927828, 264323178795734057221956673756651836778 -> a ['here']{'target': '_blank', 'href': 'https://www.retrospected.com/subscribe?product=self-hosted', 'rel': 'noreferrer'}, 31358316778550977529786788011359927828, http://localhost:1800/#
31358316778550977529786788011359927828, 266290469012312326683711838841638666372 -> button [<svg aria-hidden="true" class="MuiSvgIcon-root MuiSvgIcon-fontSizeMedium css-vubbuv" data-testid="HomeOutlinedIcon" focusable="false" viewbox="0 0 24 24", 31358316778550977529786788011359927828, http://localhost:1800/#
31358316778550977529786788011359927828, 131498267285019480364075027932691640882 -> a []{'href': '/subscribe?product=unlimited', 'style': 'color:unset'}, 74155260075949383841988739551624744508, http://localhost:1800/
74155260075949383841988739551624744508, 44226831132642797030845329423154588134 -> a ['Simplified Self-Hosting']{'href': '#'}, 31358316778550977529786788011359927828, http://localhost:1800/#
74155260075949383841988739551624744508, None, 74155260075949383841988739551624744508, http://localhost:1800/
74155260075949383841988739551624744508, None, 74155260075949383841988739551624744508, http://localhost:1800/
74155260075949383841988739551624744508, 96209764409702934583100429439126582709 -> a [<span class="ti-check-box", 74155260075949383841988739551624744508, http://localhost:1800/
74155260075949383841988739551624744508, 126897143971849504177287452962379115636 -> a [<span class="ti-crown", 74921026783633498634010030204556921178, http://localhost:1800/
74921026783633498634010030204556921178, 44226831132642797030845329423154588134 -> a ['Simplified Self-Hosting']{'href': '#'}, 29092016549864325000952047354909891089, http://localhost:1800/#
74155260075949383841988739551624744508, None, 74155260075949383841988739551624744508, http://localhost:1800/
74155260075949383841988739551624744508, None, 74155260075949383841988739551624744508, http://localhost:1800/
74155260075949383841988739551624744508, None, 74155260075949383841988739551624744508, http://localhost:1800/
74155260075949383841988739551624744508, None, 74155260075949383841988739551624744508, http://localhost:1800/
74155260075949383841988739551624744508, 243157659132187107739887812339775519703 -> a ['support@retrospected.com']{'href': 'mailto:support@retrospected.com'}, 74155260075949383841988739551624744508, http://localhost:1800/
74155260075949383841988739551624744508, None, 74155260075949383841988739551624744508, http://localhost:1800/
74155260075949383841988739551624744508, 335177995277185720436677424941113667172 -> a ['Private Sessions']{'href': '#'}, 31358316778550977529786788011359927828, http://localhost:1800/#
31358316778550977529786788011359927828, 266290469012312326683711838841638666372 -> button [<svg aria-hidden="true" class="MuiSvgIcon-root MuiSvgIcon-fontSizeMedium css-vubbuv" data-testid="HomeOutlinedIcon" focusable="false" viewbox="0 0 24 24", 31358316778550977529786788011359927828, http://localhost:1800/#
74155260075949383841988739551624744508, None, 74155260075949383841988739551624744508, http://localhost:1800/
74155260075949383841988739551624744508, None, 74155260075949383841988739551624744508, http://localhost:1800/
74155260075949383841988739551624744508, 254223092764667133638200428295916035974 -> a [<span class="ti-lock", 74155260075949383841988739551624744508, http://localhost:1800/
74155260075949383841988739551624744508, 322294491624679672579461493340971535867 -> a ['Accounts Federation']{'href': '#'}, 74155260075949383841988739551624744508, http://localhost:1800/
74155260075949383841988739551624744508, 322294491624679672579461493340971535867 -> a ['Accounts Federation']{'href': '#'}, 31358316778550977529786788011359927828, http://localhost:1800/#
31358316778550977529786788011359927828, 254223092764667133638200428295916035974 -> a [<span class="ti-lock", 98951389206994023167960179296979532349, http://localhost:1800/#
74155260075949383841988739551624744508, None, 74155260075949383841988739551624744508, http://localhost:1800/
74155260075949383841988739551624744508, 43049699877994183524356976929040969917 -> button [<svg aria-hidden="true" class="MuiSvgIcon-root MuiSvgIcon-fontSizeMedium css-vubbuv" data-testid="MenuIcon" focusable="false" viewbox="0 0 24 24", 74155260075949383841988739551624744508, http://localhost:1800/
74155260075949383841988739551624744508, 79180041108667617502135449277787658601 -> a ['Private Sessions']{'href': 'https://docs.retrospected.com/docs/features/private-sessions', 'target': '_blank', 'class': 'css-1xvmz6m'}, 74155260075949383841988739551624744508, http://localhost:1800/
74155260075949383841988739551624744508, 206135397846945457121200555401346790746 -> a ['Acceptable Use Policy']{'href': 'https://www.websitepolicies.com/policies/view/fbk00C8V'}, 53001836708889168110486417502347157350, http://localhost:1800/cookies
53001836708889168110486417502347157350, 173297775383513045605497961556937564540 -> a ['Terms & Conditions']{'class': 'MuiTypography-rootMuiTypography-inheritMuiLink-rootMuiLink-underlineAlwayscss-1golevx', 'href': '/terms'}, 16287916311819740013953362095757646892, http://localhost:1800/terms
16287916311819740013953362095757646892, 213786466674511586446221676810385570193 -> button [<span class="MuiButton-startIcon MuiButton-iconSizeMedium css-6xugel", 205483498928924921976181205885320984331, http://localhost:1800/terms
205483498928924921976181205885320984331, 173297775383513045605497961556937564540 -> a ['Terms & Conditions']{'class': 'MuiTypography-rootMuiTypography-inheritMuiLink-rootMuiLink-underlineAlwayscss-1golevx', 'href': '/terms'}, 205483498928924921976181205885320984331, http://localhost:1800/terms
205483498928924921976181205885320984331, 264323178795734057221956673756651836778 -> a ['here']{'target': '_blank', 'href': 'https://www.retrospected.com/subscribe?product=self-hosted', 'rel': 'noreferrer'}, 205483498928924921976181205885320984331, http://localhost:1800/terms
74155260075949383841988739551624744508, None, 74155260075949383841988739551624744508, http://localhost:1800/
74155260075949383841988739551624744508, 335177995277185720436677424941113667172 -> a ['Private Sessions']{'href': '#'}, 31358316778550977529786788011359927828, http://localhost:1800/#
74155260075949383841988739551624744508, None, 74155260075949383841988739551624744508, http://localhost:1800/
74155260075949383841988739551624744508, 294408008975193969872912268871713931036 -> a [<span class="ti-wand", 134889261547027000173533848097898943919, http://localhost:1800/
74155260075949383841988739551624744508, None, 74155260075949383841988739551624744508, http://localhost:1800/
74155260075949383841988739551624744508, None, 74155260075949383841988739551624744508, http://localhost:1800/
74155260075949383841988739551624744508, 230313313312885264188619318999131343590 -> a ['Contact us']{'href': 'mailto:support@retrospected.com', 'class': 'color-secondary'}, 74155260075949383841988739551624744508, http://localhost:1800/
74155260075949383841988739551624744508, None, 74155260075949383841988739551624744508, http://localhost:1800/
74155260075949383841988739551624744508, 322294491624679672579461493340971535867 -> a ['Accounts Federation']{'href': '#'}, 31358316778550977529786788011359927828, http://localhost:1800/#
31358316778550977529786788011359927828, 213786466674511586446221676810385570193 -> button [<span class="MuiButton-startIcon MuiButton-iconSizeMedium css-6xugel", 143071889150884705634205232230842087196, http://localhost:1800/#
143071889150884705634205232230842087196, 42781586748898556957319857378680623162 -> a []{'href': '/subscribe?product=self-hosted', 'style': 'color:unset'}, 143071889150884705634205232230842087196, http://localhost:1800/#
143071889150884705634205232230842087196, 182999676787019650696720490352237005627 -> a ['Privacy Policy']{'href': 'https://www.websitepolicies.com/policies/view/RdPWodZ5'}, 31358316778550977529786788011359927828, http://localhost:1800/#
31358316778550977529786788011359927828, 131498267285019480364075027932691640882 -> a []{'href': '/subscribe?product=unlimited', 'style': 'color:unset'}, 31358316778550977529786788011359927828, http://localhost:1800/#
31358316778550977529786788011359927828, 335177995277185720436677424941113667172 -> a ['Private Sessions']{'href': '#'}, 31358316778550977529786788011359927828, http://localhost:1800/#
31358316778550977529786788011359927828, 266290469012312326683711838841638666372 -> button [<svg aria-hidden="true" class="MuiSvgIcon-root MuiSvgIcon-fontSizeMedium css-vubbuv" data-testid="HomeOutlinedIcon" focusable="false" viewbox="0 0 24 24", 31358316778550977529786788011359927828, http://localhost:1800/#
31358316778550977529786788011359927828, 77722075193502781211253785020892441640 -> a []{'href': '/login', 'style': 'color:unset'}, 74155260075949383841988739551624744508, http://localhost:1800/
74155260075949383841988739551624744508, None, 74155260075949383841988739551624744508, http://localhost:1800/
74155260075949383841988739551624744508, None, 74155260075949383841988739551624744508, http://localhost:1800/
74155260075949383841988739551624744508, 220230489951247748324856720139661540476 -> a ['amazing documentation']{'target': '_blank', 'href': 'https://docs.retrospected.com/docs/self-hosting/quick-start'}, 74155260075949383841988739551624744508, http://localhost:1800/
74155260075949383841988739551624744508, None, 74155260075949383841988739551624744508, http://localhost:1800/
74155260075949383841988739551624744508, None, 74155260075949383841988739551624744508, http://localhost:1800/
74155260075949383841988739551624744508, None, 74155260075949383841988739551624744508, http://localhost:1800/
74155260075949383841988739551624744508, 96209764409702934583100429439126582709 -> a [<span class="ti-check-box", 74155260075949383841988739551624744508, http://localhost:1800/
74155260075949383841988739551624744508, 294408008975193969872912268871713931036 -> a [<span class="ti-wand", 134889261547027000173533848097898943919, http://localhost:1800/
134889261547027000173533848097898943919, 198330988671355682266587899514732098117 -> a []{'href': '/subscribe?product=team', 'style': 'color:unset'}, 134889261547027000173533848097898943919, http://localhost:1800/
74155260075949383841988739551624744508, None, 74155260075949383841988739551624744508, http://localhost:1800/
74155260075949383841988739551624744508, 96209764409702934583100429439126582709 -> a [<span class="ti-check-box", 74155260075949383841988739551624744508, http://localhost:1800/
74155260075949383841988739551624744508, None, 74155260075949383841988739551624744508, http://localhost:1800/
74155260075949383841988739551624744508, None, 74155260075949383841988739551624744508, http://localhost:1800/
74155260075949383841988739551624744508, 43049699877994183524356976929040969917 -> button [<svg aria-hidden="true" class="MuiSvgIcon-root MuiSvgIcon-fontSizeMedium css-vubbuv" data-testid="MenuIcon" focusable="false" viewbox="0 0 24 24", 74155260075949383841988739551624744508, http://localhost:1800/
74155260075949383841988739551624744508, 65769010501177322495838844162606565210 -> a ['Self Hosting']{'href': 'https://docs.retrospected.com/docs/self-hosting/quick-start', 'target': '_blank', 'class': 'css-1xvmz6m'}, 74155260075949383841988739551624744508, http://localhost:1800/
74155260075949383841988739551624744508, 335177995277185720436677424941113667172 -> a ['Private Sessions']{'href': '#'}, 74155260075949383841988739551624744508, http://localhost:1800/
74155260075949383841988739551624744508, None, 74155260075949383841988739551624744508, http://localhost:1800/
74155260075949383841988739551624744508, None, 74155260075949383841988739551624744508, http://localhost:1800/
74155260075949383841988739551624744508, 198330988671355682266587899514732098117 -> a []{'href': '/subscribe?product=team', 'style': 'color:unset'}, 74155260075949383841988739551624744508, http://localhost:1800/
74155260075949383841988739551624744508, None, 74155260075949383841988739551624744508, http://localhost:1800/
74155260075949383841988739551624744508, None, 74155260075949383841988739551624744508, http://localhost:1800/
74155260075949383841988739551624744508, None, 74155260075949383841988739551624744508, http://localhost:1800/
74155260075949383841988739551624744508, 254223092764667133638200428295916035974 -> a [<span class="ti-lock", 74155260075949383841988739551624744508, http://localhost:1800/
74155260075949383841988739551624744508, 322294491624679672579461493340971535867 -> a ['Accounts Federation']{'href': '#'}, 74155260075949383841988739551624744508, http://localhost:1800/
74155260075949383841988739551624744508, 223198739654013518621001174651680560209 -> a [<div class="pt-4", 228771276039173837728146106788849751162, http://localhost:1800/subscribe?product=self-hosted
228771276039173837728146106788849751162, 96209764409702934583100429439126582709 -> a [<span class="ti-check-box", 27847551656057319578966548838417193559, http://localhost:1800/subscribe?product=self-hosted
27847551656057319578966548838417193559, 65769010501177322495838844162606565210 -> a ['Self Hosting']{'href': 'https://docs.retrospected.com/docs/self-hosting/quick-start', 'target': '_blank', 'class': 'css-1xvmz6m'}, 27847551656057319578966548838417193559, http://localhost:1800/subscribe?product=self-hosted
74155260075949383841988739551624744508, None, 74155260075949383841988739551624744508, http://localhost:1800/
74155260075949383841988739551624744508, None, 74155260075949383841988739551624744508, http://localhost:1800/
74155260075949383841988739551624744508, 294408008975193969872912268871713931036 -> a [<span class="ti-wand", 134889261547027000173533848097898943919, http://localhost:1800/
74155260075949383841988739551624744508, None, 74155260075949383841988739551624744508, http://localhost:1800/
74155260075949383841988739551624744508, 243157659132187107739887812339775519703 -> a ['support@retrospected.com']{'href': 'mailto:support@retrospected.com'}, 74155260075949383841988739551624744508, http://localhost:1800/
74155260075949383841988739551624744508, None, 74155260075949383841988739551624744508, http://localhost:1800/
74155260075949383841988739551624744508, 77722075193502781211253785020892441640 -> a []{'href': '/login', 'style': 'color:unset'}, 74155260075949383841988739551624744508, http://localhost:1800/
74155260075949383841988739551624744508, None, 74155260075949383841988739551624744508, http://localhost:1800/
74155260075949383841988739551624744508, 230313313312885264188619318999131343590 -> a ['Contact us']{'href': 'mailto:support@retrospected.com', 'class': 'color-secondary'}, 74155260075949383841988739551624744508, http://localhost:1800/
74155260075949383841988739551624744508, 335177995277185720436677424941113667172 -> a ['Private Sessions']{'href': '#'}, 31358316778550977529786788011359927828, http://localhost:1800/#
31358316778550977529786788011359927828, 44226831132642797030845329423154588134 -> a ['Simplified Self-Hosting']{'href': '#'}, 31358316778550977529786788011359927828, http://localhost:1800/#
31358316778550977529786788011359927828, 243157659132187107739887812339775519703 -> a ['support@retrospected.com']{'href': 'mailto:support@retrospected.com'}, 31358316778550977529786788011359927828, http://localhost:1800/#
74155260075949383841988739551624744508, None, 74155260075949383841988739551624744508, http://localhost:1800/
74155260075949383841988739551624744508, None, 74155260075949383841988739551624744508, http://localhost:1800/
74155260075949383841988739551624744508, None, 74155260075949383841988739551624744508, http://localhost:1800/
74155260075949383841988739551624744508, None, 74155260075949383841988739551624744508, http://localhost:1800/
74155260075949383841988739551624744508, 326260989328514412703228462752826086408 -> a ['contact us']{'href': 'mailto:support@retrospected.com'}, 74155260075949383841988739551624744508, http://localhost:1800/
74155260075949383841988739551624744508, 126897143971849504177287452962379115636 -> a [<span class="ti-crown", 74921026783633498634010030204556921178, http://localhost:1800/
74921026783633498634010030204556921178, 220230489951247748324856720139661540476 -> a ['amazing documentation']{'target': '_blank', 'href': 'https://docs.retrospected.com/docs/self-hosting/quick-start'}, 74921026783633498634010030204556921178, http://localhost:1800/
74921026783633498634010030204556921178, 322294491624679672579461493340971535867 -> a ['Accounts Federation']{'href': '#'}, 29092016549864325000952047354909891089, http://localhost:1800/#
74155260075949383841988739551624744508, None, 74155260075949383841988739551624744508, http://localhost:1800/
74155260075949383841988739551624744508, 294408008975193969872912268871713931036 -> a [<span class="ti-wand", 134889261547027000173533848097898943919, http://localhost:1800/
74155260075949383841988739551624744508, None, 74155260075949383841988739551624744508, http://localhost:1800/
74155260075949383841988739551624744508, 213786466674511586446221676810385570193 -> button [<span class="MuiButton-startIcon MuiButton-iconSizeMedium css-6xugel", 199222071360682078865197807318038347473, http://localhost:1800/
199222071360682078865197807318038347473, 271300417513165784100724408305820393637 -> a ['Login']{'href': '/login', 'class': 'btnoutline-btnmb-3'}, 199222071360682078865197807318038347473, http://localhost:1800/
199222071360682078865197807318038347473, 223198739654013518621001174651680560209 -> a [<div class="pt-4", 199222071360682078865197807318038347473, http://localhost:1800/
199222071360682078865197807318038347473, 241834424327382346987432935799321988837 -> a [<span class="ti-twitter", 199222071360682078865197807318038347473, http://localhost:1800/
199222071360682078865197807318038347473, 302515116903307686490089882789802233567 -> a [<div class="pt-4", 199222071360682078865197807318038347473, http://localhost:1800/
199222071360682078865197807318038347473, 131784919546027810657093922306497179200 -> a ['Terms & Conditions']{'href': 'https://www.websitepolicies.com/policies/view/hdru1dWL'}, 199222071360682078865197807318038347473, http://localhost:1800/
199222071360682078865197807318038347473, 213786466674511586446221676810385570193 -> button [<span class="MuiButton-startIcon MuiButton-iconSizeMedium css-6xugel", 74155260075949383841988739551624744508, http://localhost:1800/
74155260075949383841988739551624744508, None, 74155260075949383841988739551624744508, http://localhost:1800/
74155260075949383841988739551624744508, 254223092764667133638200428295916035974 -> a [<span class="ti-lock", 74155260075949383841988739551624744508, http://localhost:1800/
74155260075949383841988739551624744508, 322294491624679672579461493340971535867 -> a ['Accounts Federation']{'href': '#'}, 74155260075949383841988739551624744508, http://localhost:1800/
74155260075949383841988739551624744508, 326260989328514412703228462752826086408 -> a ['contact us']{'href': 'mailto:support@retrospected.com'}, 74155260075949383841988739551624744508, http://localhost:1800/
74155260075949383841988739551624744508, 294408008975193969872912268871713931036 -> a [<span class="ti-wand", 134889261547027000173533848097898943919, http://localhost:1800/
134889261547027000173533848097898943919, 206164577955608859182796379325284454987 -> a [<span class="ti-check-box", 61832822962638269947097031219656062189, http://localhost:1800/
