74155260075949383841988739551624744508, None, 74155260075949383841988739551624744508, http://localhost:1800/
74155260075949383841988739551624744508, None, 74155260075949383841988739551624744508, http://localhost:1800/
74155260075949383841988739551624744508, 230313313312885264188619318999131343590 -> a ['Contact us']{'href': 'mailto:support@retrospected.com', 'class': 'color-secondary'}, 74155260075949383841988739551624744508, http://localhost:1800/
74155260075949383841988739551624744508, 131498267285019480364075027932691640882 -> a []{'href': '/subscribe?product=unlimited', 'style': 'color:unset'}, 74155260075949383841988739551624744508, http://localhost:1800/
74155260075949383841988739551624744508, None, 74155260075949383841988739551624744508, http://localhost:1800/
74155260075949383841988739551624744508, None, 74155260075949383841988739551624744508, http://localhost:1800/
74155260075949383841988739551624744508, None, 74155260075949383841988739551624744508, http://localhost:1800/
74155260075949383841988739551624744508, None, 74155260075949383841988739551624744508, http://localhost:1800/
74155260075949383841988739551624744508, None, 74155260075949383841988739551624744508, http://localhost:1800/
74155260075949383841988739551624744508, None, 74155260075949383841988739551624744508, http://localhost:1800/
74155260075949383841988739551624744508, 126897143971849504177287452962379115636 -> a [<span class="ti-crown", 74921026783633498634010030204556921178, http://localhost:1800/
74155260075949383841988739551624744508, None, 74155260075949383841988739551624744508, http://localhost:1800/
74155260075949383841988739551624744508, 322294491624679672579461493340971535867 -> a ['Accounts Federation']{'href': '#'}, 31358316778550977529786788011359927828, http://localhost:1800/#
74155260075949383841988739551624744508, None, 74155260075949383841988739551624744508, http://localhost:1800/
74155260075949383841988739551624744508, 44226831132642797030845329423154588134 -> a ['Simplified Self-Hosting']{'href': '#'}, 31358316778550977529786788011359927828, http://localhost:1800/#
31358316778550977529786788011359927828, 220230489951247748324856720139661540476 -> a ['amazing documentation']{'target': '_blank', 'href': 'https://docs.retrospected.com/docs/self-hosting/quick-start'}, 31358316778550977529786788011359927828, http://localhost:1800/#
74155260075949383841988739551624744508, None, 74155260075949383841988739551624744508, http://localhost:1800/
74155260075949383841988739551624744508, None, 74155260075949383841988739551624744508, http://localhost:1800/
74155260075949383841988739551624744508, None, 74155260075949383841988739551624744508, http://localhost:1800/
74155260075949383841988739551624744508, None, 74155260075949383841988739551624744508, http://localhost:1800/
74155260075949383841988739551624744508, None, 74155260075949383841988739551624744508, http://localhost:1800/
74155260075949383841988739551624744508, 294408008975193969872912268871713931036 -> a [<span class="ti-wand", 134889261547027000173533848097898943919, http://localhost:1800/
74155260075949383841988739551624744508, None, 74155260075949383841988739551624744508, http://localhost:1800/
74155260075949383841988739551624744508, None, 74155260075949383841988739551624744508, http://localhost:1800/
74155260075949383841988739551624744508, None, 74155260075949383841988739551624744508, http://localhost:1800/
74155260075949383841988739551624744508, None, 74155260075949383841988739551624744508, http://localhost:1800/
74155260075949383841988739551624744508, 213786466674511586446221676810385570193 -> button [<span class="MuiButton-startIcon MuiButton-iconSizeMedium css-6xugel", 199222071360682078865197807318038347473, http://localhost:1800/
199222071360682078865197807318038347473, 220230489951247748324856720139661540476 -> a ['amazing documentation']{'target': '_blank', 'href': 'https://docs.retrospected.com/docs/self-hosting/quick-start'}, 199222071360682078865197807318038347473, http://localhost:1800/
199222071360682078865197807318038347473, 87815277028660565207758178488276055881 -> button ['Anonymous Login', <span class="MuiTouchRipple-root css-w0pj6f", 74155260075949383841988739551624744508, http://localhost:1800/
74155260075949383841988739551624744508, 43049699877994183524356976929040969917 -> button [<svg aria-hidden="true" class="MuiSvgIcon-root MuiSvgIcon-fontSizeMedium css-vubbuv" data-testid="MenuIcon" focusable="false" viewbox="0 0 24 24", 74155260075949383841988739551624744508, http://localhost:1800/
74155260075949383841988739551624744508, 335177995277185720436677424941113667172 -> a ['Private Sessions']{'href': '#'}, 31358316778550977529786788011359927828, http://localhost:1800/#
31358316778550977529786788011359927828, 241834424327382346987432935799321988837 -> a [<span class="ti-twitter", 31358316778550977529786788011359927828, http://localhost:1800/#
31358316778550977529786788011359927828, 44226831132642797030845329423154588134 -> a ['Simplified Self-Hosting']{'href': '#'}, 31358316778550977529786788011359927828, http://localhost:1800/#
31358316778550977529786788011359927828, 131498267285019480364075027932691640882 -> a []{'href': '/subscribe?product=unlimited', 'style': 'color:unset'}, 31358316778550977529786788011359927828, http://localhost:1800/#
74155260075949383841988739551624744508, None, 74155260075949383841988739551624744508, http://localhost:1800/
74155260075949383841988739551624744508, 294408008975193969872912268871713931036 -> a [<span class="ti-wand", 134889261547027000173533848097898943919, http://localhost:1800/
74155260075949383841988739551624744508, None, 74155260075949383841988739551624744508, http://localhost:1800/
74155260075949383841988739551624744508, None, 74155260075949383841988739551624744508, http://localhost:1800/
74155260075949383841988739551624744508, None, 74155260075949383841988739551624744508, http://localhost:1800/
74155260075949383841988739551624744508, 126897143971849504177287452962379115636 -> a [<span class="ti-crown", 74921026783633498634010030204556921178, http://localhost:1800/
74921026783633498634010030204556921178, 198330988671355682266587899514732098117 -> a []{'href': '/subscribe?product=team', 'style': 'color:unset'}, 74921026783633498634010030204556921178, http://localhost:1800/
74921026783633498634010030204556921178, 230313313312885264188619318999131343590 -> a ['Contact us']{'href': 'mailto:support@retrospected.com', 'class': 'color-secondary'}, 74921026783633498634010030204556921178, http://localhost:1800/
74155260075949383841988739551624744508, None, 74155260075949383841988739551624744508, http://localhost:1800/
74155260075949383841988739551624744508, None, 74155260075949383841988739551624744508, http://localhost:1800/
74155260075949383841988739551624744508, None, 74155260075949383841988739551624744508, http://localhost:1800/
74155260075949383841988739551624744508, 96209764409702934583100429439126582709 -> a [<span class="ti-check-box", 74155260075949383841988739551624744508, http://localhost:1800/
74155260075949383841988739551624744508, 213786466674511586446221676810385570193 -> button [<span class="MuiButton-startIcon MuiButton-iconSizeMedium css-6xugel", 199222071360682078865197807318038347473, http://localhost:1800/
199222071360682078865197807318038347473, 171732623341340118822743671651694422782 -> a ['docs']{'target': '_blank', 'href': 'https://docs.retrospected.com/docs/self-hosting/quick-start'}, 199222071360682078865197807318038347473, http://localhost:1800/
199222071360682078865197807318038347473, 231932781397952616542666070090653703638 -> a [<div class="pt-4", 199222071360682078865197807318038347473, http://localhost:1800/
199222071360682078865197807318038347473, 77722075193502781211253785020892441640 -> a []{'href': '/login', 'style': 'color:unset'}, 199222071360682078865197807318038347473, http://localhost:1800/
199222071360682078865197807318038347473, 336904364436393438922229249079573760048 -> a ['Not registered? Click here']{'class': 'MuiTypography-rootMuiTypography-inheritMuiLink-rootMuiLink-underlineAlwayscss-1ce2dd9', 'data-cy': 'register'}, 338961504361008889755351455042736195397, http://localhost:1800/
338961504361008889755351455042736195397, 87815277028660565207758178488276055881 -> button ['Anonymous Login', <span class="MuiTouchRipple-root css-w0pj6f", 74155260075949383841988739551624744508, http://localhost:1800/
74155260075949383841988739551624744508, 206135397846945457121200555401346790746 -> a ['Acceptable Use Policy']{'href': 'https://www.websitepolicies.com/policies/view/fbk00C8V'}, 74155260075949383841988739551624744508, http://localhost:1800/
74155260075949383841988739551624744508, None, 74155260075949383841988739551624744508, http://localhost:1800/
74155260075949383841988739551624744508, 126897143971849504177287452962379115636 -> a [<span class="ti-crown", 74921026783633498634010030204556921178, http://localhost:1800/
74921026783633498634010030204556921178, 33882277759036140018466438713772133080 -> a [<span class="ti-crown", 74921026783633498634010030204556921178, http://localhost:1800/
74921026783633498634010030204556921178, 264323178795734057221956673756651836778 -> a ['here']{'target': '_blank', 'href': 'https://www.retrospected.com/subscribe?product=self-hosted', 'rel': 'noreferrer'}, 74921026783633498634010030204556921178, http://localhost:1800/
74921026783633498634010030204556921178, 77722075193502781211253785020892441640 -> a []{'href': '/login', 'style': 'color:unset'}, 74921026783633498634010030204556921178, http://localhost:1800/
74921026783633498634010030204556921178, 77722075193502781211253785020892441640 -> a []{'href': '/login', 'style': 'color:unset'}, 74921026783633498634010030204556921178, http://localhost:1800/
74921026783633498634010030204556921178, 241834424327382346987432935799321988837 -> a [<span class="ti-twitter", 74921026783633498634010030204556921178, http://localhost:1800/
74155260075949383841988739551624744508, None, 74155260075949383841988739551624744508, http://localhost:1800/
74155260075949383841988739551624744508, 42781586748898556957319857378680623162 -> a []{'href': '/subscribe?product=self-hosted', 'style': 'color:unset'}, 74155260075949383841988739551624744508, http://localhost:1800/
74155260075949383841988739551624744508, 294408008975193969872912268871713931036 -> a [<span class="ti-wand", 134889261547027000173533848097898943919, http://localhost:1800/
134889261547027000173533848097898943919, 266290469012312326683711838841638666372 -> button [<svg aria-hidden="true" class="MuiSvgIcon-root MuiSvgIcon-fontSizeMedium css-vubbuv" data-testid="HomeOutlinedIcon" focusable="false" viewbox="0 0 24 24", 134889261547027000173533848097898943919, http://localhost:1800/
74155260075949383841988739551624744508, None, 74155260075949383841988739551624744508, http://localhost:1800/
74155260075949383841988739551624744508, None, 74155260075949383841988739551624744508, http://localhost:1800/
74155260075949383841988739551624744508, 131498267285019480364075027932691640882 -> a []{'href': '/subscribe?product=unlimited', 'style': 'color:unset'}, 74155260075949383841988739551624744508, http://localhost:1800/
74155260075949383841988739551624744508, 44226831132642797030845329423154588134 -> a ['Simplified Self-Hosting']{'href': '#'}, 31358316778550977529786788011359927828, http://localhost:1800/#
31358316778550977529786788011359927828, 335177995277185720436677424941113667172 -> a ['Private Sessions']{'href': '#'}, 31358316778550977529786788011359927828, http://localhost:1800/#
74155260075949383841988739551624744508, None, 74155260075949383841988739551624744508, http://localhost:1800/
74155260075949383841988739551624744508, 44226831132642797030845329423154588134 -> a ['Simplified Self-Hosting']{'href': '#'}, 31358316778550977529786788011359927828, http://localhost:1800/#
31358316778550977529786788011359927828, 266290469012312326683711838841638666372 -> button [<svg aria-hidden="true" class="MuiSvgIcon-root MuiSvgIcon-fontSizeMedium css-vubbuv" data-testid="HomeOutlinedIcon" focusable="false" viewbox="0 0 24 24", 31358316778550977529786788011359927828, http://localhost:1800/#
74155260075949383841988739551624744508, None, 74155260075949383841988739551624744508, http://localhost:1800/
74155260075949383841988739551624744508, 294408008975193969872912268871713931036 -> a [<span class="ti-wand", 134889261547027000173533848097898943919, http://localhost:1800/
134889261547027000173533848097898943919, 213786466674511586446221676810385570193 -> button [<span class="MuiButton-startIcon MuiButton-iconSizeMedium css-6xugel", 180951518629195663205530662775834574378, http://localhost:1800/
180951518629195663205530662775834574378, 87815277028660565207758178488276055881 -> button ['Anonymous Login', <span class="MuiTouchRipple-root css-w0pj6f", 134889261547027000173533848097898943919, http://localhost:1800/
134889261547027000173533848097898943919, 206135397846945457121200555401346790746 -> a ['Acceptable Use Policy']{'href': 'https://www.websitepolicies.com/policies/view/fbk00C8V'}, 134889261547027000173533848097898943919, http://localhost:1800/
74155260075949383841988739551624744508, None, 74155260075949383841988739551624744508, http://localhost:1800/
74155260075949383841988739551624744508, 326260989328514412703228462752826086408 -> a ['contact us']{'href': 'mailto:support@retrospected.com'}, 74155260075949383841988739551624744508, http://localhost:1800/
74155260075949383841988739551624744508, 213786466674511586446221676810385570193 -> button [<span class="MuiButton-startIcon MuiButton-iconSizeMedium css-6xugel", 199222071360682078865197807318038347473, http://localhost:1800/
199222071360682078865197807318038347473, 326260989328514412703228462752826086408 -> a ['contact us']{'href': 'mailto:support@retrospected.com'}, 199222071360682078865197807318038347473, http://localhost:1800/
199222071360682078865197807318038347473, 311139265183187381314120997124831806190 -> a [<ul class="list-unstyled text-sm mb-4 pricing-feature-list", 199222071360682078865197807318038347473, http://localhost:1800/
199222071360682078865197807318038347473, 206324686320906789238065681504732455644 -> a [<ul class="list-unstyled text-sm mb-4 pricing-feature-list", 199222071360682078865197807318038347473, http://localhost:1800/
199222071360682078865197807318038347473, 179158940186001624229635486147771138307 -> a [<div class="pt-4", 199222071360682078865197807318038347473, http://localhost:1800/
199222071360682078865197807318038347473, 294408008975193969872912268871713931036 -> a [<span class="ti-wand", 199222071360682078865197807318038347473, http://localhost:1800/
199222071360682078865197807318038347473, 68465627557326038611256173190836588557 -> a ['Subscribe Now']{'href': '/subscribe?product=team', 'class': 'btnoutline-btnmb-3'}, 199222071360682078865197807318038347473, http://localhost:1800/
74155260075949383841988739551624744508, None, 74155260075949383841988739551624744508, http://localhost:1800/
74155260075949383841988739551624744508, None, 74155260075949383841988739551624744508, http://localhost:1800/
74155260075949383841988739551624744508, 213786466674511586446221676810385570193 -> button [<span class="MuiButton-startIcon MuiButton-iconSizeMedium css-6xugel", 199222071360682078865197807318038347473, http://localhost:1800/
199222071360682078865197807318038347473, 231190292153324487594472440397089282838 -> a ['Forgot your password?']{'class': 'MuiTypography-rootMuiTypography-inheritMuiLink-rootMuiLink-underlineAlwayscss-1ce2dd9', 'data-cy': 'forgot-password'}, 74155260075949383841988739551624744508, http://localhost:1800/
74155260075949383841988739551624744508, 126897143971849504177287452962379115636 -> a [<span class="ti-crown", 74155260075949383841988739551624744508, http://localhost:1800/
74155260075949383841988739551624744508, 322294491624679672579461493340971535867 -> a ['Accounts Federation']{'href': '#'}, 74155260075949383841988739551624744508, http://localhost:1800/
74155260075949383841988739551624744508, 44226831132642797030845329423154588134 -> a ['Simplified Self-Hosting']{'href': '#'}, 74155260075949383841988739551624744508, http://localhost:1800/
74155260075949383841988739551624744508, 44226831132642797030845329423154588134 -> a ['Simplified Self-Hosting']{'href': '#'}, 74155260075949383841988739551624744508, http://localhost:1800/
74155260075949383841988739551624744508, 251504558788066875833468717256383623798 -> a [<ul class="list-unstyled text-sm mb-4 pricing-feature-list", 74155260075949383841988739551624744508, http://localhost:1800/
74155260075949383841988739551624744508, 68465627557326038611256173190836588557 -> a ['Subscribe Now']{'href': '/subscribe?product=team', 'class': 'btnoutline-btnmb-3'}, 74155260075949383841988739551624744508, http://localhost:1800/
74155260075949383841988739551624744508, None, 74155260075949383841988739551624744508, http://localhost:1800/
74155260075949383841988739551624744508, None, 74155260075949383841988739551624744508, http://localhost:1800/
74155260075949383841988739551624744508, None, 74155260075949383841988739551624744508, http://localhost:1800/
74155260075949383841988739551624744508, None, 74155260075949383841988739551624744508, http://localhost:1800/
74155260075949383841988739551624744508, None, 74155260075949383841988739551624744508, http://localhost:1800/
74155260075949383841988739551624744508, 254223092764667133638200428295916035974 -> a [<span class="ti-lock", 312035304379938343747989387892194858733, http://localhost:1800/
312035304379938343747989387892194858733, 266290469012312326683711838841638666372 -> button [<svg aria-hidden="true" class="MuiSvgIcon-root MuiSvgIcon-fontSizeMedium css-vubbuv" data-testid="HomeOutlinedIcon" focusable="false" viewbox="0 0 24 24", 312035304379938343747989387892194858733, http://localhost:1800/
312035304379938343747989387892194858733, 198330988671355682266587899514732098117 -> a []{'href': '/subscribe?product=team', 'style': 'color:unset'}, 312035304379938343747989387892194858733, http://localhost:1800/
312035304379938343747989387892194858733, 198330988671355682266587899514732098117 -> a []{'href': '/subscribe?product=team', 'style': 'color:unset'}, 312035304379938343747989387892194858733, http://localhost:1800/
74155260075949383841988739551624744508, None, 74155260075949383841988739551624744508, http://localhost:1800/
74155260075949383841988739551624744508, None, 74155260075949383841988739551624744508, http://localhost:1800/
74155260075949383841988739551624744508, 294408008975193969872912268871713931036 -> a [<span class="ti-wand", 134889261547027000173533848097898943919, http://localhost:1800/
74155260075949383841988739551624744508, None, 74155260075949383841988739551624744508, http://localhost:1800/
74155260075949383841988739551624744508, 171732623341340118822743671651694422782 -> a ['docs']{'target': '_blank', 'href': 'https://docs.retrospected.com/docs/self-hosting/quick-start'}, 74155260075949383841988739551624744508, http://localhost:1800/
74155260075949383841988739551624744508, 254223092764667133638200428295916035974 -> a [<span class="ti-lock", 312035304379938343747989387892194858733, http://localhost:1800/
74155260075949383841988739551624744508, None, 74155260075949383841988739551624744508, http://localhost:1800/
74155260075949383841988739551624744508, 220230489951247748324856720139661540476 -> a ['amazing documentation']{'target': '_blank', 'href': 'https://docs.retrospected.com/docs/self-hosting/quick-start'}, 74155260075949383841988739551624744508, http://localhost:1800/
74155260075949383841988739551624744508, 294408008975193969872912268871713931036 -> a [<span class="ti-wand", 134889261547027000173533848097898943919, http://localhost:1800/
134889261547027000173533848097898943919, 42781586748898556957319857378680623162 -> a []{'href': '/subscribe?product=self-hosted', 'style': 'color:unset'}, 134889261547027000173533848097898943919, http://localhost:1800/
74155260075949383841988739551624744508, None, 74155260075949383841988739551624744508, http://localhost:1800/
74155260075949383841988739551624744508, None, 74155260075949383841988739551624744508, http://localhost:1800/
74155260075949383841988739551624744508, 171732623341340118822743671651694422782 -> a ['docs']{'target': '_blank', 'href': 'https://docs.retrospected.com/docs/self-hosting/quick-start'}, 74155260075949383841988739551624744508, http://localhost:1800/
74155260075949383841988739551624744508, 198330988671355682266587899514732098117 -> a []{'href': '/subscribe?product=team', 'style': 'color:unset'}, 74155260075949383841988739551624744508, http://localhost:1800/
74155260075949383841988739551624744508, 171732623341340118822743671651694422782 -> a ['docs']{'target': '_blank', 'href': 'https://docs.retrospected.com/docs/self-hosting/quick-start'}, 74155260075949383841988739551624744508, http://localhost:1800/
74155260075949383841988739551624744508, 44226831132642797030845329423154588134 -> a ['Simplified Self-Hosting']{'href': '#'}, 31358316778550977529786788011359927828, http://localhost:1800/#
31358316778550977529786788011359927828, 43049699877994183524356976929040969917 -> button [<svg aria-hidden="true" class="MuiSvgIcon-root MuiSvgIcon-fontSizeMedium css-vubbuv" data-testid="MenuIcon" focusable="false" viewbox="0 0 24 24", 31358316778550977529786788011359927828, http://localhost:1800/#
31358316778550977529786788011359927828, 68465627557326038611256173190836588557 -> a ['Subscribe Now']{'href': '/subscribe?product=team', 'class': 'btnoutline-btnmb-3'}, 31358316778550977529786788011359927828, http://localhost:1800/#
31358316778550977529786788011359927828, 326260989328514412703228462752826086408 -> a ['contact us']{'href': 'mailto:support@retrospected.com'}, 31358316778550977529786788011359927828, http://localhost:1800/#
74155260075949383841988739551624744508, None, 74155260075949383841988739551624744508, http://localhost:1800/
74155260075949383841988739551624744508, None, 74155260075949383841988739551624744508, http://localhost:1800/
74155260075949383841988739551624744508, None, 74155260075949383841988739551624744508, http://localhost:1800/
74155260075949383841988739551624744508, 220230489951247748324856720139661540476 -> a ['amazing documentation']{'target': '_blank', 'href': 'https://docs.retrospected.com/docs/self-hosting/quick-start'}, 74155260075949383841988739551624744508, http://localhost:1800/
74155260075949383841988739551624744508, 335177995277185720436677424941113667172 -> a ['Private Sessions']{'href': '#'}, 31358316778550977529786788011359927828, http://localhost:1800/#
74155260075949383841988739551624744508, None, 74155260075949383841988739551624744508, http://localhost:1800/
74155260075949383841988739551624744508, 294408008975193969872912268871713931036 -> a [<span class="ti-wand", 134889261547027000173533848097898943919, http://localhost:1800/
134889261547027000173533848097898943919, 126897143971849504177287452962379115636 -> a [<span class="ti-crown", 74921026783633498634010030204556921178, http://localhost:1800/
74921026783633498634010030204556921178, 213786466674511586446221676810385570193 -> button [<span class="MuiButton-startIcon MuiButton-iconSizeMedium css-6xugel", 298747045942796874016010061655693482151, http://localhost:1800/
298747045942796874016010061655693482151, 68465627557326038611256173190836588557 -> a ['Subscribe Now']{'href': '/subscribe?product=team', 'class': 'btnoutline-btnmb-3'}, 298747045942796874016010061655693482151, http://localhost:1800/
298747045942796874016010061655693482151, 129577701741696671623444447879599158794 -> a ['Subscribe Now']{'href': '/subscribe?product=unlimited', 'class': 'btnsolid-btnmb-3'}, 298747045942796874016010061655693482151, http://localhost:1800/
298747045942796874016010061655693482151, 206164577955608859182796379325284454987 -> a [<span class="ti-check-box", 298747045942796874016010061655693482151, http://localhost:1800/
298747045942796874016010061655693482151, 220230489951247748324856720139661540476 -> a ['amazing documentation']{'target': '_blank', 'href': 'https://docs.retrospected.com/docs/self-hosting/quick-start'}, 298747045942796874016010061655693482151, http://localhost:1800/
298747045942796874016010061655693482151, 131498267285019480364075027932691640882 -> a []{'href': '/subscribe?product=unlimited', 'style': 'color:unset'}, 298747045942796874016010061655693482151, http://localhost:1800/
74155260075949383841988739551624744508, None, 74155260075949383841988739551624744508, http://localhost:1800/
74155260075949383841988739551624744508, 254223092764667133638200428295916035974 -> a [<span class="ti-lock", 312035304379938343747989387892194858733, http://localhost:1800/
312035304379938343747989387892194858733, 171732623341340118822743671651694422782 -> a ['docs']{'target': '_blank', 'href': 'https://docs.retrospected.com/docs/self-hosting/quick-start'}, 312035304379938343747989387892194858733, http://localhost:1800/
74155260075949383841988739551624744508, None, 74155260075949383841988739551624744508, http://localhost:1800/
74155260075949383841988739551624744508, None, 74155260075949383841988739551624744508, http://localhost:1800/
74155260075949383841988739551624744508, 220230489951247748324856720139661540476 -> a ['amazing documentation']{'target': '_blank', 'href': 'https://docs.retrospected.com/docs/self-hosting/quick-start'}, 74155260075949383841988739551624744508, http://localhost:1800/
74155260075949383841988739551624744508, 294408008975193969872912268871713931036 -> a [<span class="ti-wand", 134889261547027000173533848097898943919, http://localhost:1800/
134889261547027000173533848097898943919, 44226831132642797030845329423154588134 -> a ['Simplified Self-Hosting']{'href': '#'}, 64759341743218985906504641236022142956, http://localhost:1800/#
64759341743218985906504641236022142956, 213786466674511586446221676810385570193 -> button [<span class="MuiButton-startIcon MuiButton-iconSizeMedium css-6xugel", 92119814672078507073266561032626849722, http://localhost:1800/#
92119814672078507073266561032626849722, 254223092764667133638200428295916035974 -> a [<span class="ti-lock", 92119814672078507073266561032626849722, http://localhost:1800/#
92119814672078507073266561032626849722, 77722075193502781211253785020892441640 -> a []{'href': '/login', 'style': 'color:unset'}, 92119814672078507073266561032626849722, http://localhost:1800/#
92119814672078507073266561032626849722, 171732623341340118822743671651694422782 -> a ['docs']{'target': '_blank', 'href': 'https://docs.retrospected.com/docs/self-hosting/quick-start'}, 92119814672078507073266561032626849722, http://localhost:1800/#
92119814672078507073266561032626849722, 64429212886691204927724048806800115504 -> a ['Buy Now']{'href': '/subscribe?product=self-hosted', 'class': 'btnoutline-btnmb-3'}, 92119814672078507073266561032626849722, http://localhost:1800/#
74155260075949383841988739551624744508, None, 74155260075949383841988739551624744508, http://localhost:1800/
74155260075949383841988739551624744508, 96209764409702934583100429439126582709 -> a [<span class="ti-check-box", 74155260075949383841988739551624744508, http://localhost:1800/
74155260075949383841988739551624744508, 213786466674511586446221676810385570193 -> button [<span class="MuiButton-startIcon MuiButton-iconSizeMedium css-6xugel", 199222071360682078865197807318038347473, http://localhost:1800/
199222071360682078865197807318038347473, 88387527390871616532161040866055019454 -> a ['Disclaimer']{'href': 'https://www.websitepolicies.com/policies/view/vDJtzgEo'}, 74155260075949383841988739551624744508, http://localhost:1800/
74155260075949383841988739551624744508, None, 74155260075949383841988739551624744508, http://localhost:1800/
74155260075949383841988739551624744508, None, 74155260075949383841988739551624744508, http://localhost:1800/
74155260075949383841988739551624744508, None, 74155260075949383841988739551624744508, http://localhost:1800/
74155260075949383841988739551624744508, 264323178795734057221956673756651836778 -> a ['here']{'target': '_blank', 'href': 'https://www.retrospected.com/subscribe?product=self-hosted', 'rel': 'noreferrer'}, 74155260075949383841988739551624744508, http://localhost:1800/
74155260075949383841988739551624744508, None, 74155260075949383841988739551624744508, http://localhost:1800/
74155260075949383841988739551624744508, None, 74155260075949383841988739551624744508, http://localhost:1800/
74155260075949383841988739551624744508, 266290469012312326683711838841638666372 -> button [<svg aria-hidden="true" class="MuiSvgIcon-root MuiSvgIcon-fontSizeMedium css-vubbuv" data-testid="HomeOutlinedIcon" focusable="false" viewbox="0 0 24 24", 74155260075949383841988739551624744508, http://localhost:1800/
74155260075949383841988739551624744508, 326260989328514412703228462752826086408 -> a ['contact us']{'href': 'mailto:support@retrospected.com'}, 74155260075949383841988739551624744508, http://localhost:1800/
74155260075949383841988739551624744508, 254223092764667133638200428295916035974 -> a [<span class="ti-lock", 312035304379938343747989387892194858733, http://localhost:1800/
74155260075949383841988739551624744508, None, 74155260075949383841988739551624744508, http://localhost:1800/
74155260075949383841988739551624744508, 126897143971849504177287452962379115636 -> a [<span class="ti-crown", 74921026783633498634010030204556921178, http://localhost:1800/
74921026783633498634010030204556921178, 44226831132642797030845329423154588134 -> a ['Simplified Self-Hosting']{'href': '#'}, 29092016549864325000952047354909891089, http://localhost:1800/#
29092016549864325000952047354909891089, 322294491624679672579461493340971535867 -> a ['Accounts Federation']{'href': '#'}, 29092016549864325000952047354909891089, http://localhost:1800/#
29092016549864325000952047354909891089, 335177995277185720436677424941113667172 -> a ['Private Sessions']{'href': '#'}, 29092016549864325000952047354909891089, http://localhost:1800/#
74155260075949383841988739551624744508, None, 74155260075949383841988739551624744508, http://localhost:1800/
74155260075949383841988739551624744508, None, 74155260075949383841988739551624744508, http://localhost:1800/
74155260075949383841988739551624744508, None, 74155260075949383841988739551624744508, http://localhost:1800/
74155260075949383841988739551624744508, 198330988671355682266587899514732098117 -> a []{'href': '/subscribe?product=team', 'style': 'color:unset'}, 74155260075949383841988739551624744508, http://localhost:1800/
74155260075949383841988739551624744508, None, 74155260075949383841988739551624744508, http://localhost:1800/
74155260075949383841988739551624744508, None, 74155260075949383841988739551624744508, http://localhost:1800/
74155260075949383841988739551624744508, 335177995277185720436677424941113667172 -> a ['Private Sessions']{'href': '#'}, 31358316778550977529786788011359927828, http://localhost:1800/#
31358316778550977529786788011359927828, 171732623341340118822743671651694422782 -> a ['docs']{'target': '_blank', 'href': 'https://docs.retrospected.com/docs/self-hosting/quick-start'}, 31358316778550977529786788011359927828, http://localhost:1800/#
74155260075949383841988739551624744508, None, 74155260075949383841988739551624744508, http://localhost:1800/
74155260075949383841988739551624744508, 213786466674511586446221676810385570193 -> button [<span class="MuiButton-startIcon MuiButton-iconSizeMedium css-6xugel", 199222071360682078865197807318038347473, http://localhost:1800/
199222071360682078865197807318038347473, 336904364436393438922229249079573760048 -> a ['Not registered? Click here']{'class': 'MuiTypography-rootMuiTypography-inheritMuiLink-rootMuiLink-underlineAlwayscss-1ce2dd9', 'data-cy': 'register'}, 338961504361008889755351455042736195397, http://localhost:1800/
338961504361008889755351455042736195397, 213786466674511586446221676810385570193 -> button [<span class="MuiButton-startIcon MuiButton-iconSizeMedium css-6xugel", 74155260075949383841988739551624744508, http://localhost:1800/
74155260075949383841988739551624744508, 213786466674511586446221676810385570193 -> button [<span class="MuiButton-startIcon MuiButton-iconSizeMedium css-6xugel", 199222071360682078865197807318038347473, http://localhost:1800/
199222071360682078865197807318038347473, 302515116903307686490089882789802233567 -> a [<div class="pt-4", 338961504361008889755351455042736195397, http://localhost:1800/
338961504361008889755351455042736195397, 206135397846945457121200555401346790746 -> a ['Acceptable Use Policy']{'href': 'https://www.websitepolicies.com/policies/view/fbk00C8V'}, 338961504361008889755351455042736195397, http://localhost:1800/
338961504361008889755351455042736195397, 231190292153324487594472440397089282838 -> a ['Forgot your password?']{'class': 'MuiTypography-rootMuiTypography-inheritMuiLink-rootMuiLink-underlineAlwayscss-1ce2dd9', 'data-cy': 'forgot-password'}, 74155260075949383841988739551624744508, http://localhost:1800/
74155260075949383841988739551624744508, 78932242908634835299640008012596817668 -> a ['Admin Panel']{'href': '/admin'}, 146646727170108793616760864852954672012, http://localhost:1800/admin
74155260075949383841988739551624744508, None, 74155260075949383841988739551624744508, http://localhost:1800/
74155260075949383841988739551624744508, 171732623341340118822743671651694422782 -> a ['docs']{'target': '_blank', 'href': 'https://docs.retrospected.com/docs/self-hosting/quick-start'}, 74155260075949383841988739551624744508, http://localhost:1800/
74155260075949383841988739551624744508, 322294491624679672579461493340971535867 -> a ['Accounts Federation']{'href': '#'}, 31358316778550977529786788011359927828, http://localhost:1800/#
74155260075949383841988739551624744508, None, 74155260075949383841988739551624744508, http://localhost:1800/
74155260075949383841988739551624744508, 126897143971849504177287452962379115636 -> a [<span class="ti-crown", 74921026783633498634010030204556921178, http://localhost:1800/
74921026783633498634010030204556921178, 335177995277185720436677424941113667172 -> a ['Private Sessions']{'href': '#'}, 29092016549864325000952047354909891089, http://localhost:1800/#
29092016549864325000952047354909891089, 335177995277185720436677424941113667172 -> a ['Private Sessions']{'href': '#'}, 29092016549864325000952047354909891089, http://localhost:1800/#
29092016549864325000952047354909891089, 213786466674511586446221676810385570193 -> button [<span class="MuiButton-startIcon MuiButton-iconSizeMedium css-6xugel", 191837058201742308975352392362880013246, http://localhost:1800/#
191837058201742308975352392362880013246, 68465627557326038611256173190836588557 -> a ['Subscribe Now']{'href': '/subscribe?product=team', 'class': 'btnoutline-btnmb-3'}, 191837058201742308975352392362880013246, http://localhost:1800/#
191837058201742308975352392362880013246, 220230489951247748324856720139661540476 -> a ['amazing documentation']{'target': '_blank', 'href': 'https://docs.retrospected.com/docs/self-hosting/quick-start'}, 191837058201742308975352392362880013246, http://localhost:1800/#
191837058201742308975352392362880013246, 43049699877994183524356976929040969917 -> button [<svg aria-hidden="true" class="MuiSvgIcon-root MuiSvgIcon-fontSizeMedium css-vubbuv" data-testid="MenuIcon" focusable="false" viewbox="0 0 24 24", 29092016549864325000952047354909891089, http://localhost:1800/#
29092016549864325000952047354909891089, 335177995277185720436677424941113667172 -> a ['Private Sessions']{'href': '#'}, 29092016549864325000952047354909891089, http://localhost:1800/#
74155260075949383841988739551624744508, None, 74155260075949383841988739551624744508, http://localhost:1800/
74155260075949383841988739551624744508, None, 74155260075949383841988739551624744508, http://localhost:1800/
74155260075949383841988739551624744508, 335177995277185720436677424941113667172 -> a ['Private Sessions']{'href': '#'}, 31358316778550977529786788011359927828, http://localhost:1800/#
74155260075949383841988739551624744508, None, 74155260075949383841988739551624744508, http://localhost:1800/
74155260075949383841988739551624744508, 294408008975193969872912268871713931036 -> a [<span class="ti-wand", 134889261547027000173533848097898943919, http://localhost:1800/
134889261547027000173533848097898943919, 220230489951247748324856720139661540476 -> a ['amazing documentation']{'target': '_blank', 'href': 'https://docs.retrospected.com/docs/self-hosting/quick-start'}, 134889261547027000173533848097898943919, http://localhost:1800/
74155260075949383841988739551624744508, None, 74155260075949383841988739551624744508, http://localhost:1800/
74155260075949383841988739551624744508, 335177995277185720436677424941113667172 -> a ['Private Sessions']{'href': '#'}, 31358316778550977529786788011359927828, http://localhost:1800/#
31358316778550977529786788011359927828, 77722075193502781211253785020892441640 -> a []{'href': '/login', 'style': 'color:unset'}, 31358316778550977529786788011359927828, http://localhost:1800/#
74155260075949383841988739551624744508, None, 74155260075949383841988739551624744508, http://localhost:1800/
74155260075949383841988739551624744508, None, 74155260075949383841988739551624744508, http://localhost:1800/
74155260075949383841988739551624744508, 126897143971849504177287452962379115636 -> a [<span class="ti-crown", 74921026783633498634010030204556921178, http://localhost:1800/
74155260075949383841988739551624744508, None, 74155260075949383841988739551624744508, http://localhost:1800/
74155260075949383841988739551624744508, 96209764409702934583100429439126582709 -> a [<span class="ti-check-box", 74155260075949383841988739551624744508, http://localhost:1800/
74155260075949383841988739551624744508, 126897143971849504177287452962379115636 -> a [<span class="ti-crown", 74921026783633498634010030204556921178, http://localhost:1800/
74155260075949383841988739551624744508, None, 74155260075949383841988739551624744508, http://localhost:1800/
74155260075949383841988739551624744508, 254223092764667133638200428295916035974 -> a [<span class="ti-lock", 312035304379938343747989387892194858733, http://localhost:1800/
74155260075949383841988739551624744508, None, 74155260075949383841988739551624744508, http://localhost:1800/
74155260075949383841988739551624744508, None, 74155260075949383841988739551624744508, http://localhost:1800/
74155260075949383841988739551624744508, None, 74155260075949383841988739551624744508, http://localhost:1800/
74155260075949383841988739551624744508, None, 74155260075949383841988739551624744508, http://localhost:1800/
74155260075949383841988739551624744508, 43049699877994183524356976929040969917 -> button [<svg aria-hidden="true" class="MuiSvgIcon-root MuiSvgIcon-fontSizeMedium css-vubbuv" data-testid="MenuIcon" focusable="false" viewbox="0 0 24 24", 74155260075949383841988739551624744508, http://localhost:1800/
74155260075949383841988739551624744508, 302407674835984036115527615593818868540 -> a ['Privacy policy']{'class': 'MuiTypography-rootMuiTypography-inheritMuiLink-rootMuiLink-underlineAlwayscss-1golevx', 'href': '/privacy'}, 333612761303854170206695694895457027666, http://localhost:1800/privacy
333612761303854170206695694895457027666, 79180041108667617502135449277787658601 -> a ['Private Sessions']{'href': 'https://docs.retrospected.com/docs/features/private-sessions', 'target': '_blank', 'class': 'css-1xvmz6m'}, 333612761303854170206695694895457027666, http://localhost:1800/privacy
333612761303854170206695694895457027666, 43049699877994183524356976929040969917 -> button [<svg aria-hidden="true" class="MuiSvgIcon-root MuiSvgIcon-fontSizeMedium css-vubbuv" data-testid="MenuIcon" focusable="false" viewbox="0 0 24 24", 333612761303854170206695694895457027666, http://localhost:1800/privacy
333612761303854170206695694895457027666, 65769010501177322495838844162606565210 -> a ['Self Hosting']{'href': 'https://docs.retrospected.com/docs/self-hosting/quick-start', 'target': '_blank', 'class': 'css-1xvmz6m'}, 333612761303854170206695694895457027666, http://localhost:1800/privacy
333612761303854170206695694895457027666, 266290469012312326683711838841638666372 -> button [<svg aria-hidden="true" class="MuiSvgIcon-root MuiSvgIcon-fontSizeMedium css-vubbuv" data-testid="HomeOutlinedIcon" focusable="false" viewbox="0 0 24 24", 333612761303854170206695694895457027666, http://localhost:1800/privacy
333612761303854170206695694895457027666, 264323178795734057221956673756651836778 -> a ['here']{'target': '_blank', 'href': 'https://www.retrospected.com/subscribe?product=self-hosted', 'rel': 'noreferrer'}, 145684184861941360113711481874690764128, http://localhost:1800/privacy
145684184861941360113711481874690764128, 266290469012312326683711838841638666372 -> button [<svg aria-hidden="true" class="MuiSvgIcon-root MuiSvgIcon-fontSizeMedium css-vubbuv" data-testid="HomeOutlinedIcon" focusable="false" viewbox="0 0 24 24", 153246936410957624838887728430639644692, http://localhost:1800/privacy
74155260075949383841988739551624744508, None, 74155260075949383841988739551624744508, http://localhost:1800/
74155260075949383841988739551624744508, None, 74155260075949383841988739551624744508, http://localhost:1800/
74155260075949383841988739551624744508, None, 74155260075949383841988739551624744508, http://localhost:1800/
74155260075949383841988739551624744508, 131498267285019480364075027932691640882 -> a []{'href': '/subscribe?product=unlimited', 'style': 'color:unset'}, 74155260075949383841988739551624744508, http://localhost:1800/
74155260075949383841988739551624744508, None, 74155260075949383841988739551624744508, http://localhost:1800/
74155260075949383841988739551624744508, 126897143971849504177287452962379115636 -> a [<span class="ti-crown", 74921026783633498634010030204556921178, http://localhost:1800/
74921026783633498634010030204556921178, 254223092764667133638200428295916035974 -> a [<span class="ti-lock", 312035304379938343747989387892194858733, http://localhost:1800/
74155260075949383841988739551624744508, None, 74155260075949383841988739551624744508, http://localhost:1800/
74155260075949383841988739551624744508, 77722075193502781211253785020892441640 -> a []{'href': '/login', 'style': 'color:unset'}, 74155260075949383841988739551624744508, http://localhost:1800/
74155260075949383841988739551624744508, 254223092764667133638200428295916035974 -> a [<span class="ti-lock", 312035304379938343747989387892194858733, http://localhost:1800/
312035304379938343747989387892194858733, 44226831132642797030845329423154588134 -> a ['Simplified Self-Hosting']{'href': '#'}, 98951389206994023167960179296979532349, http://localhost:1800/#
98951389206994023167960179296979532349, 204684656745175268669880775349717719895 -> a [<span class="ti-lock", 98951389206994023167960179296979532349, http://localhost:1800/#
74155260075949383841988739551624744508, None, 74155260075949383841988739551624744508, http://localhost:1800/
74155260075949383841988739551624744508, 126897143971849504177287452962379115636 -> a [<span class="ti-crown", 74921026783633498634010030204556921178, http://localhost:1800/
74921026783633498634010030204556921178, 220230489951247748324856720139661540476 -> a ['amazing documentation']{'target': '_blank', 'href': 'https://docs.retrospected.com/docs/self-hosting/quick-start'}, 74921026783633498634010030204556921178, http://localhost:1800/
74155260075949383841988739551624744508, None, 74155260075949383841988739551624744508, http://localhost:1800/
74155260075949383841988739551624744508, None, 74155260075949383841988739551624744508, http://localhost:1800/
74155260075949383841988739551624744508, None, 74155260075949383841988739551624744508, http://localhost:1800/
74155260075949383841988739551624744508, 126897143971849504177287452962379115636 -> a [<span class="ti-crown", 74921026783633498634010030204556921178, http://localhost:1800/
74921026783633498634010030204556921178, 264323178795734057221956673756651836778 -> a ['here']{'target': '_blank', 'href': 'https://www.retrospected.com/subscribe?product=self-hosted', 'rel': 'noreferrer'}, 74921026783633498634010030204556921178, http://localhost:1800/
74155260075949383841988739551624744508, None, 74155260075949383841988739551624744508, http://localhost:1800/
74155260075949383841988739551624744508, 335177995277185720436677424941113667172 -> a ['Private Sessions']{'href': '#'}, 31358316778550977529786788011359927828, http://localhost:1800/#
74155260075949383841988739551624744508, None, 74155260075949383841988739551624744508, http://localhost:1800/
74155260075949383841988739551624744508, None, 74155260075949383841988739551624744508, http://localhost:1800/
74155260075949383841988739551624744508, None, 74155260075949383841988739551624744508, http://localhost:1800/
74155260075949383841988739551624744508, 77722075193502781211253785020892441640 -> a []{'href': '/login', 'style': 'color:unset'}, 74155260075949383841988739551624744508, http://localhost:1800/
74155260075949383841988739551624744508, 44226831132642797030845329423154588134 -> a ['Simplified Self-Hosting']{'href': '#'}, 31358316778550977529786788011359927828, http://localhost:1800/#
74155260075949383841988739551624744508, None, 74155260075949383841988739551624744508, http://localhost:1800/
74155260075949383841988739551624744508, None, 74155260075949383841988739551624744508, http://localhost:1800/
74155260075949383841988739551624744508, None, 74155260075949383841988739551624744508, http://localhost:1800/
74155260075949383841988739551624744508, 254223092764667133638200428295916035974 -> a [<span class="ti-lock", 312035304379938343747989387892194858733, http://localhost:1800/
312035304379938343747989387892194858733, 206164577955608859182796379325284454987 -> a [<span class="ti-check-box", 61832822962638269947097031219656062189, http://localhost:1800/
61832822962638269947097031219656062189, 326260989328514412703228462752826086408 -> a ['contact us']{'href': 'mailto:support@retrospected.com'}, 61832822962638269947097031219656062189, http://localhost:1800/
74155260075949383841988739551624744508, None, 74155260075949383841988739551624744508, http://localhost:1800/
74155260075949383841988739551624744508, 126897143971849504177287452962379115636 -> a [<span class="ti-crown", 74921026783633498634010030204556921178, http://localhost:1800/
74155260075949383841988739551624744508, None, 74155260075949383841988739551624744508, http://localhost:1800/
74155260075949383841988739551624744508, 322294491624679672579461493340971535867 -> a ['Accounts Federation']{'href': '#'}, 31358316778550977529786788011359927828, http://localhost:1800/#
31358316778550977529786788011359927828, 326260989328514412703228462752826086408 -> a ['contact us']{'href': 'mailto:support@retrospected.com'}, 31358316778550977529786788011359927828, http://localhost:1800/#
31358316778550977529786788011359927828, 171732623341340118822743671651694422782 -> a ['docs']{'target': '_blank', 'href': 'https://docs.retrospected.com/docs/self-hosting/quick-start'}, 31358316778550977529786788011359927828, http://localhost:1800/#
31358316778550977529786788011359927828, 171732623341340118822743671651694422782 -> a ['docs']{'target': '_blank', 'href': 'https://docs.retrospected.com/docs/self-hosting/quick-start'}, 31358316778550977529786788011359927828, http://localhost:1800/#
74155260075949383841988739551624744508, None, 74155260075949383841988739551624744508, http://localhost:1800/
74155260075949383841988739551624744508, None, 74155260075949383841988739551624744508, http://localhost:1800/
74155260075949383841988739551624744508, None, 74155260075949383841988739551624744508, http://localhost:1800/
74155260075949383841988739551624744508, 266290469012312326683711838841638666372 -> button [<svg aria-hidden="true" class="MuiSvgIcon-root MuiSvgIcon-fontSizeMedium css-vubbuv" data-testid="HomeOutlinedIcon" focusable="false" viewbox="0 0 24 24", 74155260075949383841988739551624744508, http://localhost:1800/
74155260075949383841988739551624744508, 230313313312885264188619318999131343590 -> a ['Contact us']{'href': 'mailto:support@retrospected.com', 'class': 'color-secondary'}, 74155260075949383841988739551624744508, http://localhost:1800/
74155260075949383841988739551624744508, 254223092764667133638200428295916035974 -> a [<span class="ti-lock", 312035304379938343747989387892194858733, http://localhost:1800/
312035304379938343747989387892194858733, 204684656745175268669880775349717719895 -> a [<span class="ti-lock", 312035304379938343747989387892194858733, http://localhost:1800/
312035304379938343747989387892194858733, 44226831132642797030845329423154588134 -> a ['Simplified Self-Hosting']{'href': '#'}, 98951389206994023167960179296979532349, http://localhost:1800/#
98951389206994023167960179296979532349, 198330988671355682266587899514732098117 -> a []{'href': '/subscribe?product=team', 'style': 'color:unset'}, 98951389206994023167960179296979532349, http://localhost:1800/#
74155260075949383841988739551624744508, None, 74155260075949383841988739551624744508, http://localhost:1800/
74155260075949383841988739551624744508, 44226831132642797030845329423154588134 -> a ['Simplified Self-Hosting']{'href': '#'}, 31358316778550977529786788011359927828, http://localhost:1800/#
31358316778550977529786788011359927828, 230313313312885264188619318999131343590 -> a ['Contact us']{'href': 'mailto:support@retrospected.com', 'class': 'color-secondary'}, 31358316778550977529786788011359927828, http://localhost:1800/#
74155260075949383841988739551624744508, None, 74155260075949383841988739551624744508, http://localhost:1800/
74155260075949383841988739551624744508, None, 74155260075949383841988739551624744508, http://localhost:1800/
74155260075949383841988739551624744508, 326260989328514412703228462752826086408 -> a ['contact us']{'href': 'mailto:support@retrospected.com'}, 74155260075949383841988739551624744508, http://localhost:1800/
74155260075949383841988739551624744508, 43049699877994183524356976929040969917 -> button [<svg aria-hidden="true" class="MuiSvgIcon-root MuiSvgIcon-fontSizeMedium css-vubbuv" data-testid="MenuIcon" focusable="false" viewbox="0 0 24 24", 74155260075949383841988739551624744508, http://localhost:1800/
74155260075949383841988739551624744508, 223198739654013518621001174651680560209 -> a [<div class="pt-4", 74155260075949383841988739551624744508, http://localhost:1800/
74155260075949383841988739551624744508, 266290469012312326683711838841638666372 -> button [<svg aria-hidden="true" class="MuiSvgIcon-root MuiSvgIcon-fontSizeMedium css-vubbuv" data-testid="HomeOutlinedIcon" focusable="false" viewbox="0 0 24 24", 74155260075949383841988739551624744508, http://localhost:1800/
74155260075949383841988739551624744508, None, 74155260075949383841988739551624744508, http://localhost:1800/
74155260075949383841988739551624744508, 322294491624679672579461493340971535867 -> a ['Accounts Federation']{'href': '#'}, 31358316778550977529786788011359927828, http://localhost:1800/#
74155260075949383841988739551624744508, None, 74155260075949383841988739551624744508, http://localhost:1800/
74155260075949383841988739551624744508, 254223092764667133638200428295916035974 -> a [<span class="ti-lock", 312035304379938343747989387892194858733, http://localhost:1800/
74155260075949383841988739551624744508, None, 74155260075949383841988739551624744508, http://localhost:1800/
74155260075949383841988739551624744508, None, 74155260075949383841988739551624744508, http://localhost:1800/
74155260075949383841988739551624744508, 302515116903307686490089882789802233567 -> a [<div class="pt-4", 74155260075949383841988739551624744508, http://localhost:1800/
74155260075949383841988739551624744508, 322294491624679672579461493340971535867 -> a ['Accounts Federation']{'href': '#'}, 31358316778550977529786788011359927828, http://localhost:1800/#
74155260075949383841988739551624744508, None, 74155260075949383841988739551624744508, http://localhost:1800/
74155260075949383841988739551624744508, 243157659132187107739887812339775519703 -> a ['support@retrospected.com']{'href': 'mailto:support@retrospected.com'}, 74155260075949383841988739551624744508, http://localhost:1800/
74155260075949383841988739551624744508, 254223092764667133638200428295916035974 -> a [<span class="ti-lock", 312035304379938343747989387892194858733, http://localhost:1800/
74155260075949383841988739551624744508, None, 74155260075949383841988739551624744508, http://localhost:1800/
74155260075949383841988739551624744508, 131498267285019480364075027932691640882 -> a []{'href': '/subscribe?product=unlimited', 'style': 'color:unset'}, 74155260075949383841988739551624744508, http://localhost:1800/
74155260075949383841988739551624744508, 126897143971849504177287452962379115636 -> a [<span class="ti-crown", 74921026783633498634010030204556921178, http://localhost:1800/
74155260075949383841988739551624744508, None, 74155260075949383841988739551624744508, http://localhost:1800/
74155260075949383841988739551624744508, 241834424327382346987432935799321988837 -> a [<span class="ti-twitter", 74155260075949383841988739551624744508, http://localhost:1800/
74155260075949383841988739551624744508, 322294491624679672579461493340971535867 -> a ['Accounts Federation']{'href': '#'}, 31358316778550977529786788011359927828, http://localhost:1800/#
31358316778550977529786788011359927828, 43049699877994183524356976929040969917 -> button [<svg aria-hidden="true" class="MuiSvgIcon-root MuiSvgIcon-fontSizeMedium css-vubbuv" data-testid="MenuIcon" focusable="false" viewbox="0 0 24 24", 31358316778550977529786788011359927828, http://localhost:1800/#
31358316778550977529786788011359927828, 213786466674511586446221676810385570193 -> button [<span class="MuiButton-startIcon MuiButton-iconSizeMedium css-6xugel", 31358316778550977529786788011359927828, http://localhost:1800/#
31358316778550977529786788011359927828, 64429212886691204927724048806800115504 -> a ['Buy Now']{'href': '/subscribe?product=self-hosted', 'class': 'btnoutline-btnmb-3'}, 31358316778550977529786788011359927828, http://localhost:1800/#
31358316778550977529786788011359927828, 198330988671355682266587899514732098117 -> a []{'href': '/subscribe?product=team', 'style': 'color:unset'}, 31358316778550977529786788011359927828, http://localhost:1800/#
31358316778550977529786788011359927828, 241834424327382346987432935799321988837 -> a [<span class="ti-twitter", 31358316778550977529786788011359927828, http://localhost:1800/#
31358316778550977529786788011359927828, 282212841185837970464880490913268752826 -> a [<ul class="list-unstyled text-sm mb-4 pricing-feature-list", 31358316778550977529786788011359927828, http://localhost:1800/#
74155260075949383841988739551624744508, None, 74155260075949383841988739551624744508, http://localhost:1800/
74155260075949383841988739551624744508, None, 74155260075949383841988739551624744508, http://localhost:1800/
74155260075949383841988739551624744508, None, 74155260075949383841988739551624744508, http://localhost:1800/
74155260075949383841988739551624744508, 254223092764667133638200428295916035974 -> a [<span class="ti-lock", 312035304379938343747989387892194858733, http://localhost:1800/
74155260075949383841988739551624744508, None, 74155260075949383841988739551624744508, http://localhost:1800/
74155260075949383841988739551624744508, 126897143971849504177287452962379115636 -> a [<span class="ti-crown", 74921026783633498634010030204556921178, http://localhost:1800/
74155260075949383841988739551624744508, None, 74155260075949383841988739551624744508, http://localhost:1800/
74155260075949383841988739551624744508, 43049699877994183524356976929040969917 -> button [<svg aria-hidden="true" class="MuiSvgIcon-root MuiSvgIcon-fontSizeMedium css-vubbuv" data-testid="MenuIcon" focusable="false" viewbox="0 0 24 24", 74155260075949383841988739551624744508, http://localhost:1800/
74155260075949383841988739551624744508, 294408008975193969872912268871713931036 -> a [<span class="ti-wand", 74155260075949383841988739551624744508, http://localhost:1800/
74155260075949383841988739551624744508, None, 74155260075949383841988739551624744508, http://localhost:1800/
74155260075949383841988739551624744508, 42781586748898556957319857378680623162 -> a []{'href': '/subscribe?product=self-hosted', 'style': 'color:unset'}, 74155260075949383841988739551624744508, http://localhost:1800/
74155260075949383841988739551624744508, 131498267285019480364075027932691640882 -> a []{'href': '/subscribe?product=unlimited', 'style': 'color:unset'}, 74155260075949383841988739551624744508, http://localhost:1800/
74155260075949383841988739551624744508, None, 74155260075949383841988739551624744508, http://localhost:1800/
74155260075949383841988739551624744508, None, 74155260075949383841988739551624744508, http://localhost:1800/
74155260075949383841988739551624744508, 254223092764667133638200428295916035974 -> a [<span class="ti-lock", 312035304379938343747989387892194858733, http://localhost:1800/
312035304379938343747989387892194858733, 206164577955608859182796379325284454987 -> a [<span class="ti-check-box", 61832822962638269947097031219656062189, http://localhost:1800/
61832822962638269947097031219656062189, 322294491624679672579461493340971535867 -> a ['Accounts Federation']{'href': '#'}, 83983581502802489119874095054615642192, http://localhost:1800/#
74155260075949383841988739551624744508, None, 74155260075949383841988739551624744508, http://localhost:1800/
74155260075949383841988739551624744508, 126897143971849504177287452962379115636 -> a [<span class="ti-crown", 74921026783633498634010030204556921178, http://localhost:1800/
74921026783633498634010030204556921178, 294408008975193969872912268871713931036 -> a [<span class="ti-wand", 134889261547027000173533848097898943919, http://localhost:1800/
74155260075949383841988739551624744508, None, 74155260075949383841988739551624744508, http://localhost:1800/
74155260075949383841988739551624744508, 198330988671355682266587899514732098117 -> a []{'href': '/subscribe?product=team', 'style': 'color:unset'}, 74155260075949383841988739551624744508, http://localhost:1800/
74155260075949383841988739551624744508, None, 74155260075949383841988739551624744508, http://localhost:1800/
74155260075949383841988739551624744508, None, 74155260075949383841988739551624744508, http://localhost:1800/
74155260075949383841988739551624744508, None, 74155260075949383841988739551624744508, http://localhost:1800/
74155260075949383841988739551624744508, 322294491624679672579461493340971535867 -> a ['Accounts Federation']{'href': '#'}, 31358316778550977529786788011359927828, http://localhost:1800/#
31358316778550977529786788011359927828, 326260989328514412703228462752826086408 -> a ['contact us']{'href': 'mailto:support@retrospected.com'}, 31358316778550977529786788011359927828, http://localhost:1800/#
31358316778550977529786788011359927828, 126897143971849504177287452962379115636 -> a [<span class="ti-crown", 29092016549864325000952047354909891089, http://localhost:1800/#
74155260075949383841988739551624744508, None, 74155260075949383841988739551624744508, http://localhost:1800/
74155260075949383841988739551624744508, 254223092764667133638200428295916035974 -> a [<span class="ti-lock", 312035304379938343747989387892194858733, http://localhost:1800/
312035304379938343747989387892194858733, 126897143971849504177287452962379115636 -> a [<span class="ti-crown", 74921026783633498634010030204556921178, http://localhost:1800/
74921026783633498634010030204556921178, 294408008975193969872912268871713931036 -> a [<span class="ti-wand", 134889261547027000173533848097898943919, http://localhost:1800/
134889261547027000173533848097898943919, 42781586748898556957319857378680623162 -> a []{'href': '/subscribe?product=self-hosted', 'style': 'color:unset'}, 134889261547027000173533848097898943919, http://localhost:1800/
134889261547027000173533848097898943919, 326260989328514412703228462752826086408 -> a ['contact us']{'href': 'mailto:support@retrospected.com'}, 134889261547027000173533848097898943919, http://localhost:1800/
74155260075949383841988739551624744508, None, 74155260075949383841988739551624744508, http://localhost:1800/
74155260075949383841988739551624744508, None, 74155260075949383841988739551624744508, http://localhost:1800/
74155260075949383841988739551624744508, 171732623341340118822743671651694422782 -> a ['docs']{'target': '_blank', 'href': 'https://docs.retrospected.com/docs/self-hosting/quick-start'}, 74155260075949383841988739551624744508, http://localhost:1800/
74155260075949383841988739551624744508, None, 74155260075949383841988739551624744508, http://localhost:1800/
74155260075949383841988739551624744508, None, 74155260075949383841988739551624744508, http://localhost:1800/
74155260075949383841988739551624744508, None, 74155260075949383841988739551624744508, http://localhost:1800/
74155260075949383841988739551624744508, None, 74155260075949383841988739551624744508, http://localhost:1800/
74155260075949383841988739551624744508, None, 74155260075949383841988739551624744508, http://localhost:1800/
74155260075949383841988739551624744508, 322294491624679672579461493340971535867 -> a ['Accounts Federation']{'href': '#'}, 74155260075949383841988739551624744508, http://localhost:1800/
74155260075949383841988739551624744508, None, 74155260075949383841988739551624744508, http://localhost:1800/
74155260075949383841988739551624744508, None, 74155260075949383841988739551624744508, http://localhost:1800/
74155260075949383841988739551624744508, None, 74155260075949383841988739551624744508, http://localhost:1800/
74155260075949383841988739551624744508, None, 74155260075949383841988739551624744508, http://localhost:1800/
74155260075949383841988739551624744508, None, 74155260075949383841988739551624744508, http://localhost:1800/
74155260075949383841988739551624744508, None, 74155260075949383841988739551624744508, http://localhost:1800/
74155260075949383841988739551624744508, None, 74155260075949383841988739551624744508, http://localhost:1800/
74155260075949383841988739551624744508, 254223092764667133638200428295916035974 -> a [<span class="ti-lock", 312035304379938343747989387892194858733, http://localhost:1800/
312035304379938343747989387892194858733, 42781586748898556957319857378680623162 -> a []{'href': '/subscribe?product=self-hosted', 'style': 'color:unset'}, 312035304379938343747989387892194858733, http://localhost:1800/
312035304379938343747989387892194858733, 294408008975193969872912268871713931036 -> a [<span class="ti-wand", 134889261547027000173533848097898943919, http://localhost:1800/
74155260075949383841988739551624744508, None, 74155260075949383841988739551624744508, http://localhost:1800/
74155260075949383841988739551624744508, 322294491624679672579461493340971535867 -> a ['Accounts Federation']{'href': '#'}, 31358316778550977529786788011359927828, http://localhost:1800/#
74155260075949383841988739551624744508, None, 74155260075949383841988739551624744508, http://localhost:1800/
74155260075949383841988739551624744508, None, 74155260075949383841988739551624744508, http://localhost:1800/
74155260075949383841988739551624744508, 171732623341340118822743671651694422782 -> a ['docs']{'target': '_blank', 'href': 'https://docs.retrospected.com/docs/self-hosting/quick-start'}, 74155260075949383841988739551624744508, http://localhost:1800/
74155260075949383841988739551624744508, None, 74155260075949383841988739551624744508, http://localhost:1800/
74155260075949383841988739551624744508, 335177995277185720436677424941113667172 -> a ['Private Sessions']{'href': '#'}, 31358316778550977529786788011359927828, http://localhost:1800/#
31358316778550977529786788011359927828, 171732623341340118822743671651694422782 -> a ['docs']{'target': '_blank', 'href': 'https://docs.retrospected.com/docs/self-hosting/quick-start'}, 31358316778550977529786788011359927828, http://localhost:1800/#
31358316778550977529786788011359927828, 322294491624679672579461493340971535867 -> a ['Accounts Federation']{'href': '#'}, 31358316778550977529786788011359927828, http://localhost:1800/#
31358316778550977529786788011359927828, 171732623341340118822743671651694422782 -> a ['docs']{'target': '_blank', 'href': 'https://docs.retrospected.com/docs/self-hosting/quick-start'}, 31358316778550977529786788011359927828, http://localhost:1800/#
31358316778550977529786788011359927828, 322294491624679672579461493340971535867 -> a ['Accounts Federation']{'href': '#'}, 31358316778550977529786788011359927828, http://localhost:1800/#
74155260075949383841988739551624744508, None, 74155260075949383841988739551624744508, http://localhost:1800/
74155260075949383841988739551624744508, 335177995277185720436677424941113667172 -> a ['Private Sessions']{'href': '#'}, 74155260075949383841988739551624744508, http://localhost:1800/
74155260075949383841988739551624744508, 254223092764667133638200428295916035974 -> a [<span class="ti-lock", 312035304379938343747989387892194858733, http://localhost:1800/
74155260075949383841988739551624744508, None, 74155260075949383841988739551624744508, http://localhost:1800/
74155260075949383841988739551624744508, None, 74155260075949383841988739551624744508, http://localhost:1800/
74155260075949383841988739551624744508, 254223092764667133638200428295916035974 -> a [<span class="ti-lock", 312035304379938343747989387892194858733, http://localhost:1800/
312035304379938343747989387892194858733, 266290469012312326683711838841638666372 -> button [<svg aria-hidden="true" class="MuiSvgIcon-root MuiSvgIcon-fontSizeMedium css-vubbuv" data-testid="HomeOutlinedIcon" focusable="false" viewbox="0 0 24 24", 312035304379938343747989387892194858733, http://localhost:1800/
74155260075949383841988739551624744508, None, 74155260075949383841988739551624744508, http://localhost:1800/
74155260075949383841988739551624744508, 322294491624679672579461493340971535867 -> a ['Accounts Federation']{'href': '#'}, 31358316778550977529786788011359927828, http://localhost:1800/#
31358316778550977529786788011359927828, 266290469012312326683711838841638666372 -> button [<svg aria-hidden="true" class="MuiSvgIcon-root MuiSvgIcon-fontSizeMedium css-vubbuv" data-testid="HomeOutlinedIcon" focusable="false" viewbox="0 0 24 24", 31358316778550977529786788011359927828, http://localhost:1800/#
31358316778550977529786788011359927828, 326260989328514412703228462752826086408 -> a ['contact us']{'href': 'mailto:support@retrospected.com'}, 74155260075949383841988739551624744508, http://localhost:1800/
74155260075949383841988739551624744508, 77722075193502781211253785020892441640 -> a []{'href': '/login', 'style': 'color:unset'}, 74155260075949383841988739551624744508, http://localhost:1800/
74155260075949383841988739551624744508, 254223092764667133638200428295916035974 -> a [<span class="ti-lock", 312035304379938343747989387892194858733, http://localhost:1800/
312035304379938343747989387892194858733, 230313313312885264188619318999131343590 -> a ['Contact us']{'href': 'mailto:support@retrospected.com', 'class': 'color-secondary'}, 312035304379938343747989387892194858733, http://localhost:1800/
312035304379938343747989387892194858733, 213786466674511586446221676810385570193 -> button [<span class="MuiButton-startIcon MuiButton-iconSizeMedium css-6xugel", 223473177124301657609712486044850454013, http://localhost:1800/
223473177124301657609712486044850454013, 243157659132187107739887812339775519703 -> a ['support@retrospected.com']{'href': 'mailto:support@retrospected.com'}, 223473177124301657609712486044850454013, http://localhost:1800/
74155260075949383841988739551624744508, None, 74155260075949383841988739551624744508, http://localhost:1800/
74155260075949383841988739551624744508, 96209764409702934583100429439126582709 -> a [<span class="ti-check-box", 74155260075949383841988739551624744508, http://localhost:1800/
74155260075949383841988739551624744508, 335177995277185720436677424941113667172 -> a ['Private Sessions']{'href': '#'}, 31358316778550977529786788011359927828, http://localhost:1800/#
31358316778550977529786788011359927828, 77722075193502781211253785020892441640 -> a []{'href': '/login', 'style': 'color:unset'}, 31358316778550977529786788011359927828, http://localhost:1800/#
74155260075949383841988739551624744508, None, 74155260075949383841988739551624744508, http://localhost:1800/
74155260075949383841988739551624744508, 254223092764667133638200428295916035974 -> a [<span class="ti-lock", 312035304379938343747989387892194858733, http://localhost:1800/
312035304379938343747989387892194858733, 126897143971849504177287452962379115636 -> a [<span class="ti-crown", 74921026783633498634010030204556921178, http://localhost:1800/
74155260075949383841988739551624744508, None, 74155260075949383841988739551624744508, http://localhost:1800/
74155260075949383841988739551624744508, 254223092764667133638200428295916035974 -> a [<span class="ti-lock", 312035304379938343747989387892194858733, http://localhost:1800/
312035304379938343747989387892194858733, 77722075193502781211253785020892441640 -> a []{'href': '/login', 'style': 'color:unset'}, 312035304379938343747989387892194858733, http://localhost:1800/
312035304379938343747989387892194858733, 126897143971849504177287452962379115636 -> a [<span class="ti-crown", 74921026783633498634010030204556921178, http://localhost:1800/
74921026783633498634010030204556921178, 42781586748898556957319857378680623162 -> a []{'href': '/subscribe?product=self-hosted', 'style': 'color:unset'}, 74921026783633498634010030204556921178, http://localhost:1800/
74155260075949383841988739551624744508, None, 74155260075949383841988739551624744508, http://localhost:1800/
74155260075949383841988739551624744508, None, 74155260075949383841988739551624744508, http://localhost:1800/
74155260075949383841988739551624744508, None, 74155260075949383841988739551624744508, http://localhost:1800/
74155260075949383841988739551624744508, 335177995277185720436677424941113667172 -> a ['Private Sessions']{'href': '#'}, 31358316778550977529786788011359927828, http://localhost:1800/#
31358316778550977529786788011359927828, 322294491624679672579461493340971535867 -> a ['Accounts Federation']{'href': '#'}, 31358316778550977529786788011359927828, http://localhost:1800/#
31358316778550977529786788011359927828, 322294491624679672579461493340971535867 -> a ['Accounts Federation']{'href': '#'}, 31358316778550977529786788011359927828, http://localhost:1800/#
31358316778550977529786788011359927828, 126897143971849504177287452962379115636 -> a [<span class="ti-crown", 29092016549864325000952047354909891089, http://localhost:1800/#
29092016549864325000952047354909891089, 206164577955608859182796379325284454987 -> a [<span class="ti-check-box", 83983581502802489119874095054615642192, http://localhost:1800/#
83983581502802489119874095054615642192, 213786466674511586446221676810385570193 -> button [<span class="MuiButton-startIcon MuiButton-iconSizeMedium css-6xugel", 8987956039835767543595538327083295071, http://localhost:1800/#
8987956039835767543595538327083295071, 77722075193502781211253785020892441640 -> a []{'href': '/login', 'style': 'color:unset'}, 8987956039835767543595538327083295071, http://localhost:1800/#
8987956039835767543595538327083295071, 241834424327382346987432935799321988837 -> a [<span class="ti-twitter", 8987956039835767543595538327083295071, http://localhost:1800/#
74155260075949383841988739551624744508, None, 74155260075949383841988739551624744508, http://localhost:1800/
74155260075949383841988739551624744508, 243157659132187107739887812339775519703 -> a ['support@retrospected.com']{'href': 'mailto:support@retrospected.com'}, 74155260075949383841988739551624744508, http://localhost:1800/
74155260075949383841988739551624744508, 198330988671355682266587899514732098117 -> a []{'href': '/subscribe?product=team', 'style': 'color:unset'}, 74155260075949383841988739551624744508, http://localhost:1800/
74155260075949383841988739551624744508, None, 74155260075949383841988739551624744508, http://localhost:1800/
74155260075949383841988739551624744508, 335177995277185720436677424941113667172 -> a ['Private Sessions']{'href': '#'}, 31358316778550977529786788011359927828, http://localhost:1800/#
31358316778550977529786788011359927828, 254223092764667133638200428295916035974 -> a [<span class="ti-lock", 98951389206994023167960179296979532349, http://localhost:1800/#
74155260075949383841988739551624744508, None, 74155260075949383841988739551624744508, http://localhost:1800/
74155260075949383841988739551624744508, None, 74155260075949383841988739551624744508, http://localhost:1800/
74155260075949383841988739551624744508, 230313313312885264188619318999131343590 -> a ['Contact us']{'href': 'mailto:support@retrospected.com', 'class': 'color-secondary'}, 74155260075949383841988739551624744508, http://localhost:1800/
74155260075949383841988739551624744508, 254223092764667133638200428295916035974 -> a [<span class="ti-lock", 312035304379938343747989387892194858733, http://localhost:1800/
74155260075949383841988739551624744508, None, 74155260075949383841988739551624744508, http://localhost:1800/
74155260075949383841988739551624744508, None, 74155260075949383841988739551624744508, http://localhost:1800/
74155260075949383841988739551624744508, 322294491624679672579461493340971535867 -> a ['Accounts Federation']{'href': '#'}, 31358316778550977529786788011359927828, http://localhost:1800/#
74155260075949383841988739551624744508, None, 74155260075949383841988739551624744508, http://localhost:1800/
74155260075949383841988739551624744508, None, 74155260075949383841988739551624744508, http://localhost:1800/
74155260075949383841988739551624744508, None, 74155260075949383841988739551624744508, http://localhost:1800/
74155260075949383841988739551624744508, 43049699877994183524356976929040969917 -> button [<svg aria-hidden="true" class="MuiSvgIcon-root MuiSvgIcon-fontSizeMedium css-vubbuv" data-testid="MenuIcon" focusable="false" viewbox="0 0 24 24", 74155260075949383841988739551624744508, http://localhost:1800/
74155260075949383841988739551624744508, 266290469012312326683711838841638666372 -> button [<svg aria-hidden="true" class="MuiSvgIcon-root MuiSvgIcon-fontSizeMedium css-vubbuv" data-testid="HomeOutlinedIcon" focusable="false" viewbox="0 0 24 24", 74155260075949383841988739551624744508, http://localhost:1800/
74155260075949383841988739551624744508, 65769010501177322495838844162606565210 -> a ['Self Hosting']{'href': 'https://docs.retrospected.com/docs/self-hosting/quick-start', 'target': '_blank', 'class': 'css-1xvmz6m'}, 338961504361008889755351455042736195397, http://localhost:1800/
338961504361008889755351455042736195397, 129577701741696671623444447879599158794 -> a ['Subscribe Now']{'href': '/subscribe?product=unlimited', 'class': 'btnsolid-btnmb-3'}, 74155260075949383841988739551624744508, http://localhost:1800/
74155260075949383841988739551624744508, 254223092764667133638200428295916035974 -> a [<span class="ti-lock", 312035304379938343747989387892194858733, http://localhost:1800/
312035304379938343747989387892194858733, 322294491624679672579461493340971535867 -> a ['Accounts Federation']{'href': '#'}, 98951389206994023167960179296979532349, http://localhost:1800/#
98951389206994023167960179296979532349, 44226831132642797030845329423154588134 -> a ['Simplified Self-Hosting']{'href': '#'}, 98951389206994023167960179296979532349, http://localhost:1800/#
74155260075949383841988739551624744508, None, 74155260075949383841988739551624744508, http://localhost:1800/
74155260075949383841988739551624744508, None, 74155260075949383841988739551624744508, http://localhost:1800/
74155260075949383841988739551624744508, None, 74155260075949383841988739551624744508, http://localhost:1800/
74155260075949383841988739551624744508, 322294491624679672579461493340971535867 -> a ['Accounts Federation']{'href': '#'}, 74155260075949383841988739551624744508, http://localhost:1800/
74155260075949383841988739551624744508, 254223092764667133638200428295916035974 -> a [<span class="ti-lock", 312035304379938343747989387892194858733, http://localhost:1800/
312035304379938343747989387892194858733, 204684656745175268669880775349717719895 -> a [<span class="ti-lock", 312035304379938343747989387892194858733, http://localhost:1800/
312035304379938343747989387892194858733, 131498267285019480364075027932691640882 -> a []{'href': '/subscribe?product=unlimited', 'style': 'color:unset'}, 312035304379938343747989387892194858733, http://localhost:1800/
312035304379938343747989387892194858733, 129577701741696671623444447879599158794 -> a ['Subscribe Now']{'href': '/subscribe?product=unlimited', 'class': 'btnsolid-btnmb-3'}, 235081920755139031299588602134794909266, http://localhost:1800/subscribe?product=unlimited
235081920755139031299588602134794909266, 294408008975193969872912268871713931036 -> a [<span class="ti-wand", 299064848030955663339637837388514795092, http://localhost:1800/subscribe?product=unlimited
74155260075949383841988739551624744508, None, 74155260075949383841988739551624744508, http://localhost:1800/
74155260075949383841988739551624744508, None, 74155260075949383841988739551624744508, http://localhost:1800/
74155260075949383841988739551624744508, None, 74155260075949383841988739551624744508, http://localhost:1800/
74155260075949383841988739551624744508, 126897143971849504177287452962379115636 -> a [<span class="ti-crown", 74921026783633498634010030204556921178, http://localhost:1800/
74155260075949383841988739551624744508, None, 74155260075949383841988739551624744508, http://localhost:1800/
74155260075949383841988739551624744508, 254223092764667133638200428295916035974 -> a [<span class="ti-lock", 312035304379938343747989387892194858733, http://localhost:1800/
312035304379938343747989387892194858733, 241834424327382346987432935799321988837 -> a [<span class="ti-twitter", 312035304379938343747989387892194858733, http://localhost:1800/
312035304379938343747989387892194858733, 243157659132187107739887812339775519703 -> a ['support@retrospected.com']{'href': 'mailto:support@retrospected.com'}, 312035304379938343747989387892194858733, http://localhost:1800/
312035304379938343747989387892194858733, 43049699877994183524356976929040969917 -> button [<svg aria-hidden="true" class="MuiSvgIcon-root MuiSvgIcon-fontSizeMedium css-vubbuv" data-testid="MenuIcon" focusable="false" viewbox="0 0 24 24", 312035304379938343747989387892194858733, http://localhost:1800/
312035304379938343747989387892194858733, 322294491624679672579461493340971535867 -> a ['Accounts Federation']{'href': '#'}, 312035304379938343747989387892194858733, http://localhost:1800/
74155260075949383841988739551624744508, None, 74155260075949383841988739551624744508, http://localhost:1800/
74155260075949383841988739551624744508, 42781586748898556957319857378680623162 -> a []{'href': '/subscribe?product=self-hosted', 'style': 'color:unset'}, 74155260075949383841988739551624744508, http://localhost:1800/
74155260075949383841988739551624744508, None, 74155260075949383841988739551624744508, http://localhost:1800/
74155260075949383841988739551624744508, 254223092764667133638200428295916035974 -> a [<span class="ti-lock", 312035304379938343747989387892194858733, http://localhost:1800/
74155260075949383841988739551624744508, None, 74155260075949383841988739551624744508, http://localhost:1800/
74155260075949383841988739551624744508, None, 74155260075949383841988739551624744508, http://localhost:1800/
74155260075949383841988739551624744508, 44226831132642797030845329423154588134 -> a ['Simplified Self-Hosting']{'href': '#'}, 31358316778550977529786788011359927828, http://localhost:1800/#
74155260075949383841988739551624744508, None, 74155260075949383841988739551624744508, http://localhost:1800/
74155260075949383841988739551624744508, 335177995277185720436677424941113667172 -> a ['Private Sessions']{'href': '#'}, 31358316778550977529786788011359927828, http://localhost:1800/#
31358316778550977529786788011359927828, 171732623341340118822743671651694422782 -> a ['docs']{'target': '_blank', 'href': 'https://docs.retrospected.com/docs/self-hosting/quick-start'}, 31358316778550977529786788011359927828, http://localhost:1800/#
31358316778550977529786788011359927828, 171732623341340118822743671651694422782 -> a ['docs']{'target': '_blank', 'href': 'https://docs.retrospected.com/docs/self-hosting/quick-start'}, 31358316778550977529786788011359927828, http://localhost:1800/#
31358316778550977529786788011359927828, 126897143971849504177287452962379115636 -> a [<span class="ti-crown", 29092016549864325000952047354909891089, http://localhost:1800/#
