74155260075949383841988739551624744508, None, 74155260075949383841988739551624744508, http://localhost:1800/
74155260075949383841988739551624744508, None, 74155260075949383841988739551624744508, http://localhost:1800/
74155260075949383841988739551624744508, None, 74155260075949383841988739551624744508, http://localhost:1800/
74155260075949383841988739551624744508, 96209764409702934583100429439126582709 -> a [<span class="ti-check-box", 74155260075949383841988739551624744508, http://localhost:1800/
74155260075949383841988739551624744508, 266290469012312326683711838841638666372 -> button [<svg aria-hidden="true" class="MuiSvgIcon-root MuiSvgIcon-fontSizeMedium css-vubbuv" data-testid="HomeOutlinedIcon" focusable="false" viewbox="0 0 24 24", 74155260075949383841988739551624744508, http://localhost:1800/
74155260075949383841988739551624744508, 220230489951247748324856720139661540476 -> a ['amazing documentation']{'target': '_blank', 'href': 'https://docs.retrospected.com/docs/self-hosting/quick-start'}, 74155260075949383841988739551624744508, http://localhost:1800/
74155260075949383841988739551624744508, 254223092764667133638200428295916035974 -> a [<span class="ti-lock", 312035304379938343747989387892194858733, http://localhost:1800/
74155260075949383841988739551624744508, None, 74155260075949383841988739551624744508, http://localhost:1800/
74155260075949383841988739551624744508, None, 74155260075949383841988739551624744508, http://localhost:1800/
74155260075949383841988739551624744508, 213786466674511586446221676810385570193 -> button [<span class="MuiButton-startIcon MuiButton-iconSizeMedium css-6xugel", 199222071360682078865197807318038347473, http://localhost:1800/
199222071360682078865197807318038347473, 220230489951247748324856720139661540476 -> a ['amazing documentation']{'target': '_blank', 'href': 'https://docs.retrospected.com/docs/self-hosting/quick-start'}, 199222071360682078865197807318038347473, http://localhost:1800/
199222071360682078865197807318038347473, 88387527390871616532161040866055019454 -> a ['Disclaimer']{'href': 'https://www.websitepolicies.com/policies/view/vDJtzgEo'}, 74155260075949383841988739551624744508, http://localhost:1800/
74155260075949383841988739551624744508, None, 74155260075949383841988739551624744508, http://localhost:1800/
74155260075949383841988739551624744508, 264323178795734057221956673756651836778 -> a ['here']{'target': '_blank', 'href': 'https://www.retrospected.com/subscribe?product=self-hosted', 'rel': 'noreferrer'}, 74155260075949383841988739551624744508, http://localhost:1800/
74155260075949383841988739551624744508, None, 74155260075949383841988739551624744508, http://localhost:1800/
74155260075949383841988739551624744508, 264323178795734057221956673756651836778 -> a ['here']{'target': '_blank', 'href': 'https://www.retrospected.com/subscribe?product=self-hosted', 'rel': 'noreferrer'}, 74155260075949383841988739551624744508, http://localhost:1800/
74155260075949383841988739551624744508, 131498267285019480364075027932691640882 -> a []{'href': '/subscribe?product=unlimited', 'style': 'color:unset'}, 74155260075949383841988739551624744508, http://localhost:1800/
74155260075949383841988739551624744508, None, 74155260075949383841988739551624744508, http://localhost:1800/
74155260075949383841988739551624744508, 254223092764667133638200428295916035974 -> a [<span class="ti-lock", 312035304379938343747989387892194858733, http://localhost:1800/
74155260075949383841988739551624744508, None, 74155260075949383841988739551624744508, http://localhost:1800/
74155260075949383841988739551624744508, None, 74155260075949383841988739551624744508, http://localhost:1800/
74155260075949383841988739551624744508, None, 74155260075949383841988739551624744508, http://localhost:1800/
74155260075949383841988739551624744508, 131498267285019480364075027932691640882 -> a []{'href': '/subscribe?product=unlimited', 'style': 'color:unset'}, 74155260075949383841988739551624744508, http://localhost:1800/
74155260075949383841988739551624744508, None, 74155260075949383841988739551624744508, http://localhost:1800/
74155260075949383841988739551624744508, None, 74155260075949383841988739551624744508, http://localhost:1800/
74155260075949383841988739551624744508, 254223092764667133638200428295916035974 -> a [<span class="ti-lock", 312035304379938343747989387892194858733, http://localhost:1800/
312035304379938343747989387892194858733, 126897143971849504177287452962379115636 -> a [<span class="ti-crown", 74921026783633498634010030204556921178, http://localhost:1800/
74155260075949383841988739551624744508, None, 74155260075949383841988739551624744508, http://localhost:1800/
74155260075949383841988739551624744508, None, 74155260075949383841988739551624744508, http://localhost:1800/
74155260075949383841988739551624744508, 198330988671355682266587899514732098117 -> a []{'href': '/subscribe?product=team', 'style': 'color:unset'}, 74155260075949383841988739551624744508, http://localhost:1800/
74155260075949383841988739551624744508, None, 74155260075949383841988739551624744508, http://localhost:1800/
74155260075949383841988739551624744508, None, 74155260075949383841988739551624744508, http://localhost:1800/
74155260075949383841988739551624744508, None, 74155260075949383841988739551624744508, http://localhost:1800/
74155260075949383841988739551624744508, None, 74155260075949383841988739551624744508, http://localhost:1800/
74155260075949383841988739551624744508, None, 74155260075949383841988739551624744508, http://localhost:1800/
74155260075949383841988739551624744508, None, 74155260075949383841988739551624744508, http://localhost:1800/
74155260075949383841988739551624744508, None, 74155260075949383841988739551624744508, http://localhost:1800/
74155260075949383841988739551624744508, None, 74155260075949383841988739551624744508, http://localhost:1800/
74155260075949383841988739551624744508, None, 74155260075949383841988739551624744508, http://localhost:1800/
74155260075949383841988739551624744508, None, 74155260075949383841988739551624744508, http://localhost:1800/
74155260075949383841988739551624744508, None, 74155260075949383841988739551624744508, http://localhost:1800/
74155260075949383841988739551624744508, None, 74155260075949383841988739551624744508, http://localhost:1800/
74155260075949383841988739551624744508, 282212841185837970464880490913268752826 -> a [<ul class="list-unstyled text-sm mb-4 pricing-feature-list", 74155260075949383841988739551624744508, http://localhost:1800/
74155260075949383841988739551624744508, 129577701741696671623444447879599158794 -> a ['Subscribe Now']{'href': '/subscribe?product=unlimited', 'class': 'btnsolid-btnmb-3'}, 235081920755139031299588602134794909266, http://localhost:1800/subscribe?product=unlimited
235081920755139031299588602134794909266, 254223092764667133638200428295916035974 -> a [<span class="ti-lock", 328995629529345927536520185979697955619, http://localhost:1800/subscribe?product=unlimited
328995629529345927536520185979697955619, 210903510158669316059644735185876340006 -> input []{'aria-invalid': 'false', 'id': ':r:', 'required': '', 'type': 'text', 'class': 'MuiOutlinedInput-inputMuiInputBase-inputcss-1x5jdmq', 'value': 'acme.com'}, 203630427814567285992223384826378445982, http://localhost:1800/subscribe?product=unlimited
203630427814567285992223384826378445982, 266290469012312326683711838841638666372 -> button [<svg aria-hidden="true" class="MuiSvgIcon-root MuiSvgIcon-fontSizeMedium css-vubbuv" data-testid="HomeOutlinedIcon" focusable="false" viewbox="0 0 24 24", 34480045290296606763470837901253068495, http://localhost:1800/subscribe?product=unlimited
34480045290296606763470837901253068495, 77722075193502781211253785020892441640 -> a []{'href': '/login', 'style': 'color:unset'}, 74155260075949383841988739551624744508, http://localhost:1800/
74155260075949383841988739551624744508, None, 74155260075949383841988739551624744508, http://localhost:1800/
74155260075949383841988739551624744508, None, 74155260075949383841988739551624744508, http://localhost:1800/
74155260075949383841988739551624744508, 335177995277185720436677424941113667172 -> a ['Private Sessions']{'href': '#'}, 31358316778550977529786788011359927828, http://localhost:1800/#
31358316778550977529786788011359927828, 213786466674511586446221676810385570193 -> button [<span class="MuiButton-startIcon MuiButton-iconSizeMedium css-6xugel", 143071889150884705634205232230842087196, http://localhost:1800/#
143071889150884705634205232230842087196, 68465627557326038611256173190836588557 -> a ['Subscribe Now']{'href': '/subscribe?product=team', 'class': 'btnoutline-btnmb-3'}, 143071889150884705634205232230842087196, http://localhost:1800/#
143071889150884705634205232230842087196, 2287762827317956453547906360552510024 -> button ['Login']{'class': 'MuiButton-rootMuiButton-textMuiButton-textPrimaryMuiButton-sizeMediumMuiButton-textSizeMediumMuiButtonBase-rootMui-disabledcss-bfpls6', 'tabindex': '-', 'type': 'button', 'disabled': ''}, 143071889150884705634205232230842087196, http://localhost:1800/#
143071889150884705634205232230842087196, 206324686320906789238065681504732455644 -> a [<ul class="list-unstyled text-sm mb-4 pricing-feature-list", 143071889150884705634205232230842087196, http://localhost:1800/#
143071889150884705634205232230842087196, 335177995277185720436677424941113667172 -> a ['Private Sessions']{'href': '#'}, 143071889150884705634205232230842087196, http://localhost:1800/#
143071889150884705634205232230842087196, 126897143971849504177287452962379115636 -> a [<span class="ti-crown", 143071889150884705634205232230842087196, http://localhost:1800/#
143071889150884705634205232230842087196, 302515116903307686490089882789802233567 -> a [<div class="pt-4", 143071889150884705634205232230842087196, http://localhost:1800/#
74155260075949383841988739551624744508, None, 74155260075949383841988739551624744508, http://localhost:1800/
74155260075949383841988739551624744508, None, 74155260075949383841988739551624744508, http://localhost:1800/
74155260075949383841988739551624744508, 213786466674511586446221676810385570193 -> button [<span class="MuiButton-startIcon MuiButton-iconSizeMedium css-6xugel", 199222071360682078865197807318038347473, http://localhost:1800/
199222071360682078865197807318038347473, 327937726161083285969189735314083983827 -> input []{'aria-invalid': 'false', 'id': ':r:', 'placeholder': 'E-mail', 'type': 'email', 'class': 'MuiInput-inputMuiInputBase-inputMuiInputBase-inputAdornedStartcss-mnn31', 'value': ''}, 199222071360682078865197807318038347473, http://localhost:1800/
199222071360682078865197807318038347473, 241834424327382346987432935799321988837 -> a [<span class="ti-twitter", 199222071360682078865197807318038347473, http://localhost:1800/
199222071360682078865197807318038347473, 213786466674511586446221676810385570193 -> button [<span class="MuiButton-startIcon MuiButton-iconSizeMedium css-6xugel", 74155260075949383841988739551624744508, http://localhost:1800/
74155260075949383841988739551624744508, 243157659132187107739887812339775519703 -> a ['support@retrospected.com']{'href': 'mailto:support@retrospected.com'}, 74155260075949383841988739551624744508, http://localhost:1800/
74155260075949383841988739551624744508, 322294491624679672579461493340971535867 -> a ['Accounts Federation']{'href': '#'}, 31358316778550977529786788011359927828, http://localhost:1800/#
74155260075949383841988739551624744508, None, 74155260075949383841988739551624744508, http://localhost:1800/
74155260075949383841988739551624744508, 77722075193502781211253785020892441640 -> a []{'href': '/login', 'style': 'color:unset'}, 74155260075949383841988739551624744508, http://localhost:1800/
74155260075949383841988739551624744508, None, 74155260075949383841988739551624744508, http://localhost:1800/
74155260075949383841988739551624744508, None, 74155260075949383841988739551624744508, http://localhost:1800/
74155260075949383841988739551624744508, None, 74155260075949383841988739551624744508, http://localhost:1800/
74155260075949383841988739551624744508, 322294491624679672579461493340971535867 -> a ['Accounts Federation']{'href': '#'}, 31358316778550977529786788011359927828, http://localhost:1800/#
74155260075949383841988739551624744508, None, 74155260075949383841988739551624744508, http://localhost:1800/
74155260075949383841988739551624744508, 43049699877994183524356976929040969917 -> button [<svg aria-hidden="true" class="MuiSvgIcon-root MuiSvgIcon-fontSizeMedium css-vubbuv" data-testid="MenuIcon" focusable="false" viewbox="0 0 24 24", 74155260075949383841988739551624744508, http://localhost:1800/
74155260075949383841988739551624744508, 44226831132642797030845329423154588134 -> a ['Simplified Self-Hosting']{'href': '#'}, 74155260075949383841988739551624744508, http://localhost:1800/
74155260075949383841988739551624744508, 326260989328514412703228462752826086408 -> a ['contact us']{'href': 'mailto:support@retrospected.com'}, 74155260075949383841988739551624744508, http://localhost:1800/
74155260075949383841988739551624744508, 126897143971849504177287452962379115636 -> a [<span class="ti-crown", 74921026783633498634010030204556921178, http://localhost:1800/
74921026783633498634010030204556921178, 264323178795734057221956673756651836778 -> a ['here']{'target': '_blank', 'href': 'https://www.retrospected.com/subscribe?product=self-hosted', 'rel': 'noreferrer'}, 74921026783633498634010030204556921178, http://localhost:1800/
74155260075949383841988739551624744508, None, 74155260075949383841988739551624744508, http://localhost:1800/
74155260075949383841988739551624744508, None, 74155260075949383841988739551624744508, http://localhost:1800/
74155260075949383841988739551624744508, 220230489951247748324856720139661540476 -> a ['amazing documentation']{'target': '_blank', 'href': 'https://docs.retrospected.com/docs/self-hosting/quick-start'}, 74155260075949383841988739551624744508, http://localhost:1800/
74155260075949383841988739551624744508, 326260989328514412703228462752826086408 -> a ['contact us']{'href': 'mailto:support@retrospected.com'}, 74155260075949383841988739551624744508, http://localhost:1800/
74155260075949383841988739551624744508, 322294491624679672579461493340971535867 -> a ['Accounts Federation']{'href': '#'}, 31358316778550977529786788011359927828, http://localhost:1800/#
74155260075949383841988739551624744508, None, 74155260075949383841988739551624744508, http://localhost:1800/
74155260075949383841988739551624744508, None, 74155260075949383841988739551624744508, http://localhost:1800/
74155260075949383841988739551624744508, None, 74155260075949383841988739551624744508, http://localhost:1800/
74155260075949383841988739551624744508, 282212841185837970464880490913268752826 -> a [<ul class="list-unstyled text-sm mb-4 pricing-feature-list", 74155260075949383841988739551624744508, http://localhost:1800/
74155260075949383841988739551624744508, None, 74155260075949383841988739551624744508, http://localhost:1800/
74155260075949383841988739551624744508, 243157659132187107739887812339775519703 -> a ['support@retrospected.com']{'href': 'mailto:support@retrospected.com'}, 74155260075949383841988739551624744508, http://localhost:1800/
74155260075949383841988739551624744508, 335177995277185720436677424941113667172 -> a ['Private Sessions']{'href': '#'}, 31358316778550977529786788011359927828, http://localhost:1800/#
74155260075949383841988739551624744508, None, 74155260075949383841988739551624744508, http://localhost:1800/
74155260075949383841988739551624744508, 213786466674511586446221676810385570193 -> button [<span class="MuiButton-startIcon MuiButton-iconSizeMedium css-6xugel", 199222071360682078865197807318038347473, http://localhost:1800/
199222071360682078865197807318038347473, 231190292153324487594472440397089282838 -> a ['Forgot your password?']{'class': 'MuiTypography-rootMuiTypography-inheritMuiLink-rootMuiLink-underlineAlwayscss-1ce2dd9', 'data-cy': 'forgot-password'}, 74155260075949383841988739551624744508, http://localhost:1800/
74155260075949383841988739551624744508, 264323178795734057221956673756651836778 -> a ['here']{'target': '_blank', 'href': 'https://www.retrospected.com/subscribe?product=self-hosted', 'rel': 'noreferrer'}, 74155260075949383841988739551624744508, http://localhost:1800/
74155260075949383841988739551624744508, 126897143971849504177287452962379115636 -> a [<span class="ti-crown", 74921026783633498634010030204556921178, http://localhost:1800/
74155260075949383841988739551624744508, None, 74155260075949383841988739551624744508, http://localhost:1800/
74155260075949383841988739551624744508, 335177995277185720436677424941113667172 -> a ['Private Sessions']{'href': '#'}, 31358316778550977529786788011359927828, http://localhost:1800/#
31358316778550977529786788011359927828, 213786466674511586446221676810385570193 -> button [<span class="MuiButton-startIcon MuiButton-iconSizeMedium css-6xugel", 143071889150884705634205232230842087196, http://localhost:1800/#
143071889150884705634205232230842087196, 168977170084701023319803179370392167339 -> input []{'aria-invalid': 'false', 'id': ':r:', 'placeholder': 'Password', 'type': 'password', 'class': 'MuiInput-inputMuiInputBase-inputMuiInputBase-inputAdornedStartcss-mnn31', 'value': ''}, 143071889150884705634205232230842087196, http://localhost:1800/#
143071889150884705634205232230842087196, 264323178795734057221956673756651836778 -> a ['here']{'target': '_blank', 'href': 'https://www.retrospected.com/subscribe?product=self-hosted', 'rel': 'noreferrer'}, 31358316778550977529786788011359927828, http://localhost:1800/#
31358316778550977529786788011359927828, 335177995277185720436677424941113667172 -> a ['Private Sessions']{'href': '#'}, 31358316778550977529786788011359927828, http://localhost:1800/#
31358316778550977529786788011359927828, 77722075193502781211253785020892441640 -> a []{'href': '/login', 'style': 'color:unset'}, 31358316778550977529786788011359927828, http://localhost:1800/#
31358316778550977529786788011359927828, 42781586748898556957319857378680623162 -> a []{'href': '/subscribe?product=self-hosted', 'style': 'color:unset'}, 31358316778550977529786788011359927828, http://localhost:1800/#
31358316778550977529786788011359927828, 322294491624679672579461493340971535867 -> a ['Accounts Federation']{'href': '#'}, 31358316778550977529786788011359927828, http://localhost:1800/#
74155260075949383841988739551624744508, None, 74155260075949383841988739551624744508, http://localhost:1800/
74155260075949383841988739551624744508, 335177995277185720436677424941113667172 -> a ['Private Sessions']{'href': '#'}, 31358316778550977529786788011359927828, http://localhost:1800/#
31358316778550977529786788011359927828, 213786466674511586446221676810385570193 -> button [<span class="MuiButton-startIcon MuiButton-iconSizeMedium css-6xugel", 143071889150884705634205232230842087196, http://localhost:1800/#
143071889150884705634205232230842087196, 126897143971849504177287452962379115636 -> a [<span class="ti-crown", 143071889150884705634205232230842087196, http://localhost:1800/#
143071889150884705634205232230842087196, 254223092764667133638200428295916035974 -> a [<span class="ti-lock", 143071889150884705634205232230842087196, http://localhost:1800/#
143071889150884705634205232230842087196, 243157659132187107739887812339775519703 -> a ['support@retrospected.com']{'href': 'mailto:support@retrospected.com'}, 143071889150884705634205232230842087196, http://localhost:1800/#
143071889150884705634205232230842087196, 126897143971849504177287452962379115636 -> a [<span class="ti-crown", 143071889150884705634205232230842087196, http://localhost:1800/#
143071889150884705634205232230842087196, 131498267285019480364075027932691640882 -> a []{'href': '/subscribe?product=unlimited', 'style': 'color:unset'}, 143071889150884705634205232230842087196, http://localhost:1800/#
143071889150884705634205232230842087196, 231932781397952616542666070090653703638 -> a [<div class="pt-4", 143071889150884705634205232230842087196, http://localhost:1800/#
74155260075949383841988739551624744508, None, 74155260075949383841988739551624744508, http://localhost:1800/
74155260075949383841988739551624744508, None, 74155260075949383841988739551624744508, http://localhost:1800/
74155260075949383841988739551624744508, None, 74155260075949383841988739551624744508, http://localhost:1800/
74155260075949383841988739551624744508, None, 74155260075949383841988739551624744508, http://localhost:1800/
74155260075949383841988739551624744508, None, 74155260075949383841988739551624744508, http://localhost:1800/
74155260075949383841988739551624744508, None, 74155260075949383841988739551624744508, http://localhost:1800/
74155260075949383841988739551624744508, 42781586748898556957319857378680623162 -> a []{'href': '/subscribe?product=self-hosted', 'style': 'color:unset'}, 74155260075949383841988739551624744508, http://localhost:1800/
74155260075949383841988739551624744508, 322294491624679672579461493340971535867 -> a ['Accounts Federation']{'href': '#'}, 31358316778550977529786788011359927828, http://localhost:1800/#
31358316778550977529786788011359927828, 171732623341340118822743671651694422782 -> a ['docs']{'target': '_blank', 'href': 'https://docs.retrospected.com/docs/self-hosting/quick-start'}, 31358316778550977529786788011359927828, http://localhost:1800/#
31358316778550977529786788011359927828, 171732623341340118822743671651694422782 -> a ['docs']{'target': '_blank', 'href': 'https://docs.retrospected.com/docs/self-hosting/quick-start'}, 31358316778550977529786788011359927828, http://localhost:1800/#
31358316778550977529786788011359927828, 126897143971849504177287452962379115636 -> a [<span class="ti-crown", 29092016549864325000952047354909891089, http://localhost:1800/#
29092016549864325000952047354909891089, 264323178795734057221956673756651836778 -> a ['here']{'target': '_blank', 'href': 'https://www.retrospected.com/subscribe?product=self-hosted', 'rel': 'noreferrer'}, 29092016549864325000952047354909891089, http://localhost:1800/#
74155260075949383841988739551624744508, None, 74155260075949383841988739551624744508, http://localhost:1800/
74155260075949383841988739551624744508, 241834424327382346987432935799321988837 -> a [<span class="ti-twitter", 74155260075949383841988739551624744508, http://localhost:1800/
74155260075949383841988739551624744508, 77722075193502781211253785020892441640 -> a []{'href': '/login', 'style': 'color:unset'}, 74155260075949383841988739551624744508, http://localhost:1800/
74155260075949383841988739551624744508, 254223092764667133638200428295916035974 -> a [<span class="ti-lock", 312035304379938343747989387892194858733, http://localhost:1800/
74155260075949383841988739551624744508, None, 74155260075949383841988739551624744508, http://localhost:1800/
74155260075949383841988739551624744508, 322294491624679672579461493340971535867 -> a ['Accounts Federation']{'href': '#'}, 31358316778550977529786788011359927828, http://localhost:1800/#
31358316778550977529786788011359927828, 264323178795734057221956673756651836778 -> a ['here']{'target': '_blank', 'href': 'https://www.retrospected.com/subscribe?product=self-hosted', 'rel': 'noreferrer'}, 31358316778550977529786788011359927828, http://localhost:1800/#
31358316778550977529786788011359927828, 241834424327382346987432935799321988837 -> a [<span class="ti-twitter", 31358316778550977529786788011359927828, http://localhost:1800/#
74155260075949383841988739551624744508, None, 74155260075949383841988739551624744508, http://localhost:1800/
74155260075949383841988739551624744508, None, 74155260075949383841988739551624744508, http://localhost:1800/
74155260075949383841988739551624744508, 266290469012312326683711838841638666372 -> button [<svg aria-hidden="true" class="MuiSvgIcon-root MuiSvgIcon-fontSizeMedium css-vubbuv" data-testid="HomeOutlinedIcon" focusable="false" viewbox="0 0 24 24", 74155260075949383841988739551624744508, http://localhost:1800/
74155260075949383841988739551624744508, None, 74155260075949383841988739551624744508, http://localhost:1800/
74155260075949383841988739551624744508, 326260989328514412703228462752826086408 -> a ['contact us']{'href': 'mailto:support@retrospected.com'}, 74155260075949383841988739551624744508, http://localhost:1800/
74155260075949383841988739551624744508, 322294491624679672579461493340971535867 -> a ['Accounts Federation']{'href': '#'}, 31358316778550977529786788011359927828, http://localhost:1800/#
31358316778550977529786788011359927828, 254223092764667133638200428295916035974 -> a [<span class="ti-lock", 98951389206994023167960179296979532349, http://localhost:1800/#
98951389206994023167960179296979532349, 230313313312885264188619318999131343590 -> a ['Contact us']{'href': 'mailto:support@retrospected.com', 'class': 'color-secondary'}, 98951389206994023167960179296979532349, http://localhost:1800/#
74155260075949383841988739551624744508, None, 74155260075949383841988739551624744508, http://localhost:1800/
74155260075949383841988739551624744508, None, 74155260075949383841988739551624744508, http://localhost:1800/
74155260075949383841988739551624744508, 126897143971849504177287452962379115636 -> a [<span class="ti-crown", 74921026783633498634010030204556921178, http://localhost:1800/
74921026783633498634010030204556921178, 230313313312885264188619318999131343590 -> a ['Contact us']{'href': 'mailto:support@retrospected.com', 'class': 'color-secondary'}, 74921026783633498634010030204556921178, http://localhost:1800/
74921026783633498634010030204556921178, 241834424327382346987432935799321988837 -> a [<span class="ti-twitter", 74921026783633498634010030204556921178, http://localhost:1800/
74921026783633498634010030204556921178, 44226831132642797030845329423154588134 -> a ['Simplified Self-Hosting']{'href': '#'}, 29092016549864325000952047354909891089, http://localhost:1800/#
29092016549864325000952047354909891089, 33882277759036140018466438713772133080 -> a [<span class="ti-crown", 29092016549864325000952047354909891089, http://localhost:1800/#
74155260075949383841988739551624744508, None, 74155260075949383841988739551624744508, http://localhost:1800/
74155260075949383841988739551624744508, None, 74155260075949383841988739551624744508, http://localhost:1800/
74155260075949383841988739551624744508, 254223092764667133638200428295916035974 -> a [<span class="ti-lock", 312035304379938343747989387892194858733, http://localhost:1800/
312035304379938343747989387892194858733, 264323178795734057221956673756651836778 -> a ['here']{'target': '_blank', 'href': 'https://www.retrospected.com/subscribe?product=self-hosted', 'rel': 'noreferrer'}, 312035304379938343747989387892194858733, http://localhost:1800/
74155260075949383841988739551624744508, None, 74155260075949383841988739551624744508, http://localhost:1800/
74155260075949383841988739551624744508, None, 74155260075949383841988739551624744508, http://localhost:1800/
74155260075949383841988739551624744508, None, 74155260075949383841988739551624744508, http://localhost:1800/
74155260075949383841988739551624744508, 220230489951247748324856720139661540476 -> a ['amazing documentation']{'target': '_blank', 'href': 'https://docs.retrospected.com/docs/self-hosting/quick-start'}, 74155260075949383841988739551624744508, http://localhost:1800/
74155260075949383841988739551624744508, None, 74155260075949383841988739551624744508, http://localhost:1800/
74155260075949383841988739551624744508, 126897143971849504177287452962379115636 -> a [<span class="ti-crown", 74921026783633498634010030204556921178, http://localhost:1800/
74921026783633498634010030204556921178, 43049699877994183524356976929040969917 -> button [<svg aria-hidden="true" class="MuiSvgIcon-root MuiSvgIcon-fontSizeMedium css-vubbuv" data-testid="MenuIcon" focusable="false" viewbox="0 0 24 24", 74921026783633498634010030204556921178, http://localhost:1800/
74921026783633498634010030204556921178, 335177995277185720436677424941113667172 -> a ['Private Sessions']{'href': '#'}, 74921026783633498634010030204556921178, http://localhost:1800/
74921026783633498634010030204556921178, 266290469012312326683711838841638666372 -> button [<svg aria-hidden="true" class="MuiSvgIcon-root MuiSvgIcon-fontSizeMedium css-vubbuv" data-testid="HomeOutlinedIcon" focusable="false" viewbox="0 0 24 24", 74921026783633498634010030204556921178, http://localhost:1800/
74155260075949383841988739551624744508, None, 74155260075949383841988739551624744508, http://localhost:1800/
74155260075949383841988739551624744508, 126897143971849504177287452962379115636 -> a [<span class="ti-crown", 74921026783633498634010030204556921178, http://localhost:1800/
74921026783633498634010030204556921178, 326260989328514412703228462752826086408 -> a ['contact us']{'href': 'mailto:support@retrospected.com'}, 74921026783633498634010030204556921178, http://localhost:1800/
74921026783633498634010030204556921178, 206164577955608859182796379325284454987 -> a [<span class="ti-check-box", 61832822962638269947097031219656062189, http://localhost:1800/
61832822962638269947097031219656062189, 220230489951247748324856720139661540476 -> a ['amazing documentation']{'target': '_blank', 'href': 'https://docs.retrospected.com/docs/self-hosting/quick-start'}, 61832822962638269947097031219656062189, http://localhost:1800/
74155260075949383841988739551624744508, None, 74155260075949383841988739551624744508, http://localhost:1800/
74155260075949383841988739551624744508, None, 74155260075949383841988739551624744508, http://localhost:1800/
74155260075949383841988739551624744508, None, 74155260075949383841988739551624744508, http://localhost:1800/
74155260075949383841988739551624744508, 294408008975193969872912268871713931036 -> a [<span class="ti-wand", 134889261547027000173533848097898943919, http://localhost:1800/
134889261547027000173533848097898943919, 254223092764667133638200428295916035974 -> a [<span class="ti-lock", 312035304379938343747989387892194858733, http://localhost:1800/
312035304379938343747989387892194858733, 42781586748898556957319857378680623162 -> a []{'href': '/subscribe?product=self-hosted', 'style': 'color:unset'}, 312035304379938343747989387892194858733, http://localhost:1800/
74155260075949383841988739551624744508, None, 74155260075949383841988739551624744508, http://localhost:1800/
74155260075949383841988739551624744508, 171732623341340118822743671651694422782 -> a ['docs']{'target': '_blank', 'href': 'https://docs.retrospected.com/docs/self-hosting/quick-start'}, 74155260075949383841988739551624744508, http://localhost:1800/
74155260075949383841988739551624744508, 294408008975193969872912268871713931036 -> a [<span class="ti-wand", 134889261547027000173533848097898943919, http://localhost:1800/
134889261547027000173533848097898943919, 241834424327382346987432935799321988837 -> a [<span class="ti-twitter", 134889261547027000173533848097898943919, http://localhost:1800/
74155260075949383841988739551624744508, None, 74155260075949383841988739551624744508, http://localhost:1800/
74155260075949383841988739551624744508, None, 74155260075949383841988739551624744508, http://localhost:1800/
74155260075949383841988739551624744508, 326260989328514412703228462752826086408 -> a ['contact us']{'href': 'mailto:support@retrospected.com'}, 74155260075949383841988739551624744508, http://localhost:1800/
74155260075949383841988739551624744508, 294408008975193969872912268871713931036 -> a [<span class="ti-wand", 134889261547027000173533848097898943919, http://localhost:1800/
134889261547027000173533848097898943919, 322294491624679672579461493340971535867 -> a ['Accounts Federation']{'href': '#'}, 64759341743218985906504641236022142956, http://localhost:1800/#
64759341743218985906504641236022142956, 326260989328514412703228462752826086408 -> a ['contact us']{'href': 'mailto:support@retrospected.com'}, 64759341743218985906504641236022142956, http://localhost:1800/#
64759341743218985906504641236022142956, 198330988671355682266587899514732098117 -> a []{'href': '/subscribe?product=team', 'style': 'color:unset'}, 64759341743218985906504641236022142956, http://localhost:1800/#
74155260075949383841988739551624744508, None, 74155260075949383841988739551624744508, http://localhost:1800/
74155260075949383841988739551624744508, 213786466674511586446221676810385570193 -> button [<span class="MuiButton-startIcon MuiButton-iconSizeMedium css-6xugel", 199222071360682078865197807318038347473, http://localhost:1800/
199222071360682078865197807318038347473, 336904364436393438922229249079573760048 -> a ['Not registered? Click here']{'class': 'MuiTypography-rootMuiTypography-inheritMuiLink-rootMuiLink-underlineAlwayscss-1ce2dd9', 'data-cy': 'register'}, 338961504361008889755351455042736195397, http://localhost:1800/
338961504361008889755351455042736195397, 110855831145777487416469467193220148137 -> button ['Password', <span class="MuiTouchRipple-root css-w0pj6f", 338961504361008889755351455042736195397, http://localhost:1800/
338961504361008889755351455042736195397, 119453254457619192928920484127755152564 -> button ['Register']{'class': 'MuiButton-rootMuiButton-textMuiButton-textPrimaryMuiButton-sizeMediumMuiButton-textSizeMediumMuiButtonBase-rootMui-disabledcss-bfpls6', 'tabindex': '-', 'type': 'button', 'disabled': '', 'data-cy': 'register-button'}, 338961504361008889755351455042736195397, http://localhost:1800/
338961504361008889755351455042736195397, 213786466674511586446221676810385570193 -> button [<span class="MuiButton-startIcon MuiButton-iconSizeMedium css-6xugel", 74155260075949383841988739551624744508, http://localhost:1800/
74155260075949383841988739551624744508, None, 74155260075949383841988739551624744508, http://localhost:1800/
74155260075949383841988739551624744508, 335177995277185720436677424941113667172 -> a ['Private Sessions']{'href': '#'}, 31358316778550977529786788011359927828, http://localhost:1800/#
74155260075949383841988739551624744508, None, 74155260075949383841988739551624744508, http://localhost:1800/
74155260075949383841988739551624744508, 294408008975193969872912268871713931036 -> a [<span class="ti-wand", 134889261547027000173533848097898943919, http://localhost:1800/
134889261547027000173533848097898943919, 266290469012312326683711838841638666372 -> button [<svg aria-hidden="true" class="MuiSvgIcon-root MuiSvgIcon-fontSizeMedium css-vubbuv" data-testid="HomeOutlinedIcon" focusable="false" viewbox="0 0 24 24", 134889261547027000173533848097898943919, http://localhost:1800/
74155260075949383841988739551624744508, None, 74155260075949383841988739551624744508, http://localhost:1800/
74155260075949383841988739551624744508, 254223092764667133638200428295916035974 -> a [<span class="ti-lock", 312035304379938343747989387892194858733, http://localhost:1800/
312035304379938343747989387892194858733, 230313313312885264188619318999131343590 -> a ['Contact us']{'href': 'mailto:support@retrospected.com', 'class': 'color-secondary'}, 312035304379938343747989387892194858733, http://localhost:1800/
74155260075949383841988739551624744508, None, 74155260075949383841988739551624744508, http://localhost:1800/
74155260075949383841988739551624744508, None, 74155260075949383841988739551624744508, http://localhost:1800/
74155260075949383841988739551624744508, 131498267285019480364075027932691640882 -> a []{'href': '/subscribe?product=unlimited', 'style': 'color:unset'}, 74155260075949383841988739551624744508, http://localhost:1800/
74155260075949383841988739551624744508, 294408008975193969872912268871713931036 -> a [<span class="ti-wand", 134889261547027000173533848097898943919, http://localhost:1800/
74155260075949383841988739551624744508, None, 74155260075949383841988739551624744508, http://localhost:1800/
74155260075949383841988739551624744508, 126897143971849504177287452962379115636 -> a [<span class="ti-crown", 74921026783633498634010030204556921178, http://localhost:1800/
74921026783633498634010030204556921178, 206164577955608859182796379325284454987 -> a [<span class="ti-check-box", 61832822962638269947097031219656062189, http://localhost:1800/
74155260075949383841988739551624744508, None, 74155260075949383841988739551624744508, http://localhost:1800/
74155260075949383841988739551624744508, 294408008975193969872912268871713931036 -> a [<span class="ti-wand", 134889261547027000173533848097898943919, http://localhost:1800/
74155260075949383841988739551624744508, None, 74155260075949383841988739551624744508, http://localhost:1800/
74155260075949383841988739551624744508, None, 74155260075949383841988739551624744508, http://localhost:1800/
74155260075949383841988739551624744508, None, 74155260075949383841988739551624744508, http://localhost:1800/
74155260075949383841988739551624744508, 322294491624679672579461493340971535867 -> a ['Accounts Federation']{'href': '#'}, 31358316778550977529786788011359927828, http://localhost:1800/#
31358316778550977529786788011359927828, 131498267285019480364075027932691640882 -> a []{'href': '/subscribe?product=unlimited', 'style': 'color:unset'}, 31358316778550977529786788011359927828, http://localhost:1800/#
74155260075949383841988739551624744508, None, 74155260075949383841988739551624744508, http://localhost:1800/
74155260075949383841988739551624744508, 213786466674511586446221676810385570193 -> button [<span class="MuiButton-startIcon MuiButton-iconSizeMedium css-6xugel", 199222071360682078865197807318038347473, http://localhost:1800/
199222071360682078865197807318038347473, 206135397846945457121200555401346790746 -> a ['Acceptable Use Policy']{'href': 'https://www.websitepolicies.com/policies/view/fbk00C8V'}, 338961504361008889755351455042736195397, http://localhost:1800/
338961504361008889755351455042736195397, 230313313312885264188619318999131343590 -> a ['Contact us']{'href': 'mailto:support@retrospected.com', 'class': 'color-secondary'}, 338961504361008889755351455042736195397, http://localhost:1800/
338961504361008889755351455042736195397, 87815277028660565207758178488276055881 -> button ['Anonymous Login', <span class="MuiTouchRipple-root css-w0pj6f", 338961504361008889755351455042736195397, http://localhost:1800/
338961504361008889755351455042736195397, 135647280499055723493152612160095198664 -> input []{'placeholder': 'Please enter a name or nickname here to continue', 'type': 'text', 'data-cy': 'anon-input', 'class': 'MuiInput-inputMuiInputBase-inputcss-mnn31', 'value': ''}, 338961504361008889755351455042736195397, http://localhost:1800/
338961504361008889755351455042736195397, 131784919546027810657093922306497179200 -> a ['Terms & Conditions']{'href': 'https://www.websitepolicies.com/policies/view/hdru1dWL'}, 338961504361008889755351455042736195397, http://localhost:1800/
338961504361008889755351455042736195397, 171732623341340118822743671651694422782 -> a ['docs']{'target': '_blank', 'href': 'https://docs.retrospected.com/docs/self-hosting/quick-start'}, 338961504361008889755351455042736195397, http://localhost:1800/
338961504361008889755351455042736195397, 43049699877994183524356976929040969917 -> button [<svg aria-hidden="true" class="MuiSvgIcon-root MuiSvgIcon-fontSizeMedium css-vubbuv" data-testid="MenuIcon" focusable="false" viewbox="0 0 24 24", 74155260075949383841988739551624744508, http://localhost:1800/
74155260075949383841988739551624744508, None, 74155260075949383841988739551624744508, http://localhost:1800/
74155260075949383841988739551624744508, 282212841185837970464880490913268752826 -> a [<ul class="list-unstyled text-sm mb-4 pricing-feature-list", 74155260075949383841988739551624744508, http://localhost:1800/
74155260075949383841988739551624744508, 198330988671355682266587899514732098117 -> a []{'href': '/subscribe?product=team', 'style': 'color:unset'}, 74155260075949383841988739551624744508, http://localhost:1800/
74155260075949383841988739551624744508, 254223092764667133638200428295916035974 -> a [<span class="ti-lock", 312035304379938343747989387892194858733, http://localhost:1800/
312035304379938343747989387892194858733, 220230489951247748324856720139661540476 -> a ['amazing documentation']{'target': '_blank', 'href': 'https://docs.retrospected.com/docs/self-hosting/quick-start'}, 312035304379938343747989387892194858733, http://localhost:1800/
312035304379938343747989387892194858733, 220230489951247748324856720139661540476 -> a ['amazing documentation']{'target': '_blank', 'href': 'https://docs.retrospected.com/docs/self-hosting/quick-start'}, 312035304379938343747989387892194858733, http://localhost:1800/
312035304379938343747989387892194858733, 302515116903307686490089882789802233567 -> a [<div class="pt-4", 292785116217684151864372479812557129728, http://localhost:1800/login
74155260075949383841988739551624744508, None, 74155260075949383841988739551624744508, http://localhost:1800/
74155260075949383841988739551624744508, None, 74155260075949383841988739551624744508, http://localhost:1800/
74155260075949383841988739551624744508, 294408008975193969872912268871713931036 -> a [<span class="ti-wand", 134889261547027000173533848097898943919, http://localhost:1800/
74155260075949383841988739551624744508, None, 74155260075949383841988739551624744508, http://localhost:1800/
74155260075949383841988739551624744508, 198330988671355682266587899514732098117 -> a []{'href': '/subscribe?product=team', 'style': 'color:unset'}, 74155260075949383841988739551624744508, http://localhost:1800/
74155260075949383841988739551624744508, None, 74155260075949383841988739551624744508, http://localhost:1800/
74155260075949383841988739551624744508, 294408008975193969872912268871713931036 -> a [<span class="ti-wand", 134889261547027000173533848097898943919, http://localhost:1800/
134889261547027000173533848097898943919, 230313313312885264188619318999131343590 -> a ['Contact us']{'href': 'mailto:support@retrospected.com', 'class': 'color-secondary'}, 134889261547027000173533848097898943919, http://localhost:1800/
134889261547027000173533848097898943919, 322294491624679672579461493340971535867 -> a ['Accounts Federation']{'href': '#'}, 64759341743218985906504641236022142956, http://localhost:1800/#
64759341743218985906504641236022142956, 243157659132187107739887812339775519703 -> a ['support@retrospected.com']{'href': 'mailto:support@retrospected.com'}, 64759341743218985906504641236022142956, http://localhost:1800/#
64759341743218985906504641236022142956, 213786466674511586446221676810385570193 -> button [<span class="MuiButton-startIcon MuiButton-iconSizeMedium css-6xugel", 92119814672078507073266561032626849722, http://localhost:1800/#
92119814672078507073266561032626849722, 198330988671355682266587899514732098117 -> a []{'href': '/subscribe?product=team', 'style': 'color:unset'}, 92119814672078507073266561032626849722, http://localhost:1800/#
92119814672078507073266561032626849722, 241834424327382346987432935799321988837 -> a [<span class="ti-twitter", 92119814672078507073266561032626849722, http://localhost:1800/#
92119814672078507073266561032626849722, 126897143971849504177287452962379115636 -> a [<span class="ti-crown", 92119814672078507073266561032626849722, http://localhost:1800/#
74155260075949383841988739551624744508, None, 74155260075949383841988739551624744508, http://localhost:1800/
74155260075949383841988739551624744508, 96209764409702934583100429439126582709 -> a [<span class="ti-check-box", 74155260075949383841988739551624744508, http://localhost:1800/
74155260075949383841988739551624744508, 254223092764667133638200428295916035974 -> a [<span class="ti-lock", 312035304379938343747989387892194858733, http://localhost:1800/
74155260075949383841988739551624744508, None, 74155260075949383841988739551624744508, http://localhost:1800/
74155260075949383841988739551624744508, 322294491624679672579461493340971535867 -> a ['Accounts Federation']{'href': '#'}, 31358316778550977529786788011359927828, http://localhost:1800/#
31358316778550977529786788011359927828, 254223092764667133638200428295916035974 -> a [<span class="ti-lock", 98951389206994023167960179296979532349, http://localhost:1800/#
74155260075949383841988739551624744508, None, 74155260075949383841988739551624744508, http://localhost:1800/
74155260075949383841988739551624744508, None, 74155260075949383841988739551624744508, http://localhost:1800/
74155260075949383841988739551624744508, None, 74155260075949383841988739551624744508, http://localhost:1800/
74155260075949383841988739551624744508, 294408008975193969872912268871713931036 -> a [<span class="ti-wand", 134889261547027000173533848097898943919, http://localhost:1800/
74155260075949383841988739551624744508, None, 74155260075949383841988739551624744508, http://localhost:1800/
74155260075949383841988739551624744508, 335177995277185720436677424941113667172 -> a ['Private Sessions']{'href': '#'}, 31358316778550977529786788011359927828, http://localhost:1800/#
74155260075949383841988739551624744508, None, 74155260075949383841988739551624744508, http://localhost:1800/
74155260075949383841988739551624744508, 131498267285019480364075027932691640882 -> a []{'href': '/subscribe?product=unlimited', 'style': 'color:unset'}, 74155260075949383841988739551624744508, http://localhost:1800/
74155260075949383841988739551624744508, 126897143971849504177287452962379115636 -> a [<span class="ti-crown", 74921026783633498634010030204556921178, http://localhost:1800/
74921026783633498634010030204556921178, 294408008975193969872912268871713931036 -> a [<span class="ti-wand", 134889261547027000173533848097898943919, http://localhost:1800/
74155260075949383841988739551624744508, None, 74155260075949383841988739551624744508, http://localhost:1800/
74155260075949383841988739551624744508, 335177995277185720436677424941113667172 -> a ['Private Sessions']{'href': '#'}, 31358316778550977529786788011359927828, http://localhost:1800/#
31358316778550977529786788011359927828, 264323178795734057221956673756651836778 -> a ['here']{'target': '_blank', 'href': 'https://www.retrospected.com/subscribe?product=self-hosted', 'rel': 'noreferrer'}, 31358316778550977529786788011359927828, http://localhost:1800/#
31358316778550977529786788011359927828, 266290469012312326683711838841638666372 -> button [<svg aria-hidden="true" class="MuiSvgIcon-root MuiSvgIcon-fontSizeMedium css-vubbuv" data-testid="HomeOutlinedIcon" focusable="false" viewbox="0 0 24 24", 31358316778550977529786788011359927828, http://localhost:1800/#
31358316778550977529786788011359927828, 322294491624679672579461493340971535867 -> a ['Accounts Federation']{'href': '#'}, 31358316778550977529786788011359927828, http://localhost:1800/#
31358316778550977529786788011359927828, 213786466674511586446221676810385570193 -> button [<span class="MuiButton-startIcon MuiButton-iconSizeMedium css-6xugel", 143071889150884705634205232230842087196, http://localhost:1800/#
143071889150884705634205232230842087196, 241834424327382346987432935799321988837 -> a [<span class="ti-twitter", 143071889150884705634205232230842087196, http://localhost:1800/#
143071889150884705634205232230842087196, 87815277028660565207758178488276055881 -> button ['Anonymous Login', <span class="MuiTouchRipple-root css-w0pj6f", 31358316778550977529786788011359927828, http://localhost:1800/#
31358316778550977529786788011359927828, 259429282584614999335497645044159743076 -> button [<span class="MuiButton-startIcon MuiButton-iconSizeMedium css-6xugel", 31358316778550977529786788011359927828, http://localhost:1800/#
74155260075949383841988739551624744508, None, 74155260075949383841988739551624744508, http://localhost:1800/
74155260075949383841988739551624744508, 294408008975193969872912268871713931036 -> a [<span class="ti-wand", 134889261547027000173533848097898943919, http://localhost:1800/
134889261547027000173533848097898943919, 43049699877994183524356976929040969917 -> button [<svg aria-hidden="true" class="MuiSvgIcon-root MuiSvgIcon-fontSizeMedium css-vubbuv" data-testid="MenuIcon" focusable="false" viewbox="0 0 24 24", 134889261547027000173533848097898943919, http://localhost:1800/
134889261547027000173533848097898943919, 179158940186001624229635486147771138307 -> a [<div class="pt-4", 134889261547027000173533848097898943919, http://localhost:1800/
74155260075949383841988739551624744508, None, 74155260075949383841988739551624744508, http://localhost:1800/
74155260075949383841988739551624744508, 254223092764667133638200428295916035974 -> a [<span class="ti-lock", 312035304379938343747989387892194858733, http://localhost:1800/
74155260075949383841988739551624744508, None, 74155260075949383841988739551624744508, http://localhost:1800/
74155260075949383841988739551624744508, None, 74155260075949383841988739551624744508, http://localhost:1800/
74155260075949383841988739551624744508, 179158940186001624229635486147771138307 -> a [<div class="pt-4", 74155260075949383841988739551624744508, http://localhost:1800/
74155260075949383841988739551624744508, 179158940186001624229635486147771138307 -> a [<div class="pt-4", 145063299906549786380273283808992140296, http://localhost:1800/subscribe?product=team
145063299906549786380273283808992140296, 294408008975193969872912268871713931036 -> a [<span class="ti-wand", 55895000587529905068522007698134194626, http://localhost:1800/subscribe?product=team
55895000587529905068522007698134194626, 171732623341340118822743671651694422782 -> a ['docs']{'target': '_blank', 'href': 'https://docs.retrospected.com/docs/self-hosting/quick-start'}, 74155260075949383841988739551624744508, http://localhost:1800/
74155260075949383841988739551624744508, 335177995277185720436677424941113667172 -> a ['Private Sessions']{'href': '#'}, 31358316778550977529786788011359927828, http://localhost:1800/#
31358316778550977529786788011359927828, 302515116903307686490089882789802233567 -> a [<div class="pt-4", 292785116217684151864372479812557129728, http://localhost:1800/login
74155260075949383841988739551624744508, None, 74155260075949383841988739551624744508, http://localhost:1800/
74155260075949383841988739551624744508, 294408008975193969872912268871713931036 -> a [<span class="ti-wand", 134889261547027000173533848097898943919, http://localhost:1800/
74155260075949383841988739551624744508, None, 74155260075949383841988739551624744508, http://localhost:1800/
74155260075949383841988739551624744508, 77722075193502781211253785020892441640 -> a []{'href': '/login', 'style': 'color:unset'}, 74155260075949383841988739551624744508, http://localhost:1800/
74155260075949383841988739551624744508, None, 74155260075949383841988739551624744508, http://localhost:1800/
74155260075949383841988739551624744508, 294408008975193969872912268871713931036 -> a [<span class="ti-wand", 134889261547027000173533848097898943919, http://localhost:1800/
74155260075949383841988739551624744508, None, 74155260075949383841988739551624744508, http://localhost:1800/
74155260075949383841988739551624744508, 213786466674511586446221676810385570193 -> button [<span class="MuiButton-startIcon MuiButton-iconSizeMedium css-6xugel", 199222071360682078865197807318038347473, http://localhost:1800/
199222071360682078865197807318038347473, 243157659132187107739887812339775519703 -> a ['support@retrospected.com']{'href': 'mailto:support@retrospected.com'}, 338961504361008889755351455042736195397, http://localhost:1800/
338961504361008889755351455042736195397, 241834424327382346987432935799321988837 -> a [<span class="ti-twitter", 338961504361008889755351455042736195397, http://localhost:1800/
338961504361008889755351455042736195397, 243157659132187107739887812339775519703 -> a ['support@retrospected.com']{'href': 'mailto:support@retrospected.com'}, 338961504361008889755351455042736195397, http://localhost:1800/
338961504361008889755351455042736195397, 322294491624679672579461493340971535867 -> a ['Accounts Federation']{'href': '#'}, 338961504361008889755351455042736195397, http://localhost:1800/
338961504361008889755351455042736195397, 311139265183187381314120997124831806190 -> a [<ul class="list-unstyled text-sm mb-4 pricing-feature-list", 338961504361008889755351455042736195397, http://localhost:1800/
338961504361008889755351455042736195397, 231932781397952616542666070090653703638 -> a [<div class="pt-4", 338961504361008889755351455042736195397, http://localhost:1800/
338961504361008889755351455042736195397, 206135397846945457121200555401346790746 -> a ['Acceptable Use Policy']{'href': 'https://www.websitepolicies.com/policies/view/fbk00C8V'}, 338961504361008889755351455042736195397, http://localhost:1800/
74155260075949383841988739551624744508, None, 74155260075949383841988739551624744508, http://localhost:1800/
74155260075949383841988739551624744508, 198330988671355682266587899514732098117 -> a []{'href': '/subscribe?product=team', 'style': 'color:unset'}, 74155260075949383841988739551624744508, http://localhost:1800/
74155260075949383841988739551624744508, 266290469012312326683711838841638666372 -> button [<svg aria-hidden="true" class="MuiSvgIcon-root MuiSvgIcon-fontSizeMedium css-vubbuv" data-testid="HomeOutlinedIcon" focusable="false" viewbox="0 0 24 24", 74155260075949383841988739551624744508, http://localhost:1800/
74155260075949383841988739551624744508, None, 74155260075949383841988739551624744508, http://localhost:1800/
74155260075949383841988739551624744508, 126897143971849504177287452962379115636 -> a [<span class="ti-crown", 74921026783633498634010030204556921178, http://localhost:1800/
74921026783633498634010030204556921178, 131498267285019480364075027932691640882 -> a []{'href': '/subscribe?product=unlimited', 'style': 'color:unset'}, 74921026783633498634010030204556921178, http://localhost:1800/
74921026783633498634010030204556921178, 294408008975193969872912268871713931036 -> a [<span class="ti-wand", 134889261547027000173533848097898943919, http://localhost:1800/
134889261547027000173533848097898943919, 254223092764667133638200428295916035974 -> a [<span class="ti-lock", 312035304379938343747989387892194858733, http://localhost:1800/
74155260075949383841988739551624744508, None, 74155260075949383841988739551624744508, http://localhost:1800/
74155260075949383841988739551624744508, 294408008975193969872912268871713931036 -> a [<span class="ti-wand", 134889261547027000173533848097898943919, http://localhost:1800/
74155260075949383841988739551624744508, None, 74155260075949383841988739551624744508, http://localhost:1800/
74155260075949383841988739551624744508, 266290469012312326683711838841638666372 -> button [<svg aria-hidden="true" class="MuiSvgIcon-root MuiSvgIcon-fontSizeMedium css-vubbuv" data-testid="HomeOutlinedIcon" focusable="false" viewbox="0 0 24 24", 74155260075949383841988739551624744508, http://localhost:1800/
74155260075949383841988739551624744508, 126897143971849504177287452962379115636 -> a [<span class="ti-crown", 74921026783633498634010030204556921178, http://localhost:1800/
74921026783633498634010030204556921178, 171732623341340118822743671651694422782 -> a ['docs']{'target': '_blank', 'href': 'https://docs.retrospected.com/docs/self-hosting/quick-start'}, 74921026783633498634010030204556921178, http://localhost:1800/
74921026783633498634010030204556921178, 243157659132187107739887812339775519703 -> a ['support@retrospected.com']{'href': 'mailto:support@retrospected.com'}, 74921026783633498634010030204556921178, http://localhost:1800/
74921026783633498634010030204556921178, 198330988671355682266587899514732098117 -> a []{'href': '/subscribe?product=team', 'style': 'color:unset'}, 74921026783633498634010030204556921178, http://localhost:1800/
74155260075949383841988739551624744508, None, 74155260075949383841988739551624744508, http://localhost:1800/
74155260075949383841988739551624744508, 126897143971849504177287452962379115636 -> a [<span class="ti-crown", 74921026783633498634010030204556921178, http://localhost:1800/
74921026783633498634010030204556921178, 206164577955608859182796379325284454987 -> a [<span class="ti-check-box", 61832822962638269947097031219656062189, http://localhost:1800/
61832822962638269947097031219656062189, 294408008975193969872912268871713931036 -> a [<span class="ti-wand", 134889261547027000173533848097898943919, http://localhost:1800/
134889261547027000173533848097898943919, 322294491624679672579461493340971535867 -> a ['Accounts Federation']{'href': '#'}, 64759341743218985906504641236022142956, http://localhost:1800/#
74155260075949383841988739551624744508, None, 74155260075949383841988739551624744508, http://localhost:1800/
74155260075949383841988739551624744508, 213786466674511586446221676810385570193 -> button [<span class="MuiButton-startIcon MuiButton-iconSizeMedium css-6xugel", 199222071360682078865197807318038347473, http://localhost:1800/
199222071360682078865197807318038347473, 259429282584614999335497645044159743076 -> button [<span class="MuiButton-startIcon MuiButton-iconSizeMedium css-6xugel", 74155260075949383841988739551624744508, http://localhost:1800/
74155260075949383841988739551624744508, 254223092764667133638200428295916035974 -> a [<span class="ti-lock", 312035304379938343747989387892194858733, http://localhost:1800/
312035304379938343747989387892194858733, 198330988671355682266587899514732098117 -> a []{'href': '/subscribe?product=team', 'style': 'color:unset'}, 312035304379938343747989387892194858733, http://localhost:1800/
312035304379938343747989387892194858733, 266290469012312326683711838841638666372 -> button [<svg aria-hidden="true" class="MuiSvgIcon-root MuiSvgIcon-fontSizeMedium css-vubbuv" data-testid="HomeOutlinedIcon" focusable="false" viewbox="0 0 24 24", 312035304379938343747989387892194858733, http://localhost:1800/
74155260075949383841988739551624744508, None, 74155260075949383841988739551624744508, http://localhost:1800/
74155260075949383841988739551624744508, 179158940186001624229635486147771138307 -> a [<div class="pt-4", 74155260075949383841988739551624744508, http://localhost:1800/
74155260075949383841988739551624744508, 126897143971849504177287452962379115636 -> a [<span class="ti-crown", 74921026783633498634010030204556921178, http://localhost:1800/
74155260075949383841988739551624744508, None, 74155260075949383841988739551624744508, http://localhost:1800/
74155260075949383841988739551624744508, 213786466674511586446221676810385570193 -> button [<span class="MuiButton-startIcon MuiButton-iconSizeMedium css-6xugel", 199222071360682078865197807318038347473, http://localhost:1800/
199222071360682078865197807318038347473, 44226831132642797030845329423154588134 -> a ['Simplified Self-Hosting']{'href': '#'}, 338961504361008889755351455042736195397, http://localhost:1800/
338961504361008889755351455042736195397, 336904364436393438922229249079573760048 -> a ['Not registered? Click here']{'class': 'MuiTypography-rootMuiTypography-inheritMuiLink-rootMuiLink-underlineAlwayscss-1ce2dd9', 'data-cy': 'register'}, 338961504361008889755351455042736195397, http://localhost:1800/
338961504361008889755351455042736195397, 335177995277185720436677424941113667172 -> a ['Private Sessions']{'href': '#'}, 338961504361008889755351455042736195397, http://localhost:1800/
338961504361008889755351455042736195397, 162964068641074260540308367914671909462 -> input []{'aria-invalid': 'false', 'id': ':r:', 'placeholder': 'Your name (for display purposes)', 'required': '', 'type': 'text', 'class': 'MuiInput-inputMuiInputBase-inputMuiInputBase-inputAdornedStartcss-mnn31', 'value': ''}, 338961504361008889755351455042736195397, http://localhost:1800/
338961504361008889755351455042736195397, 274780680388405289476581134846676516515 -> input []{'aria-invalid': 'false', 'id': ':r:', 'placeholder': 'E-mail', 'required': '', 'type': 'text', 'class': 'MuiInput-inputMuiInputBase-inputMuiInputBase-inputAdornedStartcss-mnn31', 'value': ''}, 338961504361008889755351455042736195397, http://localhost:1800/
338961504361008889755351455042736195397, 182999676787019650696720490352237005627 -> a ['Privacy Policy']{'href': 'https://www.websitepolicies.com/policies/view/RdPWodZ5'}, 74155260075949383841988739551624744508, http://localhost:1800/
74155260075949383841988739551624744508, 171732623341340118822743671651694422782 -> a ['docs']{'target': '_blank', 'href': 'https://docs.retrospected.com/docs/self-hosting/quick-start'}, 74155260075949383841988739551624744508, http://localhost:1800/
74155260075949383841988739551624744508, None, 74155260075949383841988739551624744508, http://localhost:1800/
74155260075949383841988739551624744508, 335177995277185720436677424941113667172 -> a ['Private Sessions']{'href': '#'}, 31358316778550977529786788011359927828, http://localhost:1800/#
31358316778550977529786788011359927828, 243157659132187107739887812339775519703 -> a ['support@retrospected.com']{'href': 'mailto:support@retrospected.com'}, 31358316778550977529786788011359927828, http://localhost:1800/#
74155260075949383841988739551624744508, None, 74155260075949383841988739551624744508, http://localhost:1800/
74155260075949383841988739551624744508, 294408008975193969872912268871713931036 -> a [<span class="ti-wand", 134889261547027000173533848097898943919, http://localhost:1800/
134889261547027000173533848097898943919, 266290469012312326683711838841638666372 -> button [<svg aria-hidden="true" class="MuiSvgIcon-root MuiSvgIcon-fontSizeMedium css-vubbuv" data-testid="HomeOutlinedIcon" focusable="false" viewbox="0 0 24 24", 134889261547027000173533848097898943919, http://localhost:1800/
134889261547027000173533848097898943919, 44226831132642797030845329423154588134 -> a ['Simplified Self-Hosting']{'href': '#'}, 64759341743218985906504641236022142956, http://localhost:1800/#
74155260075949383841988739551624744508, None, 74155260075949383841988739551624744508, http://localhost:1800/
74155260075949383841988739551624744508, 230313313312885264188619318999131343590 -> a ['Contact us']{'href': 'mailto:support@retrospected.com', 'class': 'color-secondary'}, 74155260075949383841988739551624744508, http://localhost:1800/
74155260075949383841988739551624744508, None, 74155260075949383841988739551624744508, http://localhost:1800/
74155260075949383841988739551624744508, 326260989328514412703228462752826086408 -> a ['contact us']{'href': 'mailto:support@retrospected.com'}, 74155260075949383841988739551624744508, http://localhost:1800/
74155260075949383841988739551624744508, 294408008975193969872912268871713931036 -> a [<span class="ti-wand", 134889261547027000173533848097898943919, http://localhost:1800/
74155260075949383841988739551624744508, None, 74155260075949383841988739551624744508, http://localhost:1800/
74155260075949383841988739551624744508, 335177995277185720436677424941113667172 -> a ['Private Sessions']{'href': '#'}, 31358316778550977529786788011359927828, http://localhost:1800/#
74155260075949383841988739551624744508, None, 74155260075949383841988739551624744508, http://localhost:1800/
74155260075949383841988739551624744508, 126897143971849504177287452962379115636 -> a [<span class="ti-crown", 74921026783633498634010030204556921178, http://localhost:1800/
74921026783633498634010030204556921178, 294408008975193969872912268871713931036 -> a [<span class="ti-wand", 134889261547027000173533848097898943919, http://localhost:1800/
134889261547027000173533848097898943919, 322294491624679672579461493340971535867 -> a ['Accounts Federation']{'href': '#'}, 64759341743218985906504641236022142956, http://localhost:1800/#
74155260075949383841988739551624744508, None, 74155260075949383841988739551624744508, http://localhost:1800/
74155260075949383841988739551624744508, 264323178795734057221956673756651836778 -> a ['here']{'target': '_blank', 'href': 'https://www.retrospected.com/subscribe?product=self-hosted', 'rel': 'noreferrer'}, 74155260075949383841988739551624744508, http://localhost:1800/
74155260075949383841988739551624744508, 213786466674511586446221676810385570193 -> button [<span class="MuiButton-startIcon MuiButton-iconSizeMedium css-6xugel", 199222071360682078865197807318038347473, http://localhost:1800/
199222071360682078865197807318038347473, 335177995277185720436677424941113667172 -> a ['Private Sessions']{'href': '#'}, 338961504361008889755351455042736195397, http://localhost:1800/
338961504361008889755351455042736195397, 254223092764667133638200428295916035974 -> a [<span class="ti-lock", 338961504361008889755351455042736195397, http://localhost:1800/
338961504361008889755351455042736195397, 87815277028660565207758178488276055881 -> button ['Anonymous Login', <span class="MuiTouchRipple-root css-w0pj6f", 338961504361008889755351455042736195397, http://localhost:1800/
338961504361008889755351455042736195397, 77722075193502781211253785020892441640 -> a []{'href': '/login', 'style': 'color:unset'}, 338961504361008889755351455042736195397, http://localhost:1800/
338961504361008889755351455042736195397, 64429212886691204927724048806800115504 -> a ['Buy Now']{'href': '/subscribe?product=self-hosted', 'class': 'btnoutline-btnmb-3'}, 338961504361008889755351455042736195397, http://localhost:1800/
338961504361008889755351455042736195397, 223198739654013518621001174651680560209 -> a [<div class="pt-4", 338961504361008889755351455042736195397, http://localhost:1800/
74155260075949383841988739551624744508, None, 74155260075949383841988739551624744508, http://localhost:1800/
74155260075949383841988739551624744508, 44226831132642797030845329423154588134 -> a ['Simplified Self-Hosting']{'href': '#'}, 31358316778550977529786788011359927828, http://localhost:1800/#
74155260075949383841988739551624744508, None, 74155260075949383841988739551624744508, http://localhost:1800/
74155260075949383841988739551624744508, 42781586748898556957319857378680623162 -> a []{'href': '/subscribe?product=self-hosted', 'style': 'color:unset'}, 74155260075949383841988739551624744508, http://localhost:1800/
74155260075949383841988739551624744508, None, 74155260075949383841988739551624744508, http://localhost:1800/
74155260075949383841988739551624744508, 179158940186001624229635486147771138307 -> a [<div class="pt-4", 74155260075949383841988739551624744508, http://localhost:1800/
74155260075949383841988739551624744508, 213786466674511586446221676810385570193 -> button [<span class="MuiButton-startIcon MuiButton-iconSizeMedium css-6xugel", 338961504361008889755351455042736195397, http://localhost:1800/
338961504361008889755351455042736195397, 293925269000856562923712274322206007921 -> a ['Cookies Policy']{'href': 'https://www.websitepolicies.com/policies/view/RD8jnvGt'}, 74155260075949383841988739551624744508, http://localhost:1800/
74155260075949383841988739551624744508, None, 74155260075949383841988739551624744508, http://localhost:1800/
74155260075949383841988739551624744508, 171732623341340118822743671651694422782 -> a ['docs']{'target': '_blank', 'href': 'https://docs.retrospected.com/docs/self-hosting/quick-start'}, 74155260075949383841988739551624744508, http://localhost:1800/
74155260075949383841988739551624744508, 131498267285019480364075027932691640882 -> a []{'href': '/subscribe?product=unlimited', 'style': 'color:unset'}, 74155260075949383841988739551624744508, http://localhost:1800/
74155260075949383841988739551624744508, 213786466674511586446221676810385570193 -> button [<span class="MuiButton-startIcon MuiButton-iconSizeMedium css-6xugel", 199222071360682078865197807318038347473, http://localhost:1800/
199222071360682078865197807318038347473, 271300417513165784100724408305820393637 -> a ['Login']{'href': '/login', 'class': 'btnoutline-btnmb-3'}, 338961504361008889755351455042736195397, http://localhost:1800/
338961504361008889755351455042736195397, 206135397846945457121200555401346790746 -> a ['Acceptable Use Policy']{'href': 'https://www.websitepolicies.com/policies/view/fbk00C8V'}, 338961504361008889755351455042736195397, http://localhost:1800/
338961504361008889755351455042736195397, 2287762827317956453547906360552510024 -> button ['Login']{'class': 'MuiButton-rootMuiButton-textMuiButton-textPrimaryMuiButton-sizeMediumMuiButton-textSizeMediumMuiButtonBase-rootMui-disabledcss-bfpls6', 'tabindex': '-', 'type': 'button', 'disabled': ''}, 338961504361008889755351455042736195397, http://localhost:1800/
338961504361008889755351455042736195397, 293925269000856562923712274322206007921 -> a ['Cookies Policy']{'href': 'https://www.websitepolicies.com/policies/view/RD8jnvGt'}, 74155260075949383841988739551624744508, http://localhost:1800/
74155260075949383841988739551624744508, None, 74155260075949383841988739551624744508, http://localhost:1800/
74155260075949383841988739551624744508, None, 74155260075949383841988739551624744508, http://localhost:1800/
74155260075949383841988739551624744508, 126897143971849504177287452962379115636 -> a [<span class="ti-crown", 74921026783633498634010030204556921178, http://localhost:1800/
74155260075949383841988739551624744508, None, 74155260075949383841988739551624744508, http://localhost:1800/
74155260075949383841988739551624744508, 264323178795734057221956673756651836778 -> a ['here']{'target': '_blank', 'href': 'https://www.retrospected.com/subscribe?product=self-hosted', 'rel': 'noreferrer'}, 74155260075949383841988739551624744508, http://localhost:1800/
74155260075949383841988739551624744508, 254223092764667133638200428295916035974 -> a [<span class="ti-lock", 312035304379938343747989387892194858733, http://localhost:1800/
312035304379938343747989387892194858733, 44226831132642797030845329423154588134 -> a ['Simplified Self-Hosting']{'href': '#'}, 98951389206994023167960179296979532349, http://localhost:1800/#
98951389206994023167960179296979532349, 230313313312885264188619318999131343590 -> a ['Contact us']{'href': 'mailto:support@retrospected.com', 'class': 'color-secondary'}, 98951389206994023167960179296979532349, http://localhost:1800/#
98951389206994023167960179296979532349, 131498267285019480364075027932691640882 -> a []{'href': '/subscribe?product=unlimited', 'style': 'color:unset'}, 98951389206994023167960179296979532349, http://localhost:1800/#
98951389206994023167960179296979532349, 231932781397952616542666070090653703638 -> a [<div class="pt-4", 235081920755139031299588602134794909266, http://localhost:1800/subscribe?product=unlimited
235081920755139031299588602134794909266, 96209764409702934583100429439126582709 -> a [<span class="ti-check-box", 154148159658821355393883913734692748438, http://localhost:1800/subscribe?product=unlimited
154148159658821355393883913734692748438, 173297775383513045605497961556937564540 -> a ['Terms & Conditions']{'class': 'MuiTypography-rootMuiTypography-inheritMuiLink-rootMuiLink-underlineAlwayscss-1golevx', 'href': '/terms'}, 93841710237098790217943699977957423063, http://localhost:1800/terms
74155260075949383841988739551624744508, None, 74155260075949383841988739551624744508, http://localhost:1800/
74155260075949383841988739551624744508, 294408008975193969872912268871713931036 -> a [<span class="ti-wand", 134889261547027000173533848097898943919, http://localhost:1800/
134889261547027000173533848097898943919, 77722075193502781211253785020892441640 -> a []{'href': '/login', 'style': 'color:unset'}, 134889261547027000173533848097898943919, http://localhost:1800/
134889261547027000173533848097898943919, 254223092764667133638200428295916035974 -> a [<span class="ti-lock", 312035304379938343747989387892194858733, http://localhost:1800/
74155260075949383841988739551624744508, None, 74155260075949383841988739551624744508, http://localhost:1800/
74155260075949383841988739551624744508, None, 74155260075949383841988739551624744508, http://localhost:1800/
74155260075949383841988739551624744508, 77722075193502781211253785020892441640 -> a []{'href': '/login', 'style': 'color:unset'}, 74155260075949383841988739551624744508, http://localhost:1800/
74155260075949383841988739551624744508, 126897143971849504177287452962379115636 -> a [<span class="ti-crown", 74921026783633498634010030204556921178, http://localhost:1800/
74921026783633498634010030204556921178, 206164577955608859182796379325284454987 -> a [<span class="ti-check-box", 61832822962638269947097031219656062189, http://localhost:1800/
61832822962638269947097031219656062189, 264323178795734057221956673756651836778 -> a ['here']{'target': '_blank', 'href': 'https://www.retrospected.com/subscribe?product=self-hosted', 'rel': 'noreferrer'}, 61832822962638269947097031219656062189, http://localhost:1800/
61832822962638269947097031219656062189, 67702886611623738420329301931778363134 -> a [<span class="ti-check-box", 61832822962638269947097031219656062189, http://localhost:1800/
61832822962638269947097031219656062189, 44226831132642797030845329423154588134 -> a ['Simplified Self-Hosting']{'href': '#'}, 83983581502802489119874095054615642192, http://localhost:1800/#
83983581502802489119874095054615642192, 220230489951247748324856720139661540476 -> a ['amazing documentation']{'target': '_blank', 'href': 'https://docs.retrospected.com/docs/self-hosting/quick-start'}, 83983581502802489119874095054615642192, http://localhost:1800/#
83983581502802489119874095054615642192, 231932781397952616542666070090653703638 -> a [<div class="pt-4", 235081920755139031299588602134794909266, http://localhost:1800/subscribe?product=unlimited
74155260075949383841988739551624744508, None, 74155260075949383841988739551624744508, http://localhost:1800/
74155260075949383841988739551624744508, 335177995277185720436677424941113667172 -> a ['Private Sessions']{'href': '#'}, 31358316778550977529786788011359927828, http://localhost:1800/#
31358316778550977529786788011359927828, 294408008975193969872912268871713931036 -> a [<span class="ti-wand", 64759341743218985906504641236022142956, http://localhost:1800/#
64759341743218985906504641236022142956, 213786466674511586446221676810385570193 -> button [<span class="MuiButton-startIcon MuiButton-iconSizeMedium css-6xugel", 92119814672078507073266561032626849722, http://localhost:1800/#
92119814672078507073266561032626849722, 206324686320906789238065681504732455644 -> a [<ul class="list-unstyled text-sm mb-4 pricing-feature-list", 92119814672078507073266561032626849722, http://localhost:1800/#
92119814672078507073266561032626849722, 206324686320906789238065681504732455644 -> a [<ul class="list-unstyled text-sm mb-4 pricing-feature-list", 92119814672078507073266561032626849722, http://localhost:1800/#
92119814672078507073266561032626849722, 230313313312885264188619318999131343590 -> a ['Contact us']{'href': 'mailto:support@retrospected.com', 'class': 'color-secondary'}, 92119814672078507073266561032626849722, http://localhost:1800/#
92119814672078507073266561032626849722, 129577701741696671623444447879599158794 -> a ['Subscribe Now']{'href': '/subscribe?product=unlimited', 'class': 'btnsolid-btnmb-3'}, 92119814672078507073266561032626849722, http://localhost:1800/#
92119814672078507073266561032626849722, 311139265183187381314120997124831806190 -> a [<ul class="list-unstyled text-sm mb-4 pricing-feature-list", 92119814672078507073266561032626849722, http://localhost:1800/#
74155260075949383841988739551624744508, None, 74155260075949383841988739551624744508, http://localhost:1800/
74155260075949383841988739551624744508, 44226831132642797030845329423154588134 -> a ['Simplified Self-Hosting']{'href': '#'}, 31358316778550977529786788011359927828, http://localhost:1800/#
74155260075949383841988739551624744508, None, 74155260075949383841988739551624744508, http://localhost:1800/
74155260075949383841988739551624744508, 294408008975193969872912268871713931036 -> a [<span class="ti-wand", 134889261547027000173533848097898943919, http://localhost:1800/
134889261547027000173533848097898943919, 335177995277185720436677424941113667172 -> a ['Private Sessions']{'href': '#'}, 64759341743218985906504641236022142956, http://localhost:1800/#
64759341743218985906504641236022142956, 77722075193502781211253785020892441640 -> a []{'href': '/login', 'style': 'color:unset'}, 64759341743218985906504641236022142956, http://localhost:1800/#
64759341743218985906504641236022142956, 264323178795734057221956673756651836778 -> a ['here']{'target': '_blank', 'href': 'https://www.retrospected.com/subscribe?product=self-hosted', 'rel': 'noreferrer'}, 64759341743218985906504641236022142956, http://localhost:1800/#
64759341743218985906504641236022142956, 243157659132187107739887812339775519703 -> a ['support@retrospected.com']{'href': 'mailto:support@retrospected.com'}, 64759341743218985906504641236022142956, http://localhost:1800/#
64759341743218985906504641236022142956, 131498267285019480364075027932691640882 -> a []{'href': '/subscribe?product=unlimited', 'style': 'color:unset'}, 64759341743218985906504641236022142956, http://localhost:1800/#
64759341743218985906504641236022142956, 230313313312885264188619318999131343590 -> a ['Contact us']{'href': 'mailto:support@retrospected.com', 'class': 'color-secondary'}, 64759341743218985906504641236022142956, http://localhost:1800/#
74155260075949383841988739551624744508, None, 74155260075949383841988739551624744508, http://localhost:1800/
74155260075949383841988739551624744508, 171732623341340118822743671651694422782 -> a ['docs']{'target': '_blank', 'href': 'https://docs.retrospected.com/docs/self-hosting/quick-start'}, 74155260075949383841988739551624744508, http://localhost:1800/
74155260075949383841988739551624744508, 213786466674511586446221676810385570193 -> button [<span class="MuiButton-startIcon MuiButton-iconSizeMedium css-6xugel", 199222071360682078865197807318038347473, http://localhost:1800/
199222071360682078865197807318038347473, 43049699877994183524356976929040969917 -> button [<svg aria-hidden="true" class="MuiSvgIcon-root MuiSvgIcon-fontSizeMedium css-vubbuv" data-testid="MenuIcon" focusable="false" viewbox="0 0 24 24", 74155260075949383841988739551624744508, http://localhost:1800/
74155260075949383841988739551624744508, 126897143971849504177287452962379115636 -> a [<span class="ti-crown", 74921026783633498634010030204556921178, http://localhost:1800/
74155260075949383841988739551624744508, None, 74155260075949383841988739551624744508, http://localhost:1800/
74155260075949383841988739551624744508, 322294491624679672579461493340971535867 -> a ['Accounts Federation']{'href': '#'}, 31358316778550977529786788011359927828, http://localhost:1800/#
31358316778550977529786788011359927828, 220230489951247748324856720139661540476 -> a ['amazing documentation']{'target': '_blank', 'href': 'https://docs.retrospected.com/docs/self-hosting/quick-start'}, 31358316778550977529786788011359927828, http://localhost:1800/#
31358316778550977529786788011359927828, 126897143971849504177287452962379115636 -> a [<span class="ti-crown", 29092016549864325000952047354909891089, http://localhost:1800/#
74155260075949383841988739551624744508, None, 74155260075949383841988739551624744508, http://localhost:1800/
74155260075949383841988739551624744508, 126897143971849504177287452962379115636 -> a [<span class="ti-crown", 74921026783633498634010030204556921178, http://localhost:1800/
74921026783633498634010030204556921178, 335177995277185720436677424941113667172 -> a ['Private Sessions']{'href': '#'}, 29092016549864325000952047354909891089, http://localhost:1800/#
29092016549864325000952047354909891089, 131498267285019480364075027932691640882 -> a []{'href': '/subscribe?product=unlimited', 'style': 'color:unset'}, 29092016549864325000952047354909891089, http://localhost:1800/#
29092016549864325000952047354909891089, 44226831132642797030845329423154588134 -> a ['Simplified Self-Hosting']{'href': '#'}, 29092016549864325000952047354909891089, http://localhost:1800/#
29092016549864325000952047354909891089, 322294491624679672579461493340971535867 -> a ['Accounts Federation']{'href': '#'}, 29092016549864325000952047354909891089, http://localhost:1800/#
74155260075949383841988739551624744508, None, 74155260075949383841988739551624744508, http://localhost:1800/
74155260075949383841988739551624744508, 322294491624679672579461493340971535867 -> a ['Accounts Federation']{'href': '#'}, 31358316778550977529786788011359927828, http://localhost:1800/#
31358316778550977529786788011359927828, 266290469012312326683711838841638666372 -> button [<svg aria-hidden="true" class="MuiSvgIcon-root MuiSvgIcon-fontSizeMedium css-vubbuv" data-testid="HomeOutlinedIcon" focusable="false" viewbox="0 0 24 24", 31358316778550977529786788011359927828, http://localhost:1800/#
74155260075949383841988739551624744508, None, 74155260075949383841988739551624744508, http://localhost:1800/
74155260075949383841988739551624744508, 266290469012312326683711838841638666372 -> button [<svg aria-hidden="true" class="MuiSvgIcon-root MuiSvgIcon-fontSizeMedium css-vubbuv" data-testid="HomeOutlinedIcon" focusable="false" viewbox="0 0 24 24", 74155260075949383841988739551624744508, http://localhost:1800/
74155260075949383841988739551624744508, None, 74155260075949383841988739551624744508, http://localhost:1800/
74155260075949383841988739551624744508, 326260989328514412703228462752826086408 -> a ['contact us']{'href': 'mailto:support@retrospected.com'}, 74155260075949383841988739551624744508, http://localhost:1800/
74155260075949383841988739551624744508, 126897143971849504177287452962379115636 -> a [<span class="ti-crown", 74921026783633498634010030204556921178, http://localhost:1800/
74155260075949383841988739551624744508, None, 74155260075949383841988739551624744508, http://localhost:1800/
74155260075949383841988739551624744508, 126897143971849504177287452962379115636 -> a [<span class="ti-crown", 74921026783633498634010030204556921178, http://localhost:1800/
74921026783633498634010030204556921178, 230313313312885264188619318999131343590 -> a ['Contact us']{'href': 'mailto:support@retrospected.com', 'class': 'color-secondary'}, 74921026783633498634010030204556921178, http://localhost:1800/
74155260075949383841988739551624744508, None, 74155260075949383841988739551624744508, http://localhost:1800/
74155260075949383841988739551624744508, 271300417513165784100724408305820393637 -> a ['Login']{'href': '/login', 'class': 'btnoutline-btnmb-3'}, 74155260075949383841988739551624744508, http://localhost:1800/
74155260075949383841988739551624744508, 179158940186001624229635486147771138307 -> a [<div class="pt-4", 145063299906549786380273283808992140296, http://localhost:1800/subscribe?product=team
145063299906549786380273283808992140296, 254223092764667133638200428295916035974 -> a [<span class="ti-lock", 187684585700060724747778660769210209502, http://localhost:1800/subscribe?product=team
187684585700060724747778660769210209502, 145736015076254076902101589544896379773 -> button ['Checkout']{'class': 'MuiButton-rootMuiButton-containedMuiButton-containedPrimaryMuiButton-sizeMediumMuiButton-containedSizeMediumMuiButtonBase-rootMui-disabledcss-1qv00r8', 'tabindex': '-', 'type': 'button', 'disabled': ''}, 187684585700060724747778660769210209502, http://localhost:1800/subscribe?product=team
187684585700060724747778660769210209502, 266290469012312326683711838841638666372 -> button [<svg aria-hidden="true" class="MuiSvgIcon-root MuiSvgIcon-fontSizeMedium css-vubbuv" data-testid="HomeOutlinedIcon" focusable="false" viewbox="0 0 24 24", 55895000587529905068522007698134194626, http://localhost:1800/subscribe?product=team
55895000587529905068522007698134194626, 231932781397952616542666070090653703638 -> a [<div class="pt-4", 235081920755139031299588602134794909266, http://localhost:1800/subscribe?product=unlimited
74155260075949383841988739551624744508, None, 74155260075949383841988739551624744508, http://localhost:1800/
74155260075949383841988739551624744508, 322294491624679672579461493340971535867 -> a ['Accounts Federation']{'href': '#'}, 31358316778550977529786788011359927828, http://localhost:1800/#
31358316778550977529786788011359927828, 294408008975193969872912268871713931036 -> a [<span class="ti-wand", 64759341743218985906504641236022142956, http://localhost:1800/#
64759341743218985906504641236022142956, 1971129661176514680489238883695840773 -> a [<span class="ti-wand", 64759341743218985906504641236022142956, http://localhost:1800/#
74155260075949383841988739551624744508, None, 74155260075949383841988739551624744508, http://localhost:1800/
74155260075949383841988739551624744508, 294408008975193969872912268871713931036 -> a [<span class="ti-wand", 134889261547027000173533848097898943919, http://localhost:1800/
74155260075949383841988739551624744508, None, 74155260075949383841988739551624744508, http://localhost:1800/
74155260075949383841988739551624744508, 43049699877994183524356976929040969917 -> button [<svg aria-hidden="true" class="MuiSvgIcon-root MuiSvgIcon-fontSizeMedium css-vubbuv" data-testid="MenuIcon" focusable="false" viewbox="0 0 24 24", 74155260075949383841988739551624744508, http://localhost:1800/
74155260075949383841988739551624744508, 219025792540068415717711130941882883866 -> a ['Disclaimer']{'class': 'MuiTypography-rootMuiTypography-inheritMuiLink-rootMuiLink-underlineAlwayscss-1golevx', 'href': '/disclaimer'}, 204915169218331975551520243433497277587, http://localhost:1800/disclaimer
204915169218331975551520243433497277587, 219025792540068415717711130941882883866 -> a ['Disclaimer']{'class': 'MuiTypography-rootMuiTypography-inheritMuiLink-rootMuiLink-underlineAlwayscss-1golevx', 'href': '/disclaimer'}, 204915169218331975551520243433497277587, http://localhost:1800/disclaimer
204915169218331975551520243433497277587, 79180041108667617502135449277787658601 -> a ['Private Sessions']{'href': 'https://docs.retrospected.com/docs/features/private-sessions', 'target': '_blank', 'class': 'css-1xvmz6m'}, 204915169218331975551520243433497277587, http://localhost:1800/disclaimer
204915169218331975551520243433497277587, 23640877841999755838731854065212902355 -> input []{'aria-hidden': 'true', 'tabindex': '-', 'class': 'MuiSelect-nativeInputcss-1k3x8v3', 'value': 'en-GB'}, 204915169218331975551520243433497277587, http://localhost:1800/disclaimer
204915169218331975551520243433497277587, 65769010501177322495838844162606565210 -> a ['Self Hosting']{'href': 'https://docs.retrospected.com/docs/self-hosting/quick-start', 'target': '_blank', 'class': 'css-1xvmz6m'}, 204915169218331975551520243433497277587, http://localhost:1800/disclaimer
204915169218331975551520243433497277587, 65769010501177322495838844162606565210 -> a ['Self Hosting']{'href': 'https://docs.retrospected.com/docs/self-hosting/quick-start', 'target': '_blank', 'class': 'css-1xvmz6m'}, 204915169218331975551520243433497277587, http://localhost:1800/disclaimer
204915169218331975551520243433497277587, 330451077718448426648392860948585534186 -> a [<div class="fi fi-ua css-jqibdc", 204915169218331975551520243433497277587, http://localhost:1800/disclaimer
74155260075949383841988739551624744508, None, 74155260075949383841988739551624744508, http://localhost:1800/
74155260075949383841988739551624744508, 322294491624679672579461493340971535867 -> a ['Accounts Federation']{'href': '#'}, 31358316778550977529786788011359927828, http://localhost:1800/#
31358316778550977529786788011359927828, 96209764409702934583100429439126582709 -> a [<span class="ti-check-box", 31358316778550977529786788011359927828, http://localhost:1800/#
31358316778550977529786788011359927828, 213786466674511586446221676810385570193 -> button [<span class="MuiButton-startIcon MuiButton-iconSizeMedium css-6xugel", 143071889150884705634205232230842087196, http://localhost:1800/#
143071889150884705634205232230842087196, 336904364436393438922229249079573760048 -> a ['Not registered? Click here']{'class': 'MuiTypography-rootMuiTypography-inheritMuiLink-rootMuiLink-underlineAlwayscss-1ce2dd9', 'data-cy': 'register'}, 324688598381891072749104948008196825325, http://localhost:1800/#
324688598381891072749104948008196825325, 266290469012312326683711838841638666372 -> button [<svg aria-hidden="true" class="MuiSvgIcon-root MuiSvgIcon-fontSizeMedium css-vubbuv" data-testid="HomeOutlinedIcon" focusable="false" viewbox="0 0 24 24", 31358316778550977529786788011359927828, http://localhost:1800/#
74155260075949383841988739551624744508, None, 74155260075949383841988739551624744508, http://localhost:1800/
74155260075949383841988739551624744508, 126897143971849504177287452962379115636 -> a [<span class="ti-crown", 74921026783633498634010030204556921178, http://localhost:1800/
74921026783633498634010030204556921178, 33882277759036140018466438713772133080 -> a [<span class="ti-crown", 74921026783633498634010030204556921178, http://localhost:1800/
74921026783633498634010030204556921178, 322294491624679672579461493340971535867 -> a ['Accounts Federation']{'href': '#'}, 29092016549864325000952047354909891089, http://localhost:1800/#
29092016549864325000952047354909891089, 264323178795734057221956673756651836778 -> a ['here']{'target': '_blank', 'href': 'https://www.retrospected.com/subscribe?product=self-hosted', 'rel': 'noreferrer'}, 29092016549864325000952047354909891089, http://localhost:1800/#
29092016549864325000952047354909891089, 241834424327382346987432935799321988837 -> a [<span class="ti-twitter", 29092016549864325000952047354909891089, http://localhost:1800/#
74155260075949383841988739551624744508, None, 74155260075949383841988739551624744508, http://localhost:1800/
74155260075949383841988739551624744508, 126897143971849504177287452962379115636 -> a [<span class="ti-crown", 74921026783633498634010030204556921178, http://localhost:1800/
74921026783633498634010030204556921178, 44226831132642797030845329423154588134 -> a ['Simplified Self-Hosting']{'href': '#'}, 29092016549864325000952047354909891089, http://localhost:1800/#
29092016549864325000952047354909891089, 206164577955608859182796379325284454987 -> a [<span class="ti-check-box", 83983581502802489119874095054615642192, http://localhost:1800/#
74155260075949383841988739551624744508, None, 74155260075949383841988739551624744508, http://localhost:1800/
74155260075949383841988739551624744508, None, 74155260075949383841988739551624744508, http://localhost:1800/
74155260075949383841988739551624744508, None, 74155260075949383841988739551624744508, http://localhost:1800/
74155260075949383841988739551624744508, 294408008975193969872912268871713931036 -> a [<span class="ti-wand", 134889261547027000173533848097898943919, http://localhost:1800/
74155260075949383841988739551624744508, None, 74155260075949383841988739551624744508, http://localhost:1800/
74155260075949383841988739551624744508, 131498267285019480364075027932691640882 -> a []{'href': '/subscribe?product=unlimited', 'style': 'color:unset'}, 74155260075949383841988739551624744508, http://localhost:1800/
74155260075949383841988739551624744508, None, 74155260075949383841988739551624744508, http://localhost:1800/
74155260075949383841988739551624744508, None, 74155260075949383841988739551624744508, http://localhost:1800/
74155260075949383841988739551624744508, 264323178795734057221956673756651836778 -> a ['here']{'target': '_blank', 'href': 'https://www.retrospected.com/subscribe?product=self-hosted', 'rel': 'noreferrer'}, 74155260075949383841988739551624744508, http://localhost:1800/
74155260075949383841988739551624744508, 198330988671355682266587899514732098117 -> a []{'href': '/subscribe?product=team', 'style': 'color:unset'}, 74155260075949383841988739551624744508, http://localhost:1800/
74155260075949383841988739551624744508, 171732623341340118822743671651694422782 -> a ['docs']{'target': '_blank', 'href': 'https://docs.retrospected.com/docs/self-hosting/quick-start'}, 74155260075949383841988739551624744508, http://localhost:1800/
74155260075949383841988739551624744508, 294408008975193969872912268871713931036 -> a [<span class="ti-wand", 134889261547027000173533848097898943919, http://localhost:1800/
134889261547027000173533848097898943919, 171732623341340118822743671651694422782 -> a ['docs']{'target': '_blank', 'href': 'https://docs.retrospected.com/docs/self-hosting/quick-start'}, 134889261547027000173533848097898943919, http://localhost:1800/
134889261547027000173533848097898943919, 335177995277185720436677424941113667172 -> a ['Private Sessions']{'href': '#'}, 64759341743218985906504641236022142956, http://localhost:1800/#
74155260075949383841988739551624744508, None, 74155260075949383841988739551624744508, http://localhost:1800/
74155260075949383841988739551624744508, None, 74155260075949383841988739551624744508, http://localhost:1800/
74155260075949383841988739551624744508, 126897143971849504177287452962379115636 -> a [<span class="ti-crown", 74921026783633498634010030204556921178, http://localhost:1800/
74921026783633498634010030204556921178, 294408008975193969872912268871713931036 -> a [<span class="ti-wand", 134889261547027000173533848097898943919, http://localhost:1800/
74155260075949383841988739551624744508, None, 74155260075949383841988739551624744508, http://localhost:1800/
74155260075949383841988739551624744508, None, 74155260075949383841988739551624744508, http://localhost:1800/
74155260075949383841988739551624744508, 311139265183187381314120997124831806190 -> a [<ul class="list-unstyled text-sm mb-4 pricing-feature-list", 74155260075949383841988739551624744508, http://localhost:1800/
74155260075949383841988739551624744508, 294408008975193969872912268871713931036 -> a [<span class="ti-wand", 134889261547027000173533848097898943919, http://localhost:1800/
134889261547027000173533848097898943919, 231932781397952616542666070090653703638 -> a [<div class="pt-4", 235081920755139031299588602134794909266, http://localhost:1800/subscribe?product=unlimited
235081920755139031299588602134794909266, 294408008975193969872912268871713931036 -> a [<span class="ti-wand", 34480045290296606763470837901253068495, http://localhost:1800/subscribe?product=unlimited
34480045290296606763470837901253068495, 302515116903307686490089882789802233567 -> a [<div class="pt-4", 292785116217684151864372479812557129728, http://localhost:1800/login
292785116217684151864372479812557129728, 294408008975193969872912268871713931036 -> a [<span class="ti-wand", 183949956059695817513490794895309699299, http://localhost:1800/login
74155260075949383841988739551624744508, None, 74155260075949383841988739551624744508, http://localhost:1800/
74155260075949383841988739551624744508, 322294491624679672579461493340971535867 -> a ['Accounts Federation']{'href': '#'}, 31358316778550977529786788011359927828, http://localhost:1800/#
74155260075949383841988739551624744508, None, 74155260075949383841988739551624744508, http://localhost:1800/
74155260075949383841988739551624744508, None, 74155260075949383841988739551624744508, http://localhost:1800/
74155260075949383841988739551624744508, 126897143971849504177287452962379115636 -> a [<span class="ti-crown", 74921026783633498634010030204556921178, http://localhost:1800/
74155260075949383841988739551624744508, None, 74155260075949383841988739551624744508, http://localhost:1800/
74155260075949383841988739551624744508, None, 74155260075949383841988739551624744508, http://localhost:1800/
74155260075949383841988739551624744508, 126897143971849504177287452962379115636 -> a [<span class="ti-crown", 74921026783633498634010030204556921178, http://localhost:1800/
74921026783633498634010030204556921178, 77722075193502781211253785020892441640 -> a []{'href': '/login', 'style': 'color:unset'}, 74921026783633498634010030204556921178, http://localhost:1800/
74921026783633498634010030204556921178, 206164577955608859182796379325284454987 -> a [<span class="ti-check-box", 61832822962638269947097031219656062189, http://localhost:1800/
61832822962638269947097031219656062189, 294408008975193969872912268871713931036 -> a [<span class="ti-wand", 134889261547027000173533848097898943919, http://localhost:1800/
74155260075949383841988739551624744508, None, 74155260075949383841988739551624744508, http://localhost:1800/
74155260075949383841988739551624744508, None, 74155260075949383841988739551624744508, http://localhost:1800/
74155260075949383841988739551624744508, None, 74155260075949383841988739551624744508, http://localhost:1800/
74155260075949383841988739551624744508, 335177995277185720436677424941113667172 -> a ['Private Sessions']{'href': '#'}, 31358316778550977529786788011359927828, http://localhost:1800/#
31358316778550977529786788011359927828, 171732623341340118822743671651694422782 -> a ['docs']{'target': '_blank', 'href': 'https://docs.retrospected.com/docs/self-hosting/quick-start'}, 31358316778550977529786788011359927828, http://localhost:1800/#
74155260075949383841988739551624744508, None, 74155260075949383841988739551624744508, http://localhost:1800/
74155260075949383841988739551624744508, 44226831132642797030845329423154588134 -> a ['Simplified Self-Hosting']{'href': '#'}, 31358316778550977529786788011359927828, http://localhost:1800/#
31358316778550977529786788011359927828, 126897143971849504177287452962379115636 -> a [<span class="ti-crown", 29092016549864325000952047354909891089, http://localhost:1800/#
29092016549864325000952047354909891089, 266290469012312326683711838841638666372 -> button [<svg aria-hidden="true" class="MuiSvgIcon-root MuiSvgIcon-fontSizeMedium css-vubbuv" data-testid="HomeOutlinedIcon" focusable="false" viewbox="0 0 24 24", 29092016549864325000952047354909891089, http://localhost:1800/#
74155260075949383841988739551624744508, None, 74155260075949383841988739551624744508, http://localhost:1800/
74155260075949383841988739551624744508, 44226831132642797030845329423154588134 -> a ['Simplified Self-Hosting']{'href': '#'}, 31358316778550977529786788011359927828, http://localhost:1800/#
74155260075949383841988739551624744508, None, 74155260075949383841988739551624744508, http://localhost:1800/
74155260075949383841988739551624744508, 126897143971849504177287452962379115636 -> a [<span class="ti-crown", 74921026783633498634010030204556921178, http://localhost:1800/
74921026783633498634010030204556921178, 294408008975193969872912268871713931036 -> a [<span class="ti-wand", 134889261547027000173533848097898943919, http://localhost:1800/
