74155260075949383841988739551624744508, None, 74155260075949383841988739551624744508, http://localhost:1800/
74155260075949383841988739551624744508, None, 74155260075949383841988739551624744508, http://localhost:1800/
74155260075949383841988739551624744508, None, 74155260075949383841988739551624744508, http://localhost:1800/
74155260075949383841988739551624744508, 213786466674511586446221676810385570193 -> button [<span class="MuiButton-startIcon MuiButton-iconSizeMedium css-6xugel", 199222071360682078865197807318038347473, http://localhost:1800/
199222071360682078865197807318038347473, 223198739654013518621001174651680560209 -> a [<div class="pt-4", 199222071360682078865197807318038347473, http://localhost:1800/
199222071360682078865197807318038347473, 294408008975193969872912268871713931036 -> a [<span class="ti-wand", 199222071360682078865197807318038347473, http://localhost:1800/
199222071360682078865197807318038347473, 213786466674511586446221676810385570193 -> button [<span class="MuiButton-startIcon MuiButton-iconSizeMedium css-6xugel", 74155260075949383841988739551624744508, http://localhost:1800/
74155260075949383841988739551624744508, None, 74155260075949383841988739551624744508, http://localhost:1800/
74155260075949383841988739551624744508, None, 74155260075949383841988739551624744508, http://localhost:1800/
74155260075949383841988739551624744508, 266290469012312326683711838841638666372 -> button [<svg aria-hidden="true" class="MuiSvgIcon-root MuiSvgIcon-fontSizeMedium css-vubbuv" data-testid="HomeOutlinedIcon" focusable="false" viewbox="0 0 24 24", 74155260075949383841988739551624744508, http://localhost:1800/
74155260075949383841988739551624744508, None, 74155260075949383841988739551624744508, http://localhost:1800/
74155260075949383841988739551624744508, 213786466674511586446221676810385570193 -> button [<span class="MuiButton-startIcon MuiButton-iconSizeMedium css-6xugel", 199222071360682078865197807318038347473, http://localhost:1800/
199222071360682078865197807318038347473, 126897143971849504177287452962379115636 -> a [<span class="ti-crown", 199222071360682078865197807318038347473, http://localhost:1800/
199222071360682078865197807318038347473, 43049699877994183524356976929040969917 -> button [<svg aria-hidden="true" class="MuiSvgIcon-root MuiSvgIcon-fontSizeMedium css-vubbuv" data-testid="MenuIcon" focusable="false" viewbox="0 0 24 24", 74155260075949383841988739551624744508, http://localhost:1800/
74155260075949383841988739551624744508, 322294491624679672579461493340971535867 -> a ['Accounts Federation']{'href': '#'}, 31358316778550977529786788011359927828, http://localhost:1800/#
31358316778550977529786788011359927828, 131498267285019480364075027932691640882 -> a []{'href': '/subscribe?product=unlimited', 'style': 'color:unset'}, 31358316778550977529786788011359927828, http://localhost:1800/#
31358316778550977529786788011359927828, 43049699877994183524356976929040969917 -> button [<svg aria-hidden="true" class="MuiSvgIcon-root MuiSvgIcon-fontSizeMedium css-vubbuv" data-testid="MenuIcon" focusable="false" viewbox="0 0 24 24", 31358316778550977529786788011359927828, http://localhost:1800/#
31358316778550977529786788011359927828, 108417563032760512869268574881638155803 -> button [<svg aria-hidden="true" class="MuiSvgIcon-root MuiSvgIcon-fontSizeMedium css-vubbuv" data-testid="MenuIcon" focusable="false" viewbox="0 0 24 24", 31358316778550977529786788011359927828, http://localhost:1800/#
31358316778550977529786788011359927828, 131498267285019480364075027932691640882 -> a []{'href': '/subscribe?product=unlimited', 'style': 'color:unset'}, 31358316778550977529786788011359927828, http://localhost:1800/#
74155260075949383841988739551624744508, None, 74155260075949383841988739551624744508, http://localhost:1800/
74155260075949383841988739551624744508, None, 74155260075949383841988739551624744508, http://localhost:1800/
74155260075949383841988739551624744508, None, 74155260075949383841988739551624744508, http://localhost:1800/
74155260075949383841988739551624744508, None, 74155260075949383841988739551624744508, http://localhost:1800/
74155260075949383841988739551624744508, None, 74155260075949383841988739551624744508, http://localhost:1800/
74155260075949383841988739551624744508, 241834424327382346987432935799321988837 -> a [<span class="ti-twitter", 74155260075949383841988739551624744508, http://localhost:1800/
74155260075949383841988739551624744508, 126897143971849504177287452962379115636 -> a [<span class="ti-crown", 74921026783633498634010030204556921178, http://localhost:1800/
74155260075949383841988739551624744508, None, 74155260075949383841988739551624744508, http://localhost:1800/
74155260075949383841988739551624744508, None, 74155260075949383841988739551624744508, http://localhost:1800/
74155260075949383841988739551624744508, None, 74155260075949383841988739551624744508, http://localhost:1800/
74155260075949383841988739551624744508, 96209764409702934583100429439126582709 -> a [<span class="ti-check-box", 74155260075949383841988739551624744508, http://localhost:1800/
74155260075949383841988739551624744508, 241834424327382346987432935799321988837 -> a [<span class="ti-twitter", 74155260075949383841988739551624744508, http://localhost:1800/
74155260075949383841988739551624744508, 198330988671355682266587899514732098117 -> a []{'href': '/subscribe?product=team', 'style': 'color:unset'}, 74155260075949383841988739551624744508, http://localhost:1800/
74155260075949383841988739551624744508, 96209764409702934583100429439126582709 -> a [<span class="ti-check-box", 74155260075949383841988739551624744508, http://localhost:1800/
74155260075949383841988739551624744508, None, 74155260075949383841988739551624744508, http://localhost:1800/
74155260075949383841988739551624744508, None, 74155260075949383841988739551624744508, http://localhost:1800/
74155260075949383841988739551624744508, None, 74155260075949383841988739551624744508, http://localhost:1800/
74155260075949383841988739551624744508, 294408008975193969872912268871713931036 -> a [<span class="ti-wand", 134889261547027000173533848097898943919, http://localhost:1800/
134889261547027000173533848097898943919, 126897143971849504177287452962379115636 -> a [<span class="ti-crown", 74921026783633498634010030204556921178, http://localhost:1800/
74921026783633498634010030204556921178, 266290469012312326683711838841638666372 -> button [<svg aria-hidden="true" class="MuiSvgIcon-root MuiSvgIcon-fontSizeMedium css-vubbuv" data-testid="HomeOutlinedIcon" focusable="false" viewbox="0 0 24 24", 74921026783633498634010030204556921178, http://localhost:1800/
74921026783633498634010030204556921178, 335177995277185720436677424941113667172 -> a ['Private Sessions']{'href': '#'}, 144879887503381109463277111576120467480, http://localhost:1800/#
74155260075949383841988739551624744508, None, 74155260075949383841988739551624744508, http://localhost:1800/
74155260075949383841988739551624744508, 131498267285019480364075027932691640882 -> a []{'href': '/subscribe?product=unlimited', 'style': 'color:unset'}, 74155260075949383841988739551624744508, http://localhost:1800/
74155260075949383841988739551624744508, 335177995277185720436677424941113667172 -> a ['Private Sessions']{'href': '#'}, 31358316778550977529786788011359927828, http://localhost:1800/#
74155260075949383841988739551624744508, None, 74155260075949383841988739551624744508, http://localhost:1800/
74155260075949383841988739551624744508, 335177995277185720436677424941113667172 -> a ['Private Sessions']{'href': '#'}, 31358316778550977529786788011359927828, http://localhost:1800/#
31358316778550977529786788011359927828, 96209764409702934583100429439126582709 -> a [<span class="ti-check-box", 31358316778550977529786788011359927828, http://localhost:1800/#
31358316778550977529786788011359927828, 44226831132642797030845329423154588134 -> a ['Simplified Self-Hosting']{'href': '#'}, 31358316778550977529786788011359927828, http://localhost:1800/#
74155260075949383841988739551624744508, None, 74155260075949383841988739551624744508, http://localhost:1800/
74155260075949383841988739551624744508, None, 74155260075949383841988739551624744508, http://localhost:1800/
74155260075949383841988739551624744508, 220230489951247748324856720139661540476 -> a ['amazing documentation']{'target': '_blank', 'href': 'https://docs.retrospected.com/docs/self-hosting/quick-start'}, 74155260075949383841988739551624744508, http://localhost:1800/
74155260075949383841988739551624744508, 241834424327382346987432935799321988837 -> a [<span class="ti-twitter", 74155260075949383841988739551624744508, http://localhost:1800/
74155260075949383841988739551624744508, None, 74155260075949383841988739551624744508, http://localhost:1800/
74155260075949383841988739551624744508, None, 74155260075949383841988739551624744508, http://localhost:1800/
74155260075949383841988739551624744508, 213786466674511586446221676810385570193 -> button [<span class="MuiButton-startIcon MuiButton-iconSizeMedium css-6xugel", 199222071360682078865197807318038347473, http://localhost:1800/
199222071360682078865197807318038347473, 68465627557326038611256173190836588557 -> a ['Subscribe Now']{'href': '/subscribe?product=team', 'class': 'btnoutline-btnmb-3'}, 199222071360682078865197807318038347473, http://localhost:1800/
199222071360682078865197807318038347473, 326260989328514412703228462752826086408 -> a ['contact us']{'href': 'mailto:support@retrospected.com'}, 199222071360682078865197807318038347473, http://localhost:1800/
199222071360682078865197807318038347473, 213786466674511586446221676810385570193 -> button [<span class="MuiButton-startIcon MuiButton-iconSizeMedium css-6xugel", 74155260075949383841988739551624744508, http://localhost:1800/
74155260075949383841988739551624744508, 264323178795734057221956673756651836778 -> a ['here']{'target': '_blank', 'href': 'https://www.retrospected.com/subscribe?product=self-hosted', 'rel': 'noreferrer'}, 74155260075949383841988739551624744508, http://localhost:1800/
74155260075949383841988739551624744508, None, 74155260075949383841988739551624744508, http://localhost:1800/
74155260075949383841988739551624744508, 77722075193502781211253785020892441640 -> a []{'href': '/login', 'style': 'color:unset'}, 74155260075949383841988739551624744508, http://localhost:1800/
74155260075949383841988739551624744508, 213786466674511586446221676810385570193 -> button [<span class="MuiButton-startIcon MuiButton-iconSizeMedium css-6xugel", 199222071360682078865197807318038347473, http://localhost:1800/
199222071360682078865197807318038347473, 241834424327382346987432935799321988837 -> a [<span class="ti-twitter", 199222071360682078865197807318038347473, http://localhost:1800/
199222071360682078865197807318038347473, 223198739654013518621001174651680560209 -> a [<div class="pt-4", 199222071360682078865197807318038347473, http://localhost:1800/
199222071360682078865197807318038347473, 302515116903307686490089882789802233567 -> a [<div class="pt-4", 199222071360682078865197807318038347473, http://localhost:1800/
199222071360682078865197807318038347473, 251504558788066875833468717256383623798 -> a [<ul class="list-unstyled text-sm mb-4 pricing-feature-list", 199222071360682078865197807318038347473, http://localhost:1800/
199222071360682078865197807318038347473, 64429212886691204927724048806800115504 -> a ['Buy Now']{'href': '/subscribe?product=self-hosted', 'class': 'btnoutline-btnmb-3'}, 74155260075949383841988739551624744508, http://localhost:1800/
74155260075949383841988739551624744508, 220230489951247748324856720139661540476 -> a ['amazing documentation']{'target': '_blank', 'href': 'https://docs.retrospected.com/docs/self-hosting/quick-start'}, 74155260075949383841988739551624744508, http://localhost:1800/
74155260075949383841988739551624744508, None, 74155260075949383841988739551624744508, http://localhost:1800/
74155260075949383841988739551624744508, None, 74155260075949383841988739551624744508, http://localhost:1800/
74155260075949383841988739551624744508, 322294491624679672579461493340971535867 -> a ['Accounts Federation']{'href': '#'}, 31358316778550977529786788011359927828, http://localhost:1800/#
74155260075949383841988739551624744508, None, 74155260075949383841988739551624744508, http://localhost:1800/
74155260075949383841988739551624744508, 42781586748898556957319857378680623162 -> a []{'href': '/subscribe?product=self-hosted', 'style': 'color:unset'}, 74155260075949383841988739551624744508, http://localhost:1800/
74155260075949383841988739551624744508, 294408008975193969872912268871713931036 -> a [<span class="ti-wand", 134889261547027000173533848097898943919, http://localhost:1800/
74155260075949383841988739551624744508, None, 74155260075949383841988739551624744508, http://localhost:1800/
74155260075949383841988739551624744508, 335177995277185720436677424941113667172 -> a ['Private Sessions']{'href': '#'}, 31358316778550977529786788011359927828, http://localhost:1800/#
74155260075949383841988739551624744508, None, 74155260075949383841988739551624744508, http://localhost:1800/
74155260075949383841988739551624744508, 223198739654013518621001174651680560209 -> a [<div class="pt-4", 74155260075949383841988739551624744508, http://localhost:1800/
74155260075949383841988739551624744508, 266290469012312326683711838841638666372 -> button [<svg aria-hidden="true" class="MuiSvgIcon-root MuiSvgIcon-fontSizeMedium css-vubbuv" data-testid="HomeOutlinedIcon" focusable="false" viewbox="0 0 24 24", 74155260075949383841988739551624744508, http://localhost:1800/
74155260075949383841988739551624744508, 131498267285019480364075027932691640882 -> a []{'href': '/subscribe?product=unlimited', 'style': 'color:unset'}, 74155260075949383841988739551624744508, http://localhost:1800/
74155260075949383841988739551624744508, 220230489951247748324856720139661540476 -> a ['amazing documentation']{'target': '_blank', 'href': 'https://docs.retrospected.com/docs/self-hosting/quick-start'}, 74155260075949383841988739551624744508, http://localhost:1800/
74155260075949383841988739551624744508, None, 74155260075949383841988739551624744508, http://localhost:1800/
74155260075949383841988739551624744508, None, 74155260075949383841988739551624744508, http://localhost:1800/
74155260075949383841988739551624744508, 230313313312885264188619318999131343590 -> a ['Contact us']{'href': 'mailto:support@retrospected.com', 'class': 'color-secondary'}, 74155260075949383841988739551624744508, http://localhost:1800/
74155260075949383841988739551624744508, 230313313312885264188619318999131343590 -> a ['Contact us']{'href': 'mailto:support@retrospected.com', 'class': 'color-secondary'}, 74155260075949383841988739551624744508, http://localhost:1800/
74155260075949383841988739551624744508, 326260989328514412703228462752826086408 -> a ['contact us']{'href': 'mailto:support@retrospected.com'}, 74155260075949383841988739551624744508, http://localhost:1800/
74155260075949383841988739551624744508, None, 74155260075949383841988739551624744508, http://localhost:1800/
74155260075949383841988739551624744508, 44226831132642797030845329423154588134 -> a ['Simplified Self-Hosting']{'href': '#'}, 31358316778550977529786788011359927828, http://localhost:1800/#
31358316778550977529786788011359927828, 326260989328514412703228462752826086408 -> a ['contact us']{'href': 'mailto:support@retrospected.com'}, 31358316778550977529786788011359927828, http://localhost:1800/#
31358316778550977529786788011359927828, 230313313312885264188619318999131343590 -> a ['Contact us']{'href': 'mailto:support@retrospected.com', 'class': 'color-secondary'}, 31358316778550977529786788011359927828, http://localhost:1800/#
74155260075949383841988739551624744508, None, 74155260075949383841988739551624744508, http://localhost:1800/
74155260075949383841988739551624744508, 335177995277185720436677424941113667172 -> a ['Private Sessions']{'href': '#'}, 31358316778550977529786788011359927828, http://localhost:1800/#
31358316778550977529786788011359927828, 266290469012312326683711838841638666372 -> button [<svg aria-hidden="true" class="MuiSvgIcon-root MuiSvgIcon-fontSizeMedium css-vubbuv" data-testid="HomeOutlinedIcon" focusable="false" viewbox="0 0 24 24", 31358316778550977529786788011359927828, http://localhost:1800/#
74155260075949383841988739551624744508, None, 74155260075949383841988739551624744508, http://localhost:1800/
74155260075949383841988739551624744508, None, 74155260075949383841988739551624744508, http://localhost:1800/
74155260075949383841988739551624744508, 335177995277185720436677424941113667172 -> a ['Private Sessions']{'href': '#'}, 31358316778550977529786788011359927828, http://localhost:1800/#
31358316778550977529786788011359927828, 230313313312885264188619318999131343590 -> a ['Contact us']{'href': 'mailto:support@retrospected.com', 'class': 'color-secondary'}, 31358316778550977529786788011359927828, http://localhost:1800/#
31358316778550977529786788011359927828, 198330988671355682266587899514732098117 -> a []{'href': '/subscribe?product=team', 'style': 'color:unset'}, 31358316778550977529786788011359927828, http://localhost:1800/#
74155260075949383841988739551624744508, None, 74155260075949383841988739551624744508, http://localhost:1800/
74155260075949383841988739551624744508, None, 74155260075949383841988739551624744508, http://localhost:1800/
74155260075949383841988739551624744508, 335177995277185720436677424941113667172 -> a ['Private Sessions']{'href': '#'}, 31358316778550977529786788011359927828, http://localhost:1800/#
74155260075949383841988739551624744508, None, 74155260075949383841988739551624744508, http://localhost:1800/
74155260075949383841988739551624744508, 126897143971849504177287452962379115636 -> a [<span class="ti-crown", 74921026783633498634010030204556921178, http://localhost:1800/
74921026783633498634010030204556921178, 206164577955608859182796379325284454987 -> a [<span class="ti-check-box", 61832822962638269947097031219656062189, http://localhost:1800/
61832822962638269947097031219656062189, 43049699877994183524356976929040969917 -> button [<svg aria-hidden="true" class="MuiSvgIcon-root MuiSvgIcon-fontSizeMedium css-vubbuv" data-testid="MenuIcon" focusable="false" viewbox="0 0 24 24", 61832822962638269947097031219656062189, http://localhost:1800/
61832822962638269947097031219656062189, 251504558788066875833468717256383623798 -> a [<ul class="list-unstyled text-sm mb-4 pricing-feature-list", 61832822962638269947097031219656062189, http://localhost:1800/
74155260075949383841988739551624744508, None, 74155260075949383841988739551624744508, http://localhost:1800/
74155260075949383841988739551624744508, 266290469012312326683711838841638666372 -> button [<svg aria-hidden="true" class="MuiSvgIcon-root MuiSvgIcon-fontSizeMedium css-vubbuv" data-testid="HomeOutlinedIcon" focusable="false" viewbox="0 0 24 24", 74155260075949383841988739551624744508, http://localhost:1800/
74155260075949383841988739551624744508, 220230489951247748324856720139661540476 -> a ['amazing documentation']{'target': '_blank', 'href': 'https://docs.retrospected.com/docs/self-hosting/quick-start'}, 74155260075949383841988739551624744508, http://localhost:1800/
74155260075949383841988739551624744508, 213786466674511586446221676810385570193 -> button [<span class="MuiButton-startIcon MuiButton-iconSizeMedium css-6xugel", 199222071360682078865197807318038347473, http://localhost:1800/
199222071360682078865197807318038347473, 42781586748898556957319857378680623162 -> a []{'href': '/subscribe?product=self-hosted', 'style': 'color:unset'}, 199222071360682078865197807318038347473, http://localhost:1800/
199222071360682078865197807318038347473, 77722075193502781211253785020892441640 -> a []{'href': '/login', 'style': 'color:unset'}, 199222071360682078865197807318038347473, http://localhost:1800/
199222071360682078865197807318038347473, 335177995277185720436677424941113667172 -> a ['Private Sessions']{'href': '#'}, 199222071360682078865197807318038347473, http://localhost:1800/
199222071360682078865197807318038347473, 251504558788066875833468717256383623798 -> a [<ul class="list-unstyled text-sm mb-4 pricing-feature-list", 199222071360682078865197807318038347473, http://localhost:1800/
199222071360682078865197807318038347473, 129577701741696671623444447879599158794 -> a ['Subscribe Now']{'href': '/subscribe?product=unlimited', 'class': 'btnsolid-btnmb-3'}, 199222071360682078865197807318038347473, http://localhost:1800/
74155260075949383841988739551624744508, None, 74155260075949383841988739551624744508, http://localhost:1800/
74155260075949383841988739551624744508, None, 74155260075949383841988739551624744508, http://localhost:1800/
74155260075949383841988739551624744508, 96209764409702934583100429439126582709 -> a [<span class="ti-check-box", 74155260075949383841988739551624744508, http://localhost:1800/
74155260075949383841988739551624744508, 44226831132642797030845329423154588134 -> a ['Simplified Self-Hosting']{'href': '#'}, 31358316778550977529786788011359927828, http://localhost:1800/#
74155260075949383841988739551624744508, None, 74155260075949383841988739551624744508, http://localhost:1800/
74155260075949383841988739551624744508, 77722075193502781211253785020892441640 -> a []{'href': '/login', 'style': 'color:unset'}, 74155260075949383841988739551624744508, http://localhost:1800/
74155260075949383841988739551624744508, 126897143971849504177287452962379115636 -> a [<span class="ti-crown", 74921026783633498634010030204556921178, http://localhost:1800/
74155260075949383841988739551624744508, None, 74155260075949383841988739551624744508, http://localhost:1800/
74155260075949383841988739551624744508, 322294491624679672579461493340971535867 -> a ['Accounts Federation']{'href': '#'}, 31358316778550977529786788011359927828, http://localhost:1800/#
31358316778550977529786788011359927828, 326260989328514412703228462752826086408 -> a ['contact us']{'href': 'mailto:support@retrospected.com'}, 31358316778550977529786788011359927828, http://localhost:1800/#
31358316778550977529786788011359927828, 266290469012312326683711838841638666372 -> button [<svg aria-hidden="true" class="MuiSvgIcon-root MuiSvgIcon-fontSizeMedium css-vubbuv" data-testid="HomeOutlinedIcon" focusable="false" viewbox="0 0 24 24", 31358316778550977529786788011359927828, http://localhost:1800/#
31358316778550977529786788011359927828, 44226831132642797030845329423154588134 -> a ['Simplified Self-Hosting']{'href': '#'}, 31358316778550977529786788011359927828, http://localhost:1800/#
31358316778550977529786788011359927828, 294408008975193969872912268871713931036 -> a [<span class="ti-wand", 64759341743218985906504641236022142956, http://localhost:1800/#
64759341743218985906504641236022142956, 335177995277185720436677424941113667172 -> a ['Private Sessions']{'href': '#'}, 64759341743218985906504641236022142956, http://localhost:1800/#
74155260075949383841988739551624744508, None, 74155260075949383841988739551624744508, http://localhost:1800/
74155260075949383841988739551624744508, None, 74155260075949383841988739551624744508, http://localhost:1800/
74155260075949383841988739551624744508, None, 74155260075949383841988739551624744508, http://localhost:1800/
74155260075949383841988739551624744508, 254223092764667133638200428295916035974 -> a [<span class="ti-lock", 312035304379938343747989387892194858733, http://localhost:1800/
312035304379938343747989387892194858733, 266290469012312326683711838841638666372 -> button [<svg aria-hidden="true" class="MuiSvgIcon-root MuiSvgIcon-fontSizeMedium css-vubbuv" data-testid="HomeOutlinedIcon" focusable="false" viewbox="0 0 24 24", 312035304379938343747989387892194858733, http://localhost:1800/
74155260075949383841988739551624744508, None, 74155260075949383841988739551624744508, http://localhost:1800/
74155260075949383841988739551624744508, None, 74155260075949383841988739551624744508, http://localhost:1800/
74155260075949383841988739551624744508, 241834424327382346987432935799321988837 -> a [<span class="ti-twitter", 74155260075949383841988739551624744508, http://localhost:1800/
74155260075949383841988739551624744508, 96209764409702934583100429439126582709 -> a [<span class="ti-check-box", 74155260075949383841988739551624744508, http://localhost:1800/
74155260075949383841988739551624744508, 171732623341340118822743671651694422782 -> a ['docs']{'target': '_blank', 'href': 'https://docs.retrospected.com/docs/self-hosting/quick-start'}, 74155260075949383841988739551624744508, http://localhost:1800/
74155260075949383841988739551624744508, 335177995277185720436677424941113667172 -> a ['Private Sessions']{'href': '#'}, 31358316778550977529786788011359927828, http://localhost:1800/#
31358316778550977529786788011359927828, 198330988671355682266587899514732098117 -> a []{'href': '/subscribe?product=team', 'style': 'color:unset'}, 31358316778550977529786788011359927828, http://localhost:1800/#
74155260075949383841988739551624744508, None, 74155260075949383841988739551624744508, http://localhost:1800/
74155260075949383841988739551624744508, 213786466674511586446221676810385570193 -> button [<span class="MuiButton-startIcon MuiButton-iconSizeMedium css-6xugel", 199222071360682078865197807318038347473, http://localhost:1800/
199222071360682078865197807318038347473, 68465627557326038611256173190836588557 -> a ['Subscribe Now']{'href': '/subscribe?product=team', 'class': 'btnoutline-btnmb-3'}, 199222071360682078865197807318038347473, http://localhost:1800/
199222071360682078865197807318038347473, 206135397846945457121200555401346790746 -> a ['Acceptable Use Policy']{'href': 'https://www.websitepolicies.com/policies/view/fbk00C8V'}, 199222071360682078865197807318038347473, http://localhost:1800/
199222071360682078865197807318038347473, 230313313312885264188619318999131343590 -> a ['Contact us']{'href': 'mailto:support@retrospected.com', 'class': 'color-secondary'}, 199222071360682078865197807318038347473, http://localhost:1800/
199222071360682078865197807318038347473, 43049699877994183524356976929040969917 -> button [<svg aria-hidden="true" class="MuiSvgIcon-root MuiSvgIcon-fontSizeMedium css-vubbuv" data-testid="MenuIcon" focusable="false" viewbox="0 0 24 24", 74155260075949383841988739551624744508, http://localhost:1800/
74155260075949383841988739551624744508, 326260989328514412703228462752826086408 -> a ['contact us']{'href': 'mailto:support@retrospected.com'}, 74155260075949383841988739551624744508, http://localhost:1800/
74155260075949383841988739551624744508, None, 74155260075949383841988739551624744508, http://localhost:1800/
74155260075949383841988739551624744508, 254223092764667133638200428295916035974 -> a [<span class="ti-lock", 312035304379938343747989387892194858733, http://localhost:1800/
74155260075949383841988739551624744508, None, 74155260075949383841988739551624744508, http://localhost:1800/
74155260075949383841988739551624744508, None, 74155260075949383841988739551624744508, http://localhost:1800/
74155260075949383841988739551624744508, 42781586748898556957319857378680623162 -> a []{'href': '/subscribe?product=self-hosted', 'style': 'color:unset'}, 74155260075949383841988739551624744508, http://localhost:1800/
74155260075949383841988739551624744508, 77722075193502781211253785020892441640 -> a []{'href': '/login', 'style': 'color:unset'}, 74155260075949383841988739551624744508, http://localhost:1800/
74155260075949383841988739551624744508, 131498267285019480364075027932691640882 -> a []{'href': '/subscribe?product=unlimited', 'style': 'color:unset'}, 74155260075949383841988739551624744508, http://localhost:1800/
74155260075949383841988739551624744508, 198330988671355682266587899514732098117 -> a []{'href': '/subscribe?product=team', 'style': 'color:unset'}, 74155260075949383841988739551624744508, http://localhost:1800/
74155260075949383841988739551624744508, 171732623341340118822743671651694422782 -> a ['docs']{'target': '_blank', 'href': 'https://docs.retrospected.com/docs/self-hosting/quick-start'}, 74155260075949383841988739551624744508, http://localhost:1800/
74155260075949383841988739551624744508, 294408008975193969872912268871713931036 -> a [<span class="ti-wand", 134889261547027000173533848097898943919, http://localhost:1800/
134889261547027000173533848097898943919, 241834424327382346987432935799321988837 -> a [<span class="ti-twitter", 134889261547027000173533848097898943919, http://localhost:1800/
134889261547027000173533848097898943919, 266290469012312326683711838841638666372 -> button [<svg aria-hidden="true" class="MuiSvgIcon-root MuiSvgIcon-fontSizeMedium css-vubbuv" data-testid="HomeOutlinedIcon" focusable="false" viewbox="0 0 24 24", 134889261547027000173533848097898943919, http://localhost:1800/
74155260075949383841988739551624744508, None, 74155260075949383841988739551624744508, http://localhost:1800/
74155260075949383841988739551624744508, None, 74155260075949383841988739551624744508, http://localhost:1800/
74155260075949383841988739551624744508, 131498267285019480364075027932691640882 -> a []{'href': '/subscribe?product=unlimited', 'style': 'color:unset'}, 74155260075949383841988739551624744508, http://localhost:1800/
74155260075949383841988739551624744508, 198330988671355682266587899514732098117 -> a []{'href': '/subscribe?product=team', 'style': 'color:unset'}, 74155260075949383841988739551624744508, http://localhost:1800/
74155260075949383841988739551624744508, None, 74155260075949383841988739551624744508, http://localhost:1800/
74155260075949383841988739551624744508, 266290469012312326683711838841638666372 -> button [<svg aria-hidden="true" class="MuiSvgIcon-root MuiSvgIcon-fontSizeMedium css-vubbuv" data-testid="HomeOutlinedIcon" focusable="false" viewbox="0 0 24 24", 74155260075949383841988739551624744508, http://localhost:1800/
74155260075949383841988739551624744508, 126897143971849504177287452962379115636 -> a [<span class="ti-crown", 74921026783633498634010030204556921178, http://localhost:1800/
74921026783633498634010030204556921178, 254223092764667133638200428295916035974 -> a [<span class="ti-lock", 312035304379938343747989387892194858733, http://localhost:1800/
312035304379938343747989387892194858733, 294408008975193969872912268871713931036 -> a [<span class="ti-wand", 134889261547027000173533848097898943919, http://localhost:1800/
134889261547027000173533848097898943919, 266290469012312326683711838841638666372 -> button [<svg aria-hidden="true" class="MuiSvgIcon-root MuiSvgIcon-fontSizeMedium css-vubbuv" data-testid="HomeOutlinedIcon" focusable="false" viewbox="0 0 24 24", 134889261547027000173533848097898943919, http://localhost:1800/
134889261547027000173533848097898943919, 275535265001750141739914645984373379952 -> button [<svg aria-hidden="true" class="MuiSvgIcon-root MuiSvgIcon-fontSizeMedium css-vubbuv" data-testid="HomeOutlinedIcon" focusable="false" viewbox="0 0 24 24", 134889261547027000173533848097898943919, http://localhost:1800/
74155260075949383841988739551624744508, None, 74155260075949383841988739551624744508, http://localhost:1800/
74155260075949383841988739551624744508, 335177995277185720436677424941113667172 -> a ['Private Sessions']{'href': '#'}, 31358316778550977529786788011359927828, http://localhost:1800/#
31358316778550977529786788011359927828, 213786466674511586446221676810385570193 -> button [<span class="MuiButton-startIcon MuiButton-iconSizeMedium css-6xugel", 143071889150884705634205232230842087196, http://localhost:1800/#
143071889150884705634205232230842087196, 168977170084701023319803179370392167339 -> input []{'aria-invalid': 'false', 'id': ':r:', 'placeholder': 'Password', 'type': 'password', 'class': 'MuiInput-inputMuiInputBase-inputMuiInputBase-inputAdornedStartcss-mnn31', 'value': ''}, 143071889150884705634205232230842087196, http://localhost:1800/#
143071889150884705634205232230842087196, 254223092764667133638200428295916035974 -> a [<span class="ti-lock", 143071889150884705634205232230842087196, http://localhost:1800/#
143071889150884705634205232230842087196, 231932781397952616542666070090653703638 -> a [<div class="pt-4", 143071889150884705634205232230842087196, http://localhost:1800/#
143071889150884705634205232230842087196, 322294491624679672579461493340971535867 -> a ['Accounts Federation']{'href': '#'}, 143071889150884705634205232230842087196, http://localhost:1800/#
143071889150884705634205232230842087196, 43049699877994183524356976929040969917 -> button [<svg aria-hidden="true" class="MuiSvgIcon-root MuiSvgIcon-fontSizeMedium css-vubbuv" data-testid="MenuIcon" focusable="false" viewbox="0 0 24 24", 31358316778550977529786788011359927828, http://localhost:1800/#
31358316778550977529786788011359927828, 294408008975193969872912268871713931036 -> a [<span class="ti-wand", 64759341743218985906504641236022142956, http://localhost:1800/#
74155260075949383841988739551624744508, None, 74155260075949383841988739551624744508, http://localhost:1800/
74155260075949383841988739551624744508, 335177995277185720436677424941113667172 -> a ['Private Sessions']{'href': '#'}, 31358316778550977529786788011359927828, http://localhost:1800/#
31358316778550977529786788011359927828, 266290469012312326683711838841638666372 -> button [<svg aria-hidden="true" class="MuiSvgIcon-root MuiSvgIcon-fontSizeMedium css-vubbuv" data-testid="HomeOutlinedIcon" focusable="false" viewbox="0 0 24 24", 31358316778550977529786788011359927828, http://localhost:1800/#
31358316778550977529786788011359927828, 294408008975193969872912268871713931036 -> a [<span class="ti-wand", 134889261547027000173533848097898943919, http://localhost:1800/
74155260075949383841988739551624744508, None, 74155260075949383841988739551624744508, http://localhost:1800/
74155260075949383841988739551624744508, None, 74155260075949383841988739551624744508, http://localhost:1800/
74155260075949383841988739551624744508, 243157659132187107739887812339775519703 -> a ['support@retrospected.com']{'href': 'mailto:support@retrospected.com'}, 74155260075949383841988739551624744508, http://localhost:1800/
74155260075949383841988739551624744508, 131498267285019480364075027932691640882 -> a []{'href': '/subscribe?product=unlimited', 'style': 'color:unset'}, 74155260075949383841988739551624744508, http://localhost:1800/
74155260075949383841988739551624744508, 198330988671355682266587899514732098117 -> a []{'href': '/subscribe?product=team', 'style': 'color:unset'}, 74155260075949383841988739551624744508, http://localhost:1800/
74155260075949383841988739551624744508, 294408008975193969872912268871713931036 -> a [<span class="ti-wand", 134889261547027000173533848097898943919, http://localhost:1800/
74155260075949383841988739551624744508, None, 74155260075949383841988739551624744508, http://localhost:1800/
74155260075949383841988739551624744508, 326260989328514412703228462752826086408 -> a ['contact us']{'href': 'mailto:support@retrospected.com'}, 74155260075949383841988739551624744508, http://localhost:1800/
74155260075949383841988739551624744508, 322294491624679672579461493340971535867 -> a ['Accounts Federation']{'href': '#'}, 31358316778550977529786788011359927828, http://localhost:1800/#
31358316778550977529786788011359927828, 266290469012312326683711838841638666372 -> button [<svg aria-hidden="true" class="MuiSvgIcon-root MuiSvgIcon-fontSizeMedium css-vubbuv" data-testid="HomeOutlinedIcon" focusable="false" viewbox="0 0 24 24", 31358316778550977529786788011359927828, http://localhost:1800/#
31358316778550977529786788011359927828, 126897143971849504177287452962379115636 -> a [<span class="ti-crown", 74921026783633498634010030204556921178, http://localhost:1800/
74155260075949383841988739551624744508, None, 74155260075949383841988739551624744508, http://localhost:1800/
74155260075949383841988739551624744508, None, 74155260075949383841988739551624744508, http://localhost:1800/
74155260075949383841988739551624744508, 126897143971849504177287452962379115636 -> a [<span class="ti-crown", 74921026783633498634010030204556921178, http://localhost:1800/
74921026783633498634010030204556921178, 335177995277185720436677424941113667172 -> a ['Private Sessions']{'href': '#'}, 144879887503381109463277111576120467480, http://localhost:1800/#
74155260075949383841988739551624744508, None, 74155260075949383841988739551624744508, http://localhost:1800/
74155260075949383841988739551624744508, 126897143971849504177287452962379115636 -> a [<span class="ti-crown", 74921026783633498634010030204556921178, http://localhost:1800/
74921026783633498634010030204556921178, 294408008975193969872912268871713931036 -> a [<span class="ti-wand", 134889261547027000173533848097898943919, http://localhost:1800/
134889261547027000173533848097898943919, 171732623341340118822743671651694422782 -> a ['docs']{'target': '_blank', 'href': 'https://docs.retrospected.com/docs/self-hosting/quick-start'}, 134889261547027000173533848097898943919, http://localhost:1800/
134889261547027000173533848097898943919, 220230489951247748324856720139661540476 -> a ['amazing documentation']{'target': '_blank', 'href': 'https://docs.retrospected.com/docs/self-hosting/quick-start'}, 134889261547027000173533848097898943919, http://localhost:1800/
74155260075949383841988739551624744508, None, 74155260075949383841988739551624744508, http://localhost:1800/
74155260075949383841988739551624744508, 335177995277185720436677424941113667172 -> a ['Private Sessions']{'href': '#'}, 31358316778550977529786788011359927828, http://localhost:1800/#
74155260075949383841988739551624744508, None, 74155260075949383841988739551624744508, http://localhost:1800/
74155260075949383841988739551624744508, 335177995277185720436677424941113667172 -> a ['Private Sessions']{'href': '#'}, 31358316778550977529786788011359927828, http://localhost:1800/#
31358316778550977529786788011359927828, 264323178795734057221956673756651836778 -> a ['here']{'target': '_blank', 'href': 'https://www.retrospected.com/subscribe?product=self-hosted', 'rel': 'noreferrer'}, 31358316778550977529786788011359927828, http://localhost:1800/#
31358316778550977529786788011359927828, 126897143971849504177287452962379115636 -> a [<span class="ti-crown", 144879887503381109463277111576120467480, http://localhost:1800/#
144879887503381109463277111576120467480, 33882277759036140018466438713772133080 -> a [<span class="ti-crown", 144879887503381109463277111576120467480, http://localhost:1800/#
144879887503381109463277111576120467480, 271300417513165784100724408305820393637 -> a ['Login']{'href': '/login', 'class': 'btnoutline-btnmb-3'}, 312746356186967040304344664140837641925, http://localhost:1800/login
312746356186967040304344664140837641925, 126897143971849504177287452962379115636 -> a [<span class="ti-crown", 183949956059695817513490794895309699299, http://localhost:1800/login
74155260075949383841988739551624744508, None, 74155260075949383841988739551624744508, http://localhost:1800/
74155260075949383841988739551624744508, None, 74155260075949383841988739551624744508, http://localhost:1800/
74155260075949383841988739551624744508, 335177995277185720436677424941113667172 -> a ['Private Sessions']{'href': '#'}, 31358316778550977529786788011359927828, http://localhost:1800/#
31358316778550977529786788011359927828, 44226831132642797030845329423154588134 -> a ['Simplified Self-Hosting']{'href': '#'}, 31358316778550977529786788011359927828, http://localhost:1800/#
31358316778550977529786788011359927828, 77722075193502781211253785020892441640 -> a []{'href': '/login', 'style': 'color:unset'}, 31358316778550977529786788011359927828, http://localhost:1800/#
31358316778550977529786788011359927828, 42781586748898556957319857378680623162 -> a []{'href': '/subscribe?product=self-hosted', 'style': 'color:unset'}, 31358316778550977529786788011359927828, http://localhost:1800/#
74155260075949383841988739551624744508, None, 74155260075949383841988739551624744508, http://localhost:1800/
74155260075949383841988739551624744508, None, 74155260075949383841988739551624744508, http://localhost:1800/
74155260075949383841988739551624744508, 42781586748898556957319857378680623162 -> a []{'href': '/subscribe?product=self-hosted', 'style': 'color:unset'}, 74155260075949383841988739551624744508, http://localhost:1800/
74155260075949383841988739551624744508, 294408008975193969872912268871713931036 -> a [<span class="ti-wand", 134889261547027000173533848097898943919, http://localhost:1800/
134889261547027000173533848097898943919, 254223092764667133638200428295916035974 -> a [<span class="ti-lock", 312035304379938343747989387892194858733, http://localhost:1800/
312035304379938343747989387892194858733, 131498267285019480364075027932691640882 -> a []{'href': '/subscribe?product=unlimited', 'style': 'color:unset'}, 312035304379938343747989387892194858733, http://localhost:1800/
74155260075949383841988739551624744508, None, 74155260075949383841988739551624744508, http://localhost:1800/
74155260075949383841988739551624744508, 213786466674511586446221676810385570193 -> button [<span class="MuiButton-startIcon MuiButton-iconSizeMedium css-6xugel", 199222071360682078865197807318038347473, http://localhost:1800/
199222071360682078865197807318038347473, 129577701741696671623444447879599158794 -> a ['Subscribe Now']{'href': '/subscribe?product=unlimited', 'class': 'btnsolid-btnmb-3'}, 199222071360682078865197807318038347473, http://localhost:1800/
199222071360682078865197807318038347473, 2287762827317956453547906360552510024 -> button ['Login']{'class': 'MuiButton-rootMuiButton-textMuiButton-textPrimaryMuiButton-sizeMediumMuiButton-textSizeMediumMuiButtonBase-rootMui-disabledcss-bfpls6', 'tabindex': '-', 'type': 'button', 'disabled': ''}, 199222071360682078865197807318038347473, http://localhost:1800/
199222071360682078865197807318038347473, 282212841185837970464880490913268752826 -> a [<ul class="list-unstyled text-sm mb-4 pricing-feature-list", 199222071360682078865197807318038347473, http://localhost:1800/
199222071360682078865197807318038347473, 311139265183187381314120997124831806190 -> a [<ul class="list-unstyled text-sm mb-4 pricing-feature-list", 199222071360682078865197807318038347473, http://localhost:1800/
199222071360682078865197807318038347473, 131498267285019480364075027932691640882 -> a []{'href': '/subscribe?product=unlimited', 'style': 'color:unset'}, 199222071360682078865197807318038347473, http://localhost:1800/
199222071360682078865197807318038347473, 326260989328514412703228462752826086408 -> a ['contact us']{'href': 'mailto:support@retrospected.com'}, 199222071360682078865197807318038347473, http://localhost:1800/
199222071360682078865197807318038347473, 220230489951247748324856720139661540476 -> a ['amazing documentation']{'target': '_blank', 'href': 'https://docs.retrospected.com/docs/self-hosting/quick-start'}, 199222071360682078865197807318038347473, http://localhost:1800/
74155260075949383841988739551624744508, None, 74155260075949383841988739551624744508, http://localhost:1800/
74155260075949383841988739551624744508, 126897143971849504177287452962379115636 -> a [<span class="ti-crown", 74921026783633498634010030204556921178, http://localhost:1800/
74921026783633498634010030204556921178, 326260989328514412703228462752826086408 -> a ['contact us']{'href': 'mailto:support@retrospected.com'}, 74921026783633498634010030204556921178, http://localhost:1800/
74921026783633498634010030204556921178, 198330988671355682266587899514732098117 -> a []{'href': '/subscribe?product=team', 'style': 'color:unset'}, 74921026783633498634010030204556921178, http://localhost:1800/
74921026783633498634010030204556921178, 230313313312885264188619318999131343590 -> a ['Contact us']{'href': 'mailto:support@retrospected.com', 'class': 'color-secondary'}, 74921026783633498634010030204556921178, http://localhost:1800/
74921026783633498634010030204556921178, 264323178795734057221956673756651836778 -> a ['here']{'target': '_blank', 'href': 'https://www.retrospected.com/subscribe?product=self-hosted', 'rel': 'noreferrer'}, 74921026783633498634010030204556921178, http://localhost:1800/
74155260075949383841988739551624744508, None, 74155260075949383841988739551624744508, http://localhost:1800/
74155260075949383841988739551624744508, 44226831132642797030845329423154588134 -> a ['Simplified Self-Hosting']{'href': '#'}, 31358316778550977529786788011359927828, http://localhost:1800/#
74155260075949383841988739551624744508, None, 74155260075949383841988739551624744508, http://localhost:1800/
74155260075949383841988739551624744508, 96209764409702934583100429439126582709 -> a [<span class="ti-check-box", 74155260075949383841988739551624744508, http://localhost:1800/
74155260075949383841988739551624744508, None, 74155260075949383841988739551624744508, http://localhost:1800/
74155260075949383841988739551624744508, 254223092764667133638200428295916035974 -> a [<span class="ti-lock", 312035304379938343747989387892194858733, http://localhost:1800/
312035304379938343747989387892194858733, 213786466674511586446221676810385570193 -> button [<span class="MuiButton-startIcon MuiButton-iconSizeMedium css-6xugel", 223473177124301657609712486044850454013, http://localhost:1800/
223473177124301657609712486044850454013, 77722075193502781211253785020892441640 -> a []{'href': '/login', 'style': 'color:unset'}, 223473177124301657609712486044850454013, http://localhost:1800/
223473177124301657609712486044850454013, 264323178795734057221956673756651836778 -> a ['here']{'target': '_blank', 'href': 'https://www.retrospected.com/subscribe?product=self-hosted', 'rel': 'noreferrer'}, 312035304379938343747989387892194858733, http://localhost:1800/
312035304379938343747989387892194858733, 264323178795734057221956673756651836778 -> a ['here']{'target': '_blank', 'href': 'https://www.retrospected.com/subscribe?product=self-hosted', 'rel': 'noreferrer'}, 312035304379938343747989387892194858733, http://localhost:1800/
74155260075949383841988739551624744508, None, 74155260075949383841988739551624744508, http://localhost:1800/
74155260075949383841988739551624744508, 254223092764667133638200428295916035974 -> a [<span class="ti-lock", 312035304379938343747989387892194858733, http://localhost:1800/
74155260075949383841988739551624744508, None, 74155260075949383841988739551624744508, http://localhost:1800/
74155260075949383841988739551624744508, 241834424327382346987432935799321988837 -> a [<span class="ti-twitter", 74155260075949383841988739551624744508, http://localhost:1800/
74155260075949383841988739551624744508, 126897143971849504177287452962379115636 -> a [<span class="ti-crown", 74921026783633498634010030204556921178, http://localhost:1800/
74155260075949383841988739551624744508, None, 74155260075949383841988739551624744508, http://localhost:1800/
74155260075949383841988739551624744508, 335177995277185720436677424941113667172 -> a ['Private Sessions']{'href': '#'}, 31358316778550977529786788011359927828, http://localhost:1800/#
74155260075949383841988739551624744508, None, 74155260075949383841988739551624744508, http://localhost:1800/
74155260075949383841988739551624744508, None, 74155260075949383841988739551624744508, http://localhost:1800/
74155260075949383841988739551624744508, 322294491624679672579461493340971535867 -> a ['Accounts Federation']{'href': '#'}, 31358316778550977529786788011359927828, http://localhost:1800/#
74155260075949383841988739551624744508, None, 74155260075949383841988739551624744508, http://localhost:1800/
74155260075949383841988739551624744508, None, 74155260075949383841988739551624744508, http://localhost:1800/
74155260075949383841988739551624744508, None, 74155260075949383841988739551624744508, http://localhost:1800/
74155260075949383841988739551624744508, None, 74155260075949383841988739551624744508, http://localhost:1800/
74155260075949383841988739551624744508, 322294491624679672579461493340971535867 -> a ['Accounts Federation']{'href': '#'}, 31358316778550977529786788011359927828, http://localhost:1800/#
31358316778550977529786788011359927828, 254223092764667133638200428295916035974 -> a [<span class="ti-lock", 98951389206994023167960179296979532349, http://localhost:1800/#
98951389206994023167960179296979532349, 241834424327382346987432935799321988837 -> a [<span class="ti-twitter", 98951389206994023167960179296979532349, http://localhost:1800/#
98951389206994023167960179296979532349, 77722075193502781211253785020892441640 -> a []{'href': '/login', 'style': 'color:unset'}, 98951389206994023167960179296979532349, http://localhost:1800/#
98951389206994023167960179296979532349, 326260989328514412703228462752826086408 -> a ['contact us']{'href': 'mailto:support@retrospected.com'}, 98951389206994023167960179296979532349, http://localhost:1800/#
74155260075949383841988739551624744508, None, 74155260075949383841988739551624744508, http://localhost:1800/
74155260075949383841988739551624744508, 294408008975193969872912268871713931036 -> a [<span class="ti-wand", 134889261547027000173533848097898943919, http://localhost:1800/
74155260075949383841988739551624744508, None, 74155260075949383841988739551624744508, http://localhost:1800/
74155260075949383841988739551624744508, 254223092764667133638200428295916035974 -> a [<span class="ti-lock", 312035304379938343747989387892194858733, http://localhost:1800/
312035304379938343747989387892194858733, 213786466674511586446221676810385570193 -> button [<span class="MuiButton-startIcon MuiButton-iconSizeMedium css-6xugel", 223473177124301657609712486044850454013, http://localhost:1800/
223473177124301657609712486044850454013, 131784919546027810657093922306497179200 -> a ['Terms & Conditions']{'href': 'https://www.websitepolicies.com/policies/view/hdru1dWL'}, 223473177124301657609712486044850454013, http://localhost:1800/
223473177124301657609712486044850454013, 168977170084701023319803179370392167339 -> input []{'aria-invalid': 'false', 'id': ':r:', 'placeholder': 'Password', 'type': 'password', 'class': 'MuiInput-inputMuiInputBase-inputMuiInputBase-inputAdornedStartcss-mnn31', 'value': ''}, 223473177124301657609712486044850454013, http://localhost:1800/
223473177124301657609712486044850454013, 77722075193502781211253785020892441640 -> a []{'href': '/login', 'style': 'color:unset'}, 223473177124301657609712486044850454013, http://localhost:1800/
223473177124301657609712486044850454013, 266290469012312326683711838841638666372 -> button [<svg aria-hidden="true" class="MuiSvgIcon-root MuiSvgIcon-fontSizeMedium css-vubbuv" data-testid="HomeOutlinedIcon" focusable="false" viewbox="0 0 24 24", 312035304379938343747989387892194858733, http://localhost:1800/
312035304379938343747989387892194858733, 266290469012312326683711838841638666372 -> button [<svg aria-hidden="true" class="MuiSvgIcon-root MuiSvgIcon-fontSizeMedium css-vubbuv" data-testid="HomeOutlinedIcon" focusable="false" viewbox="0 0 24 24", 312035304379938343747989387892194858733, http://localhost:1800/
312035304379938343747989387892194858733, 77722075193502781211253785020892441640 -> a []{'href': '/login', 'style': 'color:unset'}, 312035304379938343747989387892194858733, http://localhost:1800/
74155260075949383841988739551624744508, None, 74155260075949383841988739551624744508, http://localhost:1800/
74155260075949383841988739551624744508, 322294491624679672579461493340971535867 -> a ['Accounts Federation']{'href': '#'}, 31358316778550977529786788011359927828, http://localhost:1800/#
31358316778550977529786788011359927828, 264323178795734057221956673756651836778 -> a ['here']{'target': '_blank', 'href': 'https://www.retrospected.com/subscribe?product=self-hosted', 'rel': 'noreferrer'}, 31358316778550977529786788011359927828, http://localhost:1800/#
74155260075949383841988739551624744508, None, 74155260075949383841988739551624744508, http://localhost:1800/
74155260075949383841988739551624744508, None, 74155260075949383841988739551624744508, http://localhost:1800/
74155260075949383841988739551624744508, 131498267285019480364075027932691640882 -> a []{'href': '/subscribe?product=unlimited', 'style': 'color:unset'}, 74155260075949383841988739551624744508, http://localhost:1800/
74155260075949383841988739551624744508, None, 74155260075949383841988739551624744508, http://localhost:1800/
74155260075949383841988739551624744508, None, 74155260075949383841988739551624744508, http://localhost:1800/
74155260075949383841988739551624744508, 241834424327382346987432935799321988837 -> a [<span class="ti-twitter", 74155260075949383841988739551624744508, http://localhost:1800/
74155260075949383841988739551624744508, 254223092764667133638200428295916035974 -> a [<span class="ti-lock", 312035304379938343747989387892194858733, http://localhost:1800/
74155260075949383841988739551624744508, None, 74155260075949383841988739551624744508, http://localhost:1800/
74155260075949383841988739551624744508, 335177995277185720436677424941113667172 -> a ['Private Sessions']{'href': '#'}, 31358316778550977529786788011359927828, http://localhost:1800/#
74155260075949383841988739551624744508, None, 74155260075949383841988739551624744508, http://localhost:1800/
74155260075949383841988739551624744508, 322294491624679672579461493340971535867 -> a ['Accounts Federation']{'href': '#'}, 31358316778550977529786788011359927828, http://localhost:1800/#
74155260075949383841988739551624744508, None, 74155260075949383841988739551624744508, http://localhost:1800/
74155260075949383841988739551624744508, 254223092764667133638200428295916035974 -> a [<span class="ti-lock", 312035304379938343747989387892194858733, http://localhost:1800/
74155260075949383841988739551624744508, None, 74155260075949383841988739551624744508, http://localhost:1800/
74155260075949383841988739551624744508, 322294491624679672579461493340971535867 -> a ['Accounts Federation']{'href': '#'}, 31358316778550977529786788011359927828, http://localhost:1800/#
74155260075949383841988739551624744508, None, 74155260075949383841988739551624744508, http://localhost:1800/
74155260075949383841988739551624744508, 44226831132642797030845329423154588134 -> a ['Simplified Self-Hosting']{'href': '#'}, 31358316778550977529786788011359927828, http://localhost:1800/#
31358316778550977529786788011359927828, 322294491624679672579461493340971535867 -> a ['Accounts Federation']{'href': '#'}, 31358316778550977529786788011359927828, http://localhost:1800/#
31358316778550977529786788011359927828, 254223092764667133638200428295916035974 -> a [<span class="ti-lock", 98951389206994023167960179296979532349, http://localhost:1800/#
74155260075949383841988739551624744508, None, 74155260075949383841988739551624744508, http://localhost:1800/
74155260075949383841988739551624744508, 223198739654013518621001174651680560209 -> a [<div class="pt-4", 74155260075949383841988739551624744508, http://localhost:1800/
74155260075949383841988739551624744508, 335177995277185720436677424941113667172 -> a ['Private Sessions']{'href': '#'}, 143071889150884705634205232230842087196, http://localhost:1800/#
143071889150884705634205232230842087196, 243157659132187107739887812339775519703 -> a ['support@retrospected.com']{'href': 'mailto:support@retrospected.com'}, 143071889150884705634205232230842087196, http://localhost:1800/#
143071889150884705634205232230842087196, 335177995277185720436677424941113667172 -> a ['Private Sessions']{'href': '#'}, 143071889150884705634205232230842087196, http://localhost:1800/#
74155260075949383841988739551624744508, None, 74155260075949383841988739551624744508, http://localhost:1800/
74155260075949383841988739551624744508, 44226831132642797030845329423154588134 -> a ['Simplified Self-Hosting']{'href': '#'}, 31358316778550977529786788011359927828, http://localhost:1800/#
31358316778550977529786788011359927828, 198330988671355682266587899514732098117 -> a []{'href': '/subscribe?product=team', 'style': 'color:unset'}, 31358316778550977529786788011359927828, http://localhost:1800/#
31358316778550977529786788011359927828, 326260989328514412703228462752826086408 -> a ['contact us']{'href': 'mailto:support@retrospected.com'}, 31358316778550977529786788011359927828, http://localhost:1800/#
31358316778550977529786788011359927828, 213786466674511586446221676810385570193 -> button [<span class="MuiButton-startIcon MuiButton-iconSizeMedium css-6xugel", 143071889150884705634205232230842087196, http://localhost:1800/#
143071889150884705634205232230842087196, 77722075193502781211253785020892441640 -> a []{'href': '/login', 'style': 'color:unset'}, 143071889150884705634205232230842087196, http://localhost:1800/#
143071889150884705634205232230842087196, 230313313312885264188619318999131343590 -> a ['Contact us']{'href': 'mailto:support@retrospected.com', 'class': 'color-secondary'}, 143071889150884705634205232230842087196, http://localhost:1800/#
143071889150884705634205232230842087196, 42781586748898556957319857378680623162 -> a []{'href': '/subscribe?product=self-hosted', 'style': 'color:unset'}, 143071889150884705634205232230842087196, http://localhost:1800/#
143071889150884705634205232230842087196, 77722075193502781211253785020892441640 -> a []{'href': '/login', 'style': 'color:unset'}, 143071889150884705634205232230842087196, http://localhost:1800/#
74155260075949383841988739551624744508, None, 74155260075949383841988739551624744508, http://localhost:1800/
74155260075949383841988739551624744508, None, 74155260075949383841988739551624744508, http://localhost:1800/
74155260075949383841988739551624744508, 294408008975193969872912268871713931036 -> a [<span class="ti-wand", 134889261547027000173533848097898943919, http://localhost:1800/
134889261547027000173533848097898943919, 220230489951247748324856720139661540476 -> a ['amazing documentation']{'target': '_blank', 'href': 'https://docs.retrospected.com/docs/self-hosting/quick-start'}, 134889261547027000173533848097898943919, http://localhost:1800/
74155260075949383841988739551624744508, None, 74155260075949383841988739551624744508, http://localhost:1800/
74155260075949383841988739551624744508, 294408008975193969872912268871713931036 -> a [<span class="ti-wand", 134889261547027000173533848097898943919, http://localhost:1800/
134889261547027000173533848097898943919, 243157659132187107739887812339775519703 -> a ['support@retrospected.com']{'href': 'mailto:support@retrospected.com'}, 134889261547027000173533848097898943919, http://localhost:1800/
74155260075949383841988739551624744508, None, 74155260075949383841988739551624744508, http://localhost:1800/
74155260075949383841988739551624744508, 126897143971849504177287452962379115636 -> a [<span class="ti-crown", 74921026783633498634010030204556921178, http://localhost:1800/
74155260075949383841988739551624744508, None, 74155260075949383841988739551624744508, http://localhost:1800/
74155260075949383841988739551624744508, None, 74155260075949383841988739551624744508, http://localhost:1800/
74155260075949383841988739551624744508, 294408008975193969872912268871713931036 -> a [<span class="ti-wand", 134889261547027000173533848097898943919, http://localhost:1800/
134889261547027000173533848097898943919, 254223092764667133638200428295916035974 -> a [<span class="ti-lock", 312035304379938343747989387892194858733, http://localhost:1800/
74155260075949383841988739551624744508, None, 74155260075949383841988739551624744508, http://localhost:1800/
74155260075949383841988739551624744508, 126897143971849504177287452962379115636 -> a [<span class="ti-crown", 74921026783633498634010030204556921178, http://localhost:1800/
74921026783633498634010030204556921178, 33882277759036140018466438713772133080 -> a [<span class="ti-crown", 74921026783633498634010030204556921178, http://localhost:1800/
74155260075949383841988739551624744508, None, 74155260075949383841988739551624744508, http://localhost:1800/
74155260075949383841988739551624744508, 294408008975193969872912268871713931036 -> a [<span class="ti-wand", 134889261547027000173533848097898943919, http://localhost:1800/
134889261547027000173533848097898943919, 1971129661176514680489238883695840773 -> a [<span class="ti-wand", 134889261547027000173533848097898943919, http://localhost:1800/
134889261547027000173533848097898943919, 264323178795734057221956673756651836778 -> a ['here']{'target': '_blank', 'href': 'https://www.retrospected.com/subscribe?product=self-hosted', 'rel': 'noreferrer'}, 134889261547027000173533848097898943919, http://localhost:1800/
134889261547027000173533848097898943919, 322294491624679672579461493340971535867 -> a ['Accounts Federation']{'href': '#'}, 64759341743218985906504641236022142956, http://localhost:1800/#
64759341743218985906504641236022142956, 44226831132642797030845329423154588134 -> a ['Simplified Self-Hosting']{'href': '#'}, 64759341743218985906504641236022142956, http://localhost:1800/#
64759341743218985906504641236022142956, 1971129661176514680489238883695840773 -> a [<span class="ti-wand", 64759341743218985906504641236022142956, http://localhost:1800/#
74155260075949383841988739551624744508, None, 74155260075949383841988739551624744508, http://localhost:1800/
74155260075949383841988739551624744508, 43049699877994183524356976929040969917 -> button [<svg aria-hidden="true" class="MuiSvgIcon-root MuiSvgIcon-fontSizeMedium css-vubbuv" data-testid="MenuIcon" focusable="false" viewbox="0 0 24 24", 74155260075949383841988739551624744508, http://localhost:1800/
74155260075949383841988739551624744508, 220230489951247748324856720139661540476 -> a ['amazing documentation']{'target': '_blank', 'href': 'https://docs.retrospected.com/docs/self-hosting/quick-start'}, 74155260075949383841988739551624744508, http://localhost:1800/
74155260075949383841988739551624744508, 241834424327382346987432935799321988837 -> a [<span class="ti-twitter", 74155260075949383841988739551624744508, http://localhost:1800/
74155260075949383841988739551624744508, 322294491624679672579461493340971535867 -> a ['Accounts Federation']{'href': '#'}, 31358316778550977529786788011359927828, http://localhost:1800/#
31358316778550977529786788011359927828, 322294491624679672579461493340971535867 -> a ['Accounts Federation']{'href': '#'}, 31358316778550977529786788011359927828, http://localhost:1800/#
31358316778550977529786788011359927828, 213786466674511586446221676810385570193 -> button [<span class="MuiButton-startIcon MuiButton-iconSizeMedium css-6xugel", 143071889150884705634205232230842087196, http://localhost:1800/#
143071889150884705634205232230842087196, 129577701741696671623444447879599158794 -> a ['Subscribe Now']{'href': '/subscribe?product=unlimited', 'class': 'btnsolid-btnmb-3'}, 143071889150884705634205232230842087196, http://localhost:1800/#
143071889150884705634205232230842087196, 327937726161083285969189735314083983827 -> input []{'aria-invalid': 'false', 'id': ':r:', 'placeholder': 'E-mail', 'type': 'email', 'class': 'MuiInput-inputMuiInputBase-inputMuiInputBase-inputAdornedStartcss-mnn31', 'value': ''}, 143071889150884705634205232230842087196, http://localhost:1800/#
74155260075949383841988739551624744508, None, 74155260075949383841988739551624744508, http://localhost:1800/
74155260075949383841988739551624744508, 213786466674511586446221676810385570193 -> button [<span class="MuiButton-startIcon MuiButton-iconSizeMedium css-6xugel", 74155260075949383841988739551624744508, http://localhost:1800/
74155260075949383841988739551624744508, 294408008975193969872912268871713931036 -> a [<span class="ti-wand", 134889261547027000173533848097898943919, http://localhost:1800/
134889261547027000173533848097898943919, 254223092764667133638200428295916035974 -> a [<span class="ti-lock", 312035304379938343747989387892194858733, http://localhost:1800/
74155260075949383841988739551624744508, None, 74155260075949383841988739551624744508, http://localhost:1800/
74155260075949383841988739551624744508, 322294491624679672579461493340971535867 -> a ['Accounts Federation']{'href': '#'}, 31358316778550977529786788011359927828, http://localhost:1800/#
31358316778550977529786788011359927828, 266290469012312326683711838841638666372 -> button [<svg aria-hidden="true" class="MuiSvgIcon-root MuiSvgIcon-fontSizeMedium css-vubbuv" data-testid="HomeOutlinedIcon" focusable="false" viewbox="0 0 24 24", 74155260075949383841988739551624744508, http://localhost:1800/
74155260075949383841988739551624744508, 294408008975193969872912268871713931036 -> a [<span class="ti-wand", 134889261547027000173533848097898943919, http://localhost:1800/
134889261547027000173533848097898943919, 43049699877994183524356976929040969917 -> button [<svg aria-hidden="true" class="MuiSvgIcon-root MuiSvgIcon-fontSizeMedium css-vubbuv" data-testid="MenuIcon" focusable="false" viewbox="0 0 24 24", 134889261547027000173533848097898943919, http://localhost:1800/
134889261547027000173533848097898943919, 65769010501177322495838844162606565210 -> a ['Self Hosting']{'href': 'https://docs.retrospected.com/docs/self-hosting/quick-start', 'target': '_blank', 'class': 'css-1xvmz6m'}, 134889261547027000173533848097898943919, http://localhost:1800/
134889261547027000173533848097898943919, 254223092764667133638200428295916035974 -> a [<span class="ti-lock", 134889261547027000173533848097898943919, http://localhost:1800/
134889261547027000173533848097898943919, 206164577955608859182796379325284454987 -> a [<span class="ti-check-box", 61832822962638269947097031219656062189, http://localhost:1800/
74155260075949383841988739551624744508, None, 74155260075949383841988739551624744508, http://localhost:1800/
74155260075949383841988739551624744508, 322294491624679672579461493340971535867 -> a ['Accounts Federation']{'href': '#'}, 31358316778550977529786788011359927828, http://localhost:1800/#
74155260075949383841988739551624744508, None, 74155260075949383841988739551624744508, http://localhost:1800/
74155260075949383841988739551624744508, 294408008975193969872912268871713931036 -> a [<span class="ti-wand", 134889261547027000173533848097898943919, http://localhost:1800/
134889261547027000173533848097898943919, 198330988671355682266587899514732098117 -> a []{'href': '/subscribe?product=team', 'style': 'color:unset'}, 134889261547027000173533848097898943919, http://localhost:1800/
74155260075949383841988739551624744508, None, 74155260075949383841988739551624744508, http://localhost:1800/
74155260075949383841988739551624744508, 322294491624679672579461493340971535867 -> a ['Accounts Federation']{'href': '#'}, 31358316778550977529786788011359927828, http://localhost:1800/#
31358316778550977529786788011359927828, 241834424327382346987432935799321988837 -> a [<span class="ti-twitter", 31358316778550977529786788011359927828, http://localhost:1800/#
31358316778550977529786788011359927828, 294408008975193969872912268871713931036 -> a [<span class="ti-wand", 64759341743218985906504641236022142956, http://localhost:1800/#
64759341743218985906504641236022142956, 42781586748898556957319857378680623162 -> a []{'href': '/subscribe?product=self-hosted', 'style': 'color:unset'}, 64759341743218985906504641236022142956, http://localhost:1800/#
74155260075949383841988739551624744508, None, 74155260075949383841988739551624744508, http://localhost:1800/
74155260075949383841988739551624744508, None, 74155260075949383841988739551624744508, http://localhost:1800/
74155260075949383841988739551624744508, None, 74155260075949383841988739551624744508, http://localhost:1800/
74155260075949383841988739551624744508, 266290469012312326683711838841638666372 -> button [<svg aria-hidden="true" class="MuiSvgIcon-root MuiSvgIcon-fontSizeMedium css-vubbuv" data-testid="HomeOutlinedIcon" focusable="false" viewbox="0 0 24 24", 74155260075949383841988739551624744508, http://localhost:1800/
74155260075949383841988739551624744508, 44226831132642797030845329423154588134 -> a ['Simplified Self-Hosting']{'href': '#'}, 31358316778550977529786788011359927828, http://localhost:1800/#
74155260075949383841988739551624744508, None, 74155260075949383841988739551624744508, http://localhost:1800/
74155260075949383841988739551624744508, None, 74155260075949383841988739551624744508, http://localhost:1800/
74155260075949383841988739551624744508, 322294491624679672579461493340971535867 -> a ['Accounts Federation']{'href': '#'}, 31358316778550977529786788011359927828, http://localhost:1800/#
31358316778550977529786788011359927828, 126897143971849504177287452962379115636 -> a [<span class="ti-crown", 144879887503381109463277111576120467480, http://localhost:1800/#
144879887503381109463277111576120467480, 243157659132187107739887812339775519703 -> a ['support@retrospected.com']{'href': 'mailto:support@retrospected.com'}, 144879887503381109463277111576120467480, http://localhost:1800/#
74155260075949383841988739551624744508, None, 74155260075949383841988739551624744508, http://localhost:1800/
74155260075949383841988739551624744508, 326260989328514412703228462752826086408 -> a ['contact us']{'href': 'mailto:support@retrospected.com'}, 74155260075949383841988739551624744508, http://localhost:1800/
74155260075949383841988739551624744508, 254223092764667133638200428295916035974 -> a [<span class="ti-lock", 312035304379938343747989387892194858733, http://localhost:1800/
74155260075949383841988739551624744508, None, 74155260075949383841988739551624744508, http://localhost:1800/
74155260075949383841988739551624744508, None, 74155260075949383841988739551624744508, http://localhost:1800/
74155260075949383841988739551624744508, 213786466674511586446221676810385570193 -> button [<span class="MuiButton-startIcon MuiButton-iconSizeMedium css-6xugel", 74155260075949383841988739551624744508, http://localhost:1800/
74155260075949383841988739551624744508, None, 74155260075949383841988739551624744508, http://localhost:1800/
74155260075949383841988739551624744508, 254223092764667133638200428295916035974 -> a [<span class="ti-lock", 312035304379938343747989387892194858733, http://localhost:1800/
74155260075949383841988739551624744508, None, 74155260075949383841988739551624744508, http://localhost:1800/
74155260075949383841988739551624744508, 126897143971849504177287452962379115636 -> a [<span class="ti-crown", 74921026783633498634010030204556921178, http://localhost:1800/
74155260075949383841988739551624744508, None, 74155260075949383841988739551624744508, http://localhost:1800/
74155260075949383841988739551624744508, None, 74155260075949383841988739551624744508, http://localhost:1800/
74155260075949383841988739551624744508, None, 74155260075949383841988739551624744508, http://localhost:1800/
74155260075949383841988739551624744508, 294408008975193969872912268871713931036 -> a [<span class="ti-wand", 134889261547027000173533848097898943919, http://localhost:1800/
134889261547027000173533848097898943919, 77722075193502781211253785020892441640 -> a []{'href': '/login', 'style': 'color:unset'}, 134889261547027000173533848097898943919, http://localhost:1800/
74155260075949383841988739551624744508, None, 74155260075949383841988739551624744508, http://localhost:1800/
74155260075949383841988739551624744508, 294408008975193969872912268871713931036 -> a [<span class="ti-wand", 134889261547027000173533848097898943919, http://localhost:1800/
134889261547027000173533848097898943919, 206164577955608859182796379325284454987 -> a [<span class="ti-check-box", 61832822962638269947097031219656062189, http://localhost:1800/
61832822962638269947097031219656062189, 67702886611623738420329301931778363134 -> a [<span class="ti-check-box", 61832822962638269947097031219656062189, http://localhost:1800/
74155260075949383841988739551624744508, None, 74155260075949383841988739551624744508, http://localhost:1800/
74155260075949383841988739551624744508, None, 74155260075949383841988739551624744508, http://localhost:1800/
74155260075949383841988739551624744508, None, 74155260075949383841988739551624744508, http://localhost:1800/
74155260075949383841988739551624744508, 220230489951247748324856720139661540476 -> a ['amazing documentation']{'target': '_blank', 'href': 'https://docs.retrospected.com/docs/self-hosting/quick-start'}, 74155260075949383841988739551624744508, http://localhost:1800/
74155260075949383841988739551624744508, 254223092764667133638200428295916035974 -> a [<span class="ti-lock", 312035304379938343747989387892194858733, http://localhost:1800/
74155260075949383841988739551624744508, None, 74155260075949383841988739551624744508, http://localhost:1800/
74155260075949383841988739551624744508, 335177995277185720436677424941113667172 -> a ['Private Sessions']{'href': '#'}, 31358316778550977529786788011359927828, http://localhost:1800/#
31358316778550977529786788011359927828, 171732623341340118822743671651694422782 -> a ['docs']{'target': '_blank', 'href': 'https://docs.retrospected.com/docs/self-hosting/quick-start'}, 31358316778550977529786788011359927828, http://localhost:1800/#
31358316778550977529786788011359927828, 131498267285019480364075027932691640882 -> a []{'href': '/subscribe?product=unlimited', 'style': 'color:unset'}, 31358316778550977529786788011359927828, http://localhost:1800/#
74155260075949383841988739551624744508, None, 74155260075949383841988739551624744508, http://localhost:1800/
74155260075949383841988739551624744508, 126897143971849504177287452962379115636 -> a [<span class="ti-crown", 74921026783633498634010030204556921178, http://localhost:1800/
74155260075949383841988739551624744508, None, 74155260075949383841988739551624744508, http://localhost:1800/
74155260075949383841988739551624744508, 213786466674511586446221676810385570193 -> button [<span class="MuiButton-startIcon MuiButton-iconSizeMedium css-6xugel", 74155260075949383841988739551624744508, http://localhost:1800/
74155260075949383841988739551624744508, 302515116903307686490089882789802233567 -> a [<div class="pt-4", 312746356186967040304344664140837641925, http://localhost:1800/login
312746356186967040304344664140837641925, 126897143971849504177287452962379115636 -> a [<span class="ti-crown", 183949956059695817513490794895309699299, http://localhost:1800/login
183949956059695817513490794895309699299, 251504558788066875833468717256383623798 -> a [<ul class="list-unstyled text-sm mb-4 pricing-feature-list", 228771276039173837728146106788849751162, http://localhost:1800/subscribe?product=self-hosted
228771276039173837728146106788849751162, 294408008975193969872912268871713931036 -> a [<span class="ti-wand", 310977921974297007998310702196836887369, http://localhost:1800/subscribe?product=self-hosted
310977921974297007998310702196836887369, 294408008975193969872912268871713931036 -> a [<span class="ti-wand", 134889261547027000173533848097898943919, http://localhost:1800/
74155260075949383841988739551624744508, None, 74155260075949383841988739551624744508, http://localhost:1800/
74155260075949383841988739551624744508, 254223092764667133638200428295916035974 -> a [<span class="ti-lock", 312035304379938343747989387892194858733, http://localhost:1800/
74155260075949383841988739551624744508, None, 74155260075949383841988739551624744508, http://localhost:1800/
74155260075949383841988739551624744508, 294408008975193969872912268871713931036 -> a [<span class="ti-wand", 134889261547027000173533848097898943919, http://localhost:1800/
74155260075949383841988739551624744508, None, 74155260075949383841988739551624744508, http://localhost:1800/
74155260075949383841988739551624744508, 254223092764667133638200428295916035974 -> a [<span class="ti-lock", 312035304379938343747989387892194858733, http://localhost:1800/
312035304379938343747989387892194858733, 198330988671355682266587899514732098117 -> a []{'href': '/subscribe?product=team', 'style': 'color:unset'}, 312035304379938343747989387892194858733, http://localhost:1800/
312035304379938343747989387892194858733, 131498267285019480364075027932691640882 -> a []{'href': '/subscribe?product=unlimited', 'style': 'color:unset'}, 312035304379938343747989387892194858733, http://localhost:1800/
312035304379938343747989387892194858733, 213786466674511586446221676810385570193 -> button [<span class="MuiButton-startIcon MuiButton-iconSizeMedium css-6xugel", 223473177124301657609712486044850454013, http://localhost:1800/
223473177124301657609712486044850454013, 243157659132187107739887812339775519703 -> a ['support@retrospected.com']{'href': 'mailto:support@retrospected.com'}, 223473177124301657609712486044850454013, http://localhost:1800/
223473177124301657609712486044850454013, 294408008975193969872912268871713931036 -> a [<span class="ti-wand", 223473177124301657609712486044850454013, http://localhost:1800/
223473177124301657609712486044850454013, 110855831145777487416469467193220148137 -> button ['Password', <span class="MuiTouchRipple-root css-w0pj6f", 325520256167950543958541629650332498316, http://localhost:1800/
325520256167950543958541629650332498316, 171732623341340118822743671651694422782 -> a ['docs']{'target': '_blank', 'href': 'https://docs.retrospected.com/docs/self-hosting/quick-start'}, 325520256167950543958541629650332498316, http://localhost:1800/
74155260075949383841988739551624744508, None, 74155260075949383841988739551624744508, http://localhost:1800/
74155260075949383841988739551624744508, None, 74155260075949383841988739551624744508, http://localhost:1800/
74155260075949383841988739551624744508, None, 74155260075949383841988739551624744508, http://localhost:1800/
74155260075949383841988739551624744508, 96209764409702934583100429439126582709 -> a [<span class="ti-check-box", 74155260075949383841988739551624744508, http://localhost:1800/
74155260075949383841988739551624744508, 254223092764667133638200428295916035974 -> a [<span class="ti-lock", 312035304379938343747989387892194858733, http://localhost:1800/
312035304379938343747989387892194858733, 206164577955608859182796379325284454987 -> a [<span class="ti-check-box", 61832822962638269947097031219656062189, http://localhost:1800/
61832822962638269947097031219656062189, 67702886611623738420329301931778363134 -> a [<span class="ti-check-box", 61832822962638269947097031219656062189, http://localhost:1800/
61832822962638269947097031219656062189, 77722075193502781211253785020892441640 -> a []{'href': '/login', 'style': 'color:unset'}, 61832822962638269947097031219656062189, http://localhost:1800/
61832822962638269947097031219656062189, 254223092764667133638200428295916035974 -> a [<span class="ti-lock", 312035304379938343747989387892194858733, http://localhost:1800/
74155260075949383841988739551624744508, None, 74155260075949383841988739551624744508, http://localhost:1800/
74155260075949383841988739551624744508, None, 74155260075949383841988739551624744508, http://localhost:1800/
74155260075949383841988739551624744508, 126897143971849504177287452962379115636 -> a [<span class="ti-crown", 74921026783633498634010030204556921178, http://localhost:1800/
74921026783633498634010030204556921178, 131498267285019480364075027932691640882 -> a []{'href': '/subscribe?product=unlimited', 'style': 'color:unset'}, 74921026783633498634010030204556921178, http://localhost:1800/
74921026783633498634010030204556921178, 266290469012312326683711838841638666372 -> button [<svg aria-hidden="true" class="MuiSvgIcon-root MuiSvgIcon-fontSizeMedium css-vubbuv" data-testid="HomeOutlinedIcon" focusable="false" viewbox="0 0 24 24", 74921026783633498634010030204556921178, http://localhost:1800/
74921026783633498634010030204556921178, 241834424327382346987432935799321988837 -> a [<span class="ti-twitter", 74921026783633498634010030204556921178, http://localhost:1800/
74155260075949383841988739551624744508, None, 74155260075949383841988739551624744508, http://localhost:1800/
74155260075949383841988739551624744508, None, 74155260075949383841988739551624744508, http://localhost:1800/
74155260075949383841988739551624744508, 294408008975193969872912268871713931036 -> a [<span class="ti-wand", 134889261547027000173533848097898943919, http://localhost:1800/
74155260075949383841988739551624744508, None, 74155260075949383841988739551624744508, http://localhost:1800/
74155260075949383841988739551624744508, 254223092764667133638200428295916035974 -> a [<span class="ti-lock", 312035304379938343747989387892194858733, http://localhost:1800/
74155260075949383841988739551624744508, None, 74155260075949383841988739551624744508, http://localhost:1800/
74155260075949383841988739551624744508, None, 74155260075949383841988739551624744508, http://localhost:1800/
74155260075949383841988739551624744508, None, 74155260075949383841988739551624744508, http://localhost:1800/
74155260075949383841988739551624744508, 335177995277185720436677424941113667172 -> a ['Private Sessions']{'href': '#'}, 31358316778550977529786788011359927828, http://localhost:1800/#
31358316778550977529786788011359927828, 335177995277185720436677424941113667172 -> a ['Private Sessions']{'href': '#'}, 31358316778550977529786788011359927828, http://localhost:1800/#
74155260075949383841988739551624744508, None, 74155260075949383841988739551624744508, http://localhost:1800/
74155260075949383841988739551624744508, 213786466674511586446221676810385570193 -> button [<span class="MuiButton-startIcon MuiButton-iconSizeMedium css-6xugel", 74155260075949383841988739551624744508, http://localhost:1800/
74155260075949383841988739551624744508, None, 74155260075949383841988739551624744508, http://localhost:1800/
74155260075949383841988739551624744508, None, 74155260075949383841988739551624744508, http://localhost:1800/
74155260075949383841988739551624744508, None, 74155260075949383841988739551624744508, http://localhost:1800/
74155260075949383841988739551624744508, 254223092764667133638200428295916035974 -> a [<span class="ti-lock", 312035304379938343747989387892194858733, http://localhost:1800/
312035304379938343747989387892194858733, 264323178795734057221956673756651836778 -> a ['here']{'target': '_blank', 'href': 'https://www.retrospected.com/subscribe?product=self-hosted', 'rel': 'noreferrer'}, 312035304379938343747989387892194858733, http://localhost:1800/
312035304379938343747989387892194858733, 322294491624679672579461493340971535867 -> a ['Accounts Federation']{'href': '#'}, 98951389206994023167960179296979532349, http://localhost:1800/#
74155260075949383841988739551624744508, None, 74155260075949383841988739551624744508, http://localhost:1800/
74155260075949383841988739551624744508, 230313313312885264188619318999131343590 -> a ['Contact us']{'href': 'mailto:support@retrospected.com', 'class': 'color-secondary'}, 74155260075949383841988739551624744508, http://localhost:1800/
74155260075949383841988739551624744508, 77722075193502781211253785020892441640 -> a []{'href': '/login', 'style': 'color:unset'}, 74155260075949383841988739551624744508, http://localhost:1800/
74155260075949383841988739551624744508, 254223092764667133638200428295916035974 -> a [<span class="ti-lock", 312035304379938343747989387892194858733, http://localhost:1800/
312035304379938343747989387892194858733, 77722075193502781211253785020892441640 -> a []{'href': '/login', 'style': 'color:unset'}, 312035304379938343747989387892194858733, http://localhost:1800/
312035304379938343747989387892194858733, 294408008975193969872912268871713931036 -> a [<span class="ti-wand", 134889261547027000173533848097898943919, http://localhost:1800/
134889261547027000173533848097898943919, 326260989328514412703228462752826086408 -> a ['contact us']{'href': 'mailto:support@retrospected.com'}, 134889261547027000173533848097898943919, http://localhost:1800/
134889261547027000173533848097898943919, 230313313312885264188619318999131343590 -> a ['Contact us']{'href': 'mailto:support@retrospected.com', 'class': 'color-secondary'}, 134889261547027000173533848097898943919, http://localhost:1800/
134889261547027000173533848097898943919, 254223092764667133638200428295916035974 -> a [<span class="ti-lock", 312035304379938343747989387892194858733, http://localhost:1800/
74155260075949383841988739551624744508, None, 74155260075949383841988739551624744508, http://localhost:1800/
74155260075949383841988739551624744508, 44226831132642797030845329423154588134 -> a ['Simplified Self-Hosting']{'href': '#'}, 31358316778550977529786788011359927828, http://localhost:1800/#
74155260075949383841988739551624744508, None, 74155260075949383841988739551624744508, http://localhost:1800/
74155260075949383841988739551624744508, 243157659132187107739887812339775519703 -> a ['support@retrospected.com']{'href': 'mailto:support@retrospected.com'}, 74155260075949383841988739551624744508, http://localhost:1800/
74155260075949383841988739551624744508, 126897143971849504177287452962379115636 -> a [<span class="ti-crown", 74921026783633498634010030204556921178, http://localhost:1800/
74155260075949383841988739551624744508, None, 74155260075949383841988739551624744508, http://localhost:1800/
74155260075949383841988739551624744508, 254223092764667133638200428295916035974 -> a [<span class="ti-lock", 312035304379938343747989387892194858733, http://localhost:1800/
74155260075949383841988739551624744508, None, 74155260075949383841988739551624744508, http://localhost:1800/
74155260075949383841988739551624744508, 171732623341340118822743671651694422782 -> a ['docs']{'target': '_blank', 'href': 'https://docs.retrospected.com/docs/self-hosting/quick-start'}, 74155260075949383841988739551624744508, http://localhost:1800/
74155260075949383841988739551624744508, 44226831132642797030845329423154588134 -> a ['Simplified Self-Hosting']{'href': '#'}, 31358316778550977529786788011359927828, http://localhost:1800/#
74155260075949383841988739551624744508, None, 74155260075949383841988739551624744508, http://localhost:1800/
74155260075949383841988739551624744508, None, 74155260075949383841988739551624744508, http://localhost:1800/
74155260075949383841988739551624744508, None, 74155260075949383841988739551624744508, http://localhost:1800/
74155260075949383841988739551624744508, 264323178795734057221956673756651836778 -> a ['here']{'target': '_blank', 'href': 'https://www.retrospected.com/subscribe?product=self-hosted', 'rel': 'noreferrer'}, 74155260075949383841988739551624744508, http://localhost:1800/
74155260075949383841988739551624744508, None, 74155260075949383841988739551624744508, http://localhost:1800/
74155260075949383841988739551624744508, 213786466674511586446221676810385570193 -> button [<span class="MuiButton-startIcon MuiButton-iconSizeMedium css-6xugel", 74155260075949383841988739551624744508, http://localhost:1800/
74155260075949383841988739551624744508, 322294491624679672579461493340971535867 -> a ['Accounts Federation']{'href': '#'}, 31358316778550977529786788011359927828, http://localhost:1800/#
31358316778550977529786788011359927828, 129577701741696671623444447879599158794 -> a ['Subscribe Now']{'href': '/subscribe?product=unlimited', 'class': 'btnsolid-btnmb-3'}, 235081920755139031299588602134794909266, http://localhost:1800/subscribe?product=unlimited
235081920755139031299588602134794909266, 294408008975193969872912268871713931036 -> a [<span class="ti-wand", 299064848030955663339637837388514795092, http://localhost:1800/subscribe?product=unlimited
299064848030955663339637837388514795092, 328637825656336029988521167118730335436 -> button [<svg aria-hidden="true" class="MuiSvgIcon-root MuiSvgIcon-fontSizeMedium css-vubbuv" data-testid="HomeOutlinedIcon" focusable="false" viewbox="0 0 24 24", 74155260075949383841988739551624744508, http://localhost:1800/
74155260075949383841988739551624744508, 129577701741696671623444447879599158794 -> a ['Subscribe Now']{'href': '/subscribe?product=unlimited', 'class': 'btnsolid-btnmb-3'}, 235081920755139031299588602134794909266, http://localhost:1800/subscribe?product=unlimited
74155260075949383841988739551624744508, None, 74155260075949383841988739551624744508, http://localhost:1800/
74155260075949383841988739551624744508, 322294491624679672579461493340971535867 -> a ['Accounts Federation']{'href': '#'}, 31358316778550977529786788011359927828, http://localhost:1800/#
31358316778550977529786788011359927828, 220230489951247748324856720139661540476 -> a ['amazing documentation']{'target': '_blank', 'href': 'https://docs.retrospected.com/docs/self-hosting/quick-start'}, 31358316778550977529786788011359927828, http://localhost:1800/#
31358316778550977529786788011359927828, 220230489951247748324856720139661540476 -> a ['amazing documentation']{'target': '_blank', 'href': 'https://docs.retrospected.com/docs/self-hosting/quick-start'}, 31358316778550977529786788011359927828, http://localhost:1800/#
74155260075949383841988739551624744508, None, 74155260075949383841988739551624744508, http://localhost:1800/
74155260075949383841988739551624744508, None, 74155260075949383841988739551624744508, http://localhost:1800/
74155260075949383841988739551624744508, 254223092764667133638200428295916035974 -> a [<span class="ti-lock", 312035304379938343747989387892194858733, http://localhost:1800/
74155260075949383841988739551624744508, None, 74155260075949383841988739551624744508, http://localhost:1800/
74155260075949383841988739551624744508, 266290469012312326683711838841638666372 -> button [<svg aria-hidden="true" class="MuiSvgIcon-root MuiSvgIcon-fontSizeMedium css-vubbuv" data-testid="HomeOutlinedIcon" focusable="false" viewbox="0 0 24 24", 74155260075949383841988739551624744508, http://localhost:1800/
74155260075949383841988739551624744508, None, 74155260075949383841988739551624744508, http://localhost:1800/
74155260075949383841988739551624744508, 294408008975193969872912268871713931036 -> a [<span class="ti-wand", 134889261547027000173533848097898943919, http://localhost:1800/
74155260075949383841988739551624744508, None, 74155260075949383841988739551624744508, http://localhost:1800/
74155260075949383841988739551624744508, None, 74155260075949383841988739551624744508, http://localhost:1800/
74155260075949383841988739551624744508, 44226831132642797030845329423154588134 -> a ['Simplified Self-Hosting']{'href': '#'}, 31358316778550977529786788011359927828, http://localhost:1800/#
31358316778550977529786788011359927828, 294408008975193969872912268871713931036 -> a [<span class="ti-wand", 64759341743218985906504641236022142956, http://localhost:1800/#
74155260075949383841988739551624744508, None, 74155260075949383841988739551624744508, http://localhost:1800/
74155260075949383841988739551624744508, 43049699877994183524356976929040969917 -> button [<svg aria-hidden="true" class="MuiSvgIcon-root MuiSvgIcon-fontSizeMedium css-vubbuv" data-testid="MenuIcon" focusable="false" viewbox="0 0 24 24", 74155260075949383841988739551624744508, http://localhost:1800/
74155260075949383841988739551624744508, 254223092764667133638200428295916035974 -> a [<span class="ti-lock", 74155260075949383841988739551624744508, http://localhost:1800/
74155260075949383841988739551624744508, None, 74155260075949383841988739551624744508, http://localhost:1800/
74155260075949383841988739551624744508, 213786466674511586446221676810385570193 -> button [<span class="MuiButton-startIcon MuiButton-iconSizeMedium css-6xugel", 199222071360682078865197807318038347473, http://localhost:1800/
199222071360682078865197807318038347473, 131498267285019480364075027932691640882 -> a []{'href': '/subscribe?product=unlimited', 'style': 'color:unset'}, 199222071360682078865197807318038347473, http://localhost:1800/
199222071360682078865197807318038347473, 171732623341340118822743671651694422782 -> a ['docs']{'target': '_blank', 'href': 'https://docs.retrospected.com/docs/self-hosting/quick-start'}, 199222071360682078865197807318038347473, http://localhost:1800/
199222071360682078865197807318038347473, 213786466674511586446221676810385570193 -> button [<span class="MuiButton-startIcon MuiButton-iconSizeMedium css-6xugel", 74155260075949383841988739551624744508, http://localhost:1800/
