74155260075949383841988739551624744508, None, 74155260075949383841988739551624744508, http://localhost:1800/
74155260075949383841988739551624744508, None, 74155260075949383841988739551624744508, http://localhost:1800/
74155260075949383841988739551624744508, None, 74155260075949383841988739551624744508, http://localhost:1800/
74155260075949383841988739551624744508, 171732623341340118822743671651694422782 -> a ['docs']{'target': '_blank', 'href': 'https://docs.retrospected.com/docs/self-hosting/quick-start'}, 74155260075949383841988739551624744508, http://localhost:1800/
74155260075949383841988739551624744508, None, 74155260075949383841988739551624744508, http://localhost:1800/
74155260075949383841988739551624744508, 241834424327382346987432935799321988837 -> a [<span class="ti-twitter", 74155260075949383841988739551624744508, http://localhost:1800/
74155260075949383841988739551624744508, None, 74155260075949383841988739551624744508, http://localhost:1800/
74155260075949383841988739551624744508, None, 74155260075949383841988739551624744508, http://localhost:1800/
74155260075949383841988739551624744508, 213786466674511586446221676810385570193 -> button [<span class="MuiButton-startIcon MuiButton-iconSizeMedium css-6xugel", 199222071360682078865197807318038347473, http://localhost:1800/
199222071360682078865197807318038347473, 241834424327382346987432935799321988837 -> a [<span class="ti-twitter", 199222071360682078865197807318038347473, http://localhost:1800/
199222071360682078865197807318038347473, 131498267285019480364075027932691640882 -> a []{'href': '/subscribe?product=unlimited', 'style': 'color:unset'}, 199222071360682078865197807318038347473, http://localhost:1800/
199222071360682078865197807318038347473, 44226831132642797030845329423154588134 -> a ['Simplified Self-Hosting']{'href': '#'}, 199222071360682078865197807318038347473, http://localhost:1800/
199222071360682078865197807318038347473, 335177995277185720436677424941113667172 -> a ['Private Sessions']{'href': '#'}, 199222071360682078865197807318038347473, http://localhost:1800/
199222071360682078865197807318038347473, 293925269000856562923712274322206007921 -> a ['Cookies Policy']{'href': 'https://www.websitepolicies.com/policies/view/RD8jnvGt'}, 74155260075949383841988739551624744508, http://localhost:1800/
74155260075949383841988739551624744508, 96209764409702934583100429439126582709 -> a [<span class="ti-check-box", 74155260075949383841988739551624744508, http://localhost:1800/
74155260075949383841988739551624744508, None, 74155260075949383841988739551624744508, http://localhost:1800/
74155260075949383841988739551624744508, 213786466674511586446221676810385570193 -> button [<span class="MuiButton-startIcon MuiButton-iconSizeMedium css-6xugel", 199222071360682078865197807318038347473, http://localhost:1800/
199222071360682078865197807318038347473, 68465627557326038611256173190836588557 -> a ['Subscribe Now']{'href': '/subscribe?product=team', 'class': 'btnoutline-btnmb-3'}, 199222071360682078865197807318038347473, http://localhost:1800/
199222071360682078865197807318038347473, 243157659132187107739887812339775519703 -> a ['support@retrospected.com']{'href': 'mailto:support@retrospected.com'}, 199222071360682078865197807318038347473, http://localhost:1800/
199222071360682078865197807318038347473, 282212841185837970464880490913268752826 -> a [<ul class="list-unstyled text-sm mb-4 pricing-feature-list", 199222071360682078865197807318038347473, http://localhost:1800/
199222071360682078865197807318038347473, 96209764409702934583100429439126582709 -> a [<span class="ti-check-box", 199222071360682078865197807318038347473, http://localhost:1800/
199222071360682078865197807318038347473, 223198739654013518621001174651680560209 -> a [<div class="pt-4", 199222071360682078865197807318038347473, http://localhost:1800/
199222071360682078865197807318038347473, 251504558788066875833468717256383623798 -> a [<ul class="list-unstyled text-sm mb-4 pricing-feature-list", 74155260075949383841988739551624744508, http://localhost:1800/
74155260075949383841988739551624744508, None, 74155260075949383841988739551624744508, http://localhost:1800/
74155260075949383841988739551624744508, 43049699877994183524356976929040969917 -> button [<svg aria-hidden="true" class="MuiSvgIcon-root MuiSvgIcon-fontSizeMedium css-vubbuv" data-testid="MenuIcon" focusable="false" viewbox="0 0 24 24", 74155260075949383841988739551624744508, http://localhost:1800/
74155260075949383841988739551624744508, 65769010501177322495838844162606565210 -> a ['Self Hosting']{'href': 'https://docs.retrospected.com/docs/self-hosting/quick-start', 'target': '_blank', 'class': 'css-1xvmz6m'}, 74155260075949383841988739551624744508, http://localhost:1800/
74155260075949383841988739551624744508, 77722075193502781211253785020892441640 -> a []{'href': '/login', 'style': 'color:unset'}, 74155260075949383841988739551624744508, http://localhost:1800/
74155260075949383841988739551624744508, 264323178795734057221956673756651836778 -> a ['here']{'target': '_blank', 'href': 'https://www.retrospected.com/subscribe?product=self-hosted', 'rel': 'noreferrer'}, 74155260075949383841988739551624744508, http://localhost:1800/
74155260075949383841988739551624744508, 43049699877994183524356976929040969917 -> button [<svg aria-hidden="true" class="MuiSvgIcon-root MuiSvgIcon-fontSizeMedium css-vubbuv" data-testid="MenuIcon" focusable="false" viewbox="0 0 24 24", 74155260075949383841988739551624744508, http://localhost:1800/
74155260075949383841988739551624744508, 230313313312885264188619318999131343590 -> a ['Contact us']{'href': 'mailto:support@retrospected.com', 'class': 'color-secondary'}, 74155260075949383841988739551624744508, http://localhost:1800/
74155260075949383841988739551624744508, 294408008975193969872912268871713931036 -> a [<span class="ti-wand", 134889261547027000173533848097898943919, http://localhost:1800/
134889261547027000173533848097898943919, 44226831132642797030845329423154588134 -> a ['Simplified Self-Hosting']{'href': '#'}, 64759341743218985906504641236022142956, http://localhost:1800/#
74155260075949383841988739551624744508, None, 74155260075949383841988739551624744508, http://localhost:1800/
74155260075949383841988739551624744508, None, 74155260075949383841988739551624744508, http://localhost:1800/
74155260075949383841988739551624744508, 77722075193502781211253785020892441640 -> a []{'href': '/login', 'style': 'color:unset'}, 74155260075949383841988739551624744508, http://localhost:1800/
74155260075949383841988739551624744508, None, 74155260075949383841988739551624744508, http://localhost:1800/
74155260075949383841988739551624744508, None, 74155260075949383841988739551624744508, http://localhost:1800/
74155260075949383841988739551624744508, 42781586748898556957319857378680623162 -> a []{'href': '/subscribe?product=self-hosted', 'style': 'color:unset'}, 74155260075949383841988739551624744508, http://localhost:1800/
74155260075949383841988739551624744508, None, 74155260075949383841988739551624744508, http://localhost:1800/
74155260075949383841988739551624744508, 322294491624679672579461493340971535867 -> a ['Accounts Federation']{'href': '#'}, 31358316778550977529786788011359927828, http://localhost:1800/#
74155260075949383841988739551624744508, None, 74155260075949383841988739551624744508, http://localhost:1800/
74155260075949383841988739551624744508, None, 74155260075949383841988739551624744508, http://localhost:1800/
74155260075949383841988739551624744508, None, 74155260075949383841988739551624744508, http://localhost:1800/
74155260075949383841988739551624744508, None, 74155260075949383841988739551624744508, http://localhost:1800/
74155260075949383841988739551624744508, 322294491624679672579461493340971535867 -> a ['Accounts Federation']{'href': '#'}, 31358316778550977529786788011359927828, http://localhost:1800/#
31358316778550977529786788011359927828, 213786466674511586446221676810385570193 -> button [<span class="MuiButton-startIcon MuiButton-iconSizeMedium css-6xugel", 143071889150884705634205232230842087196, http://localhost:1800/#
143071889150884705634205232230842087196, 336904364436393438922229249079573760048 -> a ['Not registered? Click here']{'class': 'MuiTypography-rootMuiTypography-inheritMuiLink-rootMuiLink-underlineAlwayscss-1ce2dd9', 'data-cy': 'register'}, 324688598381891072749104948008196825325, http://localhost:1800/#
324688598381891072749104948008196825325, 126897143971849504177287452962379115636 -> a [<span class="ti-crown", 324688598381891072749104948008196825325, http://localhost:1800/#
324688598381891072749104948008196825325, 335177995277185720436677424941113667172 -> a ['Private Sessions']{'href': '#'}, 324688598381891072749104948008196825325, http://localhost:1800/#
324688598381891072749104948008196825325, 96209764409702934583100429439126582709 -> a [<span class="ti-check-box", 324688598381891072749104948008196825325, http://localhost:1800/#
324688598381891072749104948008196825325, 294408008975193969872912268871713931036 -> a [<span class="ti-wand", 324688598381891072749104948008196825325, http://localhost:1800/#
324688598381891072749104948008196825325, 282212841185837970464880490913268752826 -> a [<ul class="list-unstyled text-sm mb-4 pricing-feature-list", 324688598381891072749104948008196825325, http://localhost:1800/#
74155260075949383841988739551624744508, None, 74155260075949383841988739551624744508, http://localhost:1800/
74155260075949383841988739551624744508, None, 74155260075949383841988739551624744508, http://localhost:1800/
74155260075949383841988739551624744508, 213786466674511586446221676810385570193 -> button [<span class="MuiButton-startIcon MuiButton-iconSizeMedium css-6xugel", 199222071360682078865197807318038347473, http://localhost:1800/
199222071360682078865197807318038347473, 2287762827317956453547906360552510024 -> button ['Login']{'class': 'MuiButton-rootMuiButton-textMuiButton-textPrimaryMuiButton-sizeMediumMuiButton-textSizeMediumMuiButtonBase-rootMui-disabledcss-bfpls6', 'tabindex': '-', 'type': 'button', 'disabled': ''}, 199222071360682078865197807318038347473, http://localhost:1800/
199222071360682078865197807318038347473, 129577701741696671623444447879599158794 -> a ['Subscribe Now']{'href': '/subscribe?product=unlimited', 'class': 'btnsolid-btnmb-3'}, 199222071360682078865197807318038347473, http://localhost:1800/
199222071360682078865197807318038347473, 231190292153324487594472440397089282838 -> a ['Forgot your password?']{'class': 'MuiTypography-rootMuiTypography-inheritMuiLink-rootMuiLink-underlineAlwayscss-1ce2dd9', 'data-cy': 'forgot-password'}, 74155260075949383841988739551624744508, http://localhost:1800/
74155260075949383841988739551624744508, 42781586748898556957319857378680623162 -> a []{'href': '/subscribe?product=self-hosted', 'style': 'color:unset'}, 74155260075949383841988739551624744508, http://localhost:1800/
74155260075949383841988739551624744508, 64429212886691204927724048806800115504 -> a ['Buy Now']{'href': '/subscribe?product=self-hosted', 'class': 'btnoutline-btnmb-3'}, 74155260075949383841988739551624744508, http://localhost:1800/
74155260075949383841988739551624744508, 223198739654013518621001174651680560209 -> a [<div class="pt-4", 74155260075949383841988739551624744508, http://localhost:1800/
74155260075949383841988739551624744508, 44226831132642797030845329423154588134 -> a ['Simplified Self-Hosting']{'href': '#'}, 74155260075949383841988739551624744508, http://localhost:1800/
74155260075949383841988739551624744508, None, 74155260075949383841988739551624744508, http://localhost:1800/
74155260075949383841988739551624744508, 131498267285019480364075027932691640882 -> a []{'href': '/subscribe?product=unlimited', 'style': 'color:unset'}, 74155260075949383841988739551624744508, http://localhost:1800/
74155260075949383841988739551624744508, 335177995277185720436677424941113667172 -> a ['Private Sessions']{'href': '#'}, 31358316778550977529786788011359927828, http://localhost:1800/#
74155260075949383841988739551624744508, None, 74155260075949383841988739551624744508, http://localhost:1800/
74155260075949383841988739551624744508, None, 74155260075949383841988739551624744508, http://localhost:1800/
74155260075949383841988739551624744508, 44226831132642797030845329423154588134 -> a ['Simplified Self-Hosting']{'href': '#'}, 31358316778550977529786788011359927828, http://localhost:1800/#
31358316778550977529786788011359927828, 264323178795734057221956673756651836778 -> a ['here']{'target': '_blank', 'href': 'https://www.retrospected.com/subscribe?product=self-hosted', 'rel': 'noreferrer'}, 31358316778550977529786788011359927828, http://localhost:1800/#
31358316778550977529786788011359927828, 43049699877994183524356976929040969917 -> button [<svg aria-hidden="true" class="MuiSvgIcon-root MuiSvgIcon-fontSizeMedium css-vubbuv" data-testid="MenuIcon" focusable="false" viewbox="0 0 24 24", 31358316778550977529786788011359927828, http://localhost:1800/#
31358316778550977529786788011359927828, 271300417513165784100724408305820393637 -> a ['Login']{'href': '/login', 'class': 'btnoutline-btnmb-3'}, 31358316778550977529786788011359927828, http://localhost:1800/#
31358316778550977529786788011359927828, 213786466674511586446221676810385570193 -> button [<span class="MuiButton-startIcon MuiButton-iconSizeMedium css-6xugel", 31358316778550977529786788011359927828, http://localhost:1800/#
31358316778550977529786788011359927828, 335177995277185720436677424941113667172 -> a ['Private Sessions']{'href': '#'}, 31358316778550977529786788011359927828, http://localhost:1800/#
31358316778550977529786788011359927828, 79180041108667617502135449277787658601 -> a ['Private Sessions']{'href': 'https://docs.retrospected.com/docs/features/private-sessions', 'target': '_blank', 'class': 'css-1xvmz6m'}, 31358316778550977529786788011359927828, http://localhost:1800/#
31358316778550977529786788011359927828, 131498267285019480364075027932691640882 -> a []{'href': '/subscribe?product=unlimited', 'style': 'color:unset'}, 31358316778550977529786788011359927828, http://localhost:1800/#
74155260075949383841988739551624744508, None, 74155260075949383841988739551624744508, http://localhost:1800/
74155260075949383841988739551624744508, 243157659132187107739887812339775519703 -> a ['support@retrospected.com']{'href': 'mailto:support@retrospected.com'}, 74155260075949383841988739551624744508, http://localhost:1800/
74155260075949383841988739551624744508, None, 74155260075949383841988739551624744508, http://localhost:1800/
74155260075949383841988739551624744508, None, 74155260075949383841988739551624744508, http://localhost:1800/
74155260075949383841988739551624744508, 43049699877994183524356976929040969917 -> button [<svg aria-hidden="true" class="MuiSvgIcon-root MuiSvgIcon-fontSizeMedium css-vubbuv" data-testid="MenuIcon" focusable="false" viewbox="0 0 24 24", 74155260075949383841988739551624744508, http://localhost:1800/
74155260075949383841988739551624744508, 251504558788066875833468717256383623798 -> a [<ul class="list-unstyled text-sm mb-4 pricing-feature-list", 74155260075949383841988739551624744508, http://localhost:1800/
74155260075949383841988739551624744508, 220230489951247748324856720139661540476 -> a ['amazing documentation']{'target': '_blank', 'href': 'https://docs.retrospected.com/docs/self-hosting/quick-start'}, 74155260075949383841988739551624744508, http://localhost:1800/
74155260075949383841988739551624744508, None, 74155260075949383841988739551624744508, http://localhost:1800/
74155260075949383841988739551624744508, 96209764409702934583100429439126582709 -> a [<span class="ti-check-box", 74155260075949383841988739551624744508, http://localhost:1800/
74155260075949383841988739551624744508, None, 74155260075949383841988739551624744508, http://localhost:1800/
74155260075949383841988739551624744508, 213786466674511586446221676810385570193 -> button [<span class="MuiButton-startIcon MuiButton-iconSizeMedium css-6xugel", 199222071360682078865197807318038347473, http://localhost:1800/
199222071360682078865197807318038347473, 335177995277185720436677424941113667172 -> a ['Private Sessions']{'href': '#'}, 199222071360682078865197807318038347473, http://localhost:1800/
199222071360682078865197807318038347473, 213786466674511586446221676810385570193 -> button [<span class="MuiButton-startIcon MuiButton-iconSizeMedium css-6xugel", 74155260075949383841988739551624744508, http://localhost:1800/
74155260075949383841988739551624744508, 294408008975193969872912268871713931036 -> a [<span class="ti-wand", 134889261547027000173533848097898943919, http://localhost:1800/
74155260075949383841988739551624744508, None, 74155260075949383841988739551624744508, http://localhost:1800/
74155260075949383841988739551624744508, 311139265183187381314120997124831806190 -> a [<ul class="list-unstyled text-sm mb-4 pricing-feature-list", 74155260075949383841988739551624744508, http://localhost:1800/
74155260075949383841988739551624744508, 335177995277185720436677424941113667172 -> a ['Private Sessions']{'href': '#'}, 143071889150884705634205232230842087196, http://localhost:1800/#
143071889150884705634205232230842087196, 198330988671355682266587899514732098117 -> a []{'href': '/subscribe?product=team', 'style': 'color:unset'}, 143071889150884705634205232230842087196, http://localhost:1800/#
74155260075949383841988739551624744508, None, 74155260075949383841988739551624744508, http://localhost:1800/
74155260075949383841988739551624744508, 266290469012312326683711838841638666372 -> button [<svg aria-hidden="true" class="MuiSvgIcon-root MuiSvgIcon-fontSizeMedium css-vubbuv" data-testid="HomeOutlinedIcon" focusable="false" viewbox="0 0 24 24", 74155260075949383841988739551624744508, http://localhost:1800/
74155260075949383841988739551624744508, 213786466674511586446221676810385570193 -> button [<span class="MuiButton-startIcon MuiButton-iconSizeMedium css-6xugel", 199222071360682078865197807318038347473, http://localhost:1800/
199222071360682078865197807318038347473, 271300417513165784100724408305820393637 -> a ['Login']{'href': '/login', 'class': 'btnoutline-btnmb-3'}, 199222071360682078865197807318038347473, http://localhost:1800/
199222071360682078865197807318038347473, 322294491624679672579461493340971535867 -> a ['Accounts Federation']{'href': '#'}, 199222071360682078865197807318038347473, http://localhost:1800/
199222071360682078865197807318038347473, 326260989328514412703228462752826086408 -> a ['contact us']{'href': 'mailto:support@retrospected.com'}, 199222071360682078865197807318038347473, http://localhost:1800/
199222071360682078865197807318038347473, 254223092764667133638200428295916035974 -> a [<span class="ti-lock", 199222071360682078865197807318038347473, http://localhost:1800/
199222071360682078865197807318038347473, 271300417513165784100724408305820393637 -> a ['Login']{'href': '/login', 'class': 'btnoutline-btnmb-3'}, 199222071360682078865197807318038347473, http://localhost:1800/
199222071360682078865197807318038347473, 182999676787019650696720490352237005627 -> a ['Privacy Policy']{'href': 'https://www.websitepolicies.com/policies/view/RdPWodZ5'}, 74155260075949383841988739551624744508, http://localhost:1800/
74155260075949383841988739551624744508, None, 74155260075949383841988739551624744508, http://localhost:1800/
74155260075949383841988739551624744508, None, 74155260075949383841988739551624744508, http://localhost:1800/
74155260075949383841988739551624744508, 198330988671355682266587899514732098117 -> a []{'href': '/subscribe?product=team', 'style': 'color:unset'}, 74155260075949383841988739551624744508, http://localhost:1800/
74155260075949383841988739551624744508, 322294491624679672579461493340971535867 -> a ['Accounts Federation']{'href': '#'}, 31358316778550977529786788011359927828, http://localhost:1800/#
31358316778550977529786788011359927828, 42781586748898556957319857378680623162 -> a []{'href': '/subscribe?product=self-hosted', 'style': 'color:unset'}, 31358316778550977529786788011359927828, http://localhost:1800/#
74155260075949383841988739551624744508, None, 74155260075949383841988739551624744508, http://localhost:1800/
74155260075949383841988739551624744508, 322294491624679672579461493340971535867 -> a ['Accounts Federation']{'href': '#'}, 31358316778550977529786788011359927828, http://localhost:1800/#
31358316778550977529786788011359927828, 322294491624679672579461493340971535867 -> a ['Accounts Federation']{'href': '#'}, 31358316778550977529786788011359927828, http://localhost:1800/#
74155260075949383841988739551624744508, None, 74155260075949383841988739551624744508, http://localhost:1800/
74155260075949383841988739551624744508, None, 74155260075949383841988739551624744508, http://localhost:1800/
74155260075949383841988739551624744508, 335177995277185720436677424941113667172 -> a ['Private Sessions']{'href': '#'}, 31358316778550977529786788011359927828, http://localhost:1800/#
74155260075949383841988739551624744508, None, 74155260075949383841988739551624744508, http://localhost:1800/
74155260075949383841988739551624744508, None, 74155260075949383841988739551624744508, http://localhost:1800/
74155260075949383841988739551624744508, None, 74155260075949383841988739551624744508, http://localhost:1800/
74155260075949383841988739551624744508, None, 74155260075949383841988739551624744508, http://localhost:1800/
74155260075949383841988739551624744508, 44226831132642797030845329423154588134 -> a ['Simplified Self-Hosting']{'href': '#'}, 31358316778550977529786788011359927828, http://localhost:1800/#
31358316778550977529786788011359927828, 264323178795734057221956673756651836778 -> a ['here']{'target': '_blank', 'href': 'https://www.retrospected.com/subscribe?product=self-hosted', 'rel': 'noreferrer'}, 31358316778550977529786788011359927828, http://localhost:1800/#
31358316778550977529786788011359927828, 254223092764667133638200428295916035974 -> a [<span class="ti-lock", 98951389206994023167960179296979532349, http://localhost:1800/#
74155260075949383841988739551624744508, None, 74155260075949383841988739551624744508, http://localhost:1800/
74155260075949383841988739551624744508, 96209764409702934583100429439126582709 -> a [<span class="ti-check-box", 74155260075949383841988739551624744508, http://localhost:1800/
74155260075949383841988739551624744508, None, 74155260075949383841988739551624744508, http://localhost:1800/
74155260075949383841988739551624744508, 294408008975193969872912268871713931036 -> a [<span class="ti-wand", 134889261547027000173533848097898943919, http://localhost:1800/
134889261547027000173533848097898943919, 131498267285019480364075027932691640882 -> a []{'href': '/subscribe?product=unlimited', 'style': 'color:unset'}, 134889261547027000173533848097898943919, http://localhost:1800/
134889261547027000173533848097898943919, 42781586748898556957319857378680623162 -> a []{'href': '/subscribe?product=self-hosted', 'style': 'color:unset'}, 134889261547027000173533848097898943919, http://localhost:1800/
134889261547027000173533848097898943919, 322294491624679672579461493340971535867 -> a ['Accounts Federation']{'href': '#'}, 64759341743218985906504641236022142956, http://localhost:1800/#
74155260075949383841988739551624744508, None, 74155260075949383841988739551624744508, http://localhost:1800/
74155260075949383841988739551624744508, 44226831132642797030845329423154588134 -> a ['Simplified Self-Hosting']{'href': '#'}, 31358316778550977529786788011359927828, http://localhost:1800/#
31358316778550977529786788011359927828, 335177995277185720436677424941113667172 -> a ['Private Sessions']{'href': '#'}, 31358316778550977529786788011359927828, http://localhost:1800/#
74155260075949383841988739551624744508, None, 74155260075949383841988739551624744508, http://localhost:1800/
74155260075949383841988739551624744508, 126897143971849504177287452962379115636 -> a [<span class="ti-crown", 74921026783633498634010030204556921178, http://localhost:1800/
74155260075949383841988739551624744508, None, 74155260075949383841988739551624744508, http://localhost:1800/
74155260075949383841988739551624744508, None, 74155260075949383841988739551624744508, http://localhost:1800/
74155260075949383841988739551624744508, 131498267285019480364075027932691640882 -> a []{'href': '/subscribe?product=unlimited', 'style': 'color:unset'}, 74155260075949383841988739551624744508, http://localhost:1800/
74155260075949383841988739551624744508, 126897143971849504177287452962379115636 -> a [<span class="ti-crown", 74921026783633498634010030204556921178, http://localhost:1800/
74155260075949383841988739551624744508, None, 74155260075949383841988739551624744508, http://localhost:1800/
74155260075949383841988739551624744508, 213786466674511586446221676810385570193 -> button [<span class="MuiButton-startIcon MuiButton-iconSizeMedium css-6xugel", 199222071360682078865197807318038347473, http://localhost:1800/
199222071360682078865197807318038347473, 87815277028660565207758178488276055881 -> button ['Anonymous Login', <span class="MuiTouchRipple-root css-w0pj6f", 74155260075949383841988739551624744508, http://localhost:1800/
74155260075949383841988739551624744508, 129577701741696671623444447879599158794 -> a ['Subscribe Now']{'href': '/subscribe?product=unlimited', 'class': 'btnsolid-btnmb-3'}, 74155260075949383841988739551624744508, http://localhost:1800/
74155260075949383841988739551624744508, 335177995277185720436677424941113667172 -> a ['Private Sessions']{'href': '#'}, 74155260075949383841988739551624744508, http://localhost:1800/
74155260075949383841988739551624744508, 44226831132642797030845329423154588134 -> a ['Simplified Self-Hosting']{'href': '#'}, 74155260075949383841988739551624744508, http://localhost:1800/
74155260075949383841988739551624744508, 126897143971849504177287452962379115636 -> a [<span class="ti-crown", 74155260075949383841988739551624744508, http://localhost:1800/
74155260075949383841988739551624744508, 135647280499055723493152612160095198664 -> input []{'placeholder': 'Please enter a name or nickname here to continue', 'type': 'text', 'data-cy': 'anon-input', 'class': 'MuiInput-inputMuiInputBase-inputcss-mnn31', 'value': ''}, 74155260075949383841988739551624744508, http://localhost:1800/
74155260075949383841988739551624744508, 254223092764667133638200428295916035974 -> a [<span class="ti-lock", 74155260075949383841988739551624744508, http://localhost:1800/
74155260075949383841988739551624744508, None, 74155260075949383841988739551624744508, http://localhost:1800/
74155260075949383841988739551624744508, 243157659132187107739887812339775519703 -> a ['support@retrospected.com']{'href': 'mailto:support@retrospected.com'}, 74155260075949383841988739551624744508, http://localhost:1800/
74155260075949383841988739551624744508, None, 74155260075949383841988739551624744508, http://localhost:1800/
74155260075949383841988739551624744508, 254223092764667133638200428295916035974 -> a [<span class="ti-lock", 312035304379938343747989387892194858733, http://localhost:1800/
312035304379938343747989387892194858733, 220230489951247748324856720139661540476 -> a ['amazing documentation']{'target': '_blank', 'href': 'https://docs.retrospected.com/docs/self-hosting/quick-start'}, 312035304379938343747989387892194858733, http://localhost:1800/
312035304379938343747989387892194858733, 326260989328514412703228462752826086408 -> a ['contact us']{'href': 'mailto:support@retrospected.com'}, 312035304379938343747989387892194858733, http://localhost:1800/
312035304379938343747989387892194858733, 77722075193502781211253785020892441640 -> a []{'href': '/login', 'style': 'color:unset'}, 312035304379938343747989387892194858733, http://localhost:1800/
74155260075949383841988739551624744508, None, 74155260075949383841988739551624744508, http://localhost:1800/
74155260075949383841988739551624744508, None, 74155260075949383841988739551624744508, http://localhost:1800/
74155260075949383841988739551624744508, None, 74155260075949383841988739551624744508, http://localhost:1800/
74155260075949383841988739551624744508, 322294491624679672579461493340971535867 -> a ['Accounts Federation']{'href': '#'}, 31358316778550977529786788011359927828, http://localhost:1800/#
31358316778550977529786788011359927828, 264323178795734057221956673756651836778 -> a ['here']{'target': '_blank', 'href': 'https://www.retrospected.com/subscribe?product=self-hosted', 'rel': 'noreferrer'}, 31358316778550977529786788011359927828, http://localhost:1800/#
74155260075949383841988739551624744508, None, 74155260075949383841988739551624744508, http://localhost:1800/
74155260075949383841988739551624744508, None, 74155260075949383841988739551624744508, http://localhost:1800/
74155260075949383841988739551624744508, None, 74155260075949383841988739551624744508, http://localhost:1800/
74155260075949383841988739551624744508, None, 74155260075949383841988739551624744508, http://localhost:1800/
74155260075949383841988739551624744508, 264323178795734057221956673756651836778 -> a ['here']{'target': '_blank', 'href': 'https://www.retrospected.com/subscribe?product=self-hosted', 'rel': 'noreferrer'}, 74155260075949383841988739551624744508, http://localhost:1800/
74155260075949383841988739551624744508, None, 74155260075949383841988739551624744508, http://localhost:1800/
74155260075949383841988739551624744508, 254223092764667133638200428295916035974 -> a [<span class="ti-lock", 312035304379938343747989387892194858733, http://localhost:1800/
312035304379938343747989387892194858733, 206164577955608859182796379325284454987 -> a [<span class="ti-check-box", 61832822962638269947097031219656062189, http://localhost:1800/
74155260075949383841988739551624744508, None, 74155260075949383841988739551624744508, http://localhost:1800/
74155260075949383841988739551624744508, 326260989328514412703228462752826086408 -> a ['contact us']{'href': 'mailto:support@retrospected.com'}, 74155260075949383841988739551624744508, http://localhost:1800/
74155260075949383841988739551624744508, 198330988671355682266587899514732098117 -> a []{'href': '/subscribe?product=team', 'style': 'color:unset'}, 74155260075949383841988739551624744508, http://localhost:1800/
74155260075949383841988739551624744508, 294408008975193969872912268871713931036 -> a [<span class="ti-wand", 134889261547027000173533848097898943919, http://localhost:1800/
134889261547027000173533848097898943919, 42781586748898556957319857378680623162 -> a []{'href': '/subscribe?product=self-hosted', 'style': 'color:unset'}, 134889261547027000173533848097898943919, http://localhost:1800/
134889261547027000173533848097898943919, 43049699877994183524356976929040969917 -> button [<svg aria-hidden="true" class="MuiSvgIcon-root MuiSvgIcon-fontSizeMedium css-vubbuv" data-testid="MenuIcon" focusable="false" viewbox="0 0 24 24", 134889261547027000173533848097898943919, http://localhost:1800/
134889261547027000173533848097898943919, 330451077718448426648392860948585534186 -> a [<div class="fi fi-ua css-jqibdc", 134889261547027000173533848097898943919, http://localhost:1800/
134889261547027000173533848097898943919, 43049699877994183524356976929040969917 -> button [<svg aria-hidden="true" class="MuiSvgIcon-root MuiSvgIcon-fontSizeMedium css-vubbuv" data-testid="MenuIcon" focusable="false" viewbox="0 0 24 24", 134889261547027000173533848097898943919, http://localhost:1800/
134889261547027000173533848097898943919, 182999676787019650696720490352237005627 -> a ['Privacy Policy']{'href': 'https://www.websitepolicies.com/policies/view/RdPWodZ5'}, 134889261547027000173533848097898943919, http://localhost:1800/
74155260075949383841988739551624744508, None, 74155260075949383841988739551624744508, http://localhost:1800/
74155260075949383841988739551624744508, 171732623341340118822743671651694422782 -> a ['docs']{'target': '_blank', 'href': 'https://docs.retrospected.com/docs/self-hosting/quick-start'}, 74155260075949383841988739551624744508, http://localhost:1800/
74155260075949383841988739551624744508, 264323178795734057221956673756651836778 -> a ['here']{'target': '_blank', 'href': 'https://www.retrospected.com/subscribe?product=self-hosted', 'rel': 'noreferrer'}, 74155260075949383841988739551624744508, http://localhost:1800/
74155260075949383841988739551624744508, None, 74155260075949383841988739551624744508, http://localhost:1800/
74155260075949383841988739551624744508, 96209764409702934583100429439126582709 -> a [<span class="ti-check-box", 74155260075949383841988739551624744508, http://localhost:1800/
74155260075949383841988739551624744508, None, 74155260075949383841988739551624744508, http://localhost:1800/
74155260075949383841988739551624744508, None, 74155260075949383841988739551624744508, http://localhost:1800/
74155260075949383841988739551624744508, 254223092764667133638200428295916035974 -> a [<span class="ti-lock", 312035304379938343747989387892194858733, http://localhost:1800/
312035304379938343747989387892194858733, 220230489951247748324856720139661540476 -> a ['amazing documentation']{'target': '_blank', 'href': 'https://docs.retrospected.com/docs/self-hosting/quick-start'}, 312035304379938343747989387892194858733, http://localhost:1800/
312035304379938343747989387892194858733, 264323178795734057221956673756651836778 -> a ['here']{'target': '_blank', 'href': 'https://www.retrospected.com/subscribe?product=self-hosted', 'rel': 'noreferrer'}, 312035304379938343747989387892194858733, http://localhost:1800/
312035304379938343747989387892194858733, 294408008975193969872912268871713931036 -> a [<span class="ti-wand", 134889261547027000173533848097898943919, http://localhost:1800/
74155260075949383841988739551624744508, None, 74155260075949383841988739551624744508, http://localhost:1800/
74155260075949383841988739551624744508, 213786466674511586446221676810385570193 -> button [<span class="MuiButton-startIcon MuiButton-iconSizeMedium css-6xugel", 199222071360682078865197807318038347473, http://localhost:1800/
199222071360682078865197807318038347473, 131784919546027810657093922306497179200 -> a ['Terms & Conditions']{'href': 'https://www.websitepolicies.com/policies/view/hdru1dWL'}, 199222071360682078865197807318038347473, http://localhost:1800/
199222071360682078865197807318038347473, 220230489951247748324856720139661540476 -> a ['amazing documentation']{'target': '_blank', 'href': 'https://docs.retrospected.com/docs/self-hosting/quick-start'}, 199222071360682078865197807318038347473, http://localhost:1800/
199222071360682078865197807318038347473, 282212841185837970464880490913268752826 -> a [<ul class="list-unstyled text-sm mb-4 pricing-feature-list", 199222071360682078865197807318038347473, http://localhost:1800/
199222071360682078865197807318038347473, 327937726161083285969189735314083983827 -> input []{'aria-invalid': 'false', 'id': ':r:', 'placeholder': 'E-mail', 'type': 'email', 'class': 'MuiInput-inputMuiInputBase-inputMuiInputBase-inputAdornedStartcss-mnn31', 'value': ''}, 199222071360682078865197807318038347473, http://localhost:1800/
199222071360682078865197807318038347473, 68465627557326038611256173190836588557 -> a ['Subscribe Now']{'href': '/subscribe?product=team', 'class': 'btnoutline-btnmb-3'}, 199222071360682078865197807318038347473, http://localhost:1800/
199222071360682078865197807318038347473, 230313313312885264188619318999131343590 -> a ['Contact us']{'href': 'mailto:support@retrospected.com', 'class': 'color-secondary'}, 199222071360682078865197807318038347473, http://localhost:1800/
199222071360682078865197807318038347473, 206135397846945457121200555401346790746 -> a ['Acceptable Use Policy']{'href': 'https://www.websitepolicies.com/policies/view/fbk00C8V'}, 199222071360682078865197807318038347473, http://localhost:1800/
74155260075949383841988739551624744508, None, 74155260075949383841988739551624744508, http://localhost:1800/
74155260075949383841988739551624744508, 294408008975193969872912268871713931036 -> a [<span class="ti-wand", 134889261547027000173533848097898943919, http://localhost:1800/
74155260075949383841988739551624744508, None, 74155260075949383841988739551624744508, http://localhost:1800/
74155260075949383841988739551624744508, None, 74155260075949383841988739551624744508, http://localhost:1800/
74155260075949383841988739551624744508, 294408008975193969872912268871713931036 -> a [<span class="ti-wand", 134889261547027000173533848097898943919, http://localhost:1800/
134889261547027000173533848097898943919, 335177995277185720436677424941113667172 -> a ['Private Sessions']{'href': '#'}, 64759341743218985906504641236022142956, http://localhost:1800/#
64759341743218985906504641236022142956, 42781586748898556957319857378680623162 -> a []{'href': '/subscribe?product=self-hosted', 'style': 'color:unset'}, 64759341743218985906504641236022142956, http://localhost:1800/#
64759341743218985906504641236022142956, 264323178795734057221956673756651836778 -> a ['here']{'target': '_blank', 'href': 'https://www.retrospected.com/subscribe?product=self-hosted', 'rel': 'noreferrer'}, 64759341743218985906504641236022142956, http://localhost:1800/#
74155260075949383841988739551624744508, None, 74155260075949383841988739551624744508, http://localhost:1800/
74155260075949383841988739551624744508, None, 74155260075949383841988739551624744508, http://localhost:1800/
74155260075949383841988739551624744508, 335177995277185720436677424941113667172 -> a ['Private Sessions']{'href': '#'}, 31358316778550977529786788011359927828, http://localhost:1800/#
31358316778550977529786788011359927828, 243157659132187107739887812339775519703 -> a ['support@retrospected.com']{'href': 'mailto:support@retrospected.com'}, 31358316778550977529786788011359927828, http://localhost:1800/#
31358316778550977529786788011359927828, 77722075193502781211253785020892441640 -> a []{'href': '/login', 'style': 'color:unset'}, 31358316778550977529786788011359927828, http://localhost:1800/#
31358316778550977529786788011359927828, 96209764409702934583100429439126582709 -> a [<span class="ti-check-box", 31358316778550977529786788011359927828, http://localhost:1800/#
31358316778550977529786788011359927828, 254223092764667133638200428295916035974 -> a [<span class="ti-lock", 98951389206994023167960179296979532349, http://localhost:1800/#
74155260075949383841988739551624744508, None, 74155260075949383841988739551624744508, http://localhost:1800/
74155260075949383841988739551624744508, 241834424327382346987432935799321988837 -> a [<span class="ti-twitter", 74155260075949383841988739551624744508, http://localhost:1800/
74155260075949383841988739551624744508, 335177995277185720436677424941113667172 -> a ['Private Sessions']{'href': '#'}, 31358316778550977529786788011359927828, http://localhost:1800/#
74155260075949383841988739551624744508, None, 74155260075949383841988739551624744508, http://localhost:1800/
74155260075949383841988739551624744508, 44226831132642797030845329423154588134 -> a ['Simplified Self-Hosting']{'href': '#'}, 31358316778550977529786788011359927828, http://localhost:1800/#
74155260075949383841988739551624744508, None, 74155260075949383841988739551624744508, http://localhost:1800/
74155260075949383841988739551624744508, 294408008975193969872912268871713931036 -> a [<span class="ti-wand", 134889261547027000173533848097898943919, http://localhost:1800/
134889261547027000173533848097898943919, 44226831132642797030845329423154588134 -> a ['Simplified Self-Hosting']{'href': '#'}, 64759341743218985906504641236022142956, http://localhost:1800/#
74155260075949383841988739551624744508, None, 74155260075949383841988739551624744508, http://localhost:1800/
74155260075949383841988739551624744508, 220230489951247748324856720139661540476 -> a ['amazing documentation']{'target': '_blank', 'href': 'https://docs.retrospected.com/docs/self-hosting/quick-start'}, 74155260075949383841988739551624744508, http://localhost:1800/
74155260075949383841988739551624744508, None, 74155260075949383841988739551624744508, http://localhost:1800/
74155260075949383841988739551624744508, 335177995277185720436677424941113667172 -> a ['Private Sessions']{'href': '#'}, 31358316778550977529786788011359927828, http://localhost:1800/#
74155260075949383841988739551624744508, None, 74155260075949383841988739551624744508, http://localhost:1800/
74155260075949383841988739551624744508, 294408008975193969872912268871713931036 -> a [<span class="ti-wand", 134889261547027000173533848097898943919, http://localhost:1800/
74155260075949383841988739551624744508, None, 74155260075949383841988739551624744508, http://localhost:1800/
74155260075949383841988739551624744508, 326260989328514412703228462752826086408 -> a ['contact us']{'href': 'mailto:support@retrospected.com'}, 74155260075949383841988739551624744508, http://localhost:1800/
74155260075949383841988739551624744508, 322294491624679672579461493340971535867 -> a ['Accounts Federation']{'href': '#'}, 31358316778550977529786788011359927828, http://localhost:1800/#
31358316778550977529786788011359927828, 126897143971849504177287452962379115636 -> a [<span class="ti-crown", 29092016549864325000952047354909891089, http://localhost:1800/#
29092016549864325000952047354909891089, 230313313312885264188619318999131343590 -> a ['Contact us']{'href': 'mailto:support@retrospected.com', 'class': 'color-secondary'}, 29092016549864325000952047354909891089, http://localhost:1800/#
29092016549864325000952047354909891089, 198330988671355682266587899514732098117 -> a []{'href': '/subscribe?product=team', 'style': 'color:unset'}, 29092016549864325000952047354909891089, http://localhost:1800/#
74155260075949383841988739551624744508, None, 74155260075949383841988739551624744508, http://localhost:1800/
74155260075949383841988739551624744508, 335177995277185720436677424941113667172 -> a ['Private Sessions']{'href': '#'}, 31358316778550977529786788011359927828, http://localhost:1800/#
31358316778550977529786788011359927828, 264323178795734057221956673756651836778 -> a ['here']{'target': '_blank', 'href': 'https://www.retrospected.com/subscribe?product=self-hosted', 'rel': 'noreferrer'}, 31358316778550977529786788011359927828, http://localhost:1800/#
31358316778550977529786788011359927828, 198330988671355682266587899514732098117 -> a []{'href': '/subscribe?product=team', 'style': 'color:unset'}, 31358316778550977529786788011359927828, http://localhost:1800/#
31358316778550977529786788011359927828, 198330988671355682266587899514732098117 -> a []{'href': '/subscribe?product=team', 'style': 'color:unset'}, 31358316778550977529786788011359927828, http://localhost:1800/#
31358316778550977529786788011359927828, 326260989328514412703228462752826086408 -> a ['contact us']{'href': 'mailto:support@retrospected.com'}, 31358316778550977529786788011359927828, http://localhost:1800/#
74155260075949383841988739551624744508, None, 74155260075949383841988739551624744508, http://localhost:1800/
74155260075949383841988739551624744508, 43049699877994183524356976929040969917 -> button [<svg aria-hidden="true" class="MuiSvgIcon-root MuiSvgIcon-fontSizeMedium css-vubbuv" data-testid="MenuIcon" focusable="false" viewbox="0 0 24 24", 74155260075949383841988739551624744508, http://localhost:1800/
74155260075949383841988739551624744508, 282212841185837970464880490913268752826 -> a [<ul class="list-unstyled text-sm mb-4 pricing-feature-list", 74155260075949383841988739551624744508, http://localhost:1800/
74155260075949383841988739551624744508, None, 74155260075949383841988739551624744508, http://localhost:1800/
74155260075949383841988739551624744508, 266290469012312326683711838841638666372 -> button [<svg aria-hidden="true" class="MuiSvgIcon-root MuiSvgIcon-fontSizeMedium css-vubbuv" data-testid="HomeOutlinedIcon" focusable="false" viewbox="0 0 24 24", 74155260075949383841988739551624744508, http://localhost:1800/
74155260075949383841988739551624744508, 335177995277185720436677424941113667172 -> a ['Private Sessions']{'href': '#'}, 31358316778550977529786788011359927828, http://localhost:1800/#
74155260075949383841988739551624744508, None, 74155260075949383841988739551624744508, http://localhost:1800/
74155260075949383841988739551624744508, 254223092764667133638200428295916035974 -> a [<span class="ti-lock", 312035304379938343747989387892194858733, http://localhost:1800/
312035304379938343747989387892194858733, 44226831132642797030845329423154588134 -> a ['Simplified Self-Hosting']{'href': '#'}, 98951389206994023167960179296979532349, http://localhost:1800/#
98951389206994023167960179296979532349, 241834424327382346987432935799321988837 -> a [<span class="ti-twitter", 98951389206994023167960179296979532349, http://localhost:1800/#
74155260075949383841988739551624744508, None, 74155260075949383841988739551624744508, http://localhost:1800/
74155260075949383841988739551624744508, 213786466674511586446221676810385570193 -> button [<span class="MuiButton-startIcon MuiButton-iconSizeMedium css-6xugel", 199222071360682078865197807318038347473, http://localhost:1800/
199222071360682078865197807318038347473, 179158940186001624229635486147771138307 -> a [<div class="pt-4", 199222071360682078865197807318038347473, http://localhost:1800/
199222071360682078865197807318038347473, 322294491624679672579461493340971535867 -> a ['Accounts Federation']{'href': '#'}, 199222071360682078865197807318038347473, http://localhost:1800/
199222071360682078865197807318038347473, 129577701741696671623444447879599158794 -> a ['Subscribe Now']{'href': '/subscribe?product=unlimited', 'class': 'btnsolid-btnmb-3'}, 199222071360682078865197807318038347473, http://localhost:1800/
199222071360682078865197807318038347473, 294408008975193969872912268871713931036 -> a [<span class="ti-wand", 199222071360682078865197807318038347473, http://localhost:1800/
199222071360682078865197807318038347473, 322294491624679672579461493340971535867 -> a ['Accounts Federation']{'href': '#'}, 199222071360682078865197807318038347473, http://localhost:1800/
199222071360682078865197807318038347473, 182999676787019650696720490352237005627 -> a ['Privacy Policy']{'href': 'https://www.websitepolicies.com/policies/view/RdPWodZ5'}, 74155260075949383841988739551624744508, http://localhost:1800/
74155260075949383841988739551624744508, 254223092764667133638200428295916035974 -> a [<span class="ti-lock", 312035304379938343747989387892194858733, http://localhost:1800/
74155260075949383841988739551624744508, None, 74155260075949383841988739551624744508, http://localhost:1800/
74155260075949383841988739551624744508, 335177995277185720436677424941113667172 -> a ['Private Sessions']{'href': '#'}, 31358316778550977529786788011359927828, http://localhost:1800/#
74155260075949383841988739551624744508, None, 74155260075949383841988739551624744508, http://localhost:1800/
74155260075949383841988739551624744508, 335177995277185720436677424941113667172 -> a ['Private Sessions']{'href': '#'}, 31358316778550977529786788011359927828, http://localhost:1800/#
31358316778550977529786788011359927828, 213786466674511586446221676810385570193 -> button [<span class="MuiButton-startIcon MuiButton-iconSizeMedium css-6xugel", 143071889150884705634205232230842087196, http://localhost:1800/#
143071889150884705634205232230842087196, 77722075193502781211253785020892441640 -> a []{'href': '/login', 'style': 'color:unset'}, 143071889150884705634205232230842087196, http://localhost:1800/#
143071889150884705634205232230842087196, 206135397846945457121200555401346790746 -> a ['Acceptable Use Policy']{'href': 'https://www.websitepolicies.com/policies/view/fbk00C8V'}, 143071889150884705634205232230842087196, http://localhost:1800/#
143071889150884705634205232230842087196, 241834424327382346987432935799321988837 -> a [<span class="ti-twitter", 143071889150884705634205232230842087196, http://localhost:1800/#
143071889150884705634205232230842087196, 126897143971849504177287452962379115636 -> a [<span class="ti-crown", 143071889150884705634205232230842087196, http://localhost:1800/#
143071889150884705634205232230842087196, 42781586748898556957319857378680623162 -> a []{'href': '/subscribe?product=self-hosted', 'style': 'color:unset'}, 143071889150884705634205232230842087196, http://localhost:1800/#
143071889150884705634205232230842087196, 171732623341340118822743671651694422782 -> a ['docs']{'target': '_blank', 'href': 'https://docs.retrospected.com/docs/self-hosting/quick-start'}, 143071889150884705634205232230842087196, http://localhost:1800/#
74155260075949383841988739551624744508, None, 74155260075949383841988739551624744508, http://localhost:1800/
74155260075949383841988739551624744508, 254223092764667133638200428295916035974 -> a [<span class="ti-lock", 312035304379938343747989387892194858733, http://localhost:1800/
74155260075949383841988739551624744508, None, 74155260075949383841988739551624744508, http://localhost:1800/
74155260075949383841988739551624744508, 264323178795734057221956673756651836778 -> a ['here']{'target': '_blank', 'href': 'https://www.retrospected.com/subscribe?product=self-hosted', 'rel': 'noreferrer'}, 74155260075949383841988739551624744508, http://localhost:1800/
74155260075949383841988739551624744508, None, 74155260075949383841988739551624744508, http://localhost:1800/
74155260075949383841988739551624744508, 322294491624679672579461493340971535867 -> a ['Accounts Federation']{'href': '#'}, 31358316778550977529786788011359927828, http://localhost:1800/#
31358316778550977529786788011359927828, 266290469012312326683711838841638666372 -> button [<svg aria-hidden="true" class="MuiSvgIcon-root MuiSvgIcon-fontSizeMedium css-vubbuv" data-testid="HomeOutlinedIcon" focusable="false" viewbox="0 0 24 24", 31358316778550977529786788011359927828, http://localhost:1800/#
74155260075949383841988739551624744508, None, 74155260075949383841988739551624744508, http://localhost:1800/
74155260075949383841988739551624744508, 213786466674511586446221676810385570193 -> button [<span class="MuiButton-startIcon MuiButton-iconSizeMedium css-6xugel", 74155260075949383841988739551624744508, http://localhost:1800/
74155260075949383841988739551624744508, 266290469012312326683711838841638666372 -> button [<svg aria-hidden="true" class="MuiSvgIcon-root MuiSvgIcon-fontSizeMedium css-vubbuv" data-testid="HomeOutlinedIcon" focusable="false" viewbox="0 0 24 24", 74155260075949383841988739551624744508, http://localhost:1800/
74155260075949383841988739551624744508, 294408008975193969872912268871713931036 -> a [<span class="ti-wand", 134889261547027000173533848097898943919, http://localhost:1800/
74155260075949383841988739551624744508, None, 74155260075949383841988739551624744508, http://localhost:1800/
74155260075949383841988739551624744508, 254223092764667133638200428295916035974 -> a [<span class="ti-lock", 312035304379938343747989387892194858733, http://localhost:1800/
312035304379938343747989387892194858733, 294408008975193969872912268871713931036 -> a [<span class="ti-wand", 134889261547027000173533848097898943919, http://localhost:1800/
134889261547027000173533848097898943919, 230313313312885264188619318999131343590 -> a ['Contact us']{'href': 'mailto:support@retrospected.com', 'class': 'color-secondary'}, 134889261547027000173533848097898943919, http://localhost:1800/
74155260075949383841988739551624744508, None, 74155260075949383841988739551624744508, http://localhost:1800/
74155260075949383841988739551624744508, 266290469012312326683711838841638666372 -> button [<svg aria-hidden="true" class="MuiSvgIcon-root MuiSvgIcon-fontSizeMedium css-vubbuv" data-testid="HomeOutlinedIcon" focusable="false" viewbox="0 0 24 24", 74155260075949383841988739551624744508, http://localhost:1800/
74155260075949383841988739551624744508, 254223092764667133638200428295916035974 -> a [<span class="ti-lock", 312035304379938343747989387892194858733, http://localhost:1800/
312035304379938343747989387892194858733, 206164577955608859182796379325284454987 -> a [<span class="ti-check-box", 61832822962638269947097031219656062189, http://localhost:1800/
61832822962638269947097031219656062189, 254223092764667133638200428295916035974 -> a [<span class="ti-lock", 312035304379938343747989387892194858733, http://localhost:1800/
312035304379938343747989387892194858733, 294408008975193969872912268871713931036 -> a [<span class="ti-wand", 134889261547027000173533848097898943919, http://localhost:1800/
74155260075949383841988739551624744508, None, 74155260075949383841988739551624744508, http://localhost:1800/
74155260075949383841988739551624744508, 322294491624679672579461493340971535867 -> a ['Accounts Federation']{'href': '#'}, 31358316778550977529786788011359927828, http://localhost:1800/#
74155260075949383841988739551624744508, None, 74155260075949383841988739551624744508, http://localhost:1800/
74155260075949383841988739551624744508, 335177995277185720436677424941113667172 -> a ['Private Sessions']{'href': '#'}, 31358316778550977529786788011359927828, http://localhost:1800/#
31358316778550977529786788011359927828, 322294491624679672579461493340971535867 -> a ['Accounts Federation']{'href': '#'}, 31358316778550977529786788011359927828, http://localhost:1800/#
74155260075949383841988739551624744508, None, 74155260075949383841988739551624744508, http://localhost:1800/
74155260075949383841988739551624744508, 230313313312885264188619318999131343590 -> a ['Contact us']{'href': 'mailto:support@retrospected.com', 'class': 'color-secondary'}, 74155260075949383841988739551624744508, http://localhost:1800/
74155260075949383841988739551624744508, None, 74155260075949383841988739551624744508, http://localhost:1800/
74155260075949383841988739551624744508, None, 74155260075949383841988739551624744508, http://localhost:1800/
74155260075949383841988739551624744508, None, 74155260075949383841988739551624744508, http://localhost:1800/
74155260075949383841988739551624744508, 44226831132642797030845329423154588134 -> a ['Simplified Self-Hosting']{'href': '#'}, 31358316778550977529786788011359927828, http://localhost:1800/#
74155260075949383841988739551624744508, None, 74155260075949383841988739551624744508, http://localhost:1800/
74155260075949383841988739551624744508, 335177995277185720436677424941113667172 -> a ['Private Sessions']{'href': '#'}, 31358316778550977529786788011359927828, http://localhost:1800/#
74155260075949383841988739551624744508, None, 74155260075949383841988739551624744508, http://localhost:1800/
74155260075949383841988739551624744508, None, 74155260075949383841988739551624744508, http://localhost:1800/
74155260075949383841988739551624744508, 241834424327382346987432935799321988837 -> a [<span class="ti-twitter", 74155260075949383841988739551624744508, http://localhost:1800/
74155260075949383841988739551624744508, None, 74155260075949383841988739551624744508, http://localhost:1800/
74155260075949383841988739551624744508, 213786466674511586446221676810385570193 -> button [<span class="MuiButton-startIcon MuiButton-iconSizeMedium css-6xugel", 74155260075949383841988739551624744508, http://localhost:1800/
74155260075949383841988739551624744508, 322294491624679672579461493340971535867 -> a ['Accounts Federation']{'href': '#'}, 143071889150884705634205232230842087196, http://localhost:1800/#
143071889150884705634205232230842087196, 171732623341340118822743671651694422782 -> a ['docs']{'target': '_blank', 'href': 'https://docs.retrospected.com/docs/self-hosting/quick-start'}, 143071889150884705634205232230842087196, http://localhost:1800/#
143071889150884705634205232230842087196, 294408008975193969872912268871713931036 -> a [<span class="ti-wand", 64759341743218985906504641236022142956, http://localhost:1800/#
64759341743218985906504641236022142956, 131498267285019480364075027932691640882 -> a []{'href': '/subscribe?product=unlimited', 'style': 'color:unset'}, 64759341743218985906504641236022142956, http://localhost:1800/#
64759341743218985906504641236022142956, 322294491624679672579461493340971535867 -> a ['Accounts Federation']{'href': '#'}, 64759341743218985906504641236022142956, http://localhost:1800/#
74155260075949383841988739551624744508, None, 74155260075949383841988739551624744508, http://localhost:1800/
74155260075949383841988739551624744508, 230313313312885264188619318999131343590 -> a ['Contact us']{'href': 'mailto:support@retrospected.com', 'class': 'color-secondary'}, 74155260075949383841988739551624744508, http://localhost:1800/
74155260075949383841988739551624744508, 254223092764667133638200428295916035974 -> a [<span class="ti-lock", 312035304379938343747989387892194858733, http://localhost:1800/
74155260075949383841988739551624744508, None, 74155260075949383841988739551624744508, http://localhost:1800/
74155260075949383841988739551624744508, None, 74155260075949383841988739551624744508, http://localhost:1800/
74155260075949383841988739551624744508, 335177995277185720436677424941113667172 -> a ['Private Sessions']{'href': '#'}, 31358316778550977529786788011359927828, http://localhost:1800/#
31358316778550977529786788011359927828, 131498267285019480364075027932691640882 -> a []{'href': '/subscribe?product=unlimited', 'style': 'color:unset'}, 31358316778550977529786788011359927828, http://localhost:1800/#
31358316778550977529786788011359927828, 77722075193502781211253785020892441640 -> a []{'href': '/login', 'style': 'color:unset'}, 31358316778550977529786788011359927828, http://localhost:1800/#
74155260075949383841988739551624744508, None, 74155260075949383841988739551624744508, http://localhost:1800/
74155260075949383841988739551624744508, 131498267285019480364075027932691640882 -> a []{'href': '/subscribe?product=unlimited', 'style': 'color:unset'}, 74155260075949383841988739551624744508, http://localhost:1800/
74155260075949383841988739551624744508, 254223092764667133638200428295916035974 -> a [<span class="ti-lock", 312035304379938343747989387892194858733, http://localhost:1800/
74155260075949383841988739551624744508, None, 74155260075949383841988739551624744508, http://localhost:1800/
74155260075949383841988739551624744508, None, 74155260075949383841988739551624744508, http://localhost:1800/
74155260075949383841988739551624744508, 294408008975193969872912268871713931036 -> a [<span class="ti-wand", 134889261547027000173533848097898943919, http://localhost:1800/
134889261547027000173533848097898943919, 230313313312885264188619318999131343590 -> a ['Contact us']{'href': 'mailto:support@retrospected.com', 'class': 'color-secondary'}, 134889261547027000173533848097898943919, http://localhost:1800/
134889261547027000173533848097898943919, 171732623341340118822743671651694422782 -> a ['docs']{'target': '_blank', 'href': 'https://docs.retrospected.com/docs/self-hosting/quick-start'}, 134889261547027000173533848097898943919, http://localhost:1800/
74155260075949383841988739551624744508, None, 74155260075949383841988739551624744508, http://localhost:1800/
74155260075949383841988739551624744508, 44226831132642797030845329423154588134 -> a ['Simplified Self-Hosting']{'href': '#'}, 31358316778550977529786788011359927828, http://localhost:1800/#
31358316778550977529786788011359927828, 42781586748898556957319857378680623162 -> a []{'href': '/subscribe?product=self-hosted', 'style': 'color:unset'}, 31358316778550977529786788011359927828, http://localhost:1800/#
31358316778550977529786788011359927828, 126897143971849504177287452962379115636 -> a [<span class="ti-crown", 29092016549864325000952047354909891089, http://localhost:1800/#
74155260075949383841988739551624744508, None, 74155260075949383841988739551624744508, http://localhost:1800/
74155260075949383841988739551624744508, 326260989328514412703228462752826086408 -> a ['contact us']{'href': 'mailto:support@retrospected.com'}, 74155260075949383841988739551624744508, http://localhost:1800/
74155260075949383841988739551624744508, None, 74155260075949383841988739551624744508, http://localhost:1800/
74155260075949383841988739551624744508, 213786466674511586446221676810385570193 -> button [<span class="MuiButton-startIcon MuiButton-iconSizeMedium css-6xugel", 199222071360682078865197807318038347473, http://localhost:1800/
199222071360682078865197807318038347473, 129577701741696671623444447879599158794 -> a ['Subscribe Now']{'href': '/subscribe?product=unlimited', 'class': 'btnsolid-btnmb-3'}, 199222071360682078865197807318038347473, http://localhost:1800/
199222071360682078865197807318038347473, 42781586748898556957319857378680623162 -> a []{'href': '/subscribe?product=self-hosted', 'style': 'color:unset'}, 199222071360682078865197807318038347473, http://localhost:1800/
199222071360682078865197807318038347473, 68465627557326038611256173190836588557 -> a ['Subscribe Now']{'href': '/subscribe?product=team', 'class': 'btnoutline-btnmb-3'}, 199222071360682078865197807318038347473, http://localhost:1800/
199222071360682078865197807318038347473, 251504558788066875833468717256383623798 -> a [<ul class="list-unstyled text-sm mb-4 pricing-feature-list", 199222071360682078865197807318038347473, http://localhost:1800/
199222071360682078865197807318038347473, 302515116903307686490089882789802233567 -> a [<div class="pt-4", 199222071360682078865197807318038347473, http://localhost:1800/
199222071360682078865197807318038347473, 88387527390871616532161040866055019454 -> a ['Disclaimer']{'href': 'https://www.websitepolicies.com/policies/view/vDJtzgEo'}, 74155260075949383841988739551624744508, http://localhost:1800/
74155260075949383841988739551624744508, 213786466674511586446221676810385570193 -> button [<span class="MuiButton-startIcon MuiButton-iconSizeMedium css-6xugel", 199222071360682078865197807318038347473, http://localhost:1800/
74155260075949383841988739551624744508, None, 74155260075949383841988739551624744508, http://localhost:1800/
74155260075949383841988739551624744508, None, 74155260075949383841988739551624744508, http://localhost:1800/
74155260075949383841988739551624744508, 264323178795734057221956673756651836778 -> a ['here']{'target': '_blank', 'href': 'https://www.retrospected.com/subscribe?product=self-hosted', 'rel': 'noreferrer'}, 74155260075949383841988739551624744508, http://localhost:1800/
74155260075949383841988739551624744508, None, 74155260075949383841988739551624744508, http://localhost:1800/
74155260075949383841988739551624744508, 213786466674511586446221676810385570193 -> button [<span class="MuiButton-startIcon MuiButton-iconSizeMedium css-6xugel", 74155260075949383841988739551624744508, http://localhost:1800/
74155260075949383841988739551624744508, 335177995277185720436677424941113667172 -> a ['Private Sessions']{'href': '#'}, 143071889150884705634205232230842087196, http://localhost:1800/#
74155260075949383841988739551624744508, None, 74155260075949383841988739551624744508, http://localhost:1800/
74155260075949383841988739551624744508, 294408008975193969872912268871713931036 -> a [<span class="ti-wand", 134889261547027000173533848097898943919, http://localhost:1800/
74155260075949383841988739551624744508, None, 74155260075949383841988739551624744508, http://localhost:1800/
74155260075949383841988739551624744508, None, 74155260075949383841988739551624744508, http://localhost:1800/
74155260075949383841988739551624744508, 44226831132642797030845329423154588134 -> a ['Simplified Self-Hosting']{'href': '#'}, 31358316778550977529786788011359927828, http://localhost:1800/#
31358316778550977529786788011359927828, 264323178795734057221956673756651836778 -> a ['here']{'target': '_blank', 'href': 'https://www.retrospected.com/subscribe?product=self-hosted', 'rel': 'noreferrer'}, 31358316778550977529786788011359927828, http://localhost:1800/#
31358316778550977529786788011359927828, 96209764409702934583100429439126582709 -> a [<span class="ti-check-box", 31358316778550977529786788011359927828, http://localhost:1800/#
74155260075949383841988739551624744508, None, 74155260075949383841988739551624744508, http://localhost:1800/
74155260075949383841988739551624744508, None, 74155260075949383841988739551624744508, http://localhost:1800/
74155260075949383841988739551624744508, 77722075193502781211253785020892441640 -> a []{'href': '/login', 'style': 'color:unset'}, 74155260075949383841988739551624744508, http://localhost:1800/
74155260075949383841988739551624744508, 335177995277185720436677424941113667172 -> a ['Private Sessions']{'href': '#'}, 31358316778550977529786788011359927828, http://localhost:1800/#
31358316778550977529786788011359927828, 294408008975193969872912268871713931036 -> a [<span class="ti-wand", 64759341743218985906504641236022142956, http://localhost:1800/#
74155260075949383841988739551624744508, None, 74155260075949383841988739551624744508, http://localhost:1800/
74155260075949383841988739551624744508, 44226831132642797030845329423154588134 -> a ['Simplified Self-Hosting']{'href': '#'}, 31358316778550977529786788011359927828, http://localhost:1800/#
31358316778550977529786788011359927828, 322294491624679672579461493340971535867 -> a ['Accounts Federation']{'href': '#'}, 31358316778550977529786788011359927828, http://localhost:1800/#
31358316778550977529786788011359927828, 326260989328514412703228462752826086408 -> a ['contact us']{'href': 'mailto:support@retrospected.com'}, 31358316778550977529786788011359927828, http://localhost:1800/#
31358316778550977529786788011359927828, 243157659132187107739887812339775519703 -> a ['support@retrospected.com']{'href': 'mailto:support@retrospected.com'}, 31358316778550977529786788011359927828, http://localhost:1800/#
74155260075949383841988739551624744508, None, 74155260075949383841988739551624744508, http://localhost:1800/
74155260075949383841988739551624744508, None, 74155260075949383841988739551624744508, http://localhost:1800/
74155260075949383841988739551624744508, None, 74155260075949383841988739551624744508, http://localhost:1800/
74155260075949383841988739551624744508, None, 74155260075949383841988739551624744508, http://localhost:1800/
74155260075949383841988739551624744508, None, 74155260075949383841988739551624744508, http://localhost:1800/
74155260075949383841988739551624744508, 254223092764667133638200428295916035974 -> a [<span class="ti-lock", 312035304379938343747989387892194858733, http://localhost:1800/
312035304379938343747989387892194858733, 206164577955608859182796379325284454987 -> a [<span class="ti-check-box", 61832822962638269947097031219656062189, http://localhost:1800/
74155260075949383841988739551624744508, None, 74155260075949383841988739551624744508, http://localhost:1800/
74155260075949383841988739551624744508, 213786466674511586446221676810385570193 -> button [<span class="MuiButton-startIcon MuiButton-iconSizeMedium css-6xugel", 74155260075949383841988739551624744508, http://localhost:1800/
74155260075949383841988739551624744508, 294408008975193969872912268871713931036 -> a [<span class="ti-wand", 134889261547027000173533848097898943919, http://localhost:1800/
134889261547027000173533848097898943919, 43049699877994183524356976929040969917 -> button [<svg aria-hidden="true" class="MuiSvgIcon-root MuiSvgIcon-fontSizeMedium css-vubbuv" data-testid="MenuIcon" focusable="false" viewbox="0 0 24 24", 134889261547027000173533848097898943919, http://localhost:1800/
134889261547027000173533848097898943919, 131498267285019480364075027932691640882 -> a []{'href': '/subscribe?product=unlimited', 'style': 'color:unset'}, 134889261547027000173533848097898943919, http://localhost:1800/
134889261547027000173533848097898943919, 243157659132187107739887812339775519703 -> a ['support@retrospected.com']{'href': 'mailto:support@retrospected.com'}, 134889261547027000173533848097898943919, http://localhost:1800/
134889261547027000173533848097898943919, 198330988671355682266587899514732098117 -> a []{'href': '/subscribe?product=team', 'style': 'color:unset'}, 134889261547027000173533848097898943919, http://localhost:1800/
74155260075949383841988739551624744508, None, 74155260075949383841988739551624744508, http://localhost:1800/
74155260075949383841988739551624744508, 294408008975193969872912268871713931036 -> a [<span class="ti-wand", 134889261547027000173533848097898943919, http://localhost:1800/
74155260075949383841988739551624744508, None, 74155260075949383841988739551624744508, http://localhost:1800/
74155260075949383841988739551624744508, 254223092764667133638200428295916035974 -> a [<span class="ti-lock", 312035304379938343747989387892194858733, http://localhost:1800/
312035304379938343747989387892194858733, 131498267285019480364075027932691640882 -> a []{'href': '/subscribe?product=unlimited', 'style': 'color:unset'}, 312035304379938343747989387892194858733, http://localhost:1800/
312035304379938343747989387892194858733, 294408008975193969872912268871713931036 -> a [<span class="ti-wand", 134889261547027000173533848097898943919, http://localhost:1800/
74155260075949383841988739551624744508, None, 74155260075949383841988739551624744508, http://localhost:1800/
74155260075949383841988739551624744508, 44226831132642797030845329423154588134 -> a ['Simplified Self-Hosting']{'href': '#'}, 31358316778550977529786788011359927828, http://localhost:1800/#
74155260075949383841988739551624744508, None, 74155260075949383841988739551624744508, http://localhost:1800/
74155260075949383841988739551624744508, None, 74155260075949383841988739551624744508, http://localhost:1800/
74155260075949383841988739551624744508, 335177995277185720436677424941113667172 -> a ['Private Sessions']{'href': '#'}, 31358316778550977529786788011359927828, http://localhost:1800/#
74155260075949383841988739551624744508, None, 74155260075949383841988739551624744508, http://localhost:1800/
74155260075949383841988739551624744508, 266290469012312326683711838841638666372 -> button [<svg aria-hidden="true" class="MuiSvgIcon-root MuiSvgIcon-fontSizeMedium css-vubbuv" data-testid="HomeOutlinedIcon" focusable="false" viewbox="0 0 24 24", 74155260075949383841988739551624744508, http://localhost:1800/
74155260075949383841988739551624744508, 335177995277185720436677424941113667172 -> a ['Private Sessions']{'href': '#'}, 31358316778550977529786788011359927828, http://localhost:1800/#
31358316778550977529786788011359927828, 254223092764667133638200428295916035974 -> a [<span class="ti-lock", 98951389206994023167960179296979532349, http://localhost:1800/#
98951389206994023167960179296979532349, 126897143971849504177287452962379115636 -> a [<span class="ti-crown", 29092016549864325000952047354909891089, http://localhost:1800/#
74155260075949383841988739551624744508, None, 74155260075949383841988739551624744508, http://localhost:1800/
74155260075949383841988739551624744508, 335177995277185720436677424941113667172 -> a ['Private Sessions']{'href': '#'}, 31358316778550977529786788011359927828, http://localhost:1800/#
74155260075949383841988739551624744508, None, 74155260075949383841988739551624744508, http://localhost:1800/
74155260075949383841988739551624744508, 254223092764667133638200428295916035974 -> a [<span class="ti-lock", 312035304379938343747989387892194858733, http://localhost:1800/
74155260075949383841988739551624744508, None, 74155260075949383841988739551624744508, http://localhost:1800/
74155260075949383841988739551624744508, 254223092764667133638200428295916035974 -> a [<span class="ti-lock", 312035304379938343747989387892194858733, http://localhost:1800/
312035304379938343747989387892194858733, 326260989328514412703228462752826086408 -> a ['contact us']{'href': 'mailto:support@retrospected.com'}, 312035304379938343747989387892194858733, http://localhost:1800/
74155260075949383841988739551624744508, None, 74155260075949383841988739551624744508, http://localhost:1800/
74155260075949383841988739551624744508, 220230489951247748324856720139661540476 -> a ['amazing documentation']{'target': '_blank', 'href': 'https://docs.retrospected.com/docs/self-hosting/quick-start'}, 74155260075949383841988739551624744508, http://localhost:1800/
74155260075949383841988739551624744508, None, 74155260075949383841988739551624744508, http://localhost:1800/
74155260075949383841988739551624744508, None, 74155260075949383841988739551624744508, http://localhost:1800/
74155260075949383841988739551624744508, 213786466674511586446221676810385570193 -> button [<span class="MuiButton-startIcon MuiButton-iconSizeMedium css-6xugel", 74155260075949383841988739551624744508, http://localhost:1800/
74155260075949383841988739551624744508, 254223092764667133638200428295916035974 -> a [<span class="ti-lock", 312035304379938343747989387892194858733, http://localhost:1800/
312035304379938343747989387892194858733, 322294491624679672579461493340971535867 -> a ['Accounts Federation']{'href': '#'}, 98951389206994023167960179296979532349, http://localhost:1800/#
74155260075949383841988739551624744508, None, 74155260075949383841988739551624744508, http://localhost:1800/
74155260075949383841988739551624744508, 243157659132187107739887812339775519703 -> a ['support@retrospected.com']{'href': 'mailto:support@retrospected.com'}, 74155260075949383841988739551624744508, http://localhost:1800/
74155260075949383841988739551624744508, None, 74155260075949383841988739551624744508, http://localhost:1800/
74155260075949383841988739551624744508, None, 74155260075949383841988739551624744508, http://localhost:1800/
74155260075949383841988739551624744508, 254223092764667133638200428295916035974 -> a [<span class="ti-lock", 312035304379938343747989387892194858733, http://localhost:1800/
74155260075949383841988739551624744508, None, 74155260075949383841988739551624744508, http://localhost:1800/
74155260075949383841988739551624744508, 44226831132642797030845329423154588134 -> a ['Simplified Self-Hosting']{'href': '#'}, 31358316778550977529786788011359927828, http://localhost:1800/#
31358316778550977529786788011359927828, 77722075193502781211253785020892441640 -> a []{'href': '/login', 'style': 'color:unset'}, 31358316778550977529786788011359927828, http://localhost:1800/#
31358316778550977529786788011359927828, 126897143971849504177287452962379115636 -> a [<span class="ti-crown", 29092016549864325000952047354909891089, http://localhost:1800/#
74155260075949383841988739551624744508, None, 74155260075949383841988739551624744508, http://localhost:1800/
74155260075949383841988739551624744508, 254223092764667133638200428295916035974 -> a [<span class="ti-lock", 312035304379938343747989387892194858733, http://localhost:1800/
74155260075949383841988739551624744508, None, 74155260075949383841988739551624744508, http://localhost:1800/
74155260075949383841988739551624744508, None, 74155260075949383841988739551624744508, http://localhost:1800/
74155260075949383841988739551624744508, 322294491624679672579461493340971535867 -> a ['Accounts Federation']{'href': '#'}, 31358316778550977529786788011359927828, http://localhost:1800/#
74155260075949383841988739551624744508, None, 74155260075949383841988739551624744508, http://localhost:1800/
74155260075949383841988739551624744508, 322294491624679672579461493340971535867 -> a ['Accounts Federation']{'href': '#'}, 31358316778550977529786788011359927828, http://localhost:1800/#
74155260075949383841988739551624744508, None, 74155260075949383841988739551624744508, http://localhost:1800/
74155260075949383841988739551624744508, None, 74155260075949383841988739551624744508, http://localhost:1800/
74155260075949383841988739551624744508, 335177995277185720436677424941113667172 -> a ['Private Sessions']{'href': '#'}, 31358316778550977529786788011359927828, http://localhost:1800/#
31358316778550977529786788011359927828, 266290469012312326683711838841638666372 -> button [<svg aria-hidden="true" class="MuiSvgIcon-root MuiSvgIcon-fontSizeMedium css-vubbuv" data-testid="HomeOutlinedIcon" focusable="false" viewbox="0 0 24 24", 31358316778550977529786788011359927828, http://localhost:1800/#
74155260075949383841988739551624744508, None, 74155260075949383841988739551624744508, http://localhost:1800/
74155260075949383841988739551624744508, 266290469012312326683711838841638666372 -> button [<svg aria-hidden="true" class="MuiSvgIcon-root MuiSvgIcon-fontSizeMedium css-vubbuv" data-testid="HomeOutlinedIcon" focusable="false" viewbox="0 0 24 24", 74155260075949383841988739551624744508, http://localhost:1800/
74155260075949383841988739551624744508, None, 74155260075949383841988739551624744508, http://localhost:1800/
74155260075949383841988739551624744508, 213786466674511586446221676810385570193 -> button [<span class="MuiButton-startIcon MuiButton-iconSizeMedium css-6xugel", 74155260075949383841988739551624744508, http://localhost:1800/
74155260075949383841988739551624744508, None, 74155260075949383841988739551624744508, http://localhost:1800/
74155260075949383841988739551624744508, None, 74155260075949383841988739551624744508, http://localhost:1800/
74155260075949383841988739551624744508, None, 74155260075949383841988739551624744508, http://localhost:1800/
74155260075949383841988739551624744508, 198330988671355682266587899514732098117 -> a []{'href': '/subscribe?product=team', 'style': 'color:unset'}, 74155260075949383841988739551624744508, http://localhost:1800/
74155260075949383841988739551624744508, 264323178795734057221956673756651836778 -> a ['here']{'target': '_blank', 'href': 'https://www.retrospected.com/subscribe?product=self-hosted', 'rel': 'noreferrer'}, 74155260075949383841988739551624744508, http://localhost:1800/
74155260075949383841988739551624744508, None, 74155260075949383841988739551624744508, http://localhost:1800/
74155260075949383841988739551624744508, 266290469012312326683711838841638666372 -> button [<svg aria-hidden="true" class="MuiSvgIcon-root MuiSvgIcon-fontSizeMedium css-vubbuv" data-testid="HomeOutlinedIcon" focusable="false" viewbox="0 0 24 24", 74155260075949383841988739551624744508, http://localhost:1800/
74155260075949383841988739551624744508, None, 74155260075949383841988739551624744508, http://localhost:1800/
74155260075949383841988739551624744508, 322294491624679672579461493340971535867 -> a ['Accounts Federation']{'href': '#'}, 31358316778550977529786788011359927828, http://localhost:1800/#
31358316778550977529786788011359927828, 44226831132642797030845329423154588134 -> a ['Simplified Self-Hosting']{'href': '#'}, 31358316778550977529786788011359927828, http://localhost:1800/#
31358316778550977529786788011359927828, 241834424327382346987432935799321988837 -> a [<span class="ti-twitter", 31358316778550977529786788011359927828, http://localhost:1800/#
74155260075949383841988739551624744508, None, 74155260075949383841988739551624744508, http://localhost:1800/
74155260075949383841988739551624744508, None, 74155260075949383841988739551624744508, http://localhost:1800/
74155260075949383841988739551624744508, 322294491624679672579461493340971535867 -> a ['Accounts Federation']{'href': '#'}, 31358316778550977529786788011359927828, http://localhost:1800/#
74155260075949383841988739551624744508, None, 74155260075949383841988739551624744508, http://localhost:1800/
74155260075949383841988739551624744508, 44226831132642797030845329423154588134 -> a ['Simplified Self-Hosting']{'href': '#'}, 31358316778550977529786788011359927828, http://localhost:1800/#
74155260075949383841988739551624744508, None, 74155260075949383841988739551624744508, http://localhost:1800/
74155260075949383841988739551624744508, 213786466674511586446221676810385570193 -> button [<span class="MuiButton-startIcon MuiButton-iconSizeMedium css-6xugel", 199222071360682078865197807318038347473, http://localhost:1800/
199222071360682078865197807318038347473, 42781586748898556957319857378680623162 -> a []{'href': '/subscribe?product=self-hosted', 'style': 'color:unset'}, 199222071360682078865197807318038347473, http://localhost:1800/
199222071360682078865197807318038347473, 129577701741696671623444447879599158794 -> a ['Subscribe Now']{'href': '/subscribe?product=unlimited', 'class': 'btnsolid-btnmb-3'}, 199222071360682078865197807318038347473, http://localhost:1800/
199222071360682078865197807318038347473, 44226831132642797030845329423154588134 -> a ['Simplified Self-Hosting']{'href': '#'}, 199222071360682078865197807318038347473, http://localhost:1800/
199222071360682078865197807318038347473, 220230489951247748324856720139661540476 -> a ['amazing documentation']{'target': '_blank', 'href': 'https://docs.retrospected.com/docs/self-hosting/quick-start'}, 199222071360682078865197807318038347473, http://localhost:1800/
199222071360682078865197807318038347473, 87815277028660565207758178488276055881 -> button ['Anonymous Login', <span class="MuiTouchRipple-root css-w0pj6f", 74155260075949383841988739551624744508, http://localhost:1800/
74155260075949383841988739551624744508, 213786466674511586446221676810385570193 -> button [<span class="MuiButton-startIcon MuiButton-iconSizeMedium css-6xugel", 74155260075949383841988739551624744508, http://localhost:1800/
74155260075949383841988739551624744508, 43049699877994183524356976929040969917 -> button [<svg aria-hidden="true" class="MuiSvgIcon-root MuiSvgIcon-fontSizeMedium css-vubbuv" data-testid="MenuIcon" focusable="false" viewbox="0 0 24 24", 74155260075949383841988739551624744508, http://localhost:1800/
74155260075949383841988739551624744508, None, 74155260075949383841988739551624744508, http://localhost:1800/
74155260075949383841988739551624744508, 96209764409702934583100429439126582709 -> a [<span class="ti-check-box", 74155260075949383841988739551624744508, http://localhost:1800/
74155260075949383841988739551624744508, None, 74155260075949383841988739551624744508, http://localhost:1800/
74155260075949383841988739551624744508, 42781586748898556957319857378680623162 -> a []{'href': '/subscribe?product=self-hosted', 'style': 'color:unset'}, 74155260075949383841988739551624744508, http://localhost:1800/
74155260075949383841988739551624744508, 220230489951247748324856720139661540476 -> a ['amazing documentation']{'target': '_blank', 'href': 'https://docs.retrospected.com/docs/self-hosting/quick-start'}, 74155260075949383841988739551624744508, http://localhost:1800/
74155260075949383841988739551624744508, 254223092764667133638200428295916035974 -> a [<span class="ti-lock", 312035304379938343747989387892194858733, http://localhost:1800/
312035304379938343747989387892194858733, 322294491624679672579461493340971535867 -> a ['Accounts Federation']{'href': '#'}, 98951389206994023167960179296979532349, http://localhost:1800/#
98951389206994023167960179296979532349, 322294491624679672579461493340971535867 -> a ['Accounts Federation']{'href': '#'}, 98951389206994023167960179296979532349, http://localhost:1800/#
98951389206994023167960179296979532349, 204684656745175268669880775349717719895 -> a [<span class="ti-lock", 98951389206994023167960179296979532349, http://localhost:1800/#
98951389206994023167960179296979532349, 243157659132187107739887812339775519703 -> a ['support@retrospected.com']{'href': 'mailto:support@retrospected.com'}, 98951389206994023167960179296979532349, http://localhost:1800/#
98951389206994023167960179296979532349, 220230489951247748324856720139661540476 -> a ['amazing documentation']{'target': '_blank', 'href': 'https://docs.retrospected.com/docs/self-hosting/quick-start'}, 98951389206994023167960179296979532349, http://localhost:1800/#
74155260075949383841988739551624744508, None, 74155260075949383841988739551624744508, http://localhost:1800/
74155260075949383841988739551624744508, 213786466674511586446221676810385570193 -> button [<span class="MuiButton-startIcon MuiButton-iconSizeMedium css-6xugel", 74155260075949383841988739551624744508, http://localhost:1800/
74155260075949383841988739551624744508, 254223092764667133638200428295916035974 -> a [<span class="ti-lock", 312035304379938343747989387892194858733, http://localhost:1800/
312035304379938343747989387892194858733, 198330988671355682266587899514732098117 -> a []{'href': '/subscribe?product=team', 'style': 'color:unset'}, 312035304379938343747989387892194858733, http://localhost:1800/
74155260075949383841988739551624744508, None, 74155260075949383841988739551624744508, http://localhost:1800/
74155260075949383841988739551624744508, 243157659132187107739887812339775519703 -> a ['support@retrospected.com']{'href': 'mailto:support@retrospected.com'}, 74155260075949383841988739551624744508, http://localhost:1800/
74155260075949383841988739551624744508, 126897143971849504177287452962379115636 -> a [<span class="ti-crown", 74921026783633498634010030204556921178, http://localhost:1800/
74921026783633498634010030204556921178, 44226831132642797030845329423154588134 -> a ['Simplified Self-Hosting']{'href': '#'}, 29092016549864325000952047354909891089, http://localhost:1800/#
29092016549864325000952047354909891089, 131498267285019480364075027932691640882 -> a []{'href': '/subscribe?product=unlimited', 'style': 'color:unset'}, 29092016549864325000952047354909891089, http://localhost:1800/#
74155260075949383841988739551624744508, None, 74155260075949383841988739551624744508, http://localhost:1800/
74155260075949383841988739551624744508, 254223092764667133638200428295916035974 -> a [<span class="ti-lock", 312035304379938343747989387892194858733, http://localhost:1800/
312035304379938343747989387892194858733, 243157659132187107739887812339775519703 -> a ['support@retrospected.com']{'href': 'mailto:support@retrospected.com'}, 312035304379938343747989387892194858733, http://localhost:1800/
312035304379938343747989387892194858733, 126897143971849504177287452962379115636 -> a [<span class="ti-crown", 74921026783633498634010030204556921178, http://localhost:1800/
74921026783633498634010030204556921178, 44226831132642797030845329423154588134 -> a ['Simplified Self-Hosting']{'href': '#'}, 29092016549864325000952047354909891089, http://localhost:1800/#
74155260075949383841988739551624744508, None, 74155260075949383841988739551624744508, http://localhost:1800/
74155260075949383841988739551624744508, 335177995277185720436677424941113667172 -> a ['Private Sessions']{'href': '#'}, 31358316778550977529786788011359927828, http://localhost:1800/#
74155260075949383841988739551624744508, None, 74155260075949383841988739551624744508, http://localhost:1800/
74155260075949383841988739551624744508, None, 74155260075949383841988739551624744508, http://localhost:1800/
74155260075949383841988739551624744508, 96209764409702934583100429439126582709 -> a [<span class="ti-check-box", 74155260075949383841988739551624744508, http://localhost:1800/
74155260075949383841988739551624744508, 322294491624679672579461493340971535867 -> a ['Accounts Federation']{'href': '#'}, 31358316778550977529786788011359927828, http://localhost:1800/#
31358316778550977529786788011359927828, 131498267285019480364075027932691640882 -> a []{'href': '/subscribe?product=unlimited', 'style': 'color:unset'}, 31358316778550977529786788011359927828, http://localhost:1800/#
31358316778550977529786788011359927828, 243157659132187107739887812339775519703 -> a ['support@retrospected.com']{'href': 'mailto:support@retrospected.com'}, 31358316778550977529786788011359927828, http://localhost:1800/#
31358316778550977529786788011359927828, 322294491624679672579461493340971535867 -> a ['Accounts Federation']{'href': '#'}, 31358316778550977529786788011359927828, http://localhost:1800/#
74155260075949383841988739551624744508, None, 74155260075949383841988739551624744508, http://localhost:1800/
74155260075949383841988739551624744508, 254223092764667133638200428295916035974 -> a [<span class="ti-lock", 312035304379938343747989387892194858733, http://localhost:1800/
312035304379938343747989387892194858733, 131498267285019480364075027932691640882 -> a []{'href': '/subscribe?product=unlimited', 'style': 'color:unset'}, 312035304379938343747989387892194858733, http://localhost:1800/
312035304379938343747989387892194858733, 126897143971849504177287452962379115636 -> a [<span class="ti-crown", 74921026783633498634010030204556921178, http://localhost:1800/
74921026783633498634010030204556921178, 206164577955608859182796379325284454987 -> a [<span class="ti-check-box", 61832822962638269947097031219656062189, http://localhost:1800/
74155260075949383841988739551624744508, None, 74155260075949383841988739551624744508, http://localhost:1800/
74155260075949383841988739551624744508, 322294491624679672579461493340971535867 -> a ['Accounts Federation']{'href': '#'}, 31358316778550977529786788011359927828, http://localhost:1800/#
31358316778550977529786788011359927828, 254223092764667133638200428295916035974 -> a [<span class="ti-lock", 98951389206994023167960179296979532349, http://localhost:1800/#
74155260075949383841988739551624744508, None, 74155260075949383841988739551624744508, http://localhost:1800/
