2022-05-26 12:02:54 WARNING  Starting
2022-05-26 12:03:37 ERROR    Failure: 244380854607818280429043870923574460711 : http://localhost:4000/ -> net::ERR_NAME_NOT_RESOLVED
2022-05-26 12:07:16 ERROR    Failure: 296307533421582043662501893466742106926 : http://localhost:4000/sign_in -> Failed to load resource: the server responded with a status of 422 (Unprocessable Entity)
2022-05-26 12:07:16 ERROR    Failure: 221529226714571559452382939241464441363 : http://localhost:4000/sign_in -> status code(422) -> {"error":"Invalid email or password"}
2022-05-26 12:08:09 ERROR    Failure: 296307533421582043662501893466742106926 : http://localhost:4000/sign_in -> Failed to load resource: the server responded with a status of 422 (Unprocessable Entity)
2022-05-26 12:08:09 ERROR    Future exception was never retrieved
future: <Future finished exception=NetworkError('Protocol error Target.sendMessageToTarget: Target closed.')>
pyppeteer.errors.NetworkError: Protocol error Target.sendMessageToTarget: Target closed.
2022-05-26 12:08:09 ERROR    Task exception was never retrieved
future: <Task finished name='Task-16407' coro=<Crawler._restart_env.<locals>.handle_request_error() done, defined at /home/ebat/Desktop/replication/webExplor/crawler.py:99> exception=NetworkError('Protocol error Network.getResponseBody: Target closed.')>
Traceback (most recent call last):
  File "/usr/lib/python3.9/asyncio/tasks.py", line 258, in __step
    result = coro.throw(exc)
  File "/home/ebat/Desktop/replication/webExplor/crawler.py", line 111, in handle_request_error
    err_text = (await res.text()).replace("\n", "\t").replace('\r', '\t')
  File "/home/ebat/.local/lib/python3.9/site-packages/pyppeteer/network_manager.py", line 669, in text
    content = await self.buffer()
  File "/usr/lib/python3.9/asyncio/futures.py", line 284, in __await__
    yield self  # This tells Task to wait for completion.
  File "/usr/lib/python3.9/asyncio/tasks.py", line 328, in __wakeup
    future.result()
  File "/usr/lib/python3.9/asyncio/futures.py", line 201, in result
    raise self._exception
  File "/usr/lib/python3.9/asyncio/tasks.py", line 258, in __step
    result = coro.throw(exc)
  File "/home/ebat/.local/lib/python3.9/site-packages/pyppeteer/network_manager.py", line 653, in _bufread
    response = await self._client.send('Network.getResponseBody', {
  File "/usr/lib/python3.9/asyncio/futures.py", line 284, in __await__
    yield self  # This tells Task to wait for completion.
  File "/usr/lib/python3.9/asyncio/tasks.py", line 328, in __wakeup
    future.result()
  File "/usr/lib/python3.9/asyncio/futures.py", line 201, in result
    raise self._exception
pyppeteer.errors.NetworkError: Protocol error Network.getResponseBody: Target closed.
2022-05-26 12:32:57 WARNING  Finished
2022-05-26 12:32:58 WARNING  (Failure Count, Coverage Percentage) : (3, 50.853637533110685)
2022-05-26 12:32:58 ERROR    244380854607818280429043870923574460711 : http://localhost:4000/ -> net::ERR_NAME_NOT_RESOLVED
2022-05-26 12:32:58 ERROR    296307533421582043662501893466742106926 : http://localhost:4000/sign_in -> Failed to load resource: the server responded with a status of 422 (Unprocessable Entity)
2022-05-26 12:32:58 ERROR    221529226714571559452382939241464441363 : http://localhost:4000/sign_in -> status code(422) -> {"error":"Invalid email or password"}
