2022-05-25 17:17:57 WARNING  Starting
2022-05-25 17:18:10 ERROR    Failure: 244380854607818280429043870923574460711 : http://localhost:4000/sign_in -> net::ERR_NAME_NOT_RESOLVED
2022-05-25 17:26:43 ERROR    Failure: 296307533421582043662501893466742106926 : http://localhost:4000/sign_in -> Failed to load resource: the server responded with a status of 422 (Unprocessable Entity)
2022-05-25 17:26:43 ERROR    Failure: 221529226714571559452382939241464441363 : http://localhost:4000/sign_in -> status code(422) -> {"error":"Invalid email or password"}
2022-05-25 17:26:43 ERROR    Failure: 296307533421582043662501893466742106926 : http://localhost:4000/sign_in -> Failed to load resource: the server responded with a status of 422 (Unprocessable Entity)
2022-05-25 17:26:43 ERROR    Failure: 221529226714571559452382939241464441363 : http://localhost:4000/sign_in -> status code(422) -> {"error":"Invalid email or password"}
2022-05-25 17:28:34 ERROR    Failure: 296307533421582043662501893466742106926 : http://localhost:4000/sign_in -> Failed to load resource: the server responded with a status of 422 (Unprocessable Entity)
2022-05-25 17:28:34 ERROR    Failure: 221529226714571559452382939241464441363 : http://localhost:4000/sign_in -> status code(422) -> {"error":"Invalid email or password"}
2022-05-25 17:29:32 ERROR    Failure: 296307533421582043662501893466742106926 : http://localhost:4000/sign_up -> Failed to load resource: the server responded with a status of 422 (Unprocessable Entity)
2022-05-25 17:29:32 ERROR    Failure: 221529226714571559452382939241464441363 : http://localhost:4000/sign_up -> status code(422) -> {"error":"Invalid email or password"}
2022-05-25 17:33:31 ERROR    Failure: 296307533421582043662501893466742106926 : http://localhost:4000/sign_up -> Failed to load resource: the server responded with a status of 422 (Unprocessable Entity)
2022-05-25 17:33:31 ERROR    Failure: 221529226714571559452382939241464441363 : http://localhost:4000/sign_up -> status code(422) -> {"error":"Invalid email or password"}
2022-05-25 17:36:29 ERROR    Failure: 296307533421582043662501893466742106926 : http://localhost:4000/sign_up -> Failed to load resource: the server responded with a status of 422 (Unprocessable Entity)
2022-05-25 17:36:29 ERROR    Failure: 221529226714571559452382939241464441363 : http://localhost:4000/sign_up -> status code(422) -> {"error":"Invalid email or password"}
2022-05-25 17:39:40 ERROR    Failure: 296307533421582043662501893466742106926 : http://localhost:4000/sign_up -> Failed to load resource: the server responded with a status of 422 (Unprocessable Entity)
2022-05-25 17:39:40 ERROR    Failure: 221529226714571559452382939241464441363 : http://localhost:4000/sign_up -> status code(422) -> {"error":"Invalid email or password"}
2022-05-25 17:40:17 ERROR    Failure: 296307533421582043662501893466742106926 : http://localhost:4000/sign_in -> Failed to load resource: the server responded with a status of 422 (Unprocessable Entity)
2022-05-25 17:40:17 ERROR    Failure: 221529226714571559452382939241464441363 : http://localhost:4000/sign_in -> status code(422) -> {"error":"Invalid email or password"}
2022-05-25 17:42:18 ERROR    Failure: 296307533421582043662501893466742106926 : http://localhost:4000/sign_up -> Failed to load resource: the server responded with a status of 422 (Unprocessable Entity)
2022-05-25 17:42:18 ERROR    Failure: 221529226714571559452382939241464441363 : http://localhost:4000/sign_up -> status code(422) -> {"error":"Invalid email or password"}
2022-05-25 17:43:22 ERROR    Failure: 296307533421582043662501893466742106926 : http://localhost:4000/sign_in -> Failed to load resource: the server responded with a status of 422 (Unprocessable Entity)
2022-05-25 17:43:22 ERROR    Failure: 221529226714571559452382939241464441363 : http://localhost:4000/sign_in -> status code(422) -> {"error":"Invalid email or password"}
2022-05-25 17:44:03 ERROR    Failure: 296307533421582043662501893466742106926 : http://localhost:4000/sign_up -> Failed to load resource: the server responded with a status of 422 (Unprocessable Entity)
2022-05-25 17:44:03 ERROR    Failure: 221529226714571559452382939241464441363 : http://localhost:4000/sign_up -> status code(422) -> {"error":"Invalid email or password"}
2022-05-25 17:44:28 ERROR    Failure: 296307533421582043662501893466742106926 : http://localhost:4000/sign_up -> Failed to load resource: the server responded with a status of 422 (Unprocessable Entity)
2022-05-25 17:44:28 ERROR    Failure: 221529226714571559452382939241464441363 : http://localhost:4000/sign_up -> status code(422) -> {"error":"Invalid email or password"}
2022-05-25 17:45:01 ERROR    Failure: 296307533421582043662501893466742106926 : http://localhost:4000/sign_up -> Failed to load resource: the server responded with a status of 422 (Unprocessable Entity)
2022-05-25 17:45:01 ERROR    Failure: 221529226714571559452382939241464441363 : http://localhost:4000/sign_up -> status code(422) -> {"error":"Invalid email or password"}
2022-05-25 17:47:59 WARNING  Finished
2022-05-25 17:48:00 WARNING  (Failure Count, Coverage Percentage) : (3, 50.98285701090235)
2022-05-25 17:48:00 ERROR    244380854607818280429043870923574460711 : http://localhost:4000/sign_in -> net::ERR_NAME_NOT_RESOLVED
2022-05-25 17:48:00 ERROR    296307533421582043662501893466742106926 : http://localhost:4000/sign_in -> Failed to load resource: the server responded with a status of 422 (Unprocessable Entity)
2022-05-25 17:48:00 ERROR    221529226714571559452382939241464441363 : http://localhost:4000/sign_in -> status code(422) -> {"error":"Invalid email or password"}
