2022-05-25 17:15:41 WARNING  Starting
2022-05-25 17:15:47 ERROR    Failure: 244380854607818280429043870923574460711 : http://localhost:4000/ -> net::ERR_NAME_NOT_RESOLVED
2022-05-25 17:15:55 ERROR    Failure: 296307533421582043662501893466742106926 : http://localhost:4000/sign_in -> Failed to load resource: the server responded with a status of 422 (Unprocessable Entity)
2022-05-25 17:15:55 ERROR    Failure: 221529226714571559452382939241464441363 : http://localhost:4000/sign_in -> status code(422) -> {"error":"Invalid email or password"}
2022-05-25 17:15:55 ERROR    Failure: 296307533421582043662501893466742106926 : http://localhost:4000/sign_in -> Failed to load resource: the server responded with a status of 422 (Unprocessable Entity)
2022-05-25 17:15:55 ERROR    Failure: 221529226714571559452382939241464441363 : http://localhost:4000/sign_in -> status code(422) -> {"error":"Invalid email or password"}
2022-05-25 17:15:56 ERROR    Failure: 296307533421582043662501893466742106926 : http://localhost:4000/sign_in -> Failed to load resource: the server responded with a status of 422 (Unprocessable Entity)
2022-05-25 17:15:56 ERROR    Failure: 221529226714571559452382939241464441363 : http://localhost:4000/sign_in -> status code(422) -> {"error":"Invalid email or password"}
2022-05-25 17:16:31 ERROR    Failure: 296307533421582043662501893466742106926 : http://localhost:4000/sign_in -> Failed to load resource: the server responded with a status of 422 (Unprocessable Entity)
2022-05-25 17:16:31 ERROR    Failure: 221529226714571559452382939241464441363 : http://localhost:4000/sign_in -> status code(422) -> {"error":"Invalid email or password"}
2022-05-25 17:21:36 ERROR    Failure: 296307533421582043662501893466742106926 : http://localhost:4000/sign_up -> Failed to load resource: the server responded with a status of 422 (Unprocessable Entity)
2022-05-25 17:21:36 ERROR    Failure: 221529226714571559452382939241464441363 : http://localhost:4000/sign_up -> status code(422) -> {"error":"Invalid email or password"}
2022-05-25 17:27:39 ERROR    Failure: 296307533421582043662501893466742106926 : http://localhost:4000/sign_up -> Failed to load resource: the server responded with a status of 422 (Unprocessable Entity)
2022-05-25 17:27:39 ERROR    Failure: 221529226714571559452382939241464441363 : http://localhost:4000/sign_up -> status code(422) -> {"error":"Invalid email or password"}
2022-05-25 17:27:46 ERROR    Failure: 296307533421582043662501893466742106926 : http://localhost:4000/sign_up -> Failed to load resource: the server responded with a status of 422 (Unprocessable Entity)
2022-05-25 17:27:46 ERROR    Failure: 92808956813619807134733883870786709105 : http://localhost:4000/sign_up -> status code(422) -> {"errors":[{"password_confirmation":"Password does not match"}]}
2022-05-25 17:28:09 ERROR    Failure: 296307533421582043662501893466742106926 : http://localhost:4000/ -> Failed to load resource: the server responded with a status of 422 (Unprocessable Entity)
2022-05-25 17:28:09 ERROR    Failure: 221529226714571559452382939241464441363 : http://localhost:4000/ -> status code(422) -> {"error":"Invalid email or password"}
2022-05-25 17:29:08 ERROR    Failure: 296307533421582043662501893466742106926 : http://localhost:4000/sign_up -> Failed to load resource: the server responded with a status of 422 (Unprocessable Entity)
2022-05-25 17:29:08 ERROR    Failure: 221529226714571559452382939241464441363 : http://localhost:4000/sign_up -> status code(422) -> {"error":"Invalid email or password"}
2022-05-25 17:41:49 ERROR    Failure: 296307533421582043662501893466742106926 : http://localhost:4000/sign_in -> Failed to load resource: the server responded with a status of 422 (Unprocessable Entity)
2022-05-25 17:41:49 ERROR    Failure: 221529226714571559452382939241464441363 : http://localhost:4000/sign_in -> status code(422) -> {"error":"Invalid email or password"}
2022-05-25 17:43:56 ERROR    Failure: 296307533421582043662501893466742106926 : http://localhost:4000/sign_up -> Failed to load resource: the server responded with a status of 422 (Unprocessable Entity)
2022-05-25 17:43:56 ERROR    Failure: 221529226714571559452382939241464441363 : http://localhost:4000/sign_up -> status code(422) -> {"error":"Invalid email or password"}
2022-05-25 17:45:41 WARNING  Finished
2022-05-25 17:45:41 WARNING  (Failure Count, Coverage Percentage) : (4, 51.05925333656622)
2022-05-25 17:45:41 ERROR    244380854607818280429043870923574460711 : http://localhost:4000/ -> net::ERR_NAME_NOT_RESOLVED
2022-05-25 17:45:41 ERROR    296307533421582043662501893466742106926 : http://localhost:4000/sign_in -> Failed to load resource: the server responded with a status of 422 (Unprocessable Entity)
2022-05-25 17:45:41 ERROR    221529226714571559452382939241464441363 : http://localhost:4000/sign_in -> status code(422) -> {"error":"Invalid email or password"}
2022-05-25 17:45:41 ERROR    92808956813619807134733883870786709105 : http://localhost:4000/sign_up -> status code(422) -> {"errors":[{"password_confirmation":"Password does not match"}]}
