77659574643383717146484374309974862090, None, 77659574643383717146484374309974862090, http://localhost:3001/
77659574643383717146484374309974862090, 75056642720997424365806452209120460192 -> a ['Sign In']{'href': '/user/signin', 'data-in': 'Sign In'}, 151486758748042171726768099244082768382, http://localhost:3001/wallets/
151486758748042171726768099244082768382, 186037210004141989051388640614981630902 -> a ['Settings']{'href': '/profile', 'data-in': 'Settings'}, 204404317751266123364558553751123367435, http://localhost:3001/wallets
204404317751266123364558553751123367435, 205911053392441145155640008213943745727 -> a [<span class="glyphicon glyphicon-ok", 204404317751266123364558553751123367435, http://localhost:3001/wallets
204404317751266123364558553751123367435, 264962314227679745817878531889071564249 -> a ['\n', <div class="pull-right text-success transaction_amount", 297031813301029899886068554114758321521, http://localhost:3001/wallets/1
297031813301029899886068554114758321521, 300938307388621752250340407401666505920 -> form ['\n', <input class="form-control" data-i18nplaceholder="Describe expense and press Enter to add" id="add_transaction_text" placeholder="Describe expense and press Enter to add" type="text"/, 297031813301029899886068554114758321521, http://localhost:3001/wallets/1
297031813301029899886068554114758321521, 300938307388621752250340407401666505920 -> form ['\n', <input class="form-control" data-i18nplaceholder="Describe expense and press Enter to add" id="add_transaction_text" placeholder="Describe expense and press Enter to add" type="text"/, 297031813301029899886068554114758321521, http://localhost:3001/wallets/1
297031813301029899886068554114758321521, 227382493931589493278350145414942192352 -> button [<span data-i18n="Add Income", 297031813301029899886068554114758321521, http://localhost:3001/wallets/1
297031813301029899886068554114758321521, 328680192326421016123013048610023517055 -> a [<span data-i18n="Wallets", 297031813301029899886068554114758321521, http://localhost:3001/wallets/1
278076690333225625169989687868833103351, None, 278076690333225625169989687868833103351, http://localhost:3001/wallets
278076690333225625169989687868833103351, 336145394240353959266535772156875663398 -> a [<span data-i18n="Add", 141206558223418214459847049336339575984, http://localhost:3001/wallets
141206558223418214459847049336339575984, 52430776314973270160166886406622674883 -> form ['\n', <fieldset, 141206558223418214459847049336339575984, http://localhost:3001/wallets
141206558223418214459847049336339575984, 52430776314973270160166886406622674883 -> form ['\n', <fieldset, 278076690333225625169989687868833103351, http://localhost:3001/wallets
278076690333225625169989687868833103351, 336145394240353959266535772156875663398 -> a [<span data-i18n="Add", 141206558223418214459847049336339575984, http://localhost:3001/wallets
141206558223418214459847049336339575984, 164770504787406092505723908950430241986 -> button ['×']{'type': 'button', 'data-dismiss': 'modal', 'aria-hidden': 'true'}, 141206558223418214459847049336339575984, http://localhost:3001/wallets
141206558223418214459847049336339575984, 52430776314973270160166886406622674883 -> form ['\n', <fieldset, 141206558223418214459847049336339575984, http://localhost:3001/wallets
141206558223418214459847049336339575984, 164770504787406092505723908950430241986 -> button ['×']{'type': 'button', 'data-dismiss': 'modal', 'aria-hidden': 'true'}, 141206558223418214459847049336339575984, http://localhost:3001/wallets
141206558223418214459847049336339575984, 164770504787406092505723908950430241986 -> button ['×']{'type': 'button', 'data-dismiss': 'modal', 'aria-hidden': 'true'}, 141206558223418214459847049336339575984, http://localhost:3001/wallets
100499566369056869512958079481746352286, None, 100499566369056869512958079481746352286, http://localhost:3001/wallets
100499566369056869512958079481746352286, 277712453453955741677905488786830410505 -> a ['Contact']{'href': 'mailto:jeka911@gmail.com?subject=Wallet', 'data-in': 'Contact'}, 100499566369056869512958079481746352286, http://localhost:3001/wallets
100499566369056869512958079481746352286, None, 100499566369056869512958079481746352286, http://localhost:3001/wallets
100499566369056869512958079481746352286, 249921253911561090291106652125920804859 -> a ['\n', <div class="pull-right text-success transaction_amount", 98425737708345443844816732548119937613, http://localhost:3001/wallets/2
98425737708345443844816732548119937613, 51734587471318764320500906054182906819 -> a [<span data-i18n="set total to", 125317413551416756130261661111735594748, http://localhost:3001/wallets/2
125317413551416756130261661111735594748, 164770504787406092505723908950430241986 -> button ['×']{'type': 'button', 'data-dismiss': 'modal', 'aria-hidden': 'true'}, 125317413551416756130261661111735594748, http://localhost:3001/wallets/2
125317413551416756130261661111735594748, 290997046537929317093204731951347912223 -> form ['\n', <fieldset, 125317413551416756130261661111735594748, http://localhost:3001/wallets/2
125317413551416756130261661111735594748, 290997046537929317093204731951347912223 -> form ['\n', <fieldset, 125317413551416756130261661111735594748, http://localhost:3001/wallets/2
125317413551416756130261661111735594748, 164770504787406092505723908950430241986 -> button ['×']{'type': 'button', 'data-dismiss': 'modal', 'aria-hidden': 'true'}, 125317413551416756130261661111735594748, http://localhost:3001/wallets/2
125317413551416756130261661111735594748, 290997046537929317093204731951347912223 -> form ['\n', <fieldset, 125317413551416756130261661111735594748, http://localhost:3001/wallets/2
125317413551416756130261661111735594748, 290997046537929317093204731951347912223 -> form ['\n', <fieldset, 125317413551416756130261661111735594748, http://localhost:3001/wallets/2
100499566369056869512958079481746352286, None, 100499566369056869512958079481746352286, http://localhost:3001/wallets
100499566369056869512958079481746352286, 249921253911561090291106652125920804859 -> a ['\n', <div class="pull-right text-success transaction_amount", 43153326631088584994409553284545057271, http://localhost:3001/wallets/2
43153326631088584994409553284545057271, 158009411471723493269880909046446417559 -> a [<span data-i18n="Set Goal", 26141663577872970589658338545105242206, http://localhost:3001/wallets
100499566369056869512958079481746352286, None, 100499566369056869512958079481746352286, http://localhost:3001/wallets
100499566369056869512958079481746352286, 249921253911561090291106652125920804859 -> a ['\n', <div class="pull-right text-success transaction_amount", 125317413551416756130261661111735594748, http://localhost:3001/wallets/2
125317413551416756130261661111735594748, 300938307388621752250340407401666505920 -> form ['\n', <input class="form-control" data-i18nplaceholder="Describe expense and press Enter to add" id="add_transaction_text" placeholder="Describe expense and press Enter to add" type="text"/, 125317413551416756130261661111735594748, http://localhost:3001/wallets/2
125317413551416756130261661111735594748, 300938307388621752250340407401666505920 -> form ['\n', <input class="form-control" data-i18nplaceholder="Describe expense and press Enter to add" id="add_transaction_text" placeholder="Describe expense and press Enter to add" type="text"/, 125317413551416756130261661111735594748, http://localhost:3001/wallets/2
100499566369056869512958079481746352286, None, 100499566369056869512958079481746352286, http://localhost:3001/wallets
100499566369056869512958079481746352286, 249921253911561090291106652125920804859 -> a ['\n', <div class="pull-right text-success transaction_amount", 125317413551416756130261661111735594748, http://localhost:3001/wallets/2
125317413551416756130261661111735594748, 92352577397709620979449345272760805620 -> a [<span aria-hidden="true" class="glyphicon glyphicon-import", 238807772616615967677281339933979845179, http://localhost:3001/wallets/2/import
238807772616615967677281339933979845179, 211529172816946856896018388012172770514 -> input []{'type': 'button', 'value': 'Select file', 'data-loading-text': 'Uploading...', 'data-invalue': 'Select file'}, 238807772616615967677281339933979845179, http://localhost:3001/wallets/2/import
100499566369056869512958079481746352286, None, 100499566369056869512958079481746352286, http://localhost:3001/wallets
100499566369056869512958079481746352286, 249921253911561090291106652125920804859 -> a ['\n', <div class="pull-right text-success transaction_amount", 125317413551416756130261661111735594748, http://localhost:3001/wallets/2
125317413551416756130261661111735594748, 92352577397709620979449345272760805620 -> a [<span aria-hidden="true" class="glyphicon glyphicon-import", 238807772616615967677281339933979845179, http://localhost:3001/wallets/2/import
238807772616615967677281339933979845179, 211529172816946856896018388012172770514 -> input []{'type': 'button', 'value': 'Select file', 'data-loading-text': 'Uploading...', 'data-invalue': 'Select file'}, 238807772616615967677281339933979845179, http://localhost:3001/wallets/2/import
100499566369056869512958079481746352286, None, 100499566369056869512958079481746352286, http://localhost:3001/wallets
100499566369056869512958079481746352286, 249921253911561090291106652125920804859 -> a ['\n', <div class="pull-right text-success transaction_amount", 125317413551416756130261661111735594748, http://localhost:3001/wallets/2
100499566369056869512958079481746352286, None, 100499566369056869512958079481746352286, http://localhost:3001/wallets
100499566369056869512958079481746352286, 249921253911561090291106652125920804859 -> a ['\n', <div class="pull-right text-success transaction_amount", 125317413551416756130261661111735594748, http://localhost:3001/wallets/2
125317413551416756130261661111735594748, 40033767128550119556758792738972518504 -> button [<span data-i18n="Add Income", 125317413551416756130261661111735594748, http://localhost:3001/wallets/2
125317413551416756130261661111735594748, 51734587471318764320500906054182906819 -> a [<span data-i18n="set total to", 125317413551416756130261661111735594748, http://localhost:3001/wallets/2
125317413551416756130261661111735594748, 158009411471723493269880909046446417559 -> a [<span data-i18n="Set Goal", 26141663577872970589658338545105242206, http://localhost:3001/wallets
100499566369056869512958079481746352286, None, 100499566369056869512958079481746352286, http://localhost:3001/wallets
100499566369056869512958079481746352286, 249921253911561090291106652125920804859 -> a ['\n', <div class="pull-right text-success transaction_amount", 125317413551416756130261661111735594748, http://localhost:3001/wallets/2
125317413551416756130261661111735594748, 158009411471723493269880909046446417559 -> a [<span data-i18n="Set Goal", 26141663577872970589658338545105242206, http://localhost:3001/wallets
100499566369056869512958079481746352286, None, 100499566369056869512958079481746352286, http://localhost:3001/wallets
100499566369056869512958079481746352286, 249921253911561090291106652125920804859 -> a ['\n', <div class="pull-right text-success transaction_amount", 125317413551416756130261661111735594748, http://localhost:3001/wallets/2
125317413551416756130261661111735594748, 158009411471723493269880909046446417559 -> a [<span data-i18n="Set Goal", 26141663577872970589658338545105242206, http://localhost:3001/wallets
100499566369056869512958079481746352286, None, 100499566369056869512958079481746352286, http://localhost:3001/wallets
100499566369056869512958079481746352286, 249921253911561090291106652125920804859 -> a ['\n', <div class="pull-right text-success transaction_amount", 125317413551416756130261661111735594748, http://localhost:3001/wallets/2
125317413551416756130261661111735594748, 51734587471318764320500906054182906819 -> a [<span data-i18n="set total to", 125317413551416756130261661111735594748, http://localhost:3001/wallets/2
125317413551416756130261661111735594748, 332632648636535438633633310846405598435 -> button ['\n', <span aria-hidden="true" class="glyphicon glyphicon-chevron-down", 125317413551416756130261661111735594748, http://localhost:3001/wallets/2
125317413551416756130261661111735594748, 158009411471723493269880909046446417559 -> a [<span data-i18n="Set Goal", 26141663577872970589658338545105242206, http://localhost:3001/wallets
100499566369056869512958079481746352286, None, 100499566369056869512958079481746352286, http://localhost:3001/wallets
100499566369056869512958079481746352286, 186037210004141989051388640614981630902 -> a ['Settings']{'href': '/profile', 'data-in': 'Settings'}, 193855894468930538864165282312256928358, http://localhost:3001/profile
193855894468930538864165282312256928358, 8142538131559096661768932965299746936 -> form ['\n', <div class="form-group", 4636846109495829244253792608617151747, http://localhost:3001/profile
100499566369056869512958079481746352286, None, 100499566369056869512958079481746352286, http://localhost:3001/wallets
100499566369056869512958079481746352286, 186037210004141989051388640614981630902 -> a ['Settings']{'href': '/profile', 'data-in': 'Settings'}, 193855894468930538864165282312256928358, http://localhost:3001/profile
193855894468930538864165282312256928358, 8142538131559096661768932965299746936 -> form ['\n', <div class="form-group", 4636846109495829244253792608617151747, http://localhost:3001/profile
4636846109495829244253792608617151747, 306743786136277697397336499691705114395 -> form ['\n', <div class="form-group", 311480475633517303281485051152389049650, http://localhost:3001/profile
100499566369056869512958079481746352286, None, 100499566369056869512958079481746352286, http://localhost:3001/wallets
100499566369056869512958079481746352286, 186037210004141989051388640614981630902 -> a ['Settings']{'href': '/profile', 'data-in': 'Settings'}, 193855894468930538864165282312256928358, http://localhost:3001/profile
193855894468930538864165282312256928358, 109900342370374619712692107935887661741 -> a [<span class="glyphicon glyphicon-trash", 104956109460716074744859037402039982850, http://localhost:3001/profile#
104956109460716074744859037402039982850, 225145757798679539849455265193339328988 -> form ['\n', <div class="form-group", 104956109460716074744859037402039982850, http://localhost:3001/profile#
104956109460716074744859037402039982850, 225145757798679539849455265193339328988 -> form ['\n', <div class="form-group", 104956109460716074744859037402039982850, http://localhost:3001/profile#
104956109460716074744859037402039982850, 145633068536459322312414860502993133376 -> a [<span data-i18n="Log Out", 104697402886576868678798032013257024063, http://localhost:3001/
77659574643383717146484374309974862090, None, 77659574643383717146484374309974862090, http://localhost:3001/
77659574643383717146484374309974862090, 75056642720997424365806452209120460192 -> a ['Sign In']{'href': '/user/signin', 'data-in': 'Sign In'}, 151486758748042171726768099244082768382, http://localhost:3001/wallets/
151486758748042171726768099244082768382, 186037210004141989051388640614981630902 -> a ['Settings']{'href': '/profile', 'data-in': 'Settings'}, 43383941227821256337121888775042033014, http://localhost:3001/wallets
237851481231847597542925205663043771621, None, 237851481231847597542925205663043771621, http://localhost:3001/wallets
237851481231847597542925205663043771621, 205911053392441145155640008213943745727 -> a [<span class="glyphicon glyphicon-ok", 237851481231847597542925205663043771621, http://localhost:3001/wallets
237851481231847597542925205663043771621, 59033961675128415164332924159931931082 -> button [<span class="glyphicon glyphicon-pencil", 237851481231847597542925205663043771621, http://localhost:3001/wallets
237851481231847597542925205663043771621, 238793388412553796489369081198711123509 -> a ['$ dimeshift']{'href': '/'}, 237851481231847597542925205663043771621, http://localhost:3001/wallets
237851481231847597542925205663043771621, 12549387572312034662595380537530510228 -> a [<span class="glyphicon glyphicon-ok", 237851481231847597542925205663043771621, http://localhost:3001/wallets
237851481231847597542925205663043771621, None, 237851481231847597542925205663043771621, http://localhost:3001/wallets
237851481231847597542925205663043771621, None, 237851481231847597542925205663043771621, http://localhost:3001/wallets
237851481231847597542925205663043771621, None, 237851481231847597542925205663043771621, http://localhost:3001/wallets
237851481231847597542925205663043771621, 320174147126102010907134653534871470777 -> button [<span class="glyphicon glyphicon-trash", 237851481231847597542925205663043771621, http://localhost:3001/wallets
237851481231847597542925205663043771621, 224761525322852148912055384139340634378 -> a [<span class="glyphicon glyphicon-trash", 237851481231847597542925205663043771621, http://localhost:3001/wallets
237851481231847597542925205663043771621, 69261900354377929876421606824271450118 -> a [<span aria-hidden="true" class="glyphicon glyphicon-globe", 237851481231847597542925205663043771621, http://localhost:3001/wallets
237851481231847597542925205663043771621, 5608938641747884300044405205556053003 -> button [<span class="glyphicon glyphicon-user", 237851481231847597542925205663043771621, http://localhost:3001/wallets
237851481231847597542925205663043771621, 24783666557245327062948328561070951608 -> a [<span data-i18n="Home", 217777183234913260615102926367784771923, http://localhost:3001/wallets
217777183234913260615102926367784771923, 275907717788203934390375418129897034499 -> a [<span class="glyphicon glyphicon-ok", 217777183234913260615102926367784771923, http://localhost:3001/wallets
217777183234913260615102926367784771923, 315993652333304908316611887600279878413 -> a ['Кошельки']{'href': '/wallets', 'data-in': 'Wallets'}, 217777183234913260615102926367784771923, http://localhost:3001/wallets
185211445977474639944444593249424025903, None, 185211445977474639944444593249424025903, http://localhost:3001/wallets
185211445977474639944444593249424025903, 230224874377809133606764629490529173424 -> a ['\n', <div class="pull-right text-success transaction_amount", 185211445977474639944444593249424025903, http://localhost:3001/wallets
185211445977474639944444593249424025903, 21824728745494118346806017482475308344 -> a ['Настройки']{'href': '/profile', 'data-in': 'Settings'}, 185211445977474639944444593249424025903, http://localhost:3001/wallets
185211445977474639944444593249424025903, 275907717788203934390375418129897034499 -> a [<span class="glyphicon glyphicon-ok", 185211445977474639944444593249424025903, http://localhost:3001/wallets
185211445977474639944444593249424025903, 175622598061817962830991640137317797091 -> a ['Написать нам']{'href': 'mailto:jeka911@gmail.com?subject=Wallet', 'data-in': 'Contact'}, 185211445977474639944444593249424025903, http://localhost:3001/wallets
185211445977474639944444593249424025903, None, 185211445977474639944444593249424025903, http://localhost:3001/wallets
185211445977474639944444593249424025903, 49893265973760036789078185879520493655 -> button [<span class="glyphicon glyphicon-pencil", 228600503145687220558099198066011873984, http://localhost:3001/wallets
228600503145687220558099198066011873984, 164770504787406092505723908950430241986 -> button ['×']{'type': 'button', 'data-dismiss': 'modal', 'aria-hidden': 'true'}, 185211445977474639944444593249424025903, http://localhost:3001/wallets
185211445977474639944444593249424025903, 49893265973760036789078185879520493655 -> button [<span class="glyphicon glyphicon-pencil", 283396388988136365778344315028286087188, http://localhost:3001/wallets
283396388988136365778344315028286087188, 186856705036810963635032285953262971572 -> form ['\n', <fieldset, 283396388988136365778344315028286087188, http://localhost:3001/wallets
283396388988136365778344315028286087188, 186856705036810963635032285953262971572 -> form ['\n', <fieldset, 283396388988136365778344315028286087188, http://localhost:3001/wallets
283396388988136365778344315028286087188, 186856705036810963635032285953262971572 -> form ['\n', <fieldset, 185211445977474639944444593249424025903, http://localhost:3001/wallets
185211445977474639944444593249424025903, 49893265973760036789078185879520493655 -> button [<span class="glyphicon glyphicon-pencil", 185211445977474639944444593249424025903, http://localhost:3001/wallets
185211445977474639944444593249424025903, 13857995100760771448540635685368536499 -> a [<span data-i18n="Home", 185211445977474639944444593249424025903, http://localhost:3001/wallets
185211445977474639944444593249424025903, None, 185211445977474639944444593249424025903, http://localhost:3001/wallets
185211445977474639944444593249424025903, None, 185211445977474639944444593249424025903, http://localhost:3001/wallets
185211445977474639944444593249424025903, 315993652333304908316611887600279878413 -> a ['Кошельки']{'href': '/wallets', 'data-in': 'Wallets'}, 185211445977474639944444593249424025903, http://localhost:3001/wallets
185211445977474639944444593249424025903, None, 185211445977474639944444593249424025903, http://localhost:3001/wallets
185211445977474639944444593249424025903, 260874942789934940868775990394842309470 -> button [<span class="glyphicon glyphicon-user", 185211445977474639944444593249424025903, http://localhost:3001/wallets
185211445977474639944444593249424025903, 320674185184124478131573443082271131115 -> a ['\n', <div class="pull-right text-success transaction_amount", 185211445977474639944444593249424025903, http://localhost:3001/wallets
185211445977474639944444593249424025903, 140457817286280627231574580337331143548 -> button [<span class="glyphicon glyphicon-trash", 185211445977474639944444593249424025903, http://localhost:3001/wallets
185211445977474639944444593249424025903, 139282148025609402467882187631824225735 -> a ['\n', <div class="pull-right text-success transaction_amount", 185211445977474639944444593249424025903, http://localhost:3001/wallets
185211445977474639944444593249424025903, 258996598213108139358093746801367382188 -> a [<span class="glyphicon glyphicon-trash", 185211445977474639944444593249424025903, http://localhost:3001/wallets
185211445977474639944444593249424025903, 213479786488486324662011383303045304045 -> a [<span data-i18n="Add", 113699915245416495952622438427515844569, http://localhost:3001/wallets
113699915245416495952622438427515844569, 164770504787406092505723908950430241986 -> button ['×']{'type': 'button', 'data-dismiss': 'modal', 'aria-hidden': 'true'}, 185211445977474639944444593249424025903, http://localhost:3001/wallets
185211445977474639944444593249424025903, 213479786488486324662011383303045304045 -> a [<span data-i18n="Add", 113699915245416495952622438427515844569, http://localhost:3001/wallets
185211445977474639944444593249424025903, None, 185211445977474639944444593249424025903, http://localhost:3001/wallets
185211445977474639944444593249424025903, 213479786488486324662011383303045304045 -> a [<span data-i18n="Add", 113699915245416495952622438427515844569, http://localhost:3001/wallets
113699915245416495952622438427515844569, 116460481590173028260667907519653903509 -> form ['\n', <fieldset, 113699915245416495952622438427515844569, http://localhost:3001/wallets
113699915245416495952622438427515844569, 116460481590173028260667907519653903509 -> form ['\n', <fieldset, 185211445977474639944444593249424025903, http://localhost:3001/wallets
185211445977474639944444593249424025903, 213479786488486324662011383303045304045 -> a [<span data-i18n="Add", 113699915245416495952622438427515844569, http://localhost:3001/wallets
113699915245416495952622438427515844569, 116460481590173028260667907519653903509 -> form ['\n', <fieldset, 113699915245416495952622438427515844569, http://localhost:3001/wallets
113699915245416495952622438427515844569, 164770504787406092505723908950430241986 -> button ['×']{'type': 'button', 'data-dismiss': 'modal', 'aria-hidden': 'true'}, 113699915245416495952622438427515844569, http://localhost:3001/wallets
113699915245416495952622438427515844569, 116460481590173028260667907519653903509 -> form ['\n', <fieldset, 113699915245416495952622438427515844569, http://localhost:3001/wallets
113699915245416495952622438427515844569, 164770504787406092505723908950430241986 -> button ['×']{'type': 'button', 'data-dismiss': 'modal', 'aria-hidden': 'true'}, 113699915245416495952622438427515844569, http://localhost:3001/wallets
331177416308337797798279654611364419895, None, 331177416308337797798279654611364419895, http://localhost:3001/wallets
331177416308337797798279654611364419895, 169993507427820395739006736320882222035 -> a ['\n', <div class="pull-right text-success transaction_amount", 331177416308337797798279654611364419895, http://localhost:3001/wallets
331177416308337797798279654611364419895, 315993652333304908316611887600279878413 -> a ['Кошельки']{'href': '/wallets', 'data-in': 'Wallets'}, 331177416308337797798279654611364419895, http://localhost:3001/wallets
331177416308337797798279654611364419895, None, 331177416308337797798279654611364419895, http://localhost:3001/wallets
331177416308337797798279654611364419895, 260874942789934940868775990394842309470 -> button [<span class="glyphicon glyphicon-user", 331177416308337797798279654611364419895, http://localhost:3001/wallets
331177416308337797798279654611364419895, 21824728745494118346806017482475308344 -> a ['Настройки']{'href': '/profile', 'data-in': 'Settings'}, 331177416308337797798279654611364419895, http://localhost:3001/wallets
331177416308337797798279654611364419895, 49893265973760036789078185879520493655 -> button [<span class="glyphicon glyphicon-pencil", 217700137770068351168549061528008127504, http://localhost:3001/wallets
217700137770068351168549061528008127504, 188165170393003845891563999298931862647 -> form ['\n', <fieldset, 217700137770068351168549061528008127504, http://localhost:3001/wallets
217700137770068351168549061528008127504, 188165170393003845891563999298931862647 -> form ['\n', <fieldset, 331177416308337797798279654611364419895, http://localhost:3001/wallets
331177416308337797798279654611364419895, 49893265973760036789078185879520493655 -> button [<span class="glyphicon glyphicon-pencil", 331177416308337797798279654611364419895, http://localhost:3001/wallets
331177416308337797798279654611364419895, 258996598213108139358093746801367382188 -> a [<span class="glyphicon glyphicon-trash", 331177416308337797798279654611364419895, http://localhost:3001/wallets
331177416308337797798279654611364419895, 241287176716538449906055495045408900643 -> a [<span class="glyphicon glyphicon-user", 331177416308337797798279654611364419895, http://localhost:3001/wallets
331177416308337797798279654611364419895, None, 331177416308337797798279654611364419895, http://localhost:3001/wallets
331177416308337797798279654611364419895, 30906913677491510962581766254140068231 -> a ['Выйти']{'href': '/user/logout', 'data-in': 'Log Out'}, 295392063217451202734322903333603391175, http://localhost:3001/
295392063217451202734322903333603391175, 280553687692852780123066102917098299601 -> a []{'href': 'http://localhost:3001/images/homepage/screenshots/wallets.jpg', 'id': 'image-link-wallets', 'style': "background-image: url('http://localhost:/images/homepage/screenshots/wallets.jpg');"}, 295392063217451202734322903333603391175, http://localhost:3001/
295392063217451202734322903333603391175, 289616954940970019044592478557619202053 -> a ['Зарегистрироваться']{'href': '/user/registration', 'data-in': 'Register'}, 295392063217451202734322903333603391175, http://localhost:3001/
77659574643383717146484374309974862090, None, 77659574643383717146484374309974862090, http://localhost:3001/
77659574643383717146484374309974862090, 238793388412553796489369081198711123509 -> a ['$ dimeshift']{'href': '/'}, 151486758748042171726768099244082768382, http://localhost:3001/wallets/
151486758748042171726768099244082768382, 315993652333304908316611887600279878413 -> a ['Кошельки']{'href': '/wallets', 'data-in': 'Wallets'}, 91898584536865802524804233596951008318, http://localhost:3001/wallets
91898584536865802524804233596951008318, 275907717788203934390375418129897034499 -> a [<span class="glyphicon glyphicon-ok", 91898584536865802524804233596951008318, http://localhost:3001/wallets
91898584536865802524804233596951008318, 134073009530815014980291977605128349685 -> a [<span class="glyphicon glyphicon-ok", 91898584536865802524804233596951008318, http://localhost:3001/wallets
91898584536865802524804233596951008318, 289724914631465006120433547142160301660 -> button ['« Prev']{'data-role': 'prev'}, 91898584536865802524804233596951008318, http://localhost:3001/wallets
91898584536865802524804233596951008318, 49893265973760036789078185879520493655 -> button [<span class="glyphicon glyphicon-pencil", 91898584536865802524804233596951008318, http://localhost:3001/wallets
91898584536865802524804233596951008318, 274063905558018016253067834229148014780 -> a ['\n', <div class="pull-right text-success transaction_amount", 238075584706635536006884874483744726865, http://localhost:3001/wallets
238075584706635536006884874483744726865, 222230946711345745280265913845211962539 -> form ['\n', <fieldset, 238075584706635536006884874483744726865, http://localhost:3001/wallets
40594498371341098005651806796953635327, None, 40594498371341098005651806796953635327, http://localhost:3001/wallets
40594498371341098005651806796953635327, 21824728745494118346806017482475308344 -> a ['Настройки']{'href': '/profile', 'data-in': 'Settings'}, 192262124869340720825154932346396664466, http://localhost:3001/profile
192262124869340720825154932346396664466, 241946753172422428861330322312500872962 -> form ['\n', <div class="form-group", 93704693823494080696900106087357847830, http://localhost:3001/profile
40594498371341098005651806796953635327, None, 40594498371341098005651806796953635327, http://localhost:3001/wallets
40594498371341098005651806796953635327, 21824728745494118346806017482475308344 -> a ['Настройки']{'href': '/profile', 'data-in': 'Settings'}, 192262124869340720825154932346396664466, http://localhost:3001/profile
192262124869340720825154932346396664466, 241946753172422428861330322312500872962 -> form ['\n', <div class="form-group", 126668055598756845949424323547943678442, http://localhost:3001/profile
126668055598756845949424323547943678442, 25711978868377791904664367027172950439 -> form ['\n', <div class="form-group", 39632047599381034562918369264496521966, http://localhost:3001/profile
39632047599381034562918369264496521966, 128799590296948751079635964119556688653 -> form ['\n', <div class="form-group", 39632047599381034562918369264496521966, http://localhost:3001/profile
40594498371341098005651806796953635327, None, 40594498371341098005651806796953635327, http://localhost:3001/wallets
40594498371341098005651806796953635327, 21824728745494118346806017482475308344 -> a ['Настройки']{'href': '/profile', 'data-in': 'Settings'}, 192262124869340720825154932346396664466, http://localhost:3001/profile
192262124869340720825154932346396664466, 180217012861920527268826864699353676198 -> a [<span class="glyphicon glyphicon-trash", 291645954658718005567021105374032836352, http://localhost:3001/profile#
291645954658718005567021105374032836352, 256577445655001965893331533384317731668 -> form ['\n', <div class="form-group", 291645954658718005567021105374032836352, http://localhost:3001/profile#
291645954658718005567021105374032836352, 256577445655001965893331533384317731668 -> form ['\n', <div class="form-group", 291645954658718005567021105374032836352, http://localhost:3001/profile#
291645954658718005567021105374032836352, 246645979443056923504358182049644261062 -> a [<span data-i18n="Log Out", 166790942023300614984378369137212727608, http://localhost:3001/
166790942023300614984378369137212727608, 289616954940970019044592478557619202053 -> a ['Зарегистрироваться']{'href': '/user/registration', 'data-in': 'Register'}, 166790942023300614984378369137212727608, http://localhost:3001/
166790942023300614984378369137212727608, 272701501151848433955272174166403287021 -> a ['Войти']{'href': '/user/signin', 'data-in': 'Sign In'}, 166790942023300614984378369137212727608, http://localhost:3001/
166790942023300614984378369137212727608, 24045720963061510147388474628965236342 -> a []{'href': 'http://localhost:3001/images/homepage/screenshots/goal.jpg', 'id': 'image-link-agpl', 'style': "background-image: url('http://localhost:/images/homepage/screenshots/goal.jpg');"}, 166790942023300614984378369137212727608, http://localhost:3001/
77659574643383717146484374309974862090, None, 77659574643383717146484374309974862090, http://localhost:3001/
77659574643383717146484374309974862090, 238793388412553796489369081198711123509 -> a ['$ dimeshift']{'href': '/'}, 151486758748042171726768099244082768382, http://localhost:3001/wallets/
151486758748042171726768099244082768382, 315993652333304908316611887600279878413 -> a ['Кошельки']{'href': '/wallets', 'data-in': 'Wallets'}, 218718803598429884413093094640098569832, http://localhost:3001/wallets
218718803598429884413093094640098569832, 116820720712636222781772892895072984716 -> a ['\n', <div class="pull-right text-success transaction_amount", 218718803598429884413093094640098569832, http://localhost:3001/wallets
218718803598429884413093094640098569832, 325707110553106591351441177383799461659 -> a ['\n', <div class="pull-right text-success transaction_amount", 218718803598429884413093094640098569832, http://localhost:3001/wallets
218718803598429884413093094640098569832, 241287176716538449906055495045408900643 -> a [<span class="glyphicon glyphicon-user", 218718803598429884413093094640098569832, http://localhost:3001/wallets
218718803598429884413093094640098569832, 260874942789934940868775990394842309470 -> button [<span class="glyphicon glyphicon-user", 218718803598429884413093094640098569832, http://localhost:3001/wallets
218718803598429884413093094640098569832, 49893265973760036789078185879520493655 -> button [<span class="glyphicon glyphicon-pencil", 218718803598429884413093094640098569832, http://localhost:3001/wallets
218718803598429884413093094640098569832, 13857995100760771448540635685368536499 -> a [<span data-i18n="Home", 218718803598429884413093094640098569832, http://localhost:3001/wallets
174237307576119213838793988616024076858, None, 174237307576119213838793988616024076858, http://localhost:3001/wallets
174237307576119213838793988616024076858, None, 174237307576119213838793988616024076858, http://localhost:3001/wallets
174237307576119213838793988616024076858, 116820720712636222781772892895072984716 -> a ['\n', <div class="pull-right text-success transaction_amount", 174237307576119213838793988616024076858, http://localhost:3001/wallets
174237307576119213838793988616024076858, 315993652333304908316611887600279878413 -> a ['Кошельки']{'href': '/wallets', 'data-in': 'Wallets'}, 174237307576119213838793988616024076858, http://localhost:3001/wallets
174237307576119213838793988616024076858, None, 174237307576119213838793988616024076858, http://localhost:3001/wallets
174237307576119213838793988616024076858, None, 174237307576119213838793988616024076858, http://localhost:3001/wallets
174237307576119213838793988616024076858, 175622598061817962830991640137317797091 -> a ['Написать нам']{'href': 'mailto:jeka911@gmail.com?subject=Wallet', 'data-in': 'Contact'}, 174237307576119213838793988616024076858, http://localhost:3001/wallets
174237307576119213838793988616024076858, None, 174237307576119213838793988616024076858, http://localhost:3001/wallets
174237307576119213838793988616024076858, None, 174237307576119213838793988616024076858, http://localhost:3001/wallets
174237307576119213838793988616024076858, 49893265973760036789078185879520493655 -> button [<span class="glyphicon glyphicon-pencil", 228600503145687220558099198066011873984, http://localhost:3001/wallets
228600503145687220558099198066011873984, 222230946711345745280265913845211962539 -> form ['\n', <fieldset, 228600503145687220558099198066011873984, http://localhost:3001/wallets
228600503145687220558099198066011873984, 222230946711345745280265913845211962539 -> form ['\n', <fieldset, 228600503145687220558099198066011873984, http://localhost:3001/wallets
228600503145687220558099198066011873984, 222230946711345745280265913845211962539 -> form ['\n', <fieldset, 174237307576119213838793988616024076858, http://localhost:3001/wallets
174237307576119213838793988616024076858, 49893265973760036789078185879520493655 -> button [<span class="glyphicon glyphicon-pencil", 174237307576119213838793988616024076858, http://localhost:3001/wallets
174237307576119213838793988616024076858, 30906913677491510962581766254140068231 -> a ['Выйти']{'href': '/user/logout', 'data-in': 'Log Out'}, 295392063217451202734322903333603391175, http://localhost:3001/
295392063217451202734322903333603391175, 272701501151848433955272174166403287021 -> a ['Войти']{'href': '/user/signin', 'data-in': 'Sign In'}, 295392063217451202734322903333603391175, http://localhost:3001/
295392063217451202734322903333603391175, 136504310823099385748378508891970664617 -> a []{'href': 'http://localhost:3001/images/homepage/screenshots/i18n.jpg', 'id': 'image-link-', 'style': "background-image: url('http://localhost:/images/homepage/screenshots/in.jpg');"}, 295392063217451202734322903333603391175, http://localhost:3001/
77659574643383717146484374309974862090, None, 77659574643383717146484374309974862090, http://localhost:3001/
77659574643383717146484374309974862090, 238793388412553796489369081198711123509 -> a ['$ dimeshift']{'href': '/'}, 151486758748042171726768099244082768382, http://localhost:3001/wallets/
151486758748042171726768099244082768382, 315993652333304908316611887600279878413 -> a ['Кошельки']{'href': '/wallets', 'data-in': 'Wallets'}, 208086210249871326515513830475111436982, http://localhost:3001/wallets
208086210249871326515513830475111436982, 140457817286280627231574580337331143548 -> button [<span class="glyphicon glyphicon-trash", 208086210249871326515513830475111436982, http://localhost:3001/wallets
208086210249871326515513830475111436982, 131320400476603923656584665960788268772 -> a ['\n', <div class="pull-right text-success transaction_amount", 208086210249871326515513830475111436982, http://localhost:3001/wallets
208086210249871326515513830475111436982, 260874942789934940868775990394842309470 -> button [<span class="glyphicon glyphicon-user", 208086210249871326515513830475111436982, http://localhost:3001/wallets
208086210249871326515513830475111436982, 49893265973760036789078185879520493655 -> button [<span class="glyphicon glyphicon-pencil", 208086210249871326515513830475111436982, http://localhost:3001/wallets
208086210249871326515513830475111436982, 339077655104823550109400832933948598509 -> button ['End tour']{'data-role': 'end'}, 109766697594128396032171527556855285359, http://localhost:3001/wallets
109766697594128396032171527556855285359, 164770504787406092505723908950430241986 -> button ['×']{'type': 'button', 'data-dismiss': 'modal', 'aria-hidden': 'true'}, 109766697594128396032171527556855285359, http://localhost:3001/wallets
50746317630453570072386069423608101940, None, 50746317630453570072386069423608101940, http://localhost:3001/wallets
50746317630453570072386069423608101940, None, 50746317630453570072386069423608101940, http://localhost:3001/wallets
50746317630453570072386069423608101940, 30607391202182107184754112283114185043 -> a ['\n', <div class="pull-right text-success transaction_amount", 50746317630453570072386069423608101940, http://localhost:3001/wallets
50746317630453570072386069423608101940, 4158219995083779296464523326057845776 -> a ['Цели']{'href': '/plans', 'data-in': 'Goals'}, 50746317630453570072386069423608101940, http://localhost:3001/wallets
50746317630453570072386069423608101940, None, 50746317630453570072386069423608101940, http://localhost:3001/wallets
50746317630453570072386069423608101940, 69261900354377929876421606824271450118 -> a [<span aria-hidden="true" class="glyphicon glyphicon-globe", 50746317630453570072386069423608101940, http://localhost:3001/wallets
50746317630453570072386069423608101940, 30906913677491510962581766254140068231 -> a ['Выйти']{'href': '/user/logout', 'data-in': 'Log Out'}, 50746317630453570072386069423608101940, http://localhost:3001/wallets
50746317630453570072386069423608101940, 140457817286280627231574580337331143548 -> button [<span class="glyphicon glyphicon-trash", 50746317630453570072386069423608101940, http://localhost:3001/wallets
50746317630453570072386069423608101940, 315993652333304908316611887600279878413 -> a ['Кошельки']{'href': '/wallets', 'data-in': 'Wallets'}, 50746317630453570072386069423608101940, http://localhost:3001/wallets
50746317630453570072386069423608101940, None, 50746317630453570072386069423608101940, http://localhost:3001/wallets
50746317630453570072386069423608101940, 131320400476603923656584665960788268772 -> a ['\n', <div class="pull-right text-success transaction_amount", 50746317630453570072386069423608101940, http://localhost:3001/wallets
50746317630453570072386069423608101940, 21824728745494118346806017482475308344 -> a ['Настройки']{'href': '/profile', 'data-in': 'Settings'}, 50746317630453570072386069423608101940, http://localhost:3001/wallets
50746317630453570072386069423608101940, None, 50746317630453570072386069423608101940, http://localhost:3001/wallets
50746317630453570072386069423608101940, 275907717788203934390375418129897034499 -> a [<span class="glyphicon glyphicon-ok", 50746317630453570072386069423608101940, http://localhost:3001/wallets
50746317630453570072386069423608101940, None, 50746317630453570072386069423608101940, http://localhost:3001/wallets
50746317630453570072386069423608101940, 134073009530815014980291977605128349685 -> a [<span class="glyphicon glyphicon-ok", 50746317630453570072386069423608101940, http://localhost:3001/wallets
50746317630453570072386069423608101940, 260874942789934940868775990394842309470 -> button [<span class="glyphicon glyphicon-user", 50746317630453570072386069423608101940, http://localhost:3001/wallets
50746317630453570072386069423608101940, 49893265973760036789078185879520493655 -> button [<span class="glyphicon glyphicon-pencil", 50746317630453570072386069423608101940, http://localhost:3001/wallets
50746317630453570072386069423608101940, 175622598061817962830991640137317797091 -> a ['Написать нам']{'href': 'mailto:jeka911@gmail.com?subject=Wallet', 'data-in': 'Contact'}, 50746317630453570072386069423608101940, http://localhost:3001/wallets
50746317630453570072386069423608101940, 213479786488486324662011383303045304045 -> a [<span data-i18n="Add", 113699915245416495952622438427515844569, http://localhost:3001/wallets
113699915245416495952622438427515844569, 116460481590173028260667907519653903509 -> form ['\n', <fieldset, 50746317630453570072386069423608101940, http://localhost:3001/wallets
45436221251305520106015837373342659207, None, 45436221251305520106015837373342659207, http://localhost:3001/wallets
45436221251305520106015837373342659207, 140457817286280627231574580337331143548 -> button [<span class="glyphicon glyphicon-trash", 45436221251305520106015837373342659207, http://localhost:3001/wallets
45436221251305520106015837373342659207, 72866117111720632136805165808169623358 -> a ['API']{'href': 'http://docs.dimeshift.apiary.io/'}, 45436221251305520106015837373342659207, http://localhost:3001/wallets
45436221251305520106015837373342659207, 275907717788203934390375418129897034499 -> a [<span class="glyphicon glyphicon-ok", 45436221251305520106015837373342659207, http://localhost:3001/wallets
45436221251305520106015837373342659207, None, 45436221251305520106015837373342659207, http://localhost:3001/wallets
45436221251305520106015837373342659207, 49893265973760036789078185879520493655 -> button [<span class="glyphicon glyphicon-pencil", 312868658195000340662541884711345199409, http://localhost:3001/wallets
312868658195000340662541884711345199409, 164770504787406092505723908950430241986 -> button ['×']{'type': 'button', 'data-dismiss': 'modal', 'aria-hidden': 'true'}, 45436221251305520106015837373342659207, http://localhost:3001/wallets
45436221251305520106015837373342659207, 49893265973760036789078185879520493655 -> button [<span class="glyphicon glyphicon-pencil", 312868658195000340662541884711345199409, http://localhost:3001/wallets
312868658195000340662541884711345199409, 222230946711345745280265913845211962539 -> form ['\n', <fieldset, 312868658195000340662541884711345199409, http://localhost:3001/wallets
312868658195000340662541884711345199409, 222230946711345745280265913845211962539 -> form ['\n', <fieldset, 312868658195000340662541884711345199409, http://localhost:3001/wallets
312868658195000340662541884711345199409, 164770504787406092505723908950430241986 -> button ['×']{'type': 'button', 'data-dismiss': 'modal', 'aria-hidden': 'true'}, 312868658195000340662541884711345199409, http://localhost:3001/wallets
312868658195000340662541884711345199409, 222230946711345745280265913845211962539 -> form ['\n', <fieldset, 312868658195000340662541884711345199409, http://localhost:3001/wallets
312868658195000340662541884711345199409, 222230946711345745280265913845211962539 -> form ['\n', <fieldset, 312868658195000340662541884711345199409, http://localhost:3001/wallets
45436221251305520106015837373342659207, None, 45436221251305520106015837373342659207, http://localhost:3001/wallets
45436221251305520106015837373342659207, 49893265973760036789078185879520493655 -> button [<span class="glyphicon glyphicon-pencil", 312868658195000340662541884711345199409, http://localhost:3001/wallets
312868658195000340662541884711345199409, 222230946711345745280265913845211962539 -> form ['\n', <fieldset, 45436221251305520106015837373342659207, http://localhost:3001/wallets
45436221251305520106015837373342659207, 285318492524713243197876747385089329790 -> a [<span class="glyphicon glyphicon-share-alt", 45436221251305520106015837373342659207, http://localhost:3001/wallets
45436221251305520106015837373342659207, 258996598213108139358093746801367382188 -> a [<span class="glyphicon glyphicon-trash", 45436221251305520106015837373342659207, http://localhost:3001/wallets
45436221251305520106015837373342659207, 260874942789934940868775990394842309470 -> button [<span class="glyphicon glyphicon-user", 45436221251305520106015837373342659207, http://localhost:3001/wallets
45436221251305520106015837373342659207, 164443383607402052577369590979005829781 -> a ['\n', <div class="pull-right text-success transaction_amount", 45436221251305520106015837373342659207, http://localhost:3001/wallets
45436221251305520106015837373342659207, 21824728745494118346806017482475308344 -> a ['Настройки']{'href': '/profile', 'data-in': 'Settings'}, 192262124869340720825154932346396664466, http://localhost:3001/profile
192262124869340720825154932346396664466, 180217012861920527268826864699353676198 -> a [<span class="glyphicon glyphicon-trash", 291645954658718005567021105374032836352, http://localhost:3001/profile#
45436221251305520106015837373342659207, None, 45436221251305520106015837373342659207, http://localhost:3001/wallets
45436221251305520106015837373342659207, 21824728745494118346806017482475308344 -> a ['Настройки']{'href': '/profile', 'data-in': 'Settings'}, 192262124869340720825154932346396664466, http://localhost:3001/profile
192262124869340720825154932346396664466, 180217012861920527268826864699353676198 -> a [<span class="glyphicon glyphicon-trash", 291645954658718005567021105374032836352, http://localhost:3001/profile#
291645954658718005567021105374032836352, 246645979443056923504358182049644261062 -> a [<span data-i18n="Log Out", 166790942023300614984378369137212727608, http://localhost:3001/
166790942023300614984378369137212727608, 287439962806392087827856506575270396085 -> a []{'href': 'http://localhost:3001/images/homepage/screenshots/transactions.jpg', 'id': 'image-link-', 'style': "background-image: url('http://localhost:/images/homepage/screenshots/transactions.jpg');"}, 166790942023300614984378369137212727608, http://localhost:3001/
166790942023300614984378369137212727608, 240486852943402416586504389427876017668 -> a ['Главная']{'href': '/', 'data-in': 'Home'}, 166790942023300614984378369137212727608, http://localhost:3001/
166790942023300614984378369137212727608, 136504310823099385748378508891970664617 -> a []{'href': 'http://localhost:3001/images/homepage/screenshots/i18n.jpg', 'id': 'image-link-', 'style': "background-image: url('http://localhost:/images/homepage/screenshots/in.jpg');"}, 166790942023300614984378369137212727608, http://localhost:3001/
166790942023300614984378369137212727608, 40967439154621552822409111263863455804 -> input []{'type': 'submit', 'id': 'demo_signup', 'data-invalue': 'here', 'value': 'сюда'}, 166790942023300614984378369137212727608, http://localhost:3001/
166790942023300614984378369137212727608, 280553687692852780123066102917098299601 -> a []{'href': 'http://localhost:3001/images/homepage/screenshots/wallets.jpg', 'id': 'image-link-wallets', 'style': "background-image: url('http://localhost:/images/homepage/screenshots/wallets.jpg');"}, 83257520944209944506883087426648523801, http://localhost:3001/
77659574643383717146484374309974862090, None, 77659574643383717146484374309974862090, http://localhost:3001/
77659574643383717146484374309974862090, 238793388412553796489369081198711123509 -> a ['$ dimeshift']{'href': '/'}, 151486758748042171726768099244082768382, http://localhost:3001/wallets/
151486758748042171726768099244082768382, 315993652333304908316611887600279878413 -> a ['Кошельки']{'href': '/wallets', 'data-in': 'Wallets'}, 30746469916997929775459816900080105577, http://localhost:3001/wallets
339449571091398996639785384687346921205, None, 339449571091398996639785384687346921205, http://localhost:3001/wallets
339449571091398996639785384687346921205, None, 339449571091398996639785384687346921205, http://localhost:3001/wallets
339449571091398996639785384687346921205, 21824728745494118346806017482475308344 -> a ['Настройки']{'href': '/profile', 'data-in': 'Settings'}, 192262124869340720825154932346396664466, http://localhost:3001/profile
192262124869340720825154932346396664466, 180217012861920527268826864699353676198 -> a [<span class="glyphicon glyphicon-trash", 291645954658718005567021105374032836352, http://localhost:3001/profile#
291645954658718005567021105374032836352, 246645979443056923504358182049644261062 -> a [<span data-i18n="Log Out", 166790942023300614984378369137212727608, http://localhost:3001/
166790942023300614984378369137212727608, 280553687692852780123066102917098299601 -> a []{'href': 'http://localhost:3001/images/homepage/screenshots/wallets.jpg', 'id': 'image-link-wallets', 'style': "background-image: url('http://localhost:/images/homepage/screenshots/wallets.jpg');"}, 166790942023300614984378369137212727608, http://localhost:3001/
166790942023300614984378369137212727608, 280553687692852780123066102917098299601 -> a []{'href': 'http://localhost:3001/images/homepage/screenshots/wallets.jpg', 'id': 'image-link-wallets', 'style': "background-image: url('http://localhost:/images/homepage/screenshots/wallets.jpg');"}, 166790942023300614984378369137212727608, http://localhost:3001/
166790942023300614984378369137212727608, 136504310823099385748378508891970664617 -> a []{'href': 'http://localhost:3001/images/homepage/screenshots/i18n.jpg', 'id': 'image-link-', 'style': "background-image: url('http://localhost:/images/homepage/screenshots/in.jpg');"}, 166790942023300614984378369137212727608, http://localhost:3001/
166790942023300614984378369137212727608, 280553687692852780123066102917098299601 -> a []{'href': 'http://localhost:3001/images/homepage/screenshots/wallets.jpg', 'id': 'image-link-wallets', 'style': "background-image: url('http://localhost:/images/homepage/screenshots/wallets.jpg');"}, 166790942023300614984378369137212727608, http://localhost:3001/
166790942023300614984378369137212727608, 136504310823099385748378508891970664617 -> a []{'href': 'http://localhost:3001/images/homepage/screenshots/i18n.jpg', 'id': 'image-link-', 'style': "background-image: url('http://localhost:/images/homepage/screenshots/in.jpg');"}, 166790942023300614984378369137212727608, http://localhost:3001/
77659574643383717146484374309974862090, None, 77659574643383717146484374309974862090, http://localhost:3001/
77659574643383717146484374309974862090, 238793388412553796489369081198711123509 -> a ['$ dimeshift']{'href': '/'}, 151486758748042171726768099244082768382, http://localhost:3001/wallets/
151486758748042171726768099244082768382, 315993652333304908316611887600279878413 -> a ['Кошельки']{'href': '/wallets', 'data-in': 'Wallets'}, 54005478779949341657779141630866868499, http://localhost:3001/wallets
199842815382128008489348824073794065494, None, 199842815382128008489348824073794065494, http://localhost:3001/wallets
199842815382128008489348824073794065494, 134073009530815014980291977605128349685 -> a [<span class="glyphicon glyphicon-ok", 199842815382128008489348824073794065494, http://localhost:3001/wallets
199842815382128008489348824073794065494, 260874942789934940868775990394842309470 -> button [<span class="glyphicon glyphicon-user", 199842815382128008489348824073794065494, http://localhost:3001/wallets
199842815382128008489348824073794065494, 72866117111720632136805165808169623358 -> a ['API']{'href': 'http://docs.dimeshift.apiary.io/'}, 199842815382128008489348824073794065494, http://localhost:3001/wallets
199842815382128008489348824073794065494, 315993652333304908316611887600279878413 -> a ['Кошельки']{'href': '/wallets', 'data-in': 'Wallets'}, 199842815382128008489348824073794065494, http://localhost:3001/wallets
199842815382128008489348824073794065494, 49893265973760036789078185879520493655 -> button [<span class="glyphicon glyphicon-pencil", 283396388988136365778344315028286087188, http://localhost:3001/wallets
283396388988136365778344315028286087188, 164770504787406092505723908950430241986 -> button ['×']{'type': 'button', 'data-dismiss': 'modal', 'aria-hidden': 'true'}, 199842815382128008489348824073794065494, http://localhost:3001/wallets
199842815382128008489348824073794065494, 49893265973760036789078185879520493655 -> button [<span class="glyphicon glyphicon-pencil", 228600503145687220558099198066011873984, http://localhost:3001/wallets
228600503145687220558099198066011873984, 222230946711345745280265913845211962539 -> form ['\n', <fieldset, 199842815382128008489348824073794065494, http://localhost:3001/wallets
199842815382128008489348824073794065494, None, 199842815382128008489348824073794065494, http://localhost:3001/wallets
199842815382128008489348824073794065494, 140457817286280627231574580337331143548 -> button [<span class="glyphicon glyphicon-trash", 199842815382128008489348824073794065494, http://localhost:3001/wallets
199842815382128008489348824073794065494, 21824728745494118346806017482475308344 -> a ['Настройки']{'href': '/profile', 'data-in': 'Settings'}, 199842815382128008489348824073794065494, http://localhost:3001/wallets
199842815382128008489348824073794065494, 213479786488486324662011383303045304045 -> a [<span data-i18n="Add", 113699915245416495952622438427515844569, http://localhost:3001/wallets
113699915245416495952622438427515844569, 116460481590173028260667907519653903509 -> form ['\n', <fieldset, 199842815382128008489348824073794065494, http://localhost:3001/wallets
199842815382128008489348824073794065494, 175622598061817962830991640137317797091 -> a ['Написать нам']{'href': 'mailto:jeka911@gmail.com?subject=Wallet', 'data-in': 'Contact'}, 199842815382128008489348824073794065494, http://localhost:3001/wallets
199842815382128008489348824073794065494, 30906913677491510962581766254140068231 -> a ['Выйти']{'href': '/user/logout', 'data-in': 'Log Out'}, 295392063217451202734322903333603391175, http://localhost:3001/
295392063217451202734322903333603391175, 287439962806392087827856506575270396085 -> a []{'href': 'http://localhost:3001/images/homepage/screenshots/transactions.jpg', 'id': 'image-link-', 'style': "background-image: url('http://localhost:/images/homepage/screenshots/transactions.jpg');"}, 295392063217451202734322903333603391175, http://localhost:3001/
295392063217451202734322903333603391175, 24045720963061510147388474628965236342 -> a []{'href': 'http://localhost:3001/images/homepage/screenshots/goal.jpg', 'id': 'image-link-agpl', 'style': "background-image: url('http://localhost:/images/homepage/screenshots/goal.jpg');"}, 295392063217451202734322903333603391175, http://localhost:3001/
311862039182977236735401170552686703919, None, 311862039182977236735401170552686703919, http://localhost:3001/
311862039182977236735401170552686703919, 69261900354377929876421606824271450118 -> a [<span aria-hidden="true" class="glyphicon glyphicon-globe", 311862039182977236735401170552686703919, http://localhost:3001/
311862039182977236735401170552686703919, 280553687692852780123066102917098299601 -> a []{'href': 'http://localhost:3001/images/homepage/screenshots/wallets.jpg', 'id': 'image-link-wallets', 'style': "background-image: url('http://localhost:/images/homepage/screenshots/wallets.jpg');"}, 311862039182977236735401170552686703919, http://localhost:3001/
311862039182977236735401170552686703919, 24045720963061510147388474628965236342 -> a []{'href': 'http://localhost:3001/images/homepage/screenshots/goal.jpg', 'id': 'image-link-agpl', 'style': "background-image: url('http://localhost:/images/homepage/screenshots/goal.jpg');"}, 311862039182977236735401170552686703919, http://localhost:3001/
311862039182977236735401170552686703919, 287439962806392087827856506575270396085 -> a []{'href': 'http://localhost:3001/images/homepage/screenshots/transactions.jpg', 'id': 'image-link-', 'style': "background-image: url('http://localhost:/images/homepage/screenshots/transactions.jpg');"}, 311862039182977236735401170552686703919, http://localhost:3001/
311862039182977236735401170552686703919, 289616954940970019044592478557619202053 -> a ['Зарегистрироваться']{'href': '/user/registration', 'data-in': 'Register'}, 311862039182977236735401170552686703919, http://localhost:3001/
311862039182977236735401170552686703919, 240486852943402416586504389427876017668 -> a ['Главная']{'href': '/', 'data-in': 'Home'}, 311862039182977236735401170552686703919, http://localhost:3001/
311862039182977236735401170552686703919, 272701501151848433955272174166403287021 -> a ['Войти']{'href': '/user/signin', 'data-in': 'Sign In'}, 311862039182977236735401170552686703919, http://localhost:3001/
311862039182977236735401170552686703919, 72866117111720632136805165808169623358 -> a ['API']{'href': 'http://docs.dimeshift.apiary.io/'}, 311862039182977236735401170552686703919, http://localhost:3001/
77659574643383717146484374309974862090, None, 77659574643383717146484374309974862090, http://localhost:3001/
77659574643383717146484374309974862090, 238793388412553796489369081198711123509 -> a ['$ dimeshift']{'href': '/'}, 151486758748042171726768099244082768382, http://localhost:3001/wallets/
151486758748042171726768099244082768382, 315993652333304908316611887600279878413 -> a ['Кошельки']{'href': '/wallets', 'data-in': 'Wallets'}, 85521308479743445007617586045883404482, http://localhost:3001/wallets
85521308479743445007617586045883404482, 260874942789934940868775990394842309470 -> button [<span class="glyphicon glyphicon-user", 85521308479743445007617586045883404482, http://localhost:3001/wallets
85521308479743445007617586045883404482, 33985875238730316284289407771533069968 -> a ['\n', <div class="pull-right text-success transaction_amount", 85521308479743445007617586045883404482, http://localhost:3001/wallets
85521308479743445007617586045883404482, 289724914631465006120433547142160301660 -> button ['« Prev']{'data-role': 'prev'}, 85521308479743445007617586045883404482, http://localhost:3001/wallets
85521308479743445007617586045883404482, 140457817286280627231574580337331143548 -> button [<span class="glyphicon glyphicon-trash", 85521308479743445007617586045883404482, http://localhost:3001/wallets
85521308479743445007617586045883404482, 49893265973760036789078185879520493655 -> button [<span class="glyphicon glyphicon-pencil", 85521308479743445007617586045883404482, http://localhost:3001/wallets
85521308479743445007617586045883404482, 241287176716538449906055495045408900643 -> a [<span class="glyphicon glyphicon-user", 85521308479743445007617586045883404482, http://localhost:3001/wallets
106414756438591941589139191281258008943, None, 106414756438591941589139191281258008943, http://localhost:3001/wallets
106414756438591941589139191281258008943, 49893265973760036789078185879520493655 -> button [<span class="glyphicon glyphicon-pencil", 228600503145687220558099198066011873984, http://localhost:3001/wallets
228600503145687220558099198066011873984, 222230946711345745280265913845211962539 -> form ['\n', <fieldset, 106414756438591941589139191281258008943, http://localhost:3001/wallets
106414756438591941589139191281258008943, 140457817286280627231574580337331143548 -> button [<span class="glyphicon glyphicon-trash", 106414756438591941589139191281258008943, http://localhost:3001/wallets
106414756438591941589139191281258008943, 315993652333304908316611887600279878413 -> a ['Кошельки']{'href': '/wallets', 'data-in': 'Wallets'}, 106414756438591941589139191281258008943, http://localhost:3001/wallets
106414756438591941589139191281258008943, 258996598213108139358093746801367382188 -> a [<span class="glyphicon glyphicon-trash", 106414756438591941589139191281258008943, http://localhost:3001/wallets
106414756438591941589139191281258008943, 175622598061817962830991640137317797091 -> a ['Написать нам']{'href': 'mailto:jeka911@gmail.com?subject=Wallet', 'data-in': 'Contact'}, 106414756438591941589139191281258008943, http://localhost:3001/wallets
106414756438591941589139191281258008943, None, 106414756438591941589139191281258008943, http://localhost:3001/wallets
106414756438591941589139191281258008943, 33985875238730316284289407771533069968 -> a ['\n', <div class="pull-right text-success transaction_amount", 106414756438591941589139191281258008943, http://localhost:3001/wallets
106414756438591941589139191281258008943, 134073009530815014980291977605128349685 -> a [<span class="glyphicon glyphicon-ok", 106414756438591941589139191281258008943, http://localhost:3001/wallets
106414756438591941589139191281258008943, 275907717788203934390375418129897034499 -> a [<span class="glyphicon glyphicon-ok", 106414756438591941589139191281258008943, http://localhost:3001/wallets
106414756438591941589139191281258008943, 21824728745494118346806017482475308344 -> a ['Настройки']{'href': '/profile', 'data-in': 'Settings'}, 192262124869340720825154932346396664466, http://localhost:3001/profile
192262124869340720825154932346396664466, 180217012861920527268826864699353676198 -> a [<span class="glyphicon glyphicon-trash", 291645954658718005567021105374032836352, http://localhost:3001/profile#
291645954658718005567021105374032836352, 246645979443056923504358182049644261062 -> a [<span data-i18n="Log Out", 166790942023300614984378369137212727608, http://localhost:3001/
77659574643383717146484374309974862090, None, 77659574643383717146484374309974862090, http://localhost:3001/
77659574643383717146484374309974862090, 238793388412553796489369081198711123509 -> a ['$ dimeshift']{'href': '/'}, 151486758748042171726768099244082768382, http://localhost:3001/wallets/
151486758748042171726768099244082768382, 315993652333304908316611887600279878413 -> a ['Кошельки']{'href': '/wallets', 'data-in': 'Wallets'}, 64796633569608336653032860792139101609, http://localhost:3001/wallets
223118726222042334388737452905819777222, None, 223118726222042334388737452905819777222, http://localhost:3001/wallets
223118726222042334388737452905819777222, 260874942789934940868775990394842309470 -> button [<span class="glyphicon glyphicon-user", 223118726222042334388737452905819777222, http://localhost:3001/wallets
223118726222042334388737452905819777222, 258996598213108139358093746801367382188 -> a [<span class="glyphicon glyphicon-trash", 223118726222042334388737452905819777222, http://localhost:3001/wallets
223118726222042334388737452905819777222, 175622598061817962830991640137317797091 -> a ['Написать нам']{'href': 'mailto:jeka911@gmail.com?subject=Wallet', 'data-in': 'Contact'}, 223118726222042334388737452905819777222, http://localhost:3001/wallets
223118726222042334388737452905819777222, 275907717788203934390375418129897034499 -> a [<span class="glyphicon glyphicon-ok", 223118726222042334388737452905819777222, http://localhost:3001/wallets
223118726222042334388737452905819777222, 49893265973760036789078185879520493655 -> button [<span class="glyphicon glyphicon-pencil", 228600503145687220558099198066011873984, http://localhost:3001/wallets
228600503145687220558099198066011873984, 222230946711345745280265913845211962539 -> form ['\n', <fieldset, 223118726222042334388737452905819777222, http://localhost:3001/wallets
223118726222042334388737452905819777222, 140457817286280627231574580337331143548 -> button [<span class="glyphicon glyphicon-trash", 223118726222042334388737452905819777222, http://localhost:3001/wallets
223118726222042334388737452905819777222, 30906913677491510962581766254140068231 -> a ['Выйти']{'href': '/user/logout', 'data-in': 'Log Out'}, 295392063217451202734322903333603391175, http://localhost:3001/
77659574643383717146484374309974862090, None, 77659574643383717146484374309974862090, http://localhost:3001/
77659574643383717146484374309974862090, 238793388412553796489369081198711123509 -> a ['$ dimeshift']{'href': '/'}, 151486758748042171726768099244082768382, http://localhost:3001/wallets/
151486758748042171726768099244082768382, 315993652333304908316611887600279878413 -> a ['Кошельки']{'href': '/wallets', 'data-in': 'Wallets'}, 140521490018409521447277133627473956708, http://localhost:3001/wallets
249605625497056497273018554915399798451, None, 249605625497056497273018554915399798451, http://localhost:3001/wallets
249605625497056497273018554915399798451, 260874942789934940868775990394842309470 -> button [<span class="glyphicon glyphicon-user", 249605625497056497273018554915399798451, http://localhost:3001/wallets
249605625497056497273018554915399798451, 21824728745494118346806017482475308344 -> a ['Настройки']{'href': '/profile', 'data-in': 'Settings'}, 249605625497056497273018554915399798451, http://localhost:3001/wallets
249605625497056497273018554915399798451, 289445609591617311909424306796741336643 -> a ['\n', <div class="pull-right text-success transaction_amount", 249605625497056497273018554915399798451, http://localhost:3001/wallets
249605625497056497273018554915399798451, 30906913677491510962581766254140068231 -> a ['Выйти']{'href': '/user/logout', 'data-in': 'Log Out'}, 249605625497056497273018554915399798451, http://localhost:3001/wallets
249605625497056497273018554915399798451, 107881481146819557212168005891619863890 -> a ['\n', <div class="pull-right text-success transaction_amount", 249605625497056497273018554915399798451, http://localhost:3001/wallets
249605625497056497273018554915399798451, 72866117111720632136805165808169623358 -> a ['API']{'href': 'http://docs.dimeshift.apiary.io/'}, 249605625497056497273018554915399798451, http://localhost:3001/wallets
249605625497056497273018554915399798451, 275907717788203934390375418129897034499 -> a [<span class="glyphicon glyphicon-ok", 249605625497056497273018554915399798451, http://localhost:3001/wallets
249605625497056497273018554915399798451, None, 249605625497056497273018554915399798451, http://localhost:3001/wallets
249605625497056497273018554915399798451, 49893265973760036789078185879520493655 -> button [<span class="glyphicon glyphicon-pencil", 228600503145687220558099198066011873984, http://localhost:3001/wallets
228600503145687220558099198066011873984, 164770504787406092505723908950430241986 -> button ['×']{'type': 'button', 'data-dismiss': 'modal', 'aria-hidden': 'true'}, 249605625497056497273018554915399798451, http://localhost:3001/wallets
249605625497056497273018554915399798451, 213479786488486324662011383303045304045 -> a [<span data-i18n="Add", 113699915245416495952622438427515844569, http://localhost:3001/wallets
113699915245416495952622438427515844569, 116460481590173028260667907519653903509 -> form ['\n', <fieldset, 249605625497056497273018554915399798451, http://localhost:3001/wallets
249605625497056497273018554915399798451, 134073009530815014980291977605128349685 -> a [<span class="glyphicon glyphicon-ok", 249605625497056497273018554915399798451, http://localhost:3001/wallets
160035364161380426210120477362456850372, None, 160035364161380426210120477362456850372, http://localhost:3001/wallets
160035364161380426210120477362456850372, 275907717788203934390375418129897034499 -> a [<span class="glyphicon glyphicon-ok", 160035364161380426210120477362456850372, http://localhost:3001/wallets
160035364161380426210120477362456850372, None, 160035364161380426210120477362456850372, http://localhost:3001/wallets
160035364161380426210120477362456850372, 49893265973760036789078185879520493655 -> button [<span class="glyphicon glyphicon-pencil", 5203254914348720753539957092988300260, http://localhost:3001/wallets
5203254914348720753539957092988300260, 222230946711345745280265913845211962539 -> form ['\n', <fieldset, 5203254914348720753539957092988300260, http://localhost:3001/wallets
5203254914348720753539957092988300260, 222230946711345745280265913845211962539 -> form ['\n', <fieldset, 5203254914348720753539957092988300260, http://localhost:3001/wallets
5203254914348720753539957092988300260, 164770504787406092505723908950430241986 -> button ['×']{'type': 'button', 'data-dismiss': 'modal', 'aria-hidden': 'true'}, 160035364161380426210120477362456850372, http://localhost:3001/wallets
160035364161380426210120477362456850372, 49893265973760036789078185879520493655 -> button [<span class="glyphicon glyphicon-pencil", 5203254914348720753539957092988300260, http://localhost:3001/wallets
5203254914348720753539957092988300260, 222230946711345745280265913845211962539 -> form ['\n', <fieldset, 5203254914348720753539957092988300260, http://localhost:3001/wallets
5203254914348720753539957092988300260, 222230946711345745280265913845211962539 -> form ['\n', <fieldset, 5203254914348720753539957092988300260, http://localhost:3001/wallets
5203254914348720753539957092988300260, 164770504787406092505723908950430241986 -> button ['×']{'type': 'button', 'data-dismiss': 'modal', 'aria-hidden': 'true'}, 5203254914348720753539957092988300260, http://localhost:3001/wallets
160035364161380426210120477362456850372, None, 160035364161380426210120477362456850372, http://localhost:3001/wallets
160035364161380426210120477362456850372, 260874942789934940868775990394842309470 -> button [<span class="glyphicon glyphicon-user", 160035364161380426210120477362456850372, http://localhost:3001/wallets
160035364161380426210120477362456850372, 69261900354377929876421606824271450118 -> a [<span aria-hidden="true" class="glyphicon glyphicon-globe", 160035364161380426210120477362456850372, http://localhost:3001/wallets
160035364161380426210120477362456850372, 252770831534854315932753388098079212062 -> a ['\n', <div class="pull-right text-success transaction_amount", 160035364161380426210120477362456850372, http://localhost:3001/wallets
160035364161380426210120477362456850372, 107881481146819557212168005891619863890 -> a ['\n', <div class="pull-right text-success transaction_amount", 160035364161380426210120477362456850372, http://localhost:3001/wallets
160035364161380426210120477362456850372, 258996598213108139358093746801367382188 -> a [<span class="glyphicon glyphicon-trash", 160035364161380426210120477362456850372, http://localhost:3001/wallets
160035364161380426210120477362456850372, None, 160035364161380426210120477362456850372, http://localhost:3001/wallets
160035364161380426210120477362456850372, 213479786488486324662011383303045304045 -> a [<span data-i18n="Add", 313615359830367540915720105630226093213, http://localhost:3001/wallets
313615359830367540915720105630226093213, 164770504787406092505723908950430241986 -> button ['×']{'type': 'button', 'data-dismiss': 'modal', 'aria-hidden': 'true'}, 160035364161380426210120477362456850372, http://localhost:3001/wallets
160035364161380426210120477362456850372, 213479786488486324662011383303045304045 -> a [<span data-i18n="Add", 313615359830367540915720105630226093213, http://localhost:3001/wallets
313615359830367540915720105630226093213, 116460481590173028260667907519653903509 -> form ['\n', <fieldset, 313615359830367540915720105630226093213, http://localhost:3001/wallets
313615359830367540915720105630226093213, 116460481590173028260667907519653903509 -> form ['\n', <fieldset, 313615359830367540915720105630226093213, http://localhost:3001/wallets
313615359830367540915720105630226093213, 164770504787406092505723908950430241986 -> button ['×']{'type': 'button', 'data-dismiss': 'modal', 'aria-hidden': 'true'}, 313615359830367540915720105630226093213, http://localhost:3001/wallets
313615359830367540915720105630226093213, 164770504787406092505723908950430241986 -> button ['×']{'type': 'button', 'data-dismiss': 'modal', 'aria-hidden': 'true'}, 313615359830367540915720105630226093213, http://localhost:3001/wallets
313615359830367540915720105630226093213, 116460481590173028260667907519653903509 -> form ['\n', <fieldset, 313615359830367540915720105630226093213, http://localhost:3001/wallets
160035364161380426210120477362456850372, None, 160035364161380426210120477362456850372, http://localhost:3001/wallets
160035364161380426210120477362456850372, 213479786488486324662011383303045304045 -> a [<span data-i18n="Add", 313615359830367540915720105630226093213, http://localhost:3001/wallets
313615359830367540915720105630226093213, 164770504787406092505723908950430241986 -> button ['×']{'type': 'button', 'data-dismiss': 'modal', 'aria-hidden': 'true'}, 160035364161380426210120477362456850372, http://localhost:3001/wallets
160035364161380426210120477362456850372, None, 160035364161380426210120477362456850372, http://localhost:3001/wallets
160035364161380426210120477362456850372, 140457817286280627231574580337331143548 -> button [<span class="glyphicon glyphicon-trash", 160035364161380426210120477362456850372, http://localhost:3001/wallets
160035364161380426210120477362456850372, 289445609591617311909424306796741336643 -> a ['\n', <div class="pull-right text-success transaction_amount", 160035364161380426210120477362456850372, http://localhost:3001/wallets
160035364161380426210120477362456850372, 4158219995083779296464523326057845776 -> a ['Цели']{'href': '/plans', 'data-in': 'Goals'}, 160035364161380426210120477362456850372, http://localhost:3001/wallets
160035364161380426210120477362456850372, 30906913677491510962581766254140068231 -> a ['Выйти']{'href': '/user/logout', 'data-in': 'Log Out'}, 295392063217451202734322903333603391175, http://localhost:3001/
295392063217451202734322903333603391175, 240486852943402416586504389427876017668 -> a ['Главная']{'href': '/', 'data-in': 'Home'}, 295392063217451202734322903333603391175, http://localhost:3001/
295392063217451202734322903333603391175, 240486852943402416586504389427876017668 -> a ['Главная']{'href': '/', 'data-in': 'Home'}, 295392063217451202734322903333603391175, http://localhost:3001/
295392063217451202734322903333603391175, 289616954940970019044592478557619202053 -> a ['Зарегистрироваться']{'href': '/user/registration', 'data-in': 'Register'}, 295392063217451202734322903333603391175, http://localhost:3001/
295392063217451202734322903333603391175, 40967439154621552822409111263863455804 -> input []{'type': 'submit', 'id': 'demo_signup', 'data-invalue': 'here', 'value': 'сюда'}, 295392063217451202734322903333603391175, http://localhost:3001/
77659574643383717146484374309974862090, None, 77659574643383717146484374309974862090, http://localhost:3001/
77659574643383717146484374309974862090, 238793388412553796489369081198711123509 -> a ['$ dimeshift']{'href': '/'}, 151486758748042171726768099244082768382, http://localhost:3001/wallets/
151486758748042171726768099244082768382, 315993652333304908316611887600279878413 -> a ['Кошельки']{'href': '/wallets', 'data-in': 'Wallets'}, 63067117146453670986097949879932583096, http://localhost:3001/wallets
63067117146453670986097949879932583096, 289724914631465006120433547142160301660 -> button ['« Prev']{'data-role': 'prev'}, 63067117146453670986097949879932583096, http://localhost:3001/wallets
63067117146453670986097949879932583096, 140457817286280627231574580337331143548 -> button [<span class="glyphicon glyphicon-trash", 63067117146453670986097949879932583096, http://localhost:3001/wallets
63067117146453670986097949879932583096, 258996598213108139358093746801367382188 -> a [<span class="glyphicon glyphicon-trash", 63067117146453670986097949879932583096, http://localhost:3001/wallets
63067117146453670986097949879932583096, 39182361402270408446714174324315205817 -> a ['\n', <div class="pull-right text-success transaction_amount", 63067117146453670986097949879932583096, http://localhost:3001/wallets
63067117146453670986097949879932583096, 260874942789934940868775990394842309470 -> button [<span class="glyphicon glyphicon-user", 63067117146453670986097949879932583096, http://localhost:3001/wallets
63067117146453670986097949879932583096, 49893265973760036789078185879520493655 -> button [<span class="glyphicon glyphicon-pencil", 63067117146453670986097949879932583096, http://localhost:3001/wallets
165857067533935281391328259025218169594, None, 165857067533935281391328259025218169594, http://localhost:3001/wallets
165857067533935281391328259025218169594, 175622598061817962830991640137317797091 -> a ['Написать нам']{'href': 'mailto:jeka911@gmail.com?subject=Wallet', 'data-in': 'Contact'}, 165857067533935281391328259025218169594, http://localhost:3001/wallets
165857067533935281391328259025218169594, 39182361402270408446714174324315205817 -> a ['\n', <div class="pull-right text-success transaction_amount", 165857067533935281391328259025218169594, http://localhost:3001/wallets
165857067533935281391328259025218169594, 30906913677491510962581766254140068231 -> a ['Выйти']{'href': '/user/logout', 'data-in': 'Log Out'}, 165857067533935281391328259025218169594, http://localhost:3001/wallets
165857067533935281391328259025218169594, 21824728745494118346806017482475308344 -> a ['Настройки']{'href': '/profile', 'data-in': 'Settings'}, 192262124869340720825154932346396664466, http://localhost:3001/profile
192262124869340720825154932346396664466, 180217012861920527268826864699353676198 -> a [<span class="glyphicon glyphicon-trash", 291645954658718005567021105374032836352, http://localhost:3001/profile#
291645954658718005567021105374032836352, 246645979443056923504358182049644261062 -> a [<span data-i18n="Log Out", 166790942023300614984378369137212727608, http://localhost:3001/
166790942023300614984378369137212727608, 272701501151848433955272174166403287021 -> a ['Войти']{'href': '/user/signin', 'data-in': 'Sign In'}, 166790942023300614984378369137212727608, http://localhost:3001/
166790942023300614984378369137212727608, 24045720963061510147388474628965236342 -> a []{'href': 'http://localhost:3001/images/homepage/screenshots/goal.jpg', 'id': 'image-link-agpl', 'style': "background-image: url('http://localhost:/images/homepage/screenshots/goal.jpg');"}, 166790942023300614984378369137212727608, http://localhost:3001/
77659574643383717146484374309974862090, None, 77659574643383717146484374309974862090, http://localhost:3001/
77659574643383717146484374309974862090, 238793388412553796489369081198711123509 -> a ['$ dimeshift']{'href': '/'}, 151486758748042171726768099244082768382, http://localhost:3001/wallets/
151486758748042171726768099244082768382, 315993652333304908316611887600279878413 -> a ['Кошельки']{'href': '/wallets', 'data-in': 'Wallets'}, 74041250600858075857985258926895637221, http://localhost:3001/wallets
74041250600858075857985258926895637221, 260874942789934940868775990394842309470 -> button [<span class="glyphicon glyphicon-user", 74041250600858075857985258926895637221, http://localhost:3001/wallets
74041250600858075857985258926895637221, 134073009530815014980291977605128349685 -> a [<span class="glyphicon glyphicon-ok", 74041250600858075857985258926895637221, http://localhost:3001/wallets
74041250600858075857985258926895637221, 258996598213108139358093746801367382188 -> a [<span class="glyphicon glyphicon-trash", 74041250600858075857985258926895637221, http://localhost:3001/wallets
74041250600858075857985258926895637221, 251137452218943284809431330507341867212 -> a ['\n', <div class="pull-right text-success transaction_amount", 74041250600858075857985258926895637221, http://localhost:3001/wallets
74041250600858075857985258926895637221, 49893265973760036789078185879520493655 -> button [<span class="glyphicon glyphicon-pencil", 74041250600858075857985258926895637221, http://localhost:3001/wallets
74041250600858075857985258926895637221, 285318492524713243197876747385089329790 -> a [<span class="glyphicon glyphicon-share-alt", 74041250600858075857985258926895637221, http://localhost:3001/wallets
20705226361093110935138435920589139494, None, 20705226361093110935138435920589139494, http://localhost:3001/wallets
20705226361093110935138435920589139494, 260874942789934940868775990394842309470 -> button [<span class="glyphicon glyphicon-user", 20705226361093110935138435920589139494, http://localhost:3001/wallets
20705226361093110935138435920589139494, 315993652333304908316611887600279878413 -> a ['Кошельки']{'href': '/wallets', 'data-in': 'Wallets'}, 20705226361093110935138435920589139494, http://localhost:3001/wallets
20705226361093110935138435920589139494, 275907717788203934390375418129897034499 -> a [<span class="glyphicon glyphicon-ok", 20705226361093110935138435920589139494, http://localhost:3001/wallets
20705226361093110935138435920589139494, 140457817286280627231574580337331143548 -> button [<span class="glyphicon glyphicon-trash", 20705226361093110935138435920589139494, http://localhost:3001/wallets
20705226361093110935138435920589139494, 13857995100760771448540635685368536499 -> a [<span data-i18n="Home", 20705226361093110935138435920589139494, http://localhost:3001/wallets
20705226361093110935138435920589139494, 69261900354377929876421606824271450118 -> a [<span aria-hidden="true" class="glyphicon glyphicon-globe", 20705226361093110935138435920589139494, http://localhost:3001/wallets
20705226361093110935138435920589139494, 4158219995083779296464523326057845776 -> a ['Цели']{'href': '/plans', 'data-in': 'Goals'}, 20705226361093110935138435920589139494, http://localhost:3001/wallets
20705226361093110935138435920589139494, 206074842692816016554881169535338838373 -> a ['\n', <div class="pull-right text-success transaction_amount", 20705226361093110935138435920589139494, http://localhost:3001/wallets
20705226361093110935138435920589139494, None, 20705226361093110935138435920589139494, http://localhost:3001/wallets
20705226361093110935138435920589139494, None, 20705226361093110935138435920589139494, http://localhost:3001/wallets
20705226361093110935138435920589139494, 21824728745494118346806017482475308344 -> a ['Настройки']{'href': '/profile', 'data-in': 'Settings'}, 192262124869340720825154932346396664466, http://localhost:3001/profile
20705226361093110935138435920589139494, None, 20705226361093110935138435920589139494, http://localhost:3001/wallets
20705226361093110935138435920589139494, 21824728745494118346806017482475308344 -> a ['Настройки']{'href': '/profile', 'data-in': 'Settings'}, 192262124869340720825154932346396664466, http://localhost:3001/profile
192262124869340720825154932346396664466, 180217012861920527268826864699353676198 -> a [<span class="glyphicon glyphicon-trash", 291645954658718005567021105374032836352, http://localhost:3001/profile#
291645954658718005567021105374032836352, 246645979443056923504358182049644261062 -> a [<span data-i18n="Log Out", 166790942023300614984378369137212727608, http://localhost:3001/
166790942023300614984378369137212727608, 280553687692852780123066102917098299601 -> a []{'href': 'http://localhost:3001/images/homepage/screenshots/wallets.jpg', 'id': 'image-link-wallets', 'style': "background-image: url('http://localhost:/images/homepage/screenshots/wallets.jpg');"}, 166790942023300614984378369137212727608, http://localhost:3001/
166790942023300614984378369137212727608, 287439962806392087827856506575270396085 -> a []{'href': 'http://localhost:3001/images/homepage/screenshots/transactions.jpg', 'id': 'image-link-', 'style': "background-image: url('http://localhost:/images/homepage/screenshots/transactions.jpg');"}, 166790942023300614984378369137212727608, http://localhost:3001/
166790942023300614984378369137212727608, 289616954940970019044592478557619202053 -> a ['Зарегистрироваться']{'href': '/user/registration', 'data-in': 'Register'}, 166790942023300614984378369137212727608, http://localhost:3001/
166790942023300614984378369137212727608, 287439962806392087827856506575270396085 -> a []{'href': 'http://localhost:3001/images/homepage/screenshots/transactions.jpg', 'id': 'image-link-', 'style': "background-image: url('http://localhost:/images/homepage/screenshots/transactions.jpg');"}, 166790942023300614984378369137212727608, http://localhost:3001/
166790942023300614984378369137212727608, 24045720963061510147388474628965236342 -> a []{'href': 'http://localhost:3001/images/homepage/screenshots/goal.jpg', 'id': 'image-link-agpl', 'style': "background-image: url('http://localhost:/images/homepage/screenshots/goal.jpg');"}, 166790942023300614984378369137212727608, http://localhost:3001/
77659574643383717146484374309974862090, None, 77659574643383717146484374309974862090, http://localhost:3001/
77659574643383717146484374309974862090, 238793388412553796489369081198711123509 -> a ['$ dimeshift']{'href': '/'}, 151486758748042171726768099244082768382, http://localhost:3001/wallets/
151486758748042171726768099244082768382, 315993652333304908316611887600279878413 -> a ['Кошельки']{'href': '/wallets', 'data-in': 'Wallets'}, 122001699906383026976757208641381236710, http://localhost:3001/wallets
122001699906383026976757208641381236710, 260874942789934940868775990394842309470 -> button [<span class="glyphicon glyphicon-user", 122001699906383026976757208641381236710, http://localhost:3001/wallets
122001699906383026976757208641381236710, 134073009530815014980291977605128349685 -> a [<span class="glyphicon glyphicon-ok", 122001699906383026976757208641381236710, http://localhost:3001/wallets
122001699906383026976757208641381236710, 339077655104823550109400832933948598509 -> button ['End tour']{'data-role': 'end'}, 189652588206936080014478989660801169495, http://localhost:3001/wallets
189652588206936080014478989660801169495, 174356761714756373220579063991550939611 -> form ['\n', <fieldset, 189652588206936080014478989660801169495, http://localhost:3001/wallets
189652588206936080014478989660801169495, 174356761714756373220579063991550939611 -> form ['\n', <fieldset, 189652588206936080014478989660801169495, http://localhost:3001/wallets
189652588206936080014478989660801169495, 164770504787406092505723908950430241986 -> button ['×']{'type': 'button', 'data-dismiss': 'modal', 'aria-hidden': 'true'}, 189652588206936080014478989660801169495, http://localhost:3001/wallets
179318674548130476121203386299335597797, None, 179318674548130476121203386299335597797, http://localhost:3001/wallets
179318674548130476121203386299335597797, 213479786488486324662011383303045304045 -> a [<span data-i18n="Add", 113699915245416495952622438427515844569, http://localhost:3001/wallets
113699915245416495952622438427515844569, 116460481590173028260667907519653903509 -> form ['\n', <fieldset, 179318674548130476121203386299335597797, http://localhost:3001/wallets
179318674548130476121203386299335597797, 275907717788203934390375418129897034499 -> a [<span class="glyphicon glyphicon-ok", 179318674548130476121203386299335597797, http://localhost:3001/wallets
179318674548130476121203386299335597797, 140457817286280627231574580337331143548 -> button [<span class="glyphicon glyphicon-trash", 179318674548130476121203386299335597797, http://localhost:3001/wallets
179318674548130476121203386299335597797, 49893265973760036789078185879520493655 -> button [<span class="glyphicon glyphicon-pencil", 179318674548130476121203386299335597797, http://localhost:3001/wallets
179318674548130476121203386299335597797, 128805200226825973357515920958779112870 -> a ['\n', <div class="pull-right text-success transaction_amount", 179318674548130476121203386299335597797, http://localhost:3001/wallets
179318674548130476121203386299335597797, 21824728745494118346806017482475308344 -> a ['Настройки']{'href': '/profile', 'data-in': 'Settings'}, 179318674548130476121203386299335597797, http://localhost:3001/wallets
179318674548130476121203386299335597797, 315993652333304908316611887600279878413 -> a ['Кошельки']{'href': '/wallets', 'data-in': 'Wallets'}, 179318674548130476121203386299335597797, http://localhost:3001/wallets
112727476832019696935232168047925012611, None, 112727476832019696935232168047925012611, http://localhost:3001/wallets
112727476832019696935232168047925012611, 30906913677491510962581766254140068231 -> a ['Выйти']{'href': '/user/logout', 'data-in': 'Log Out'}, 295392063217451202734322903333603391175, http://localhost:3001/
295392063217451202734322903333603391175, 136504310823099385748378508891970664617 -> a []{'href': 'http://localhost:3001/images/homepage/screenshots/i18n.jpg', 'id': 'image-link-', 'style': "background-image: url('http://localhost:/images/homepage/screenshots/in.jpg');"}, 295392063217451202734322903333603391175, http://localhost:3001/
295392063217451202734322903333603391175, 24045720963061510147388474628965236342 -> a []{'href': 'http://localhost:3001/images/homepage/screenshots/goal.jpg', 'id': 'image-link-agpl', 'style': "background-image: url('http://localhost:/images/homepage/screenshots/goal.jpg');"}, 295392063217451202734322903333603391175, http://localhost:3001/
295392063217451202734322903333603391175, 289616954940970019044592478557619202053 -> a ['Зарегистрироваться']{'href': '/user/registration', 'data-in': 'Register'}, 295392063217451202734322903333603391175, http://localhost:3001/
295392063217451202734322903333603391175, 240486852943402416586504389427876017668 -> a ['Главная']{'href': '/', 'data-in': 'Home'}, 295392063217451202734322903333603391175, http://localhost:3001/
295392063217451202734322903333603391175, 287439962806392087827856506575270396085 -> a []{'href': 'http://localhost:3001/images/homepage/screenshots/transactions.jpg', 'id': 'image-link-', 'style': "background-image: url('http://localhost:/images/homepage/screenshots/transactions.jpg');"}, 295392063217451202734322903333603391175, http://localhost:3001/
295392063217451202734322903333603391175, 287439962806392087827856506575270396085 -> a []{'href': 'http://localhost:3001/images/homepage/screenshots/transactions.jpg', 'id': 'image-link-', 'style': "background-image: url('http://localhost:/images/homepage/screenshots/transactions.jpg');"}, 295392063217451202734322903333603391175, http://localhost:3001/
295392063217451202734322903333603391175, 280553687692852780123066102917098299601 -> a []{'href': 'http://localhost:3001/images/homepage/screenshots/wallets.jpg', 'id': 'image-link-wallets', 'style': "background-image: url('http://localhost:/images/homepage/screenshots/wallets.jpg');"}, 295392063217451202734322903333603391175, http://localhost:3001/
77659574643383717146484374309974862090, None, 77659574643383717146484374309974862090, http://localhost:3001/
77659574643383717146484374309974862090, 238793388412553796489369081198711123509 -> a ['$ dimeshift']{'href': '/'}, 151486758748042171726768099244082768382, http://localhost:3001/wallets/
151486758748042171726768099244082768382, 315993652333304908316611887600279878413 -> a ['Кошельки']{'href': '/wallets', 'data-in': 'Wallets'}, 227821923322025097235367453991177299392, http://localhost:3001/wallets
227821923322025097235367453991177299392, 260874942789934940868775990394842309470 -> button [<span class="glyphicon glyphicon-user", 227821923322025097235367453991177299392, http://localhost:3001/wallets
227821923322025097235367453991177299392, 275907717788203934390375418129897034499 -> a [<span class="glyphicon glyphicon-ok", 227821923322025097235367453991177299392, http://localhost:3001/wallets
227821923322025097235367453991177299392, 140457817286280627231574580337331143548 -> button [<span class="glyphicon glyphicon-trash", 227821923322025097235367453991177299392, http://localhost:3001/wallets
227821923322025097235367453991177299392, 49893265973760036789078185879520493655 -> button [<span class="glyphicon glyphicon-pencil", 227821923322025097235367453991177299392, http://localhost:3001/wallets
227821923322025097235367453991177299392, 13857995100760771448540635685368536499 -> a [<span data-i18n="Home", 227821923322025097235367453991177299392, http://localhost:3001/wallets
227821923322025097235367453991177299392, 259192020938934784789965821903408152614 -> a ['\n', <div class="pull-right text-success transaction_amount", 227821923322025097235367453991177299392, http://localhost:3001/wallets
132365622958261512863333226212270325071, None, 132365622958261512863333226212270325071, http://localhost:3001/wallets
132365622958261512863333226212270325071, 260874942789934940868775990394842309470 -> button [<span class="glyphicon glyphicon-user", 132365622958261512863333226212270325071, http://localhost:3001/wallets
132365622958261512863333226212270325071, 213479786488486324662011383303045304045 -> a [<span data-i18n="Add", 132365622958261512863333226212270325071, http://localhost:3001/wallets
132365622958261512863333226212270325071, None, 132365622958261512863333226212270325071, http://localhost:3001/wallets
132365622958261512863333226212270325071, 49893265973760036789078185879520493655 -> button [<span class="glyphicon glyphicon-pencil", 228600503145687220558099198066011873984, http://localhost:3001/wallets
228600503145687220558099198066011873984, 222230946711345745280265913845211962539 -> form ['\n', <fieldset, 132365622958261512863333226212270325071, http://localhost:3001/wallets
132365622958261512863333226212270325071, 275907717788203934390375418129897034499 -> a [<span class="glyphicon glyphicon-ok", 132365622958261512863333226212270325071, http://localhost:3001/wallets
132365622958261512863333226212270325071, 4158219995083779296464523326057845776 -> a ['Цели']{'href': '/plans', 'data-in': 'Goals'}, 227729766368649701120786297080861396917, http://localhost:3001/wallets
227729766368649701120786297080861396917, 21478518908538797432839245619847653749 -> a ['\n', <div class="pull-right text-success transaction_amount", 244095944277415944608516955080333210248, http://localhost:3001/plans
244095944277415944608516955080333210248, 49760662716994008933708011796376065357 -> button [<span data-i18n="Create new", 244095944277415944608516955080333210248, http://localhost:3001/plans
244095944277415944608516955080333210248, 298890898040448551074596883252549441271 -> option ['Bahamian Dollar']{'value': 'BSD'}, 244095944277415944608516955080333210248, http://localhost:3001/plans
132365622958261512863333226212270325071, None, 132365622958261512863333226212270325071, http://localhost:3001/wallets
132365622958261512863333226212270325071, None, 132365622958261512863333226212270325071, http://localhost:3001/wallets
132365622958261512863333226212270325071, 315993652333304908316611887600279878413 -> a ['Кошельки']{'href': '/wallets', 'data-in': 'Wallets'}, 132365622958261512863333226212270325071, http://localhost:3001/wallets
132365622958261512863333226212270325071, None, 132365622958261512863333226212270325071, http://localhost:3001/wallets
132365622958261512863333226212270325071, 30906913677491510962581766254140068231 -> a ['Выйти']{'href': '/user/logout', 'data-in': 'Log Out'}, 295392063217451202734322903333603391175, http://localhost:3001/
295392063217451202734322903333603391175, 280553687692852780123066102917098299601 -> a []{'href': 'http://localhost:3001/images/homepage/screenshots/wallets.jpg', 'id': 'image-link-wallets', 'style': "background-image: url('http://localhost:/images/homepage/screenshots/wallets.jpg');"}, 295392063217451202734322903333603391175, http://localhost:3001/
295392063217451202734322903333603391175, 24045720963061510147388474628965236342 -> a []{'href': 'http://localhost:3001/images/homepage/screenshots/goal.jpg', 'id': 'image-link-agpl', 'style': "background-image: url('http://localhost:/images/homepage/screenshots/goal.jpg');"}, 295392063217451202734322903333603391175, http://localhost:3001/
295392063217451202734322903333603391175, 240486852943402416586504389427876017668 -> a ['Главная']{'href': '/', 'data-in': 'Home'}, 295392063217451202734322903333603391175, http://localhost:3001/
295392063217451202734322903333603391175, 240486852943402416586504389427876017668 -> a ['Главная']{'href': '/', 'data-in': 'Home'}, 295392063217451202734322903333603391175, http://localhost:3001/
295392063217451202734322903333603391175, 287439962806392087827856506575270396085 -> a []{'href': 'http://localhost:3001/images/homepage/screenshots/transactions.jpg', 'id': 'image-link-', 'style': "background-image: url('http://localhost:/images/homepage/screenshots/transactions.jpg');"}, 295392063217451202734322903333603391175, http://localhost:3001/
295392063217451202734322903333603391175, 24045720963061510147388474628965236342 -> a []{'href': 'http://localhost:3001/images/homepage/screenshots/goal.jpg', 'id': 'image-link-agpl', 'style': "background-image: url('http://localhost:/images/homepage/screenshots/goal.jpg');"}, 295392063217451202734322903333603391175, http://localhost:3001/
295392063217451202734322903333603391175, 272701501151848433955272174166403287021 -> a ['Войти']{'href': '/user/signin', 'data-in': 'Sign In'}, 295392063217451202734322903333603391175, http://localhost:3001/
