2022-05-25 15:15:07 WARNING  Starting
2022-05-25 15:15:07 ERROR    Failure: http://localhost:3001/ -> net::ERR_CONNECTION_REFUSED
2022-05-25 15:15:07 ERROR    Failure: http://localhost:3001/ -> Failed to load resource: net::ERR_CONNECTION_REFUSED
2022-05-25 15:15:16 ERROR    Failure: http://localhost:3001/ -> net::ERR_CONNECTION_REFUSED
2022-05-25 15:15:16 ERROR    Failure: http://localhost:3001/ -> Failed to load resource: net::ERR_CONNECTION_REFUSED
2022-05-25 15:15:21 ERROR    Failure: http://localhost:3001/ -> net::ERR_CONNECTION_REFUSED
2022-05-25 15:15:21 ERROR    Failure: http://localhost:3001/ -> Failed to load resource: net::ERR_CONNECTION_REFUSED
2022-05-25 15:15:27 ERROR    Failure: http://localhost:3001/ -> net::ERR_CONNECTION_REFUSED
2022-05-25 15:15:27 ERROR    Failure: http://localhost:3001/ -> Failed to load resource: net::ERR_CONNECTION_REFUSED
2022-05-25 15:15:32 ERROR    Failure: http://localhost:3001/ -> net::ERR_CONNECTION_REFUSED
2022-05-25 15:15:32 ERROR    Failure: http://localhost:3001/ -> Failed to load resource: net::ERR_CONNECTION_REFUSED
2022-05-25 15:15:37 ERROR    Failure: http://localhost:3001/ -> net::ERR_CONNECTION_REFUSED
2022-05-25 15:15:37 ERROR    Failure: http://localhost:3001/ -> Failed to load resource: net::ERR_CONNECTION_REFUSED
2022-05-25 15:15:42 ERROR    Failure: http://localhost:3001/ -> net::ERR_CONNECTION_REFUSED
2022-05-25 15:15:42 ERROR    Failure: http://localhost:3001/ -> Failed to load resource: net::ERR_CONNECTION_REFUSED
2022-05-25 15:15:49 ERROR    Failure: http://localhost:3001/ -> net::ERR_CONNECTION_REFUSED
2022-05-25 15:15:49 ERROR    Failure: http://localhost:3001/ -> Failed to load resource: net::ERR_CONNECTION_REFUSED
2022-05-25 15:15:57 ERROR    Failure: http://localhost:3001/ -> net::ERR_CONNECTION_REFUSED
2022-05-25 15:15:57 ERROR    Failure: http://localhost:3001/ -> Failed to load resource: net::ERR_CONNECTION_REFUSED
2022-05-25 15:16:03 ERROR    Failure: http://localhost:3001/ -> net::ERR_CONNECTION_REFUSED
2022-05-25 15:16:03 ERROR    Failure: http://localhost:3001/ -> Failed to load resource: net::ERR_CONNECTION_REFUSED
2022-05-25 15:16:07 ERROR    Failure: http://localhost:3001/ -> net::ERR_CONNECTION_REFUSED
2022-05-25 15:16:07 ERROR    Failure: http://localhost:3001/ -> Failed to load resource: net::ERR_CONNECTION_REFUSED
2022-05-25 15:16:13 ERROR    Failure: http://localhost:3001/ -> net::ERR_CONNECTION_REFUSED
2022-05-25 15:16:13 ERROR    Failure: http://localhost:3001/ -> Failed to load resource: net::ERR_CONNECTION_REFUSED
2022-05-25 15:16:16 ERROR    Failure: http://localhost:3001/wallets -> net::ERR_ABORTED
2022-05-25 15:16:18 ERROR    Failure: http://localhost:3001/ -> net::ERR_CONNECTION_REFUSED
2022-05-25 15:16:18 ERROR    Failure: http://localhost:3001/ -> Failed to load resource: net::ERR_CONNECTION_REFUSED
2022-05-25 15:16:28 ERROR    Failure: http://localhost:3001/ -> net::ERR_CONNECTION_REFUSED
2022-05-25 15:16:28 ERROR    Failure: http://localhost:3001/ -> Failed to load resource: net::ERR_CONNECTION_REFUSED
2022-05-25 15:16:34 ERROR    Failure: http://localhost:3001/ -> net::ERR_CONNECTION_REFUSED
2022-05-25 15:16:34 ERROR    Failure: http://localhost:3001/ -> Failed to load resource: net::ERR_CONNECTION_REFUSED
2022-05-25 15:16:40 ERROR    Failure: http://localhost:3001/ -> net::ERR_CONNECTION_REFUSED
2022-05-25 15:16:40 ERROR    Failure: http://localhost:3001/ -> Failed to load resource: net::ERR_CONNECTION_REFUSED
2022-05-25 15:16:45 ERROR    Failure: http://localhost:3001/ -> net::ERR_CONNECTION_REFUSED
2022-05-25 15:16:45 ERROR    Failure: http://localhost:3001/ -> Failed to load resource: net::ERR_CONNECTION_REFUSED
2022-05-25 15:16:56 ERROR    Failure: http://localhost:3001/ -> net::ERR_CONNECTION_REFUSED
2022-05-25 15:16:56 ERROR    Failure: http://localhost:3001/ -> Failed to load resource: net::ERR_CONNECTION_REFUSED
2022-05-25 15:17:03 ERROR    Failure: http://localhost:3001/ -> net::ERR_CONNECTION_REFUSED
2022-05-25 15:17:03 ERROR    Failure: http://localhost:3001/ -> Failed to load resource: net::ERR_CONNECTION_REFUSED
2022-05-25 15:17:06 ERROR    Failure: http://localhost:3001/ -> net::ERR_CONNECTION_REFUSED
2022-05-25 15:17:06 ERROR    Failure: http://localhost:3001/ -> Failed to load resource: net::ERR_CONNECTION_REFUSED
2022-05-25 15:17:17 ERROR    Failure: http://localhost:3001/ -> net::ERR_CONNECTION_REFUSED
2022-05-25 15:17:17 ERROR    Failure: http://localhost:3001/ -> Failed to load resource: net::ERR_CONNECTION_REFUSED
2022-05-25 15:17:23 ERROR    Failure: http://localhost:3001/ -> net::ERR_CONNECTION_REFUSED
2022-05-25 15:17:23 ERROR    Failure: http://localhost:3001/ -> Failed to load resource: net::ERR_CONNECTION_REFUSED
2022-05-25 15:17:29 ERROR    Failure: http://localhost:3001/ -> net::ERR_CONNECTION_REFUSED
2022-05-25 15:17:29 ERROR    Failure: http://localhost:3001/ -> Failed to load resource: net::ERR_CONNECTION_REFUSED
2022-05-25 15:17:35 ERROR    Failure: http://localhost:3001/ -> net::ERR_CONNECTION_REFUSED
2022-05-25 15:17:35 ERROR    Failure: http://localhost:3001/ -> Failed to load resource: net::ERR_CONNECTION_REFUSED
2022-05-25 15:17:39 ERROR    Failure: http://localhost:3001/ -> net::ERR_CONNECTION_REFUSED
2022-05-25 15:17:39 ERROR    Failure: http://localhost:3001/ -> Failed to load resource: net::ERR_CONNECTION_REFUSED
2022-05-25 15:17:44 ERROR    Failure: http://localhost:3001/ -> net::ERR_CONNECTION_REFUSED
2022-05-25 15:17:44 ERROR    Failure: http://localhost:3001/ -> Failed to load resource: net::ERR_CONNECTION_REFUSED
2022-05-25 15:17:50 ERROR    Failure: http://localhost:3001/ -> net::ERR_CONNECTION_REFUSED
2022-05-25 15:17:50 ERROR    Failure: http://localhost:3001/ -> Failed to load resource: net::ERR_CONNECTION_REFUSED
2022-05-25 15:17:57 ERROR    Failure: http://localhost:3001/ -> net::ERR_CONNECTION_REFUSED
2022-05-25 15:17:57 ERROR    Failure: http://localhost:3001/ -> Failed to load resource: net::ERR_CONNECTION_REFUSED
2022-05-25 15:18:02 ERROR    Failure: http://localhost:3001/ -> net::ERR_CONNECTION_REFUSED
2022-05-25 15:18:02 ERROR    Failure: http://localhost:3001/ -> Failed to load resource: net::ERR_CONNECTION_REFUSED
2022-05-25 15:18:08 ERROR    Failure: http://localhost:3001/ -> net::ERR_CONNECTION_REFUSED
2022-05-25 15:18:08 ERROR    Failure: http://localhost:3001/ -> Failed to load resource: net::ERR_CONNECTION_REFUSED
2022-05-25 15:18:15 ERROR    Failure: http://localhost:3001/ -> net::ERR_CONNECTION_REFUSED
2022-05-25 15:18:15 ERROR    Failure: http://localhost:3001/ -> Failed to load resource: net::ERR_CONNECTION_REFUSED
2022-05-25 15:18:22 ERROR    Failure: http://localhost:3001/ -> net::ERR_CONNECTION_REFUSED
2022-05-25 15:18:22 ERROR    Failure: http://localhost:3001/ -> Failed to load resource: net::ERR_CONNECTION_REFUSED
2022-05-25 15:18:27 ERROR    Failure: http://localhost:3001/ -> net::ERR_CONNECTION_REFUSED
2022-05-25 15:18:27 ERROR    Failure: http://localhost:3001/ -> Failed to load resource: net::ERR_CONNECTION_REFUSED
2022-05-25 15:18:32 ERROR    Failure: http://localhost:3001/ -> net::ERR_CONNECTION_REFUSED
2022-05-25 15:18:32 ERROR    Failure: http://localhost:3001/ -> Failed to load resource: net::ERR_CONNECTION_REFUSED
2022-05-25 15:18:37 ERROR    Failure: http://localhost:3001/ -> net::ERR_CONNECTION_REFUSED
2022-05-25 15:18:37 ERROR    Failure: http://localhost:3001/ -> Failed to load resource: net::ERR_CONNECTION_REFUSED
2022-05-25 15:18:41 ERROR    Failure: http://localhost:3001/ -> net::ERR_CONNECTION_REFUSED
2022-05-25 15:18:41 ERROR    Failure: http://localhost:3001/ -> Failed to load resource: net::ERR_CONNECTION_REFUSED
2022-05-25 15:18:53 ERROR    Failure: http://localhost:3001/ -> net::ERR_CONNECTION_REFUSED
2022-05-25 15:18:53 ERROR    Failure: http://localhost:3001/ -> Failed to load resource: net::ERR_CONNECTION_REFUSED
2022-05-25 15:19:01 ERROR    Failure: http://localhost:3001/ -> net::ERR_CONNECTION_REFUSED
2022-05-25 15:19:01 ERROR    Failure: http://localhost:3001/ -> Failed to load resource: net::ERR_CONNECTION_REFUSED
2022-05-25 15:19:06 ERROR    Failure: http://localhost:3001/ -> net::ERR_CONNECTION_REFUSED
2022-05-25 15:19:06 ERROR    Failure: http://localhost:3001/ -> Failed to load resource: net::ERR_CONNECTION_REFUSED
2022-05-25 15:19:15 ERROR    Failure: http://localhost:3001/ -> net::ERR_CONNECTION_REFUSED
2022-05-25 15:19:15 ERROR    Failure: http://localhost:3001/ -> Failed to load resource: net::ERR_CONNECTION_REFUSED
2022-05-25 15:19:24 ERROR    Failure: http://localhost:3001/ -> net::ERR_CONNECTION_REFUSED
2022-05-25 15:19:24 ERROR    Failure: http://localhost:3001/ -> Failed to load resource: net::ERR_CONNECTION_REFUSED
2022-05-25 15:19:31 ERROR    Failure: http://localhost:3001/ -> net::ERR_CONNECTION_REFUSED
2022-05-25 15:19:31 ERROR    Failure: http://localhost:3001/ -> Failed to load resource: net::ERR_CONNECTION_REFUSED
2022-05-25 15:19:36 ERROR    Failure: http://localhost:3001/ -> net::ERR_CONNECTION_REFUSED
2022-05-25 15:19:36 ERROR    Failure: http://localhost:3001/ -> Failed to load resource: net::ERR_CONNECTION_REFUSED
2022-05-25 15:19:44 ERROR    Failure: http://localhost:3001/ -> net::ERR_CONNECTION_REFUSED
2022-05-25 15:19:44 ERROR    Failure: http://localhost:3001/ -> Failed to load resource: net::ERR_CONNECTION_REFUSED
2022-05-25 15:19:50 ERROR    Failure: http://localhost:3001/ -> net::ERR_CONNECTION_REFUSED
2022-05-25 15:19:50 ERROR    Failure: http://localhost:3001/ -> Failed to load resource: net::ERR_CONNECTION_REFUSED
2022-05-25 15:19:56 ERROR    Failure: http://localhost:3001/ -> net::ERR_CONNECTION_REFUSED
2022-05-25 15:19:56 ERROR    Failure: http://localhost:3001/ -> Failed to load resource: net::ERR_CONNECTION_REFUSED
2022-05-25 15:19:59 ERROR    Failure: http://localhost:3001/wallets -> net::ERR_ABORTED
2022-05-25 15:20:02 ERROR    Failure: http://localhost:3001/ -> net::ERR_CONNECTION_REFUSED
2022-05-25 15:20:02 ERROR    Failure: http://localhost:3001/ -> Failed to load resource: net::ERR_CONNECTION_REFUSED
2022-05-25 15:20:06 ERROR    Failure: http://localhost:3001/wallets -> net::ERR_NAME_NOT_RESOLVED
2022-05-25 15:20:06 ERROR    Failure: http://localhost:3001/ -> net::ERR_CONNECTION_REFUSED
2022-05-25 15:20:06 ERROR    Failure: http://localhost:3001/ -> Failed to load resource: net::ERR_CONNECTION_REFUSED
2022-05-25 15:20:13 ERROR    Failure: http://localhost:3001/ -> net::ERR_CONNECTION_REFUSED
2022-05-25 15:20:13 ERROR    Failure: http://localhost:3001/ -> Failed to load resource: net::ERR_CONNECTION_REFUSED
2022-05-25 15:20:19 ERROR    Failure: http://localhost:3001/ -> net::ERR_CONNECTION_REFUSED
2022-05-25 15:20:19 ERROR    Failure: http://localhost:3001/ -> Failed to load resource: net::ERR_CONNECTION_REFUSED
2022-05-25 15:20:25 ERROR    Failure: http://localhost:3001/ -> net::ERR_CONNECTION_REFUSED
2022-05-25 15:20:25 ERROR    Failure: http://localhost:3001/ -> Failed to load resource: net::ERR_CONNECTION_REFUSED
2022-05-25 15:20:30 ERROR    Failure: http://localhost:3001/ -> net::ERR_CONNECTION_REFUSED
2022-05-25 15:20:30 ERROR    Failure: http://localhost:3001/ -> Failed to load resource: net::ERR_CONNECTION_REFUSED
2022-05-25 15:20:35 ERROR    Failure: http://localhost:3001/ -> net::ERR_CONNECTION_REFUSED
2022-05-25 15:20:35 ERROR    Failure: http://localhost:3001/ -> Failed to load resource: net::ERR_CONNECTION_REFUSED
2022-05-25 15:20:41 ERROR    Failure: http://localhost:3001/ -> net::ERR_CONNECTION_REFUSED
2022-05-25 15:20:41 ERROR    Failure: http://localhost:3001/ -> Failed to load resource: net::ERR_CONNECTION_REFUSED
2022-05-25 15:20:49 ERROR    Failure: http://localhost:3001/ -> net::ERR_CONNECTION_REFUSED
2022-05-25 15:20:49 ERROR    Failure: http://localhost:3001/ -> Failed to load resource: net::ERR_CONNECTION_REFUSED
2022-05-25 15:20:56 ERROR    Failure: http://localhost:3001/ -> net::ERR_CONNECTION_REFUSED
2022-05-25 15:20:56 ERROR    Failure: http://localhost:3001/ -> Failed to load resource: net::ERR_CONNECTION_REFUSED
2022-05-25 15:21:04 ERROR    Failure: http://localhost:3001/ -> net::ERR_CONNECTION_REFUSED
2022-05-25 15:21:04 ERROR    Failure: http://localhost:3001/ -> Failed to load resource: net::ERR_CONNECTION_REFUSED
2022-05-25 15:21:12 ERROR    Failure: http://localhost:3001/ -> net::ERR_CONNECTION_REFUSED
2022-05-25 15:21:12 ERROR    Failure: http://localhost:3001/ -> Failed to load resource: net::ERR_CONNECTION_REFUSED
2022-05-25 15:21:17 ERROR    Failure: http://localhost:3001/ -> net::ERR_CONNECTION_REFUSED
2022-05-25 15:21:17 ERROR    Failure: http://localhost:3001/ -> Failed to load resource: net::ERR_CONNECTION_REFUSED
2022-05-25 15:21:21 ERROR    Failure: http://localhost:3001/ -> net::ERR_CONNECTION_REFUSED
2022-05-25 15:21:21 ERROR    Failure: http://localhost:3001/ -> Failed to load resource: net::ERR_CONNECTION_REFUSED
2022-05-25 15:21:25 ERROR    Failure: http://localhost:3001/ -> net::ERR_CONNECTION_REFUSED
2022-05-25 15:21:25 ERROR    Failure: http://localhost:3001/ -> Failed to load resource: net::ERR_CONNECTION_REFUSED
2022-05-25 15:21:31 ERROR    Failure: http://localhost:3001/ -> net::ERR_CONNECTION_REFUSED
2022-05-25 15:21:31 ERROR    Failure: http://localhost:3001/ -> Failed to load resource: net::ERR_CONNECTION_REFUSED
2022-05-25 15:21:40 ERROR    Failure: http://localhost:3001/ -> net::ERR_CONNECTION_REFUSED
2022-05-25 15:21:40 ERROR    Failure: http://localhost:3001/ -> Failed to load resource: net::ERR_CONNECTION_REFUSED
2022-05-25 15:21:46 ERROR    Failure: http://localhost:3001/ -> net::ERR_CONNECTION_REFUSED
2022-05-25 15:21:46 ERROR    Failure: http://localhost:3001/ -> Failed to load resource: net::ERR_CONNECTION_REFUSED
2022-05-25 15:21:54 ERROR    Failure: http://localhost:3001/ -> net::ERR_CONNECTION_REFUSED
2022-05-25 15:21:54 ERROR    Failure: http://localhost:3001/ -> Failed to load resource: net::ERR_CONNECTION_REFUSED
2022-05-25 15:22:00 ERROR    Failure: http://localhost:3001/ -> net::ERR_CONNECTION_REFUSED
2022-05-25 15:22:00 ERROR    Failure: http://localhost:3001/ -> Failed to load resource: net::ERR_CONNECTION_REFUSED
2022-05-25 15:22:05 ERROR    Failure: http://localhost:3001/ -> net::ERR_CONNECTION_REFUSED
2022-05-25 15:22:05 ERROR    Failure: http://localhost:3001/ -> Failed to load resource: net::ERR_CONNECTION_REFUSED
2022-05-25 15:22:09 ERROR    Failure: http://localhost:3001/ -> net::ERR_CONNECTION_REFUSED
2022-05-25 15:22:09 ERROR    Failure: http://localhost:3001/ -> Failed to load resource: net::ERR_CONNECTION_REFUSED
2022-05-25 15:22:16 ERROR    Failure: http://localhost:3001/ -> net::ERR_CONNECTION_REFUSED
2022-05-25 15:22:16 ERROR    Failure: http://localhost:3001/ -> Failed to load resource: net::ERR_CONNECTION_REFUSED
2022-05-25 15:22:27 ERROR    Failure: http://localhost:3001/ -> net::ERR_CONNECTION_REFUSED
2022-05-25 15:22:27 ERROR    Failure: http://localhost:3001/ -> Failed to load resource: net::ERR_CONNECTION_REFUSED
2022-05-25 15:22:35 ERROR    Failure: http://localhost:3001/ -> net::ERR_CONNECTION_REFUSED
2022-05-25 15:22:35 ERROR    Failure: http://localhost:3001/ -> Failed to load resource: net::ERR_CONNECTION_REFUSED
2022-05-25 15:22:48 ERROR    Failure: http://localhost:3001/ -> net::ERR_CONNECTION_REFUSED
2022-05-25 15:22:48 ERROR    Failure: http://localhost:3001/ -> Failed to load resource: net::ERR_CONNECTION_REFUSED
2022-05-25 15:22:55 ERROR    Failure: http://localhost:3001/ -> net::ERR_CONNECTION_REFUSED
2022-05-25 15:22:55 ERROR    Failure: http://localhost:3001/ -> Failed to load resource: net::ERR_CONNECTION_REFUSED
2022-05-25 15:22:59 ERROR    Failure: http://localhost:3001/ -> net::ERR_CONNECTION_REFUSED
2022-05-25 15:22:59 ERROR    Failure: http://localhost:3001/ -> Failed to load resource: net::ERR_CONNECTION_REFUSED
2022-05-25 15:23:05 ERROR    Failure: http://localhost:3001/wallets -> net::ERR_ABORTED
2022-05-25 15:23:06 ERROR    Failure: http://localhost:3001/ -> net::ERR_CONNECTION_REFUSED
2022-05-25 15:23:06 ERROR    Failure: http://localhost:3001/ -> Failed to load resource: net::ERR_CONNECTION_REFUSED
2022-05-25 15:23:16 ERROR    Failure: http://localhost:3001/ -> net::ERR_CONNECTION_REFUSED
2022-05-25 15:23:16 ERROR    Failure: http://localhost:3001/ -> Failed to load resource: net::ERR_CONNECTION_REFUSED
2022-05-25 15:23:20 ERROR    Failure: http://localhost:3001/ -> net::ERR_CONNECTION_REFUSED
2022-05-25 15:23:20 ERROR    Failure: http://localhost:3001/ -> Failed to load resource: net::ERR_CONNECTION_REFUSED
2022-05-25 15:23:26 ERROR    Failure: http://localhost:3001/ -> net::ERR_CONNECTION_REFUSED
2022-05-25 15:23:26 ERROR    Failure: http://localhost:3001/ -> Failed to load resource: net::ERR_CONNECTION_REFUSED
2022-05-25 15:23:35 ERROR    Failure: http://localhost:3001/ -> net::ERR_CONNECTION_REFUSED
2022-05-25 15:23:35 ERROR    Failure: http://localhost:3001/ -> Failed to load resource: net::ERR_CONNECTION_REFUSED
2022-05-25 15:23:39 ERROR    Failure: http://localhost:3001/ -> net::ERR_CONNECTION_REFUSED
2022-05-25 15:23:39 ERROR    Failure: http://localhost:3001/ -> Failed to load resource: net::ERR_CONNECTION_REFUSED
2022-05-25 15:23:43 ERROR    Failure: http://localhost:3001/ -> net::ERR_CONNECTION_REFUSED
2022-05-25 15:23:43 ERROR    Failure: http://localhost:3001/ -> Failed to load resource: net::ERR_CONNECTION_REFUSED
2022-05-25 15:23:49 ERROR    Failure: http://localhost:3001/ -> net::ERR_CONNECTION_REFUSED
2022-05-25 15:23:49 ERROR    Failure: http://localhost:3001/ -> Failed to load resource: net::ERR_CONNECTION_REFUSED
2022-05-25 15:23:56 ERROR    Failure: http://localhost:3001/ -> net::ERR_CONNECTION_REFUSED
2022-05-25 15:23:56 ERROR    Failure: http://localhost:3001/ -> Failed to load resource: net::ERR_CONNECTION_REFUSED
2022-05-25 15:24:03 ERROR    Failure: http://localhost:3001/ -> net::ERR_CONNECTION_REFUSED
2022-05-25 15:24:03 ERROR    Failure: http://localhost:3001/ -> Failed to load resource: net::ERR_CONNECTION_REFUSED
2022-05-25 15:24:09 ERROR    Failure: http://localhost:3001/ -> net::ERR_CONNECTION_REFUSED
2022-05-25 15:24:09 ERROR    Failure: http://localhost:3001/ -> Failed to load resource: net::ERR_CONNECTION_REFUSED
2022-05-25 15:24:18 ERROR    Failure: http://localhost:3001/ -> net::ERR_CONNECTION_REFUSED
2022-05-25 15:24:18 ERROR    Failure: http://localhost:3001/ -> Failed to load resource: net::ERR_CONNECTION_REFUSED
2022-05-25 15:24:24 ERROR    Failure: http://localhost:3001/ -> net::ERR_CONNECTION_REFUSED
2022-05-25 15:24:24 ERROR    Failure: http://localhost:3001/ -> Failed to load resource: net::ERR_CONNECTION_REFUSED
2022-05-25 15:24:30 ERROR    Failure: http://localhost:3001/ -> net::ERR_CONNECTION_REFUSED
2022-05-25 15:24:30 ERROR    Failure: http://localhost:3001/ -> Failed to load resource: net::ERR_CONNECTION_REFUSED
2022-05-25 15:24:35 ERROR    Failure: http://localhost:3001/ -> net::ERR_CONNECTION_REFUSED
2022-05-25 15:24:35 ERROR    Failure: http://localhost:3001/ -> Failed to load resource: net::ERR_CONNECTION_REFUSED
2022-05-25 15:25:05 ERROR    Failure: http://localhost:3001/ -> net::ERR_CONNECTION_REFUSED
2022-05-25 15:25:05 ERROR    Failure: http://localhost:3001/ -> Failed to load resource: net::ERR_CONNECTION_REFUSED
2022-05-25 15:25:36 ERROR    Failure: http://localhost:3001/ -> net::ERR_CONNECTION_REFUSED
2022-05-25 15:25:36 ERROR    Failure: http://localhost:3001/ -> Failed to load resource: net::ERR_CONNECTION_REFUSED
2022-05-25 15:26:06 ERROR    Failure: http://localhost:3001/ -> net::ERR_CONNECTION_REFUSED
2022-05-25 15:26:06 ERROR    Failure: http://localhost:3001/ -> Failed to load resource: net::ERR_CONNECTION_REFUSED
2022-05-25 15:26:36 ERROR    Failure: http://localhost:3001/ -> net::ERR_CONNECTION_REFUSED
2022-05-25 15:26:36 ERROR    Failure: http://localhost:3001/ -> Failed to load resource: net::ERR_CONNECTION_REFUSED
2022-05-25 15:27:06 ERROR    Failure: http://localhost:3001/ -> net::ERR_CONNECTION_REFUSED
2022-05-25 15:27:06 ERROR    Failure: http://localhost:3001/ -> Failed to load resource: net::ERR_CONNECTION_REFUSED
2022-05-25 15:27:37 ERROR    Failure: http://localhost:3001/ -> net::ERR_CONNECTION_REFUSED
2022-05-25 15:27:37 ERROR    Failure: http://localhost:3001/ -> Failed to load resource: net::ERR_CONNECTION_REFUSED
2022-05-25 15:28:07 ERROR    Failure: http://localhost:3001/ -> net::ERR_CONNECTION_REFUSED
2022-05-25 15:28:07 ERROR    Failure: http://localhost:3001/ -> Failed to load resource: net::ERR_CONNECTION_REFUSED
2022-05-25 15:28:37 ERROR    Failure: http://localhost:3001/ -> net::ERR_CONNECTION_REFUSED
2022-05-25 15:28:37 ERROR    Failure: http://localhost:3001/ -> Failed to load resource: net::ERR_CONNECTION_REFUSED
2022-05-25 15:29:07 ERROR    Failure: http://localhost:3001/ -> net::ERR_CONNECTION_REFUSED
2022-05-25 15:29:07 ERROR    Failure: http://localhost:3001/ -> Failed to load resource: net::ERR_CONNECTION_REFUSED
2022-05-25 15:29:37 ERROR    Failure: http://localhost:3001/ -> net::ERR_CONNECTION_REFUSED
2022-05-25 15:29:37 ERROR    Failure: http://localhost:3001/ -> Failed to load resource: net::ERR_CONNECTION_REFUSED
2022-05-25 15:29:40 ERROR    Failure: http://localhost:3001/ -> net::ERR_ADDRESS_UNREACHABLE
2022-05-25 15:29:40 ERROR    Failure: http://localhost:3001/ -> Failed to load resource: net::ERR_ADDRESS_UNREACHABLE
2022-05-25 15:30:08 ERROR    Failure: http://localhost:3001/ -> net::ERR_CONNECTION_REFUSED
2022-05-25 15:30:08 ERROR    Failure: http://localhost:3001/ -> Failed to load resource: net::ERR_CONNECTION_REFUSED
2022-05-25 15:30:11 ERROR    Failure: http://localhost:3001/ -> net::ERR_ADDRESS_UNREACHABLE
2022-05-25 15:30:11 ERROR    Failure: http://localhost:3001/ -> Failed to load resource: net::ERR_ADDRESS_UNREACHABLE
2022-05-25 15:30:38 ERROR    Failure: http://localhost:3001/ -> net::ERR_CONNECTION_REFUSED
2022-05-25 15:30:38 ERROR    Failure: http://localhost:3001/ -> Failed to load resource: net::ERR_CONNECTION_REFUSED
2022-05-25 15:31:08 ERROR    Failure: http://localhost:3001/ -> net::ERR_CONNECTION_REFUSED
2022-05-25 15:31:08 ERROR    Failure: http://localhost:3001/ -> Failed to load resource: net::ERR_CONNECTION_REFUSED
2022-05-25 15:31:38 ERROR    Failure: http://localhost:3001/ -> net::ERR_CONNECTION_REFUSED
2022-05-25 15:31:38 ERROR    Failure: http://localhost:3001/ -> Failed to load resource: net::ERR_CONNECTION_REFUSED
2022-05-25 15:32:09 ERROR    Failure: http://localhost:3001/ -> net::ERR_CONNECTION_REFUSED
2022-05-25 15:32:09 ERROR    Failure: http://localhost:3001/ -> Failed to load resource: net::ERR_CONNECTION_REFUSED
2022-05-25 15:32:24 ERROR    Failure: http://localhost:3001/ -> net::ERR_ADDRESS_UNREACHABLE
2022-05-25 15:32:24 ERROR    Failure: http://localhost:3001/ -> Failed to load resource: net::ERR_ADDRESS_UNREACHABLE
2022-05-25 15:32:39 ERROR    Failure: http://localhost:3001/ -> net::ERR_CONNECTION_REFUSED
2022-05-25 15:32:39 ERROR    Failure: http://localhost:3001/ -> Failed to load resource: net::ERR_CONNECTION_REFUSED
2022-05-25 15:33:09 ERROR    Failure: http://localhost:3001/ -> net::ERR_CONNECTION_REFUSED
2022-05-25 15:33:09 ERROR    Failure: http://localhost:3001/ -> Failed to load resource: net::ERR_CONNECTION_REFUSED
2022-05-25 15:33:39 ERROR    Failure: http://localhost:3001/ -> net::ERR_CONNECTION_REFUSED
2022-05-25 15:33:39 ERROR    Failure: http://localhost:3001/ -> Failed to load resource: net::ERR_CONNECTION_REFUSED
2022-05-25 15:33:47 ERROR    Failure: http://localhost:3001/ -> net::ERR_ADDRESS_UNREACHABLE
2022-05-25 15:33:47 ERROR    Failure: http://localhost:3001/ -> Failed to load resource: net::ERR_ADDRESS_UNREACHABLE
2022-05-25 15:34:10 ERROR    Failure: http://localhost:3001/ -> net::ERR_CONNECTION_REFUSED
2022-05-25 15:34:10 ERROR    Failure: http://localhost:3001/ -> Failed to load resource: net::ERR_CONNECTION_REFUSED
2022-05-25 15:34:40 ERROR    Failure: http://localhost:3001/ -> net::ERR_CONNECTION_REFUSED
2022-05-25 15:34:40 ERROR    Failure: http://localhost:3001/ -> Failed to load resource: net::ERR_CONNECTION_REFUSED
2022-05-25 15:35:10 ERROR    Failure: http://localhost:3001/ -> net::ERR_CONNECTION_REFUSED
2022-05-25 15:35:10 ERROR    Failure: http://localhost:3001/ -> Failed to load resource: net::ERR_CONNECTION_REFUSED
2022-05-25 15:35:40 ERROR    Failure: http://localhost:3001/ -> net::ERR_CONNECTION_REFUSED
2022-05-25 15:35:40 ERROR    Failure: http://localhost:3001/ -> Failed to load resource: net::ERR_CONNECTION_REFUSED
2022-05-25 15:36:10 ERROR    Failure: http://localhost:3001/ -> net::ERR_CONNECTION_REFUSED
2022-05-25 15:36:10 ERROR    Failure: http://localhost:3001/ -> Failed to load resource: net::ERR_CONNECTION_REFUSED
2022-05-25 15:36:41 ERROR    Failure: http://localhost:3001/ -> net::ERR_CONNECTION_REFUSED
2022-05-25 15:36:41 ERROR    Failure: http://localhost:3001/ -> Failed to load resource: net::ERR_CONNECTION_REFUSED
2022-05-25 15:37:11 ERROR    Failure: http://localhost:3001/ -> net::ERR_CONNECTION_REFUSED
2022-05-25 15:37:11 ERROR    Failure: http://localhost:3001/ -> Failed to load resource: net::ERR_CONNECTION_REFUSED
2022-05-25 15:37:41 ERROR    Failure: http://localhost:3001/ -> net::ERR_CONNECTION_REFUSED
2022-05-25 15:37:41 ERROR    Failure: http://localhost:3001/ -> Failed to load resource: net::ERR_CONNECTION_REFUSED
2022-05-25 15:38:11 ERROR    Failure: http://localhost:3001/ -> net::ERR_CONNECTION_REFUSED
2022-05-25 15:38:11 ERROR    Failure: http://localhost:3001/ -> Failed to load resource: net::ERR_CONNECTION_REFUSED
2022-05-25 15:38:41 ERROR    Failure: http://localhost:3001/ -> net::ERR_CONNECTION_REFUSED
2022-05-25 15:38:41 ERROR    Failure: http://localhost:3001/ -> Failed to load resource: net::ERR_CONNECTION_REFUSED
2022-05-25 15:39:12 ERROR    Failure: http://localhost:3001/ -> net::ERR_CONNECTION_REFUSED
2022-05-25 15:39:12 ERROR    Failure: http://localhost:3001/ -> Failed to load resource: net::ERR_CONNECTION_REFUSED
2022-05-25 15:39:42 ERROR    Failure: http://localhost:3001/ -> net::ERR_CONNECTION_REFUSED
2022-05-25 15:39:42 ERROR    Failure: http://localhost:3001/ -> Failed to load resource: net::ERR_CONNECTION_REFUSED
2022-05-25 15:40:12 ERROR    Failure: http://localhost:3001/ -> net::ERR_CONNECTION_REFUSED
2022-05-25 15:40:12 ERROR    Failure: http://localhost:3001/ -> Failed to load resource: net::ERR_CONNECTION_REFUSED
2022-05-25 15:40:42 ERROR    Failure: http://localhost:3001/ -> net::ERR_CONNECTION_REFUSED
2022-05-25 15:40:42 ERROR    Failure: http://localhost:3001/ -> Failed to load resource: net::ERR_CONNECTION_REFUSED
2022-05-25 15:41:13 ERROR    Failure: http://localhost:3001/ -> net::ERR_CONNECTION_REFUSED
2022-05-25 15:41:13 ERROR    Failure: http://localhost:3001/ -> Failed to load resource: net::ERR_CONNECTION_REFUSED
2022-05-25 15:41:43 ERROR    Failure: http://localhost:3001/ -> net::ERR_CONNECTION_REFUSED
2022-05-25 15:41:43 ERROR    Failure: http://localhost:3001/ -> Failed to load resource: net::ERR_CONNECTION_REFUSED
2022-05-25 15:42:13 ERROR    Failure: http://localhost:3001/ -> net::ERR_CONNECTION_REFUSED
2022-05-25 15:42:13 ERROR    Failure: http://localhost:3001/ -> Failed to load resource: net::ERR_CONNECTION_REFUSED
2022-05-25 15:42:44 ERROR    Failure: http://localhost:3001/ -> net::ERR_CONNECTION_REFUSED
2022-05-25 15:42:44 ERROR    Failure: http://localhost:3001/ -> Failed to load resource: net::ERR_CONNECTION_REFUSED
2022-05-25 15:43:14 ERROR    Failure: http://localhost:3001/ -> net::ERR_CONNECTION_REFUSED
2022-05-25 15:43:14 ERROR    Failure: http://localhost:3001/ -> Failed to load resource: net::ERR_CONNECTION_REFUSED
2022-05-25 15:43:44 ERROR    Failure: http://localhost:3001/ -> net::ERR_CONNECTION_REFUSED
2022-05-25 15:43:44 ERROR    Failure: http://localhost:3001/ -> Failed to load resource: net::ERR_CONNECTION_REFUSED
2022-05-25 15:44:14 ERROR    Failure: http://localhost:3001/ -> net::ERR_CONNECTION_REFUSED
2022-05-25 15:44:14 ERROR    Failure: http://localhost:3001/ -> Failed to load resource: net::ERR_CONNECTION_REFUSED
2022-05-25 15:44:17 ERROR    Failure: http://localhost:3001/ -> net::ERR_ADDRESS_UNREACHABLE
2022-05-25 15:44:17 ERROR    Failure: http://localhost:3001/ -> Failed to load resource: net::ERR_ADDRESS_UNREACHABLE
2022-05-25 15:44:45 ERROR    Failure: http://localhost:3001/ -> net::ERR_CONNECTION_REFUSED
2022-05-25 15:44:45 ERROR    Failure: http://localhost:3001/ -> Failed to load resource: net::ERR_CONNECTION_REFUSED
2022-05-25 15:44:52 ERROR    Failure: http://localhost:3001/ -> net::ERR_CONNECTION_REFUSED
2022-05-25 15:44:52 ERROR    Failure: http://localhost:3001/ -> Failed to load resource: net::ERR_CONNECTION_REFUSED
2022-05-25 15:44:58 ERROR    Failure: http://localhost:3001/ -> net::ERR_CONNECTION_REFUSED
2022-05-25 15:44:58 ERROR    Failure: http://localhost:3001/ -> Failed to load resource: net::ERR_CONNECTION_REFUSED
2022-05-25 15:45:06 ERROR    Failure: http://localhost:3001/ -> net::ERR_CONNECTION_REFUSED
2022-05-25 15:45:06 ERROR    Failure: http://localhost:3001/ -> Failed to load resource: net::ERR_CONNECTION_REFUSED
2022-05-25 15:45:13 WARNING  Finished
2022-05-25 15:45:13 WARNING  (Failure Count, Coverage Percentage) : (6, 0.718522074422782)
2022-05-25 15:45:13 ERROR    http://localhost:3001/ -> net::ERR_CONNECTION_REFUSED
2022-05-25 15:45:13 ERROR    http://localhost:3001/ -> Failed to load resource: net::ERR_CONNECTION_REFUSED
2022-05-25 15:45:13 ERROR    http://localhost:3001/wallets -> net::ERR_ABORTED
2022-05-25 15:45:13 ERROR    http://localhost:3001/wallets -> net::ERR_NAME_NOT_RESOLVED
2022-05-25 15:45:13 ERROR    http://localhost:3001/ -> net::ERR_ADDRESS_UNREACHABLE
2022-05-25 15:45:13 ERROR    http://localhost:3001/ -> Failed to load resource: net::ERR_ADDRESS_UNREACHABLE
