2022-05-25 15:12:25 WARNING  Starting
2022-05-25 15:12:25 ERROR    Failure: http://localhost:3001/ -> net::ERR_CONNECTION_REFUSED
2022-05-25 15:12:25 ERROR    Failure: http://localhost:3001/ -> Failed to load resource: net::ERR_CONNECTION_REFUSED
2022-05-25 15:12:31 ERROR    Failure: http://localhost:3001/ -> net::ERR_CONNECTION_REFUSED
2022-05-25 15:12:31 ERROR    Failure: http://localhost:3001/ -> Failed to load resource: net::ERR_CONNECTION_REFUSED
2022-05-25 15:12:35 ERROR    Failure: http://localhost:3001/ -> net::ERR_CONNECTION_REFUSED
2022-05-25 15:12:35 ERROR    Failure: http://localhost:3001/ -> Failed to load resource: net::ERR_CONNECTION_REFUSED
2022-05-25 15:12:40 ERROR    Failure: http://localhost:3001/ -> net::ERR_CONNECTION_REFUSED
2022-05-25 15:12:40 ERROR    Failure: http://localhost:3001/ -> Failed to load resource: net::ERR_CONNECTION_REFUSED
2022-05-25 15:12:45 ERROR    Failure: http://localhost:3001/ -> net::ERR_CONNECTION_REFUSED
2022-05-25 15:12:45 ERROR    Failure: http://localhost:3001/ -> Failed to load resource: net::ERR_CONNECTION_REFUSED
2022-05-25 15:12:50 ERROR    Failure: http://localhost:3001/ -> net::ERR_CONNECTION_REFUSED
2022-05-25 15:12:50 ERROR    Failure: http://localhost:3001/ -> Failed to load resource: net::ERR_CONNECTION_REFUSED
2022-05-25 15:12:56 ERROR    Failure: http://localhost:3001/ -> net::ERR_CONNECTION_REFUSED
2022-05-25 15:12:56 ERROR    Failure: http://localhost:3001/ -> Failed to load resource: net::ERR_CONNECTION_REFUSED
2022-05-25 15:13:03 ERROR    Failure: http://localhost:3001/ -> net::ERR_CONNECTION_REFUSED
2022-05-25 15:13:03 ERROR    Failure: http://localhost:3001/ -> Failed to load resource: net::ERR_CONNECTION_REFUSED
2022-05-25 15:13:09 ERROR    Failure: http://localhost:3001/ -> net::ERR_CONNECTION_REFUSED
2022-05-25 15:13:09 ERROR    Failure: http://localhost:3001/ -> Failed to load resource: net::ERR_CONNECTION_REFUSED
2022-05-25 15:13:13 ERROR    Failure: http://localhost:3001/ -> net::ERR_CONNECTION_REFUSED
2022-05-25 15:13:13 ERROR    Failure: http://localhost:3001/ -> Failed to load resource: net::ERR_CONNECTION_REFUSED
2022-05-25 15:13:18 ERROR    Failure: http://localhost:3001/ -> net::ERR_CONNECTION_REFUSED
2022-05-25 15:13:18 ERROR    Failure: http://localhost:3001/ -> Failed to load resource: net::ERR_CONNECTION_REFUSED
2022-05-25 15:13:23 ERROR    Failure: http://localhost:3001/ -> net::ERR_CONNECTION_REFUSED
2022-05-25 15:13:23 ERROR    Failure: http://localhost:3001/ -> Failed to load resource: net::ERR_CONNECTION_REFUSED
2022-05-25 15:13:29 ERROR    Failure: http://localhost:3001/ -> net::ERR_CONNECTION_REFUSED
2022-05-25 15:13:29 ERROR    Failure: http://localhost:3001/ -> Failed to load resource: net::ERR_CONNECTION_REFUSED
2022-05-25 15:13:35 ERROR    Failure: http://localhost:3001/ -> net::ERR_CONNECTION_REFUSED
2022-05-25 15:13:35 ERROR    Failure: http://localhost:3001/ -> Failed to load resource: net::ERR_CONNECTION_REFUSED
2022-05-25 15:13:40 ERROR    Failure: http://localhost:3001/ -> net::ERR_CONNECTION_REFUSED
2022-05-25 15:13:40 ERROR    Failure: http://localhost:3001/ -> Failed to load resource: net::ERR_CONNECTION_REFUSED
2022-05-25 15:13:45 ERROR    Failure: http://localhost:3001/ -> net::ERR_CONNECTION_REFUSED
2022-05-25 15:13:45 ERROR    Failure: http://localhost:3001/ -> Failed to load resource: net::ERR_CONNECTION_REFUSED
2022-05-25 15:13:50 ERROR    Failure: http://localhost:3001/ -> net::ERR_CONNECTION_REFUSED
2022-05-25 15:13:50 ERROR    Failure: http://localhost:3001/ -> Failed to load resource: net::ERR_CONNECTION_REFUSED
2022-05-25 15:13:56 ERROR    Failure: http://localhost:3001/ -> net::ERR_CONNECTION_REFUSED
2022-05-25 15:13:56 ERROR    Failure: http://localhost:3001/ -> Failed to load resource: net::ERR_CONNECTION_REFUSED
2022-05-25 15:14:01 ERROR    Failure: http://localhost:3001/ -> net::ERR_CONNECTION_REFUSED
2022-05-25 15:14:01 ERROR    Failure: http://localhost:3001/ -> Failed to load resource: net::ERR_CONNECTION_REFUSED
2022-05-25 15:14:06 ERROR    Failure: http://localhost:3001/ -> net::ERR_CONNECTION_REFUSED
2022-05-25 15:14:06 ERROR    Failure: http://localhost:3001/ -> Failed to load resource: net::ERR_CONNECTION_REFUSED
2022-05-25 15:14:13 ERROR    Failure: http://localhost:3001/ -> net::ERR_CONNECTION_REFUSED
2022-05-25 15:14:13 ERROR    Failure: http://localhost:3001/ -> Failed to load resource: net::ERR_CONNECTION_REFUSED
2022-05-25 15:14:18 ERROR    Failure: http://localhost:3001/ -> net::ERR_CONNECTION_REFUSED
2022-05-25 15:14:18 ERROR    Failure: http://localhost:3001/ -> Failed to load resource: net::ERR_CONNECTION_REFUSED
2022-05-25 15:14:25 ERROR    Failure: http://localhost:3001/ -> net::ERR_CONNECTION_REFUSED
2022-05-25 15:14:25 ERROR    Failure: http://localhost:3001/ -> Failed to load resource: net::ERR_CONNECTION_REFUSED
2022-05-25 15:14:31 ERROR    Failure: http://localhost:3001/ -> net::ERR_CONNECTION_REFUSED
2022-05-25 15:14:31 ERROR    Failure: http://localhost:3001/ -> Failed to load resource: net::ERR_CONNECTION_REFUSED
2022-05-25 15:14:35 ERROR    Failure: http://localhost:3001/ -> net::ERR_CONNECTION_REFUSED
2022-05-25 15:14:35 ERROR    Failure: http://localhost:3001/ -> Failed to load resource: net::ERR_CONNECTION_REFUSED
2022-05-25 15:14:41 ERROR    Failure: http://localhost:3001/ -> net::ERR_CONNECTION_REFUSED
2022-05-25 15:14:41 ERROR    Failure: http://localhost:3001/ -> Failed to load resource: net::ERR_CONNECTION_REFUSED
2022-05-25 15:14:46 ERROR    Failure: http://localhost:3001/ -> net::ERR_CONNECTION_REFUSED
2022-05-25 15:14:46 ERROR    Failure: http://localhost:3001/ -> Failed to load resource: net::ERR_CONNECTION_REFUSED
2022-05-25 15:14:55 ERROR    Failure: http://localhost:3001/ -> net::ERR_CONNECTION_REFUSED
2022-05-25 15:14:55 ERROR    Failure: http://localhost:3001/ -> Failed to load resource: net::ERR_CONNECTION_REFUSED
2022-05-25 15:15:00 ERROR    Failure: http://localhost:3001/ -> net::ERR_CONNECTION_REFUSED
2022-05-25 15:15:00 ERROR    Failure: http://localhost:3001/ -> Failed to load resource: net::ERR_CONNECTION_REFUSED
2022-05-25 15:15:08 ERROR    Failure: http://localhost:3001/ -> net::ERR_CONNECTION_REFUSED
2022-05-25 15:15:08 ERROR    Failure: http://localhost:3001/ -> Failed to load resource: net::ERR_CONNECTION_REFUSED
2022-05-25 15:15:13 ERROR    Failure: http://localhost:3001/ -> net::ERR_CONNECTION_REFUSED
2022-05-25 15:15:13 ERROR    Failure: http://localhost:3001/ -> Failed to load resource: net::ERR_CONNECTION_REFUSED
2022-05-25 15:15:20 ERROR    Failure: http://localhost:3001/ -> net::ERR_CONNECTION_REFUSED
2022-05-25 15:15:20 ERROR    Failure: http://localhost:3001/ -> Failed to load resource: net::ERR_CONNECTION_REFUSED
2022-05-25 15:15:27 ERROR    Failure: http://localhost:3001/ -> net::ERR_CONNECTION_REFUSED
2022-05-25 15:15:27 ERROR    Failure: http://localhost:3001/ -> Failed to load resource: net::ERR_CONNECTION_REFUSED
2022-05-25 15:15:33 ERROR    Failure: http://localhost:3001/ -> net::ERR_CONNECTION_REFUSED
2022-05-25 15:15:33 ERROR    Failure: http://localhost:3001/ -> Failed to load resource: net::ERR_CONNECTION_REFUSED
2022-05-25 15:15:38 ERROR    Failure: http://localhost:3001/ -> net::ERR_CONNECTION_REFUSED
2022-05-25 15:15:38 ERROR    Failure: http://localhost:3001/ -> Failed to load resource: net::ERR_CONNECTION_REFUSED
2022-05-25 15:15:44 ERROR    Failure: http://localhost:3001/ -> net::ERR_CONNECTION_REFUSED
2022-05-25 15:15:44 ERROR    Failure: http://localhost:3001/ -> Failed to load resource: net::ERR_CONNECTION_REFUSED
2022-05-25 15:15:53 ERROR    Failure: http://localhost:3001/ -> net::ERR_CONNECTION_REFUSED
2022-05-25 15:15:53 ERROR    Failure: http://localhost:3001/ -> Failed to load resource: net::ERR_CONNECTION_REFUSED
2022-05-25 15:16:01 ERROR    Failure: http://localhost:3001/ -> net::ERR_CONNECTION_REFUSED
2022-05-25 15:16:01 ERROR    Failure: http://localhost:3001/ -> Failed to load resource: net::ERR_CONNECTION_REFUSED
2022-05-25 15:16:07 ERROR    Failure: http://localhost:3001/ -> net::ERR_CONNECTION_REFUSED
2022-05-25 15:16:07 ERROR    Failure: http://localhost:3001/ -> Failed to load resource: net::ERR_CONNECTION_REFUSED
2022-05-25 15:16:11 ERROR    Failure: http://localhost:3001/ -> net::ERR_CONNECTION_REFUSED
2022-05-25 15:16:11 ERROR    Failure: http://localhost:3001/ -> Failed to load resource: net::ERR_CONNECTION_REFUSED
2022-05-25 15:16:17 ERROR    Failure: http://localhost:3001/ -> net::ERR_CONNECTION_REFUSED
2022-05-25 15:16:17 ERROR    Failure: http://localhost:3001/ -> Failed to load resource: net::ERR_CONNECTION_REFUSED
2022-05-25 15:16:21 ERROR    Failure: http://localhost:3001/ -> net::ERR_CONNECTION_REFUSED
2022-05-25 15:16:21 ERROR    Failure: http://localhost:3001/ -> Failed to load resource: net::ERR_CONNECTION_REFUSED
2022-05-25 15:16:31 ERROR    Failure: http://localhost:3001/ -> net::ERR_CONNECTION_REFUSED
2022-05-25 15:16:31 ERROR    Failure: http://localhost:3001/ -> Failed to load resource: net::ERR_CONNECTION_REFUSED
2022-05-25 15:16:34 ERROR    Failure: http://localhost:3001/wallets -> net::ERR_NAME_NOT_RESOLVED
2022-05-25 15:16:35 ERROR    Failure: http://localhost:3001/ -> net::ERR_CONNECTION_REFUSED
2022-05-25 15:16:35 ERROR    Failure: http://localhost:3001/ -> Failed to load resource: net::ERR_CONNECTION_REFUSED
2022-05-25 15:16:38 ERROR    Failure: http://localhost:3001/ -> net::ERR_CONNECTION_REFUSED
2022-05-25 15:16:38 ERROR    Failure: http://localhost:3001/ -> Failed to load resource: net::ERR_CONNECTION_REFUSED
2022-05-25 15:16:44 ERROR    Failure: http://localhost:3001/ -> net::ERR_CONNECTION_REFUSED
2022-05-25 15:16:44 ERROR    Failure: http://localhost:3001/ -> Failed to load resource: net::ERR_CONNECTION_REFUSED
2022-05-25 15:16:49 ERROR    Failure: http://localhost:3001/ -> net::ERR_CONNECTION_REFUSED
2022-05-25 15:16:49 ERROR    Failure: http://localhost:3001/ -> Failed to load resource: net::ERR_CONNECTION_REFUSED
2022-05-25 15:16:54 ERROR    Failure: http://localhost:3001/ -> net::ERR_CONNECTION_REFUSED
2022-05-25 15:16:54 ERROR    Failure: http://localhost:3001/ -> Failed to load resource: net::ERR_CONNECTION_REFUSED
2022-05-25 15:16:59 ERROR    Failure: http://localhost:3001/ -> net::ERR_CONNECTION_REFUSED
2022-05-25 15:16:59 ERROR    Failure: http://localhost:3001/ -> Failed to load resource: net::ERR_CONNECTION_REFUSED
2022-05-25 15:17:08 ERROR    Failure: http://localhost:3001/ -> net::ERR_CONNECTION_REFUSED
2022-05-25 15:17:08 ERROR    Failure: http://localhost:3001/ -> Failed to load resource: net::ERR_CONNECTION_REFUSED
2022-05-25 15:17:17 ERROR    Failure: http://localhost:3001/ -> net::ERR_CONNECTION_REFUSED
2022-05-25 15:17:17 ERROR    Failure: http://localhost:3001/ -> Failed to load resource: net::ERR_CONNECTION_REFUSED
2022-05-25 15:17:23 ERROR    Failure: http://localhost:3001/ -> net::ERR_CONNECTION_REFUSED
2022-05-25 15:17:23 ERROR    Failure: http://localhost:3001/ -> Failed to load resource: net::ERR_CONNECTION_REFUSED
2022-05-25 15:17:31 ERROR    Failure: http://localhost:3001/ -> net::ERR_CONNECTION_REFUSED
2022-05-25 15:17:31 ERROR    Failure: http://localhost:3001/ -> Failed to load resource: net::ERR_CONNECTION_REFUSED
2022-05-25 15:17:36 ERROR    Failure: http://localhost:3001/ -> net::ERR_CONNECTION_REFUSED
2022-05-25 15:17:36 ERROR    Failure: http://localhost:3001/ -> Failed to load resource: net::ERR_CONNECTION_REFUSED
2022-05-25 15:17:39 ERROR    Failure: http://localhost:3001/wallets -> net::ERR_ABORTED
2022-05-25 15:17:40 ERROR    Failure: http://localhost:3001/ -> net::ERR_CONNECTION_REFUSED
2022-05-25 15:17:40 ERROR    Failure: http://localhost:3001/ -> Failed to load resource: net::ERR_CONNECTION_REFUSED
2022-05-25 15:17:49 ERROR    Failure: http://localhost:3001/ -> net::ERR_CONNECTION_REFUSED
2022-05-25 15:17:49 ERROR    Failure: http://localhost:3001/ -> Failed to load resource: net::ERR_CONNECTION_REFUSED
2022-05-25 15:17:54 ERROR    Failure: http://localhost:3001/ -> net::ERR_CONNECTION_REFUSED
2022-05-25 15:17:54 ERROR    Failure: http://localhost:3001/ -> Failed to load resource: net::ERR_CONNECTION_REFUSED
2022-05-25 15:17:58 ERROR    Failure: http://localhost:3001/ -> net::ERR_CONNECTION_REFUSED
2022-05-25 15:17:58 ERROR    Failure: http://localhost:3001/ -> Failed to load resource: net::ERR_CONNECTION_REFUSED
2022-05-25 15:18:02 ERROR    Failure: http://localhost:3001/ -> net::ERR_CONNECTION_REFUSED
2022-05-25 15:18:02 ERROR    Failure: http://localhost:3001/ -> Failed to load resource: net::ERR_CONNECTION_REFUSED
2022-05-25 15:18:07 ERROR    Failure: http://localhost:3001/ -> net::ERR_CONNECTION_REFUSED
2022-05-25 15:18:07 ERROR    Failure: http://localhost:3001/ -> Failed to load resource: net::ERR_CONNECTION_REFUSED
2022-05-25 15:18:12 ERROR    Failure: http://localhost:3001/ -> net::ERR_CONNECTION_REFUSED
2022-05-25 15:18:12 ERROR    Failure: http://localhost:3001/ -> Failed to load resource: net::ERR_CONNECTION_REFUSED
2022-05-25 15:18:16 ERROR    Failure: http://localhost:3001/ -> net::ERR_CONNECTION_REFUSED
2022-05-25 15:18:16 ERROR    Failure: http://localhost:3001/ -> Failed to load resource: net::ERR_CONNECTION_REFUSED
2022-05-25 15:18:23 ERROR    Failure: http://localhost:3001/ -> net::ERR_CONNECTION_REFUSED
2022-05-25 15:18:23 ERROR    Failure: http://localhost:3001/ -> Failed to load resource: net::ERR_CONNECTION_REFUSED
2022-05-25 15:18:29 ERROR    Failure: http://localhost:3001/ -> net::ERR_CONNECTION_REFUSED
2022-05-25 15:18:29 ERROR    Failure: http://localhost:3001/ -> Failed to load resource: net::ERR_CONNECTION_REFUSED
2022-05-25 15:18:34 ERROR    Failure: http://localhost:3001/ -> net::ERR_CONNECTION_REFUSED
2022-05-25 15:18:34 ERROR    Failure: http://localhost:3001/ -> Failed to load resource: net::ERR_CONNECTION_REFUSED
2022-05-25 15:18:40 ERROR    Failure: http://localhost:3001/ -> net::ERR_CONNECTION_REFUSED
2022-05-25 15:18:40 ERROR    Failure: http://localhost:3001/ -> Failed to load resource: net::ERR_CONNECTION_REFUSED
2022-05-25 15:18:46 ERROR    Failure: http://localhost:3001/ -> net::ERR_CONNECTION_REFUSED
2022-05-25 15:18:46 ERROR    Failure: http://localhost:3001/ -> Failed to load resource: net::ERR_CONNECTION_REFUSED
2022-05-25 15:18:53 ERROR    Failure: http://localhost:3001/ -> net::ERR_CONNECTION_REFUSED
2022-05-25 15:18:53 ERROR    Failure: http://localhost:3001/ -> Failed to load resource: net::ERR_CONNECTION_REFUSED
2022-05-25 15:18:58 ERROR    Failure: http://localhost:3001/ -> net::ERR_CONNECTION_REFUSED
2022-05-25 15:18:58 ERROR    Failure: http://localhost:3001/ -> Failed to load resource: net::ERR_CONNECTION_REFUSED
2022-05-25 15:19:06 ERROR    Failure: http://localhost:3001/ -> net::ERR_CONNECTION_REFUSED
2022-05-25 15:19:06 ERROR    Failure: http://localhost:3001/ -> Failed to load resource: net::ERR_CONNECTION_REFUSED
2022-05-25 15:19:13 ERROR    Failure: http://localhost:3001/ -> net::ERR_CONNECTION_REFUSED
2022-05-25 15:19:13 ERROR    Failure: http://localhost:3001/ -> Failed to load resource: net::ERR_CONNECTION_REFUSED
2022-05-25 15:19:18 ERROR    Failure: http://localhost:3001/ -> net::ERR_CONNECTION_REFUSED
2022-05-25 15:19:18 ERROR    Failure: http://localhost:3001/ -> Failed to load resource: net::ERR_CONNECTION_REFUSED
2022-05-25 15:19:24 ERROR    Failure: http://localhost:3001/ -> net::ERR_CONNECTION_REFUSED
2022-05-25 15:19:24 ERROR    Failure: http://localhost:3001/ -> Failed to load resource: net::ERR_CONNECTION_REFUSED
2022-05-25 15:19:31 ERROR    Failure: http://localhost:3001/ -> net::ERR_CONNECTION_REFUSED
2022-05-25 15:19:31 ERROR    Failure: http://localhost:3001/ -> Failed to load resource: net::ERR_CONNECTION_REFUSED
2022-05-25 15:19:37 ERROR    Failure: http://localhost:3001/ -> net::ERR_CONNECTION_REFUSED
2022-05-25 15:19:37 ERROR    Failure: http://localhost:3001/ -> Failed to load resource: net::ERR_CONNECTION_REFUSED
2022-05-25 15:19:42 ERROR    Failure: http://localhost:3001/ -> net::ERR_CONNECTION_REFUSED
2022-05-25 15:19:42 ERROR    Failure: http://localhost:3001/ -> Failed to load resource: net::ERR_CONNECTION_REFUSED
2022-05-25 15:19:48 ERROR    Failure: http://localhost:3001/ -> net::ERR_CONNECTION_REFUSED
2022-05-25 15:19:48 ERROR    Failure: http://localhost:3001/ -> Failed to load resource: net::ERR_CONNECTION_REFUSED
2022-05-25 15:19:53 ERROR    Failure: http://localhost:3001/ -> net::ERR_CONNECTION_REFUSED
2022-05-25 15:19:53 ERROR    Failure: http://localhost:3001/ -> Failed to load resource: net::ERR_CONNECTION_REFUSED
2022-05-25 15:19:59 ERROR    Failure: http://localhost:3001/ -> net::ERR_CONNECTION_REFUSED
2022-05-25 15:19:59 ERROR    Failure: http://localhost:3001/ -> Failed to load resource: net::ERR_CONNECTION_REFUSED
2022-05-25 15:20:06 ERROR    Failure: http://localhost:3001/ -> net::ERR_CONNECTION_REFUSED
2022-05-25 15:20:06 ERROR    Failure: http://localhost:3001/ -> Failed to load resource: net::ERR_CONNECTION_REFUSED
2022-05-25 15:20:12 ERROR    Failure: http://localhost:3001/ -> net::ERR_CONNECTION_REFUSED
2022-05-25 15:20:12 ERROR    Failure: http://localhost:3001/ -> Failed to load resource: net::ERR_CONNECTION_REFUSED
2022-05-25 15:20:20 ERROR    Failure: http://localhost:3001/ -> net::ERR_CONNECTION_REFUSED
2022-05-25 15:20:20 ERROR    Failure: http://localhost:3001/ -> Failed to load resource: net::ERR_CONNECTION_REFUSED
2022-05-25 15:20:27 ERROR    Failure: http://localhost:3001/ -> net::ERR_CONNECTION_REFUSED
2022-05-25 15:20:27 ERROR    Failure: http://localhost:3001/ -> Failed to load resource: net::ERR_CONNECTION_REFUSED
2022-05-25 15:20:32 ERROR    Failure: http://localhost:3001/ -> net::ERR_CONNECTION_REFUSED
2022-05-25 15:20:32 ERROR    Failure: http://localhost:3001/ -> Failed to load resource: net::ERR_CONNECTION_REFUSED
2022-05-25 15:20:38 ERROR    Failure: http://localhost:3001/ -> net::ERR_CONNECTION_REFUSED
2022-05-25 15:20:38 ERROR    Failure: http://localhost:3001/ -> Failed to load resource: net::ERR_CONNECTION_REFUSED
2022-05-25 15:20:44 ERROR    Failure: http://localhost:3001/ -> net::ERR_CONNECTION_REFUSED
2022-05-25 15:20:44 ERROR    Failure: http://localhost:3001/ -> Failed to load resource: net::ERR_CONNECTION_REFUSED
2022-05-25 15:20:55 ERROR    Failure: http://localhost:3001/ -> net::ERR_CONNECTION_REFUSED
2022-05-25 15:20:55 ERROR    Failure: http://localhost:3001/ -> Failed to load resource: net::ERR_CONNECTION_REFUSED
2022-05-25 15:21:01 ERROR    Failure: http://localhost:3001/ -> net::ERR_CONNECTION_REFUSED
2022-05-25 15:21:01 ERROR    Failure: http://localhost:3001/ -> Failed to load resource: net::ERR_CONNECTION_REFUSED
2022-05-25 15:21:13 ERROR    Failure: http://localhost:3001/ -> net::ERR_CONNECTION_REFUSED
2022-05-25 15:21:13 ERROR    Failure: http://localhost:3001/ -> Failed to load resource: net::ERR_CONNECTION_REFUSED
2022-05-25 15:21:22 ERROR    Failure: http://localhost:3001/ -> net::ERR_CONNECTION_REFUSED
2022-05-25 15:21:22 ERROR    Failure: http://localhost:3001/ -> Failed to load resource: net::ERR_CONNECTION_REFUSED
2022-05-25 15:21:26 ERROR    Failure: http://localhost:3001/ -> net::ERR_CONNECTION_REFUSED
2022-05-25 15:21:26 ERROR    Failure: http://localhost:3001/ -> Failed to load resource: net::ERR_CONNECTION_REFUSED
2022-05-25 15:21:33 ERROR    Failure: http://localhost:3001/ -> net::ERR_CONNECTION_REFUSED
2022-05-25 15:21:33 ERROR    Failure: http://localhost:3001/ -> Failed to load resource: net::ERR_CONNECTION_REFUSED
2022-05-25 15:21:44 ERROR    Failure: http://localhost:3001/ -> net::ERR_CONNECTION_REFUSED
2022-05-25 15:21:44 ERROR    Failure: http://localhost:3001/ -> Failed to load resource: net::ERR_CONNECTION_REFUSED
2022-05-25 15:21:49 ERROR    Failure: http://localhost:3001/ -> net::ERR_CONNECTION_REFUSED
2022-05-25 15:21:49 ERROR    Failure: http://localhost:3001/ -> Failed to load resource: net::ERR_CONNECTION_REFUSED
2022-05-25 15:21:55 ERROR    Failure: http://localhost:3001/ -> net::ERR_CONNECTION_REFUSED
2022-05-25 15:21:55 ERROR    Failure: http://localhost:3001/ -> Failed to load resource: net::ERR_CONNECTION_REFUSED
2022-05-25 15:22:02 ERROR    Failure: http://localhost:3001/ -> net::ERR_CONNECTION_REFUSED
2022-05-25 15:22:02 ERROR    Failure: http://localhost:3001/ -> Failed to load resource: net::ERR_CONNECTION_REFUSED
2022-05-25 15:22:09 ERROR    Failure: http://localhost:3001/ -> net::ERR_CONNECTION_REFUSED
2022-05-25 15:22:09 ERROR    Failure: http://localhost:3001/ -> Failed to load resource: net::ERR_CONNECTION_REFUSED
2022-05-25 15:22:13 ERROR    Failure: http://localhost:3001/ -> net::ERR_CONNECTION_REFUSED
2022-05-25 15:22:13 ERROR    Failure: http://localhost:3001/ -> Failed to load resource: net::ERR_CONNECTION_REFUSED
2022-05-25 15:22:20 ERROR    Failure: http://localhost:3001/ -> net::ERR_CONNECTION_REFUSED
2022-05-25 15:22:20 ERROR    Failure: http://localhost:3001/ -> Failed to load resource: net::ERR_CONNECTION_REFUSED
2022-05-25 15:22:26 ERROR    Failure: http://localhost:3001/ -> net::ERR_CONNECTION_REFUSED
2022-05-25 15:22:26 ERROR    Failure: http://localhost:3001/ -> Failed to load resource: net::ERR_CONNECTION_REFUSED
2022-05-25 15:22:33 ERROR    Failure: http://localhost:3001/ -> net::ERR_CONNECTION_REFUSED
2022-05-25 15:22:33 ERROR    Failure: http://localhost:3001/ -> Failed to load resource: net::ERR_CONNECTION_REFUSED
2022-05-25 15:22:40 ERROR    Failure: http://localhost:3001/ -> net::ERR_CONNECTION_REFUSED
2022-05-25 15:22:40 ERROR    Failure: http://localhost:3001/ -> Failed to load resource: net::ERR_CONNECTION_REFUSED
2022-05-25 15:22:47 ERROR    Failure: http://localhost:3001/ -> net::ERR_CONNECTION_REFUSED
2022-05-25 15:22:47 ERROR    Failure: http://localhost:3001/ -> Failed to load resource: net::ERR_CONNECTION_REFUSED
2022-05-25 15:22:53 ERROR    Failure: http://localhost:3001/ -> net::ERR_CONNECTION_REFUSED
2022-05-25 15:22:53 ERROR    Failure: http://localhost:3001/ -> Failed to load resource: net::ERR_CONNECTION_REFUSED
2022-05-25 15:23:01 ERROR    Failure: http://localhost:3001/ -> net::ERR_CONNECTION_REFUSED
2022-05-25 15:23:01 ERROR    Failure: http://localhost:3001/ -> Failed to load resource: net::ERR_CONNECTION_REFUSED
2022-05-25 15:23:11 ERROR    Failure: http://localhost:3001/ -> net::ERR_CONNECTION_REFUSED
2022-05-25 15:23:11 ERROR    Failure: http://localhost:3001/ -> Failed to load resource: net::ERR_CONNECTION_REFUSED
2022-05-25 15:23:17 ERROR    Failure: http://localhost:3001/ -> net::ERR_CONNECTION_REFUSED
2022-05-25 15:23:17 ERROR    Failure: http://localhost:3001/ -> Failed to load resource: net::ERR_CONNECTION_REFUSED
2022-05-25 15:23:23 ERROR    Failure: http://localhost:3001/ -> net::ERR_CONNECTION_REFUSED
2022-05-25 15:23:23 ERROR    Failure: http://localhost:3001/ -> Failed to load resource: net::ERR_CONNECTION_REFUSED
2022-05-25 15:23:27 ERROR    Failure: http://localhost:3001/ -> net::ERR_CONNECTION_REFUSED
2022-05-25 15:23:27 ERROR    Failure: http://localhost:3001/ -> Failed to load resource: net::ERR_CONNECTION_REFUSED
2022-05-25 15:23:38 ERROR    Failure: http://localhost:3001/ -> net::ERR_CONNECTION_REFUSED
2022-05-25 15:23:38 ERROR    Failure: http://localhost:3001/ -> Failed to load resource: net::ERR_CONNECTION_REFUSED
2022-05-25 15:23:46 ERROR    Failure: http://localhost:3001/ -> net::ERR_CONNECTION_REFUSED
2022-05-25 15:23:46 ERROR    Failure: http://localhost:3001/ -> Failed to load resource: net::ERR_CONNECTION_REFUSED
2022-05-25 15:23:50 ERROR    Failure: http://localhost:3001/ -> net::ERR_CONNECTION_REFUSED
2022-05-25 15:23:50 ERROR    Failure: http://localhost:3001/ -> Failed to load resource: net::ERR_CONNECTION_REFUSED
2022-05-25 15:23:56 ERROR    Failure: http://localhost:3001/ -> net::ERR_CONNECTION_REFUSED
2022-05-25 15:23:56 ERROR    Failure: http://localhost:3001/ -> Failed to load resource: net::ERR_CONNECTION_REFUSED
2022-05-25 15:24:00 ERROR    Failure: http://localhost:3001/ -> net::ERR_CONNECTION_REFUSED
2022-05-25 15:24:00 ERROR    Failure: http://localhost:3001/ -> Failed to load resource: net::ERR_CONNECTION_REFUSED
2022-05-25 15:24:05 ERROR    Failure: http://localhost:3001/ -> net::ERR_CONNECTION_REFUSED
2022-05-25 15:24:05 ERROR    Failure: http://localhost:3001/ -> Failed to load resource: net::ERR_CONNECTION_REFUSED
2022-05-25 15:24:15 ERROR    Failure: http://localhost:3001/ -> net::ERR_CONNECTION_REFUSED
2022-05-25 15:24:15 ERROR    Failure: http://localhost:3001/ -> Failed to load resource: net::ERR_CONNECTION_REFUSED
2022-05-25 15:24:21 ERROR    Failure: http://localhost:3001/ -> net::ERR_CONNECTION_REFUSED
2022-05-25 15:24:21 ERROR    Failure: http://localhost:3001/ -> Failed to load resource: net::ERR_CONNECTION_REFUSED
2022-05-25 15:24:24 ERROR    Failure: http://localhost:3001/ -> net::ERR_CONNECTION_REFUSED
2022-05-25 15:24:24 ERROR    Failure: http://localhost:3001/ -> Failed to load resource: net::ERR_CONNECTION_REFUSED
2022-05-25 15:24:34 ERROR    Failure: http://localhost:3001/ -> net::ERR_CONNECTION_REFUSED
2022-05-25 15:24:34 ERROR    Failure: http://localhost:3001/ -> Failed to load resource: net::ERR_CONNECTION_REFUSED
2022-05-25 15:25:04 ERROR    Failure: http://localhost:3001/ -> net::ERR_CONNECTION_REFUSED
2022-05-25 15:25:04 ERROR    Failure: http://localhost:3001/ -> Failed to load resource: net::ERR_CONNECTION_REFUSED
2022-05-25 15:25:35 ERROR    Failure: http://localhost:3001/ -> net::ERR_CONNECTION_REFUSED
2022-05-25 15:25:35 ERROR    Failure: http://localhost:3001/ -> Failed to load resource: net::ERR_CONNECTION_REFUSED
2022-05-25 15:26:05 ERROR    Failure: http://localhost:3001/ -> net::ERR_CONNECTION_REFUSED
2022-05-25 15:26:05 ERROR    Failure: http://localhost:3001/ -> Failed to load resource: net::ERR_CONNECTION_REFUSED
2022-05-25 15:26:08 ERROR    Failure: http://localhost:3001/ -> net::ERR_ADDRESS_UNREACHABLE
2022-05-25 15:26:08 ERROR    Failure: http://localhost:3001/ -> Failed to load resource: net::ERR_ADDRESS_UNREACHABLE
2022-05-25 15:26:35 ERROR    Failure: http://localhost:3001/ -> net::ERR_CONNECTION_REFUSED
2022-05-25 15:26:35 ERROR    Failure: http://localhost:3001/ -> Failed to load resource: net::ERR_CONNECTION_REFUSED
2022-05-25 15:27:05 ERROR    Failure: http://localhost:3001/ -> net::ERR_CONNECTION_REFUSED
2022-05-25 15:27:05 ERROR    Failure: http://localhost:3001/ -> Failed to load resource: net::ERR_CONNECTION_REFUSED
2022-05-25 15:27:36 ERROR    Failure: http://localhost:3001/ -> net::ERR_CONNECTION_REFUSED
2022-05-25 15:27:36 ERROR    Failure: http://localhost:3001/ -> Failed to load resource: net::ERR_CONNECTION_REFUSED
2022-05-25 15:28:06 ERROR    Failure: http://localhost:3001/ -> net::ERR_CONNECTION_REFUSED
2022-05-25 15:28:06 ERROR    Failure: http://localhost:3001/ -> Failed to load resource: net::ERR_CONNECTION_REFUSED
2022-05-25 15:28:36 ERROR    Failure: http://localhost:3001/ -> net::ERR_CONNECTION_REFUSED
2022-05-25 15:28:36 ERROR    Failure: http://localhost:3001/ -> Failed to load resource: net::ERR_CONNECTION_REFUSED
2022-05-25 15:29:06 ERROR    Failure: http://localhost:3001/ -> net::ERR_CONNECTION_REFUSED
2022-05-25 15:29:06 ERROR    Failure: http://localhost:3001/ -> Failed to load resource: net::ERR_CONNECTION_REFUSED
2022-05-25 15:29:37 ERROR    Failure: http://localhost:3001/ -> net::ERR_CONNECTION_REFUSED
2022-05-25 15:29:37 ERROR    Failure: http://localhost:3001/ -> Failed to load resource: net::ERR_CONNECTION_REFUSED
2022-05-25 15:30:07 ERROR    Failure: http://localhost:3001/ -> net::ERR_CONNECTION_REFUSED
2022-05-25 15:30:07 ERROR    Failure: http://localhost:3001/ -> Failed to load resource: net::ERR_CONNECTION_REFUSED
2022-05-25 15:30:37 ERROR    Failure: http://localhost:3001/ -> net::ERR_CONNECTION_REFUSED
2022-05-25 15:30:37 ERROR    Failure: http://localhost:3001/ -> Failed to load resource: net::ERR_CONNECTION_REFUSED
2022-05-25 15:31:07 ERROR    Failure: http://localhost:3001/ -> net::ERR_CONNECTION_REFUSED
2022-05-25 15:31:07 ERROR    Failure: http://localhost:3001/ -> Failed to load resource: net::ERR_CONNECTION_REFUSED
2022-05-25 15:31:23 ERROR    Failure: http://localhost:3001/ -> net::ERR_ADDRESS_UNREACHABLE
2022-05-25 15:31:23 ERROR    Failure: http://localhost:3001/ -> Failed to load resource: net::ERR_ADDRESS_UNREACHABLE
2022-05-25 15:31:37 ERROR    Failure: http://localhost:3001/ -> net::ERR_CONNECTION_REFUSED
2022-05-25 15:31:37 ERROR    Failure: http://localhost:3001/ -> Failed to load resource: net::ERR_CONNECTION_REFUSED
2022-05-25 15:31:38 ERROR    Failure: http://localhost:3001/ -> net::ERR_ADDRESS_UNREACHABLE
2022-05-25 15:31:38 ERROR    Failure: http://localhost:3001/ -> Failed to load resource: net::ERR_ADDRESS_UNREACHABLE
2022-05-25 15:32:08 ERROR    Failure: http://localhost:3001/ -> net::ERR_CONNECTION_REFUSED
2022-05-25 15:32:08 ERROR    Failure: http://localhost:3001/ -> Failed to load resource: net::ERR_CONNECTION_REFUSED
2022-05-25 15:32:38 ERROR    Failure: http://localhost:3001/ -> net::ERR_CONNECTION_REFUSED
2022-05-25 15:32:38 ERROR    Failure: http://localhost:3001/ -> Failed to load resource: net::ERR_CONNECTION_REFUSED
2022-05-25 15:33:08 ERROR    Failure: http://localhost:3001/ -> net::ERR_CONNECTION_REFUSED
2022-05-25 15:33:08 ERROR    Failure: http://localhost:3001/ -> Failed to load resource: net::ERR_CONNECTION_REFUSED
2022-05-25 15:33:38 ERROR    Failure: http://localhost:3001/ -> net::ERR_CONNECTION_REFUSED
2022-05-25 15:33:38 ERROR    Failure: http://localhost:3001/ -> Failed to load resource: net::ERR_CONNECTION_REFUSED
2022-05-25 15:34:09 ERROR    Failure: http://localhost:3001/ -> net::ERR_CONNECTION_REFUSED
2022-05-25 15:34:09 ERROR    Failure: http://localhost:3001/ -> Failed to load resource: net::ERR_CONNECTION_REFUSED
2022-05-25 15:34:39 ERROR    Failure: http://localhost:3001/ -> net::ERR_CONNECTION_REFUSED
2022-05-25 15:34:39 ERROR    Failure: http://localhost:3001/ -> Failed to load resource: net::ERR_CONNECTION_REFUSED
2022-05-25 15:35:09 ERROR    Failure: http://localhost:3001/ -> net::ERR_CONNECTION_REFUSED
2022-05-25 15:35:09 ERROR    Failure: http://localhost:3001/ -> Failed to load resource: net::ERR_CONNECTION_REFUSED
2022-05-25 15:35:39 ERROR    Failure: http://localhost:3001/ -> net::ERR_CONNECTION_REFUSED
2022-05-25 15:35:39 ERROR    Failure: http://localhost:3001/ -> Failed to load resource: net::ERR_CONNECTION_REFUSED
2022-05-25 15:36:10 ERROR    Failure: http://localhost:3001/ -> net::ERR_CONNECTION_REFUSED
2022-05-25 15:36:10 ERROR    Failure: http://localhost:3001/ -> Failed to load resource: net::ERR_CONNECTION_REFUSED
2022-05-25 15:36:40 ERROR    Failure: http://localhost:3001/ -> net::ERR_CONNECTION_REFUSED
2022-05-25 15:36:40 ERROR    Failure: http://localhost:3001/ -> Failed to load resource: net::ERR_CONNECTION_REFUSED
2022-05-25 15:37:10 ERROR    Failure: http://localhost:3001/ -> net::ERR_CONNECTION_REFUSED
2022-05-25 15:37:10 ERROR    Failure: http://localhost:3001/ -> Failed to load resource: net::ERR_CONNECTION_REFUSED
2022-05-25 15:37:40 ERROR    Failure: http://localhost:3001/ -> net::ERR_CONNECTION_REFUSED
2022-05-25 15:37:40 ERROR    Failure: http://localhost:3001/ -> Failed to load resource: net::ERR_CONNECTION_REFUSED
2022-05-25 15:38:11 ERROR    Failure: http://localhost:3001/ -> net::ERR_CONNECTION_REFUSED
2022-05-25 15:38:11 ERROR    Failure: http://localhost:3001/ -> Failed to load resource: net::ERR_CONNECTION_REFUSED
2022-05-25 15:38:26 ERROR    Failure: http://localhost:3001/ -> net::ERR_ADDRESS_UNREACHABLE
2022-05-25 15:38:26 ERROR    Failure: http://localhost:3001/ -> Failed to load resource: net::ERR_ADDRESS_UNREACHABLE
2022-05-25 15:38:41 ERROR    Failure: http://localhost:3001/ -> net::ERR_CONNECTION_REFUSED
2022-05-25 15:38:41 ERROR    Failure: http://localhost:3001/ -> Failed to load resource: net::ERR_CONNECTION_REFUSED
2022-05-25 15:39:11 ERROR    Failure: http://localhost:3001/ -> net::ERR_CONNECTION_REFUSED
2022-05-25 15:39:11 ERROR    Failure: http://localhost:3001/ -> Failed to load resource: net::ERR_CONNECTION_REFUSED
2022-05-25 15:39:41 ERROR    Failure: http://localhost:3001/ -> net::ERR_CONNECTION_REFUSED
2022-05-25 15:39:41 ERROR    Failure: http://localhost:3001/ -> Failed to load resource: net::ERR_CONNECTION_REFUSED
2022-05-25 15:40:12 ERROR    Failure: http://localhost:3001/ -> net::ERR_CONNECTION_REFUSED
2022-05-25 15:40:12 ERROR    Failure: http://localhost:3001/ -> Failed to load resource: net::ERR_CONNECTION_REFUSED
2022-05-25 15:40:42 ERROR    Failure: http://localhost:3001/ -> net::ERR_CONNECTION_REFUSED
2022-05-25 15:40:42 ERROR    Failure: http://localhost:3001/ -> Failed to load resource: net::ERR_CONNECTION_REFUSED
2022-05-25 15:41:12 ERROR    Failure: http://localhost:3001/ -> net::ERR_CONNECTION_REFUSED
2022-05-25 15:41:12 ERROR    Failure: http://localhost:3001/ -> Failed to load resource: net::ERR_CONNECTION_REFUSED
2022-05-25 15:41:42 ERROR    Failure: http://localhost:3001/ -> net::ERR_CONNECTION_REFUSED
2022-05-25 15:41:42 ERROR    Failure: http://localhost:3001/ -> Failed to load resource: net::ERR_CONNECTION_REFUSED
2022-05-25 15:42:12 ERROR    Failure: http://localhost:3001/ -> net::ERR_CONNECTION_REFUSED
2022-05-25 15:42:12 ERROR    Failure: http://localhost:3001/ -> Failed to load resource: net::ERR_CONNECTION_REFUSED
2022-05-25 15:42:42 WARNING  Finished
2022-05-25 15:42:42 WARNING  (Failure Count, Coverage Percentage) : (6, 0.718522074422782)
2022-05-25 15:42:42 ERROR    http://localhost:3001/ -> net::ERR_CONNECTION_REFUSED
2022-05-25 15:42:42 ERROR    http://localhost:3001/ -> Failed to load resource: net::ERR_CONNECTION_REFUSED
2022-05-25 15:42:42 ERROR    http://localhost:3001/wallets -> net::ERR_NAME_NOT_RESOLVED
2022-05-25 15:42:42 ERROR    http://localhost:3001/wallets -> net::ERR_ABORTED
2022-05-25 15:42:42 ERROR    http://localhost:3001/ -> net::ERR_ADDRESS_UNREACHABLE
2022-05-25 15:42:42 ERROR    http://localhost:3001/ -> Failed to load resource: net::ERR_ADDRESS_UNREACHABLE
