77659574643383717146484374309974862090, None, 77659574643383717146484374309974862090, http://localhost:3001/
77659574643383717146484374309974862090, 75056642720997424365806452209120460192 -> a ['Sign In']{'href': '/user/signin', 'data-in': 'Sign In'}, 151486758748042171726768099244082768382, http://localhost:3001/wallets/
151486758748042171726768099244082768382, 164770504787406092505723908950430241986 -> button ['×']{'type': 'button', 'data-dismiss': 'modal', 'aria-hidden': 'true'}, 6080566407597633732358017799383177004, http://localhost:3001/wallets
278076690333225625169989687868833103351, None, 278076690333225625169989687868833103351, http://localhost:3001/wallets
278076690333225625169989687868833103351, None, 278076690333225625169989687868833103351, http://localhost:3001/wallets
278076690333225625169989687868833103351, 274301475234106015798208772233845802165 -> a ['View Source on GitHub']{'href': 'https://github.com/jeka-kiselyov/dimeshift', 'data-in': 'View Source on GitHub'}, 171558891936926997090476620071398361821, http://localhost:3001/wallets
278076690333225625169989687868833103351, None, 278076690333225625169989687868833103351, http://localhost:3001/wallets
278076690333225625169989687868833103351, None, 278076690333225625169989687868833103351, http://localhost:3001/wallets
278076690333225625169989687868833103351, None, 278076690333225625169989687868833103351, http://localhost:3001/wallets
278076690333225625169989687868833103351, None, 278076690333225625169989687868833103351, http://localhost:3001/wallets
278076690333225625169989687868833103351, 5608938641747884300044405205556053003 -> button [<span class="glyphicon glyphicon-user", 278076690333225625169989687868833103351, http://localhost:3001/wallets
278076690333225625169989687868833103351, 209638118784994731842872023555060259766 -> a ['Log Out']{'href': '/user/logout', 'data-in': 'Log Out'}, 278076690333225625169989687868833103351, http://localhost:3001/wallets
278076690333225625169989687868833103351, 12549387572312034662595380537530510228 -> a [<span class="glyphicon glyphicon-ok", 278076690333225625169989687868833103351, http://localhost:3001/wallets
278076690333225625169989687868833103351, 213052319638625585713614522919106219128 -> a ['\n', <div class="pull-right text-success transaction_amount", 162045021037823983244161649239916451396, http://localhost:3001/wallets/2
278076690333225625169989687868833103351, None, 278076690333225625169989687868833103351, http://localhost:3001/wallets
278076690333225625169989687868833103351, 213052319638625585713614522919106219128 -> a ['\n', <div class="pull-right text-success transaction_amount", 162045021037823983244161649239916451396, http://localhost:3001/wallets/2
162045021037823983244161649239916451396, 51734587471318764320500906054182906819 -> a [<span data-i18n="set total to", 162045021037823983244161649239916451396, http://localhost:3001/wallets/2
162045021037823983244161649239916451396, 40033767128550119556758792738972518504 -> button [<span data-i18n="Add Income", 162045021037823983244161649239916451396, http://localhost:3001/wallets/2
162045021037823983244161649239916451396, 92352577397709620979449345272760805620 -> a [<span aria-hidden="true" class="glyphicon glyphicon-import", 334962245962187059344525107596280000638, http://localhost:3001/wallets/2/import
334962245962187059344525107596280000638, 211529172816946856896018388012172770514 -> input []{'type': 'button', 'value': 'Select file', 'data-loading-text': 'Uploading...', 'data-invalue': 'Select file'}, 334962245962187059344525107596280000638, http://localhost:3001/wallets/2/import
278076690333225625169989687868833103351, None, 278076690333225625169989687868833103351, http://localhost:3001/wallets
278076690333225625169989687868833103351, 213052319638625585713614522919106219128 -> a ['\n', <div class="pull-right text-success transaction_amount", 162045021037823983244161649239916451396, http://localhost:3001/wallets/2
162045021037823983244161649239916451396, 92352577397709620979449345272760805620 -> a [<span aria-hidden="true" class="glyphicon glyphicon-import", 334962245962187059344525107596280000638, http://localhost:3001/wallets/2/import
278076690333225625169989687868833103351, None, 278076690333225625169989687868833103351, http://localhost:3001/wallets
278076690333225625169989687868833103351, 213052319638625585713614522919106219128 -> a ['\n', <div class="pull-right text-success transaction_amount", 162045021037823983244161649239916451396, http://localhost:3001/wallets/2
162045021037823983244161649239916451396, 300938307388621752250340407401666505920 -> form ['\n', <input class="form-control" data-i18nplaceholder="Describe expense and press Enter to add" id="add_transaction_text" placeholder="Describe expense and press Enter to add" type="text"/, 162045021037823983244161649239916451396, http://localhost:3001/wallets/2
162045021037823983244161649239916451396, 300938307388621752250340407401666505920 -> form ['\n', <input class="form-control" data-i18nplaceholder="Describe expense and press Enter to add" id="add_transaction_text" placeholder="Describe expense and press Enter to add" type="text"/, 162045021037823983244161649239916451396, http://localhost:3001/wallets/2
278076690333225625169989687868833103351, None, 278076690333225625169989687868833103351, http://localhost:3001/wallets
278076690333225625169989687868833103351, 213052319638625585713614522919106219128 -> a ['\n', <div class="pull-right text-success transaction_amount", 162045021037823983244161649239916451396, http://localhost:3001/wallets/2
162045021037823983244161649239916451396, 158009411471723493269880909046446417559 -> a [<span data-i18n="Set Goal", 287393647012105903508667004843733326622, http://localhost:3001/wallets
278076690333225625169989687868833103351, None, 278076690333225625169989687868833103351, http://localhost:3001/wallets
278076690333225625169989687868833103351, 213052319638625585713614522919106219128 -> a ['\n', <div class="pull-right text-success transaction_amount", 162045021037823983244161649239916451396, http://localhost:3001/wallets/2
162045021037823983244161649239916451396, 158009411471723493269880909046446417559 -> a [<span data-i18n="Set Goal", 287393647012105903508667004843733326622, http://localhost:3001/wallets
278076690333225625169989687868833103351, None, 278076690333225625169989687868833103351, http://localhost:3001/wallets
278076690333225625169989687868833103351, 213052319638625585713614522919106219128 -> a ['\n', <div class="pull-right text-success transaction_amount", 162045021037823983244161649239916451396, http://localhost:3001/wallets/2
162045021037823983244161649239916451396, 158009411471723493269880909046446417559 -> a [<span data-i18n="Set Goal", 287393647012105903508667004843733326622, http://localhost:3001/wallets
278076690333225625169989687868833103351, None, 278076690333225625169989687868833103351, http://localhost:3001/wallets
278076690333225625169989687868833103351, 213052319638625585713614522919106219128 -> a ['\n', <div class="pull-right text-success transaction_amount", 162045021037823983244161649239916451396, http://localhost:3001/wallets/2
162045021037823983244161649239916451396, 158009411471723493269880909046446417559 -> a [<span data-i18n="Set Goal", 287393647012105903508667004843733326622, http://localhost:3001/wallets
278076690333225625169989687868833103351, None, 278076690333225625169989687868833103351, http://localhost:3001/wallets
278076690333225625169989687868833103351, 213052319638625585713614522919106219128 -> a ['\n', <div class="pull-right text-success transaction_amount", 162045021037823983244161649239916451396, http://localhost:3001/wallets/2
278076690333225625169989687868833103351, None, 278076690333225625169989687868833103351, http://localhost:3001/wallets
278076690333225625169989687868833103351, 205911053392441145155640008213943745727 -> a [<span class="glyphicon glyphicon-ok", 278076690333225625169989687868833103351, http://localhost:3001/wallets
278076690333225625169989687868833103351, 320174147126102010907134653534871470777 -> button [<span class="glyphicon glyphicon-trash", 278076690333225625169989687868833103351, http://localhost:3001/wallets
278076690333225625169989687868833103351, 277712453453955741677905488786830410505 -> a ['Contact']{'href': 'mailto:jeka911@gmail.com?subject=Wallet', 'data-in': 'Contact'}, 278076690333225625169989687868833103351, http://localhost:3001/wallets
278076690333225625169989687868833103351, None, 278076690333225625169989687868833103351, http://localhost:3001/wallets
278076690333225625169989687868833103351, 320017142932264440202265339472595322358 -> a ['\n', <div class="pull-right text-success transaction_amount", 94778239930903050423922444726024444033, http://localhost:3001/wallets/1
278076690333225625169989687868833103351, None, 278076690333225625169989687868833103351, http://localhost:3001/wallets
278076690333225625169989687868833103351, 320017142932264440202265339472595322358 -> a ['\n', <div class="pull-right text-success transaction_amount", 261598073994595703607765769085960458621, http://localhost:3001/wallets/1
278076690333225625169989687868833103351, None, 278076690333225625169989687868833103351, http://localhost:3001/wallets
278076690333225625169989687868833103351, 320017142932264440202265339472595322358 -> a ['\n', <div class="pull-right text-success transaction_amount", 94778239930903050423922444726024444033, http://localhost:3001/wallets/1
94778239930903050423922444726024444033, 51734587471318764320500906054182906819 -> a [<span data-i18n="set total to", 94778239930903050423922444726024444033, http://localhost:3001/wallets/1
94778239930903050423922444726024444033, 332632648636535438633633310846405598435 -> button ['\n', <span aria-hidden="true" class="glyphicon glyphicon-chevron-down", 94778239930903050423922444726024444033, http://localhost:3001/wallets/1
94778239930903050423922444726024444033, 193846586110871060058793389819788582164 -> a [<span aria-hidden="true" class="glyphicon glyphicon-import", 193588381120196047449753157670965239848, http://localhost:3001/wallets/1/import
278076690333225625169989687868833103351, None, 278076690333225625169989687868833103351, http://localhost:3001/wallets
278076690333225625169989687868833103351, 320017142932264440202265339472595322358 -> a ['\n', <div class="pull-right text-success transaction_amount", 81841751563367821119392058556947826421, http://localhost:3001/wallets/1
278076690333225625169989687868833103351, None, 278076690333225625169989687868833103351, http://localhost:3001/wallets
278076690333225625169989687868833103351, 320017142932264440202265339472595322358 -> a ['\n', <div class="pull-right text-success transaction_amount", 104092932736939604414670637228857601841, http://localhost:3001/wallets/1
278076690333225625169989687868833103351, None, 278076690333225625169989687868833103351, http://localhost:3001/wallets
278076690333225625169989687868833103351, 320017142932264440202265339472595322358 -> a ['\n', <div class="pull-right text-success transaction_amount", 15616819989710600362315039040554985187, http://localhost:3001/wallets/1
15616819989710600362315039040554985187, 158009411471723493269880909046446417559 -> a [<span data-i18n="Set Goal", 287393647012105903508667004843733326622, http://localhost:3001/wallets
278076690333225625169989687868833103351, None, 278076690333225625169989687868833103351, http://localhost:3001/wallets
278076690333225625169989687868833103351, 320017142932264440202265339472595322358 -> a ['\n', <div class="pull-right text-success transaction_amount", 261598073994595703607765769085960458621, http://localhost:3001/wallets/1
261598073994595703607765769085960458621, 193846586110871060058793389819788582164 -> a [<span aria-hidden="true" class="glyphicon glyphicon-import", 193588381120196047449753157670965239848, http://localhost:3001/wallets/1/import
193588381120196047449753157670965239848, 211529172816946856896018388012172770514 -> input []{'type': 'button', 'value': 'Select file', 'data-loading-text': 'Uploading...', 'data-invalue': 'Select file'}, 193588381120196047449753157670965239848, http://localhost:3001/wallets/1/import
193588381120196047449753157670965239848, 211529172816946856896018388012172770514 -> input []{'type': 'button', 'value': 'Select file', 'data-loading-text': 'Uploading...', 'data-invalue': 'Select file'}, 193588381120196047449753157670965239848, http://localhost:3001/wallets/1/import
278076690333225625169989687868833103351, None, 278076690333225625169989687868833103351, http://localhost:3001/wallets
278076690333225625169989687868833103351, 320017142932264440202265339472595322358 -> a ['\n', <div class="pull-right text-success transaction_amount", 94778239930903050423922444726024444033, http://localhost:3001/wallets/1
94778239930903050423922444726024444033, 193846586110871060058793389819788582164 -> a [<span aria-hidden="true" class="glyphicon glyphicon-import", 193588381120196047449753157670965239848, http://localhost:3001/wallets/1/import
193588381120196047449753157670965239848, 211529172816946856896018388012172770514 -> input []{'type': 'button', 'value': 'Select file', 'data-loading-text': 'Uploading...', 'data-invalue': 'Select file'}, 193588381120196047449753157670965239848, http://localhost:3001/wallets/1/import
193588381120196047449753157670965239848, 211529172816946856896018388012172770514 -> input []{'type': 'button', 'value': 'Select file', 'data-loading-text': 'Uploading...', 'data-invalue': 'Select file'}, 193588381120196047449753157670965239848, http://localhost:3001/wallets/1/import
278076690333225625169989687868833103351, None, 278076690333225625169989687868833103351, http://localhost:3001/wallets
278076690333225625169989687868833103351, 320017142932264440202265339472595322358 -> a ['\n', <div class="pull-right text-success transaction_amount", 94778239930903050423922444726024444033, http://localhost:3001/wallets/1
94778239930903050423922444726024444033, 300938307388621752250340407401666505920 -> form ['\n', <input class="form-control" data-i18nplaceholder="Describe expense and press Enter to add" id="add_transaction_text" placeholder="Describe expense and press Enter to add" type="text"/, 94778239930903050423922444726024444033, http://localhost:3001/wallets/1
94778239930903050423922444726024444033, 300938307388621752250340407401666505920 -> form ['\n', <input class="form-control" data-i18nplaceholder="Describe expense and press Enter to add" id="add_transaction_text" placeholder="Describe expense and press Enter to add" type="text"/, 94778239930903050423922444726024444033, http://localhost:3001/wallets/1
94778239930903050423922444726024444033, 158009411471723493269880909046446417559 -> a [<span data-i18n="Set Goal", 287393647012105903508667004843733326622, http://localhost:3001/wallets
278076690333225625169989687868833103351, None, 278076690333225625169989687868833103351, http://localhost:3001/wallets
278076690333225625169989687868833103351, 320017142932264440202265339472595322358 -> a ['\n', <div class="pull-right text-success transaction_amount", 94778239930903050423922444726024444033, http://localhost:3001/wallets/1
94778239930903050423922444726024444033, 40033767128550119556758792738972518504 -> button [<span data-i18n="Add Income", 94778239930903050423922444726024444033, http://localhost:3001/wallets/1
94778239930903050423922444726024444033, 158009411471723493269880909046446417559 -> a [<span data-i18n="Set Goal", 94778239930903050423922444726024444033, http://localhost:3001/wallets/1
94778239930903050423922444726024444033, 158009411471723493269880909046446417559 -> a [<span data-i18n="Set Goal", 287393647012105903508667004843733326622, http://localhost:3001/wallets
278076690333225625169989687868833103351, None, 278076690333225625169989687868833103351, http://localhost:3001/wallets
278076690333225625169989687868833103351, 320017142932264440202265339472595322358 -> a ['\n', <div class="pull-right text-success transaction_amount", 94778239930903050423922444726024444033, http://localhost:3001/wallets/1
94778239930903050423922444726024444033, 193846586110871060058793389819788582164 -> a [<span aria-hidden="true" class="glyphicon glyphicon-import", 193588381120196047449753157670965239848, http://localhost:3001/wallets/1/import
193588381120196047449753157670965239848, 211529172816946856896018388012172770514 -> input []{'type': 'button', 'value': 'Select file', 'data-loading-text': 'Uploading...', 'data-invalue': 'Select file'}, 193588381120196047449753157670965239848, http://localhost:3001/wallets/1/import
193588381120196047449753157670965239848, 211529172816946856896018388012172770514 -> input []{'type': 'button', 'value': 'Select file', 'data-loading-text': 'Uploading...', 'data-invalue': 'Select file'}, 193588381120196047449753157670965239848, http://localhost:3001/wallets/1/import
278076690333225625169989687868833103351, None, 278076690333225625169989687868833103351, http://localhost:3001/wallets
278076690333225625169989687868833103351, 143964004078119742277710045892540417360 -> a ['Wallets']{'href': '/wallets', 'data-in': 'Wallets'}, 278076690333225625169989687868833103351, http://localhost:3001/wallets
278076690333225625169989687868833103351, 336145394240353959266535772156875663398 -> a [<span data-i18n="Add", 141206558223418214459847049336339575984, http://localhost:3001/wallets
141206558223418214459847049336339575984, 52430776314973270160166886406622674883 -> form ['\n', <fieldset, 141206558223418214459847049336339575984, http://localhost:3001/wallets
141206558223418214459847049336339575984, 52430776314973270160166886406622674883 -> form ['\n', <fieldset, 278076690333225625169989687868833103351, http://localhost:3001/wallets
278076690333225625169989687868833103351, 336145394240353959266535772156875663398 -> a [<span data-i18n="Add", 141206558223418214459847049336339575984, http://localhost:3001/wallets
141206558223418214459847049336339575984, 164770504787406092505723908950430241986 -> button ['×']{'type': 'button', 'data-dismiss': 'modal', 'aria-hidden': 'true'}, 141206558223418214459847049336339575984, http://localhost:3001/wallets
141206558223418214459847049336339575984, 52430776314973270160166886406622674883 -> form ['\n', <fieldset, 141206558223418214459847049336339575984, http://localhost:3001/wallets
141206558223418214459847049336339575984, 52430776314973270160166886406622674883 -> form ['\n', <fieldset, 141206558223418214459847049336339575984, http://localhost:3001/wallets
100499566369056869512958079481746352286, None, 100499566369056869512958079481746352286, http://localhost:3001/wallets
100499566369056869512958079481746352286, 69261900354377929876421606824271450118 -> a [<span aria-hidden="true" class="glyphicon glyphicon-globe", 100499566369056869512958079481746352286, http://localhost:3001/wallets
100499566369056869512958079481746352286, 277712453453955741677905488786830410505 -> a ['Contact']{'href': 'mailto:jeka911@gmail.com?subject=Wallet', 'data-in': 'Contact'}, 100499566369056869512958079481746352286, http://localhost:3001/wallets
100499566369056869512958079481746352286, 59033961675128415164332924159931931082 -> button [<span class="glyphicon glyphicon-pencil", 251053437237528637287105184119505762519, http://localhost:3001/wallets
251053437237528637287105184119505762519, 65141161592695401203524601848507345692 -> form ['\n', <fieldset, 251053437237528637287105184119505762519, http://localhost:3001/wallets
251053437237528637287105184119505762519, 65141161592695401203524601848507345692 -> form ['\n', <fieldset, 251053437237528637287105184119505762519, http://localhost:3001/wallets
251053437237528637287105184119505762519, 164770504787406092505723908950430241986 -> button ['×']{'type': 'button', 'data-dismiss': 'modal', 'aria-hidden': 'true'}, 100499566369056869512958079481746352286, http://localhost:3001/wallets
100499566369056869512958079481746352286, 59033961675128415164332924159931931082 -> button [<span class="glyphicon glyphicon-pencil", 304734451665780229292140565351212719544, http://localhost:3001/wallets
304734451665780229292140565351212719544, 196294470080606284933686171420671433773 -> form ['\n', <fieldset, 304734451665780229292140565351212719544, http://localhost:3001/wallets
100499566369056869512958079481746352286, None, 100499566369056869512958079481746352286, http://localhost:3001/wallets
100499566369056869512958079481746352286, 59033961675128415164332924159931931082 -> button [<span class="glyphicon glyphicon-pencil", 251053437237528637287105184119505762519, http://localhost:3001/wallets
251053437237528637287105184119505762519, 164770504787406092505723908950430241986 -> button ['×']{'type': 'button', 'data-dismiss': 'modal', 'aria-hidden': 'true'}, 100499566369056869512958079481746352286, http://localhost:3001/wallets
100499566369056869512958079481746352286, None, 100499566369056869512958079481746352286, http://localhost:3001/wallets
100499566369056869512958079481746352286, 320174147126102010907134653534871470777 -> button [<span class="glyphicon glyphicon-trash", 100499566369056869512958079481746352286, http://localhost:3001/wallets
100499566369056869512958079481746352286, 250723253103130958413070054446533218214 -> a ['DimeShift']{'href': 'http://dimeshift.com'}, 100499566369056869512958079481746352286, http://localhost:3001/wallets
100499566369056869512958079481746352286, 5608938641747884300044405205556053003 -> button [<span class="glyphicon glyphicon-user", 100499566369056869512958079481746352286, http://localhost:3001/wallets
100499566369056869512958079481746352286, 213052319638625585713614522919106219128 -> a ['\n', <div class="pull-right text-success transaction_amount", 100499566369056869512958079481746352286, http://localhost:3001/wallets
100499566369056869512958079481746352286, 143964004078119742277710045892540417360 -> a ['Wallets']{'href': '/wallets', 'data-in': 'Wallets'}, 100499566369056869512958079481746352286, http://localhost:3001/wallets
100499566369056869512958079481746352286, 107370781985606905112481866345767166130 -> a ['\n', <div class="pull-right text-success transaction_amount", 169599473324861144472294437312310643103, http://localhost:3001/wallets/3
169599473324861144472294437312310643103, 40033767128550119556758792738972518504 -> button [<span data-i18n="Add Income", 169599473324861144472294437312310643103, http://localhost:3001/wallets/3
169599473324861144472294437312310643103, 241111702903403179161124838581655966324 -> a [<span aria-hidden="true" class="glyphicon glyphicon-import", 169599473324861144472294437312310643103, http://localhost:3001/wallets/3
100499566369056869512958079481746352286, None, 100499566369056869512958079481746352286, http://localhost:3001/wallets
100499566369056869512958079481746352286, 107370781985606905112481866345767166130 -> a ['\n', <div class="pull-right text-success transaction_amount", 169599473324861144472294437312310643103, http://localhost:3001/wallets/3
169599473324861144472294437312310643103, 51734587471318764320500906054182906819 -> a [<span data-i18n="set total to", 169599473324861144472294437312310643103, http://localhost:3001/wallets/3
169599473324861144472294437312310643103, 328680192326421016123013048610023517055 -> a [<span data-i18n="Wallets", 169599473324861144472294437312310643103, http://localhost:3001/wallets/3
169599473324861144472294437312310643103, 300938307388621752250340407401666505920 -> form ['\n', <input class="form-control" data-i18nplaceholder="Describe expense and press Enter to add" id="add_transaction_text" placeholder="Describe expense and press Enter to add" type="text"/, 169599473324861144472294437312310643103, http://localhost:3001/wallets/3
169599473324861144472294437312310643103, 300938307388621752250340407401666505920 -> form ['\n', <input class="form-control" data-i18nplaceholder="Describe expense and press Enter to add" id="add_transaction_text" placeholder="Describe expense and press Enter to add" type="text"/, 169599473324861144472294437312310643103, http://localhost:3001/wallets/3
100499566369056869512958079481746352286, None, 100499566369056869512958079481746352286, http://localhost:3001/wallets
100499566369056869512958079481746352286, 107370781985606905112481866345767166130 -> a ['\n', <div class="pull-right text-success transaction_amount", 169599473324861144472294437312310643103, http://localhost:3001/wallets/3
169599473324861144472294437312310643103, 158009411471723493269880909046446417559 -> a [<span data-i18n="Set Goal", 287393647012105903508667004843733326622, http://localhost:3001/wallets
100499566369056869512958079481746352286, None, 100499566369056869512958079481746352286, http://localhost:3001/wallets
100499566369056869512958079481746352286, 107370781985606905112481866345767166130 -> a ['\n', <div class="pull-right text-success transaction_amount", 169599473324861144472294437312310643103, http://localhost:3001/wallets/3
169599473324861144472294437312310643103, 158009411471723493269880909046446417559 -> a [<span data-i18n="Set Goal", 287393647012105903508667004843733326622, http://localhost:3001/wallets
100499566369056869512958079481746352286, None, 100499566369056869512958079481746352286, http://localhost:3001/wallets
100499566369056869512958079481746352286, 12549387572312034662595380537530510228 -> a [<span class="glyphicon glyphicon-ok", 100499566369056869512958079481746352286, http://localhost:3001/wallets
100499566369056869512958079481746352286, 209638118784994731842872023555060259766 -> a ['Log Out']{'href': '/user/logout', 'data-in': 'Log Out'}, 16830507283689328036876064570522204332, http://localhost:3001/
16830507283689328036876064570522204332, 24045720963061510147388474628965236342 -> a []{'href': 'http://localhost:3001/images/homepage/screenshots/goal.jpg', 'id': 'image-link-agpl', 'style': "background-image: url('http://localhost:/images/homepage/screenshots/goal.jpg');"}, 16830507283689328036876064570522204332, http://localhost:3001/
16830507283689328036876064570522204332, 143912285649067720774554330843865674796 -> a ['Register']{'href': '/user/registration', 'data-in': 'Register'}, 16830507283689328036876064570522204332, http://localhost:3001/
16830507283689328036876064570522204332, 136504310823099385748378508891970664617 -> a []{'href': 'http://localhost:3001/images/homepage/screenshots/i18n.jpg', 'id': 'image-link-', 'style': "background-image: url('http://localhost:/images/homepage/screenshots/in.jpg');"}, 16830507283689328036876064570522204332, http://localhost:3001/
16830507283689328036876064570522204332, 53030406825762545276438289970305043077 -> a ['Home']{'href': '/', 'data-in': 'Home'}, 16830507283689328036876064570522204332, http://localhost:3001/
16830507283689328036876064570522204332, 280553687692852780123066102917098299601 -> a []{'href': 'http://localhost:3001/images/homepage/screenshots/wallets.jpg', 'id': 'image-link-wallets', 'style': "background-image: url('http://localhost:/images/homepage/screenshots/wallets.jpg');"}, 16830507283689328036876064570522204332, http://localhost:3001/
16830507283689328036876064570522204332, 75056642720997424365806452209120460192 -> a ['Sign In']{'href': '/user/signin', 'data-in': 'Sign In'}, 16830507283689328036876064570522204332, http://localhost:3001/
77659574643383717146484374309974862090, None, 77659574643383717146484374309974862090, http://localhost:3001/
77659574643383717146484374309974862090, 75056642720997424365806452209120460192 -> a ['Sign In']{'href': '/user/signin', 'data-in': 'Sign In'}, 151486758748042171726768099244082768382, http://localhost:3001/wallets/
151486758748042171726768099244082768382, 164770504787406092505723908950430241986 -> button ['×']{'type': 'button', 'data-dismiss': 'modal', 'aria-hidden': 'true'}, 61485359766687267330928419966259932743, http://localhost:3001/wallets
61485359766687267330928419966259932743, 24783666557245327062948328561070951608 -> a [<span data-i18n="Home", 39630914595397927593254161049235747091, http://localhost:3001/wallets
258474589058658593066912721026894648470, None, 258474589058658593066912721026894648470, http://localhost:3001/wallets
258474589058658593066912721026894648470, 69261900354377929876421606824271450118 -> a [<span aria-hidden="true" class="glyphicon glyphicon-globe", 258474589058658593066912721026894648470, http://localhost:3001/wallets
258474589058658593066912721026894648470, 224761525322852148912055384139340634378 -> a [<span class="glyphicon glyphicon-trash", 258474589058658593066912721026894648470, http://localhost:3001/wallets
258474589058658593066912721026894648470, 143964004078119742277710045892540417360 -> a ['Wallets']{'href': '/wallets', 'data-in': 'Wallets'}, 258474589058658593066912721026894648470, http://localhost:3001/wallets
258474589058658593066912721026894648470, 59033961675128415164332924159931931082 -> button [<span class="glyphicon glyphicon-pencil", 21760851888961351417460490376414497148, http://localhost:3001/wallets
21760851888961351417460490376414497148, 65141161592695401203524601848507345692 -> form ['\n', <fieldset, 21760851888961351417460490376414497148, http://localhost:3001/wallets
21760851888961351417460490376414497148, 65141161592695401203524601848507345692 -> form ['\n', <fieldset, 21760851888961351417460490376414497148, http://localhost:3001/wallets
21760851888961351417460490376414497148, 164770504787406092505723908950430241986 -> button ['×']{'type': 'button', 'data-dismiss': 'modal', 'aria-hidden': 'true'}, 258474589058658593066912721026894648470, http://localhost:3001/wallets
258474589058658593066912721026894648470, 59033961675128415164332924159931931082 -> button [<span class="glyphicon glyphicon-pencil", 21760851888961351417460490376414497148, http://localhost:3001/wallets
258474589058658593066912721026894648470, None, 258474589058658593066912721026894648470, http://localhost:3001/wallets
258474589058658593066912721026894648470, 184247614919053001113679149925113665505 -> a ['\n', <div class="pull-right text-success transaction_amount", 206351781122553827581772769144588525083, http://localhost:3001/wallets/4
206351781122553827581772769144588525083, 300938307388621752250340407401666505920 -> form ['\n', <input class="form-control" data-i18nplaceholder="Describe expense and press Enter to add" id="add_transaction_text" placeholder="Describe expense and press Enter to add" type="text"/, 206351781122553827581772769144588525083, http://localhost:3001/wallets/4
206351781122553827581772769144588525083, 300938307388621752250340407401666505920 -> form ['\n', <input class="form-control" data-i18nplaceholder="Describe expense and press Enter to add" id="add_transaction_text" placeholder="Describe expense and press Enter to add" type="text"/, 206351781122553827581772769144588525083, http://localhost:3001/wallets/4
206351781122553827581772769144588525083, 324315175625773731361720226439716728647 -> a [<span aria-hidden="true" class="glyphicon glyphicon-import", 216414719390721820477614729610025815063, http://localhost:3001/wallets/4/import
216414719390721820477614729610025815063, 211529172816946856896018388012172770514 -> input []{'type': 'button', 'value': 'Select file', 'data-loading-text': 'Uploading...', 'data-invalue': 'Select file'}, 216414719390721820477614729610025815063, http://localhost:3001/wallets/4/import
258474589058658593066912721026894648470, None, 258474589058658593066912721026894648470, http://localhost:3001/wallets
258474589058658593066912721026894648470, 184247614919053001113679149925113665505 -> a ['\n', <div class="pull-right text-success transaction_amount", 206351781122553827581772769144588525083, http://localhost:3001/wallets/4
206351781122553827581772769144588525083, 324315175625773731361720226439716728647 -> a [<span aria-hidden="true" class="glyphicon glyphicon-import", 216414719390721820477614729610025815063, http://localhost:3001/wallets/4/import
258474589058658593066912721026894648470, None, 258474589058658593066912721026894648470, http://localhost:3001/wallets
258474589058658593066912721026894648470, 184247614919053001113679149925113665505 -> a ['\n', <div class="pull-right text-success transaction_amount", 206351781122553827581772769144588525083, http://localhost:3001/wallets/4
258474589058658593066912721026894648470, None, 258474589058658593066912721026894648470, http://localhost:3001/wallets
258474589058658593066912721026894648470, 184247614919053001113679149925113665505 -> a ['\n', <div class="pull-right text-success transaction_amount", 206351781122553827581772769144588525083, http://localhost:3001/wallets/4
206351781122553827581772769144588525083, 332632648636535438633633310846405598435 -> button ['\n', <span aria-hidden="true" class="glyphicon glyphicon-chevron-down", 206351781122553827581772769144588525083, http://localhost:3001/wallets/4
206351781122553827581772769144588525083, 40033767128550119556758792738972518504 -> button [<span data-i18n="Add Income", 269368102784100600249367120941603180312, http://localhost:3001/wallets/4
269368102784100600249367120941603180312, 229857934875115985043773500684456746688 -> button ['\n', <span aria-hidden="true" class="glyphicon glyphicon-chevron-up", 269368102784100600249367120941603180312, http://localhost:3001/wallets/4
77659574643383717146484374309974862090, None, 77659574643383717146484374309974862090, http://localhost:3001/
77659574643383717146484374309974862090, 75056642720997424365806452209120460192 -> a ['Sign In']{'href': '/user/signin', 'data-in': 'Sign In'}, 151486758748042171726768099244082768382, http://localhost:3001/wallets/
151486758748042171726768099244082768382, 164770504787406092505723908950430241986 -> button ['×']{'type': 'button', 'data-dismiss': 'modal', 'aria-hidden': 'true'}, 290063983601156306785202912089103533828, http://localhost:3001/wallets
290063983601156306785202912089103533828, 320174147126102010907134653534871470777 -> button [<span class="glyphicon glyphicon-trash", 131876079378170298673994513420943135365, http://localhost:3001/wallets
258474589058658593066912721026894648470, None, 258474589058658593066912721026894648470, http://localhost:3001/wallets
258474589058658593066912721026894648470, 184247614919053001113679149925113665505 -> a ['\n', <div class="pull-right text-success transaction_amount", 206351781122553827581772769144588525083, http://localhost:3001/wallets/4
206351781122553827581772769144588525083, 40033767128550119556758792738972518504 -> button [<span data-i18n="Add Income", 206351781122553827581772769144588525083, http://localhost:3001/wallets/4
206351781122553827581772769144588525083, 158009411471723493269880909046446417559 -> a [<span data-i18n="Set Goal", 206351781122553827581772769144588525083, http://localhost:3001/wallets/4
206351781122553827581772769144588525083, 51734587471318764320500906054182906819 -> a [<span data-i18n="set total to", 206351781122553827581772769144588525083, http://localhost:3001/wallets/4
206351781122553827581772769144588525083, 332632648636535438633633310846405598435 -> button ['\n', <span aria-hidden="true" class="glyphicon glyphicon-chevron-down", 206351781122553827581772769144588525083, http://localhost:3001/wallets/4
206351781122553827581772769144588525083, 40033767128550119556758792738972518504 -> button [<span data-i18n="Add Income", 206351781122553827581772769144588525083, http://localhost:3001/wallets/4
206351781122553827581772769144588525083, 40033767128550119556758792738972518504 -> button [<span data-i18n="Add Income", 206351781122553827581772769144588525083, http://localhost:3001/wallets/4
206351781122553827581772769144588525083, 332632648636535438633633310846405598435 -> button ['\n', <span aria-hidden="true" class="glyphicon glyphicon-chevron-down", 206351781122553827581772769144588525083, http://localhost:3001/wallets/4
258474589058658593066912721026894648470, None, 258474589058658593066912721026894648470, http://localhost:3001/wallets
258474589058658593066912721026894648470, None, 258474589058658593066912721026894648470, http://localhost:3001/wallets
258474589058658593066912721026894648470, None, 258474589058658593066912721026894648470, http://localhost:3001/wallets
258474589058658593066912721026894648470, 5608938641747884300044405205556053003 -> button [<span class="glyphicon glyphicon-user", 258474589058658593066912721026894648470, http://localhost:3001/wallets
258474589058658593066912721026894648470, 320174147126102010907134653534871470777 -> button [<span class="glyphicon glyphicon-trash", 258474589058658593066912721026894648470, http://localhost:3001/wallets
258474589058658593066912721026894648470, 24783666557245327062948328561070951608 -> a [<span data-i18n="Home", 258474589058658593066912721026894648470, http://localhost:3001/wallets
258474589058658593066912721026894648470, 277712453453955741677905488786830410505 -> a ['Contact']{'href': 'mailto:jeka911@gmail.com?subject=Wallet', 'data-in': 'Contact'}, 258474589058658593066912721026894648470, http://localhost:3001/wallets
258474589058658593066912721026894648470, None, 258474589058658593066912721026894648470, http://localhost:3001/wallets
258474589058658593066912721026894648470, None, 258474589058658593066912721026894648470, http://localhost:3001/wallets
258474589058658593066912721026894648470, 186037210004141989051388640614981630902 -> a ['Settings']{'href': '/profile', 'data-in': 'Settings'}, 193855894468930538864165282312256928358, http://localhost:3001/profile
193855894468930538864165282312256928358, 109900342370374619712692107935887661741 -> a [<span class="glyphicon glyphicon-trash", 104956109460716074744859037402039982850, http://localhost:3001/profile#
104956109460716074744859037402039982850, 225145757798679539849455265193339328988 -> form ['\n', <div class="form-group", 104956109460716074744859037402039982850, http://localhost:3001/profile#
104956109460716074744859037402039982850, 225145757798679539849455265193339328988 -> form ['\n', <div class="form-group", 104956109460716074744859037402039982850, http://localhost:3001/profile#
104956109460716074744859037402039982850, 145633068536459322312414860502993133376 -> a [<span data-i18n="Log Out", 104697402886576868678798032013257024063, http://localhost:3001/
77659574643383717146484374309974862090, None, 77659574643383717146484374309974862090, http://localhost:3001/
77659574643383717146484374309974862090, 75056642720997424365806452209120460192 -> a ['Sign In']{'href': '/user/signin', 'data-in': 'Sign In'}, 151486758748042171726768099244082768382, http://localhost:3001/wallets/
151486758748042171726768099244082768382, 164770504787406092505723908950430241986 -> button ['×']{'type': 'button', 'data-dismiss': 'modal', 'aria-hidden': 'true'}, 120216356049040939834005129886399954765, http://localhost:3001/wallets
49191875988805532897807156470236122760, None, 49191875988805532897807156470236122760, http://localhost:3001/wallets
49191875988805532897807156470236122760, 5608938641747884300044405205556053003 -> button [<span class="glyphicon glyphicon-user", 49191875988805532897807156470236122760, http://localhost:3001/wallets
49191875988805532897807156470236122760, 92771657680496586414361268141351491274 -> a [<span class="glyphicon glyphicon-share-alt", 49191875988805532897807156470236122760, http://localhost:3001/wallets
49191875988805532897807156470236122760, 336145394240353959266535772156875663398 -> a [<span data-i18n="Add", 141206558223418214459847049336339575984, http://localhost:3001/wallets
141206558223418214459847049336339575984, 164770504787406092505723908950430241986 -> button ['×']{'type': 'button', 'data-dismiss': 'modal', 'aria-hidden': 'true'}, 49191875988805532897807156470236122760, http://localhost:3001/wallets
49191875988805532897807156470236122760, 59033961675128415164332924159931931082 -> button [<span class="glyphicon glyphicon-pencil", 303260003558942363554037207353106634789, http://localhost:3001/wallets
303260003558942363554037207353106634789, 198465896605091102877225175642271807174 -> form ['\n', <fieldset, 303260003558942363554037207353106634789, http://localhost:3001/wallets
303260003558942363554037207353106634789, 198465896605091102877225175642271807174 -> form ['\n', <fieldset, 49191875988805532897807156470236122760, http://localhost:3001/wallets
49191875988805532897807156470236122760, 59033961675128415164332924159931931082 -> button [<span class="glyphicon glyphicon-pencil", 49191875988805532897807156470236122760, http://localhost:3001/wallets
49191875988805532897807156470236122760, None, 49191875988805532897807156470236122760, http://localhost:3001/wallets
49191875988805532897807156470236122760, None, 49191875988805532897807156470236122760, http://localhost:3001/wallets
49191875988805532897807156470236122760, 161069511334510519159612656781157111709 -> a ['\n', <div class="pull-right text-success transaction_amount", 332206181950265961316275075381818309078, http://localhost:3001/wallets/11
332206181950265961316275075381818309078, 300938307388621752250340407401666505920 -> form ['\n', <input class="form-control" data-i18nplaceholder="Describe expense and press Enter to add" id="add_transaction_text" placeholder="Describe expense and press Enter to add" type="text"/, 332206181950265961316275075381818309078, http://localhost:3001/wallets/11
332206181950265961316275075381818309078, 300938307388621752250340407401666505920 -> form ['\n', <input class="form-control" data-i18nplaceholder="Describe expense and press Enter to add" id="add_transaction_text" placeholder="Describe expense and press Enter to add" type="text"/, 332206181950265961316275075381818309078, http://localhost:3001/wallets/11
332206181950265961316275075381818309078, 158009411471723493269880909046446417559 -> a [<span data-i18n="Set Goal", 287393647012105903508667004843733326622, http://localhost:3001/wallets
49191875988805532897807156470236122760, None, 49191875988805532897807156470236122760, http://localhost:3001/wallets
49191875988805532897807156470236122760, 161069511334510519159612656781157111709 -> a ['\n', <div class="pull-right text-success transaction_amount", 332206181950265961316275075381818309078, http://localhost:3001/wallets/11
49191875988805532897807156470236122760, None, 49191875988805532897807156470236122760, http://localhost:3001/wallets
49191875988805532897807156470236122760, 161069511334510519159612656781157111709 -> a ['\n', <div class="pull-right text-success transaction_amount", 332206181950265961316275075381818309078, http://localhost:3001/wallets/11
332206181950265961316275075381818309078, 51734587471318764320500906054182906819 -> a [<span data-i18n="set total to", 332206181950265961316275075381818309078, http://localhost:3001/wallets/11
332206181950265961316275075381818309078, 64096059636421707773180624620541916983 -> a [<span aria-hidden="true" class="glyphicon glyphicon-import", 332206181950265961316275075381818309078, http://localhost:3001/wallets/11
332206181950265961316275075381818309078, 40033767128550119556758792738972518504 -> button [<span data-i18n="Add Income", 332206181950265961316275075381818309078, http://localhost:3001/wallets/11
332206181950265961316275075381818309078, 332632648636535438633633310846405598435 -> button ['\n', <span aria-hidden="true" class="glyphicon glyphicon-chevron-down", 332206181950265961316275075381818309078, http://localhost:3001/wallets/11
332206181950265961316275075381818309078, 51734587471318764320500906054182906819 -> a [<span data-i18n="set total to", 332206181950265961316275075381818309078, http://localhost:3001/wallets/11
332206181950265961316275075381818309078, 40033767128550119556758792738972518504 -> button [<span data-i18n="Add Income", 332206181950265961316275075381818309078, http://localhost:3001/wallets/11
332206181950265961316275075381818309078, 158009411471723493269880909046446417559 -> a [<span data-i18n="Set Goal", 332206181950265961316275075381818309078, http://localhost:3001/wallets/11
49191875988805532897807156470236122760, None, 49191875988805532897807156470236122760, http://localhost:3001/wallets
49191875988805532897807156470236122760, 161069511334510519159612656781157111709 -> a ['\n', <div class="pull-right text-success transaction_amount", 332206181950265961316275075381818309078, http://localhost:3001/wallets/11
49191875988805532897807156470236122760, None, 49191875988805532897807156470236122760, http://localhost:3001/wallets
49191875988805532897807156470236122760, 186037210004141989051388640614981630902 -> a ['Settings']{'href': '/profile', 'data-in': 'Settings'}, 193855894468930538864165282312256928358, http://localhost:3001/profile
193855894468930538864165282312256928358, 109900342370374619712692107935887661741 -> a [<span class="glyphicon glyphicon-trash", 104956109460716074744859037402039982850, http://localhost:3001/profile#
104956109460716074744859037402039982850, 145633068536459322312414860502993133376 -> a [<span data-i18n="Log Out", 104697402886576868678798032013257024063, http://localhost:3001/
104697402886576868678798032013257024063, 53030406825762545276438289970305043077 -> a ['Home']{'href': '/', 'data-in': 'Home'}, 104697402886576868678798032013257024063, http://localhost:3001/
104697402886576868678798032013257024063, 136504310823099385748378508891970664617 -> a []{'href': 'http://localhost:3001/images/homepage/screenshots/i18n.jpg', 'id': 'image-link-', 'style': "background-image: url('http://localhost:/images/homepage/screenshots/in.jpg');"}, 104697402886576868678798032013257024063, http://localhost:3001/
104697402886576868678798032013257024063, 280553687692852780123066102917098299601 -> a []{'href': 'http://localhost:3001/images/homepage/screenshots/wallets.jpg', 'id': 'image-link-wallets', 'style': "background-image: url('http://localhost:/images/homepage/screenshots/wallets.jpg');"}, 104697402886576868678798032013257024063, http://localhost:3001/
104697402886576868678798032013257024063, 75056642720997424365806452209120460192 -> a ['Sign In']{'href': '/user/signin', 'data-in': 'Sign In'}, 104697402886576868678798032013257024063, http://localhost:3001/
104697402886576868678798032013257024063, 143912285649067720774554330843865674796 -> a ['Register']{'href': '/user/registration', 'data-in': 'Register'}, 104697402886576868678798032013257024063, http://localhost:3001/
77659574643383717146484374309974862090, None, 77659574643383717146484374309974862090, http://localhost:3001/
77659574643383717146484374309974862090, 75056642720997424365806452209120460192 -> a ['Sign In']{'href': '/user/signin', 'data-in': 'Sign In'}, 151486758748042171726768099244082768382, http://localhost:3001/wallets/
151486758748042171726768099244082768382, 164770504787406092505723908950430241986 -> button ['×']{'type': 'button', 'data-dismiss': 'modal', 'aria-hidden': 'true'}, 137852104312412606880273607903511036451, http://localhost:3001/wallets
156102143355357644832593725865766355615, None, 156102143355357644832593725865766355615, http://localhost:3001/wallets
156102143355357644832593725865766355615, 320174147126102010907134653534871470777 -> button [<span class="glyphicon glyphicon-trash", 156102143355357644832593725865766355615, http://localhost:3001/wallets
156102143355357644832593725865766355615, 69261900354377929876421606824271450118 -> a [<span aria-hidden="true" class="glyphicon glyphicon-globe", 156102143355357644832593725865766355615, http://localhost:3001/wallets
156102143355357644832593725865766355615, None, 156102143355357644832593725865766355615, http://localhost:3001/wallets
156102143355357644832593725865766355615, 59033961675128415164332924159931931082 -> button [<span class="glyphicon glyphicon-pencil", 21760851888961351417460490376414497148, http://localhost:3001/wallets
21760851888961351417460490376414497148, 164770504787406092505723908950430241986 -> button ['×']{'type': 'button', 'data-dismiss': 'modal', 'aria-hidden': 'true'}, 156102143355357644832593725865766355615, http://localhost:3001/wallets
156102143355357644832593725865766355615, 277712453453955741677905488786830410505 -> a ['Contact']{'href': 'mailto:jeka911@gmail.com?subject=Wallet', 'data-in': 'Contact'}, 156102143355357644832593725865766355615, http://localhost:3001/wallets
156102143355357644832593725865766355615, 5608938641747884300044405205556053003 -> button [<span class="glyphicon glyphicon-user", 156102143355357644832593725865766355615, http://localhost:3001/wallets
156102143355357644832593725865766355615, 209638118784994731842872023555060259766 -> a ['Log Out']{'href': '/user/logout', 'data-in': 'Log Out'}, 156102143355357644832593725865766355615, http://localhost:3001/wallets
156102143355357644832593725865766355615, None, 156102143355357644832593725865766355615, http://localhost:3001/wallets
156102143355357644832593725865766355615, 186037210004141989051388640614981630902 -> a ['Settings']{'href': '/profile', 'data-in': 'Settings'}, 193855894468930538864165282312256928358, http://localhost:3001/profile
193855894468930538864165282312256928358, 109900342370374619712692107935887661741 -> a [<span class="glyphicon glyphicon-trash", 104956109460716074744859037402039982850, http://localhost:3001/profile#
104956109460716074744859037402039982850, 145633068536459322312414860502993133376 -> a [<span data-i18n="Log Out", 104697402886576868678798032013257024063, http://localhost:3001/
104697402886576868678798032013257024063, 24045720963061510147388474628965236342 -> a []{'href': 'http://localhost:3001/images/homepage/screenshots/goal.jpg', 'id': 'image-link-agpl', 'style': "background-image: url('http://localhost:/images/homepage/screenshots/goal.jpg');"}, 104697402886576868678798032013257024063, http://localhost:3001/
104697402886576868678798032013257024063, 287439962806392087827856506575270396085 -> a []{'href': 'http://localhost:3001/images/homepage/screenshots/transactions.jpg', 'id': 'image-link-', 'style': "background-image: url('http://localhost:/images/homepage/screenshots/transactions.jpg');"}, 104697402886576868678798032013257024063, http://localhost:3001/
104697402886576868678798032013257024063, 75056642720997424365806452209120460192 -> a ['Sign In']{'href': '/user/signin', 'data-in': 'Sign In'}, 104697402886576868678798032013257024063, http://localhost:3001/
104697402886576868678798032013257024063, 24045720963061510147388474628965236342 -> a []{'href': 'http://localhost:3001/images/homepage/screenshots/goal.jpg', 'id': 'image-link-agpl', 'style': "background-image: url('http://localhost:/images/homepage/screenshots/goal.jpg');"}, 104697402886576868678798032013257024063, http://localhost:3001/
104697402886576868678798032013257024063, 75056642720997424365806452209120460192 -> a ['Sign In']{'href': '/user/signin', 'data-in': 'Sign In'}, 104697402886576868678798032013257024063, http://localhost:3001/
312468063146907313555221026982805891456, None, 312468063146907313555221026982805891456, http://localhost:3001/
312468063146907313555221026982805891456, 53030406825762545276438289970305043077 -> a ['Home']{'href': '/', 'data-in': 'Home'}, 312468063146907313555221026982805891456, http://localhost:3001/
312468063146907313555221026982805891456, 136504310823099385748378508891970664617 -> a []{'href': 'http://localhost:3001/images/homepage/screenshots/i18n.jpg', 'id': 'image-link-', 'style': "background-image: url('http://localhost:/images/homepage/screenshots/in.jpg');"}, 312468063146907313555221026982805891456, http://localhost:3001/
312468063146907313555221026982805891456, 287439962806392087827856506575270396085 -> a []{'href': 'http://localhost:3001/images/homepage/screenshots/transactions.jpg', 'id': 'image-link-', 'style': "background-image: url('http://localhost:/images/homepage/screenshots/transactions.jpg');"}, 312468063146907313555221026982805891456, http://localhost:3001/
312468063146907313555221026982805891456, 15350420686339836366149544887528354942 -> input []{'type': 'submit', 'id': 'demo_signup', 'data-invalue': 'here', 'value': 'here'}, 312468063146907313555221026982805891456, http://localhost:3001/
312468063146907313555221026982805891456, 280553687692852780123066102917098299601 -> a []{'href': 'http://localhost:3001/images/homepage/screenshots/wallets.jpg', 'id': 'image-link-wallets', 'style': "background-image: url('http://localhost:/images/homepage/screenshots/wallets.jpg');"}, 312468063146907313555221026982805891456, http://localhost:3001/
312468063146907313555221026982805891456, 69261900354377929876421606824271450118 -> a [<span aria-hidden="true" class="glyphicon glyphicon-globe", 312468063146907313555221026982805891456, http://localhost:3001/
312468063146907313555221026982805891456, 143912285649067720774554330843865674796 -> a ['Register']{'href': '/user/registration', 'data-in': 'Register'}, 312468063146907313555221026982805891456, http://localhost:3001/
312468063146907313555221026982805891456, 75056642720997424365806452209120460192 -> a ['Sign In']{'href': '/user/signin', 'data-in': 'Sign In'}, 312468063146907313555221026982805891456, http://localhost:3001/
77659574643383717146484374309974862090, None, 77659574643383717146484374309974862090, http://localhost:3001/
77659574643383717146484374309974862090, 75056642720997424365806452209120460192 -> a ['Sign In']{'href': '/user/signin', 'data-in': 'Sign In'}, 151486758748042171726768099244082768382, http://localhost:3001/wallets/
151486758748042171726768099244082768382, 164770504787406092505723908950430241986 -> button ['×']{'type': 'button', 'data-dismiss': 'modal', 'aria-hidden': 'true'}, 191929043091980393286064551263211061016, http://localhost:3001/wallets
191022482241279543471396160824558611956, None, 191022482241279543471396160824558611956, http://localhost:3001/wallets
191022482241279543471396160824558611956, None, 191022482241279543471396160824558611956, http://localhost:3001/wallets
191022482241279543471396160824558611956, None, 191022482241279543471396160824558611956, http://localhost:3001/wallets
191022482241279543471396160824558611956, 5608938641747884300044405205556053003 -> button [<span class="glyphicon glyphicon-user", 191022482241279543471396160824558611956, http://localhost:3001/wallets
191022482241279543471396160824558611956, 209638118784994731842872023555060259766 -> a ['Log Out']{'href': '/user/logout', 'data-in': 'Log Out'}, 191022482241279543471396160824558611956, http://localhost:3001/wallets
191022482241279543471396160824558611956, 320174147126102010907134653534871470777 -> button [<span class="glyphicon glyphicon-trash", 191022482241279543471396160824558611956, http://localhost:3001/wallets
191022482241279543471396160824558611956, 72866117111720632136805165808169623358 -> a ['API']{'href': 'http://docs.dimeshift.apiary.io/'}, 191022482241279543471396160824558611956, http://localhost:3001/wallets
191022482241279543471396160824558611956, 69261900354377929876421606824271450118 -> a [<span aria-hidden="true" class="glyphicon glyphicon-globe", 191022482241279543471396160824558611956, http://localhost:3001/wallets
191022482241279543471396160824558611956, 238793388412553796489369081198711123509 -> a ['$ dimeshift']{'href': '/'}, 191022482241279543471396160824558611956, http://localhost:3001/wallets
191022482241279543471396160824558611956, None, 191022482241279543471396160824558611956, http://localhost:3001/wallets
191022482241279543471396160824558611956, 255151769889062527455879821839145148446 -> a ['\n', <div class="pull-right text-success transaction_amount", 45036675857732925946983563253997397513, http://localhost:3001/wallets/14
45036675857732925946983563253997397513, 40033767128550119556758792738972518504 -> button [<span data-i18n="Add Income", 45036675857732925946983563253997397513, http://localhost:3001/wallets/14
45036675857732925946983563253997397513, 300938307388621752250340407401666505920 -> form ['\n', <input class="form-control" data-i18nplaceholder="Describe expense and press Enter to add" id="add_transaction_text" placeholder="Describe expense and press Enter to add" type="text"/, 45036675857732925946983563253997397513, http://localhost:3001/wallets/14
45036675857732925946983563253997397513, 300938307388621752250340407401666505920 -> form ['\n', <input class="form-control" data-i18nplaceholder="Describe expense and press Enter to add" id="add_transaction_text" placeholder="Describe expense and press Enter to add" type="text"/, 45036675857732925946983563253997397513, http://localhost:3001/wallets/14
45036675857732925946983563253997397513, 179287207936801515611211733462934193563 -> a [<span aria-hidden="true" class="glyphicon glyphicon-import", 300444967352118633057992973669919662534, http://localhost:3001/wallets/14/import
191022482241279543471396160824558611956, None, 191022482241279543471396160824558611956, http://localhost:3001/wallets
191022482241279543471396160824558611956, 255151769889062527455879821839145148446 -> a ['\n', <div class="pull-right text-success transaction_amount", 45036675857732925946983563253997397513, http://localhost:3001/wallets/14
45036675857732925946983563253997397513, 179287207936801515611211733462934193563 -> a [<span aria-hidden="true" class="glyphicon glyphicon-import", 300444967352118633057992973669919662534, http://localhost:3001/wallets/14/import
300444967352118633057992973669919662534, 211529172816946856896018388012172770514 -> input []{'type': 'button', 'value': 'Select file', 'data-loading-text': 'Uploading...', 'data-invalue': 'Select file'}, 300444967352118633057992973669919662534, http://localhost:3001/wallets/14/import
300444967352118633057992973669919662534, 211529172816946856896018388012172770514 -> input []{'type': 'button', 'value': 'Select file', 'data-loading-text': 'Uploading...', 'data-invalue': 'Select file'}, 300444967352118633057992973669919662534, http://localhost:3001/wallets/14/import
300444967352118633057992973669919662534, 211529172816946856896018388012172770514 -> input []{'type': 'button', 'value': 'Select file', 'data-loading-text': 'Uploading...', 'data-invalue': 'Select file'}, 300444967352118633057992973669919662534, http://localhost:3001/wallets/14/import
300444967352118633057992973669919662534, 211529172816946856896018388012172770514 -> input []{'type': 'button', 'value': 'Select file', 'data-loading-text': 'Uploading...', 'data-invalue': 'Select file'}, 300444967352118633057992973669919662534, http://localhost:3001/wallets/14/import
191022482241279543471396160824558611956, None, 191022482241279543471396160824558611956, http://localhost:3001/wallets
191022482241279543471396160824558611956, 255151769889062527455879821839145148446 -> a ['\n', <div class="pull-right text-success transaction_amount", 45036675857732925946983563253997397513, http://localhost:3001/wallets/14
45036675857732925946983563253997397513, 179287207936801515611211733462934193563 -> a [<span aria-hidden="true" class="glyphicon glyphicon-import", 300444967352118633057992973669919662534, http://localhost:3001/wallets/14/import
191022482241279543471396160824558611956, None, 191022482241279543471396160824558611956, http://localhost:3001/wallets
191022482241279543471396160824558611956, 255151769889062527455879821839145148446 -> a ['\n', <div class="pull-right text-success transaction_amount", 45036675857732925946983563253997397513, http://localhost:3001/wallets/14
45036675857732925946983563253997397513, 332632648636535438633633310846405598435 -> button ['\n', <span aria-hidden="true" class="glyphicon glyphicon-chevron-down", 45036675857732925946983563253997397513, http://localhost:3001/wallets/14
191022482241279543471396160824558611956, None, 191022482241279543471396160824558611956, http://localhost:3001/wallets
191022482241279543471396160824558611956, 255151769889062527455879821839145148446 -> a ['\n', <div class="pull-right text-success transaction_amount", 45036675857732925946983563253997397513, http://localhost:3001/wallets/14
45036675857732925946983563253997397513, 158009411471723493269880909046446417559 -> a [<span data-i18n="Set Goal", 287393647012105903508667004843733326622, http://localhost:3001/wallets
191022482241279543471396160824558611956, None, 191022482241279543471396160824558611956, http://localhost:3001/wallets
191022482241279543471396160824558611956, 255151769889062527455879821839145148446 -> a ['\n', <div class="pull-right text-success transaction_amount", 45036675857732925946983563253997397513, http://localhost:3001/wallets/14
45036675857732925946983563253997397513, 51734587471318764320500906054182906819 -> a [<span data-i18n="set total to", 45036675857732925946983563253997397513, http://localhost:3001/wallets/14
45036675857732925946983563253997397513, 332632648636535438633633310846405598435 -> button ['\n', <span aria-hidden="true" class="glyphicon glyphicon-chevron-down", 45036675857732925946983563253997397513, http://localhost:3001/wallets/14
45036675857732925946983563253997397513, 40033767128550119556758792738972518504 -> button [<span data-i18n="Add Income", 45036675857732925946983563253997397513, http://localhost:3001/wallets/14
45036675857732925946983563253997397513, 332632648636535438633633310846405598435 -> button ['\n', <span aria-hidden="true" class="glyphicon glyphicon-chevron-down", 45036675857732925946983563253997397513, http://localhost:3001/wallets/14
45036675857732925946983563253997397513, 51734587471318764320500906054182906819 -> a [<span data-i18n="set total to", 45036675857732925946983563253997397513, http://localhost:3001/wallets/14
45036675857732925946983563253997397513, 328680192326421016123013048610023517055 -> a [<span data-i18n="Wallets", 45036675857732925946983563253997397513, http://localhost:3001/wallets/14
45036675857732925946983563253997397513, 328680192326421016123013048610023517055 -> a [<span data-i18n="Wallets", 45036675857732925946983563253997397513, http://localhost:3001/wallets/14
191022482241279543471396160824558611956, None, 191022482241279543471396160824558611956, http://localhost:3001/wallets
191022482241279543471396160824558611956, 255151769889062527455879821839145148446 -> a ['\n', <div class="pull-right text-success transaction_amount", 45036675857732925946983563253997397513, http://localhost:3001/wallets/14
45036675857732925946983563253997397513, 40033767128550119556758792738972518504 -> button [<span data-i18n="Add Income", 45036675857732925946983563253997397513, http://localhost:3001/wallets/14
45036675857732925946983563253997397513, 300938307388621752250340407401666505920 -> form ['\n', <input class="form-control" data-i18nplaceholder="Describe expense and press Enter to add" id="add_transaction_text" placeholder="Describe expense and press Enter to add" type="text"/, 45036675857732925946983563253997397513, http://localhost:3001/wallets/14
45036675857732925946983563253997397513, 328680192326421016123013048610023517055 -> a [<span data-i18n="Wallets", 45036675857732925946983563253997397513, http://localhost:3001/wallets/14
45036675857732925946983563253997397513, 40033767128550119556758792738972518504 -> button [<span data-i18n="Add Income", 45036675857732925946983563253997397513, http://localhost:3001/wallets/14
45036675857732925946983563253997397513, 40033767128550119556758792738972518504 -> button [<span data-i18n="Add Income", 45036675857732925946983563253997397513, http://localhost:3001/wallets/14
45036675857732925946983563253997397513, 158009411471723493269880909046446417559 -> a [<span data-i18n="Set Goal", 45036675857732925946983563253997397513, http://localhost:3001/wallets/14
191022482241279543471396160824558611956, None, 191022482241279543471396160824558611956, http://localhost:3001/wallets
191022482241279543471396160824558611956, 59033961675128415164332924159931931082 -> button [<span class="glyphicon glyphicon-pencil", 303260003558942363554037207353106634789, http://localhost:3001/wallets
303260003558942363554037207353106634789, 164770504787406092505723908950430241986 -> button ['×']{'type': 'button', 'data-dismiss': 'modal', 'aria-hidden': 'true'}, 191022482241279543471396160824558611956, http://localhost:3001/wallets
191022482241279543471396160824558611956, 59033961675128415164332924159931931082 -> button [<span class="glyphicon glyphicon-pencil", 303260003558942363554037207353106634789, http://localhost:3001/wallets
303260003558942363554037207353106634789, 164770504787406092505723908950430241986 -> button ['×']{'type': 'button', 'data-dismiss': 'modal', 'aria-hidden': 'true'}, 303260003558942363554037207353106634789, http://localhost:3001/wallets
303260003558942363554037207353106634789, 198465896605091102877225175642271807174 -> form ['\n', <fieldset, 303260003558942363554037207353106634789, http://localhost:3001/wallets
303260003558942363554037207353106634789, 198465896605091102877225175642271807174 -> form ['\n', <fieldset, 303260003558942363554037207353106634789, http://localhost:3001/wallets
303260003558942363554037207353106634789, 198465896605091102877225175642271807174 -> form ['\n', <fieldset, 303260003558942363554037207353106634789, http://localhost:3001/wallets
303260003558942363554037207353106634789, 198465896605091102877225175642271807174 -> form ['\n', <fieldset, 303260003558942363554037207353106634789, http://localhost:3001/wallets
191022482241279543471396160824558611956, None, 191022482241279543471396160824558611956, http://localhost:3001/wallets
191022482241279543471396160824558611956, 336145394240353959266535772156875663398 -> a [<span data-i18n="Add", 141206558223418214459847049336339575984, http://localhost:3001/wallets
141206558223418214459847049336339575984, 52430776314973270160166886406622674883 -> form ['\n', <fieldset, 191022482241279543471396160824558611956, http://localhost:3001/wallets
191022482241279543471396160824558611956, 4836734254281620735243808565845508131 -> a ['\n', <div class="pull-right text-success transaction_amount", 211587787787121701337315767099966229948, http://localhost:3001/wallets/15
211587787787121701337315767099966229948, 51734587471318764320500906054182906819 -> a [<span data-i18n="set total to", 211587787787121701337315767099966229948, http://localhost:3001/wallets/15
211587787787121701337315767099966229948, 135550966935394278180531798923140747133 -> a [<span aria-hidden="true" class="glyphicon glyphicon-import", 211587787787121701337315767099966229948, http://localhost:3001/wallets/15
211587787787121701337315767099966229948, 40033767128550119556758792738972518504 -> button [<span data-i18n="Add Income", 211587787787121701337315767099966229948, http://localhost:3001/wallets/15
211587787787121701337315767099966229948, 300938307388621752250340407401666505920 -> form ['\n', <input class="form-control" data-i18nplaceholder="Describe expense and press Enter to add" id="add_transaction_text" placeholder="Describe expense and press Enter to add" type="text"/, 211587787787121701337315767099966229948, http://localhost:3001/wallets/15
211587787787121701337315767099966229948, 300938307388621752250340407401666505920 -> form ['\n', <input class="form-control" data-i18nplaceholder="Describe expense and press Enter to add" id="add_transaction_text" placeholder="Describe expense and press Enter to add" type="text"/, 211587787787121701337315767099966229948, http://localhost:3001/wallets/15
123605425770946561143538907730336023119, None, 123605425770946561143538907730336023119, http://localhost:3001/wallets
123605425770946561143538907730336023119, None, 123605425770946561143538907730336023119, http://localhost:3001/wallets
123605425770946561143538907730336023119, 5608938641747884300044405205556053003 -> button [<span class="glyphicon glyphicon-user", 123605425770946561143538907730336023119, http://localhost:3001/wallets
123605425770946561143538907730336023119, 143964004078119742277710045892540417360 -> a ['Wallets']{'href': '/wallets', 'data-in': 'Wallets'}, 123605425770946561143538907730336023119, http://localhost:3001/wallets
123605425770946561143538907730336023119, 69261900354377929876421606824271450118 -> a [<span aria-hidden="true" class="glyphicon glyphicon-globe", 123605425770946561143538907730336023119, http://localhost:3001/wallets
123605425770946561143538907730336023119, 24783666557245327062948328561070951608 -> a [<span data-i18n="Home", 123605425770946561143538907730336023119, http://localhost:3001/wallets
123605425770946561143538907730336023119, 186037210004141989051388640614981630902 -> a ['Settings']{'href': '/profile', 'data-in': 'Settings'}, 193855894468930538864165282312256928358, http://localhost:3001/profile
193855894468930538864165282312256928358, 109900342370374619712692107935887661741 -> a [<span class="glyphicon glyphicon-trash", 104956109460716074744859037402039982850, http://localhost:3001/profile#
104956109460716074744859037402039982850, 145633068536459322312414860502993133376 -> a [<span data-i18n="Log Out", 104697402886576868678798032013257024063, http://localhost:3001/
104697402886576868678798032013257024063, 280553687692852780123066102917098299601 -> a []{'href': 'http://localhost:3001/images/homepage/screenshots/wallets.jpg', 'id': 'image-link-wallets', 'style': "background-image: url('http://localhost:/images/homepage/screenshots/wallets.jpg');"}, 104697402886576868678798032013257024063, http://localhost:3001/
77659574643383717146484374309974862090, None, 77659574643383717146484374309974862090, http://localhost:3001/
77659574643383717146484374309974862090, 75056642720997424365806452209120460192 -> a ['Sign In']{'href': '/user/signin', 'data-in': 'Sign In'}, 151486758748042171726768099244082768382, http://localhost:3001/wallets/
151486758748042171726768099244082768382, 164770504787406092505723908950430241986 -> button ['×']{'type': 'button', 'data-dismiss': 'modal', 'aria-hidden': 'true'}, 41295114103631057805617472090381479382, http://localhost:3001/wallets
200487141735910402800905371457023842727, None, 200487141735910402800905371457023842727, http://localhost:3001/wallets
200487141735910402800905371457023842727, None, 200487141735910402800905371457023842727, http://localhost:3001/wallets
200487141735910402800905371457023842727, 143964004078119742277710045892540417360 -> a ['Wallets']{'href': '/wallets', 'data-in': 'Wallets'}, 200487141735910402800905371457023842727, http://localhost:3001/wallets
200487141735910402800905371457023842727, 320174147126102010907134653534871470777 -> button [<span class="glyphicon glyphicon-trash", 200487141735910402800905371457023842727, http://localhost:3001/wallets
200487141735910402800905371457023842727, 12549387572312034662595380537530510228 -> a [<span class="glyphicon glyphicon-ok", 200487141735910402800905371457023842727, http://localhost:3001/wallets
200487141735910402800905371457023842727, None, 200487141735910402800905371457023842727, http://localhost:3001/wallets
200487141735910402800905371457023842727, None, 200487141735910402800905371457023842727, http://localhost:3001/wallets
200487141735910402800905371457023842727, 277712453453955741677905488786830410505 -> a ['Contact']{'href': 'mailto:jeka911@gmail.com?subject=Wallet', 'data-in': 'Contact'}, 200487141735910402800905371457023842727, http://localhost:3001/wallets
200487141735910402800905371457023842727, 5608938641747884300044405205556053003 -> button [<span class="glyphicon glyphicon-user", 200487141735910402800905371457023842727, http://localhost:3001/wallets
200487141735910402800905371457023842727, 75973569867143580563397877782352499845 -> a ['Goals']{'href': '/plans', 'data-in': 'Goals'}, 200487141735910402800905371457023842727, http://localhost:3001/wallets
200487141735910402800905371457023842727, 205911053392441145155640008213943745727 -> a [<span class="glyphicon glyphicon-ok", 200487141735910402800905371457023842727, http://localhost:3001/wallets
200487141735910402800905371457023842727, 59033961675128415164332924159931931082 -> button [<span class="glyphicon glyphicon-pencil", 21760851888961351417460490376414497148, http://localhost:3001/wallets
21760851888961351417460490376414497148, 164770504787406092505723908950430241986 -> button ['×']{'type': 'button', 'data-dismiss': 'modal', 'aria-hidden': 'true'}, 200487141735910402800905371457023842727, http://localhost:3001/wallets
200487141735910402800905371457023842727, 121214131888619809439410651870326071737 -> a ['\n', <div class="pull-right text-success transaction_amount", 46697006093643386018471987508443267220, http://localhost:3001/wallets/18
46697006093643386018471987508443267220, 93191434677290225110758539072389112751 -> a [<span aria-hidden="true" class="glyphicon glyphicon-import", 328053666075020870743562244119462249772, http://localhost:3001/wallets/18/import
200487141735910402800905371457023842727, None, 200487141735910402800905371457023842727, http://localhost:3001/wallets
200487141735910402800905371457023842727, 121214131888619809439410651870326071737 -> a ['\n', <div class="pull-right text-success transaction_amount", 46697006093643386018471987508443267220, http://localhost:3001/wallets/18
46697006093643386018471987508443267220, 93191434677290225110758539072389112751 -> a [<span aria-hidden="true" class="glyphicon glyphicon-import", 328053666075020870743562244119462249772, http://localhost:3001/wallets/18/import
328053666075020870743562244119462249772, 211529172816946856896018388012172770514 -> input []{'type': 'button', 'value': 'Select file', 'data-loading-text': 'Uploading...', 'data-invalue': 'Select file'}, 328053666075020870743562244119462249772, http://localhost:3001/wallets/18/import
200487141735910402800905371457023842727, None, 200487141735910402800905371457023842727, http://localhost:3001/wallets
200487141735910402800905371457023842727, 121214131888619809439410651870326071737 -> a ['\n', <div class="pull-right text-success transaction_amount", 46697006093643386018471987508443267220, http://localhost:3001/wallets/18
46697006093643386018471987508443267220, 93191434677290225110758539072389112751 -> a [<span aria-hidden="true" class="glyphicon glyphicon-import", 328053666075020870743562244119462249772, http://localhost:3001/wallets/18/import
200487141735910402800905371457023842727, None, 200487141735910402800905371457023842727, http://localhost:3001/wallets
200487141735910402800905371457023842727, 121214131888619809439410651870326071737 -> a ['\n', <div class="pull-right text-success transaction_amount", 46697006093643386018471987508443267220, http://localhost:3001/wallets/18
46697006093643386018471987508443267220, 51734587471318764320500906054182906819 -> a [<span data-i18n="set total to", 46697006093643386018471987508443267220, http://localhost:3001/wallets/18
46697006093643386018471987508443267220, 300938307388621752250340407401666505920 -> form ['\n', <input class="form-control" data-i18nplaceholder="Describe expense and press Enter to add" id="add_transaction_text" placeholder="Describe expense and press Enter to add" type="text"/, 46697006093643386018471987508443267220, http://localhost:3001/wallets/18
46697006093643386018471987508443267220, 300938307388621752250340407401666505920 -> form ['\n', <input class="form-control" data-i18nplaceholder="Describe expense and press Enter to add" id="add_transaction_text" placeholder="Describe expense and press Enter to add" type="text"/, 46697006093643386018471987508443267220, http://localhost:3001/wallets/18
46697006093643386018471987508443267220, 158009411471723493269880909046446417559 -> a [<span data-i18n="Set Goal", 287393647012105903508667004843733326622, http://localhost:3001/wallets
200487141735910402800905371457023842727, None, 200487141735910402800905371457023842727, http://localhost:3001/wallets
200487141735910402800905371457023842727, 121214131888619809439410651870326071737 -> a ['\n', <div class="pull-right text-success transaction_amount", 46697006093643386018471987508443267220, http://localhost:3001/wallets/18
200487141735910402800905371457023842727, None, 200487141735910402800905371457023842727, http://localhost:3001/wallets
200487141735910402800905371457023842727, 121214131888619809439410651870326071737 -> a ['\n', <div class="pull-right text-success transaction_amount", 46697006093643386018471987508443267220, http://localhost:3001/wallets/18
200487141735910402800905371457023842727, None, 200487141735910402800905371457023842727, http://localhost:3001/wallets
200487141735910402800905371457023842727, 121214131888619809439410651870326071737 -> a ['\n', <div class="pull-right text-success transaction_amount", 46697006093643386018471987508443267220, http://localhost:3001/wallets/18
46697006093643386018471987508443267220, 40033767128550119556758792738972518504 -> button [<span data-i18n="Add Income", 46697006093643386018471987508443267220, http://localhost:3001/wallets/18
46697006093643386018471987508443267220, 40033767128550119556758792738972518504 -> button [<span data-i18n="Add Income", 46697006093643386018471987508443267220, http://localhost:3001/wallets/18
46697006093643386018471987508443267220, 332632648636535438633633310846405598435 -> button ['\n', <span aria-hidden="true" class="glyphicon glyphicon-chevron-down", 46697006093643386018471987508443267220, http://localhost:3001/wallets/18
46697006093643386018471987508443267220, 158009411471723493269880909046446417559 -> a [<span data-i18n="Set Goal", 287393647012105903508667004843733326622, http://localhost:3001/wallets
200487141735910402800905371457023842727, None, 200487141735910402800905371457023842727, http://localhost:3001/wallets
200487141735910402800905371457023842727, 121214131888619809439410651870326071737 -> a ['\n', <div class="pull-right text-success transaction_amount", 46697006093643386018471987508443267220, http://localhost:3001/wallets/18
200487141735910402800905371457023842727, None, 200487141735910402800905371457023842727, http://localhost:3001/wallets
200487141735910402800905371457023842727, None, 200487141735910402800905371457023842727, http://localhost:3001/wallets
200487141735910402800905371457023842727, None, 200487141735910402800905371457023842727, http://localhost:3001/wallets
200487141735910402800905371457023842727, 209638118784994731842872023555060259766 -> a ['Log Out']{'href': '/user/logout', 'data-in': 'Log Out'}, 16830507283689328036876064570522204332, http://localhost:3001/
16830507283689328036876064570522204332, 287439962806392087827856506575270396085 -> a []{'href': 'http://localhost:3001/images/homepage/screenshots/transactions.jpg', 'id': 'image-link-', 'style': "background-image: url('http://localhost:/images/homepage/screenshots/transactions.jpg');"}, 16830507283689328036876064570522204332, http://localhost:3001/
16830507283689328036876064570522204332, 15350420686339836366149544887528354942 -> input []{'type': 'submit', 'id': 'demo_signup', 'data-invalue': 'here', 'value': 'here'}, 16830507283689328036876064570522204332, http://localhost:3001/
16830507283689328036876064570522204332, 136504310823099385748378508891970664617 -> a []{'href': 'http://localhost:3001/images/homepage/screenshots/i18n.jpg', 'id': 'image-link-', 'style': "background-image: url('http://localhost:/images/homepage/screenshots/in.jpg');"}, 16830507283689328036876064570522204332, http://localhost:3001/
16830507283689328036876064570522204332, 280553687692852780123066102917098299601 -> a []{'href': 'http://localhost:3001/images/homepage/screenshots/wallets.jpg', 'id': 'image-link-wallets', 'style': "background-image: url('http://localhost:/images/homepage/screenshots/wallets.jpg');"}, 16830507283689328036876064570522204332, http://localhost:3001/
16830507283689328036876064570522204332, 15350420686339836366149544887528354942 -> input []{'type': 'submit', 'id': 'demo_signup', 'data-invalue': 'here', 'value': 'here'}, 16830507283689328036876064570522204332, http://localhost:3001/
16830507283689328036876064570522204332, 287439962806392087827856506575270396085 -> a []{'href': 'http://localhost:3001/images/homepage/screenshots/transactions.jpg', 'id': 'image-link-', 'style': "background-image: url('http://localhost:/images/homepage/screenshots/transactions.jpg');"}, 229332635117993656099429952347775848869, http://localhost:3001/
229332635117993656099429952347775848869, 271105718651965575498474369627818861518 -> input []{'type': 'submit', 'id': 'demo_signup', 'data-invalue': 'here', 'value': 'here', 'style': 'background-color: rgb(, , );'}, 229332635117993656099429952347775848869, http://localhost:3001/
77659574643383717146484374309974862090, None, 77659574643383717146484374309974862090, http://localhost:3001/
77659574643383717146484374309974862090, 75056642720997424365806452209120460192 -> a ['Sign In']{'href': '/user/signin', 'data-in': 'Sign In'}, 151486758748042171726768099244082768382, http://localhost:3001/wallets/
151486758748042171726768099244082768382, 164770504787406092505723908950430241986 -> button ['×']{'type': 'button', 'data-dismiss': 'modal', 'aria-hidden': 'true'}, 210759432899893922705664862369046355454, http://localhost:3001/wallets
52313502236296484852945667758231468311, None, 52313502236296484852945667758231468311, http://localhost:3001/wallets
52313502236296484852945667758231468311, 59033961675128415164332924159931931082 -> button [<span class="glyphicon glyphicon-pencil", 303260003558942363554037207353106634789, http://localhost:3001/wallets
303260003558942363554037207353106634789, 164770504787406092505723908950430241986 -> button ['×']{'type': 'button', 'data-dismiss': 'modal', 'aria-hidden': 'true'}, 52313502236296484852945667758231468311, http://localhost:3001/wallets
52313502236296484852945667758231468311, None, 52313502236296484852945667758231468311, http://localhost:3001/wallets
52313502236296484852945667758231468311, 320174147126102010907134653534871470777 -> button [<span class="glyphicon glyphicon-trash", 52313502236296484852945667758231468311, http://localhost:3001/wallets
52313502236296484852945667758231468311, 24783666557245327062948328561070951608 -> a [<span data-i18n="Home", 52313502236296484852945667758231468311, http://localhost:3001/wallets
52313502236296484852945667758231468311, None, 52313502236296484852945667758231468311, http://localhost:3001/wallets
52313502236296484852945667758231468311, None, 52313502236296484852945667758231468311, http://localhost:3001/wallets
52313502236296484852945667758231468311, 274313610431979681660902595928169202991 -> a ['\n', <div class="pull-right text-success transaction_amount", 126426561591202139963159819520938873431, http://localhost:3001/wallets/20
52313502236296484852945667758231468311, None, 52313502236296484852945667758231468311, http://localhost:3001/wallets
52313502236296484852945667758231468311, 274313610431979681660902595928169202991 -> a ['\n', <div class="pull-right text-success transaction_amount", 126426561591202139963159819520938873431, http://localhost:3001/wallets/20
126426561591202139963159819520938873431, 51734587471318764320500906054182906819 -> a [<span data-i18n="set total to", 126426561591202139963159819520938873431, http://localhost:3001/wallets/20
126426561591202139963159819520938873431, 332632648636535438633633310846405598435 -> button ['\n', <span aria-hidden="true" class="glyphicon glyphicon-chevron-down", 126426561591202139963159819520938873431, http://localhost:3001/wallets/20
126426561591202139963159819520938873431, 300938307388621752250340407401666505920 -> form ['\n', <input class="form-control" data-i18nplaceholder="Describe expense and press Enter to add" id="add_transaction_text" placeholder="Describe expense and press Enter to add" type="text"/, 126426561591202139963159819520938873431, http://localhost:3001/wallets/20
126426561591202139963159819520938873431, 300938307388621752250340407401666505920 -> form ['\n', <input class="form-control" data-i18nplaceholder="Describe expense and press Enter to add" id="add_transaction_text" placeholder="Describe expense and press Enter to add" type="text"/, 126426561591202139963159819520938873431, http://localhost:3001/wallets/20
126426561591202139963159819520938873431, 277970913809704146162980078831302440158 -> a [<span aria-hidden="true" class="glyphicon glyphicon-import", 220134844894165164072549003113272121802, http://localhost:3001/wallets/20/import
