77659574643383717146484374309974862090, None, 77659574643383717146484374309974862090, http://localhost:3001/
278076690333225625169989687868833103351, None, 278076690333225625169989687868833103351, http://localhost:3001/wallets
278076690333225625169989687868833103351, None, 278076690333225625169989687868833103351, http://localhost:3001/wallets
278076690333225625169989687868833103351, None, 278076690333225625169989687868833103351, http://localhost:3001/wallets
278076690333225625169989687868833103351, 320174147126102010907134653534871470777 -> button [<span class="glyphicon glyphicon-trash", 278076690333225625169989687868833103351, http://localhost:3001/wallets
278076690333225625169989687868833103351, 209638118784994731842872023555060259766 -> a ['Log Out']{'href': '/user/logout', 'data-in': 'Log Out'}, 278076690333225625169989687868833103351, http://localhost:3001/wallets
278076690333225625169989687868833103351, 336145394240353959266535772156875663398 -> a [<span data-i18n="Add", 141206558223418214459847049336339575984, http://localhost:3001/wallets
141206558223418214459847049336339575984, 52430776314973270160166886406622674883 -> form ['\n', <fieldset, 141206558223418214459847049336339575984, http://localhost:3001/wallets
141206558223418214459847049336339575984, 52430776314973270160166886406622674883 -> form ['\n', <fieldset, 141206558223418214459847049336339575984, http://localhost:3001/wallets
141206558223418214459847049336339575984, 164770504787406092505723908950430241986 -> button ['×']{'type': 'button', 'data-dismiss': 'modal', 'aria-hidden': 'true'}, 278076690333225625169989687868833103351, http://localhost:3001/wallets
278076690333225625169989687868833103351, 336145394240353959266535772156875663398 -> a [<span data-i18n="Add", 141206558223418214459847049336339575984, http://localhost:3001/wallets
141206558223418214459847049336339575984, 164770504787406092505723908950430241986 -> button ['×']{'type': 'button', 'data-dismiss': 'modal', 'aria-hidden': 'true'}, 141206558223418214459847049336339575984, http://localhost:3001/wallets
278076690333225625169989687868833103351, None, 278076690333225625169989687868833103351, http://localhost:3001/wallets
278076690333225625169989687868833103351, 59033961675128415164332924159931931082 -> button [<span class="glyphicon glyphicon-pencil", 290680132782108200610031440000329009685, http://localhost:3001/wallets
290680132782108200610031440000329009685, 65141161592695401203524601848507345692 -> form ['\n', <fieldset, 290680132782108200610031440000329009685, http://localhost:3001/wallets
290680132782108200610031440000329009685, 65141161592695401203524601848507345692 -> form ['\n', <fieldset, 278076690333225625169989687868833103351, http://localhost:3001/wallets
278076690333225625169989687868833103351, 59033961675128415164332924159931931082 -> button [<span class="glyphicon glyphicon-pencil", 278076690333225625169989687868833103351, http://localhost:3001/wallets
278076690333225625169989687868833103351, 277712453453955741677905488786830410505 -> a ['Contact']{'href': 'mailto:jeka911@gmail.com?subject=Wallet', 'data-in': 'Contact'}, 278076690333225625169989687868833103351, http://localhost:3001/wallets
278076690333225625169989687868833103351, 12549387572312034662595380537530510228 -> a [<span class="glyphicon glyphicon-ok", 278076690333225625169989687868833103351, http://localhost:3001/wallets
278076690333225625169989687868833103351, 42231674209107625066926994126625404625 -> a ['\n', <div class="pull-right text-success transaction_amount", 278076690333225625169989687868833103351, http://localhost:3001/wallets
278076690333225625169989687868833103351, 75973569867143580563397877782352499845 -> a ['Goals']{'href': '/plans', 'data-in': 'Goals'}, 4308493462254957168919559495729393133, http://localhost:3001/wallets
278076690333225625169989687868833103351, None, 278076690333225625169989687868833103351, http://localhost:3001/wallets
278076690333225625169989687868833103351, 75973569867143580563397877782352499845 -> a ['Goals']{'href': '/plans', 'data-in': 'Goals'}, 29875441833508593221644877607709476259, http://localhost:3001/wallets
278076690333225625169989687868833103351, None, 278076690333225625169989687868833103351, http://localhost:3001/wallets
278076690333225625169989687868833103351, None, 278076690333225625169989687868833103351, http://localhost:3001/wallets
278076690333225625169989687868833103351, 233032998176358204158922651330884830390 -> a ['\n', <div class="pull-right text-success transaction_amount", 300562230355485531569712810173194592666, http://localhost:3001/wallets/1
278076690333225625169989687868833103351, None, 278076690333225625169989687868833103351, http://localhost:3001/wallets
278076690333225625169989687868833103351, 233032998176358204158922651330884830390 -> a ['\n', <div class="pull-right text-success transaction_amount", 315767718324934047631046687372281718583, http://localhost:3001/wallets/1
278076690333225625169989687868833103351, None, 278076690333225625169989687868833103351, http://localhost:3001/wallets
278076690333225625169989687868833103351, 233032998176358204158922651330884830390 -> a ['\n', <div class="pull-right text-success transaction_amount", 113471418552996516759616432462798490310, http://localhost:3001/wallets/1
278076690333225625169989687868833103351, None, 278076690333225625169989687868833103351, http://localhost:3001/wallets
278076690333225625169989687868833103351, 233032998176358204158922651330884830390 -> a ['\n', <div class="pull-right text-success transaction_amount", 118314347949772782108274937833083289040, http://localhost:3001/wallets/1
118314347949772782108274937833083289040, 51734587471318764320500906054182906819 -> a [<span data-i18n="set total to", 305428170932857009307284288044241722476, http://localhost:3001/wallets/1
305428170932857009307284288044241722476, 290997046537929317093204731951347912223 -> form ['\n', <fieldset, 305428170932857009307284288044241722476, http://localhost:3001/wallets/1
305428170932857009307284288044241722476, 290997046537929317093204731951347912223 -> form ['\n', <fieldset, 305428170932857009307284288044241722476, http://localhost:3001/wallets/1
305428170932857009307284288044241722476, 164770504787406092505723908950430241986 -> button ['×']{'type': 'button', 'data-dismiss': 'modal', 'aria-hidden': 'true'}, 305428170932857009307284288044241722476, http://localhost:3001/wallets/1
305428170932857009307284288044241722476, 290997046537929317093204731951347912223 -> form ['\n', <fieldset, 305428170932857009307284288044241722476, http://localhost:3001/wallets/1
305428170932857009307284288044241722476, 164770504787406092505723908950430241986 -> button ['×']{'type': 'button', 'data-dismiss': 'modal', 'aria-hidden': 'true'}, 305428170932857009307284288044241722476, http://localhost:3001/wallets/1
305428170932857009307284288044241722476, 164770504787406092505723908950430241986 -> button ['×']{'type': 'button', 'data-dismiss': 'modal', 'aria-hidden': 'true'}, 305428170932857009307284288044241722476, http://localhost:3001/wallets/1
278076690333225625169989687868833103351, None, 278076690333225625169989687868833103351, http://localhost:3001/wallets
278076690333225625169989687868833103351, 233032998176358204158922651330884830390 -> a ['\n', <div class="pull-right text-success transaction_amount", 323217989483260828436404457374793296720, http://localhost:3001/wallets/1
323217989483260828436404457374793296720, 158009411471723493269880909046446417559 -> a [<span data-i18n="Set Goal", 156576564120549600627140468145573588607, http://localhost:3001/wallets
278076690333225625169989687868833103351, None, 278076690333225625169989687868833103351, http://localhost:3001/wallets
278076690333225625169989687868833103351, 233032998176358204158922651330884830390 -> a ['\n', <div class="pull-right text-success transaction_amount", 323217989483260828436404457374793296720, http://localhost:3001/wallets/1
323217989483260828436404457374793296720, 158009411471723493269880909046446417559 -> a [<span data-i18n="Set Goal", 156576564120549600627140468145573588607, http://localhost:3001/wallets
278076690333225625169989687868833103351, None, 278076690333225625169989687868833103351, http://localhost:3001/wallets
278076690333225625169989687868833103351, 233032998176358204158922651330884830390 -> a ['\n', <div class="pull-right text-success transaction_amount", 88933731697791366993735861144257174396, http://localhost:3001/wallets/1
88933731697791366993735861144257174396, 158009411471723493269880909046446417559 -> a [<span data-i18n="Set Goal", 156576564120549600627140468145573588607, http://localhost:3001/wallets
278076690333225625169989687868833103351, None, 278076690333225625169989687868833103351, http://localhost:3001/wallets
278076690333225625169989687868833103351, 233032998176358204158922651330884830390 -> a ['\n', <div class="pull-right text-success transaction_amount", 96973329635726830355896559596445158320, http://localhost:3001/wallets/1
278076690333225625169989687868833103351, None, 278076690333225625169989687868833103351, http://localhost:3001/wallets
278076690333225625169989687868833103351, 233032998176358204158922651330884830390 -> a ['\n', <div class="pull-right text-success transaction_amount", 41245162211052024400875131215603676197, http://localhost:3001/wallets/1
278076690333225625169989687868833103351, None, 278076690333225625169989687868833103351, http://localhost:3001/wallets
278076690333225625169989687868833103351, 233032998176358204158922651330884830390 -> a ['\n', <div class="pull-right text-success transaction_amount", 138601848786378080694572990684045950958, http://localhost:3001/wallets/1
278076690333225625169989687868833103351, None, 278076690333225625169989687868833103351, http://localhost:3001/wallets
278076690333225625169989687868833103351, 233032998176358204158922651330884830390 -> a ['\n', <div class="pull-right text-success transaction_amount", 305428170932857009307284288044241722476, http://localhost:3001/wallets/1
305428170932857009307284288044241722476, 158009411471723493269880909046446417559 -> a [<span data-i18n="Set Goal", 156576564120549600627140468145573588607, http://localhost:3001/wallets
278076690333225625169989687868833103351, None, 278076690333225625169989687868833103351, http://localhost:3001/wallets
278076690333225625169989687868833103351, 233032998176358204158922651330884830390 -> a ['\n', <div class="pull-right text-success transaction_amount", 160261977066950785409410912096354105729, http://localhost:3001/wallets/1
160261977066950785409410912096354105729, 193846586110871060058793389819788582164 -> a [<span aria-hidden="true" class="glyphicon glyphicon-import", 157873571506454063574920834269375867280, http://localhost:3001/wallets/1/import
157873571506454063574920834269375867280, 211529172816946856896018388012172770514 -> input []{'type': 'button', 'value': 'Select file', 'data-loading-text': 'Uploading...', 'data-invalue': 'Select file'}, 157873571506454063574920834269375867280, http://localhost:3001/wallets/1/import
278076690333225625169989687868833103351, None, 278076690333225625169989687868833103351, http://localhost:3001/wallets
278076690333225625169989687868833103351, 233032998176358204158922651330884830390 -> a ['\n', <div class="pull-right text-success transaction_amount", 305428170932857009307284288044241722476, http://localhost:3001/wallets/1
278076690333225625169989687868833103351, None, 278076690333225625169989687868833103351, http://localhost:3001/wallets
278076690333225625169989687868833103351, 233032998176358204158922651330884830390 -> a ['\n', <div class="pull-right text-success transaction_amount", 305428170932857009307284288044241722476, http://localhost:3001/wallets/1
305428170932857009307284288044241722476, 51734587471318764320500906054182906819 -> a [<span data-i18n="set total to", 305428170932857009307284288044241722476, http://localhost:3001/wallets/1
305428170932857009307284288044241722476, 193846586110871060058793389819788582164 -> a [<span aria-hidden="true" class="glyphicon glyphicon-import", 305428170932857009307284288044241722476, http://localhost:3001/wallets/1
305428170932857009307284288044241722476, 40033767128550119556758792738972518504 -> button [<span data-i18n="Add Income", 305428170932857009307284288044241722476, http://localhost:3001/wallets/1
305428170932857009307284288044241722476, 300938307388621752250340407401666505920 -> form ['\n', <input class="form-control" data-i18nplaceholder="Describe expense and press Enter to add" id="add_transaction_text" placeholder="Describe expense and press Enter to add" type="text"/, 305428170932857009307284288044241722476, http://localhost:3001/wallets/1
305428170932857009307284288044241722476, 300938307388621752250340407401666505920 -> form ['\n', <input class="form-control" data-i18nplaceholder="Describe expense and press Enter to add" id="add_transaction_text" placeholder="Describe expense and press Enter to add" type="text"/, 305428170932857009307284288044241722476, http://localhost:3001/wallets/1
305428170932857009307284288044241722476, 332632648636535438633633310846405598435 -> button ['\n', <span aria-hidden="true" class="glyphicon glyphicon-chevron-down", 305428170932857009307284288044241722476, http://localhost:3001/wallets/1
278076690333225625169989687868833103351, None, 278076690333225625169989687868833103351, http://localhost:3001/wallets
278076690333225625169989687868833103351, 233032998176358204158922651330884830390 -> a ['\n', <div class="pull-right text-success transaction_amount", 109588561576465966989710785891828049450, http://localhost:3001/wallets/1
278076690333225625169989687868833103351, None, 278076690333225625169989687868833103351, http://localhost:3001/wallets
278076690333225625169989687868833103351, 233032998176358204158922651330884830390 -> a ['\n', <div class="pull-right text-success transaction_amount", 3519498539777872717963304865388294846, http://localhost:3001/wallets/1
278076690333225625169989687868833103351, None, 278076690333225625169989687868833103351, http://localhost:3001/wallets
278076690333225625169989687868833103351, 233032998176358204158922651330884830390 -> a ['\n', <div class="pull-right text-success transaction_amount", 113522894427983822979484160873092111841, http://localhost:3001/wallets/1
113522894427983822979484160873092111841, 51734587471318764320500906054182906819 -> a [<span data-i18n="set total to", 305428170932857009307284288044241722476, http://localhost:3001/wallets/1
305428170932857009307284288044241722476, 164770504787406092505723908950430241986 -> button ['×']{'type': 'button', 'data-dismiss': 'modal', 'aria-hidden': 'true'}, 305428170932857009307284288044241722476, http://localhost:3001/wallets/1
305428170932857009307284288044241722476, 164770504787406092505723908950430241986 -> button ['×']{'type': 'button', 'data-dismiss': 'modal', 'aria-hidden': 'true'}, 305428170932857009307284288044241722476, http://localhost:3001/wallets/1
305428170932857009307284288044241722476, 164770504787406092505723908950430241986 -> button ['×']{'type': 'button', 'data-dismiss': 'modal', 'aria-hidden': 'true'}, 305428170932857009307284288044241722476, http://localhost:3001/wallets/1
305428170932857009307284288044241722476, 164770504787406092505723908950430241986 -> button ['×']{'type': 'button', 'data-dismiss': 'modal', 'aria-hidden': 'true'}, 305428170932857009307284288044241722476, http://localhost:3001/wallets/1
305428170932857009307284288044241722476, 164770504787406092505723908950430241986 -> button ['×']{'type': 'button', 'data-dismiss': 'modal', 'aria-hidden': 'true'}, 305428170932857009307284288044241722476, http://localhost:3001/wallets/1
305428170932857009307284288044241722476, 290997046537929317093204731951347912223 -> form ['\n', <fieldset, 305428170932857009307284288044241722476, http://localhost:3001/wallets/1
278076690333225625169989687868833103351, None, 278076690333225625169989687868833103351, http://localhost:3001/wallets
278076690333225625169989687868833103351, 233032998176358204158922651330884830390 -> a ['\n', <div class="pull-right text-success transaction_amount", 19590470944908252040253819869781028145, http://localhost:3001/wallets/1
278076690333225625169989687868833103351, None, 278076690333225625169989687868833103351, http://localhost:3001/wallets
278076690333225625169989687868833103351, 233032998176358204158922651330884830390 -> a ['\n', <div class="pull-right text-success transaction_amount", 74903723321845138465656291253178493543, http://localhost:3001/wallets/1
74903723321845138465656291253178493543, 51734587471318764320500906054182906819 -> a [<span data-i18n="set total to", 305428170932857009307284288044241722476, http://localhost:3001/wallets/1
305428170932857009307284288044241722476, 290997046537929317093204731951347912223 -> form ['\n', <fieldset, 305428170932857009307284288044241722476, http://localhost:3001/wallets/1
305428170932857009307284288044241722476, 164770504787406092505723908950430241986 -> button ['×']{'type': 'button', 'data-dismiss': 'modal', 'aria-hidden': 'true'}, 305428170932857009307284288044241722476, http://localhost:3001/wallets/1
305428170932857009307284288044241722476, 290997046537929317093204731951347912223 -> form ['\n', <fieldset, 305428170932857009307284288044241722476, http://localhost:3001/wallets/1
305428170932857009307284288044241722476, 290997046537929317093204731951347912223 -> form ['\n', <fieldset, 305428170932857009307284288044241722476, http://localhost:3001/wallets/1
305428170932857009307284288044241722476, 290997046537929317093204731951347912223 -> form ['\n', <fieldset, 305428170932857009307284288044241722476, http://localhost:3001/wallets/1
305428170932857009307284288044241722476, 290997046537929317093204731951347912223 -> form ['\n', <fieldset, 305428170932857009307284288044241722476, http://localhost:3001/wallets/1
278076690333225625169989687868833103351, None, 278076690333225625169989687868833103351, http://localhost:3001/wallets
278076690333225625169989687868833103351, 233032998176358204158922651330884830390 -> a ['\n', <div class="pull-right text-success transaction_amount", 74903723321845138465656291253178493543, http://localhost:3001/wallets/1
278076690333225625169989687868833103351, None, 278076690333225625169989687868833103351, http://localhost:3001/wallets
278076690333225625169989687868833103351, 233032998176358204158922651330884830390 -> a ['\n', <div class="pull-right text-success transaction_amount", 143473605693966330530945144789467896291, http://localhost:3001/wallets/1
77659574643383717146484374309974862090, None, 77659574643383717146484374309974862090, http://localhost:3001/
77659574643383717146484374309974862090, 75056642720997424365806452209120460192 -> a ['Sign In']{'href': '/user/signin', 'data-in': 'Sign In'}, 151486758748042171726768099244082768382, http://localhost:3001/wallets/
151486758748042171726768099244082768382, 87180361993245229478081065624157586995 -> a ['Register']{'href': 'http://localhost:3001/user/registration'}, 271041823813043355775908876511871956646, http://localhost:3001/wallets
278076690333225625169989687868833103351, None, 278076690333225625169989687868833103351, http://localhost:3001/wallets
278076690333225625169989687868833103351, 233032998176358204158922651330884830390 -> a ['\n', <div class="pull-right text-success transaction_amount", 323217989483260828436404457374793296720, http://localhost:3001/wallets/1
323217989483260828436404457374793296720, 158009411471723493269880909046446417559 -> a [<span data-i18n="Set Goal", 156576564120549600627140468145573588607, http://localhost:3001/wallets
278076690333225625169989687868833103351, None, 278076690333225625169989687868833103351, http://localhost:3001/wallets
278076690333225625169989687868833103351, 233032998176358204158922651330884830390 -> a ['\n', <div class="pull-right text-success transaction_amount", 143473605693966330530945144789467896291, http://localhost:3001/wallets/1
278076690333225625169989687868833103351, None, 278076690333225625169989687868833103351, http://localhost:3001/wallets
278076690333225625169989687868833103351, 233032998176358204158922651330884830390 -> a ['\n', <div class="pull-right text-success transaction_amount", 136160869994390852733234037792753178398, http://localhost:3001/wallets/1
278076690333225625169989687868833103351, None, 278076690333225625169989687868833103351, http://localhost:3001/wallets
278076690333225625169989687868833103351, 233032998176358204158922651330884830390 -> a ['\n', <div class="pull-right text-success transaction_amount", 9230730287505139335269238106171922623, http://localhost:3001/wallets/1
9230730287505139335269238106171922623, 193846586110871060058793389819788582164 -> a [<span aria-hidden="true" class="glyphicon glyphicon-import", 157873571506454063574920834269375867280, http://localhost:3001/wallets/1/import
157873571506454063574920834269375867280, 211529172816946856896018388012172770514 -> input []{'type': 'button', 'value': 'Select file', 'data-loading-text': 'Uploading...', 'data-invalue': 'Select file'}, 157873571506454063574920834269375867280, http://localhost:3001/wallets/1/import
157873571506454063574920834269375867280, 211529172816946856896018388012172770514 -> input []{'type': 'button', 'value': 'Select file', 'data-loading-text': 'Uploading...', 'data-invalue': 'Select file'}, 157873571506454063574920834269375867280, http://localhost:3001/wallets/1/import
157873571506454063574920834269375867280, 211529172816946856896018388012172770514 -> input []{'type': 'button', 'value': 'Select file', 'data-loading-text': 'Uploading...', 'data-invalue': 'Select file'}, 157873571506454063574920834269375867280, http://localhost:3001/wallets/1/import
157873571506454063574920834269375867280, 211529172816946856896018388012172770514 -> input []{'type': 'button', 'value': 'Select file', 'data-loading-text': 'Uploading...', 'data-invalue': 'Select file'}, 157873571506454063574920834269375867280, http://localhost:3001/wallets/1/import
278076690333225625169989687868833103351, None, 278076690333225625169989687868833103351, http://localhost:3001/wallets
278076690333225625169989687868833103351, 233032998176358204158922651330884830390 -> a ['\n', <div class="pull-right text-success transaction_amount", 109790082220928078814108899845847487183, http://localhost:3001/wallets/1
109790082220928078814108899845847487183, 193846586110871060058793389819788582164 -> a [<span aria-hidden="true" class="glyphicon glyphicon-import", 157873571506454063574920834269375867280, http://localhost:3001/wallets/1/import
278076690333225625169989687868833103351, None, 278076690333225625169989687868833103351, http://localhost:3001/wallets
278076690333225625169989687868833103351, 233032998176358204158922651330884830390 -> a ['\n', <div class="pull-right text-success transaction_amount", 17163509931550280708870543591404420305, http://localhost:3001/wallets/1
17163509931550280708870543591404420305, 193846586110871060058793389819788582164 -> a [<span aria-hidden="true" class="glyphicon glyphicon-import", 157873571506454063574920834269375867280, http://localhost:3001/wallets/1/import
278076690333225625169989687868833103351, None, 278076690333225625169989687868833103351, http://localhost:3001/wallets
278076690333225625169989687868833103351, 233032998176358204158922651330884830390 -> a ['\n', <div class="pull-right text-success transaction_amount", 3519498539777872717963304865388294846, http://localhost:3001/wallets/1
3519498539777872717963304865388294846, 193846586110871060058793389819788582164 -> a [<span aria-hidden="true" class="glyphicon glyphicon-import", 157873571506454063574920834269375867280, http://localhost:3001/wallets/1/import
278076690333225625169989687868833103351, None, 278076690333225625169989687868833103351, http://localhost:3001/wallets
278076690333225625169989687868833103351, 233032998176358204158922651330884830390 -> a ['\n', <div class="pull-right text-success transaction_amount", 3519498539777872717963304865388294846, http://localhost:3001/wallets/1
3519498539777872717963304865388294846, 40033767128550119556758792738972518504 -> button [<span data-i18n="Add Income", 305428170932857009307284288044241722476, http://localhost:3001/wallets/1
305428170932857009307284288044241722476, 205408199651108638240740156954365449134 -> form ['\n', <fieldset, 305428170932857009307284288044241722476, http://localhost:3001/wallets/1
305428170932857009307284288044241722476, 205408199651108638240740156954365449134 -> form ['\n', <fieldset, 305428170932857009307284288044241722476, http://localhost:3001/wallets/1
305428170932857009307284288044241722476, 205408199651108638240740156954365449134 -> form ['\n', <fieldset, 305428170932857009307284288044241722476, http://localhost:3001/wallets/1
305428170932857009307284288044241722476, 205408199651108638240740156954365449134 -> form ['\n', <fieldset, 305428170932857009307284288044241722476, http://localhost:3001/wallets/1
305428170932857009307284288044241722476, 164770504787406092505723908950430241986 -> button ['×']{'type': 'button', 'data-dismiss': 'modal', 'aria-hidden': 'true'}, 305428170932857009307284288044241722476, http://localhost:3001/wallets/1
305428170932857009307284288044241722476, 164770504787406092505723908950430241986 -> button ['×']{'type': 'button', 'data-dismiss': 'modal', 'aria-hidden': 'true'}, 305428170932857009307284288044241722476, http://localhost:3001/wallets/1
278076690333225625169989687868833103351, None, 278076690333225625169989687868833103351, http://localhost:3001/wallets
278076690333225625169989687868833103351, 233032998176358204158922651330884830390 -> a ['\n', <div class="pull-right text-success transaction_amount", 59980933530657891089062496869751812721, http://localhost:3001/wallets/1
278076690333225625169989687868833103351, None, 278076690333225625169989687868833103351, http://localhost:3001/wallets
278076690333225625169989687868833103351, 233032998176358204158922651330884830390 -> a ['\n', <div class="pull-right text-success transaction_amount", 28193527799598736664164216675723051524, http://localhost:3001/wallets/1
28193527799598736664164216675723051524, 158009411471723493269880909046446417559 -> a [<span data-i18n="Set Goal", 156576564120549600627140468145573588607, http://localhost:3001/wallets
278076690333225625169989687868833103351, None, 278076690333225625169989687868833103351, http://localhost:3001/wallets
278076690333225625169989687868833103351, 233032998176358204158922651330884830390 -> a ['\n', <div class="pull-right text-success transaction_amount", 81013474623869534122013466781312053786, http://localhost:3001/wallets/1
81013474623869534122013466781312053786, 51734587471318764320500906054182906819 -> a [<span data-i18n="set total to", 305428170932857009307284288044241722476, http://localhost:3001/wallets/1
305428170932857009307284288044241722476, 164770504787406092505723908950430241986 -> button ['×']{'type': 'button', 'data-dismiss': 'modal', 'aria-hidden': 'true'}, 305428170932857009307284288044241722476, http://localhost:3001/wallets/1
305428170932857009307284288044241722476, 164770504787406092505723908950430241986 -> button ['×']{'type': 'button', 'data-dismiss': 'modal', 'aria-hidden': 'true'}, 305428170932857009307284288044241722476, http://localhost:3001/wallets/1
305428170932857009307284288044241722476, 164770504787406092505723908950430241986 -> button ['×']{'type': 'button', 'data-dismiss': 'modal', 'aria-hidden': 'true'}, 305428170932857009307284288044241722476, http://localhost:3001/wallets/1
305428170932857009307284288044241722476, 290997046537929317093204731951347912223 -> form ['\n', <fieldset, 305428170932857009307284288044241722476, http://localhost:3001/wallets/1
305428170932857009307284288044241722476, 164770504787406092505723908950430241986 -> button ['×']{'type': 'button', 'data-dismiss': 'modal', 'aria-hidden': 'true'}, 305428170932857009307284288044241722476, http://localhost:3001/wallets/1
305428170932857009307284288044241722476, 164770504787406092505723908950430241986 -> button ['×']{'type': 'button', 'data-dismiss': 'modal', 'aria-hidden': 'true'}, 305428170932857009307284288044241722476, http://localhost:3001/wallets/1
278076690333225625169989687868833103351, None, 278076690333225625169989687868833103351, http://localhost:3001/wallets
278076690333225625169989687868833103351, 233032998176358204158922651330884830390 -> a ['\n', <div class="pull-right text-success transaction_amount", 141717725731545108010427309267560219505, http://localhost:3001/wallets/1
141717725731545108010427309267560219505, 193846586110871060058793389819788582164 -> a [<span aria-hidden="true" class="glyphicon glyphicon-import", 157873571506454063574920834269375867280, http://localhost:3001/wallets/1/import
157873571506454063574920834269375867280, 211529172816946856896018388012172770514 -> input []{'type': 'button', 'value': 'Select file', 'data-loading-text': 'Uploading...', 'data-invalue': 'Select file'}, 157873571506454063574920834269375867280, http://localhost:3001/wallets/1/import
157873571506454063574920834269375867280, 211529172816946856896018388012172770514 -> input []{'type': 'button', 'value': 'Select file', 'data-loading-text': 'Uploading...', 'data-invalue': 'Select file'}, 157873571506454063574920834269375867280, http://localhost:3001/wallets/1/import
278076690333225625169989687868833103351, None, 278076690333225625169989687868833103351, http://localhost:3001/wallets
278076690333225625169989687868833103351, 233032998176358204158922651330884830390 -> a ['\n', <div class="pull-right text-success transaction_amount", 41245162211052024400875131215603676197, http://localhost:3001/wallets/1
41245162211052024400875131215603676197, 193846586110871060058793389819788582164 -> a [<span aria-hidden="true" class="glyphicon glyphicon-import", 157873571506454063574920834269375867280, http://localhost:3001/wallets/1/import
278076690333225625169989687868833103351, None, 278076690333225625169989687868833103351, http://localhost:3001/wallets
278076690333225625169989687868833103351, 233032998176358204158922651330884830390 -> a ['\n', <div class="pull-right text-success transaction_amount", 323217989483260828436404457374793296720, http://localhost:3001/wallets/1
278076690333225625169989687868833103351, None, 278076690333225625169989687868833103351, http://localhost:3001/wallets
278076690333225625169989687868833103351, 233032998176358204158922651330884830390 -> a ['\n', <div class="pull-right text-success transaction_amount", 17163509931550280708870543591404420305, http://localhost:3001/wallets/1
17163509931550280708870543591404420305, 40033767128550119556758792738972518504 -> button [<span data-i18n="Add Income", 108487156254575519868306943473997679108, http://localhost:3001/wallets/1
278076690333225625169989687868833103351, None, 278076690333225625169989687868833103351, http://localhost:3001/wallets
278076690333225625169989687868833103351, 233032998176358204158922651330884830390 -> a ['\n', <div class="pull-right text-success transaction_amount", 321557203938316371062410146634967724970, http://localhost:3001/wallets/1
278076690333225625169989687868833103351, None, 278076690333225625169989687868833103351, http://localhost:3001/wallets
278076690333225625169989687868833103351, 233032998176358204158922651330884830390 -> a ['\n', <div class="pull-right text-success transaction_amount", 109588561576465966989710785891828049450, http://localhost:3001/wallets/1
278076690333225625169989687868833103351, None, 278076690333225625169989687868833103351, http://localhost:3001/wallets
278076690333225625169989687868833103351, 233032998176358204158922651330884830390 -> a ['\n', <div class="pull-right text-success transaction_amount", 96499719368884157330781907419326097156, http://localhost:3001/wallets/1
278076690333225625169989687868833103351, None, 278076690333225625169989687868833103351, http://localhost:3001/wallets
278076690333225625169989687868833103351, 233032998176358204158922651330884830390 -> a ['\n', <div class="pull-right text-success transaction_amount", 189373328667171521578410427808573113580, http://localhost:3001/wallets/1
278076690333225625169989687868833103351, None, 278076690333225625169989687868833103351, http://localhost:3001/wallets
278076690333225625169989687868833103351, 233032998176358204158922651330884830390 -> a ['\n', <div class="pull-right text-success transaction_amount", 143473605693966330530945144789467896291, http://localhost:3001/wallets/1
143473605693966330530945144789467896291, 193846586110871060058793389819788582164 -> a [<span aria-hidden="true" class="glyphicon glyphicon-import", 157873571506454063574920834269375867280, http://localhost:3001/wallets/1/import
278076690333225625169989687868833103351, None, 278076690333225625169989687868833103351, http://localhost:3001/wallets
278076690333225625169989687868833103351, 233032998176358204158922651330884830390 -> a ['\n', <div class="pull-right text-success transaction_amount", 300562230355485531569712810173194592666, http://localhost:3001/wallets/1
278076690333225625169989687868833103351, None, 278076690333225625169989687868833103351, http://localhost:3001/wallets
278076690333225625169989687868833103351, 233032998176358204158922651330884830390 -> a ['\n', <div class="pull-right text-success transaction_amount", 305428170932857009307284288044241722476, http://localhost:3001/wallets/1
305428170932857009307284288044241722476, 193846586110871060058793389819788582164 -> a [<span aria-hidden="true" class="glyphicon glyphicon-import", 157873571506454063574920834269375867280, http://localhost:3001/wallets/1/import
157873571506454063574920834269375867280, 211529172816946856896018388012172770514 -> input []{'type': 'button', 'value': 'Select file', 'data-loading-text': 'Uploading...', 'data-invalue': 'Select file'}, 157873571506454063574920834269375867280, http://localhost:3001/wallets/1/import
278076690333225625169989687868833103351, None, 278076690333225625169989687868833103351, http://localhost:3001/wallets
278076690333225625169989687868833103351, None, 278076690333225625169989687868833103351, http://localhost:3001/wallets
278076690333225625169989687868833103351, None, 278076690333225625169989687868833103351, http://localhost:3001/wallets
278076690333225625169989687868833103351, 5608938641747884300044405205556053003 -> button [<span class="glyphicon glyphicon-user", 278076690333225625169989687868833103351, http://localhost:3001/wallets
278076690333225625169989687868833103351, 72866117111720632136805165808169623358 -> a ['API']{'href': 'http://docs.dimeshift.apiary.io/'}, 278076690333225625169989687868833103351, http://localhost:3001/wallets
278076690333225625169989687868833103351, 143964004078119742277710045892540417360 -> a ['Wallets']{'href': '/wallets', 'data-in': 'Wallets'}, 278076690333225625169989687868833103351, http://localhost:3001/wallets
278076690333225625169989687868833103351, 205911053392441145155640008213943745727 -> a [<span class="glyphicon glyphicon-ok", 278076690333225625169989687868833103351, http://localhost:3001/wallets
278076690333225625169989687868833103351, 69261900354377929876421606824271450118 -> a [<span aria-hidden="true" class="glyphicon glyphicon-globe", 278076690333225625169989687868833103351, http://localhost:3001/wallets
278076690333225625169989687868833103351, 238793388412553796489369081198711123509 -> a ['$ dimeshift']{'href': '/'}, 278076690333225625169989687868833103351, http://localhost:3001/wallets
278076690333225625169989687868833103351, 186037210004141989051388640614981630902 -> a ['Settings']{'href': '/profile', 'data-in': 'Settings'}, 182798277483336358993202069468154257416, http://localhost:3001/profile
182798277483336358993202069468154257416, 109900342370374619712692107935887661741 -> a [<span class="glyphicon glyphicon-trash", 48578004473033321184321026095610122545, http://localhost:3001/profile#
278076690333225625169989687868833103351, None, 278076690333225625169989687868833103351, http://localhost:3001/wallets
278076690333225625169989687868833103351, 186037210004141989051388640614981630902 -> a ['Settings']{'href': '/profile', 'data-in': 'Settings'}, 182798277483336358993202069468154257416, http://localhost:3001/profile
182798277483336358993202069468154257416, 109900342370374619712692107935887661741 -> a [<span class="glyphicon glyphicon-trash", 48578004473033321184321026095610122545, http://localhost:3001/profile#
48578004473033321184321026095610122545, 225145757798679539849455265193339328988 -> form ['\n', <div class="form-group", 48578004473033321184321026095610122545, http://localhost:3001/profile#
48578004473033321184321026095610122545, 225145757798679539849455265193339328988 -> form ['\n', <div class="form-group", 48578004473033321184321026095610122545, http://localhost:3001/profile#
48578004473033321184321026095610122545, 145633068536459322312414860502993133376 -> a [<span data-i18n="Log Out", 104697402886576868678798032013257024063, http://localhost:3001/
104697402886576868678798032013257024063, 75056642720997424365806452209120460192 -> a ['Sign In']{'href': '/user/signin', 'data-in': 'Sign In'}, 104697402886576868678798032013257024063, http://localhost:3001/
104697402886576868678798032013257024063, 53030406825762545276438289970305043077 -> a ['Home']{'href': '/', 'data-in': 'Home'}, 104697402886576868678798032013257024063, http://localhost:3001/
104697402886576868678798032013257024063, 280553687692852780123066102917098299601 -> a []{'href': 'http://localhost:3001/images/homepage/screenshots/wallets.jpg', 'id': 'image-link-wallets', 'style': "background-image: url('http://localhost:/images/homepage/screenshots/wallets.jpg');"}, 104697402886576868678798032013257024063, http://localhost:3001/
312468063146907313555221026982805891456, None, 312468063146907313555221026982805891456, http://localhost:3001/
312468063146907313555221026982805891456, 277712453453955741677905488786830410505 -> a ['Contact']{'href': 'mailto:jeka911@gmail.com?subject=Wallet', 'data-in': 'Contact'}, 312468063146907313555221026982805891456, http://localhost:3001/
77659574643383717146484374309974862090, None, 77659574643383717146484374309974862090, http://localhost:3001/
77659574643383717146484374309974862090, 75056642720997424365806452209120460192 -> a ['Sign In']{'href': '/user/signin', 'data-in': 'Sign In'}, 151486758748042171726768099244082768382, http://localhost:3001/wallets/
151486758748042171726768099244082768382, 87180361993245229478081065624157586995 -> a ['Register']{'href': 'http://localhost:3001/user/registration'}, 110472329953724029588182257035122285394, http://localhost:3001/wallets
253210429649757045617141507568366515, None, 253210429649757045617141507568366515, http://localhost:3001/wallets
253210429649757045617141507568366515, 186037210004141989051388640614981630902 -> a ['Settings']{'href': '/profile', 'data-in': 'Settings'}, 182798277483336358993202069468154257416, http://localhost:3001/profile
182798277483336358993202069468154257416, 109900342370374619712692107935887661741 -> a [<span class="glyphicon glyphicon-trash", 48578004473033321184321026095610122545, http://localhost:3001/profile#
48578004473033321184321026095610122545, 145633068536459322312414860502993133376 -> a [<span data-i18n="Log Out", 104697402886576868678798032013257024063, http://localhost:3001/
104697402886576868678798032013257024063, 136504310823099385748378508891970664617 -> a []{'href': 'http://localhost:3001/images/homepage/screenshots/i18n.jpg', 'id': 'image-link-', 'style': "background-image: url('http://localhost:/images/homepage/screenshots/in.jpg');"}, 104697402886576868678798032013257024063, http://localhost:3001/
104697402886576868678798032013257024063, 24045720963061510147388474628965236342 -> a []{'href': 'http://localhost:3001/images/homepage/screenshots/goal.jpg', 'id': 'image-link-agpl', 'style': "background-image: url('http://localhost:/images/homepage/screenshots/goal.jpg');"}, 104697402886576868678798032013257024063, http://localhost:3001/
104697402886576868678798032013257024063, 287439962806392087827856506575270396085 -> a []{'href': 'http://localhost:3001/images/homepage/screenshots/transactions.jpg', 'id': 'image-link-', 'style': "background-image: url('http://localhost:/images/homepage/screenshots/transactions.jpg');"}, 104697402886576868678798032013257024063, http://localhost:3001/
104697402886576868678798032013257024063, 15350420686339836366149544887528354942 -> input []{'type': 'submit', 'id': 'demo_signup', 'data-invalue': 'here', 'value': 'here'}, 104697402886576868678798032013257024063, http://localhost:3001/
104697402886576868678798032013257024063, 143912285649067720774554330843865674796 -> a ['Register']{'href': '/user/registration', 'data-in': 'Register'}, 104697402886576868678798032013257024063, http://localhost:3001/
77659574643383717146484374309974862090, None, 77659574643383717146484374309974862090, http://localhost:3001/
77659574643383717146484374309974862090, 75056642720997424365806452209120460192 -> a ['Sign In']{'href': '/user/signin', 'data-in': 'Sign In'}, 151486758748042171726768099244082768382, http://localhost:3001/wallets/
151486758748042171726768099244082768382, 87180361993245229478081065624157586995 -> a ['Register']{'href': 'http://localhost:3001/user/registration'}, 219401342507275805984565188446545405402, http://localhost:3001/wallets
140823844762780903511085622857417456812, None, 140823844762780903511085622857417456812, http://localhost:3001/wallets
140823844762780903511085622857417456812, 320174147126102010907134653534871470777 -> button [<span class="glyphicon glyphicon-trash", 140823844762780903511085622857417456812, http://localhost:3001/wallets
140823844762780903511085622857417456812, 209638118784994731842872023555060259766 -> a ['Log Out']{'href': '/user/logout', 'data-in': 'Log Out'}, 140823844762780903511085622857417456812, http://localhost:3001/wallets
140823844762780903511085622857417456812, None, 140823844762780903511085622857417456812, http://localhost:3001/wallets
140823844762780903511085622857417456812, 192584178155501163542673171799844345738 -> a ['\n', <div class="pull-right text-success transaction_amount", 185962147257181534625834375007663773468, http://localhost:3001/wallets/8
140823844762780903511085622857417456812, None, 140823844762780903511085622857417456812, http://localhost:3001/wallets
140823844762780903511085622857417456812, 192584178155501163542673171799844345738 -> a ['\n', <div class="pull-right text-success transaction_amount", 104887861062609675300176766212293444540, http://localhost:3001/wallets/8
104887861062609675300176766212293444540, 51734587471318764320500906054182906819 -> a [<span data-i18n="set total to", 104887861062609675300176766212293444540, http://localhost:3001/wallets/8
104887861062609675300176766212293444540, 332632648636535438633633310846405598435 -> button ['\n', <span aria-hidden="true" class="glyphicon glyphicon-chevron-down", 104887861062609675300176766212293444540, http://localhost:3001/wallets/8
140823844762780903511085622857417456812, None, 140823844762780903511085622857417456812, http://localhost:3001/wallets
140823844762780903511085622857417456812, 192584178155501163542673171799844345738 -> a ['\n', <div class="pull-right text-success transaction_amount", 104887861062609675300176766212293444540, http://localhost:3001/wallets/8
104887861062609675300176766212293444540, 158009411471723493269880909046446417559 -> a [<span data-i18n="Set Goal", 171958330512384962642311353900099989595, http://localhost:3001/wallets
140823844762780903511085622857417456812, None, 140823844762780903511085622857417456812, http://localhost:3001/wallets
140823844762780903511085622857417456812, 192584178155501163542673171799844345738 -> a ['\n', <div class="pull-right text-success transaction_amount", 104887861062609675300176766212293444540, http://localhost:3001/wallets/8
104887861062609675300176766212293444540, 158009411471723493269880909046446417559 -> a [<span data-i18n="Set Goal", 171958330512384962642311353900099989595, http://localhost:3001/wallets
140823844762780903511085622857417456812, None, 140823844762780903511085622857417456812, http://localhost:3001/wallets
140823844762780903511085622857417456812, 192584178155501163542673171799844345738 -> a ['\n', <div class="pull-right text-success transaction_amount", 104887861062609675300176766212293444540, http://localhost:3001/wallets/8
104887861062609675300176766212293444540, 158009411471723493269880909046446417559 -> a [<span data-i18n="Set Goal", 171958330512384962642311353900099989595, http://localhost:3001/wallets
140823844762780903511085622857417456812, None, 140823844762780903511085622857417456812, http://localhost:3001/wallets
140823844762780903511085622857417456812, 192584178155501163542673171799844345738 -> a ['\n', <div class="pull-right text-success transaction_amount", 301809934083492762353488732952796048028, http://localhost:3001/wallets/8
140823844762780903511085622857417456812, None, 140823844762780903511085622857417456812, http://localhost:3001/wallets
140823844762780903511085622857417456812, 192584178155501163542673171799844345738 -> a ['\n', <div class="pull-right text-success transaction_amount", 104887861062609675300176766212293444540, http://localhost:3001/wallets/8
104887861062609675300176766212293444540, 158009411471723493269880909046446417559 -> a [<span data-i18n="Set Goal", 171958330512384962642311353900099989595, http://localhost:3001/wallets
140823844762780903511085622857417456812, None, 140823844762780903511085622857417456812, http://localhost:3001/wallets
140823844762780903511085622857417456812, 192584178155501163542673171799844345738 -> a ['\n', <div class="pull-right text-success transaction_amount", 212824332636521974053651490644941611409, http://localhost:3001/wallets/8
140823844762780903511085622857417456812, None, 140823844762780903511085622857417456812, http://localhost:3001/wallets
140823844762780903511085622857417456812, 192584178155501163542673171799844345738 -> a ['\n', <div class="pull-right text-success transaction_amount", 149409958304816972954907528626330174331, http://localhost:3001/wallets/8
149409958304816972954907528626330174331, 322500650104662320556485549434573524934 -> a [<span aria-hidden="true" class="glyphicon glyphicon-import", 288606507257855950658788033632587487878, http://localhost:3001/wallets/8/import
288606507257855950658788033632587487878, 211529172816946856896018388012172770514 -> input []{'type': 'button', 'value': 'Select file', 'data-loading-text': 'Uploading...', 'data-invalue': 'Select file'}, 288606507257855950658788033632587487878, http://localhost:3001/wallets/8/import
140823844762780903511085622857417456812, None, 140823844762780903511085622857417456812, http://localhost:3001/wallets
140823844762780903511085622857417456812, 192584178155501163542673171799844345738 -> a ['\n', <div class="pull-right text-success transaction_amount", 50392624231190400092060207891531660176, http://localhost:3001/wallets/8
50392624231190400092060207891531660176, 322500650104662320556485549434573524934 -> a [<span aria-hidden="true" class="glyphicon glyphicon-import", 288606507257855950658788033632587487878, http://localhost:3001/wallets/8/import
288606507257855950658788033632587487878, 211529172816946856896018388012172770514 -> input []{'type': 'button', 'value': 'Select file', 'data-loading-text': 'Uploading...', 'data-invalue': 'Select file'}, 288606507257855950658788033632587487878, http://localhost:3001/wallets/8/import
288606507257855950658788033632587487878, 211529172816946856896018388012172770514 -> input []{'type': 'button', 'value': 'Select file', 'data-loading-text': 'Uploading...', 'data-invalue': 'Select file'}, 288606507257855950658788033632587487878, http://localhost:3001/wallets/8/import
140823844762780903511085622857417456812, None, 140823844762780903511085622857417456812, http://localhost:3001/wallets
140823844762780903511085622857417456812, 192584178155501163542673171799844345738 -> a ['\n', <div class="pull-right text-success transaction_amount", 278537611221152986593172877976744586974, http://localhost:3001/wallets/8
140823844762780903511085622857417456812, None, 140823844762780903511085622857417456812, http://localhost:3001/wallets
140823844762780903511085622857417456812, 192584178155501163542673171799844345738 -> a ['\n', <div class="pull-right text-success transaction_amount", 244480802744650097351325716924505506621, http://localhost:3001/wallets/8
140823844762780903511085622857417456812, None, 140823844762780903511085622857417456812, http://localhost:3001/wallets
140823844762780903511085622857417456812, 192584178155501163542673171799844345738 -> a ['\n', <div class="pull-right text-success transaction_amount", 40361314068682389708675247110614629066, http://localhost:3001/wallets/8
40361314068682389708675247110614629066, 158009411471723493269880909046446417559 -> a [<span data-i18n="Set Goal", 171958330512384962642311353900099989595, http://localhost:3001/wallets
140823844762780903511085622857417456812, None, 140823844762780903511085622857417456812, http://localhost:3001/wallets
140823844762780903511085622857417456812, 192584178155501163542673171799844345738 -> a ['\n', <div class="pull-right text-success transaction_amount", 212824332636521974053651490644941611409, http://localhost:3001/wallets/8
212824332636521974053651490644941611409, 158009411471723493269880909046446417559 -> a [<span data-i18n="Set Goal", 171958330512384962642311353900099989595, http://localhost:3001/wallets
140823844762780903511085622857417456812, None, 140823844762780903511085622857417456812, http://localhost:3001/wallets
140823844762780903511085622857417456812, 192584178155501163542673171799844345738 -> a ['\n', <div class="pull-right text-success transaction_amount", 104887861062609675300176766212293444540, http://localhost:3001/wallets/8
104887861062609675300176766212293444540, 40033767128550119556758792738972518504 -> button [<span data-i18n="Add Income", 104887861062609675300176766212293444540, http://localhost:3001/wallets/8
104887861062609675300176766212293444540, 300938307388621752250340407401666505920 -> form ['\n', <input class="form-control" data-i18nplaceholder="Describe expense and press Enter to add" id="add_transaction_text" placeholder="Describe expense and press Enter to add" type="text"/, 104887861062609675300176766212293444540, http://localhost:3001/wallets/8
104887861062609675300176766212293444540, 300938307388621752250340407401666505920 -> form ['\n', <input class="form-control" data-i18nplaceholder="Describe expense and press Enter to add" id="add_transaction_text" placeholder="Describe expense and press Enter to add" type="text"/, 104887861062609675300176766212293444540, http://localhost:3001/wallets/8
104887861062609675300176766212293444540, 322500650104662320556485549434573524934 -> a [<span aria-hidden="true" class="glyphicon glyphicon-import", 288606507257855950658788033632587487878, http://localhost:3001/wallets/8/import
140823844762780903511085622857417456812, None, 140823844762780903511085622857417456812, http://localhost:3001/wallets
140823844762780903511085622857417456812, 192584178155501163542673171799844345738 -> a ['\n', <div class="pull-right text-success transaction_amount", 104887861062609675300176766212293444540, http://localhost:3001/wallets/8
140823844762780903511085622857417456812, None, 140823844762780903511085622857417456812, http://localhost:3001/wallets
140823844762780903511085622857417456812, 5608938641747884300044405205556053003 -> button [<span class="glyphicon glyphicon-user", 140823844762780903511085622857417456812, http://localhost:3001/wallets
140823844762780903511085622857417456812, 69261900354377929876421606824271450118 -> a [<span aria-hidden="true" class="glyphicon glyphicon-globe", 140823844762780903511085622857417456812, http://localhost:3001/wallets
140823844762780903511085622857417456812, None, 140823844762780903511085622857417456812, http://localhost:3001/wallets
140823844762780903511085622857417456812, 59033961675128415164332924159931931082 -> button [<span class="glyphicon glyphicon-pencil", 314140157027029516042985438598529623853, http://localhost:3001/wallets
314140157027029516042985438598529623853, 164770504787406092505723908950430241986 -> button ['×']{'type': 'button', 'data-dismiss': 'modal', 'aria-hidden': 'true'}, 140823844762780903511085622857417456812, http://localhost:3001/wallets
140823844762780903511085622857417456812, 59033961675128415164332924159931931082 -> button [<span class="glyphicon glyphicon-pencil", 314140157027029516042985438598529623853, http://localhost:3001/wallets
314140157027029516042985438598529623853, 198465896605091102877225175642271807174 -> form ['\n', <fieldset, 314140157027029516042985438598529623853, http://localhost:3001/wallets
314140157027029516042985438598529623853, 198465896605091102877225175642271807174 -> form ['\n', <fieldset, 314140157027029516042985438598529623853, http://localhost:3001/wallets
314140157027029516042985438598529623853, 164770504787406092505723908950430241986 -> button ['×']{'type': 'button', 'data-dismiss': 'modal', 'aria-hidden': 'true'}, 314140157027029516042985438598529623853, http://localhost:3001/wallets
314140157027029516042985438598529623853, 198465896605091102877225175642271807174 -> form ['\n', <fieldset, 314140157027029516042985438598529623853, http://localhost:3001/wallets
314140157027029516042985438598529623853, 164770504787406092505723908950430241986 -> button ['×']{'type': 'button', 'data-dismiss': 'modal', 'aria-hidden': 'true'}, 314140157027029516042985438598529623853, http://localhost:3001/wallets
140823844762780903511085622857417456812, None, 140823844762780903511085622857417456812, http://localhost:3001/wallets
140823844762780903511085622857417456812, 59033961675128415164332924159931931082 -> button [<span class="glyphicon glyphicon-pencil", 290680132782108200610031440000329009685, http://localhost:3001/wallets
290680132782108200610031440000329009685, 164770504787406092505723908950430241986 -> button ['×']{'type': 'button', 'data-dismiss': 'modal', 'aria-hidden': 'true'}, 140823844762780903511085622857417456812, http://localhost:3001/wallets
140823844762780903511085622857417456812, 59033961675128415164332924159931931082 -> button [<span class="glyphicon glyphicon-pencil", 314140157027029516042985438598529623853, http://localhost:3001/wallets
314140157027029516042985438598529623853, 198465896605091102877225175642271807174 -> form ['\n', <fieldset, 140823844762780903511085622857417456812, http://localhost:3001/wallets
140823844762780903511085622857417456812, None, 140823844762780903511085622857417456812, http://localhost:3001/wallets
140823844762780903511085622857417456812, 143964004078119742277710045892540417360 -> a ['Wallets']{'href': '/wallets', 'data-in': 'Wallets'}, 140823844762780903511085622857417456812, http://localhost:3001/wallets
140823844762780903511085622857417456812, 208527673500450164736583864997473138176 -> a ['\n', <div class="pull-right text-success transaction_amount", 124479589574613939795906605249016203559, http://localhost:3001/wallets/7
124479589574613939795906605249016203559, 88290088872639254530175931996691979599 -> a [<span aria-hidden="true" class="glyphicon glyphicon-import", 12038745472546326243561957490647837398, http://localhost:3001/wallets/7/import
140823844762780903511085622857417456812, None, 140823844762780903511085622857417456812, http://localhost:3001/wallets
140823844762780903511085622857417456812, 208527673500450164736583864997473138176 -> a ['\n', <div class="pull-right text-success transaction_amount", 109175729508397277587710424744154812387, http://localhost:3001/wallets/7
140823844762780903511085622857417456812, None, 140823844762780903511085622857417456812, http://localhost:3001/wallets
140823844762780903511085622857417456812, 208527673500450164736583864997473138176 -> a ['\n', <div class="pull-right text-success transaction_amount", 127035814665522247184184860265168610125, http://localhost:3001/wallets/7
127035814665522247184184860265168610125, 88290088872639254530175931996691979599 -> a [<span aria-hidden="true" class="glyphicon glyphicon-import", 12038745472546326243561957490647837398, http://localhost:3001/wallets/7/import
12038745472546326243561957490647837398, 211529172816946856896018388012172770514 -> input []{'type': 'button', 'value': 'Select file', 'data-loading-text': 'Uploading...', 'data-invalue': 'Select file'}, 12038745472546326243561957490647837398, http://localhost:3001/wallets/7/import
12038745472546326243561957490647837398, 211529172816946856896018388012172770514 -> input []{'type': 'button', 'value': 'Select file', 'data-loading-text': 'Uploading...', 'data-invalue': 'Select file'}, 12038745472546326243561957490647837398, http://localhost:3001/wallets/7/import
12038745472546326243561957490647837398, 211529172816946856896018388012172770514 -> input []{'type': 'button', 'value': 'Select file', 'data-loading-text': 'Uploading...', 'data-invalue': 'Select file'}, 12038745472546326243561957490647837398, http://localhost:3001/wallets/7/import
140823844762780903511085622857417456812, None, 140823844762780903511085622857417456812, http://localhost:3001/wallets
140823844762780903511085622857417456812, 208527673500450164736583864997473138176 -> a ['\n', <div class="pull-right text-success transaction_amount", 205950372089078429220639439086763344228, http://localhost:3001/wallets/7
140823844762780903511085622857417456812, None, 140823844762780903511085622857417456812, http://localhost:3001/wallets
140823844762780903511085622857417456812, 208527673500450164736583864997473138176 -> a ['\n', <div class="pull-right text-success transaction_amount", 238775118288905312307318197990414266065, http://localhost:3001/wallets/7
140823844762780903511085622857417456812, None, 140823844762780903511085622857417456812, http://localhost:3001/wallets
140823844762780903511085622857417456812, 208527673500450164736583864997473138176 -> a ['\n', <div class="pull-right text-success transaction_amount", 124479589574613939795906605249016203559, http://localhost:3001/wallets/7
124479589574613939795906605249016203559, 88290088872639254530175931996691979599 -> a [<span aria-hidden="true" class="glyphicon glyphicon-import", 12038745472546326243561957490647837398, http://localhost:3001/wallets/7/import
140823844762780903511085622857417456812, None, 140823844762780903511085622857417456812, http://localhost:3001/wallets
140823844762780903511085622857417456812, 208527673500450164736583864997473138176 -> a ['\n', <div class="pull-right text-success transaction_amount", 199723389783307515411590436346288040176, http://localhost:3001/wallets/7
140823844762780903511085622857417456812, None, 140823844762780903511085622857417456812, http://localhost:3001/wallets
140823844762780903511085622857417456812, 208527673500450164736583864997473138176 -> a ['\n', <div class="pull-right text-success transaction_amount", 124479589574613939795906605249016203559, http://localhost:3001/wallets/7
124479589574613939795906605249016203559, 51734587471318764320500906054182906819 -> a [<span data-i18n="set total to", 124479589574613939795906605249016203559, http://localhost:3001/wallets/7
124479589574613939795906605249016203559, 40033767128550119556758792738972518504 -> button [<span data-i18n="Add Income", 124479589574613939795906605249016203559, http://localhost:3001/wallets/7
140823844762780903511085622857417456812, None, 140823844762780903511085622857417456812, http://localhost:3001/wallets
140823844762780903511085622857417456812, 208527673500450164736583864997473138176 -> a ['\n', <div class="pull-right text-success transaction_amount", 76983964620587799108105095962318197232, http://localhost:3001/wallets/7
140823844762780903511085622857417456812, None, 140823844762780903511085622857417456812, http://localhost:3001/wallets
140823844762780903511085622857417456812, 208527673500450164736583864997473138176 -> a ['\n', <div class="pull-right text-success transaction_amount", 124479589574613939795906605249016203559, http://localhost:3001/wallets/7
124479589574613939795906605249016203559, 332632648636535438633633310846405598435 -> button ['\n', <span aria-hidden="true" class="glyphicon glyphicon-chevron-down", 124479589574613939795906605249016203559, http://localhost:3001/wallets/7
124479589574613939795906605249016203559, 158009411471723493269880909046446417559 -> a [<span data-i18n="Set Goal", 171958330512384962642311353900099989595, http://localhost:3001/wallets
140823844762780903511085622857417456812, None, 140823844762780903511085622857417456812, http://localhost:3001/wallets
140823844762780903511085622857417456812, 208527673500450164736583864997473138176 -> a ['\n', <div class="pull-right text-success transaction_amount", 124479589574613939795906605249016203559, http://localhost:3001/wallets/7
124479589574613939795906605249016203559, 300938307388621752250340407401666505920 -> form ['\n', <input class="form-control" data-i18nplaceholder="Describe expense and press Enter to add" id="add_transaction_text" placeholder="Describe expense and press Enter to add" type="text"/, 124479589574613939795906605249016203559, http://localhost:3001/wallets/7
124479589574613939795906605249016203559, 300938307388621752250340407401666505920 -> form ['\n', <input class="form-control" data-i18nplaceholder="Describe expense and press Enter to add" id="add_transaction_text" placeholder="Describe expense and press Enter to add" type="text"/, 124479589574613939795906605249016203559, http://localhost:3001/wallets/7
124479589574613939795906605249016203559, 88290088872639254530175931996691979599 -> a [<span aria-hidden="true" class="glyphicon glyphicon-import", 12038745472546326243561957490647837398, http://localhost:3001/wallets/7/import
12038745472546326243561957490647837398, 211529172816946856896018388012172770514 -> input []{'type': 'button', 'value': 'Select file', 'data-loading-text': 'Uploading...', 'data-invalue': 'Select file'}, 12038745472546326243561957490647837398, http://localhost:3001/wallets/7/import
140823844762780903511085622857417456812, None, 140823844762780903511085622857417456812, http://localhost:3001/wallets
140823844762780903511085622857417456812, 208527673500450164736583864997473138176 -> a ['\n', <div class="pull-right text-success transaction_amount", 124479589574613939795906605249016203559, http://localhost:3001/wallets/7
124479589574613939795906605249016203559, 300938307388621752250340407401666505920 -> form ['\n', <input class="form-control" data-i18nplaceholder="Describe expense and press Enter to add" id="add_transaction_text" placeholder="Describe expense and press Enter to add" type="text"/, 124479589574613939795906605249016203559, http://localhost:3001/wallets/7
124479589574613939795906605249016203559, 300938307388621752250340407401666505920 -> form ['\n', <input class="form-control" data-i18nplaceholder="Describe expense and press Enter to add" id="add_transaction_text" placeholder="Describe expense and press Enter to add" type="text"/, 124479589574613939795906605249016203559, http://localhost:3001/wallets/7
124479589574613939795906605249016203559, 51734587471318764320500906054182906819 -> a [<span data-i18n="set total to", 124479589574613939795906605249016203559, http://localhost:3001/wallets/7
124479589574613939795906605249016203559, 332632648636535438633633310846405598435 -> button ['\n', <span aria-hidden="true" class="glyphicon glyphicon-chevron-down", 124479589574613939795906605249016203559, http://localhost:3001/wallets/7
124479589574613939795906605249016203559, 88290088872639254530175931996691979599 -> a [<span aria-hidden="true" class="glyphicon glyphicon-import", 12038745472546326243561957490647837398, http://localhost:3001/wallets/7/import
140823844762780903511085622857417456812, None, 140823844762780903511085622857417456812, http://localhost:3001/wallets
140823844762780903511085622857417456812, 205911053392441145155640008213943745727 -> a [<span class="glyphicon glyphicon-ok", 140823844762780903511085622857417456812, http://localhost:3001/wallets
140823844762780903511085622857417456812, 186037210004141989051388640614981630902 -> a ['Settings']{'href': '/profile', 'data-in': 'Settings'}, 182798277483336358993202069468154257416, http://localhost:3001/profile
182798277483336358993202069468154257416, 109900342370374619712692107935887661741 -> a [<span class="glyphicon glyphicon-trash", 48578004473033321184321026095610122545, http://localhost:3001/profile#
48578004473033321184321026095610122545, 145633068536459322312414860502993133376 -> a [<span data-i18n="Log Out", 104697402886576868678798032013257024063, http://localhost:3001/
104697402886576868678798032013257024063, 136504310823099385748378508891970664617 -> a []{'href': 'http://localhost:3001/images/homepage/screenshots/i18n.jpg', 'id': 'image-link-', 'style': "background-image: url('http://localhost:/images/homepage/screenshots/in.jpg');"}, 104697402886576868678798032013257024063, http://localhost:3001/
104697402886576868678798032013257024063, 287439962806392087827856506575270396085 -> a []{'href': 'http://localhost:3001/images/homepage/screenshots/transactions.jpg', 'id': 'image-link-', 'style': "background-image: url('http://localhost:/images/homepage/screenshots/transactions.jpg');"}, 104697402886576868678798032013257024063, http://localhost:3001/
104697402886576868678798032013257024063, 287439962806392087827856506575270396085 -> a []{'href': 'http://localhost:3001/images/homepage/screenshots/transactions.jpg', 'id': 'image-link-', 'style': "background-image: url('http://localhost:/images/homepage/screenshots/transactions.jpg');"}, 104697402886576868678798032013257024063, http://localhost:3001/
104697402886576868678798032013257024063, 136504310823099385748378508891970664617 -> a []{'href': 'http://localhost:3001/images/homepage/screenshots/i18n.jpg', 'id': 'image-link-', 'style': "background-image: url('http://localhost:/images/homepage/screenshots/in.jpg');"}, 104697402886576868678798032013257024063, http://localhost:3001/
77659574643383717146484374309974862090, None, 77659574643383717146484374309974862090, http://localhost:3001/
77659574643383717146484374309974862090, 75056642720997424365806452209120460192 -> a ['Sign In']{'href': '/user/signin', 'data-in': 'Sign In'}, 151486758748042171726768099244082768382, http://localhost:3001/wallets/
151486758748042171726768099244082768382, 87180361993245229478081065624157586995 -> a ['Register']{'href': 'http://localhost:3001/user/registration'}, 211307693576563464564935378102658498937, http://localhost:3001/wallets
204133606863188857921215272467365725013, None, 204133606863188857921215272467365725013, http://localhost:3001/wallets
204133606863188857921215272467365725013, 277712453453955741677905488786830410505 -> a ['Contact']{'href': 'mailto:jeka911@gmail.com?subject=Wallet', 'data-in': 'Contact'}, 204133606863188857921215272467365725013, http://localhost:3001/wallets
204133606863188857921215272467365725013, None, 204133606863188857921215272467365725013, http://localhost:3001/wallets
204133606863188857921215272467365725013, 143964004078119742277710045892540417360 -> a ['Wallets']{'href': '/wallets', 'data-in': 'Wallets'}, 204133606863188857921215272467365725013, http://localhost:3001/wallets
204133606863188857921215272467365725013, 5608938641747884300044405205556053003 -> button [<span class="glyphicon glyphicon-user", 204133606863188857921215272467365725013, http://localhost:3001/wallets
204133606863188857921215272467365725013, 209638118784994731842872023555060259766 -> a ['Log Out']{'href': '/user/logout', 'data-in': 'Log Out'}, 204133606863188857921215272467365725013, http://localhost:3001/wallets
204133606863188857921215272467365725013, None, 204133606863188857921215272467365725013, http://localhost:3001/wallets
204133606863188857921215272467365725013, None, 204133606863188857921215272467365725013, http://localhost:3001/wallets
204133606863188857921215272467365725013, 336145394240353959266535772156875663398 -> a [<span data-i18n="Add", 141206558223418214459847049336339575984, http://localhost:3001/wallets
141206558223418214459847049336339575984, 52430776314973270160166886406622674883 -> form ['\n', <fieldset, 204133606863188857921215272467365725013, http://localhost:3001/wallets
204133606863188857921215272467365725013, 205911053392441145155640008213943745727 -> a [<span class="glyphicon glyphicon-ok", 204133606863188857921215272467365725013, http://localhost:3001/wallets
204133606863188857921215272467365725013, 259065471765161752143767785644261937601 -> a ['\n', <div class="pull-right text-success transaction_amount", 207584634210798185889504843479692574893, http://localhost:3001/wallets/9
207584634210798185889504843479692574893, 266812255994690671530494794360457979766 -> a [<span aria-hidden="true" class="glyphicon glyphicon-import", 166944416417123206236632819798799558525, http://localhost:3001/wallets/9/import
171494257717853528554700952263263831237, None, 171494257717853528554700952263263831237, http://localhost:3001/wallets
171494257717853528554700952263263831237, None, 171494257717853528554700952263263831237, http://localhost:3001/wallets
171494257717853528554700952263263831237, None, 171494257717853528554700952263263831237, http://localhost:3001/wallets
171494257717853528554700952263263831237, 143964004078119742277710045892540417360 -> a ['Wallets']{'href': '/wallets', 'data-in': 'Wallets'}, 171494257717853528554700952263263831237, http://localhost:3001/wallets
171494257717853528554700952263263831237, 320174147126102010907134653534871470777 -> button [<span class="glyphicon glyphicon-trash", 171494257717853528554700952263263831237, http://localhost:3001/wallets
171494257717853528554700952263263831237, 259065471765161752143767785644261937601 -> a ['\n', <div class="pull-right text-success transaction_amount", 171494257717853528554700952263263831237, http://localhost:3001/wallets
171494257717853528554700952263263831237, 72866117111720632136805165808169623358 -> a ['API']{'href': 'http://docs.dimeshift.apiary.io/'}, 171494257717853528554700952263263831237, http://localhost:3001/wallets
171494257717853528554700952263263831237, 277712453453955741677905488786830410505 -> a ['Contact']{'href': 'mailto:jeka911@gmail.com?subject=Wallet', 'data-in': 'Contact'}, 171494257717853528554700952263263831237, http://localhost:3001/wallets
171494257717853528554700952263263831237, None, 171494257717853528554700952263263831237, http://localhost:3001/wallets
171494257717853528554700952263263831237, 59033961675128415164332924159931931082 -> button [<span class="glyphicon glyphicon-pencil", 48541866490556477989017457165072241281, http://localhost:3001/wallets
48541866490556477989017457165072241281, 198465896605091102877225175642271807174 -> form ['\n', <fieldset, 48541866490556477989017457165072241281, http://localhost:3001/wallets
48541866490556477989017457165072241281, 198465896605091102877225175642271807174 -> form ['\n', <fieldset, 48541866490556477989017457165072241281, http://localhost:3001/wallets
48541866490556477989017457165072241281, 164770504787406092505723908950430241986 -> button ['×']{'type': 'button', 'data-dismiss': 'modal', 'aria-hidden': 'true'}, 171494257717853528554700952263263831237, http://localhost:3001/wallets
171494257717853528554700952263263831237, 59033961675128415164332924159931931082 -> button [<span class="glyphicon glyphicon-pencil", 284399715258910047929805512691185083296, http://localhost:3001/wallets
284399715258910047929805512691185083296, 65141161592695401203524601848507345692 -> form ['\n', <fieldset, 284399715258910047929805512691185083296, http://localhost:3001/wallets
284399715258910047929805512691185083296, 65141161592695401203524601848507345692 -> form ['\n', <fieldset, 284399715258910047929805512691185083296, http://localhost:3001/wallets
284399715258910047929805512691185083296, 65141161592695401203524601848507345692 -> form ['\n', <fieldset, 171494257717853528554700952263263831237, http://localhost:3001/wallets
171494257717853528554700952263263831237, None, 171494257717853528554700952263263831237, http://localhost:3001/wallets
171494257717853528554700952263263831237, 59033961675128415164332924159931931082 -> button [<span class="glyphicon glyphicon-pencil", 92239631526263103054603966406000089807, http://localhost:3001/wallets
92239631526263103054603966406000089807, 164770504787406092505723908950430241986 -> button ['×']{'type': 'button', 'data-dismiss': 'modal', 'aria-hidden': 'true'}, 171494257717853528554700952263263831237, http://localhost:3001/wallets
171494257717853528554700952263263831237, 59033961675128415164332924159931931082 -> button [<span class="glyphicon glyphicon-pencil", 92239631526263103054603966406000089807, http://localhost:3001/wallets
92239631526263103054603966406000089807, 3936433670980391630224198050710590073 -> form ['\n', <fieldset, 92239631526263103054603966406000089807, http://localhost:3001/wallets
92239631526263103054603966406000089807, 3936433670980391630224198050710590073 -> form ['\n', <fieldset, 92239631526263103054603966406000089807, http://localhost:3001/wallets
92239631526263103054603966406000089807, 164770504787406092505723908950430241986 -> button ['×']{'type': 'button', 'data-dismiss': 'modal', 'aria-hidden': 'true'}, 92239631526263103054603966406000089807, http://localhost:3001/wallets
92239631526263103054603966406000089807, 164770504787406092505723908950430241986 -> button ['×']{'type': 'button', 'data-dismiss': 'modal', 'aria-hidden': 'true'}, 92239631526263103054603966406000089807, http://localhost:3001/wallets
92239631526263103054603966406000089807, 3936433670980391630224198050710590073 -> form ['\n', <fieldset, 92239631526263103054603966406000089807, http://localhost:3001/wallets
171494257717853528554700952263263831237, None, 171494257717853528554700952263263831237, http://localhost:3001/wallets
171494257717853528554700952263263831237, 59033961675128415164332924159931931082 -> button [<span class="glyphicon glyphicon-pencil", 92239631526263103054603966406000089807, http://localhost:3001/wallets
92239631526263103054603966406000089807, 164770504787406092505723908950430241986 -> button ['×']{'type': 'button', 'data-dismiss': 'modal', 'aria-hidden': 'true'}, 171494257717853528554700952263263831237, http://localhost:3001/wallets
171494257717853528554700952263263831237, 209638118784994731842872023555060259766 -> a ['Log Out']{'href': '/user/logout', 'data-in': 'Log Out'}, 273013707929562229875018714570786870719, http://localhost:3001/
273013707929562229875018714570786870719, 287439962806392087827856506575270396085 -> a []{'href': 'http://localhost:3001/images/homepage/screenshots/transactions.jpg', 'id': 'image-link-', 'style': "background-image: url('http://localhost:/images/homepage/screenshots/transactions.jpg');"}, 273013707929562229875018714570786870719, http://localhost:3001/
273013707929562229875018714570786870719, 280553687692852780123066102917098299601 -> a []{'href': 'http://localhost:3001/images/homepage/screenshots/wallets.jpg', 'id': 'image-link-wallets', 'style': "background-image: url('http://localhost:/images/homepage/screenshots/wallets.jpg');"}, 273013707929562229875018714570786870719, http://localhost:3001/
273013707929562229875018714570786870719, 24045720963061510147388474628965236342 -> a []{'href': 'http://localhost:3001/images/homepage/screenshots/goal.jpg', 'id': 'image-link-agpl', 'style': "background-image: url('http://localhost:/images/homepage/screenshots/goal.jpg');"}, 273013707929562229875018714570786870719, http://localhost:3001/
273013707929562229875018714570786870719, 143912285649067720774554330843865674796 -> a ['Register']{'href': '/user/registration', 'data-in': 'Register'}, 273013707929562229875018714570786870719, http://localhost:3001/
273013707929562229875018714570786870719, 53030406825762545276438289970305043077 -> a ['Home']{'href': '/', 'data-in': 'Home'}, 273013707929562229875018714570786870719, http://localhost:3001/
77659574643383717146484374309974862090, None, 77659574643383717146484374309974862090, http://localhost:3001/
77659574643383717146484374309974862090, 75056642720997424365806452209120460192 -> a ['Sign In']{'href': '/user/signin', 'data-in': 'Sign In'}, 151486758748042171726768099244082768382, http://localhost:3001/wallets/
151486758748042171726768099244082768382, 87180361993245229478081065624157586995 -> a ['Register']{'href': 'http://localhost:3001/user/registration'}, 318704266228517516536330711633215002580, http://localhost:3001/wallets
156102143355357644832593725865766355615, None, 156102143355357644832593725865766355615, http://localhost:3001/wallets
156102143355357644832593725865766355615, 5608938641747884300044405205556053003 -> button [<span class="glyphicon glyphicon-user", 156102143355357644832593725865766355615, http://localhost:3001/wallets
156102143355357644832593725865766355615, 75973569867143580563397877782352499845 -> a ['Goals']{'href': '/plans', 'data-in': 'Goals'}, 156102143355357644832593725865766355615, http://localhost:3001/wallets
156102143355357644832593725865766355615, 209638118784994731842872023555060259766 -> a ['Log Out']{'href': '/user/logout', 'data-in': 'Log Out'}, 273013707929562229875018714570786870719, http://localhost:3001/
77659574643383717146484374309974862090, None, 77659574643383717146484374309974862090, http://localhost:3001/
77659574643383717146484374309974862090, 75056642720997424365806452209120460192 -> a ['Sign In']{'href': '/user/signin', 'data-in': 'Sign In'}, 151486758748042171726768099244082768382, http://localhost:3001/wallets/
151486758748042171726768099244082768382, 87180361993245229478081065624157586995 -> a ['Register']{'href': 'http://localhost:3001/user/registration'}, 139137462200797514023194639949333815435, http://localhost:3001/wallets
225441132216138090337963777260458075518, None, 225441132216138090337963777260458075518, http://localhost:3001/wallets
225441132216138090337963777260458075518, None, 225441132216138090337963777260458075518, http://localhost:3001/wallets
225441132216138090337963777260458075518, None, 225441132216138090337963777260458075518, http://localhost:3001/wallets
225441132216138090337963777260458075518, None, 225441132216138090337963777260458075518, http://localhost:3001/wallets
225441132216138090337963777260458075518, 5608938641747884300044405205556053003 -> button [<span class="glyphicon glyphicon-user", 225441132216138090337963777260458075518, http://localhost:3001/wallets
225441132216138090337963777260458075518, 220249602619086020616717598876937518847 -> a ['\n', <div class="pull-right text-success transaction_amount", 225441132216138090337963777260458075518, http://localhost:3001/wallets
225441132216138090337963777260458075518, 238793388412553796489369081198711123509 -> a ['$ dimeshift']{'href': '/'}, 225441132216138090337963777260458075518, http://localhost:3001/wallets
225441132216138090337963777260458075518, 12549387572312034662595380537530510228 -> a [<span class="glyphicon glyphicon-ok", 225441132216138090337963777260458075518, http://localhost:3001/wallets
225441132216138090337963777260458075518, 59033961675128415164332924159931931082 -> button [<span class="glyphicon glyphicon-pencil", 314140157027029516042985438598529623853, http://localhost:3001/wallets
314140157027029516042985438598529623853, 198465896605091102877225175642271807174 -> form ['\n', <fieldset, 225441132216138090337963777260458075518, http://localhost:3001/wallets
225441132216138090337963777260458075518, 320174147126102010907134653534871470777 -> button [<span class="glyphicon glyphicon-trash", 225441132216138090337963777260458075518, http://localhost:3001/wallets
225441132216138090337963777260458075518, 69261900354377929876421606824271450118 -> a [<span aria-hidden="true" class="glyphicon glyphicon-globe", 225441132216138090337963777260458075518, http://localhost:3001/wallets
225441132216138090337963777260458075518, None, 225441132216138090337963777260458075518, http://localhost:3001/wallets
225441132216138090337963777260458075518, 24027495997703725759049592245033741539 -> a ['\n', <div class="pull-right text-success transaction_amount", 131485718810613129904176555561650597121, http://localhost:3001/wallets/17
131485718810613129904176555561650597121, 40033767128550119556758792738972518504 -> button [<span data-i18n="Add Income", 131485718810613129904176555561650597121, http://localhost:3001/wallets/17
131485718810613129904176555561650597121, 328680192326421016123013048610023517055 -> a [<span data-i18n="Wallets", 131485718810613129904176555561650597121, http://localhost:3001/wallets/17
131485718810613129904176555561650597121, 51734587471318764320500906054182906819 -> a [<span data-i18n="set total to", 131485718810613129904176555561650597121, http://localhost:3001/wallets/17
131485718810613129904176555561650597121, 55092701029730472441618574914665218406 -> a [<span aria-hidden="true" class="glyphicon glyphicon-import", 238099872439562941761731109952315856266, http://localhost:3001/wallets/17/import
238099872439562941761731109952315856266, 211529172816946856896018388012172770514 -> input []{'type': 'button', 'value': 'Select file', 'data-loading-text': 'Uploading...', 'data-invalue': 'Select file'}, 238099872439562941761731109952315856266, http://localhost:3001/wallets/17/import
225441132216138090337963777260458075518, None, 225441132216138090337963777260458075518, http://localhost:3001/wallets
225441132216138090337963777260458075518, 24027495997703725759049592245033741539 -> a ['\n', <div class="pull-right text-success transaction_amount", 131485718810613129904176555561650597121, http://localhost:3001/wallets/17
131485718810613129904176555561650597121, 55092701029730472441618574914665218406 -> a [<span aria-hidden="true" class="glyphicon glyphicon-import", 238099872439562941761731109952315856266, http://localhost:3001/wallets/17/import
225441132216138090337963777260458075518, None, 225441132216138090337963777260458075518, http://localhost:3001/wallets
225441132216138090337963777260458075518, 24027495997703725759049592245033741539 -> a ['\n', <div class="pull-right text-success transaction_amount", 131485718810613129904176555561650597121, http://localhost:3001/wallets/17
131485718810613129904176555561650597121, 158009411471723493269880909046446417559 -> a [<span data-i18n="Set Goal", 171958330512384962642311353900099989595, http://localhost:3001/wallets
225441132216138090337963777260458075518, None, 225441132216138090337963777260458075518, http://localhost:3001/wallets
225441132216138090337963777260458075518, 24027495997703725759049592245033741539 -> a ['\n', <div class="pull-right text-success transaction_amount", 131485718810613129904176555561650597121, http://localhost:3001/wallets/17
131485718810613129904176555561650597121, 300938307388621752250340407401666505920 -> form ['\n', <input class="form-control" data-i18nplaceholder="Describe expense and press Enter to add" id="add_transaction_text" placeholder="Describe expense and press Enter to add" type="text"/, 131485718810613129904176555561650597121, http://localhost:3001/wallets/17
131485718810613129904176555561650597121, 300938307388621752250340407401666505920 -> form ['\n', <input class="form-control" data-i18nplaceholder="Describe expense and press Enter to add" id="add_transaction_text" placeholder="Describe expense and press Enter to add" type="text"/, 131485718810613129904176555561650597121, http://localhost:3001/wallets/17
225441132216138090337963777260458075518, None, 225441132216138090337963777260458075518, http://localhost:3001/wallets
225441132216138090337963777260458075518, 24027495997703725759049592245033741539 -> a ['\n', <div class="pull-right text-success transaction_amount", 266885741919574528448592950932436197530, http://localhost:3001/wallets/17
225441132216138090337963777260458075518, None, 225441132216138090337963777260458075518, http://localhost:3001/wallets
225441132216138090337963777260458075518, 24027495997703725759049592245033741539 -> a ['\n', <div class="pull-right text-success transaction_amount", 131485718810613129904176555561650597121, http://localhost:3001/wallets/17
225441132216138090337963777260458075518, None, 225441132216138090337963777260458075518, http://localhost:3001/wallets
225441132216138090337963777260458075518, 205911053392441145155640008213943745727 -> a [<span class="glyphicon glyphicon-ok", 225441132216138090337963777260458075518, http://localhost:3001/wallets
225441132216138090337963777260458075518, None, 225441132216138090337963777260458075518, http://localhost:3001/wallets
225441132216138090337963777260458075518, 336145394240353959266535772156875663398 -> a [<span data-i18n="Add", 141206558223418214459847049336339575984, http://localhost:3001/wallets
141206558223418214459847049336339575984, 164770504787406092505723908950430241986 -> button ['×']{'type': 'button', 'data-dismiss': 'modal', 'aria-hidden': 'true'}, 225441132216138090337963777260458075518, http://localhost:3001/wallets
225441132216138090337963777260458075518, 209638118784994731842872023555060259766 -> a ['Log Out']{'href': '/user/logout', 'data-in': 'Log Out'}, 273013707929562229875018714570786870719, http://localhost:3001/
273013707929562229875018714570786870719, 75056642720997424365806452209120460192 -> a ['Sign In']{'href': '/user/signin', 'data-in': 'Sign In'}, 273013707929562229875018714570786870719, http://localhost:3001/
273013707929562229875018714570786870719, 136504310823099385748378508891970664617 -> a []{'href': 'http://localhost:3001/images/homepage/screenshots/i18n.jpg', 'id': 'image-link-', 'style': "background-image: url('http://localhost:/images/homepage/screenshots/in.jpg');"}, 273013707929562229875018714570786870719, http://localhost:3001/
273013707929562229875018714570786870719, 136504310823099385748378508891970664617 -> a []{'href': 'http://localhost:3001/images/homepage/screenshots/i18n.jpg', 'id': 'image-link-', 'style': "background-image: url('http://localhost:/images/homepage/screenshots/in.jpg');"}, 273013707929562229875018714570786870719, http://localhost:3001/
273013707929562229875018714570786870719, 136504310823099385748378508891970664617 -> a []{'href': 'http://localhost:3001/images/homepage/screenshots/i18n.jpg', 'id': 'image-link-', 'style': "background-image: url('http://localhost:/images/homepage/screenshots/in.jpg');"}, 273013707929562229875018714570786870719, http://localhost:3001/
273013707929562229875018714570786870719, 24045720963061510147388474628965236342 -> a []{'href': 'http://localhost:3001/images/homepage/screenshots/goal.jpg', 'id': 'image-link-agpl', 'style': "background-image: url('http://localhost:/images/homepage/screenshots/goal.jpg');"}, 273013707929562229875018714570786870719, http://localhost:3001/
77659574643383717146484374309974862090, None, 77659574643383717146484374309974862090, http://localhost:3001/
77659574643383717146484374309974862090, 75056642720997424365806452209120460192 -> a ['Sign In']{'href': '/user/signin', 'data-in': 'Sign In'}, 151486758748042171726768099244082768382, http://localhost:3001/wallets/
151486758748042171726768099244082768382, 87180361993245229478081065624157586995 -> a ['Register']{'href': 'http://localhost:3001/user/registration'}, 284557937212693169102322272917412251800, http://localhost:3001/wallets
170638704334134460022075577028999761143, None, 170638704334134460022075577028999761143, http://localhost:3001/wallets
170638704334134460022075577028999761143, 320174147126102010907134653534871470777 -> button [<span class="glyphicon glyphicon-trash", 170638704334134460022075577028999761143, http://localhost:3001/wallets
170638704334134460022075577028999761143, 207847107984460188533312753476396637913 -> a [<span class="glyphicon glyphicon-user", 170638704334134460022075577028999761143, http://localhost:3001/wallets
170638704334134460022075577028999761143, 209638118784994731842872023555060259766 -> a ['Log Out']{'href': '/user/logout', 'data-in': 'Log Out'}, 273013707929562229875018714570786870719, http://localhost:3001/
273013707929562229875018714570786870719, 136504310823099385748378508891970664617 -> a []{'href': 'http://localhost:3001/images/homepage/screenshots/i18n.jpg', 'id': 'image-link-', 'style': "background-image: url('http://localhost:/images/homepage/screenshots/in.jpg');"}, 273013707929562229875018714570786870719, http://localhost:3001/
273013707929562229875018714570786870719, 287439962806392087827856506575270396085 -> a []{'href': 'http://localhost:3001/images/homepage/screenshots/transactions.jpg', 'id': 'image-link-', 'style': "background-image: url('http://localhost:/images/homepage/screenshots/transactions.jpg');"}, 273013707929562229875018714570786870719, http://localhost:3001/
273013707929562229875018714570786870719, 24045720963061510147388474628965236342 -> a []{'href': 'http://localhost:3001/images/homepage/screenshots/goal.jpg', 'id': 'image-link-agpl', 'style': "background-image: url('http://localhost:/images/homepage/screenshots/goal.jpg');"}, 273013707929562229875018714570786870719, http://localhost:3001/
273013707929562229875018714570786870719, 287439962806392087827856506575270396085 -> a []{'href': 'http://localhost:3001/images/homepage/screenshots/transactions.jpg', 'id': 'image-link-', 'style': "background-image: url('http://localhost:/images/homepage/screenshots/transactions.jpg');"}, 273013707929562229875018714570786870719, http://localhost:3001/
273013707929562229875018714570786870719, 75056642720997424365806452209120460192 -> a ['Sign In']{'href': '/user/signin', 'data-in': 'Sign In'}, 273013707929562229875018714570786870719, http://localhost:3001/
77659574643383717146484374309974862090, None, 77659574643383717146484374309974862090, http://localhost:3001/
77659574643383717146484374309974862090, 75056642720997424365806452209120460192 -> a ['Sign In']{'href': '/user/signin', 'data-in': 'Sign In'}, 151486758748042171726768099244082768382, http://localhost:3001/wallets/
151486758748042171726768099244082768382, 87180361993245229478081065624157586995 -> a ['Register']{'href': 'http://localhost:3001/user/registration'}, 4516606090143033863709057642029603282, http://localhost:3001/wallets
