312468063146907313555221026982805891456, None, 312468063146907313555221026982805891456, http://localhost:3001/
77659574643383717146484374309974862090, None, 77659574643383717146484374309974862090, http://localhost:3001/
77659574643383717146484374309974862090, 143912285649067720774554330843865674796 -> a ['Register']{'href': '/user/registration', 'data-in': 'Register'}, 108155317404425926386627841263932698381, http://localhost:3001/wallets/
108155317404425926386627841263932698381, 164770504787406092505723908950430241986 -> button ['×']{'type': 'button', 'data-dismiss': 'modal', 'aria-hidden': 'true'}, 177103962518260991278596856554592426718, http://localhost:3001/wallets
278076690333225625169989687868833103351, None, 278076690333225625169989687868833103351, http://localhost:3001/wallets
278076690333225625169989687868833103351, None, 278076690333225625169989687868833103351, http://localhost:3001/wallets
278076690333225625169989687868833103351, None, 278076690333225625169989687868833103351, http://localhost:3001/wallets
278076690333225625169989687868833103351, None, 278076690333225625169989687868833103351, http://localhost:3001/wallets
278076690333225625169989687868833103351, 5608938641747884300044405205556053003 -> button [<span class="glyphicon glyphicon-user", 278076690333225625169989687868833103351, http://localhost:3001/wallets
278076690333225625169989687868833103351, 92771657680496586414361268141351491274 -> a [<span class="glyphicon glyphicon-share-alt", 278076690333225625169989687868833103351, http://localhost:3001/wallets
278076690333225625169989687868833103351, 320174147126102010907134653534871470777 -> button [<span class="glyphicon glyphicon-trash", 278076690333225625169989687868833103351, http://localhost:3001/wallets
278076690333225625169989687868833103351, 16791011705614815605074654840448116583 -> a ['\n', <div class="pull-right text-success transaction_amount", 278076690333225625169989687868833103351, http://localhost:3001/wallets
278076690333225625169989687868833103351, 24783666557245327062948328561070951608 -> a [<span data-i18n="Home", 278076690333225625169989687868833103351, http://localhost:3001/wallets
278076690333225625169989687868833103351, 336145394240353959266535772156875663398 -> a [<span data-i18n="Add", 141206558223418214459847049336339575984, http://localhost:3001/wallets
141206558223418214459847049336339575984, 164770504787406092505723908950430241986 -> button ['×']{'type': 'button', 'data-dismiss': 'modal', 'aria-hidden': 'true'}, 278076690333225625169989687868833103351, http://localhost:3001/wallets
278076690333225625169989687868833103351, 336145394240353959266535772156875663398 -> a [<span data-i18n="Add", 141206558223418214459847049336339575984, http://localhost:3001/wallets
278076690333225625169989687868833103351, None, 278076690333225625169989687868833103351, http://localhost:3001/wallets
278076690333225625169989687868833103351, 336145394240353959266535772156875663398 -> a [<span data-i18n="Add", 141206558223418214459847049336339575984, http://localhost:3001/wallets
141206558223418214459847049336339575984, 52430776314973270160166886406622674883 -> form ['\n', <fieldset, 141206558223418214459847049336339575984, http://localhost:3001/wallets
141206558223418214459847049336339575984, 52430776314973270160166886406622674883 -> form ['\n', <fieldset, 278076690333225625169989687868833103351, http://localhost:3001/wallets
278076690333225625169989687868833103351, 336145394240353959266535772156875663398 -> a [<span data-i18n="Add", 141206558223418214459847049336339575984, http://localhost:3001/wallets
141206558223418214459847049336339575984, 52430776314973270160166886406622674883 -> form ['\n', <fieldset, 141206558223418214459847049336339575984, http://localhost:3001/wallets
141206558223418214459847049336339575984, 52430776314973270160166886406622674883 -> form ['\n', <fieldset, 141206558223418214459847049336339575984, http://localhost:3001/wallets
141206558223418214459847049336339575984, 164770504787406092505723908950430241986 -> button ['×']{'type': 'button', 'data-dismiss': 'modal', 'aria-hidden': 'true'}, 141206558223418214459847049336339575984, http://localhost:3001/wallets
141206558223418214459847049336339575984, 164770504787406092505723908950430241986 -> button ['×']{'type': 'button', 'data-dismiss': 'modal', 'aria-hidden': 'true'}, 141206558223418214459847049336339575984, http://localhost:3001/wallets
100499566369056869512958079481746352286, None, 100499566369056869512958079481746352286, http://localhost:3001/wallets
100499566369056869512958079481746352286, 320174147126102010907134653534871470777 -> button [<span class="glyphicon glyphicon-trash", 100499566369056869512958079481746352286, http://localhost:3001/wallets
100499566369056869512958079481746352286, 16791011705614815605074654840448116583 -> a ['\n', <div class="pull-right text-success transaction_amount", 100499566369056869512958079481746352286, http://localhost:3001/wallets
100499566369056869512958079481746352286, 205911053392441145155640008213943745727 -> a [<span class="glyphicon glyphicon-ok", 100499566369056869512958079481746352286, http://localhost:3001/wallets
100499566369056869512958079481746352286, 191416270893661699793557269642642534553 -> a ['\n', <div class="pull-right text-success transaction_amount", 47670314915525337354876935688530323608, http://localhost:3001/wallets/2
47670314915525337354876935688530323608, 51734587471318764320500906054182906819 -> a [<span data-i18n="set total to", 47670314915525337354876935688530323608, http://localhost:3001/wallets/2
47670314915525337354876935688530323608, 328680192326421016123013048610023517055 -> a [<span data-i18n="Wallets", 47670314915525337354876935688530323608, http://localhost:3001/wallets/2
47670314915525337354876935688530323608, 92352577397709620979449345272760805620 -> a [<span aria-hidden="true" class="glyphicon glyphicon-import", 47670314915525337354876935688530323608, http://localhost:3001/wallets/2
47670314915525337354876935688530323608, 40033767128550119556758792738972518504 -> button [<span data-i18n="Add Income", 47670314915525337354876935688530323608, http://localhost:3001/wallets/2
100499566369056869512958079481746352286, None, 100499566369056869512958079481746352286, http://localhost:3001/wallets
100499566369056869512958079481746352286, 191416270893661699793557269642642534553 -> a ['\n', <div class="pull-right text-success transaction_amount", 47670314915525337354876935688530323608, http://localhost:3001/wallets/2
47670314915525337354876935688530323608, 300938307388621752250340407401666505920 -> form ['\n', <input class="form-control" data-i18nplaceholder="Describe expense and press Enter to add" id="add_transaction_text" placeholder="Describe expense and press Enter to add" type="text"/, 47670314915525337354876935688530323608, http://localhost:3001/wallets/2
47670314915525337354876935688530323608, 300938307388621752250340407401666505920 -> form ['\n', <input class="form-control" data-i18nplaceholder="Describe expense and press Enter to add" id="add_transaction_text" placeholder="Describe expense and press Enter to add" type="text"/, 47670314915525337354876935688530323608, http://localhost:3001/wallets/2
47670314915525337354876935688530323608, 158009411471723493269880909046446417559 -> a [<span data-i18n="Set Goal", 26141663577872970589658338545105242206, http://localhost:3001/wallets
100499566369056869512958079481746352286, None, 100499566369056869512958079481746352286, http://localhost:3001/wallets
100499566369056869512958079481746352286, 191416270893661699793557269642642534553 -> a ['\n', <div class="pull-right text-success transaction_amount", 47670314915525337354876935688530323608, http://localhost:3001/wallets/2
47670314915525337354876935688530323608, 158009411471723493269880909046446417559 -> a [<span data-i18n="Set Goal", 26141663577872970589658338545105242206, http://localhost:3001/wallets
100499566369056869512958079481746352286, None, 100499566369056869512958079481746352286, http://localhost:3001/wallets
100499566369056869512958079481746352286, 191416270893661699793557269642642534553 -> a ['\n', <div class="pull-right text-success transaction_amount", 47670314915525337354876935688530323608, http://localhost:3001/wallets/2
47670314915525337354876935688530323608, 158009411471723493269880909046446417559 -> a [<span data-i18n="Set Goal", 26141663577872970589658338545105242206, http://localhost:3001/wallets
100499566369056869512958079481746352286, None, 100499566369056869512958079481746352286, http://localhost:3001/wallets
100499566369056869512958079481746352286, 191416270893661699793557269642642534553 -> a ['\n', <div class="pull-right text-success transaction_amount", 47670314915525337354876935688530323608, http://localhost:3001/wallets/2
47670314915525337354876935688530323608, 158009411471723493269880909046446417559 -> a [<span data-i18n="Set Goal", 26141663577872970589658338545105242206, http://localhost:3001/wallets
100499566369056869512958079481746352286, None, 100499566369056869512958079481746352286, http://localhost:3001/wallets
100499566369056869512958079481746352286, 191416270893661699793557269642642534553 -> a ['\n', <div class="pull-right text-success transaction_amount", 47670314915525337354876935688530323608, http://localhost:3001/wallets/2
100499566369056869512958079481746352286, None, 100499566369056869512958079481746352286, http://localhost:3001/wallets
100499566369056869512958079481746352286, 191416270893661699793557269642642534553 -> a ['\n', <div class="pull-right text-success transaction_amount", 47670314915525337354876935688530323608, http://localhost:3001/wallets/2
47670314915525337354876935688530323608, 51734587471318764320500906054182906819 -> a [<span data-i18n="set total to", 47670314915525337354876935688530323608, http://localhost:3001/wallets/2
47670314915525337354876935688530323608, 40033767128550119556758792738972518504 -> button [<span data-i18n="Add Income", 47670314915525337354876935688530323608, http://localhost:3001/wallets/2
47670314915525337354876935688530323608, 300938307388621752250340407401666505920 -> form ['\n', <input class="form-control" data-i18nplaceholder="Describe expense and press Enter to add" id="add_transaction_text" placeholder="Describe expense and press Enter to add" type="text"/, 47670314915525337354876935688530323608, http://localhost:3001/wallets/2
47670314915525337354876935688530323608, 158009411471723493269880909046446417559 -> a [<span data-i18n="Set Goal", 26141663577872970589658338545105242206, http://localhost:3001/wallets
100499566369056869512958079481746352286, None, 100499566369056869512958079481746352286, http://localhost:3001/wallets
100499566369056869512958079481746352286, None, 100499566369056869512958079481746352286, http://localhost:3001/wallets
100499566369056869512958079481746352286, 209638118784994731842872023555060259766 -> a ['Log Out']{'href': '/user/logout', 'data-in': 'Log Out'}, 16830507283689328036876064570522204332, http://localhost:3001/
16830507283689328036876064570522204332, 280553687692852780123066102917098299601 -> a []{'href': 'http://localhost:3001/images/homepage/screenshots/wallets.jpg', 'id': 'image-link-wallets', 'style': "background-image: url('http://localhost:/images/homepage/screenshots/wallets.jpg');"}, 16830507283689328036876064570522204332, http://localhost:3001/
16830507283689328036876064570522204332, 15350420686339836366149544887528354942 -> input []{'type': 'submit', 'id': 'demo_signup', 'data-invalue': 'here', 'value': 'here'}, 16830507283689328036876064570522204332, http://localhost:3001/
16830507283689328036876064570522204332, 24045720963061510147388474628965236342 -> a []{'href': 'http://localhost:3001/images/homepage/screenshots/goal.jpg', 'id': 'image-link-agpl', 'style': "background-image: url('http://localhost:/images/homepage/screenshots/goal.jpg');"}, 16830507283689328036876064570522204332, http://localhost:3001/
16830507283689328036876064570522204332, 75056642720997424365806452209120460192 -> a ['Sign In']{'href': '/user/signin', 'data-in': 'Sign In'}, 16830507283689328036876064570522204332, http://localhost:3001/
16830507283689328036876064570522204332, 143912285649067720774554330843865674796 -> a ['Register']{'href': '/user/registration', 'data-in': 'Register'}, 16830507283689328036876064570522204332, http://localhost:3001/
16830507283689328036876064570522204332, 287439962806392087827856506575270396085 -> a []{'href': 'http://localhost:3001/images/homepage/screenshots/transactions.jpg', 'id': 'image-link-', 'style': "background-image: url('http://localhost:/images/homepage/screenshots/transactions.jpg');"}, 16830507283689328036876064570522204332, http://localhost:3001/
16830507283689328036876064570522204332, 136504310823099385748378508891970664617 -> a []{'href': 'http://localhost:3001/images/homepage/screenshots/i18n.jpg', 'id': 'image-link-', 'style': "background-image: url('http://localhost:/images/homepage/screenshots/in.jpg');"}, 16830507283689328036876064570522204332, http://localhost:3001/
77659574643383717146484374309974862090, None, 77659574643383717146484374309974862090, http://localhost:3001/
77659574643383717146484374309974862090, 143912285649067720774554330843865674796 -> a ['Register']{'href': '/user/registration', 'data-in': 'Register'}, 108155317404425926386627841263932698381, http://localhost:3001/wallets/
108155317404425926386627841263932698381, 164770504787406092505723908950430241986 -> button ['×']{'type': 'button', 'data-dismiss': 'modal', 'aria-hidden': 'true'}, 164333282653469423242897068367418871880, http://localhost:3001/wallets
258474589058658593066912721026894648470, None, 258474589058658593066912721026894648470, http://localhost:3001/wallets
258474589058658593066912721026894648470, None, 258474589058658593066912721026894648470, http://localhost:3001/wallets
258474589058658593066912721026894648470, None, 258474589058658593066912721026894648470, http://localhost:3001/wallets
258474589058658593066912721026894648470, 5608938641747884300044405205556053003 -> button [<span class="glyphicon glyphicon-user", 258474589058658593066912721026894648470, http://localhost:3001/wallets
258474589058658593066912721026894648470, 72866117111720632136805165808169623358 -> a ['API']{'href': 'http://docs.dimeshift.apiary.io/'}, 258474589058658593066912721026894648470, http://localhost:3001/wallets
258474589058658593066912721026894648470, 186037210004141989051388640614981630902 -> a ['Settings']{'href': '/profile', 'data-in': 'Settings'}, 182798277483336358993202069468154257416, http://localhost:3001/profile
258474589058658593066912721026894648470, None, 258474589058658593066912721026894648470, http://localhost:3001/wallets
258474589058658593066912721026894648470, 186037210004141989051388640614981630902 -> a ['Settings']{'href': '/profile', 'data-in': 'Settings'}, 182798277483336358993202069468154257416, http://localhost:3001/profile
182798277483336358993202069468154257416, 109900342370374619712692107935887661741 -> a [<span class="glyphicon glyphicon-trash", 104956109460716074744859037402039982850, http://localhost:3001/profile#
104956109460716074744859037402039982850, 145633068536459322312414860502993133376 -> a [<span data-i18n="Log Out", 104697402886576868678798032013257024063, http://localhost:3001/
77659574643383717146484374309974862090, None, 77659574643383717146484374309974862090, http://localhost:3001/
77659574643383717146484374309974862090, 143912285649067720774554330843865674796 -> a ['Register']{'href': '/user/registration', 'data-in': 'Register'}, 108155317404425926386627841263932698381, http://localhost:3001/wallets/
108155317404425926386627841263932698381, 164770504787406092505723908950430241986 -> button ['×']{'type': 'button', 'data-dismiss': 'modal', 'aria-hidden': 'true'}, 6627858131396589737059177925121400458, http://localhost:3001/wallets
328487245336105150714270944852840974918, None, 328487245336105150714270944852840974918, http://localhost:3001/wallets
328487245336105150714270944852840974918, 209638118784994731842872023555060259766 -> a ['Log Out']{'href': '/user/logout', 'data-in': 'Log Out'}, 16830507283689328036876064570522204332, http://localhost:3001/
16830507283689328036876064570522204332, 53030406825762545276438289970305043077 -> a ['Home']{'href': '/', 'data-in': 'Home'}, 16830507283689328036876064570522204332, http://localhost:3001/
16830507283689328036876064570522204332, 280553687692852780123066102917098299601 -> a []{'href': 'http://localhost:3001/images/homepage/screenshots/wallets.jpg', 'id': 'image-link-wallets', 'style': "background-image: url('http://localhost:/images/homepage/screenshots/wallets.jpg');"}, 16830507283689328036876064570522204332, http://localhost:3001/
16830507283689328036876064570522204332, 53030406825762545276438289970305043077 -> a ['Home']{'href': '/', 'data-in': 'Home'}, 16830507283689328036876064570522204332, http://localhost:3001/
16830507283689328036876064570522204332, 24045720963061510147388474628965236342 -> a []{'href': 'http://localhost:3001/images/homepage/screenshots/goal.jpg', 'id': 'image-link-agpl', 'style': "background-image: url('http://localhost:/images/homepage/screenshots/goal.jpg');"}, 16830507283689328036876064570522204332, http://localhost:3001/
16830507283689328036876064570522204332, 280553687692852780123066102917098299601 -> a []{'href': 'http://localhost:3001/images/homepage/screenshots/wallets.jpg', 'id': 'image-link-wallets', 'style': "background-image: url('http://localhost:/images/homepage/screenshots/wallets.jpg');"}, 16830507283689328036876064570522204332, http://localhost:3001/
16830507283689328036876064570522204332, 136504310823099385748378508891970664617 -> a []{'href': 'http://localhost:3001/images/homepage/screenshots/i18n.jpg', 'id': 'image-link-', 'style': "background-image: url('http://localhost:/images/homepage/screenshots/in.jpg');"}, 16830507283689328036876064570522204332, http://localhost:3001/
16830507283689328036876064570522204332, 53030406825762545276438289970305043077 -> a ['Home']{'href': '/', 'data-in': 'Home'}, 16830507283689328036876064570522204332, http://localhost:3001/
77659574643383717146484374309974862090, None, 77659574643383717146484374309974862090, http://localhost:3001/
77659574643383717146484374309974862090, 143912285649067720774554330843865674796 -> a ['Register']{'href': '/user/registration', 'data-in': 'Register'}, 108155317404425926386627841263932698381, http://localhost:3001/wallets/
108155317404425926386627841263932698381, 164770504787406092505723908950430241986 -> button ['×']{'type': 'button', 'data-dismiss': 'modal', 'aria-hidden': 'true'}, 327013601206158762643748064649791612750, http://localhost:3001/wallets
49191875988805532897807156470236122760, None, 49191875988805532897807156470236122760, http://localhost:3001/wallets
49191875988805532897807156470236122760, 320174147126102010907134653534871470777 -> button [<span class="glyphicon glyphicon-trash", 49191875988805532897807156470236122760, http://localhost:3001/wallets
49191875988805532897807156470236122760, 250723253103130958413070054446533218214 -> a ['DimeShift']{'href': 'http://dimeshift.com'}, 49191875988805532897807156470236122760, http://localhost:3001/wallets
49191875988805532897807156470236122760, None, 49191875988805532897807156470236122760, http://localhost:3001/wallets
49191875988805532897807156470236122760, None, 49191875988805532897807156470236122760, http://localhost:3001/wallets
49191875988805532897807156470236122760, 5608938641747884300044405205556053003 -> button [<span class="glyphicon glyphicon-user", 49191875988805532897807156470236122760, http://localhost:3001/wallets
49191875988805532897807156470236122760, 12549387572312034662595380537530510228 -> a [<span class="glyphicon glyphicon-ok", 49191875988805532897807156470236122760, http://localhost:3001/wallets
49191875988805532897807156470236122760, None, 49191875988805532897807156470236122760, http://localhost:3001/wallets
49191875988805532897807156470236122760, 277712453453955741677905488786830410505 -> a ['Contact']{'href': 'mailto:jeka911@gmail.com?subject=Wallet', 'data-in': 'Contact'}, 49191875988805532897807156470236122760, http://localhost:3001/wallets
49191875988805532897807156470236122760, 205911053392441145155640008213943745727 -> a [<span class="glyphicon glyphicon-ok", 49191875988805532897807156470236122760, http://localhost:3001/wallets
49191875988805532897807156470236122760, 209638118784994731842872023555060259766 -> a ['Log Out']{'href': '/user/logout', 'data-in': 'Log Out'}, 16830507283689328036876064570522204332, http://localhost:3001/
16830507283689328036876064570522204332, 280553687692852780123066102917098299601 -> a []{'href': 'http://localhost:3001/images/homepage/screenshots/wallets.jpg', 'id': 'image-link-wallets', 'style': "background-image: url('http://localhost:/images/homepage/screenshots/wallets.jpg');"}, 16830507283689328036876064570522204332, http://localhost:3001/
16830507283689328036876064570522204332, 15350420686339836366149544887528354942 -> input []{'type': 'submit', 'id': 'demo_signup', 'data-invalue': 'here', 'value': 'here'}, 16830507283689328036876064570522204332, http://localhost:3001/
16830507283689328036876064570522204332, 136504310823099385748378508891970664617 -> a []{'href': 'http://localhost:3001/images/homepage/screenshots/i18n.jpg', 'id': 'image-link-', 'style': "background-image: url('http://localhost:/images/homepage/screenshots/in.jpg');"}, 16830507283689328036876064570522204332, http://localhost:3001/
16830507283689328036876064570522204332, 136504310823099385748378508891970664617 -> a []{'href': 'http://localhost:3001/images/homepage/screenshots/i18n.jpg', 'id': 'image-link-', 'style': "background-image: url('http://localhost:/images/homepage/screenshots/in.jpg');"}, 16830507283689328036876064570522204332, http://localhost:3001/
16830507283689328036876064570522204332, 15350420686339836366149544887528354942 -> input []{'type': 'submit', 'id': 'demo_signup', 'data-invalue': 'here', 'value': 'here'}, 16830507283689328036876064570522204332, http://localhost:3001/
77659574643383717146484374309974862090, None, 77659574643383717146484374309974862090, http://localhost:3001/
77659574643383717146484374309974862090, 143912285649067720774554330843865674796 -> a ['Register']{'href': '/user/registration', 'data-in': 'Register'}, 108155317404425926386627841263932698381, http://localhost:3001/wallets/
108155317404425926386627841263932698381, 164770504787406092505723908950430241986 -> button ['×']{'type': 'button', 'data-dismiss': 'modal', 'aria-hidden': 'true'}, 127981080438570139732955187172528126165, http://localhost:3001/wallets
156102143355357644832593725865766355615, None, 156102143355357644832593725865766355615, http://localhost:3001/wallets
156102143355357644832593725865766355615, 336145394240353959266535772156875663398 -> a [<span data-i18n="Add", 141206558223418214459847049336339575984, http://localhost:3001/wallets
141206558223418214459847049336339575984, 52430776314973270160166886406622674883 -> form ['\n', <fieldset, 156102143355357644832593725865766355615, http://localhost:3001/wallets
271656852195365521867512638490612729853, None, 271656852195365521867512638490612729853, http://localhost:3001/wallets
271656852195365521867512638490612729853, None, 271656852195365521867512638490612729853, http://localhost:3001/wallets
271656852195365521867512638490612729853, None, 271656852195365521867512638490612729853, http://localhost:3001/wallets
271656852195365521867512638490612729853, 320174147126102010907134653534871470777 -> button [<span class="glyphicon glyphicon-trash", 271656852195365521867512638490612729853, http://localhost:3001/wallets
271656852195365521867512638490612729853, 24783666557245327062948328561070951608 -> a [<span data-i18n="Home", 271656852195365521867512638490612729853, http://localhost:3001/wallets
271656852195365521867512638490612729853, None, 271656852195365521867512638490612729853, http://localhost:3001/wallets
271656852195365521867512638490612729853, 5608938641747884300044405205556053003 -> button [<span class="glyphicon glyphicon-user", 271656852195365521867512638490612729853, http://localhost:3001/wallets
271656852195365521867512638490612729853, 230318991661230940374524103738768530323 -> a ['\n', <div class="pull-right text-success transaction_amount", 271656852195365521867512638490612729853, http://localhost:3001/wallets
271656852195365521867512638490612729853, 336145394240353959266535772156875663398 -> a [<span data-i18n="Add", 271656852195365521867512638490612729853, http://localhost:3001/wallets
271656852195365521867512638490612729853, 127379852986641257890901382221038160246 -> a ['\n', <div class="pull-right text-success transaction_amount", 188585149745460356120989795320703573293, http://localhost:3001/wallets/14
188585149745460356120989795320703573293, 158009411471723493269880909046446417559 -> a [<span data-i18n="Set Goal", 26141663577872970589658338545105242206, http://localhost:3001/wallets
271656852195365521867512638490612729853, None, 271656852195365521867512638490612729853, http://localhost:3001/wallets
271656852195365521867512638490612729853, 127379852986641257890901382221038160246 -> a ['\n', <div class="pull-right text-success transaction_amount", 38153017209904937118321417950567309396, http://localhost:3001/wallets/14
271656852195365521867512638490612729853, None, 271656852195365521867512638490612729853, http://localhost:3001/wallets
271656852195365521867512638490612729853, 127379852986641257890901382221038160246 -> a ['\n', <div class="pull-right text-success transaction_amount", 188585149745460356120989795320703573293, http://localhost:3001/wallets/14
188585149745460356120989795320703573293, 40033767128550119556758792738972518504 -> button [<span data-i18n="Add Income", 188585149745460356120989795320703573293, http://localhost:3001/wallets/14
188585149745460356120989795320703573293, 179287207936801515611211733462934193563 -> a [<span aria-hidden="true" class="glyphicon glyphicon-import", 188585149745460356120989795320703573293, http://localhost:3001/wallets/14
188585149745460356120989795320703573293, 300938307388621752250340407401666505920 -> form ['\n', <input class="form-control" data-i18nplaceholder="Describe expense and press Enter to add" id="add_transaction_text" placeholder="Describe expense and press Enter to add" type="text"/, 188585149745460356120989795320703573293, http://localhost:3001/wallets/14
188585149745460356120989795320703573293, 300938307388621752250340407401666505920 -> form ['\n', <input class="form-control" data-i18nplaceholder="Describe expense and press Enter to add" id="add_transaction_text" placeholder="Describe expense and press Enter to add" type="text"/, 188585149745460356120989795320703573293, http://localhost:3001/wallets/14
188585149745460356120989795320703573293, 51734587471318764320500906054182906819 -> a [<span data-i18n="set total to", 188585149745460356120989795320703573293, http://localhost:3001/wallets/14
188585149745460356120989795320703573293, 332632648636535438633633310846405598435 -> button ['\n', <span aria-hidden="true" class="glyphicon glyphicon-chevron-down", 188585149745460356120989795320703573293, http://localhost:3001/wallets/14
271656852195365521867512638490612729853, None, 271656852195365521867512638490612729853, http://localhost:3001/wallets
271656852195365521867512638490612729853, 127379852986641257890901382221038160246 -> a ['\n', <div class="pull-right text-success transaction_amount", 188585149745460356120989795320703573293, http://localhost:3001/wallets/14
188585149745460356120989795320703573293, 158009411471723493269880909046446417559 -> a [<span data-i18n="Set Goal", 26141663577872970589658338545105242206, http://localhost:3001/wallets
271656852195365521867512638490612729853, None, 271656852195365521867512638490612729853, http://localhost:3001/wallets
271656852195365521867512638490612729853, 186037210004141989051388640614981630902 -> a ['Settings']{'href': '/profile', 'data-in': 'Settings'}, 182798277483336358993202069468154257416, http://localhost:3001/profile
182798277483336358993202069468154257416, 109900342370374619712692107935887661741 -> a [<span class="glyphicon glyphicon-trash", 104956109460716074744859037402039982850, http://localhost:3001/profile#
104956109460716074744859037402039982850, 145633068536459322312414860502993133376 -> a [<span data-i18n="Log Out", 104697402886576868678798032013257024063, http://localhost:3001/
104697402886576868678798032013257024063, 53030406825762545276438289970305043077 -> a ['Home']{'href': '/', 'data-in': 'Home'}, 104697402886576868678798032013257024063, http://localhost:3001/
104697402886576868678798032013257024063, 136504310823099385748378508891970664617 -> a []{'href': 'http://localhost:3001/images/homepage/screenshots/i18n.jpg', 'id': 'image-link-', 'style': "background-image: url('http://localhost:/images/homepage/screenshots/in.jpg');"}, 104697402886576868678798032013257024063, http://localhost:3001/
104697402886576868678798032013257024063, 75056642720997424365806452209120460192 -> a ['Sign In']{'href': '/user/signin', 'data-in': 'Sign In'}, 104697402886576868678798032013257024063, http://localhost:3001/
104697402886576868678798032013257024063, 280553687692852780123066102917098299601 -> a []{'href': 'http://localhost:3001/images/homepage/screenshots/wallets.jpg', 'id': 'image-link-wallets', 'style': "background-image: url('http://localhost:/images/homepage/screenshots/wallets.jpg');"}, 104697402886576868678798032013257024063, http://localhost:3001/
104697402886576868678798032013257024063, 24045720963061510147388474628965236342 -> a []{'href': 'http://localhost:3001/images/homepage/screenshots/goal.jpg', 'id': 'image-link-agpl', 'style': "background-image: url('http://localhost:/images/homepage/screenshots/goal.jpg');"}, 104697402886576868678798032013257024063, http://localhost:3001/
77659574643383717146484374309974862090, None, 77659574643383717146484374309974862090, http://localhost:3001/
77659574643383717146484374309974862090, 143912285649067720774554330843865674796 -> a ['Register']{'href': '/user/registration', 'data-in': 'Register'}, 108155317404425926386627841263932698381, http://localhost:3001/wallets/
108155317404425926386627841263932698381, 164770504787406092505723908950430241986 -> button ['×']{'type': 'button', 'data-dismiss': 'modal', 'aria-hidden': 'true'}, 198637365776955067087448110584320267229, http://localhost:3001/wallets
339157784992049389444804927935198079799, None, 339157784992049389444804927935198079799, http://localhost:3001/wallets
339157784992049389444804927935198079799, None, 339157784992049389444804927935198079799, http://localhost:3001/wallets
339157784992049389444804927935198079799, 59033961675128415164332924159931931082 -> button [<span class="glyphicon glyphicon-pencil", 339157784992049389444804927935198079799, http://localhost:3001/wallets
339157784992049389444804927935198079799, 220224826366680098889935753627060110783 -> a ['\n', <div class="pull-right text-success transaction_amount", 67000539536922483943579788754367563853, http://localhost:3001/wallets
67000539536922483943579788754367563853, 65141161592695401203524601848507345692 -> form ['\n', <fieldset, 67000539536922483943579788754367563853, http://localhost:3001/wallets
67000539536922483943579788754367563853, 65141161592695401203524601848507345692 -> form ['\n', <fieldset, 67000539536922483943579788754367563853, http://localhost:3001/wallets
67000539536922483943579788754367563853, 164770504787406092505723908950430241986 -> button ['×']{'type': 'button', 'data-dismiss': 'modal', 'aria-hidden': 'true'}, 339157784992049389444804927935198079799, http://localhost:3001/wallets
339157784992049389444804927935198079799, 220224826366680098889935753627060110783 -> a ['\n', <div class="pull-right text-success transaction_amount", 51894068706137701406775130643287179248, http://localhost:3001/wallets/16
339157784992049389444804927935198079799, None, 339157784992049389444804927935198079799, http://localhost:3001/wallets
339157784992049389444804927935198079799, 220224826366680098889935753627060110783 -> a ['\n', <div class="pull-right text-success transaction_amount", 51894068706137701406775130643287179248, http://localhost:3001/wallets/16
51894068706137701406775130643287179248, 300938307388621752250340407401666505920 -> form ['\n', <input class="form-control" data-i18nplaceholder="Describe expense and press Enter to add" id="add_transaction_text" placeholder="Describe expense and press Enter to add" type="text"/, 51894068706137701406775130643287179248, http://localhost:3001/wallets/16
51894068706137701406775130643287179248, 300938307388621752250340407401666505920 -> form ['\n', <input class="form-control" data-i18nplaceholder="Describe expense and press Enter to add" id="add_transaction_text" placeholder="Describe expense and press Enter to add" type="text"/, 51894068706137701406775130643287179248, http://localhost:3001/wallets/16
339157784992049389444804927935198079799, None, 339157784992049389444804927935198079799, http://localhost:3001/wallets
339157784992049389444804927935198079799, 220224826366680098889935753627060110783 -> a ['\n', <div class="pull-right text-success transaction_amount", 51894068706137701406775130643287179248, http://localhost:3001/wallets/16
51894068706137701406775130643287179248, 51734587471318764320500906054182906819 -> a [<span data-i18n="set total to", 51894068706137701406775130643287179248, http://localhost:3001/wallets/16
51894068706137701406775130643287179248, 56373464117678242403280544906227384581 -> a [<span aria-hidden="true" class="glyphicon glyphicon-import", 51894068706137701406775130643287179248, http://localhost:3001/wallets/16
51894068706137701406775130643287179248, 158009411471723493269880909046446417559 -> a [<span data-i18n="Set Goal", 26141663577872970589658338545105242206, http://localhost:3001/wallets
339157784992049389444804927935198079799, None, 339157784992049389444804927935198079799, http://localhost:3001/wallets
339157784992049389444804927935198079799, 220224826366680098889935753627060110783 -> a ['\n', <div class="pull-right text-success transaction_amount", 51894068706137701406775130643287179248, http://localhost:3001/wallets/16
51894068706137701406775130643287179248, 40033767128550119556758792738972518504 -> button [<span data-i18n="Add Income", 51894068706137701406775130643287179248, http://localhost:3001/wallets/16
51894068706137701406775130643287179248, 158009411471723493269880909046446417559 -> a [<span data-i18n="Set Goal", 51894068706137701406775130643287179248, http://localhost:3001/wallets/16
51894068706137701406775130643287179248, 56373464117678242403280544906227384581 -> a [<span aria-hidden="true" class="glyphicon glyphicon-import", 236895928504561952130494184695153495817, http://localhost:3001/wallets/16/import
339157784992049389444804927935198079799, None, 339157784992049389444804927935198079799, http://localhost:3001/wallets
339157784992049389444804927935198079799, 220224826366680098889935753627060110783 -> a ['\n', <div class="pull-right text-success transaction_amount", 51894068706137701406775130643287179248, http://localhost:3001/wallets/16
51894068706137701406775130643287179248, 56373464117678242403280544906227384581 -> a [<span aria-hidden="true" class="glyphicon glyphicon-import", 236895928504561952130494184695153495817, http://localhost:3001/wallets/16/import
236895928504561952130494184695153495817, 211529172816946856896018388012172770514 -> input []{'type': 'button', 'value': 'Select file', 'data-loading-text': 'Uploading...', 'data-invalue': 'Select file'}, 236895928504561952130494184695153495817, http://localhost:3001/wallets/16/import
339157784992049389444804927935198079799, None, 339157784992049389444804927935198079799, http://localhost:3001/wallets
339157784992049389444804927935198079799, 220224826366680098889935753627060110783 -> a ['\n', <div class="pull-right text-success transaction_amount", 51894068706137701406775130643287179248, http://localhost:3001/wallets/16
51894068706137701406775130643287179248, 56373464117678242403280544906227384581 -> a [<span aria-hidden="true" class="glyphicon glyphicon-import", 236895928504561952130494184695153495817, http://localhost:3001/wallets/16/import
339157784992049389444804927935198079799, None, 339157784992049389444804927935198079799, http://localhost:3001/wallets
339157784992049389444804927935198079799, 220224826366680098889935753627060110783 -> a ['\n', <div class="pull-right text-success transaction_amount", 51894068706137701406775130643287179248, http://localhost:3001/wallets/16
51894068706137701406775130643287179248, 300938307388621752250340407401666505920 -> form ['\n', <input class="form-control" data-i18nplaceholder="Describe expense and press Enter to add" id="add_transaction_text" placeholder="Describe expense and press Enter to add" type="text"/, 51894068706137701406775130643287179248, http://localhost:3001/wallets/16
339157784992049389444804927935198079799, None, 339157784992049389444804927935198079799, http://localhost:3001/wallets
339157784992049389444804927935198079799, 186037210004141989051388640614981630902 -> a ['Settings']{'href': '/profile', 'data-in': 'Settings'}, 182798277483336358993202069468154257416, http://localhost:3001/profile
182798277483336358993202069468154257416, 109900342370374619712692107935887661741 -> a [<span class="glyphicon glyphicon-trash", 104956109460716074744859037402039982850, http://localhost:3001/profile#
104956109460716074744859037402039982850, 145633068536459322312414860502993133376 -> a [<span data-i18n="Log Out", 104697402886576868678798032013257024063, http://localhost:3001/
104697402886576868678798032013257024063, 143912285649067720774554330843865674796 -> a ['Register']{'href': '/user/registration', 'data-in': 'Register'}, 104697402886576868678798032013257024063, http://localhost:3001/
104697402886576868678798032013257024063, 287439962806392087827856506575270396085 -> a []{'href': 'http://localhost:3001/images/homepage/screenshots/transactions.jpg', 'id': 'image-link-', 'style': "background-image: url('http://localhost:/images/homepage/screenshots/transactions.jpg');"}, 104697402886576868678798032013257024063, http://localhost:3001/
104697402886576868678798032013257024063, 143912285649067720774554330843865674796 -> a ['Register']{'href': '/user/registration', 'data-in': 'Register'}, 104697402886576868678798032013257024063, http://localhost:3001/
104697402886576868678798032013257024063, 75056642720997424365806452209120460192 -> a ['Sign In']{'href': '/user/signin', 'data-in': 'Sign In'}, 104697402886576868678798032013257024063, http://localhost:3001/
104697402886576868678798032013257024063, 287439962806392087827856506575270396085 -> a []{'href': 'http://localhost:3001/images/homepage/screenshots/transactions.jpg', 'id': 'image-link-', 'style': "background-image: url('http://localhost:/images/homepage/screenshots/transactions.jpg');"}, 104697402886576868678798032013257024063, http://localhost:3001/
77659574643383717146484374309974862090, None, 77659574643383717146484374309974862090, http://localhost:3001/
77659574643383717146484374309974862090, 143912285649067720774554330843865674796 -> a ['Register']{'href': '/user/registration', 'data-in': 'Register'}, 108155317404425926386627841263932698381, http://localhost:3001/wallets/
108155317404425926386627841263932698381, 164770504787406092505723908950430241986 -> button ['×']{'type': 'button', 'data-dismiss': 'modal', 'aria-hidden': 'true'}, 148872122268132224601837701074149397227, http://localhost:3001/wallets
200487141735910402800905371457023842727, None, 200487141735910402800905371457023842727, http://localhost:3001/wallets
200487141735910402800905371457023842727, None, 200487141735910402800905371457023842727, http://localhost:3001/wallets
200487141735910402800905371457023842727, 320174147126102010907134653534871470777 -> button [<span class="glyphicon glyphicon-trash", 200487141735910402800905371457023842727, http://localhost:3001/wallets
200487141735910402800905371457023842727, 238793388412553796489369081198711123509 -> a ['$ dimeshift']{'href': '/'}, 200487141735910402800905371457023842727, http://localhost:3001/wallets
200487141735910402800905371457023842727, None, 200487141735910402800905371457023842727, http://localhost:3001/wallets
200487141735910402800905371457023842727, 12549387572312034662595380537530510228 -> a [<span class="glyphicon glyphicon-ok", 200487141735910402800905371457023842727, http://localhost:3001/wallets
200487141735910402800905371457023842727, 63202092703830100172679928458184738353 -> a ['\n', <div class="pull-right text-success transaction_amount", 167526503175581771312983467627315876655, http://localhost:3001/wallets/17
200487141735910402800905371457023842727, None, 200487141735910402800905371457023842727, http://localhost:3001/wallets
200487141735910402800905371457023842727, 63202092703830100172679928458184738353 -> a ['\n', <div class="pull-right text-success transaction_amount", 167526503175581771312983467627315876655, http://localhost:3001/wallets/17
167526503175581771312983467627315876655, 51734587471318764320500906054182906819 -> a [<span data-i18n="set total to", 167526503175581771312983467627315876655, http://localhost:3001/wallets/17
167526503175581771312983467627315876655, 300938307388621752250340407401666505920 -> form ['\n', <input class="form-control" data-i18nplaceholder="Describe expense and press Enter to add" id="add_transaction_text" placeholder="Describe expense and press Enter to add" type="text"/, 167526503175581771312983467627315876655, http://localhost:3001/wallets/17
167526503175581771312983467627315876655, 300938307388621752250340407401666505920 -> form ['\n', <input class="form-control" data-i18nplaceholder="Describe expense and press Enter to add" id="add_transaction_text" placeholder="Describe expense and press Enter to add" type="text"/, 167526503175581771312983467627315876655, http://localhost:3001/wallets/17
167526503175581771312983467627315876655, 158009411471723493269880909046446417559 -> a [<span data-i18n="Set Goal", 26141663577872970589658338545105242206, http://localhost:3001/wallets
200487141735910402800905371457023842727, None, 200487141735910402800905371457023842727, http://localhost:3001/wallets
200487141735910402800905371457023842727, 63202092703830100172679928458184738353 -> a ['\n', <div class="pull-right text-success transaction_amount", 167526503175581771312983467627315876655, http://localhost:3001/wallets/17
167526503175581771312983467627315876655, 332632648636535438633633310846405598435 -> button ['\n', <span aria-hidden="true" class="glyphicon glyphicon-chevron-down", 167526503175581771312983467627315876655, http://localhost:3001/wallets/17
167526503175581771312983467627315876655, 55092701029730472441618574914665218406 -> a [<span aria-hidden="true" class="glyphicon glyphicon-import", 268597212872869484407010454960655670645, http://localhost:3001/wallets/17/import
268597212872869484407010454960655670645, 211529172816946856896018388012172770514 -> input []{'type': 'button', 'value': 'Select file', 'data-loading-text': 'Uploading...', 'data-invalue': 'Select file'}, 268597212872869484407010454960655670645, http://localhost:3001/wallets/17/import
200487141735910402800905371457023842727, None, 200487141735910402800905371457023842727, http://localhost:3001/wallets
200487141735910402800905371457023842727, 63202092703830100172679928458184738353 -> a ['\n', <div class="pull-right text-success transaction_amount", 167526503175581771312983467627315876655, http://localhost:3001/wallets/17
167526503175581771312983467627315876655, 55092701029730472441618574914665218406 -> a [<span aria-hidden="true" class="glyphicon glyphicon-import", 268597212872869484407010454960655670645, http://localhost:3001/wallets/17/import
268597212872869484407010454960655670645, 211529172816946856896018388012172770514 -> input []{'type': 'button', 'value': 'Select file', 'data-loading-text': 'Uploading...', 'data-invalue': 'Select file'}, 268597212872869484407010454960655670645, http://localhost:3001/wallets/17/import
268597212872869484407010454960655670645, 211529172816946856896018388012172770514 -> input []{'type': 'button', 'value': 'Select file', 'data-loading-text': 'Uploading...', 'data-invalue': 'Select file'}, 268597212872869484407010454960655670645, http://localhost:3001/wallets/17/import
268597212872869484407010454960655670645, 211529172816946856896018388012172770514 -> input []{'type': 'button', 'value': 'Select file', 'data-loading-text': 'Uploading...', 'data-invalue': 'Select file'}, 268597212872869484407010454960655670645, http://localhost:3001/wallets/17/import
200487141735910402800905371457023842727, None, 200487141735910402800905371457023842727, http://localhost:3001/wallets
200487141735910402800905371457023842727, 63202092703830100172679928458184738353 -> a ['\n', <div class="pull-right text-success transaction_amount", 167526503175581771312983467627315876655, http://localhost:3001/wallets/17
167526503175581771312983467627315876655, 40033767128550119556758792738972518504 -> button [<span data-i18n="Add Income", 167526503175581771312983467627315876655, http://localhost:3001/wallets/17
167526503175581771312983467627315876655, 51734587471318764320500906054182906819 -> a [<span data-i18n="set total to", 167526503175581771312983467627315876655, http://localhost:3001/wallets/17
167526503175581771312983467627315876655, 40033767128550119556758792738972518504 -> button [<span data-i18n="Add Income", 167526503175581771312983467627315876655, http://localhost:3001/wallets/17
167526503175581771312983467627315876655, 332632648636535438633633310846405598435 -> button ['\n', <span aria-hidden="true" class="glyphicon glyphicon-chevron-down", 167526503175581771312983467627315876655, http://localhost:3001/wallets/17
167526503175581771312983467627315876655, 332632648636535438633633310846405598435 -> button ['\n', <span aria-hidden="true" class="glyphicon glyphicon-chevron-down", 167526503175581771312983467627315876655, http://localhost:3001/wallets/17
167526503175581771312983467627315876655, 40033767128550119556758792738972518504 -> button [<span data-i18n="Add Income", 70375718159500880872959479997117570586, http://localhost:3001/wallets/17
70375718159500880872959479997117570586, 205408199651108638240740156954365449134 -> form ['\n', <fieldset, 70375718159500880872959479997117570586, http://localhost:3001/wallets/17
200487141735910402800905371457023842727, None, 200487141735910402800905371457023842727, http://localhost:3001/wallets
200487141735910402800905371457023842727, 63202092703830100172679928458184738353 -> a ['\n', <div class="pull-right text-success transaction_amount", 167526503175581771312983467627315876655, http://localhost:3001/wallets/17
167526503175581771312983467627315876655, 40033767128550119556758792738972518504 -> button [<span data-i18n="Add Income", 167526503175581771312983467627315876655, http://localhost:3001/wallets/17
167526503175581771312983467627315876655, 55092701029730472441618574914665218406 -> a [<span aria-hidden="true" class="glyphicon glyphicon-import", 167526503175581771312983467627315876655, http://localhost:3001/wallets/17
167526503175581771312983467627315876655, 51734587471318764320500906054182906819 -> a [<span data-i18n="set total to", 167526503175581771312983467627315876655, http://localhost:3001/wallets/17
167526503175581771312983467627315876655, 158009411471723493269880909046446417559 -> a [<span data-i18n="Set Goal", 167526503175581771312983467627315876655, http://localhost:3001/wallets/17
167526503175581771312983467627315876655, 332632648636535438633633310846405598435 -> button ['\n', <span aria-hidden="true" class="glyphicon glyphicon-chevron-down", 167526503175581771312983467627315876655, http://localhost:3001/wallets/17
167526503175581771312983467627315876655, 332632648636535438633633310846405598435 -> button ['\n', <span aria-hidden="true" class="glyphicon glyphicon-chevron-down", 70375718159500880872959479997117570586, http://localhost:3001/wallets/17
200487141735910402800905371457023842727, None, 200487141735910402800905371457023842727, http://localhost:3001/wallets
200487141735910402800905371457023842727, 63202092703830100172679928458184738353 -> a ['\n', <div class="pull-right text-success transaction_amount", 167526503175581771312983467627315876655, http://localhost:3001/wallets/17
167526503175581771312983467627315876655, 332632648636535438633633310846405598435 -> button ['\n', <span aria-hidden="true" class="glyphicon glyphicon-chevron-down", 167526503175581771312983467627315876655, http://localhost:3001/wallets/17
167526503175581771312983467627315876655, 51734587471318764320500906054182906819 -> a [<span data-i18n="set total to", 70375718159500880872959479997117570586, http://localhost:3001/wallets/17
70375718159500880872959479997117570586, 164770504787406092505723908950430241986 -> button ['×']{'type': 'button', 'data-dismiss': 'modal', 'aria-hidden': 'true'}, 70375718159500880872959479997117570586, http://localhost:3001/wallets/17
200487141735910402800905371457023842727, None, 200487141735910402800905371457023842727, http://localhost:3001/wallets
200487141735910402800905371457023842727, 63202092703830100172679928458184738353 -> a ['\n', <div class="pull-right text-success transaction_amount", 167526503175581771312983467627315876655, http://localhost:3001/wallets/17
167526503175581771312983467627315876655, 51734587471318764320500906054182906819 -> a [<span data-i18n="set total to", 167526503175581771312983467627315876655, http://localhost:3001/wallets/17
167526503175581771312983467627315876655, 300938307388621752250340407401666505920 -> form ['\n', <input class="form-control" data-i18nplaceholder="Describe expense and press Enter to add" id="add_transaction_text" placeholder="Describe expense and press Enter to add" type="text"/, 167526503175581771312983467627315876655, http://localhost:3001/wallets/17
167526503175581771312983467627315876655, 40033767128550119556758792738972518504 -> button [<span data-i18n="Add Income", 167526503175581771312983467627315876655, http://localhost:3001/wallets/17
167526503175581771312983467627315876655, 300938307388621752250340407401666505920 -> form ['\n', <input class="form-control" data-i18nplaceholder="Describe expense and press Enter to add" id="add_transaction_text" placeholder="Describe expense and press Enter to add" type="text"/, 167526503175581771312983467627315876655, http://localhost:3001/wallets/17
200487141735910402800905371457023842727, None, 200487141735910402800905371457023842727, http://localhost:3001/wallets
200487141735910402800905371457023842727, 63202092703830100172679928458184738353 -> a ['\n', <div class="pull-right text-success transaction_amount", 167526503175581771312983467627315876655, http://localhost:3001/wallets/17
167526503175581771312983467627315876655, 300938307388621752250340407401666505920 -> form ['\n', <input class="form-control" data-i18nplaceholder="Describe expense and press Enter to add" id="add_transaction_text" placeholder="Describe expense and press Enter to add" type="text"/, 167526503175581771312983467627315876655, http://localhost:3001/wallets/17
167526503175581771312983467627315876655, 158009411471723493269880909046446417559 -> a [<span data-i18n="Set Goal", 26141663577872970589658338545105242206, http://localhost:3001/wallets
200487141735910402800905371457023842727, None, 200487141735910402800905371457023842727, http://localhost:3001/wallets
200487141735910402800905371457023842727, 5608938641747884300044405205556053003 -> button [<span class="glyphicon glyphicon-user", 200487141735910402800905371457023842727, http://localhost:3001/wallets
200487141735910402800905371457023842727, 143964004078119742277710045892540417360 -> a ['Wallets']{'href': '/wallets', 'data-in': 'Wallets'}, 200487141735910402800905371457023842727, http://localhost:3001/wallets
200487141735910402800905371457023842727, None, 200487141735910402800905371457023842727, http://localhost:3001/wallets
200487141735910402800905371457023842727, None, 200487141735910402800905371457023842727, http://localhost:3001/wallets
200487141735910402800905371457023842727, 277712453453955741677905488786830410505 -> a ['Contact']{'href': 'mailto:jeka911@gmail.com?subject=Wallet', 'data-in': 'Contact'}, 200487141735910402800905371457023842727, http://localhost:3001/wallets
200487141735910402800905371457023842727, 205911053392441145155640008213943745727 -> a [<span class="glyphicon glyphicon-ok", 200487141735910402800905371457023842727, http://localhost:3001/wallets
200487141735910402800905371457023842727, 186037210004141989051388640614981630902 -> a ['Settings']{'href': '/profile', 'data-in': 'Settings'}, 182798277483336358993202069468154257416, http://localhost:3001/profile
182798277483336358993202069468154257416, 109900342370374619712692107935887661741 -> a [<span class="glyphicon glyphicon-trash", 104956109460716074744859037402039982850, http://localhost:3001/profile#
104956109460716074744859037402039982850, 145633068536459322312414860502993133376 -> a [<span data-i18n="Log Out", 104697402886576868678798032013257024063, http://localhost:3001/
104697402886576868678798032013257024063, 24045720963061510147388474628965236342 -> a []{'href': 'http://localhost:3001/images/homepage/screenshots/goal.jpg', 'id': 'image-link-agpl', 'style': "background-image: url('http://localhost:/images/homepage/screenshots/goal.jpg');"}, 104697402886576868678798032013257024063, http://localhost:3001/
104697402886576868678798032013257024063, 143912285649067720774554330843865674796 -> a ['Register']{'href': '/user/registration', 'data-in': 'Register'}, 104697402886576868678798032013257024063, http://localhost:3001/
104697402886576868678798032013257024063, 53030406825762545276438289970305043077 -> a ['Home']{'href': '/', 'data-in': 'Home'}, 104697402886576868678798032013257024063, http://localhost:3001/
77659574643383717146484374309974862090, None, 77659574643383717146484374309974862090, http://localhost:3001/
77659574643383717146484374309974862090, 143912285649067720774554330843865674796 -> a ['Register']{'href': '/user/registration', 'data-in': 'Register'}, 108155317404425926386627841263932698381, http://localhost:3001/wallets/
108155317404425926386627841263932698381, 164770504787406092505723908950430241986 -> button ['×']{'type': 'button', 'data-dismiss': 'modal', 'aria-hidden': 'true'}, 5216304299439846365348420408838360063, http://localhost:3001/wallets
52313502236296484852945667758231468311, None, 52313502236296484852945667758231468311, http://localhost:3001/wallets
52313502236296484852945667758231468311, 277712453453955741677905488786830410505 -> a ['Contact']{'href': 'mailto:jeka911@gmail.com?subject=Wallet', 'data-in': 'Contact'}, 52313502236296484852945667758231468311, http://localhost:3001/wallets
52313502236296484852945667758231468311, 12549387572312034662595380537530510228 -> a [<span class="glyphicon glyphicon-ok", 52313502236296484852945667758231468311, http://localhost:3001/wallets
52313502236296484852945667758231468311, 186037210004141989051388640614981630902 -> a ['Settings']{'href': '/profile', 'data-in': 'Settings'}, 182798277483336358993202069468154257416, http://localhost:3001/profile
182798277483336358993202069468154257416, 109900342370374619712692107935887661741 -> a [<span class="glyphicon glyphicon-trash", 104956109460716074744859037402039982850, http://localhost:3001/profile#
104956109460716074744859037402039982850, 225145757798679539849455265193339328988 -> form ['\n', <div class="form-group", 104956109460716074744859037402039982850, http://localhost:3001/profile#
104956109460716074744859037402039982850, 225145757798679539849455265193339328988 -> form ['\n', <div class="form-group", 104956109460716074744859037402039982850, http://localhost:3001/profile#
104956109460716074744859037402039982850, 225145757798679539849455265193339328988 -> form ['\n', <div class="form-group", 104956109460716074744859037402039982850, http://localhost:3001/profile#
104956109460716074744859037402039982850, 225145757798679539849455265193339328988 -> form ['\n', <div class="form-group", 104956109460716074744859037402039982850, http://localhost:3001/profile#
52313502236296484852945667758231468311, None, 52313502236296484852945667758231468311, http://localhost:3001/wallets
52313502236296484852945667758231468311, 186037210004141989051388640614981630902 -> a ['Settings']{'href': '/profile', 'data-in': 'Settings'}, 182798277483336358993202069468154257416, http://localhost:3001/profile
182798277483336358993202069468154257416, 109900342370374619712692107935887661741 -> a [<span class="glyphicon glyphicon-trash", 104956109460716074744859037402039982850, http://localhost:3001/profile#
104956109460716074744859037402039982850, 145633068536459322312414860502993133376 -> a [<span data-i18n="Log Out", 104697402886576868678798032013257024063, http://localhost:3001/
104697402886576868678798032013257024063, 24045720963061510147388474628965236342 -> a []{'href': 'http://localhost:3001/images/homepage/screenshots/goal.jpg', 'id': 'image-link-agpl', 'style': "background-image: url('http://localhost:/images/homepage/screenshots/goal.jpg');"}, 104697402886576868678798032013257024063, http://localhost:3001/
104697402886576868678798032013257024063, 53030406825762545276438289970305043077 -> a ['Home']{'href': '/', 'data-in': 'Home'}, 104697402886576868678798032013257024063, http://localhost:3001/
77659574643383717146484374309974862090, None, 77659574643383717146484374309974862090, http://localhost:3001/
77659574643383717146484374309974862090, 143912285649067720774554330843865674796 -> a ['Register']{'href': '/user/registration', 'data-in': 'Register'}, 108155317404425926386627841263932698381, http://localhost:3001/wallets/
108155317404425926386627841263932698381, 164770504787406092505723908950430241986 -> button ['×']{'type': 'button', 'data-dismiss': 'modal', 'aria-hidden': 'true'}, 103653289563258671528617010007117825249, http://localhost:3001/wallets
115494160711695823161718328679143297026, None, 115494160711695823161718328679143297026, http://localhost:3001/wallets
115494160711695823161718328679143297026, None, 115494160711695823161718328679143297026, http://localhost:3001/wallets
115494160711695823161718328679143297026, None, 115494160711695823161718328679143297026, http://localhost:3001/wallets
115494160711695823161718328679143297026, None, 115494160711695823161718328679143297026, http://localhost:3001/wallets
115494160711695823161718328679143297026, 5608938641747884300044405205556053003 -> button [<span class="glyphicon glyphicon-user", 115494160711695823161718328679143297026, http://localhost:3001/wallets
115494160711695823161718328679143297026, 31530671646852346454130191533732512498 -> a ['\n', <div class="pull-right text-success transaction_amount", 115494160711695823161718328679143297026, http://localhost:3001/wallets
115494160711695823161718328679143297026, 209638118784994731842872023555060259766 -> a ['Log Out']{'href': '/user/logout', 'data-in': 'Log Out'}, 115494160711695823161718328679143297026, http://localhost:3001/wallets
115494160711695823161718328679143297026, 221048731425789060672790165598383191352 -> a ['\n', <div class="pull-right text-success transaction_amount", 85130086288695441624315857603635203464, http://localhost:3001/wallets/24
85130086288695441624315857603635203464, 158009411471723493269880909046446417559 -> a [<span data-i18n="Set Goal", 26141663577872970589658338545105242206, http://localhost:3001/wallets
115494160711695823161718328679143297026, None, 115494160711695823161718328679143297026, http://localhost:3001/wallets
115494160711695823161718328679143297026, 221048731425789060672790165598383191352 -> a ['\n', <div class="pull-right text-success transaction_amount", 134377848210951649994837209125494489471, http://localhost:3001/wallets/24
115494160711695823161718328679143297026, None, 115494160711695823161718328679143297026, http://localhost:3001/wallets
115494160711695823161718328679143297026, None, 115494160711695823161718328679143297026, http://localhost:3001/wallets
115494160711695823161718328679143297026, 12549387572312034662595380537530510228 -> a [<span class="glyphicon glyphicon-ok", 115494160711695823161718328679143297026, http://localhost:3001/wallets
115494160711695823161718328679143297026, None, 115494160711695823161718328679143297026, http://localhost:3001/wallets
115494160711695823161718328679143297026, 277712453453955741677905488786830410505 -> a ['Contact']{'href': 'mailto:jeka911@gmail.com?subject=Wallet', 'data-in': 'Contact'}, 115494160711695823161718328679143297026, http://localhost:3001/wallets
115494160711695823161718328679143297026, None, 115494160711695823161718328679143297026, http://localhost:3001/wallets
115494160711695823161718328679143297026, 143964004078119742277710045892540417360 -> a ['Wallets']{'href': '/wallets', 'data-in': 'Wallets'}, 115494160711695823161718328679143297026, http://localhost:3001/wallets
115494160711695823161718328679143297026, 320174147126102010907134653534871470777 -> button [<span class="glyphicon glyphicon-trash", 115494160711695823161718328679143297026, http://localhost:3001/wallets
115494160711695823161718328679143297026, 59033961675128415164332924159931931082 -> button [<span class="glyphicon glyphicon-pencil", 115494160711695823161718328679143297026, http://localhost:3001/wallets
115494160711695823161718328679143297026, 24783666557245327062948328561070951608 -> a [<span data-i18n="Home", 115494160711695823161718328679143297026, http://localhost:3001/wallets
115494160711695823161718328679143297026, 205911053392441145155640008213943745727 -> a [<span class="glyphicon glyphicon-ok", 115494160711695823161718328679143297026, http://localhost:3001/wallets
115494160711695823161718328679143297026, 69261900354377929876421606824271450118 -> a [<span aria-hidden="true" class="glyphicon glyphicon-globe", 115494160711695823161718328679143297026, http://localhost:3001/wallets
115494160711695823161718328679143297026, 336145394240353959266535772156875663398 -> a [<span data-i18n="Add", 115494160711695823161718328679143297026, http://localhost:3001/wallets
115494160711695823161718328679143297026, 186037210004141989051388640614981630902 -> a ['Settings']{'href': '/profile', 'data-in': 'Settings'}, 182798277483336358993202069468154257416, http://localhost:3001/profile
115494160711695823161718328679143297026, None, 115494160711695823161718328679143297026, http://localhost:3001/wallets
115494160711695823161718328679143297026, 186037210004141989051388640614981630902 -> a ['Settings']{'href': '/profile', 'data-in': 'Settings'}, 182798277483336358993202069468154257416, http://localhost:3001/profile
182798277483336358993202069468154257416, 8142538131559096661768932965299746936 -> form ['\n', <div class="form-group", 4636846109495829244253792608617151747, http://localhost:3001/profile
115494160711695823161718328679143297026, None, 115494160711695823161718328679143297026, http://localhost:3001/wallets
115494160711695823161718328679143297026, 186037210004141989051388640614981630902 -> a ['Settings']{'href': '/profile', 'data-in': 'Settings'}, 182798277483336358993202069468154257416, http://localhost:3001/profile
182798277483336358993202069468154257416, 8142538131559096661768932965299746936 -> form ['\n', <div class="form-group", 4636846109495829244253792608617151747, http://localhost:3001/profile
4636846109495829244253792608617151747, 306743786136277697397336499691705114395 -> form ['\n', <div class="form-group", 311480475633517303281485051152389049650, http://localhost:3001/profile
115494160711695823161718328679143297026, None, 115494160711695823161718328679143297026, http://localhost:3001/wallets
115494160711695823161718328679143297026, 186037210004141989051388640614981630902 -> a ['Settings']{'href': '/profile', 'data-in': 'Settings'}, 182798277483336358993202069468154257416, http://localhost:3001/profile
182798277483336358993202069468154257416, 109900342370374619712692107935887661741 -> a [<span class="glyphicon glyphicon-trash", 104956109460716074744859037402039982850, http://localhost:3001/profile#
104956109460716074744859037402039982850, 145633068536459322312414860502993133376 -> a [<span data-i18n="Log Out", 104697402886576868678798032013257024063, http://localhost:3001/
104697402886576868678798032013257024063, 136504310823099385748378508891970664617 -> a []{'href': 'http://localhost:3001/images/homepage/screenshots/i18n.jpg', 'id': 'image-link-', 'style': "background-image: url('http://localhost:/images/homepage/screenshots/in.jpg');"}, 104697402886576868678798032013257024063, http://localhost:3001/
104697402886576868678798032013257024063, 143912285649067720774554330843865674796 -> a ['Register']{'href': '/user/registration', 'data-in': 'Register'}, 104697402886576868678798032013257024063, http://localhost:3001/
77659574643383717146484374309974862090, None, 77659574643383717146484374309974862090, http://localhost:3001/
77659574643383717146484374309974862090, 143912285649067720774554330843865674796 -> a ['Register']{'href': '/user/registration', 'data-in': 'Register'}, 108155317404425926386627841263932698381, http://localhost:3001/wallets/
108155317404425926386627841263932698381, 164770504787406092505723908950430241986 -> button ['×']{'type': 'button', 'data-dismiss': 'modal', 'aria-hidden': 'true'}, 39271239132102046203358448894341728861, http://localhost:3001/wallets
267341173229181010524430543581726451814, None, 267341173229181010524430543581726451814, http://localhost:3001/wallets
267341173229181010524430543581726451814, None, 267341173229181010524430543581726451814, http://localhost:3001/wallets
267341173229181010524430543581726451814, 205911053392441145155640008213943745727 -> a [<span class="glyphicon glyphicon-ok", 267341173229181010524430543581726451814, http://localhost:3001/wallets
267341173229181010524430543581726451814, None, 267341173229181010524430543581726451814, http://localhost:3001/wallets
267341173229181010524430543581726451814, 69261900354377929876421606824271450118 -> a [<span aria-hidden="true" class="glyphicon glyphicon-globe", 267341173229181010524430543581726451814, http://localhost:3001/wallets
267341173229181010524430543581726451814, 136450846218587321257885704071897949850 -> a ['\n', <div class="pull-right text-success transaction_amount", 267341173229181010524430543581726451814, http://localhost:3001/wallets
267341173229181010524430543581726451814, 238793388412553796489369081198711123509 -> a ['$ dimeshift']{'href': '/'}, 192557683007294959491948697234848663486, http://localhost:3001/wallets
223118726222042334388737452905819777222, None, 223118726222042334388737452905819777222, http://localhost:3001/wallets
223118726222042334388737452905819777222, 175622598061817962830991640137317797091 -> a ['Написать нам']{'href': 'mailto:jeka911@gmail.com?subject=Wallet', 'data-in': 'Contact'}, 223118726222042334388737452905819777222, http://localhost:3001/wallets
223118726222042334388737452905819777222, 260874942789934940868775990394842309470 -> button [<span class="glyphicon glyphicon-user", 223118726222042334388737452905819777222, http://localhost:3001/wallets
223118726222042334388737452905819777222, 69261900354377929876421606824271450118 -> a [<span aria-hidden="true" class="glyphicon glyphicon-globe", 223118726222042334388737452905819777222, http://localhost:3001/wallets
223118726222042334388737452905819777222, None, 223118726222042334388737452905819777222, http://localhost:3001/wallets
223118726222042334388737452905819777222, None, 223118726222042334388737452905819777222, http://localhost:3001/wallets
223118726222042334388737452905819777222, 315993652333304908316611887600279878413 -> a ['Кошельки']{'href': '/wallets', 'data-in': 'Wallets'}, 223118726222042334388737452905819777222, http://localhost:3001/wallets
223118726222042334388737452905819777222, None, 223118726222042334388737452905819777222, http://localhost:3001/wallets
223118726222042334388737452905819777222, 134073009530815014980291977605128349685 -> a [<span class="glyphicon glyphicon-ok", 223118726222042334388737452905819777222, http://localhost:3001/wallets
223118726222042334388737452905819777222, 21824728745494118346806017482475308344 -> a ['Настройки']{'href': '/profile', 'data-in': 'Settings'}, 192262124869340720825154932346396664466, http://localhost:3001/profile
223118726222042334388737452905819777222, None, 223118726222042334388737452905819777222, http://localhost:3001/wallets
223118726222042334388737452905819777222, 21824728745494118346806017482475308344 -> a ['Настройки']{'href': '/profile', 'data-in': 'Settings'}, 192262124869340720825154932346396664466, http://localhost:3001/profile
192262124869340720825154932346396664466, 241946753172422428861330322312500872962 -> form ['\n', <div class="form-group", 93704693823494080696900106087357847830, http://localhost:3001/profile
223118726222042334388737452905819777222, None, 223118726222042334388737452905819777222, http://localhost:3001/wallets
223118726222042334388737452905819777222, 21824728745494118346806017482475308344 -> a ['Настройки']{'href': '/profile', 'data-in': 'Settings'}, 192262124869340720825154932346396664466, http://localhost:3001/profile
192262124869340720825154932346396664466, 241946753172422428861330322312500872962 -> form ['\n', <div class="form-group", 93704693823494080696900106087357847830, http://localhost:3001/profile
223118726222042334388737452905819777222, None, 223118726222042334388737452905819777222, http://localhost:3001/wallets
223118726222042334388737452905819777222, 21824728745494118346806017482475308344 -> a ['Настройки']{'href': '/profile', 'data-in': 'Settings'}, 192262124869340720825154932346396664466, http://localhost:3001/profile
192262124869340720825154932346396664466, 180217012861920527268826864699353676198 -> a [<span class="glyphicon glyphicon-trash", 291645954658718005567021105374032836352, http://localhost:3001/profile#
291645954658718005567021105374032836352, 256577445655001965893331533384317731668 -> form ['\n', <div class="form-group", 291645954658718005567021105374032836352, http://localhost:3001/profile#
291645954658718005567021105374032836352, 256577445655001965893331533384317731668 -> form ['\n', <div class="form-group", 291645954658718005567021105374032836352, http://localhost:3001/profile#
291645954658718005567021105374032836352, 246645979443056923504358182049644261062 -> a [<span data-i18n="Log Out", 166790942023300614984378369137212727608, http://localhost:3001/
166790942023300614984378369137212727608, 287439962806392087827856506575270396085 -> a []{'href': 'http://localhost:3001/images/homepage/screenshots/transactions.jpg', 'id': 'image-link-', 'style': "background-image: url('http://localhost:/images/homepage/screenshots/transactions.jpg');"}, 166790942023300614984378369137212727608, http://localhost:3001/
166790942023300614984378369137212727608, 24045720963061510147388474628965236342 -> a []{'href': 'http://localhost:3001/images/homepage/screenshots/goal.jpg', 'id': 'image-link-agpl', 'style': "background-image: url('http://localhost:/images/homepage/screenshots/goal.jpg');"}, 166790942023300614984378369137212727608, http://localhost:3001/
166790942023300614984378369137212727608, 272701501151848433955272174166403287021 -> a ['Войти']{'href': '/user/signin', 'data-in': 'Sign In'}, 166790942023300614984378369137212727608, http://localhost:3001/
77659574643383717146484374309974862090, None, 77659574643383717146484374309974862090, http://localhost:3001/
249605625497056497273018554915399798451, None, 249605625497056497273018554915399798451, http://localhost:3001/wallets
249605625497056497273018554915399798451, None, 249605625497056497273018554915399798451, http://localhost:3001/wallets
249605625497056497273018554915399798451, 30906913677491510962581766254140068231 -> a ['Выйти']{'href': '/user/logout', 'data-in': 'Log Out'}, 295392063217451202734322903333603391175, http://localhost:3001/
295392063217451202734322903333603391175, 136504310823099385748378508891970664617 -> a []{'href': 'http://localhost:3001/images/homepage/screenshots/i18n.jpg', 'id': 'image-link-', 'style': "background-image: url('http://localhost:/images/homepage/screenshots/in.jpg');"}, 295392063217451202734322903333603391175, http://localhost:3001/
295392063217451202734322903333603391175, 280553687692852780123066102917098299601 -> a []{'href': 'http://localhost:3001/images/homepage/screenshots/wallets.jpg', 'id': 'image-link-wallets', 'style': "background-image: url('http://localhost:/images/homepage/screenshots/wallets.jpg');"}, 295392063217451202734322903333603391175, http://localhost:3001/
295392063217451202734322903333603391175, 40967439154621552822409111263863455804 -> input []{'type': 'submit', 'id': 'demo_signup', 'data-invalue': 'here', 'value': 'сюда'}, 295392063217451202734322903333603391175, http://localhost:3001/
295392063217451202734322903333603391175, 289616954940970019044592478557619202053 -> a ['Зарегистрироваться']{'href': '/user/registration', 'data-in': 'Register'}, 295392063217451202734322903333603391175, http://localhost:3001/
295392063217451202734322903333603391175, 272701501151848433955272174166403287021 -> a ['Войти']{'href': '/user/signin', 'data-in': 'Sign In'}, 295392063217451202734322903333603391175, http://localhost:3001/
295392063217451202734322903333603391175, 287439962806392087827856506575270396085 -> a []{'href': 'http://localhost:3001/images/homepage/screenshots/transactions.jpg', 'id': 'image-link-', 'style': "background-image: url('http://localhost:/images/homepage/screenshots/transactions.jpg');"}, 295392063217451202734322903333603391175, http://localhost:3001/
295392063217451202734322903333603391175, 24045720963061510147388474628965236342 -> a []{'href': 'http://localhost:3001/images/homepage/screenshots/goal.jpg', 'id': 'image-link-agpl', 'style': "background-image: url('http://localhost:/images/homepage/screenshots/goal.jpg');"}, 295392063217451202734322903333603391175, http://localhost:3001/
77659574643383717146484374309974862090, None, 77659574643383717146484374309974862090, http://localhost:3001/
77659574643383717146484374309974862090, 272701501151848433955272174166403287021 -> a ['Войти']{'href': '/user/signin', 'data-in': 'Sign In'}, 108155317404425926386627841263932698381, http://localhost:3001/wallets/
108155317404425926386627841263932698381, 164770504787406092505723908950430241986 -> button ['×']{'type': 'button', 'data-dismiss': 'modal', 'aria-hidden': 'true'}, 109908397936913292029495537397365849284, http://localhost:3001/wallets
294828131508938798939115590422882431154, None, 294828131508938798939115590422882431154, http://localhost:3001/wallets
294828131508938798939115590422882431154, 291862378224737198138612368779189443168 -> a ['\n', <div class="pull-right text-success transaction_amount", 294828131508938798939115590422882431154, http://localhost:3001/wallets
294828131508938798939115590422882431154, 260874942789934940868775990394842309470 -> button [<span class="glyphicon glyphicon-user", 294828131508938798939115590422882431154, http://localhost:3001/wallets
294828131508938798939115590422882431154, 285318492524713243197876747385089329790 -> a [<span class="glyphicon glyphicon-share-alt", 294828131508938798939115590422882431154, http://localhost:3001/wallets
294828131508938798939115590422882431154, None, 294828131508938798939115590422882431154, http://localhost:3001/wallets
294828131508938798939115590422882431154, 240753391852607141392118294198458443136 -> a ['\n', <div class="pull-right text-success transaction_amount", 294828131508938798939115590422882431154, http://localhost:3001/wallets
294828131508938798939115590422882431154, 72866117111720632136805165808169623358 -> a ['API']{'href': 'http://docs.dimeshift.apiary.io/'}, 294828131508938798939115590422882431154, http://localhost:3001/wallets
294828131508938798939115590422882431154, 21824728745494118346806017482475308344 -> a ['Настройки']{'href': '/profile', 'data-in': 'Settings'}, 192262124869340720825154932346396664466, http://localhost:3001/profile
192262124869340720825154932346396664466, 180217012861920527268826864699353676198 -> a [<span class="glyphicon glyphicon-trash", 291645954658718005567021105374032836352, http://localhost:3001/profile#
291645954658718005567021105374032836352, 246645979443056923504358182049644261062 -> a [<span data-i18n="Log Out", 166790942023300614984378369137212727608, http://localhost:3001/
166790942023300614984378369137212727608, 240486852943402416586504389427876017668 -> a ['Главная']{'href': '/', 'data-in': 'Home'}, 166790942023300614984378369137212727608, http://localhost:3001/
166790942023300614984378369137212727608, 289616954940970019044592478557619202053 -> a ['Зарегистрироваться']{'href': '/user/registration', 'data-in': 'Register'}, 166790942023300614984378369137212727608, http://localhost:3001/
166790942023300614984378369137212727608, 136504310823099385748378508891970664617 -> a []{'href': 'http://localhost:3001/images/homepage/screenshots/i18n.jpg', 'id': 'image-link-', 'style': "background-image: url('http://localhost:/images/homepage/screenshots/in.jpg');"}, 166790942023300614984378369137212727608, http://localhost:3001/
