77659574643383717146484374309974862090, None, 77659574643383717146484374309974862090, http://localhost:3001/
77659574643383717146484374309974862090, 69261900354377929876421606824271450118 -> a [<span aria-hidden="true" class="glyphicon glyphicon-globe", 120042711704540744062249797499918035067, http://localhost:3001/wallets/
120042711704540744062249797499918035067, 75973569867143580563397877782352499845 -> a ['Goals']{'href': '/plans', 'data-in': 'Goals'}, 158375073692899159182129402353094155327, http://localhost:3001/wallets
278076690333225625169989687868833103351, None, 278076690333225625169989687868833103351, http://localhost:3001/wallets
278076690333225625169989687868833103351, 277712453453955741677905488786830410505 -> a ['Contact']{'href': 'mailto:jeka911@gmail.com?subject=Wallet', 'data-in': 'Contact'}, 278076690333225625169989687868833103351, http://localhost:3001/wallets
278076690333225625169989687868833103351, 186037210004141989051388640614981630902 -> a ['Settings']{'href': '/profile', 'data-in': 'Settings'}, 193855894468930538864165282312256928358, http://localhost:3001/profile
193855894468930538864165282312256928358, 109900342370374619712692107935887661741 -> a [<span class="glyphicon glyphicon-trash", 104956109460716074744859037402039982850, http://localhost:3001/profile#
104956109460716074744859037402039982850, 145633068536459322312414860502993133376 -> a [<span data-i18n="Log Out", 104697402886576868678798032013257024063, http://localhost:3001/
104697402886576868678798032013257024063, 75056642720997424365806452209120460192 -> a ['Sign In']{'href': '/user/signin', 'data-in': 'Sign In'}, 104697402886576868678798032013257024063, http://localhost:3001/
104697402886576868678798032013257024063, 280553687692852780123066102917098299601 -> a []{'href': 'http://localhost:3001/images/homepage/screenshots/wallets.jpg', 'id': 'image-link-wallets', 'style': "background-image: url('http://localhost:/images/homepage/screenshots/wallets.jpg');"}, 104697402886576868678798032013257024063, http://localhost:3001/
77659574643383717146484374309974862090, None, 77659574643383717146484374309974862090, http://localhost:3001/
77659574643383717146484374309974862090, 69261900354377929876421606824271450118 -> a [<span aria-hidden="true" class="glyphicon glyphicon-globe", 120042711704540744062249797499918035067, http://localhost:3001/wallets/
120042711704540744062249797499918035067, 75973569867143580563397877782352499845 -> a ['Goals']{'href': '/plans', 'data-in': 'Goals'}, 24135317399815815298884601190081681150, http://localhost:3001/wallets
253210429649757045617141507568366515, None, 253210429649757045617141507568366515, http://localhost:3001/wallets
253210429649757045617141507568366515, 5608938641747884300044405205556053003 -> button [<span class="glyphicon glyphicon-user", 253210429649757045617141507568366515, http://localhost:3001/wallets
253210429649757045617141507568366515, 12549387572312034662595380537530510228 -> a [<span class="glyphicon glyphicon-ok", 253210429649757045617141507568366515, http://localhost:3001/wallets
253210429649757045617141507568366515, 59033961675128415164332924159931931082 -> button [<span class="glyphicon glyphicon-pencil", 140056990258349483409956460737592238996, http://localhost:3001/wallets
140056990258349483409956460737592238996, 164770504787406092505723908950430241986 -> button ['×']{'type': 'button', 'data-dismiss': 'modal', 'aria-hidden': 'true'}, 253210429649757045617141507568366515, http://localhost:3001/wallets
253210429649757045617141507568366515, 59033961675128415164332924159931931082 -> button [<span class="glyphicon glyphicon-pencil", 140056990258349483409956460737592238996, http://localhost:3001/wallets
140056990258349483409956460737592238996, 198465896605091102877225175642271807174 -> form ['\n', <fieldset, 140056990258349483409956460737592238996, http://localhost:3001/wallets
140056990258349483409956460737592238996, 198465896605091102877225175642271807174 -> form ['\n', <fieldset, 140056990258349483409956460737592238996, http://localhost:3001/wallets
140056990258349483409956460737592238996, 164770504787406092505723908950430241986 -> button ['×']{'type': 'button', 'data-dismiss': 'modal', 'aria-hidden': 'true'}, 140056990258349483409956460737592238996, http://localhost:3001/wallets
253210429649757045617141507568366515, None, 253210429649757045617141507568366515, http://localhost:3001/wallets
253210429649757045617141507568366515, 59033961675128415164332924159931931082 -> button [<span class="glyphicon glyphicon-pencil", 161506070751905864499390122357867492011, http://localhost:3001/wallets
161506070751905864499390122357867492011, 65141161592695401203524601848507345692 -> form ['\n', <fieldset, 161506070751905864499390122357867492011, http://localhost:3001/wallets
161506070751905864499390122357867492011, 65141161592695401203524601848507345692 -> form ['\n', <fieldset, 253210429649757045617141507568366515, http://localhost:3001/wallets
253210429649757045617141507568366515, 59033961675128415164332924159931931082 -> button [<span class="glyphicon glyphicon-pencil", 253210429649757045617141507568366515, http://localhost:3001/wallets
253210429649757045617141507568366515, 320174147126102010907134653534871470777 -> button [<span class="glyphicon glyphicon-trash", 253210429649757045617141507568366515, http://localhost:3001/wallets
253210429649757045617141507568366515, 205911053392441145155640008213943745727 -> a [<span class="glyphicon glyphicon-ok", 253210429649757045617141507568366515, http://localhost:3001/wallets
253210429649757045617141507568366515, 92771657680496586414361268141351491274 -> a [<span class="glyphicon glyphicon-share-alt", 253210429649757045617141507568366515, http://localhost:3001/wallets
253210429649757045617141507568366515, None, 253210429649757045617141507568366515, http://localhost:3001/wallets
253210429649757045617141507568366515, 186037210004141989051388640614981630902 -> a ['Settings']{'href': '/profile', 'data-in': 'Settings'}, 193855894468930538864165282312256928358, http://localhost:3001/profile
193855894468930538864165282312256928358, 109900342370374619712692107935887661741 -> a [<span class="glyphicon glyphicon-trash", 104956109460716074744859037402039982850, http://localhost:3001/profile#
104956109460716074744859037402039982850, 145633068536459322312414860502993133376 -> a [<span data-i18n="Log Out", 104697402886576868678798032013257024063, http://localhost:3001/
104697402886576868678798032013257024063, 24045720963061510147388474628965236342 -> a []{'href': 'http://localhost:3001/images/homepage/screenshots/goal.jpg', 'id': 'image-link-agpl', 'style': "background-image: url('http://localhost:/images/homepage/screenshots/goal.jpg');"}, 104697402886576868678798032013257024063, http://localhost:3001/
104697402886576868678798032013257024063, 143912285649067720774554330843865674796 -> a ['Register']{'href': '/user/registration', 'data-in': 'Register'}, 104697402886576868678798032013257024063, http://localhost:3001/
104697402886576868678798032013257024063, 136504310823099385748378508891970664617 -> a []{'href': 'http://localhost:3001/images/homepage/screenshots/i18n.jpg', 'id': 'image-link-', 'style': "background-image: url('http://localhost:/images/homepage/screenshots/in.jpg');"}, 104697402886576868678798032013257024063, http://localhost:3001/
104697402886576868678798032013257024063, 53030406825762545276438289970305043077 -> a ['Home']{'href': '/', 'data-in': 'Home'}, 104697402886576868678798032013257024063, http://localhost:3001/
104697402886576868678798032013257024063, 287439962806392087827856506575270396085 -> a []{'href': 'http://localhost:3001/images/homepage/screenshots/transactions.jpg', 'id': 'image-link-', 'style': "background-image: url('http://localhost:/images/homepage/screenshots/transactions.jpg');"}, 104697402886576868678798032013257024063, http://localhost:3001/
77659574643383717146484374309974862090, None, 77659574643383717146484374309974862090, http://localhost:3001/
77659574643383717146484374309974862090, 69261900354377929876421606824271450118 -> a [<span aria-hidden="true" class="glyphicon glyphicon-globe", 120042711704540744062249797499918035067, http://localhost:3001/wallets/
120042711704540744062249797499918035067, 75973569867143580563397877782352499845 -> a ['Goals']{'href': '/plans', 'data-in': 'Goals'}, 310698368710622636552793893924579640071, http://localhost:3001/wallets
310698368710622636552793893924579640071, 320174147126102010907134653534871470777 -> button [<span class="glyphicon glyphicon-trash", 310698368710622636552793893924579640071, http://localhost:3001/wallets
310698368710622636552793893924579640071, 59033961675128415164332924159931931082 -> button [<span class="glyphicon glyphicon-pencil", 310698368710622636552793893924579640071, http://localhost:3001/wallets
310698368710622636552793893924579640071, 289724914631465006120433547142160301660 -> button ['« Prev']{'data-role': 'prev'}, 310698368710622636552793893924579640071, http://localhost:3001/wallets
310698368710622636552793893924579640071, 92771657680496586414361268141351491274 -> a [<span class="glyphicon glyphicon-share-alt", 310698368710622636552793893924579640071, http://localhost:3001/wallets
140823844762780903511085622857417456812, None, 140823844762780903511085622857417456812, http://localhost:3001/wallets
140823844762780903511085622857417456812, 5608938641747884300044405205556053003 -> button [<span class="glyphicon glyphicon-user", 140823844762780903511085622857417456812, http://localhost:3001/wallets
140823844762780903511085622857417456812, 69261900354377929876421606824271450118 -> a [<span aria-hidden="true" class="glyphicon glyphicon-globe", 140823844762780903511085622857417456812, http://localhost:3001/wallets
140823844762780903511085622857417456812, 12549387572312034662595380537530510228 -> a [<span class="glyphicon glyphicon-ok", 140823844762780903511085622857417456812, http://localhost:3001/wallets
140823844762780903511085622857417456812, 143964004078119742277710045892540417360 -> a ['Wallets']{'href': '/wallets', 'data-in': 'Wallets'}, 140823844762780903511085622857417456812, http://localhost:3001/wallets
140823844762780903511085622857417456812, None, 140823844762780903511085622857417456812, http://localhost:3001/wallets
140823844762780903511085622857417456812, 320174147126102010907134653534871470777 -> button [<span class="glyphicon glyphicon-trash", 140823844762780903511085622857417456812, http://localhost:3001/wallets
140823844762780903511085622857417456812, 247232757963417732569667467380853696459 -> a ['\n', <div class="pull-right text-success transaction_amount", 140823844762780903511085622857417456812, http://localhost:3001/wallets
140823844762780903511085622857417456812, 224761525322852148912055384139340634378 -> a [<span class="glyphicon glyphicon-trash", 140823844762780903511085622857417456812, http://localhost:3001/wallets
140823844762780903511085622857417456812, 99451550337347827801417868506811784584 -> a ['\n', <div class="pull-right text-success transaction_amount", 74318469580591815769815788958176327349, http://localhost:3001/wallets/8
140823844762780903511085622857417456812, None, 140823844762780903511085622857417456812, http://localhost:3001/wallets
140823844762780903511085622857417456812, 99451550337347827801417868506811784584 -> a ['\n', <div class="pull-right text-success transaction_amount", 270903151110184033289280836923279708768, http://localhost:3001/wallets/8
140823844762780903511085622857417456812, None, 140823844762780903511085622857417456812, http://localhost:3001/wallets
140823844762780903511085622857417456812, 99451550337347827801417868506811784584 -> a ['\n', <div class="pull-right text-success transaction_amount", 70893516549134645993768111672796932416, http://localhost:3001/wallets/8
140823844762780903511085622857417456812, None, 140823844762780903511085622857417456812, http://localhost:3001/wallets
140823844762780903511085622857417456812, 99451550337347827801417868506811784584 -> a ['\n', <div class="pull-right text-success transaction_amount", 278688895418957028396752106141556213823, http://localhost:3001/wallets/8
278688895418957028396752106141556213823, 158009411471723493269880909046446417559 -> a [<span data-i18n="Set Goal", 122778751896091331702526818636178944954, http://localhost:3001/wallets
140823844762780903511085622857417456812, None, 140823844762780903511085622857417456812, http://localhost:3001/wallets
140823844762780903511085622857417456812, 99451550337347827801417868506811784584 -> a ['\n', <div class="pull-right text-success transaction_amount", 278688895418957028396752106141556213823, http://localhost:3001/wallets/8
278688895418957028396752106141556213823, 158009411471723493269880909046446417559 -> a [<span data-i18n="Set Goal", 122778751896091331702526818636178944954, http://localhost:3001/wallets
140823844762780903511085622857417456812, None, 140823844762780903511085622857417456812, http://localhost:3001/wallets
140823844762780903511085622857417456812, 99451550337347827801417868506811784584 -> a ['\n', <div class="pull-right text-success transaction_amount", 64859164707084937390012341123258480900, http://localhost:3001/wallets/8
64859164707084937390012341123258480900, 51734587471318764320500906054182906819 -> a [<span data-i18n="set total to", 64859164707084937390012341123258480900, http://localhost:3001/wallets/8
64859164707084937390012341123258480900, 158009411471723493269880909046446417559 -> a [<span data-i18n="Set Goal", 64859164707084937390012341123258480900, http://localhost:3001/wallets/8
140823844762780903511085622857417456812, None, 140823844762780903511085622857417456812, http://localhost:3001/wallets
140823844762780903511085622857417456812, 99451550337347827801417868506811784584 -> a ['\n', <div class="pull-right text-success transaction_amount", 64859164707084937390012341123258480900, http://localhost:3001/wallets/8
64859164707084937390012341123258480900, 322500650104662320556485549434573524934 -> a [<span aria-hidden="true" class="glyphicon glyphicon-import", 288606507257855950658788033632587487878, http://localhost:3001/wallets/8/import
288606507257855950658788033632587487878, 211529172816946856896018388012172770514 -> input []{'type': 'button', 'value': 'Select file', 'data-loading-text': 'Uploading...', 'data-invalue': 'Select file'}, 288606507257855950658788033632587487878, http://localhost:3001/wallets/8/import
140823844762780903511085622857417456812, None, 140823844762780903511085622857417456812, http://localhost:3001/wallets
140823844762780903511085622857417456812, 99451550337347827801417868506811784584 -> a ['\n', <div class="pull-right text-success transaction_amount", 64859164707084937390012341123258480900, http://localhost:3001/wallets/8
64859164707084937390012341123258480900, 322500650104662320556485549434573524934 -> a [<span aria-hidden="true" class="glyphicon glyphicon-import", 288606507257855950658788033632587487878, http://localhost:3001/wallets/8/import
140823844762780903511085622857417456812, None, 140823844762780903511085622857417456812, http://localhost:3001/wallets
140823844762780903511085622857417456812, 99451550337347827801417868506811784584 -> a ['\n', <div class="pull-right text-success transaction_amount", 64859164707084937390012341123258480900, http://localhost:3001/wallets/8
64859164707084937390012341123258480900, 300938307388621752250340407401666505920 -> form ['\n', <input class="form-control" data-i18nplaceholder="Describe expense and press Enter to add" id="add_transaction_text" placeholder="Describe expense and press Enter to add" type="text"/, 64859164707084937390012341123258480900, http://localhost:3001/wallets/8
64859164707084937390012341123258480900, 300938307388621752250340407401666505920 -> form ['\n', <input class="form-control" data-i18nplaceholder="Describe expense and press Enter to add" id="add_transaction_text" placeholder="Describe expense and press Enter to add" type="text"/, 64859164707084937390012341123258480900, http://localhost:3001/wallets/8
140823844762780903511085622857417456812, None, 140823844762780903511085622857417456812, http://localhost:3001/wallets
140823844762780903511085622857417456812, 99451550337347827801417868506811784584 -> a ['\n', <div class="pull-right text-success transaction_amount", 64859164707084937390012341123258480900, http://localhost:3001/wallets/8
64859164707084937390012341123258480900, 40033767128550119556758792738972518504 -> button [<span data-i18n="Add Income", 64859164707084937390012341123258480900, http://localhost:3001/wallets/8
64859164707084937390012341123258480900, 51734587471318764320500906054182906819 -> a [<span data-i18n="set total to", 64859164707084937390012341123258480900, http://localhost:3001/wallets/8
64859164707084937390012341123258480900, 322500650104662320556485549434573524934 -> a [<span aria-hidden="true" class="glyphicon glyphicon-import", 288606507257855950658788033632587487878, http://localhost:3001/wallets/8/import
288606507257855950658788033632587487878, 211529172816946856896018388012172770514 -> input []{'type': 'button', 'value': 'Select file', 'data-loading-text': 'Uploading...', 'data-invalue': 'Select file'}, 288606507257855950658788033632587487878, http://localhost:3001/wallets/8/import
140823844762780903511085622857417456812, None, 140823844762780903511085622857417456812, http://localhost:3001/wallets
140823844762780903511085622857417456812, 99451550337347827801417868506811784584 -> a ['\n', <div class="pull-right text-success transaction_amount", 64859164707084937390012341123258480900, http://localhost:3001/wallets/8
64859164707084937390012341123258480900, 322500650104662320556485549434573524934 -> a [<span aria-hidden="true" class="glyphicon glyphicon-import", 288606507257855950658788033632587487878, http://localhost:3001/wallets/8/import
288606507257855950658788033632587487878, 211529172816946856896018388012172770514 -> input []{'type': 'button', 'value': 'Select file', 'data-loading-text': 'Uploading...', 'data-invalue': 'Select file'}, 288606507257855950658788033632587487878, http://localhost:3001/wallets/8/import
288606507257855950658788033632587487878, 211529172816946856896018388012172770514 -> input []{'type': 'button', 'value': 'Select file', 'data-loading-text': 'Uploading...', 'data-invalue': 'Select file'}, 288606507257855950658788033632587487878, http://localhost:3001/wallets/8/import
140823844762780903511085622857417456812, None, 140823844762780903511085622857417456812, http://localhost:3001/wallets
140823844762780903511085622857417456812, None, 140823844762780903511085622857417456812, http://localhost:3001/wallets
140823844762780903511085622857417456812, 186037210004141989051388640614981630902 -> a ['Settings']{'href': '/profile', 'data-in': 'Settings'}, 193855894468930538864165282312256928358, http://localhost:3001/profile
193855894468930538864165282312256928358, 109900342370374619712692107935887661741 -> a [<span class="glyphicon glyphicon-trash", 104956109460716074744859037402039982850, http://localhost:3001/profile#
104956109460716074744859037402039982850, 145633068536459322312414860502993133376 -> a [<span data-i18n="Log Out", 104697402886576868678798032013257024063, http://localhost:3001/
104697402886576868678798032013257024063, 143912285649067720774554330843865674796 -> a ['Register']{'href': '/user/registration', 'data-in': 'Register'}, 104697402886576868678798032013257024063, http://localhost:3001/
104697402886576868678798032013257024063, 143912285649067720774554330843865674796 -> a ['Register']{'href': '/user/registration', 'data-in': 'Register'}, 104697402886576868678798032013257024063, http://localhost:3001/
104697402886576868678798032013257024063, 75056642720997424365806452209120460192 -> a ['Sign In']{'href': '/user/signin', 'data-in': 'Sign In'}, 104697402886576868678798032013257024063, http://localhost:3001/
104697402886576868678798032013257024063, 280553687692852780123066102917098299601 -> a []{'href': 'http://localhost:3001/images/homepage/screenshots/wallets.jpg', 'id': 'image-link-wallets', 'style': "background-image: url('http://localhost:/images/homepage/screenshots/wallets.jpg');"}, 104697402886576868678798032013257024063, http://localhost:3001/
104697402886576868678798032013257024063, 143912285649067720774554330843865674796 -> a ['Register']{'href': '/user/registration', 'data-in': 'Register'}, 104697402886576868678798032013257024063, http://localhost:3001/
77659574643383717146484374309974862090, None, 77659574643383717146484374309974862090, http://localhost:3001/
77659574643383717146484374309974862090, 69261900354377929876421606824271450118 -> a [<span aria-hidden="true" class="glyphicon glyphicon-globe", 120042711704540744062249797499918035067, http://localhost:3001/wallets/
120042711704540744062249797499918035067, 75973569867143580563397877782352499845 -> a ['Goals']{'href': '/plans', 'data-in': 'Goals'}, 234754641718744080873507829161055214462, http://localhost:3001/wallets
234754641718744080873507829161055214462, 224761525322852148912055384139340634378 -> a [<span class="glyphicon glyphicon-trash", 234754641718744080873507829161055214462, http://localhost:3001/wallets
234754641718744080873507829161055214462, 320174147126102010907134653534871470777 -> button [<span class="glyphicon glyphicon-trash", 234754641718744080873507829161055214462, http://localhost:3001/wallets
234754641718744080873507829161055214462, 5608938641747884300044405205556053003 -> button [<span class="glyphicon glyphicon-user", 234754641718744080873507829161055214462, http://localhost:3001/wallets
234754641718744080873507829161055214462, 59033961675128415164332924159931931082 -> button [<span class="glyphicon glyphicon-pencil", 234754641718744080873507829161055214462, http://localhost:3001/wallets
234754641718744080873507829161055214462, 268481761928053872301925714121899636902 -> a ['\n', <div class="pull-right text-success transaction_amount", 234754641718744080873507829161055214462, http://localhost:3001/wallets
234754641718744080873507829161055214462, 289724914631465006120433547142160301660 -> button ['« Prev']{'data-role': 'prev'}, 234754641718744080873507829161055214462, http://localhost:3001/wallets
204133606863188857921215272467365725013, None, 204133606863188857921215272467365725013, http://localhost:3001/wallets
204133606863188857921215272467365725013, 42173766816078269248220916838675950827 -> a ['\n', <div class="pull-right text-success transaction_amount", 10155393989572349246276090009035744234, http://localhost:3001/wallets/9
10155393989572349246276090009035744234, 40033767128550119556758792738972518504 -> button [<span data-i18n="Add Income", 315817869338867996628663349162618551675, http://localhost:3001/wallets/9
315817869338867996628663349162618551675, 164770504787406092505723908950430241986 -> button ['×']{'type': 'button', 'data-dismiss': 'modal', 'aria-hidden': 'true'}, 315817869338867996628663349162618551675, http://localhost:3001/wallets/9
315817869338867996628663349162618551675, 205408199651108638240740156954365449134 -> form ['\n', <fieldset, 315817869338867996628663349162618551675, http://localhost:3001/wallets/9
315817869338867996628663349162618551675, 205408199651108638240740156954365449134 -> form ['\n', <fieldset, 315817869338867996628663349162618551675, http://localhost:3001/wallets/9
315817869338867996628663349162618551675, 205408199651108638240740156954365449134 -> form ['\n', <fieldset, 315817869338867996628663349162618551675, http://localhost:3001/wallets/9
315817869338867996628663349162618551675, 164770504787406092505723908950430241986 -> button ['×']{'type': 'button', 'data-dismiss': 'modal', 'aria-hidden': 'true'}, 315817869338867996628663349162618551675, http://localhost:3001/wallets/9
315817869338867996628663349162618551675, 164770504787406092505723908950430241986 -> button ['×']{'type': 'button', 'data-dismiss': 'modal', 'aria-hidden': 'true'}, 315817869338867996628663349162618551675, http://localhost:3001/wallets/9
204133606863188857921215272467365725013, None, 204133606863188857921215272467365725013, http://localhost:3001/wallets
204133606863188857921215272467365725013, 42173766816078269248220916838675950827 -> a ['\n', <div class="pull-right text-success transaction_amount", 34782770388544458601509116801612469816, http://localhost:3001/wallets/9
204133606863188857921215272467365725013, None, 204133606863188857921215272467365725013, http://localhost:3001/wallets
204133606863188857921215272467365725013, 42173766816078269248220916838675950827 -> a ['\n', <div class="pull-right text-success transaction_amount", 315817869338867996628663349162618551675, http://localhost:3001/wallets/9
315817869338867996628663349162618551675, 300938307388621752250340407401666505920 -> form ['\n', <input class="form-control" data-i18nplaceholder="Describe expense and press Enter to add" id="add_transaction_text" placeholder="Describe expense and press Enter to add" type="text"/, 315817869338867996628663349162618551675, http://localhost:3001/wallets/9
315817869338867996628663349162618551675, 300938307388621752250340407401666505920 -> form ['\n', <input class="form-control" data-i18nplaceholder="Describe expense and press Enter to add" id="add_transaction_text" placeholder="Describe expense and press Enter to add" type="text"/, 315817869338867996628663349162618551675, http://localhost:3001/wallets/9
315817869338867996628663349162618551675, 332632648636535438633633310846405598435 -> button ['\n', <span aria-hidden="true" class="glyphicon glyphicon-chevron-down", 315817869338867996628663349162618551675, http://localhost:3001/wallets/9
315817869338867996628663349162618551675, 40033767128550119556758792738972518504 -> button [<span data-i18n="Add Income", 190060186097697147692423688564287146823, http://localhost:3001/wallets/9
190060186097697147692423688564287146823, 12435635701008313457588367376551853616 -> button ['\n', <span aria-hidden="true" class="glyphicon glyphicon-chevron-down", 190060186097697147692423688564287146823, http://localhost:3001/wallets/9
190060186097697147692423688564287146823, 164770504787406092505723908950430241986 -> button ['×']{'type': 'button', 'data-dismiss': 'modal', 'aria-hidden': 'true'}, 190060186097697147692423688564287146823, http://localhost:3001/wallets/9
204133606863188857921215272467365725013, None, 204133606863188857921215272467365725013, http://localhost:3001/wallets
204133606863188857921215272467365725013, 42173766816078269248220916838675950827 -> a ['\n', <div class="pull-right text-success transaction_amount", 124112204818338261649314217837328656945, http://localhost:3001/wallets/9
124112204818338261649314217837328656945, 266812255994690671530494794360457979766 -> a [<span aria-hidden="true" class="glyphicon glyphicon-import", 335503273662062531438025372373438267448, http://localhost:3001/wallets/9/import
335503273662062531438025372373438267448, 211529172816946856896018388012172770514 -> input []{'type': 'button', 'value': 'Select file', 'data-loading-text': 'Uploading...', 'data-invalue': 'Select file'}, 335503273662062531438025372373438267448, http://localhost:3001/wallets/9/import
204133606863188857921215272467365725013, None, 204133606863188857921215272467365725013, http://localhost:3001/wallets
204133606863188857921215272467365725013, 42173766816078269248220916838675950827 -> a ['\n', <div class="pull-right text-success transaction_amount", 49773870417044319496174400632267783322, http://localhost:3001/wallets/9
49773870417044319496174400632267783322, 40033767128550119556758792738972518504 -> button [<span data-i18n="Add Income", 315817869338867996628663349162618551675, http://localhost:3001/wallets/9
315817869338867996628663349162618551675, 205408199651108638240740156954365449134 -> form ['\n', <fieldset, 315817869338867996628663349162618551675, http://localhost:3001/wallets/9
315817869338867996628663349162618551675, 205408199651108638240740156954365449134 -> form ['\n', <fieldset, 315817869338867996628663349162618551675, http://localhost:3001/wallets/9
315817869338867996628663349162618551675, 205408199651108638240740156954365449134 -> form ['\n', <fieldset, 315817869338867996628663349162618551675, http://localhost:3001/wallets/9
315817869338867996628663349162618551675, 205408199651108638240740156954365449134 -> form ['\n', <fieldset, 315817869338867996628663349162618551675, http://localhost:3001/wallets/9
315817869338867996628663349162618551675, 205408199651108638240740156954365449134 -> form ['\n', <fieldset, 315817869338867996628663349162618551675, http://localhost:3001/wallets/9
315817869338867996628663349162618551675, 164770504787406092505723908950430241986 -> button ['×']{'type': 'button', 'data-dismiss': 'modal', 'aria-hidden': 'true'}, 315817869338867996628663349162618551675, http://localhost:3001/wallets/9
204133606863188857921215272467365725013, None, 204133606863188857921215272467365725013, http://localhost:3001/wallets
204133606863188857921215272467365725013, 42173766816078269248220916838675950827 -> a ['\n', <div class="pull-right text-success transaction_amount", 15746612114592683296964660053288650809, http://localhost:3001/wallets/9
204133606863188857921215272467365725013, None, 204133606863188857921215272467365725013, http://localhost:3001/wallets
204133606863188857921215272467365725013, 42173766816078269248220916838675950827 -> a ['\n', <div class="pull-right text-success transaction_amount", 295835120004597559096120099286067386281, http://localhost:3001/wallets/9
204133606863188857921215272467365725013, None, 204133606863188857921215272467365725013, http://localhost:3001/wallets
204133606863188857921215272467365725013, 42173766816078269248220916838675950827 -> a ['\n', <div class="pull-right text-success transaction_amount", 331598775486585206292208966623279588782, http://localhost:3001/wallets/9
331598775486585206292208966623279588782, 51734587471318764320500906054182906819 -> a [<span data-i18n="set total to", 315817869338867996628663349162618551675, http://localhost:3001/wallets/9
315817869338867996628663349162618551675, 290997046537929317093204731951347912223 -> form ['\n', <fieldset, 315817869338867996628663349162618551675, http://localhost:3001/wallets/9
315817869338867996628663349162618551675, 290997046537929317093204731951347912223 -> form ['\n', <fieldset, 315817869338867996628663349162618551675, http://localhost:3001/wallets/9
315817869338867996628663349162618551675, 290997046537929317093204731951347912223 -> form ['\n', <fieldset, 315817869338867996628663349162618551675, http://localhost:3001/wallets/9
315817869338867996628663349162618551675, 164770504787406092505723908950430241986 -> button ['×']{'type': 'button', 'data-dismiss': 'modal', 'aria-hidden': 'true'}, 315817869338867996628663349162618551675, http://localhost:3001/wallets/9
315817869338867996628663349162618551675, 290997046537929317093204731951347912223 -> form ['\n', <fieldset, 315817869338867996628663349162618551675, http://localhost:3001/wallets/9
315817869338867996628663349162618551675, 290997046537929317093204731951347912223 -> form ['\n', <fieldset, 315817869338867996628663349162618551675, http://localhost:3001/wallets/9
204133606863188857921215272467365725013, None, 204133606863188857921215272467365725013, http://localhost:3001/wallets
204133606863188857921215272467365725013, 42173766816078269248220916838675950827 -> a ['\n', <div class="pull-right text-success transaction_amount", 94818211980766159164343000949720072786, http://localhost:3001/wallets/9
204133606863188857921215272467365725013, None, 204133606863188857921215272467365725013, http://localhost:3001/wallets
204133606863188857921215272467365725013, 42173766816078269248220916838675950827 -> a ['\n', <div class="pull-right text-success transaction_amount", 315817869338867996628663349162618551675, http://localhost:3001/wallets/9
315817869338867996628663349162618551675, 40033767128550119556758792738972518504 -> button [<span data-i18n="Add Income", 315817869338867996628663349162618551675, http://localhost:3001/wallets/9
315817869338867996628663349162618551675, 328680192326421016123013048610023517055 -> a [<span data-i18n="Wallets", 315817869338867996628663349162618551675, http://localhost:3001/wallets/9
315817869338867996628663349162618551675, 158009411471723493269880909046446417559 -> a [<span data-i18n="Set Goal", 315817869338867996628663349162618551675, http://localhost:3001/wallets/9
315817869338867996628663349162618551675, 266812255994690671530494794360457979766 -> a [<span aria-hidden="true" class="glyphicon glyphicon-import", 335503273662062531438025372373438267448, http://localhost:3001/wallets/9/import
204133606863188857921215272467365725013, None, 204133606863188857921215272467365725013, http://localhost:3001/wallets
204133606863188857921215272467365725013, 42173766816078269248220916838675950827 -> a ['\n', <div class="pull-right text-success transaction_amount", 315817869338867996628663349162618551675, http://localhost:3001/wallets/9
315817869338867996628663349162618551675, 51734587471318764320500906054182906819 -> a [<span data-i18n="set total to", 315817869338867996628663349162618551675, http://localhost:3001/wallets/9
315817869338867996628663349162618551675, 300938307388621752250340407401666505920 -> form ['\n', <input class="form-control" data-i18nplaceholder="Describe expense and press Enter to add" id="add_transaction_text" placeholder="Describe expense and press Enter to add" type="text"/, 94807976867504518105803304840119716117, http://localhost:3001/wallets/9
94807976867504518105803304840119716117, 290997046537929317093204731951347912223 -> form ['\n', <fieldset, 315817869338867996628663349162618551675, http://localhost:3001/wallets/9
315817869338867996628663349162618551675, 40033767128550119556758792738972518504 -> button [<span data-i18n="Add Income", 315817869338867996628663349162618551675, http://localhost:3001/wallets/9
315817869338867996628663349162618551675, 266812255994690671530494794360457979766 -> a [<span aria-hidden="true" class="glyphicon glyphicon-import", 315817869338867996628663349162618551675, http://localhost:3001/wallets/9
315817869338867996628663349162618551675, 40033767128550119556758792738972518504 -> button [<span data-i18n="Add Income", 315817869338867996628663349162618551675, http://localhost:3001/wallets/9
315817869338867996628663349162618551675, 328680192326421016123013048610023517055 -> a [<span data-i18n="Wallets", 315817869338867996628663349162618551675, http://localhost:3001/wallets/9
204133606863188857921215272467365725013, None, 204133606863188857921215272467365725013, http://localhost:3001/wallets
204133606863188857921215272467365725013, 42173766816078269248220916838675950827 -> a ['\n', <div class="pull-right text-success transaction_amount", 315817869338867996628663349162618551675, http://localhost:3001/wallets/9
315817869338867996628663349162618551675, 300938307388621752250340407401666505920 -> form ['\n', <input class="form-control" data-i18nplaceholder="Describe expense and press Enter to add" id="add_transaction_text" placeholder="Describe expense and press Enter to add" type="text"/, 315817869338867996628663349162618551675, http://localhost:3001/wallets/9
315817869338867996628663349162618551675, 266812255994690671530494794360457979766 -> a [<span aria-hidden="true" class="glyphicon glyphicon-import", 335503273662062531438025372373438267448, http://localhost:3001/wallets/9/import
204133606863188857921215272467365725013, None, 204133606863188857921215272467365725013, http://localhost:3001/wallets
204133606863188857921215272467365725013, None, 204133606863188857921215272467365725013, http://localhost:3001/wallets
204133606863188857921215272467365725013, 205911053392441145155640008213943745727 -> a [<span class="glyphicon glyphicon-ok", 204133606863188857921215272467365725013, http://localhost:3001/wallets
204133606863188857921215272467365725013, 12549387572312034662595380537530510228 -> a [<span class="glyphicon glyphicon-ok", 204133606863188857921215272467365725013, http://localhost:3001/wallets
204133606863188857921215272467365725013, 336145394240353959266535772156875663398 -> a [<span data-i18n="Add", 280540537936772038685461116396234422298, http://localhost:3001/wallets
280540537936772038685461116396234422298, 52430776314973270160166886406622674883 -> form ['\n', <fieldset, 280540537936772038685461116396234422298, http://localhost:3001/wallets
280540537936772038685461116396234422298, 52430776314973270160166886406622674883 -> form ['\n', <fieldset, 280540537936772038685461116396234422298, http://localhost:3001/wallets
280540537936772038685461116396234422298, 164770504787406092505723908950430241986 -> button ['×']{'type': 'button', 'data-dismiss': 'modal', 'aria-hidden': 'true'}, 204133606863188857921215272467365725013, http://localhost:3001/wallets
204133606863188857921215272467365725013, 336145394240353959266535772156875663398 -> a [<span data-i18n="Add", 280540537936772038685461116396234422298, http://localhost:3001/wallets
280540537936772038685461116396234422298, 164770504787406092505723908950430241986 -> button ['×']{'type': 'button', 'data-dismiss': 'modal', 'aria-hidden': 'true'}, 280540537936772038685461116396234422298, http://localhost:3001/wallets
204133606863188857921215272467365725013, None, 204133606863188857921215272467365725013, http://localhost:3001/wallets
204133606863188857921215272467365725013, None, 204133606863188857921215272467365725013, http://localhost:3001/wallets
204133606863188857921215272467365725013, 5608938641747884300044405205556053003 -> button [<span class="glyphicon glyphicon-user", 204133606863188857921215272467365725013, http://localhost:3001/wallets
204133606863188857921215272467365725013, 320174147126102010907134653534871470777 -> button [<span class="glyphicon glyphicon-trash", 204133606863188857921215272467365725013, http://localhost:3001/wallets
204133606863188857921215272467365725013, 69261900354377929876421606824271450118 -> a [<span aria-hidden="true" class="glyphicon glyphicon-globe", 204133606863188857921215272467365725013, http://localhost:3001/wallets
204133606863188857921215272467365725013, None, 204133606863188857921215272467365725013, http://localhost:3001/wallets
204133606863188857921215272467365725013, None, 204133606863188857921215272467365725013, http://localhost:3001/wallets
204133606863188857921215272467365725013, 186037210004141989051388640614981630902 -> a ['Settings']{'href': '/profile', 'data-in': 'Settings'}, 193855894468930538864165282312256928358, http://localhost:3001/profile
193855894468930538864165282312256928358, 109900342370374619712692107935887661741 -> a [<span class="glyphicon glyphicon-trash", 104956109460716074744859037402039982850, http://localhost:3001/profile#
104956109460716074744859037402039982850, 225145757798679539849455265193339328988 -> form ['\n', <div class="form-group", 104956109460716074744859037402039982850, http://localhost:3001/profile#
104956109460716074744859037402039982850, 225145757798679539849455265193339328988 -> form ['\n', <div class="form-group", 104956109460716074744859037402039982850, http://localhost:3001/profile#
104956109460716074744859037402039982850, 225145757798679539849455265193339328988 -> form ['\n', <div class="form-group", 104956109460716074744859037402039982850, http://localhost:3001/profile#
104956109460716074744859037402039982850, 225145757798679539849455265193339328988 -> form ['\n', <div class="form-group", 104956109460716074744859037402039982850, http://localhost:3001/profile#
104956109460716074744859037402039982850, 225145757798679539849455265193339328988 -> form ['\n', <div class="form-group", 104956109460716074744859037402039982850, http://localhost:3001/profile#
104956109460716074744859037402039982850, 145633068536459322312414860502993133376 -> a [<span data-i18n="Log Out", 104697402886576868678798032013257024063, http://localhost:3001/
77659574643383717146484374309974862090, None, 77659574643383717146484374309974862090, http://localhost:3001/
77659574643383717146484374309974862090, 69261900354377929876421606824271450118 -> a [<span aria-hidden="true" class="glyphicon glyphicon-globe", 120042711704540744062249797499918035067, http://localhost:3001/wallets/
120042711704540744062249797499918035067, 75973569867143580563397877782352499845 -> a ['Goals']{'href': '/plans', 'data-in': 'Goals'}, 26619680081184444102029648780778322926, http://localhost:3001/wallets
26619680081184444102029648780778322926, 205911053392441145155640008213943745727 -> a [<span class="glyphicon glyphicon-ok", 26619680081184444102029648780778322926, http://localhost:3001/wallets
26619680081184444102029648780778322926, 34135135379107206954153788515629460318 -> a ['\n', <div class="pull-right text-success transaction_amount", 141239903213966320965298707707541330995, http://localhost:3001/wallets/12
141239903213966320965298707707541330995, 158009411471723493269880909046446417559 -> a [<span data-i18n="Set Goal", 59130146819893691998505754259977176327, http://localhost:3001/plans
210424265997405035537478540256128766846, None, 210424265997405035537478540256128766846, http://localhost:3001/wallets
210424265997405035537478540256128766846, 69261900354377929876421606824271450118 -> a [<span aria-hidden="true" class="glyphicon glyphicon-globe", 210424265997405035537478540256128766846, http://localhost:3001/wallets
210424265997405035537478540256128766846, 92771657680496586414361268141351491274 -> a [<span class="glyphicon glyphicon-share-alt", 210424265997405035537478540256128766846, http://localhost:3001/wallets
210424265997405035537478540256128766846, None, 210424265997405035537478540256128766846, http://localhost:3001/wallets
210424265997405035537478540256128766846, None, 210424265997405035537478540256128766846, http://localhost:3001/wallets
210424265997405035537478540256128766846, 5608938641747884300044405205556053003 -> button [<span class="glyphicon glyphicon-user", 210424265997405035537478540256128766846, http://localhost:3001/wallets
210424265997405035537478540256128766846, 320174147126102010907134653534871470777 -> button [<span class="glyphicon glyphicon-trash", 210424265997405035537478540256128766846, http://localhost:3001/wallets
210424265997405035537478540256128766846, 209638118784994731842872023555060259766 -> a ['Log Out']{'href': '/user/logout', 'data-in': 'Log Out'}, 210424265997405035537478540256128766846, http://localhost:3001/wallets
210424265997405035537478540256128766846, 59033961675128415164332924159931931082 -> button [<span class="glyphicon glyphicon-pencil", 161506070751905864499390122357867492011, http://localhost:3001/wallets
161506070751905864499390122357867492011, 164770504787406092505723908950430241986 -> button ['×']{'type': 'button', 'data-dismiss': 'modal', 'aria-hidden': 'true'}, 210424265997405035537478540256128766846, http://localhost:3001/wallets
210424265997405035537478540256128766846, 59033961675128415164332924159931931082 -> button [<span class="glyphicon glyphicon-pencil", 161506070751905864499390122357867492011, http://localhost:3001/wallets
161506070751905864499390122357867492011, 65141161592695401203524601848507345692 -> form ['\n', <fieldset, 210424265997405035537478540256128766846, http://localhost:3001/wallets
210424265997405035537478540256128766846, 143964004078119742277710045892540417360 -> a ['Wallets']{'href': '/wallets', 'data-in': 'Wallets'}, 210424265997405035537478540256128766846, http://localhost:3001/wallets
210424265997405035537478540256128766846, None, 210424265997405035537478540256128766846, http://localhost:3001/wallets
210424265997405035537478540256128766846, 336145394240353959266535772156875663398 -> a [<span data-i18n="Add", 280540537936772038685461116396234422298, http://localhost:3001/wallets
280540537936772038685461116396234422298, 164770504787406092505723908950430241986 -> button ['×']{'type': 'button', 'data-dismiss': 'modal', 'aria-hidden': 'true'}, 210424265997405035537478540256128766846, http://localhost:3001/wallets
210424265997405035537478540256128766846, None, 210424265997405035537478540256128766846, http://localhost:3001/wallets
210424265997405035537478540256128766846, 205911053392441145155640008213943745727 -> a [<span class="glyphicon glyphicon-ok", 210424265997405035537478540256128766846, http://localhost:3001/wallets
210424265997405035537478540256128766846, 277712453453955741677905488786830410505 -> a ['Contact']{'href': 'mailto:jeka911@gmail.com?subject=Wallet', 'data-in': 'Contact'}, 210424265997405035537478540256128766846, http://localhost:3001/wallets
210424265997405035537478540256128766846, 56112662510380664132560326223581814874 -> a ['\n', <div class="pull-right text-success transaction_amount", 55878262153870289333811857230650723206, http://localhost:3001/wallets/11
55878262153870289333811857230650723206, 64096059636421707773180624620541916983 -> a [<span aria-hidden="true" class="glyphicon glyphicon-import", 56679206235908110019052387928425923506, http://localhost:3001/wallets/11/import
210424265997405035537478540256128766846, None, 210424265997405035537478540256128766846, http://localhost:3001/wallets
210424265997405035537478540256128766846, 56112662510380664132560326223581814874 -> a ['\n', <div class="pull-right text-success transaction_amount", 55878262153870289333811857230650723206, http://localhost:3001/wallets/11
55878262153870289333811857230650723206, 64096059636421707773180624620541916983 -> a [<span aria-hidden="true" class="glyphicon glyphicon-import", 56679206235908110019052387928425923506, http://localhost:3001/wallets/11/import
56679206235908110019052387928425923506, 211529172816946856896018388012172770514 -> input []{'type': 'button', 'value': 'Select file', 'data-loading-text': 'Uploading...', 'data-invalue': 'Select file'}, 56679206235908110019052387928425923506, http://localhost:3001/wallets/11/import
56679206235908110019052387928425923506, 211529172816946856896018388012172770514 -> input []{'type': 'button', 'value': 'Select file', 'data-loading-text': 'Uploading...', 'data-invalue': 'Select file'}, 56679206235908110019052387928425923506, http://localhost:3001/wallets/11/import
56679206235908110019052387928425923506, 211529172816946856896018388012172770514 -> input []{'type': 'button', 'value': 'Select file', 'data-loading-text': 'Uploading...', 'data-invalue': 'Select file'}, 56679206235908110019052387928425923506, http://localhost:3001/wallets/11/import
56679206235908110019052387928425923506, 211529172816946856896018388012172770514 -> input []{'type': 'button', 'value': 'Select file', 'data-loading-text': 'Uploading...', 'data-invalue': 'Select file'}, 56679206235908110019052387928425923506, http://localhost:3001/wallets/11/import
56679206235908110019052387928425923506, 211529172816946856896018388012172770514 -> input []{'type': 'button', 'value': 'Select file', 'data-loading-text': 'Uploading...', 'data-invalue': 'Select file'}, 56679206235908110019052387928425923506, http://localhost:3001/wallets/11/import
210424265997405035537478540256128766846, None, 210424265997405035537478540256128766846, http://localhost:3001/wallets
210424265997405035537478540256128766846, 56112662510380664132560326223581814874 -> a ['\n', <div class="pull-right text-success transaction_amount", 55878262153870289333811857230650723206, http://localhost:3001/wallets/11
55878262153870289333811857230650723206, 64096059636421707773180624620541916983 -> a [<span aria-hidden="true" class="glyphicon glyphicon-import", 56679206235908110019052387928425923506, http://localhost:3001/wallets/11/import
210424265997405035537478540256128766846, None, 210424265997405035537478540256128766846, http://localhost:3001/wallets
210424265997405035537478540256128766846, 56112662510380664132560326223581814874 -> a ['\n', <div class="pull-right text-success transaction_amount", 55878262153870289333811857230650723206, http://localhost:3001/wallets/11
55878262153870289333811857230650723206, 332632648636535438633633310846405598435 -> button ['\n', <span aria-hidden="true" class="glyphicon glyphicon-chevron-down", 55878262153870289333811857230650723206, http://localhost:3001/wallets/11
210424265997405035537478540256128766846, None, 210424265997405035537478540256128766846, http://localhost:3001/wallets
210424265997405035537478540256128766846, 56112662510380664132560326223581814874 -> a ['\n', <div class="pull-right text-success transaction_amount", 55878262153870289333811857230650723206, http://localhost:3001/wallets/11
55878262153870289333811857230650723206, 300938307388621752250340407401666505920 -> form ['\n', <input class="form-control" data-i18nplaceholder="Describe expense and press Enter to add" id="add_transaction_text" placeholder="Describe expense and press Enter to add" type="text"/, 55878262153870289333811857230650723206, http://localhost:3001/wallets/11
55878262153870289333811857230650723206, 300938307388621752250340407401666505920 -> form ['\n', <input class="form-control" data-i18nplaceholder="Describe expense and press Enter to add" id="add_transaction_text" placeholder="Describe expense and press Enter to add" type="text"/, 55878262153870289333811857230650723206, http://localhost:3001/wallets/11
55878262153870289333811857230650723206, 40033767128550119556758792738972518504 -> button [<span data-i18n="Add Income", 55878262153870289333811857230650723206, http://localhost:3001/wallets/11
55878262153870289333811857230650723206, 51734587471318764320500906054182906819 -> a [<span data-i18n="set total to", 55878262153870289333811857230650723206, http://localhost:3001/wallets/11
55878262153870289333811857230650723206, 158009411471723493269880909046446417559 -> a [<span data-i18n="Set Goal", 67239249267178698730461277169391379263, http://localhost:3001/wallets
210424265997405035537478540256128766846, None, 210424265997405035537478540256128766846, http://localhost:3001/wallets
210424265997405035537478540256128766846, 56112662510380664132560326223581814874 -> a ['\n', <div class="pull-right text-success transaction_amount", 55878262153870289333811857230650723206, http://localhost:3001/wallets/11
55878262153870289333811857230650723206, 158009411471723493269880909046446417559 -> a [<span data-i18n="Set Goal", 67239249267178698730461277169391379263, http://localhost:3001/wallets
210424265997405035537478540256128766846, None, 210424265997405035537478540256128766846, http://localhost:3001/wallets
210424265997405035537478540256128766846, 56112662510380664132560326223581814874 -> a ['\n', <div class="pull-right text-success transaction_amount", 55878262153870289333811857230650723206, http://localhost:3001/wallets/11
55878262153870289333811857230650723206, 158009411471723493269880909046446417559 -> a [<span data-i18n="Set Goal", 67239249267178698730461277169391379263, http://localhost:3001/wallets
210424265997405035537478540256128766846, None, 210424265997405035537478540256128766846, http://localhost:3001/wallets
210424265997405035537478540256128766846, 56112662510380664132560326223581814874 -> a ['\n', <div class="pull-right text-success transaction_amount", 55878262153870289333811857230650723206, http://localhost:3001/wallets/11
210424265997405035537478540256128766846, None, 210424265997405035537478540256128766846, http://localhost:3001/wallets
210424265997405035537478540256128766846, 186037210004141989051388640614981630902 -> a ['Settings']{'href': '/profile', 'data-in': 'Settings'}, 193855894468930538864165282312256928358, http://localhost:3001/profile
193855894468930538864165282312256928358, 109900342370374619712692107935887661741 -> a [<span class="glyphicon glyphicon-trash", 104956109460716074744859037402039982850, http://localhost:3001/profile#
104956109460716074744859037402039982850, 225145757798679539849455265193339328988 -> form ['\n', <div class="form-group", 104956109460716074744859037402039982850, http://localhost:3001/profile#
104956109460716074744859037402039982850, 225145757798679539849455265193339328988 -> form ['\n', <div class="form-group", 104956109460716074744859037402039982850, http://localhost:3001/profile#
104956109460716074744859037402039982850, 225145757798679539849455265193339328988 -> form ['\n', <div class="form-group", 104956109460716074744859037402039982850, http://localhost:3001/profile#
104956109460716074744859037402039982850, 225145757798679539849455265193339328988 -> form ['\n', <div class="form-group", 104956109460716074744859037402039982850, http://localhost:3001/profile#
104956109460716074744859037402039982850, 145633068536459322312414860502993133376 -> a [<span data-i18n="Log Out", 104697402886576868678798032013257024063, http://localhost:3001/
104697402886576868678798032013257024063, 287439962806392087827856506575270396085 -> a []{'href': 'http://localhost:3001/images/homepage/screenshots/transactions.jpg', 'id': 'image-link-', 'style': "background-image: url('http://localhost:/images/homepage/screenshots/transactions.jpg');"}, 104697402886576868678798032013257024063, http://localhost:3001/
77659574643383717146484374309974862090, None, 77659574643383717146484374309974862090, http://localhost:3001/
77659574643383717146484374309974862090, 69261900354377929876421606824271450118 -> a [<span aria-hidden="true" class="glyphicon glyphicon-globe", 120042711704540744062249797499918035067, http://localhost:3001/wallets/
120042711704540744062249797499918035067, 75973569867143580563397877782352499845 -> a ['Goals']{'href': '/plans', 'data-in': 'Goals'}, 156673822411815006471913300695497948523, http://localhost:3001/wallets
156673822411815006471913300695497948523, 12549387572312034662595380537530510228 -> a [<span class="glyphicon glyphicon-ok", 156673822411815006471913300695497948523, http://localhost:3001/wallets
194689581119877770192308412840909625017, None, 194689581119877770192308412840909625017, http://localhost:3001/wallets
194689581119877770192308412840909625017, 209638118784994731842872023555060259766 -> a ['Log Out']{'href': '/user/logout', 'data-in': 'Log Out'}, 16830507283689328036876064570522204332, http://localhost:3001/
16830507283689328036876064570522204332, 24045720963061510147388474628965236342 -> a []{'href': 'http://localhost:3001/images/homepage/screenshots/goal.jpg', 'id': 'image-link-agpl', 'style': "background-image: url('http://localhost:/images/homepage/screenshots/goal.jpg');"}, 16830507283689328036876064570522204332, http://localhost:3001/
16830507283689328036876064570522204332, 53030406825762545276438289970305043077 -> a ['Home']{'href': '/', 'data-in': 'Home'}, 16830507283689328036876064570522204332, http://localhost:3001/
16830507283689328036876064570522204332, 287439962806392087827856506575270396085 -> a []{'href': 'http://localhost:3001/images/homepage/screenshots/transactions.jpg', 'id': 'image-link-', 'style': "background-image: url('http://localhost:/images/homepage/screenshots/transactions.jpg');"}, 16830507283689328036876064570522204332, http://localhost:3001/
16830507283689328036876064570522204332, 143912285649067720774554330843865674796 -> a ['Register']{'href': '/user/registration', 'data-in': 'Register'}, 16830507283689328036876064570522204332, http://localhost:3001/
77659574643383717146484374309974862090, None, 77659574643383717146484374309974862090, http://localhost:3001/
77659574643383717146484374309974862090, 69261900354377929876421606824271450118 -> a [<span aria-hidden="true" class="glyphicon glyphicon-globe", 120042711704540744062249797499918035067, http://localhost:3001/wallets/
120042711704540744062249797499918035067, 75973569867143580563397877782352499845 -> a ['Goals']{'href': '/plans', 'data-in': 'Goals'}, 106542673484690461029911334248870323792, http://localhost:3001/wallets
106542673484690461029911334248870323792, 12549387572312034662595380537530510228 -> a [<span class="glyphicon glyphicon-ok", 106542673484690461029911334248870323792, http://localhost:3001/wallets
77659574643383717146484374309974862090, None, 77659574643383717146484374309974862090, http://localhost:3001/
77659574643383717146484374309974862090, 69261900354377929876421606824271450118 -> a [<span aria-hidden="true" class="glyphicon glyphicon-globe", 120042711704540744062249797499918035067, http://localhost:3001/wallets/
120042711704540744062249797499918035067, 75973569867143580563397877782352499845 -> a ['Goals']{'href': '/plans', 'data-in': 'Goals'}, 57334009787756622468852846538509296206, http://localhost:3001/wallets
57334009787756622468852846538509296206, 59033961675128415164332924159931931082 -> button [<span class="glyphicon glyphicon-pencil", 99535759376992616542104623325018931705, http://localhost:3001/wallets
99535759376992616542104623325018931705, 44315723722317310601064641084865350769 -> option ['Albanian Lek']{'value': 'ALL'}, 99535759376992616542104623325018931705, http://localhost:3001/wallets
99535759376992616542104623325018931705, 65141161592695401203524601848507345692 -> form ['\n', <fieldset, 99535759376992616542104623325018931705, http://localhost:3001/wallets
99535759376992616542104623325018931705, 65141161592695401203524601848507345692 -> form ['\n', <fieldset, 218788709538606230088732788741135042217, http://localhost:3001/wallets
200487141735910402800905371457023842727, None, 200487141735910402800905371457023842727, http://localhost:3001/wallets
200487141735910402800905371457023842727, None, 200487141735910402800905371457023842727, http://localhost:3001/wallets
200487141735910402800905371457023842727, 336145394240353959266535772156875663398 -> a [<span data-i18n="Add", 280540537936772038685461116396234422298, http://localhost:3001/wallets
280540537936772038685461116396234422298, 164770504787406092505723908950430241986 -> button ['×']{'type': 'button', 'data-dismiss': 'modal', 'aria-hidden': 'true'}, 200487141735910402800905371457023842727, http://localhost:3001/wallets
200487141735910402800905371457023842727, 186037210004141989051388640614981630902 -> a ['Settings']{'href': '/profile', 'data-in': 'Settings'}, 193855894468930538864165282312256928358, http://localhost:3001/profile
200487141735910402800905371457023842727, None, 200487141735910402800905371457023842727, http://localhost:3001/wallets
200487141735910402800905371457023842727, 186037210004141989051388640614981630902 -> a ['Settings']{'href': '/profile', 'data-in': 'Settings'}, 193855894468930538864165282312256928358, http://localhost:3001/profile
193855894468930538864165282312256928358, 8142538131559096661768932965299746936 -> form ['\n', <div class="form-group", 4636846109495829244253792608617151747, http://localhost:3001/profile
200487141735910402800905371457023842727, None, 200487141735910402800905371457023842727, http://localhost:3001/wallets
200487141735910402800905371457023842727, 186037210004141989051388640614981630902 -> a ['Settings']{'href': '/profile', 'data-in': 'Settings'}, 193855894468930538864165282312256928358, http://localhost:3001/profile
193855894468930538864165282312256928358, 8142538131559096661768932965299746936 -> form ['\n', <div class="form-group", 4636846109495829244253792608617151747, http://localhost:3001/profile
4636846109495829244253792608617151747, 306743786136277697397336499691705114395 -> form ['\n', <div class="form-group", 311480475633517303281485051152389049650, http://localhost:3001/profile
200487141735910402800905371457023842727, None, 200487141735910402800905371457023842727, http://localhost:3001/wallets
200487141735910402800905371457023842727, 186037210004141989051388640614981630902 -> a ['Settings']{'href': '/profile', 'data-in': 'Settings'}, 193855894468930538864165282312256928358, http://localhost:3001/profile
193855894468930538864165282312256928358, 109900342370374619712692107935887661741 -> a [<span class="glyphicon glyphicon-trash", 104956109460716074744859037402039982850, http://localhost:3001/profile#
104956109460716074744859037402039982850, 145633068536459322312414860502993133376 -> a [<span data-i18n="Log Out", 104697402886576868678798032013257024063, http://localhost:3001/
104697402886576868678798032013257024063, 136504310823099385748378508891970664617 -> a []{'href': 'http://localhost:3001/images/homepage/screenshots/i18n.jpg', 'id': 'image-link-', 'style': "background-image: url('http://localhost:/images/homepage/screenshots/in.jpg');"}, 104697402886576868678798032013257024063, http://localhost:3001/
104697402886576868678798032013257024063, 75056642720997424365806452209120460192 -> a ['Sign In']{'href': '/user/signin', 'data-in': 'Sign In'}, 104697402886576868678798032013257024063, http://localhost:3001/
104697402886576868678798032013257024063, 143912285649067720774554330843865674796 -> a ['Register']{'href': '/user/registration', 'data-in': 'Register'}, 104697402886576868678798032013257024063, http://localhost:3001/
104697402886576868678798032013257024063, 75056642720997424365806452209120460192 -> a ['Sign In']{'href': '/user/signin', 'data-in': 'Sign In'}, 104697402886576868678798032013257024063, http://localhost:3001/
104697402886576868678798032013257024063, 75056642720997424365806452209120460192 -> a ['Sign In']{'href': '/user/signin', 'data-in': 'Sign In'}, 104697402886576868678798032013257024063, http://localhost:3001/
77659574643383717146484374309974862090, None, 77659574643383717146484374309974862090, http://localhost:3001/
77659574643383717146484374309974862090, 69261900354377929876421606824271450118 -> a [<span aria-hidden="true" class="glyphicon glyphicon-globe", 120042711704540744062249797499918035067, http://localhost:3001/wallets/
120042711704540744062249797499918035067, 75973569867143580563397877782352499845 -> a ['Goals']{'href': '/plans', 'data-in': 'Goals'}, 16996972586780226371394841133840884532, http://localhost:3001/wallets
16996972586780226371394841133840884532, 5608938641747884300044405205556053003 -> button [<span class="glyphicon glyphicon-user", 16996972586780226371394841133840884532, http://localhost:3001/wallets
16996972586780226371394841133840884532, 207847107984460188533312753476396637913 -> a [<span class="glyphicon glyphicon-user", 16996972586780226371394841133840884532, http://localhost:3001/wallets
16996972586780226371394841133840884532, 205911053392441145155640008213943745727 -> a [<span class="glyphicon glyphicon-ok", 16996972586780226371394841133840884532, http://localhost:3001/wallets
16996972586780226371394841133840884532, 336145394240353959266535772156875663398 -> a [<span data-i18n="Add", 22320603132720638781368954007086203723, http://localhost:3001/wallets
22320603132720638781368954007086203723, 44315723722317310601064641084865350769 -> option ['Albanian Lek']{'value': 'ALL'}, 22320603132720638781368954007086203723, http://localhost:3001/wallets
22320603132720638781368954007086203723, 316804645331092210082212218171720844310 -> option ['Armenian Dram']{'value': 'AMD'}, 22320603132720638781368954007086203723, http://localhost:3001/wallets
110908703904320915170262326968136019427, None, 110908703904320915170262326968136019427, http://localhost:3001/wallets
110908703904320915170262326968136019427, 61753861366260372530442130521980153421 -> a ['\n', <div class="pull-right text-success transaction_amount", 52905143717106124880629182500364325884, http://localhost:3001/wallets/22
52905143717106124880629182500364325884, 158009411471723493269880909046446417559 -> a [<span data-i18n="Set Goal", 67239249267178698730461277169391379263, http://localhost:3001/wallets
110908703904320915170262326968136019427, None, 110908703904320915170262326968136019427, http://localhost:3001/wallets
110908703904320915170262326968136019427, 61753861366260372530442130521980153421 -> a ['\n', <div class="pull-right text-success transaction_amount", 52905143717106124880629182500364325884, http://localhost:3001/wallets/22
110908703904320915170262326968136019427, None, 110908703904320915170262326968136019427, http://localhost:3001/wallets
110908703904320915170262326968136019427, 61753861366260372530442130521980153421 -> a ['\n', <div class="pull-right text-success transaction_amount", 52905143717106124880629182500364325884, http://localhost:3001/wallets/22
52905143717106124880629182500364325884, 300938307388621752250340407401666505920 -> form ['\n', <input class="form-control" data-i18nplaceholder="Describe expense and press Enter to add" id="add_transaction_text" placeholder="Describe expense and press Enter to add" type="text"/, 52905143717106124880629182500364325884, http://localhost:3001/wallets/22
52905143717106124880629182500364325884, 300938307388621752250340407401666505920 -> form ['\n', <input class="form-control" data-i18nplaceholder="Describe expense and press Enter to add" id="add_transaction_text" placeholder="Describe expense and press Enter to add" type="text"/, 52905143717106124880629182500364325884, http://localhost:3001/wallets/22
52905143717106124880629182500364325884, 255327670000224790820256177912720200338 -> a [<span aria-hidden="true" class="glyphicon glyphicon-import", 109694777912911586527078946580700399387, http://localhost:3001/wallets/22/import
109694777912911586527078946580700399387, 211529172816946856896018388012172770514 -> input []{'type': 'button', 'value': 'Select file', 'data-loading-text': 'Uploading...', 'data-invalue': 'Select file'}, 109694777912911586527078946580700399387, http://localhost:3001/wallets/22/import
110908703904320915170262326968136019427, None, 110908703904320915170262326968136019427, http://localhost:3001/wallets
110908703904320915170262326968136019427, 61753861366260372530442130521980153421 -> a ['\n', <div class="pull-right text-success transaction_amount", 52905143717106124880629182500364325884, http://localhost:3001/wallets/22
52905143717106124880629182500364325884, 255327670000224790820256177912720200338 -> a [<span aria-hidden="true" class="glyphicon glyphicon-import", 109694777912911586527078946580700399387, http://localhost:3001/wallets/22/import
110908703904320915170262326968136019427, None, 110908703904320915170262326968136019427, http://localhost:3001/wallets
110908703904320915170262326968136019427, 61753861366260372530442130521980153421 -> a ['\n', <div class="pull-right text-success transaction_amount", 52905143717106124880629182500364325884, http://localhost:3001/wallets/22
52905143717106124880629182500364325884, 51734587471318764320500906054182906819 -> a [<span data-i18n="set total to", 52905143717106124880629182500364325884, http://localhost:3001/wallets/22
52905143717106124880629182500364325884, 332632648636535438633633310846405598435 -> button ['\n', <span aria-hidden="true" class="glyphicon glyphicon-chevron-down", 52905143717106124880629182500364325884, http://localhost:3001/wallets/22
52905143717106124880629182500364325884, 40033767128550119556758792738972518504 -> button [<span data-i18n="Add Income", 52905143717106124880629182500364325884, http://localhost:3001/wallets/22
52905143717106124880629182500364325884, 328680192326421016123013048610023517055 -> a [<span data-i18n="Wallets", 52905143717106124880629182500364325884, http://localhost:3001/wallets/22
52905143717106124880629182500364325884, 255327670000224790820256177912720200338 -> a [<span aria-hidden="true" class="glyphicon glyphicon-import", 52905143717106124880629182500364325884, http://localhost:3001/wallets/22
110908703904320915170262326968136019427, None, 110908703904320915170262326968136019427, http://localhost:3001/wallets
110908703904320915170262326968136019427, 61753861366260372530442130521980153421 -> a ['\n', <div class="pull-right text-success transaction_amount", 52905143717106124880629182500364325884, http://localhost:3001/wallets/22
52905143717106124880629182500364325884, 40033767128550119556758792738972518504 -> button [<span data-i18n="Add Income", 52905143717106124880629182500364325884, http://localhost:3001/wallets/22
52905143717106124880629182500364325884, 51734587471318764320500906054182906819 -> a [<span data-i18n="set total to", 52905143717106124880629182500364325884, http://localhost:3001/wallets/22
110908703904320915170262326968136019427, None, 110908703904320915170262326968136019427, http://localhost:3001/wallets
110908703904320915170262326968136019427, 5608938641747884300044405205556053003 -> button [<span class="glyphicon glyphicon-user", 110908703904320915170262326968136019427, http://localhost:3001/wallets
110908703904320915170262326968136019427, 320174147126102010907134653534871470777 -> button [<span class="glyphicon glyphicon-trash", 110908703904320915170262326968136019427, http://localhost:3001/wallets
110908703904320915170262326968136019427, 69261900354377929876421606824271450118 -> a [<span aria-hidden="true" class="glyphicon glyphicon-globe", 110908703904320915170262326968136019427, http://localhost:3001/wallets
110908703904320915170262326968136019427, 12549387572312034662595380537530510228 -> a [<span class="glyphicon glyphicon-ok", 110908703904320915170262326968136019427, http://localhost:3001/wallets
110908703904320915170262326968136019427, 186037210004141989051388640614981630902 -> a ['Settings']{'href': '/profile', 'data-in': 'Settings'}, 193855894468930538864165282312256928358, http://localhost:3001/profile
193855894468930538864165282312256928358, 109900342370374619712692107935887661741 -> a [<span class="glyphicon glyphicon-trash", 104956109460716074744859037402039982850, http://localhost:3001/profile#
104956109460716074744859037402039982850, 145633068536459322312414860502993133376 -> a [<span data-i18n="Log Out", 104697402886576868678798032013257024063, http://localhost:3001/
104697402886576868678798032013257024063, 143912285649067720774554330843865674796 -> a ['Register']{'href': '/user/registration', 'data-in': 'Register'}, 104697402886576868678798032013257024063, http://localhost:3001/
77659574643383717146484374309974862090, None, 77659574643383717146484374309974862090, http://localhost:3001/
77659574643383717146484374309974862090, 69261900354377929876421606824271450118 -> a [<span aria-hidden="true" class="glyphicon glyphicon-globe", 120042711704540744062249797499918035067, http://localhost:3001/wallets/
120042711704540744062249797499918035067, 75973569867143580563397877782352499845 -> a ['Goals']{'href': '/plans', 'data-in': 'Goals'}, 29405287419957174073137464827009008821, http://localhost:3001/wallets
29405287419957174073137464827009008821, 224761525322852148912055384139340634378 -> a [<span class="glyphicon glyphicon-trash", 29405287419957174073137464827009008821, http://localhost:3001/wallets
115494160711695823161718328679143297026, None, 115494160711695823161718328679143297026, http://localhost:3001/wallets
115494160711695823161718328679143297026, 277712453453955741677905488786830410505 -> a ['Contact']{'href': 'mailto:jeka911@gmail.com?subject=Wallet', 'data-in': 'Contact'}, 115494160711695823161718328679143297026, http://localhost:3001/wallets
115494160711695823161718328679143297026, None, 115494160711695823161718328679143297026, http://localhost:3001/wallets
115494160711695823161718328679143297026, 320174147126102010907134653534871470777 -> button [<span class="glyphicon glyphicon-trash", 115494160711695823161718328679143297026, http://localhost:3001/wallets
115494160711695823161718328679143297026, 133249845203082655115983377632638393659 -> a ['\n', <div class="pull-right text-success transaction_amount", 115494160711695823161718328679143297026, http://localhost:3001/wallets
115494160711695823161718328679143297026, 336145394240353959266535772156875663398 -> a [<span data-i18n="Add", 115494160711695823161718328679143297026, http://localhost:3001/wallets
115494160711695823161718328679143297026, None, 115494160711695823161718328679143297026, http://localhost:3001/wallets
115494160711695823161718328679143297026, 12549387572312034662595380537530510228 -> a [<span class="glyphicon glyphicon-ok", 115494160711695823161718328679143297026, http://localhost:3001/wallets
115494160711695823161718328679143297026, 153531029165605745853254824383697339498 -> a ['\n', <div class="pull-right text-success transaction_amount", 285251835398051954436484139035595709409, http://localhost:3001/wallets/24
285251835398051954436484139035595709409, 300938307388621752250340407401666505920 -> form ['\n', <input class="form-control" data-i18nplaceholder="Describe expense and press Enter to add" id="add_transaction_text" placeholder="Describe expense and press Enter to add" type="text"/, 285251835398051954436484139035595709409, http://localhost:3001/wallets/24
285251835398051954436484139035595709409, 300938307388621752250340407401666505920 -> form ['\n', <input class="form-control" data-i18nplaceholder="Describe expense and press Enter to add" id="add_transaction_text" placeholder="Describe expense and press Enter to add" type="text"/, 285251835398051954436484139035595709409, http://localhost:3001/wallets/24
285251835398051954436484139035595709409, 51734587471318764320500906054182906819 -> a [<span data-i18n="set total to", 285251835398051954436484139035595709409, http://localhost:3001/wallets/24
285251835398051954436484139035595709409, 328680192326421016123013048610023517055 -> a [<span data-i18n="Wallets", 285251835398051954436484139035595709409, http://localhost:3001/wallets/24
285251835398051954436484139035595709409, 158009411471723493269880909046446417559 -> a [<span data-i18n="Set Goal", 285251835398051954436484139035595709409, http://localhost:3001/wallets/24
115494160711695823161718328679143297026, None, 115494160711695823161718328679143297026, http://localhost:3001/wallets
115494160711695823161718328679143297026, 153531029165605745853254824383697339498 -> a ['\n', <div class="pull-right text-success transaction_amount", 162218965633623443733153082008530338585, http://localhost:3001/wallets/24
115494160711695823161718328679143297026, None, 115494160711695823161718328679143297026, http://localhost:3001/wallets
115494160711695823161718328679143297026, 153531029165605745853254824383697339498 -> a ['\n', <div class="pull-right text-success transaction_amount", 63863730865592199227213216291044088808, http://localhost:3001/wallets/24
63863730865592199227213216291044088808, 51734587471318764320500906054182906819 -> a [<span data-i18n="set total to", 285251835398051954436484139035595709409, http://localhost:3001/wallets/24
285251835398051954436484139035595709409, 164770504787406092505723908950430241986 -> button ['×']{'type': 'button', 'data-dismiss': 'modal', 'aria-hidden': 'true'}, 285251835398051954436484139035595709409, http://localhost:3001/wallets/24
285251835398051954436484139035595709409, 290997046537929317093204731951347912223 -> form ['\n', <fieldset, 285251835398051954436484139035595709409, http://localhost:3001/wallets/24
285251835398051954436484139035595709409, 290997046537929317093204731951347912223 -> form ['\n', <fieldset, 285251835398051954436484139035595709409, http://localhost:3001/wallets/24
285251835398051954436484139035595709409, 290997046537929317093204731951347912223 -> form ['\n', <fieldset, 285251835398051954436484139035595709409, http://localhost:3001/wallets/24
285251835398051954436484139035595709409, 290997046537929317093204731951347912223 -> form ['\n', <fieldset, 285251835398051954436484139035595709409, http://localhost:3001/wallets/24
285251835398051954436484139035595709409, 164770504787406092505723908950430241986 -> button ['×']{'type': 'button', 'data-dismiss': 'modal', 'aria-hidden': 'true'}, 285251835398051954436484139035595709409, http://localhost:3001/wallets/24
115494160711695823161718328679143297026, None, 115494160711695823161718328679143297026, http://localhost:3001/wallets
115494160711695823161718328679143297026, 153531029165605745853254824383697339498 -> a ['\n', <div class="pull-right text-success transaction_amount", 337249570900502079722920905074631322896, http://localhost:3001/wallets/24
337249570900502079722920905074631322896, 51734587471318764320500906054182906819 -> a [<span data-i18n="set total to", 285251835398051954436484139035595709409, http://localhost:3001/wallets/24
285251835398051954436484139035595709409, 164770504787406092505723908950430241986 -> button ['×']{'type': 'button', 'data-dismiss': 'modal', 'aria-hidden': 'true'}, 285251835398051954436484139035595709409, http://localhost:3001/wallets/24
285251835398051954436484139035595709409, 290997046537929317093204731951347912223 -> form ['\n', <fieldset, 285251835398051954436484139035595709409, http://localhost:3001/wallets/24
285251835398051954436484139035595709409, 290997046537929317093204731951347912223 -> form ['\n', <fieldset, 285251835398051954436484139035595709409, http://localhost:3001/wallets/24
285251835398051954436484139035595709409, 290997046537929317093204731951347912223 -> form ['\n', <fieldset, 285251835398051954436484139035595709409, http://localhost:3001/wallets/24
285251835398051954436484139035595709409, 164770504787406092505723908950430241986 -> button ['×']{'type': 'button', 'data-dismiss': 'modal', 'aria-hidden': 'true'}, 285251835398051954436484139035595709409, http://localhost:3001/wallets/24
285251835398051954436484139035595709409, 164770504787406092505723908950430241986 -> button ['×']{'type': 'button', 'data-dismiss': 'modal', 'aria-hidden': 'true'}, 285251835398051954436484139035595709409, http://localhost:3001/wallets/24
115494160711695823161718328679143297026, None, 115494160711695823161718328679143297026, http://localhost:3001/wallets
115494160711695823161718328679143297026, 153531029165605745853254824383697339498 -> a ['\n', <div class="pull-right text-success transaction_amount", 92532664847511535800676123226629715129, http://localhost:3001/wallets/24
92532664847511535800676123226629715129, 44185107153204758343650692594995890343 -> a [<span aria-hidden="true" class="glyphicon glyphicon-import", 233344044304032963364251464701414686811, http://localhost:3001/wallets/24/import
233344044304032963364251464701414686811, 211529172816946856896018388012172770514 -> input []{'type': 'button', 'value': 'Select file', 'data-loading-text': 'Uploading...', 'data-invalue': 'Select file'}, 233344044304032963364251464701414686811, http://localhost:3001/wallets/24/import
115494160711695823161718328679143297026, None, 115494160711695823161718328679143297026, http://localhost:3001/wallets
115494160711695823161718328679143297026, 153531029165605745853254824383697339498 -> a ['\n', <div class="pull-right text-success transaction_amount", 180932366496435231982260620746976632278, http://localhost:3001/wallets/24
180932366496435231982260620746976632278, 51734587471318764320500906054182906819 -> a [<span data-i18n="set total to", 285251835398051954436484139035595709409, http://localhost:3001/wallets/24
285251835398051954436484139035595709409, 290997046537929317093204731951347912223 -> form ['\n', <fieldset, 285251835398051954436484139035595709409, http://localhost:3001/wallets/24
285251835398051954436484139035595709409, 164770504787406092505723908950430241986 -> button ['×']{'type': 'button', 'data-dismiss': 'modal', 'aria-hidden': 'true'}, 285251835398051954436484139035595709409, http://localhost:3001/wallets/24
285251835398051954436484139035595709409, 164770504787406092505723908950430241986 -> button ['×']{'type': 'button', 'data-dismiss': 'modal', 'aria-hidden': 'true'}, 285251835398051954436484139035595709409, http://localhost:3001/wallets/24
285251835398051954436484139035595709409, 164770504787406092505723908950430241986 -> button ['×']{'type': 'button', 'data-dismiss': 'modal', 'aria-hidden': 'true'}, 285251835398051954436484139035595709409, http://localhost:3001/wallets/24
285251835398051954436484139035595709409, 164770504787406092505723908950430241986 -> button ['×']{'type': 'button', 'data-dismiss': 'modal', 'aria-hidden': 'true'}, 285251835398051954436484139035595709409, http://localhost:3001/wallets/24
285251835398051954436484139035595709409, 290997046537929317093204731951347912223 -> form ['\n', <fieldset, 285251835398051954436484139035595709409, http://localhost:3001/wallets/24
115494160711695823161718328679143297026, None, 115494160711695823161718328679143297026, http://localhost:3001/wallets
115494160711695823161718328679143297026, 153531029165605745853254824383697339498 -> a ['\n', <div class="pull-right text-success transaction_amount", 285251835398051954436484139035595709409, http://localhost:3001/wallets/24
285251835398051954436484139035595709409, 44185107153204758343650692594995890343 -> a [<span aria-hidden="true" class="glyphicon glyphicon-import", 233344044304032963364251464701414686811, http://localhost:3001/wallets/24/import
115494160711695823161718328679143297026, None, 115494160711695823161718328679143297026, http://localhost:3001/wallets
115494160711695823161718328679143297026, 153531029165605745853254824383697339498 -> a ['\n', <div class="pull-right text-success transaction_amount", 285251835398051954436484139035595709409, http://localhost:3001/wallets/24
285251835398051954436484139035595709409, 40033767128550119556758792738972518504 -> button [<span data-i18n="Add Income", 285251835398051954436484139035595709409, http://localhost:3001/wallets/24
285251835398051954436484139035595709409, 40033767128550119556758792738972518504 -> button [<span data-i18n="Add Income", 285251835398051954436484139035595709409, http://localhost:3001/wallets/24
285251835398051954436484139035595709409, 158009411471723493269880909046446417559 -> a [<span data-i18n="Set Goal", 285251835398051954436484139035595709409, http://localhost:3001/wallets/24
285251835398051954436484139035595709409, 158009411471723493269880909046446417559 -> a [<span data-i18n="Set Goal", 67239249267178698730461277169391379263, http://localhost:3001/wallets
115494160711695823161718328679143297026, None, 115494160711695823161718328679143297026, http://localhost:3001/wallets
115494160711695823161718328679143297026, 153531029165605745853254824383697339498 -> a ['\n', <div class="pull-right text-success transaction_amount", 285251835398051954436484139035595709409, http://localhost:3001/wallets/24
285251835398051954436484139035595709409, 40033767128550119556758792738972518504 -> button [<span data-i18n="Add Income", 285251835398051954436484139035595709409, http://localhost:3001/wallets/24
285251835398051954436484139035595709409, 332632648636535438633633310846405598435 -> button ['\n', <span aria-hidden="true" class="glyphicon glyphicon-chevron-down", 285251835398051954436484139035595709409, http://localhost:3001/wallets/24
115494160711695823161718328679143297026, None, 115494160711695823161718328679143297026, http://localhost:3001/wallets
115494160711695823161718328679143297026, 5608938641747884300044405205556053003 -> button [<span class="glyphicon glyphicon-user", 115494160711695823161718328679143297026, http://localhost:3001/wallets
115494160711695823161718328679143297026, 59033961675128415164332924159931931082 -> button [<span class="glyphicon glyphicon-pencil", 115494160711695823161718328679143297026, http://localhost:3001/wallets
115494160711695823161718328679143297026, 69261900354377929876421606824271450118 -> a [<span aria-hidden="true" class="glyphicon glyphicon-globe", 115494160711695823161718328679143297026, http://localhost:3001/wallets
115494160711695823161718328679143297026, 209638118784994731842872023555060259766 -> a ['Log Out']{'href': '/user/logout', 'data-in': 'Log Out'}, 16830507283689328036876064570522204332, http://localhost:3001/
16830507283689328036876064570522204332, 75056642720997424365806452209120460192 -> a ['Sign In']{'href': '/user/signin', 'data-in': 'Sign In'}, 16830507283689328036876064570522204332, http://localhost:3001/
16830507283689328036876064570522204332, 136504310823099385748378508891970664617 -> a []{'href': 'http://localhost:3001/images/homepage/screenshots/i18n.jpg', 'id': 'image-link-', 'style': "background-image: url('http://localhost:/images/homepage/screenshots/in.jpg');"}, 16830507283689328036876064570522204332, http://localhost:3001/
16830507283689328036876064570522204332, 280553687692852780123066102917098299601 -> a []{'href': 'http://localhost:3001/images/homepage/screenshots/wallets.jpg', 'id': 'image-link-wallets', 'style': "background-image: url('http://localhost:/images/homepage/screenshots/wallets.jpg');"}, 16830507283689328036876064570522204332, http://localhost:3001/
16830507283689328036876064570522204332, 53030406825762545276438289970305043077 -> a ['Home']{'href': '/', 'data-in': 'Home'}, 16830507283689328036876064570522204332, http://localhost:3001/
77659574643383717146484374309974862090, None, 77659574643383717146484374309974862090, http://localhost:3001/
77659574643383717146484374309974862090, 69261900354377929876421606824271450118 -> a [<span aria-hidden="true" class="glyphicon glyphicon-globe", 120042711704540744062249797499918035067, http://localhost:3001/wallets/
120042711704540744062249797499918035067, 75973569867143580563397877782352499845 -> a ['Goals']{'href': '/plans', 'data-in': 'Goals'}, 122236515637894883081604487671356608351, http://localhost:3001/wallets
122236515637894883081604487671356608351, 320174147126102010907134653534871470777 -> button [<span class="glyphicon glyphicon-trash", 122236515637894883081604487671356608351, http://localhost:3001/wallets
122236515637894883081604487671356608351, 92771657680496586414361268141351491274 -> a [<span class="glyphicon glyphicon-share-alt", 122236515637894883081604487671356608351, http://localhost:3001/wallets
122236515637894883081604487671356608351, 12549387572312034662595380537530510228 -> a [<span class="glyphicon glyphicon-ok", 122236515637894883081604487671356608351, http://localhost:3001/wallets
186795709153210448026512445234810520805, None, 186795709153210448026512445234810520805, http://localhost:3001/wallets
186795709153210448026512445234810520805, None, 186795709153210448026512445234810520805, http://localhost:3001/wallets
186795709153210448026512445234810520805, None, 186795709153210448026512445234810520805, http://localhost:3001/wallets
186795709153210448026512445234810520805, 320174147126102010907134653534871470777 -> button [<span class="glyphicon glyphicon-trash", 186795709153210448026512445234810520805, http://localhost:3001/wallets
186795709153210448026512445234810520805, 207847107984460188533312753476396637913 -> a [<span class="glyphicon glyphicon-user", 186795709153210448026512445234810520805, http://localhost:3001/wallets
186795709153210448026512445234810520805, 59033961675128415164332924159931931082 -> button [<span class="glyphicon glyphicon-pencil", 161506070751905864499390122357867492011, http://localhost:3001/wallets
161506070751905864499390122357867492011, 164770504787406092505723908950430241986 -> button ['×']{'type': 'button', 'data-dismiss': 'modal', 'aria-hidden': 'true'}, 186795709153210448026512445234810520805, http://localhost:3001/wallets
186795709153210448026512445234810520805, None, 186795709153210448026512445234810520805, http://localhost:3001/wallets
186795709153210448026512445234810520805, 205911053392441145155640008213943745727 -> a [<span class="glyphicon glyphicon-ok", 186795709153210448026512445234810520805, http://localhost:3001/wallets
186795709153210448026512445234810520805, 5608938641747884300044405205556053003 -> button [<span class="glyphicon glyphicon-user", 186795709153210448026512445234810520805, http://localhost:3001/wallets
186795709153210448026512445234810520805, 69261900354377929876421606824271450118 -> a [<span aria-hidden="true" class="glyphicon glyphicon-globe", 186795709153210448026512445234810520805, http://localhost:3001/wallets
186795709153210448026512445234810520805, None, 186795709153210448026512445234810520805, http://localhost:3001/wallets
186795709153210448026512445234810520805, 306367180818862254594396184320625734176 -> a ['\n', <div class="pull-right text-success transaction_amount", 155147057113916389336613263654137239311, http://localhost:3001/wallets/25
155147057113916389336613263654137239311, 300938307388621752250340407401666505920 -> form ['\n', <input class="form-control" data-i18nplaceholder="Describe expense and press Enter to add" id="add_transaction_text" placeholder="Describe expense and press Enter to add" type="text"/, 155147057113916389336613263654137239311, http://localhost:3001/wallets/25
155147057113916389336613263654137239311, 300938307388621752250340407401666505920 -> form ['\n', <input class="form-control" data-i18nplaceholder="Describe expense and press Enter to add" id="add_transaction_text" placeholder="Describe expense and press Enter to add" type="text"/, 155147057113916389336613263654137239311, http://localhost:3001/wallets/25
186795709153210448026512445234810520805, None, 186795709153210448026512445234810520805, http://localhost:3001/wallets
186795709153210448026512445234810520805, 306367180818862254594396184320625734176 -> a ['\n', <div class="pull-right text-success transaction_amount", 155147057113916389336613263654137239311, http://localhost:3001/wallets/25
155147057113916389336613263654137239311, 68633613315269370363858907756925045120 -> a [<span aria-hidden="true" class="glyphicon glyphicon-import", 187242139063839673961377290544088907098, http://localhost:3001/wallets/25/import
186795709153210448026512445234810520805, None, 186795709153210448026512445234810520805, http://localhost:3001/wallets
186795709153210448026512445234810520805, 306367180818862254594396184320625734176 -> a ['\n', <div class="pull-right text-success transaction_amount", 155147057113916389336613263654137239311, http://localhost:3001/wallets/25
155147057113916389336613263654137239311, 68633613315269370363858907756925045120 -> a [<span aria-hidden="true" class="glyphicon glyphicon-import", 187242139063839673961377290544088907098, http://localhost:3001/wallets/25/import
187242139063839673961377290544088907098, 211529172816946856896018388012172770514 -> input []{'type': 'button', 'value': 'Select file', 'data-loading-text': 'Uploading...', 'data-invalue': 'Select file'}, 187242139063839673961377290544088907098, http://localhost:3001/wallets/25/import
187242139063839673961377290544088907098, 211529172816946856896018388012172770514 -> input []{'type': 'button', 'value': 'Select file', 'data-loading-text': 'Uploading...', 'data-invalue': 'Select file'}, 187242139063839673961377290544088907098, http://localhost:3001/wallets/25/import
187242139063839673961377290544088907098, 211529172816946856896018388012172770514 -> input []{'type': 'button', 'value': 'Select file', 'data-loading-text': 'Uploading...', 'data-invalue': 'Select file'}, 187242139063839673961377290544088907098, http://localhost:3001/wallets/25/import
186795709153210448026512445234810520805, None, 186795709153210448026512445234810520805, http://localhost:3001/wallets
186795709153210448026512445234810520805, 306367180818862254594396184320625734176 -> a ['\n', <div class="pull-right text-success transaction_amount", 155147057113916389336613263654137239311, http://localhost:3001/wallets/25
155147057113916389336613263654137239311, 68633613315269370363858907756925045120 -> a [<span aria-hidden="true" class="glyphicon glyphicon-import", 187242139063839673961377290544088907098, http://localhost:3001/wallets/25/import
187242139063839673961377290544088907098, 211529172816946856896018388012172770514 -> input []{'type': 'button', 'value': 'Select file', 'data-loading-text': 'Uploading...', 'data-invalue': 'Select file'}, 187242139063839673961377290544088907098, http://localhost:3001/wallets/25/import
187242139063839673961377290544088907098, 211529172816946856896018388012172770514 -> input []{'type': 'button', 'value': 'Select file', 'data-loading-text': 'Uploading...', 'data-invalue': 'Select file'}, 187242139063839673961377290544088907098, http://localhost:3001/wallets/25/import
186795709153210448026512445234810520805, None, 186795709153210448026512445234810520805, http://localhost:3001/wallets
186795709153210448026512445234810520805, 306367180818862254594396184320625734176 -> a ['\n', <div class="pull-right text-success transaction_amount", 155147057113916389336613263654137239311, http://localhost:3001/wallets/25
155147057113916389336613263654137239311, 332632648636535438633633310846405598435 -> button ['\n', <span aria-hidden="true" class="glyphicon glyphicon-chevron-down", 155147057113916389336613263654137239311, http://localhost:3001/wallets/25
155147057113916389336613263654137239311, 51734587471318764320500906054182906819 -> a [<span data-i18n="set total to", 250633933744711311169170764074932922182, http://localhost:3001/wallets/25
250633933744711311169170764074932922182, 164770504787406092505723908950430241986 -> button ['×']{'type': 'button', 'data-dismiss': 'modal', 'aria-hidden': 'true'}, 250633933744711311169170764074932922182, http://localhost:3001/wallets/25
250633933744711311169170764074932922182, 290997046537929317093204731951347912223 -> form ['\n', <fieldset, 250633933744711311169170764074932922182, http://localhost:3001/wallets/25
250633933744711311169170764074932922182, 290997046537929317093204731951347912223 -> form ['\n', <fieldset, 250633933744711311169170764074932922182, http://localhost:3001/wallets/25
186795709153210448026512445234810520805, None, 186795709153210448026512445234810520805, http://localhost:3001/wallets
186795709153210448026512445234810520805, 306367180818862254594396184320625734176 -> a ['\n', <div class="pull-right text-success transaction_amount", 155147057113916389336613263654137239311, http://localhost:3001/wallets/25
155147057113916389336613263654137239311, 51734587471318764320500906054182906819 -> a [<span data-i18n="set total to", 155147057113916389336613263654137239311, http://localhost:3001/wallets/25
155147057113916389336613263654137239311, 40033767128550119556758792738972518504 -> button [<span data-i18n="Add Income", 155147057113916389336613263654137239311, http://localhost:3001/wallets/25
155147057113916389336613263654137239311, 158009411471723493269880909046446417559 -> a [<span data-i18n="Set Goal", 67239249267178698730461277169391379263, http://localhost:3001/wallets
186795709153210448026512445234810520805, None, 186795709153210448026512445234810520805, http://localhost:3001/wallets
186795709153210448026512445234810520805, 306367180818862254594396184320625734176 -> a ['\n', <div class="pull-right text-success transaction_amount", 155147057113916389336613263654137239311, http://localhost:3001/wallets/25
155147057113916389336613263654137239311, 300938307388621752250340407401666505920 -> form ['\n', <input class="form-control" data-i18nplaceholder="Describe expense and press Enter to add" id="add_transaction_text" placeholder="Describe expense and press Enter to add" type="text"/, 155147057113916389336613263654137239311, http://localhost:3001/wallets/25
155147057113916389336613263654137239311, 332632648636535438633633310846405598435 -> button ['\n', <span aria-hidden="true" class="glyphicon glyphicon-chevron-down", 155147057113916389336613263654137239311, http://localhost:3001/wallets/25
155147057113916389336613263654137239311, 332632648636535438633633310846405598435 -> button ['\n', <span aria-hidden="true" class="glyphicon glyphicon-chevron-down", 250633933744711311169170764074932922182, http://localhost:3001/wallets/25
186795709153210448026512445234810520805, None, 186795709153210448026512445234810520805, http://localhost:3001/wallets
186795709153210448026512445234810520805, 12549387572312034662595380537530510228 -> a [<span class="glyphicon glyphicon-ok", 186795709153210448026512445234810520805, http://localhost:3001/wallets
186795709153210448026512445234810520805, 277712453453955741677905488786830410505 -> a ['Contact']{'href': 'mailto:jeka911@gmail.com?subject=Wallet', 'data-in': 'Contact'}, 186795709153210448026512445234810520805, http://localhost:3001/wallets
186795709153210448026512445234810520805, 186037210004141989051388640614981630902 -> a ['Settings']{'href': '/profile', 'data-in': 'Settings'}, 193855894468930538864165282312256928358, http://localhost:3001/profile
193855894468930538864165282312256928358, 109900342370374619712692107935887661741 -> a [<span class="glyphicon glyphicon-trash", 104956109460716074744859037402039982850, http://localhost:3001/profile#
104956109460716074744859037402039982850, 145633068536459322312414860502993133376 -> a [<span data-i18n="Log Out", 104697402886576868678798032013257024063, http://localhost:3001/
104697402886576868678798032013257024063, 53030406825762545276438289970305043077 -> a ['Home']{'href': '/', 'data-in': 'Home'}, 104697402886576868678798032013257024063, http://localhost:3001/
104697402886576868678798032013257024063, 75056642720997424365806452209120460192 -> a ['Sign In']{'href': '/user/signin', 'data-in': 'Sign In'}, 104697402886576868678798032013257024063, http://localhost:3001/
104697402886576868678798032013257024063, 53030406825762545276438289970305043077 -> a ['Home']{'href': '/', 'data-in': 'Home'}, 104697402886576868678798032013257024063, http://localhost:3001/
77659574643383717146484374309974862090, None, 77659574643383717146484374309974862090, http://localhost:3001/
77659574643383717146484374309974862090, 69261900354377929876421606824271450118 -> a [<span aria-hidden="true" class="glyphicon glyphicon-globe", 120042711704540744062249797499918035067, http://localhost:3001/wallets/
120042711704540744062249797499918035067, 75973569867143580563397877782352499845 -> a ['Goals']{'href': '/plans', 'data-in': 'Goals'}, 62853692815351469018534292090208591652, http://localhost:3001/wallets
62853692815351469018534292090208591652, 336145394240353959266535772156875663398 -> a [<span data-i18n="Add", 22320603132720638781368954007086203723, http://localhost:3001/wallets
22320603132720638781368954007086203723, 289851895214228692739718504201674297695 -> option ['Afghan Afghani']{'value': 'AFN'}, 22320603132720638781368954007086203723, http://localhost:3001/wallets
22320603132720638781368954007086203723, 52430776314973270160166886406622674883 -> form ['\n', <fieldset, 22320603132720638781368954007086203723, http://localhost:3001/wallets
22320603132720638781368954007086203723, 52430776314973270160166886406622674883 -> form ['\n', <fieldset, 112587912245594329512458461518763908538, http://localhost:3001/wallets
112587912245594329512458461518763908538, 198335818370244601606841397878675594661 -> a ['\n', <div class="pull-right text-success transaction_amount", 204967043471440811345165265185647173359, http://localhost:3001/wallets/29
204967043471440811345165265185647173359, 300938307388621752250340407401666505920 -> form ['\n', <input class="form-control" data-i18nplaceholder="Describe expense and press Enter to add" id="add_transaction_text" placeholder="Describe expense and press Enter to add" type="text"/, 204967043471440811345165265185647173359, http://localhost:3001/wallets/29
275744867068246711667547598792050817842, None, 275744867068246711667547598792050817842, http://localhost:3001/wallets
