2022-05-25 15:17:14 WARNING  Starting
2022-05-25 15:17:14 ERROR    Failure: http://localhost:3001/ -> net::ERR_CONNECTION_REFUSED
2022-05-25 15:17:14 ERROR    Failure: http://localhost:3001/ -> Failed to load resource: net::ERR_CONNECTION_REFUSED
2022-05-25 15:17:18 ERROR    Failure: http://localhost:3001/ -> net::ERR_CONNECTION_REFUSED
2022-05-25 15:17:18 ERROR    Failure: http://localhost:3001/ -> Failed to load resource: net::ERR_CONNECTION_REFUSED
2022-05-25 15:17:22 ERROR    Failure: http://localhost:3001/ -> net::ERR_CONNECTION_REFUSED
2022-05-25 15:17:22 ERROR    Failure: http://localhost:3001/ -> Failed to load resource: net::ERR_CONNECTION_REFUSED
2022-05-25 15:17:26 ERROR    Failure: http://localhost:3001/ -> net::ERR_CONNECTION_REFUSED
2022-05-25 15:17:26 ERROR    Failure: http://localhost:3001/ -> Failed to load resource: net::ERR_CONNECTION_REFUSED
2022-05-25 15:17:30 ERROR    Failure: http://localhost:3001/ -> net::ERR_CONNECTION_REFUSED
2022-05-25 15:17:30 ERROR    Failure: http://localhost:3001/ -> Failed to load resource: net::ERR_CONNECTION_REFUSED
2022-05-25 15:17:34 ERROR    Failure: http://localhost:3001/ -> net::ERR_CONNECTION_REFUSED
2022-05-25 15:17:34 ERROR    Failure: http://localhost:3001/ -> Failed to load resource: net::ERR_CONNECTION_REFUSED
2022-05-25 15:17:43 ERROR    Failure: http://localhost:3001/ -> net::ERR_CONNECTION_REFUSED
2022-05-25 15:17:43 ERROR    Failure: http://localhost:3001/ -> Failed to load resource: net::ERR_CONNECTION_REFUSED
2022-05-25 15:17:49 ERROR    Failure: http://localhost:3001/ -> net::ERR_CONNECTION_REFUSED
2022-05-25 15:17:49 ERROR    Failure: http://localhost:3001/ -> Failed to load resource: net::ERR_CONNECTION_REFUSED
2022-05-25 15:18:00 ERROR    Failure: http://localhost:3001/ -> net::ERR_CONNECTION_REFUSED
2022-05-25 15:18:00 ERROR    Failure: http://localhost:3001/ -> Failed to load resource: net::ERR_CONNECTION_REFUSED
2022-05-25 15:18:05 ERROR    Failure: http://localhost:3001/ -> net::ERR_CONNECTION_REFUSED
2022-05-25 15:18:05 ERROR    Failure: http://localhost:3001/ -> Failed to load resource: net::ERR_CONNECTION_REFUSED
2022-05-25 15:18:10 ERROR    Failure: http://localhost:3001/ -> net::ERR_CONNECTION_REFUSED
2022-05-25 15:18:10 ERROR    Failure: http://localhost:3001/ -> Failed to load resource: net::ERR_CONNECTION_REFUSED
2022-05-25 15:18:16 ERROR    Failure: http://localhost:3001/ -> net::ERR_CONNECTION_REFUSED
2022-05-25 15:18:16 ERROR    Failure: http://localhost:3001/ -> Failed to load resource: net::ERR_CONNECTION_REFUSED
2022-05-25 15:18:21 ERROR    Failure: http://localhost:3001/ -> net::ERR_CONNECTION_REFUSED
2022-05-25 15:18:21 ERROR    Failure: http://localhost:3001/ -> Failed to load resource: net::ERR_CONNECTION_REFUSED
2022-05-25 15:18:26 ERROR    Failure: http://localhost:3001/ -> net::ERR_CONNECTION_REFUSED
2022-05-25 15:18:26 ERROR    Failure: http://localhost:3001/ -> Failed to load resource: net::ERR_CONNECTION_REFUSED
2022-05-25 15:18:32 ERROR    Failure: http://localhost:3001/ -> net::ERR_CONNECTION_REFUSED
2022-05-25 15:18:32 ERROR    Failure: http://localhost:3001/ -> Failed to load resource: net::ERR_CONNECTION_REFUSED
2022-05-25 15:18:38 ERROR    Failure: http://localhost:3001/ -> net::ERR_CONNECTION_REFUSED
2022-05-25 15:18:38 ERROR    Failure: http://localhost:3001/ -> Failed to load resource: net::ERR_CONNECTION_REFUSED
2022-05-25 15:18:49 ERROR    Failure: http://localhost:3001/ -> net::ERR_CONNECTION_REFUSED
2022-05-25 15:18:49 ERROR    Failure: http://localhost:3001/ -> Failed to load resource: net::ERR_CONNECTION_REFUSED
2022-05-25 15:18:53 ERROR    Failure: http://localhost:3001/ -> net::ERR_CONNECTION_REFUSED
2022-05-25 15:18:53 ERROR    Failure: http://localhost:3001/ -> Failed to load resource: net::ERR_CONNECTION_REFUSED
2022-05-25 15:18:57 ERROR    Failure: http://localhost:3001/ -> net::ERR_CONNECTION_REFUSED
2022-05-25 15:18:57 ERROR    Failure: http://localhost:3001/ -> Failed to load resource: net::ERR_CONNECTION_REFUSED
2022-05-25 15:19:02 ERROR    Failure: http://localhost:3001/ -> net::ERR_CONNECTION_REFUSED
2022-05-25 15:19:02 ERROR    Failure: http://localhost:3001/ -> Failed to load resource: net::ERR_CONNECTION_REFUSED
2022-05-25 15:19:07 ERROR    Failure: http://localhost:3001/ -> net::ERR_CONNECTION_REFUSED
2022-05-25 15:19:07 ERROR    Failure: http://localhost:3001/ -> Failed to load resource: net::ERR_CONNECTION_REFUSED
2022-05-25 15:19:13 ERROR    Failure: http://localhost:3001/ -> net::ERR_CONNECTION_REFUSED
2022-05-25 15:19:13 ERROR    Failure: http://localhost:3001/ -> Failed to load resource: net::ERR_CONNECTION_REFUSED
2022-05-25 15:19:17 ERROR    Failure: http://localhost:3001/ -> net::ERR_CONNECTION_REFUSED
2022-05-25 15:19:17 ERROR    Failure: http://localhost:3001/ -> Failed to load resource: net::ERR_CONNECTION_REFUSED
2022-05-25 15:19:29 ERROR    Failure: http://localhost:3001/ -> net::ERR_CONNECTION_REFUSED
2022-05-25 15:19:29 ERROR    Failure: http://localhost:3001/ -> Failed to load resource: net::ERR_CONNECTION_REFUSED
2022-05-25 15:19:33 ERROR    Failure: http://localhost:3001/ -> net::ERR_CONNECTION_REFUSED
2022-05-25 15:19:33 ERROR    Failure: http://localhost:3001/ -> Failed to load resource: net::ERR_CONNECTION_REFUSED
2022-05-25 15:19:39 ERROR    Failure: http://localhost:3001/ -> net::ERR_CONNECTION_REFUSED
2022-05-25 15:19:39 ERROR    Failure: http://localhost:3001/ -> Failed to load resource: net::ERR_CONNECTION_REFUSED
2022-05-25 15:19:44 ERROR    Failure: http://localhost:3001/ -> net::ERR_CONNECTION_REFUSED
2022-05-25 15:19:44 ERROR    Failure: http://localhost:3001/ -> Failed to load resource: net::ERR_CONNECTION_REFUSED
2022-05-25 15:19:49 ERROR    Failure: http://localhost:3001/ -> net::ERR_CONNECTION_REFUSED
2022-05-25 15:19:49 ERROR    Failure: http://localhost:3001/ -> Failed to load resource: net::ERR_CONNECTION_REFUSED
2022-05-25 15:19:52 ERROR    Failure: http://localhost:3001/wallets -> net::ERR_ABORTED
2022-05-25 15:19:58 ERROR    Failure: http://localhost:3001/ -> net::ERR_CONNECTION_REFUSED
2022-05-25 15:19:58 ERROR    Failure: http://localhost:3001/ -> Failed to load resource: net::ERR_CONNECTION_REFUSED
2022-05-25 15:20:01 ERROR    Failure: http://localhost:3001/ -> net::ERR_CONNECTION_REFUSED
2022-05-25 15:20:01 ERROR    Failure: http://localhost:3001/ -> Failed to load resource: net::ERR_CONNECTION_REFUSED
2022-05-25 15:20:07 ERROR    Failure: http://localhost:3001/ -> net::ERR_CONNECTION_REFUSED
2022-05-25 15:20:07 ERROR    Failure: http://localhost:3001/ -> Failed to load resource: net::ERR_CONNECTION_REFUSED
2022-05-25 15:20:11 ERROR    Failure: http://localhost:3001/ -> net::ERR_CONNECTION_REFUSED
2022-05-25 15:20:11 ERROR    Failure: http://localhost:3001/ -> Failed to load resource: net::ERR_CONNECTION_REFUSED
2022-05-25 15:20:16 ERROR    Failure: http://localhost:3001/ -> net::ERR_CONNECTION_REFUSED
2022-05-25 15:20:16 ERROR    Failure: http://localhost:3001/ -> Failed to load resource: net::ERR_CONNECTION_REFUSED
2022-05-25 15:20:22 ERROR    Failure: http://localhost:3001/ -> net::ERR_CONNECTION_REFUSED
2022-05-25 15:20:22 ERROR    Failure: http://localhost:3001/ -> Failed to load resource: net::ERR_CONNECTION_REFUSED
2022-05-25 15:20:30 ERROR    Failure: http://localhost:3001/ -> net::ERR_CONNECTION_REFUSED
2022-05-25 15:20:30 ERROR    Failure: http://localhost:3001/ -> Failed to load resource: net::ERR_CONNECTION_REFUSED
2022-05-25 15:20:35 ERROR    Failure: http://localhost:3001/ -> net::ERR_CONNECTION_REFUSED
2022-05-25 15:20:35 ERROR    Failure: http://localhost:3001/ -> Failed to load resource: net::ERR_CONNECTION_REFUSED
2022-05-25 15:20:43 ERROR    Failure: http://localhost:3001/ -> net::ERR_CONNECTION_REFUSED
2022-05-25 15:20:43 ERROR    Failure: http://localhost:3001/ -> Failed to load resource: net::ERR_CONNECTION_REFUSED
2022-05-25 15:20:49 ERROR    Failure: http://localhost:3001/ -> net::ERR_CONNECTION_REFUSED
2022-05-25 15:20:49 ERROR    Failure: http://localhost:3001/ -> Failed to load resource: net::ERR_CONNECTION_REFUSED
2022-05-25 15:21:01 ERROR    Failure: http://localhost:3001/ -> net::ERR_CONNECTION_REFUSED
2022-05-25 15:21:01 ERROR    Failure: http://localhost:3001/ -> Failed to load resource: net::ERR_CONNECTION_REFUSED
2022-05-25 15:21:05 ERROR    Failure: http://localhost:3001/ -> net::ERR_CONNECTION_REFUSED
2022-05-25 15:21:05 ERROR    Failure: http://localhost:3001/ -> Failed to load resource: net::ERR_CONNECTION_REFUSED
2022-05-25 15:21:09 ERROR    Failure: http://localhost:3001/wallets -> net::ERR_NAME_NOT_RESOLVED
2022-05-25 15:21:09 ERROR    Failure: http://localhost:3001/ -> net::ERR_CONNECTION_REFUSED
2022-05-25 15:21:09 ERROR    Failure: http://localhost:3001/ -> Failed to load resource: net::ERR_CONNECTION_REFUSED
2022-05-25 15:21:17 ERROR    Failure: http://localhost:3001/ -> net::ERR_CONNECTION_REFUSED
2022-05-25 15:21:17 ERROR    Failure: http://localhost:3001/ -> Failed to load resource: net::ERR_CONNECTION_REFUSED
2022-05-25 15:21:22 ERROR    Failure: http://localhost:3001/ -> net::ERR_CONNECTION_REFUSED
2022-05-25 15:21:22 ERROR    Failure: http://localhost:3001/ -> Failed to load resource: net::ERR_CONNECTION_REFUSED
2022-05-25 15:21:29 ERROR    Failure: http://localhost:3001/ -> net::ERR_CONNECTION_REFUSED
2022-05-25 15:21:29 ERROR    Failure: http://localhost:3001/ -> Failed to load resource: net::ERR_CONNECTION_REFUSED
2022-05-25 15:21:37 ERROR    Failure: http://localhost:3001/ -> net::ERR_CONNECTION_REFUSED
2022-05-25 15:21:37 ERROR    Failure: http://localhost:3001/ -> Failed to load resource: net::ERR_CONNECTION_REFUSED
2022-05-25 15:21:44 ERROR    Failure: http://localhost:3001/ -> net::ERR_CONNECTION_REFUSED
2022-05-25 15:21:44 ERROR    Failure: http://localhost:3001/ -> Failed to load resource: net::ERR_CONNECTION_REFUSED
2022-05-25 15:21:50 ERROR    Failure: http://localhost:3001/ -> net::ERR_CONNECTION_REFUSED
2022-05-25 15:21:50 ERROR    Failure: http://localhost:3001/ -> Failed to load resource: net::ERR_CONNECTION_REFUSED
2022-05-25 15:21:56 ERROR    Failure: http://localhost:3001/ -> net::ERR_CONNECTION_REFUSED
2022-05-25 15:21:56 ERROR    Failure: http://localhost:3001/ -> Failed to load resource: net::ERR_CONNECTION_REFUSED
2022-05-25 15:22:08 ERROR    Failure: http://localhost:3001/ -> net::ERR_CONNECTION_REFUSED
2022-05-25 15:22:08 ERROR    Failure: http://localhost:3001/ -> Failed to load resource: net::ERR_CONNECTION_REFUSED
2022-05-25 15:22:12 ERROR    Failure: http://localhost:3001/ -> net::ERR_CONNECTION_REFUSED
2022-05-25 15:22:12 ERROR    Failure: http://localhost:3001/ -> Failed to load resource: net::ERR_CONNECTION_REFUSED
2022-05-25 15:22:17 ERROR    Failure: http://localhost:3001/ -> net::ERR_CONNECTION_REFUSED
2022-05-25 15:22:17 ERROR    Failure: http://localhost:3001/ -> Failed to load resource: net::ERR_CONNECTION_REFUSED
2022-05-25 15:22:25 ERROR    Failure: http://localhost:3001/ -> net::ERR_CONNECTION_REFUSED
2022-05-25 15:22:25 ERROR    Failure: http://localhost:3001/ -> Failed to load resource: net::ERR_CONNECTION_REFUSED
2022-05-25 15:22:32 ERROR    Failure: http://localhost:3001/ -> net::ERR_CONNECTION_REFUSED
2022-05-25 15:22:32 ERROR    Failure: http://localhost:3001/ -> Failed to load resource: net::ERR_CONNECTION_REFUSED
2022-05-25 15:22:39 ERROR    Failure: http://localhost:3001/ -> net::ERR_CONNECTION_REFUSED
2022-05-25 15:22:39 ERROR    Failure: http://localhost:3001/ -> Failed to load resource: net::ERR_CONNECTION_REFUSED
2022-05-25 15:22:46 ERROR    Failure: http://localhost:3001/ -> net::ERR_CONNECTION_REFUSED
2022-05-25 15:22:46 ERROR    Failure: http://localhost:3001/ -> Failed to load resource: net::ERR_CONNECTION_REFUSED
2022-05-25 15:22:53 ERROR    Failure: http://localhost:3001/ -> net::ERR_CONNECTION_REFUSED
2022-05-25 15:22:53 ERROR    Failure: http://localhost:3001/ -> Failed to load resource: net::ERR_CONNECTION_REFUSED
2022-05-25 15:23:00 ERROR    Failure: http://localhost:3001/ -> net::ERR_CONNECTION_REFUSED
2022-05-25 15:23:00 ERROR    Failure: http://localhost:3001/ -> Failed to load resource: net::ERR_CONNECTION_REFUSED
2022-05-25 15:23:08 ERROR    Failure: http://localhost:3001/ -> net::ERR_CONNECTION_REFUSED
2022-05-25 15:23:08 ERROR    Failure: http://localhost:3001/ -> Failed to load resource: net::ERR_CONNECTION_REFUSED
2022-05-25 15:23:14 ERROR    Failure: http://localhost:3001/ -> net::ERR_CONNECTION_REFUSED
2022-05-25 15:23:14 ERROR    Failure: http://localhost:3001/ -> Failed to load resource: net::ERR_CONNECTION_REFUSED
2022-05-25 15:23:22 ERROR    Failure: http://localhost:3001/ -> net::ERR_CONNECTION_REFUSED
2022-05-25 15:23:22 ERROR    Failure: http://localhost:3001/ -> Failed to load resource: net::ERR_CONNECTION_REFUSED
2022-05-25 15:23:27 ERROR    Failure: http://localhost:3001/ -> net::ERR_CONNECTION_REFUSED
2022-05-25 15:23:27 ERROR    Failure: http://localhost:3001/ -> Failed to load resource: net::ERR_CONNECTION_REFUSED
2022-05-25 15:23:33 ERROR    Failure: http://localhost:3001/ -> net::ERR_CONNECTION_REFUSED
2022-05-25 15:23:33 ERROR    Failure: http://localhost:3001/ -> Failed to load resource: net::ERR_CONNECTION_REFUSED
2022-05-25 15:23:37 ERROR    Failure: http://localhost:3001/ -> net::ERR_CONNECTION_REFUSED
2022-05-25 15:23:37 ERROR    Failure: http://localhost:3001/ -> Failed to load resource: net::ERR_CONNECTION_REFUSED
2022-05-25 15:23:40 ERROR    Failure: http://localhost:3001/wallets -> net::ERR_ABORTED
2022-05-25 15:23:47 ERROR    Failure: http://localhost:3001/ -> net::ERR_CONNECTION_REFUSED
2022-05-25 15:23:47 ERROR    Failure: http://localhost:3001/ -> Failed to load resource: net::ERR_CONNECTION_REFUSED
2022-05-25 15:23:50 ERROR    Failure: http://localhost:3001/ -> net::ERR_CONNECTION_REFUSED
2022-05-25 15:23:50 ERROR    Failure: http://localhost:3001/ -> Failed to load resource: net::ERR_CONNECTION_REFUSED
2022-05-25 15:23:53 ERROR    Failure: http://localhost:3001/wallets -> net::ERR_ABORTED
2022-05-25 15:23:57 ERROR    Failure: http://localhost:3001/ -> net::ERR_CONNECTION_REFUSED
2022-05-25 15:23:57 ERROR    Failure: http://localhost:3001/ -> Failed to load resource: net::ERR_CONNECTION_REFUSED
2022-05-25 15:24:05 ERROR    Failure: http://localhost:3001/ -> net::ERR_CONNECTION_REFUSED
2022-05-25 15:24:05 ERROR    Failure: http://localhost:3001/ -> Failed to load resource: net::ERR_CONNECTION_REFUSED
2022-05-25 15:24:09 ERROR    Failure: http://localhost:3001/ -> net::ERR_CONNECTION_REFUSED
2022-05-25 15:24:09 ERROR    Failure: http://localhost:3001/ -> Failed to load resource: net::ERR_CONNECTION_REFUSED
2022-05-25 15:24:14 ERROR    Failure: http://localhost:3001/ -> net::ERR_CONNECTION_REFUSED
2022-05-25 15:24:14 ERROR    Failure: http://localhost:3001/ -> Failed to load resource: net::ERR_CONNECTION_REFUSED
2022-05-25 15:24:18 ERROR    Failure: http://localhost:3001/ -> net::ERR_CONNECTION_REFUSED
2022-05-25 15:24:18 ERROR    Failure: http://localhost:3001/ -> Failed to load resource: net::ERR_CONNECTION_REFUSED
2022-05-25 15:24:22 ERROR    Failure: http://localhost:3001/ -> net::ERR_CONNECTION_REFUSED
2022-05-25 15:24:22 ERROR    Failure: http://localhost:3001/ -> Failed to load resource: net::ERR_CONNECTION_REFUSED
2022-05-25 15:24:31 ERROR    Failure: http://localhost:3001/ -> net::ERR_CONNECTION_REFUSED
2022-05-25 15:24:31 ERROR    Failure: http://localhost:3001/ -> Failed to load resource: net::ERR_CONNECTION_REFUSED
2022-05-25 15:24:36 ERROR    Failure: http://localhost:3001/ -> net::ERR_CONNECTION_REFUSED
2022-05-25 15:24:36 ERROR    Failure: http://localhost:3001/ -> Failed to load resource: net::ERR_CONNECTION_REFUSED
2022-05-25 15:25:07 ERROR    Failure: http://localhost:3001/ -> net::ERR_CONNECTION_REFUSED
2022-05-25 15:25:07 ERROR    Failure: http://localhost:3001/ -> Failed to load resource: net::ERR_CONNECTION_REFUSED
2022-05-25 15:25:37 ERROR    Failure: http://localhost:3001/ -> net::ERR_CONNECTION_REFUSED
2022-05-25 15:25:37 ERROR    Failure: http://localhost:3001/ -> Failed to load resource: net::ERR_CONNECTION_REFUSED
2022-05-25 15:26:07 ERROR    Failure: http://localhost:3001/ -> net::ERR_CONNECTION_REFUSED
2022-05-25 15:26:07 ERROR    Failure: http://localhost:3001/ -> Failed to load resource: net::ERR_CONNECTION_REFUSED
2022-05-25 15:26:37 ERROR    Failure: http://localhost:3001/ -> net::ERR_CONNECTION_REFUSED
2022-05-25 15:26:37 ERROR    Failure: http://localhost:3001/ -> Failed to load resource: net::ERR_CONNECTION_REFUSED
2022-05-25 15:27:08 ERROR    Failure: http://localhost:3001/ -> net::ERR_CONNECTION_REFUSED
2022-05-25 15:27:08 ERROR    Failure: http://localhost:3001/ -> Failed to load resource: net::ERR_CONNECTION_REFUSED
2022-05-25 15:27:38 ERROR    Failure: http://localhost:3001/ -> net::ERR_CONNECTION_REFUSED
2022-05-25 15:27:38 ERROR    Failure: http://localhost:3001/ -> Failed to load resource: net::ERR_CONNECTION_REFUSED
2022-05-25 15:28:08 ERROR    Failure: http://localhost:3001/ -> net::ERR_CONNECTION_REFUSED
2022-05-25 15:28:08 ERROR    Failure: http://localhost:3001/ -> Failed to load resource: net::ERR_CONNECTION_REFUSED
2022-05-25 15:28:39 ERROR    Failure: http://localhost:3001/ -> net::ERR_CONNECTION_REFUSED
2022-05-25 15:28:39 ERROR    Failure: http://localhost:3001/ -> Failed to load resource: net::ERR_CONNECTION_REFUSED
2022-05-25 15:29:09 ERROR    Failure: http://localhost:3001/ -> net::ERR_CONNECTION_REFUSED
2022-05-25 15:29:09 ERROR    Failure: http://localhost:3001/ -> Failed to load resource: net::ERR_CONNECTION_REFUSED
2022-05-25 15:29:24 ERROR    Failure: http://localhost:3001/ -> net::ERR_ADDRESS_UNREACHABLE
2022-05-25 15:29:24 ERROR    Failure: http://localhost:3001/ -> Failed to load resource: net::ERR_ADDRESS_UNREACHABLE
2022-05-25 15:29:39 ERROR    Failure: http://localhost:3001/ -> net::ERR_CONNECTION_REFUSED
2022-05-25 15:29:39 ERROR    Failure: http://localhost:3001/ -> Failed to load resource: net::ERR_CONNECTION_REFUSED
2022-05-25 15:30:09 ERROR    Failure: http://localhost:3001/ -> net::ERR_CONNECTION_REFUSED
2022-05-25 15:30:09 ERROR    Failure: http://localhost:3001/ -> Failed to load resource: net::ERR_CONNECTION_REFUSED
2022-05-25 15:30:39 ERROR    Failure: http://localhost:3001/ -> net::ERR_CONNECTION_REFUSED
2022-05-25 15:30:39 ERROR    Failure: http://localhost:3001/ -> Failed to load resource: net::ERR_CONNECTION_REFUSED
2022-05-25 15:31:10 ERROR    Failure: http://localhost:3001/ -> net::ERR_CONNECTION_REFUSED
2022-05-25 15:31:10 ERROR    Failure: http://localhost:3001/ -> Failed to load resource: net::ERR_CONNECTION_REFUSED
2022-05-25 15:31:40 ERROR    Failure: http://localhost:3001/ -> net::ERR_CONNECTION_REFUSED
2022-05-25 15:31:40 ERROR    Failure: http://localhost:3001/ -> Failed to load resource: net::ERR_CONNECTION_REFUSED
2022-05-25 15:32:10 ERROR    Failure: http://localhost:3001/ -> net::ERR_CONNECTION_REFUSED
2022-05-25 15:32:10 ERROR    Failure: http://localhost:3001/ -> Failed to load resource: net::ERR_CONNECTION_REFUSED
2022-05-25 15:32:13 ERROR    Failure: http://localhost:3001/ -> net::ERR_ADDRESS_UNREACHABLE
2022-05-25 15:32:13 ERROR    Failure: http://localhost:3001/ -> Failed to load resource: net::ERR_ADDRESS_UNREACHABLE
2022-05-25 15:32:40 ERROR    Failure: http://localhost:3001/ -> net::ERR_CONNECTION_REFUSED
2022-05-25 15:32:40 ERROR    Failure: http://localhost:3001/ -> Failed to load resource: net::ERR_CONNECTION_REFUSED
2022-05-25 15:33:11 ERROR    Failure: http://localhost:3001/ -> net::ERR_CONNECTION_REFUSED
2022-05-25 15:33:11 ERROR    Failure: http://localhost:3001/ -> Failed to load resource: net::ERR_CONNECTION_REFUSED
2022-05-25 15:33:41 ERROR    Failure: http://localhost:3001/ -> net::ERR_CONNECTION_REFUSED
2022-05-25 15:33:41 ERROR    Failure: http://localhost:3001/ -> Failed to load resource: net::ERR_CONNECTION_REFUSED
2022-05-25 15:34:11 ERROR    Failure: http://localhost:3001/ -> net::ERR_CONNECTION_REFUSED
2022-05-25 15:34:11 ERROR    Failure: http://localhost:3001/ -> Failed to load resource: net::ERR_CONNECTION_REFUSED
2022-05-25 15:34:41 ERROR    Failure: http://localhost:3001/ -> net::ERR_CONNECTION_REFUSED
2022-05-25 15:34:41 ERROR    Failure: http://localhost:3001/ -> Failed to load resource: net::ERR_CONNECTION_REFUSED
2022-05-25 15:34:49 ERROR    Failure: http://localhost:3001/ -> net::ERR_ADDRESS_UNREACHABLE
2022-05-25 15:34:49 ERROR    Failure: http://localhost:3001/ -> Failed to load resource: net::ERR_ADDRESS_UNREACHABLE
2022-05-25 15:35:12 ERROR    Failure: http://localhost:3001/ -> net::ERR_CONNECTION_REFUSED
2022-05-25 15:35:12 ERROR    Failure: http://localhost:3001/ -> Failed to load resource: net::ERR_CONNECTION_REFUSED
2022-05-25 15:35:42 ERROR    Failure: http://localhost:3001/ -> net::ERR_CONNECTION_REFUSED
2022-05-25 15:35:42 ERROR    Failure: http://localhost:3001/ -> Failed to load resource: net::ERR_CONNECTION_REFUSED
2022-05-25 15:36:12 ERROR    Failure: http://localhost:3001/ -> net::ERR_CONNECTION_REFUSED
2022-05-25 15:36:12 ERROR    Failure: http://localhost:3001/ -> Failed to load resource: net::ERR_CONNECTION_REFUSED
2022-05-25 15:36:42 ERROR    Failure: http://localhost:3001/ -> net::ERR_CONNECTION_REFUSED
2022-05-25 15:36:42 ERROR    Failure: http://localhost:3001/ -> Failed to load resource: net::ERR_CONNECTION_REFUSED
2022-05-25 15:37:13 ERROR    Failure: http://localhost:3001/ -> net::ERR_CONNECTION_REFUSED
2022-05-25 15:37:13 ERROR    Failure: http://localhost:3001/ -> Failed to load resource: net::ERR_CONNECTION_REFUSED
2022-05-25 15:37:43 ERROR    Failure: http://localhost:3001/ -> net::ERR_CONNECTION_REFUSED
2022-05-25 15:37:43 ERROR    Failure: http://localhost:3001/ -> Failed to load resource: net::ERR_CONNECTION_REFUSED
2022-05-25 15:37:44 ERROR    Failure: http://localhost:3001/ -> net::ERR_ADDRESS_UNREACHABLE
2022-05-25 15:37:44 ERROR    Failure: http://localhost:3001/ -> Failed to load resource: net::ERR_ADDRESS_UNREACHABLE
2022-05-25 15:37:46 ERROR    Failure: http://localhost:3001/ -> net::ERR_ADDRESS_UNREACHABLE
2022-05-25 15:37:46 ERROR    Failure: http://localhost:3001/ -> Failed to load resource: net::ERR_ADDRESS_UNREACHABLE
2022-05-25 15:37:49 ERROR    Failure: http://localhost:3001/ -> net::ERR_CONNECTION_REFUSED
2022-05-25 15:37:49 ERROR    Failure: http://localhost:3001/ -> Failed to load resource: net::ERR_CONNECTION_REFUSED
2022-05-25 15:38:20 ERROR    Failure: http://localhost:3001/ -> net::ERR_CONNECTION_REFUSED
2022-05-25 15:38:20 ERROR    Failure: http://localhost:3001/ -> Failed to load resource: net::ERR_CONNECTION_REFUSED
2022-05-25 15:38:50 ERROR    Failure: http://localhost:3001/ -> net::ERR_CONNECTION_REFUSED
2022-05-25 15:38:50 ERROR    Failure: http://localhost:3001/ -> Failed to load resource: net::ERR_CONNECTION_REFUSED
2022-05-25 15:39:20 ERROR    Failure: http://localhost:3001/ -> net::ERR_CONNECTION_REFUSED
2022-05-25 15:39:20 ERROR    Failure: http://localhost:3001/ -> Failed to load resource: net::ERR_CONNECTION_REFUSED
2022-05-25 15:39:50 ERROR    Failure: http://localhost:3001/ -> net::ERR_CONNECTION_REFUSED
2022-05-25 15:39:50 ERROR    Failure: http://localhost:3001/ -> Failed to load resource: net::ERR_CONNECTION_REFUSED
2022-05-25 15:40:21 ERROR    Failure: http://localhost:3001/ -> net::ERR_CONNECTION_REFUSED
2022-05-25 15:40:21 ERROR    Failure: http://localhost:3001/ -> Failed to load resource: net::ERR_CONNECTION_REFUSED
2022-05-25 15:40:51 ERROR    Failure: http://localhost:3001/ -> net::ERR_CONNECTION_REFUSED
2022-05-25 15:40:51 ERROR    Failure: http://localhost:3001/ -> Failed to load resource: net::ERR_CONNECTION_REFUSED
2022-05-25 15:41:21 ERROR    Failure: http://localhost:3001/ -> net::ERR_CONNECTION_REFUSED
2022-05-25 15:41:21 ERROR    Failure: http://localhost:3001/ -> Failed to load resource: net::ERR_CONNECTION_REFUSED
2022-05-25 15:41:51 ERROR    Failure: http://localhost:3001/ -> net::ERR_CONNECTION_REFUSED
2022-05-25 15:41:51 ERROR    Failure: http://localhost:3001/ -> Failed to load resource: net::ERR_CONNECTION_REFUSED
2022-05-25 15:42:22 ERROR    Failure: http://localhost:3001/ -> net::ERR_CONNECTION_REFUSED
2022-05-25 15:42:22 ERROR    Failure: http://localhost:3001/ -> Failed to load resource: net::ERR_CONNECTION_REFUSED
2022-05-25 15:42:52 ERROR    Failure: http://localhost:3001/ -> net::ERR_CONNECTION_REFUSED
2022-05-25 15:42:52 ERROR    Failure: http://localhost:3001/ -> Failed to load resource: net::ERR_CONNECTION_REFUSED
2022-05-25 15:42:59 ERROR    Failure: http://localhost:3001/ -> net::ERR_ADDRESS_UNREACHABLE
2022-05-25 15:42:59 ERROR    Failure: http://localhost:3001/ -> Failed to load resource: net::ERR_ADDRESS_UNREACHABLE
2022-05-25 15:43:22 ERROR    Failure: http://localhost:3001/ -> net::ERR_CONNECTION_REFUSED
2022-05-25 15:43:22 ERROR    Failure: http://localhost:3001/ -> Failed to load resource: net::ERR_CONNECTION_REFUSED
2022-05-25 15:43:52 ERROR    Failure: http://localhost:3001/ -> net::ERR_CONNECTION_REFUSED
2022-05-25 15:43:52 ERROR    Failure: http://localhost:3001/ -> Failed to load resource: net::ERR_CONNECTION_REFUSED
2022-05-25 15:44:22 ERROR    Failure: http://localhost:3001/ -> net::ERR_CONNECTION_REFUSED
2022-05-25 15:44:22 ERROR    Failure: http://localhost:3001/ -> Failed to load resource: net::ERR_CONNECTION_REFUSED
2022-05-25 15:44:53 ERROR    Failure: http://localhost:3001/ -> net::ERR_CONNECTION_REFUSED
2022-05-25 15:44:53 ERROR    Failure: http://localhost:3001/ -> Failed to load resource: net::ERR_CONNECTION_REFUSED
2022-05-25 15:45:05 ERROR    Failure: http://localhost:3001/ -> net::ERR_CONNECTION_REFUSED
2022-05-25 15:45:05 ERROR    Failure: http://localhost:3001/ -> Failed to load resource: net::ERR_CONNECTION_REFUSED
2022-05-25 15:45:09 ERROR    Failure: http://localhost:3001/wallets -> net::ERR_ABORTED
2022-05-25 15:45:11 ERROR    Failure: http://localhost:3001/ -> net::ERR_CONNECTION_REFUSED
2022-05-25 15:45:11 ERROR    Failure: http://localhost:3001/ -> Failed to load resource: net::ERR_CONNECTION_REFUSED
2022-05-25 15:45:22 ERROR    Failure: http://localhost:3001/ -> net::ERR_CONNECTION_REFUSED
2022-05-25 15:45:22 ERROR    Failure: http://localhost:3001/ -> Failed to load resource: net::ERR_CONNECTION_REFUSED
2022-05-25 15:45:27 ERROR    Failure: http://localhost:3001/ -> net::ERR_CONNECTION_REFUSED
2022-05-25 15:45:27 ERROR    Failure: http://localhost:3001/ -> Failed to load resource: net::ERR_CONNECTION_REFUSED
2022-05-25 15:45:32 ERROR    Failure: http://localhost:3001/ -> net::ERR_CONNECTION_REFUSED
2022-05-25 15:45:32 ERROR    Failure: http://localhost:3001/ -> Failed to load resource: net::ERR_CONNECTION_REFUSED
2022-05-25 15:45:40 ERROR    Failure: http://localhost:3001/ -> net::ERR_CONNECTION_REFUSED
2022-05-25 15:45:40 ERROR    Failure: http://localhost:3001/ -> Failed to load resource: net::ERR_CONNECTION_REFUSED
2022-05-25 15:45:43 ERROR    Failure: http://localhost:3001/ -> net::ERR_CONNECTION_REFUSED
2022-05-25 15:45:43 ERROR    Failure: http://localhost:3001/ -> Failed to load resource: net::ERR_CONNECTION_REFUSED
2022-05-25 15:45:47 ERROR    Failure: http://localhost:3001/ -> net::ERR_CONNECTION_REFUSED
2022-05-25 15:45:47 ERROR    Failure: http://localhost:3001/ -> Failed to load resource: net::ERR_CONNECTION_REFUSED
2022-05-25 15:45:52 ERROR    Failure: http://localhost:3001/ -> net::ERR_CONNECTION_REFUSED
2022-05-25 15:45:52 ERROR    Failure: http://localhost:3001/ -> Failed to load resource: net::ERR_CONNECTION_REFUSED
2022-05-25 15:45:59 ERROR    Failure: http://localhost:3001/ -> net::ERR_CONNECTION_REFUSED
2022-05-25 15:45:59 ERROR    Failure: http://localhost:3001/ -> Failed to load resource: net::ERR_CONNECTION_REFUSED
2022-05-25 15:46:02 ERROR    Failure: http://localhost:3001/wallets -> net::ERR_ABORTED
2022-05-25 15:46:06 ERROR    Failure: http://localhost:3001/ -> net::ERR_CONNECTION_REFUSED
2022-05-25 15:46:06 ERROR    Failure: http://localhost:3001/ -> Failed to load resource: net::ERR_CONNECTION_REFUSED
2022-05-25 15:46:10 ERROR    Failure: http://localhost:3001/ -> net::ERR_CONNECTION_REFUSED
2022-05-25 15:46:10 ERROR    Failure: http://localhost:3001/ -> Failed to load resource: net::ERR_CONNECTION_REFUSED
2022-05-25 15:46:16 ERROR    Failure: http://localhost:3001/ -> net::ERR_CONNECTION_REFUSED
2022-05-25 15:46:16 ERROR    Failure: http://localhost:3001/ -> Failed to load resource: net::ERR_CONNECTION_REFUSED
2022-05-25 15:46:21 ERROR    Failure: http://localhost:3001/ -> net::ERR_CONNECTION_REFUSED
2022-05-25 15:46:21 ERROR    Failure: http://localhost:3001/ -> Failed to load resource: net::ERR_CONNECTION_REFUSED
2022-05-25 15:46:26 ERROR    Failure: http://localhost:3001/ -> net::ERR_CONNECTION_REFUSED
2022-05-25 15:46:26 ERROR    Failure: http://localhost:3001/ -> Failed to load resource: net::ERR_CONNECTION_REFUSED
2022-05-25 15:46:31 ERROR    Failure: http://localhost:3001/ -> net::ERR_CONNECTION_REFUSED
2022-05-25 15:46:31 ERROR    Failure: http://localhost:3001/ -> Failed to load resource: net::ERR_CONNECTION_REFUSED
2022-05-25 15:46:40 ERROR    Failure: http://localhost:3001/ -> net::ERR_CONNECTION_REFUSED
2022-05-25 15:46:40 ERROR    Failure: http://localhost:3001/ -> Failed to load resource: net::ERR_CONNECTION_REFUSED
2022-05-25 15:46:43 ERROR    Failure: http://localhost:3001/ -> net::ERR_CONNECTION_REFUSED
2022-05-25 15:46:43 ERROR    Failure: http://localhost:3001/ -> Failed to load resource: net::ERR_CONNECTION_REFUSED
2022-05-25 15:46:47 ERROR    Failure: http://localhost:3001/ -> net::ERR_CONNECTION_REFUSED
2022-05-25 15:46:47 ERROR    Failure: http://localhost:3001/ -> Failed to load resource: net::ERR_CONNECTION_REFUSED
2022-05-25 15:46:58 ERROR    Failure: http://localhost:3001/ -> net::ERR_CONNECTION_REFUSED
2022-05-25 15:46:58 ERROR    Failure: http://localhost:3001/ -> Failed to load resource: net::ERR_CONNECTION_REFUSED
2022-05-25 15:47:03 ERROR    Failure: http://localhost:3001/ -> net::ERR_CONNECTION_REFUSED
2022-05-25 15:47:03 ERROR    Failure: http://localhost:3001/ -> Failed to load resource: net::ERR_CONNECTION_REFUSED
2022-05-25 15:47:10 ERROR    Failure: http://localhost:3001/ -> net::ERR_CONNECTION_REFUSED
2022-05-25 15:47:10 ERROR    Failure: http://localhost:3001/ -> Failed to load resource: net::ERR_CONNECTION_REFUSED
2022-05-25 15:47:21 WARNING  Finished
2022-05-25 15:47:21 WARNING  (Failure Count, Coverage Percentage) : (6, 0.718522074422782)
2022-05-25 15:47:21 ERROR    http://localhost:3001/ -> net::ERR_CONNECTION_REFUSED
2022-05-25 15:47:21 ERROR    http://localhost:3001/ -> Failed to load resource: net::ERR_CONNECTION_REFUSED
2022-05-25 15:47:21 ERROR    http://localhost:3001/wallets -> net::ERR_ABORTED
2022-05-25 15:47:21 ERROR    http://localhost:3001/wallets -> net::ERR_NAME_NOT_RESOLVED
2022-05-25 15:47:21 ERROR    http://localhost:3001/ -> net::ERR_ADDRESS_UNREACHABLE
2022-05-25 15:47:21 ERROR    http://localhost:3001/ -> Failed to load resource: net::ERR_ADDRESS_UNREACHABLE
