77659574643383717146484374309974862090, None, 77659574643383717146484374309974862090, http://localhost:3001/
77659574643383717146484374309974862090, 277712453453955741677905488786830410505 -> a ['Contact']{'href': 'mailto:jeka911@gmail.com?subject=Wallet', 'data-in': 'Contact'}, 77659574643383717146484374309974862090, http://localhost:3001/
77659574643383717146484374309974862090, 53030406825762545276438289970305043077 -> a ['Home']{'href': '/', 'data-in': 'Home'}, 77659574643383717146484374309974862090, http://localhost:3001/
77659574643383717146484374309974862090, 69261900354377929876421606824271450118 -> a [<span aria-hidden="true" class="glyphicon glyphicon-globe", 77659574643383717146484374309974862090, http://localhost:3001/
77659574643383717146484374309974862090, 238793388412553796489369081198711123509 -> a ['$ dimeshift']{'href': '/'}, 77659574643383717146484374309974862090, http://localhost:3001/
77659574643383717146484374309974862090, 143912285649067720774554330843865674796 -> a ['Register']{'href': '/user/registration', 'data-in': 'Register'}, 77659574643383717146484374309974862090, http://localhost:3001/
77659574643383717146484374309974862090, 72866117111720632136805165808169623358 -> a ['API']{'href': 'http://docs.dimeshift.apiary.io/'}, 77659574643383717146484374309974862090, http://localhost:3001/
77659574643383717146484374309974862090, None, 77659574643383717146484374309974862090, http://localhost:3001/
77659574643383717146484374309974862090, None, 77659574643383717146484374309974862090, http://localhost:3001/
77659574643383717146484374309974862090, 75056642720997424365806452209120460192 -> a ['Sign In']{'href': '/user/signin', 'data-in': 'Sign In'}, 77659574643383717146484374309974862090, http://localhost:3001/
77659574643383717146484374309974862090, 75056642720997424365806452209120460192 -> a ['Sign In']{'href': '/user/signin', 'data-in': 'Sign In'}, 77659574643383717146484374309974862090, http://localhost:3001/
77659574643383717146484374309974862090, 53030406825762545276438289970305043077 -> a ['Home']{'href': '/', 'data-in': 'Home'}, 77659574643383717146484374309974862090, http://localhost:3001/
77659574643383717146484374309974862090, 69261900354377929876421606824271450118 -> a [<span aria-hidden="true" class="glyphicon glyphicon-globe", 120042711704540744062249797499918035067, http://localhost:3001/wallets/
120042711704540744062249797499918035067, 45351905346497460428811079024097395535 -> button ['Українська']{'type': 'button', 'data-code': 'ua'}, 120042711704540744062249797499918035067, http://localhost:3001/wallets/
120042711704540744062249797499918035067, 326011190105819684866996676134205023630 -> button ['English']{'type': 'button', 'data-code': 'default'}, 120042711704540744062249797499918035067, http://localhost:3001/wallets/
120042711704540744062249797499918035067, 164770504787406092505723908950430241986 -> button ['×']{'type': 'button', 'data-dismiss': 'modal', 'aria-hidden': 'true'}, 120042711704540744062249797499918035067, http://localhost:3001/wallets/
120042711704540744062249797499918035067, 209638118784994731842872023555060259766 -> a ['Log Out']{'href': '/user/logout', 'data-in': 'Log Out'}, 188920098541747690250350669800314818354, http://localhost:3001/
77659574643383717146484374309974862090, None, 77659574643383717146484374309974862090, http://localhost:3001/
77659574643383717146484374309974862090, 69261900354377929876421606824271450118 -> a [<span aria-hidden="true" class="glyphicon glyphicon-globe", 120042711704540744062249797499918035067, http://localhost:3001/wallets/
120042711704540744062249797499918035067, 124435012103476739031160357894954491285 -> a ['Вийти']{'href': '/user/logout', 'data-in': 'Log Out'}, 31795093237367746547515066694267845186, http://localhost:3001/wallets
116268532618738076233152221714752647686, None, 116268532618738076233152221714752647686, http://localhost:3001/wallets
116268532618738076233152221714752647686, 131609652984278424028820886519839131737 -> button [<span class="glyphicon glyphicon-trash", 116268532618738076233152221714752647686, http://localhost:3001/wallets
116268532618738076233152221714752647686, 124435012103476739031160357894954491285 -> a ['Вийти']{'href': '/user/logout', 'data-in': 'Log Out'}, 116268532618738076233152221714752647686, http://localhost:3001/wallets
116268532618738076233152221714752647686, 278276181075130471994262248280782404062 -> a ['\n', <div class="pull-right text-success transaction_amount", 118767885014979129124507790845717810602, http://localhost:3001/wallets/7
118767885014979129124507790845717810602, 21679703644424794109558437584847969315 -> a [<span data-i18n="Set Goal", 104016877352281779987979275111204130196, http://localhost:3001/wallets
116268532618738076233152221714752647686, None, 116268532618738076233152221714752647686, http://localhost:3001/wallets
116268532618738076233152221714752647686, 278276181075130471994262248280782404062 -> a ['\n', <div class="pull-right text-success transaction_amount", 118767885014979129124507790845717810602, http://localhost:3001/wallets/7
118767885014979129124507790845717810602, 21679703644424794109558437584847969315 -> a [<span data-i18n="Set Goal", 104016877352281779987979275111204130196, http://localhost:3001/wallets
116268532618738076233152221714752647686, None, 116268532618738076233152221714752647686, http://localhost:3001/wallets
116268532618738076233152221714752647686, 278276181075130471994262248280782404062 -> a ['\n', <div class="pull-right text-success transaction_amount", 118767885014979129124507790845717810602, http://localhost:3001/wallets/7
118767885014979129124507790845717810602, 21679703644424794109558437584847969315 -> a [<span data-i18n="Set Goal", 104016877352281779987979275111204130196, http://localhost:3001/wallets
116268532618738076233152221714752647686, None, 116268532618738076233152221714752647686, http://localhost:3001/wallets
116268532618738076233152221714752647686, 278276181075130471994262248280782404062 -> a ['\n', <div class="pull-right text-success transaction_amount", 118767885014979129124507790845717810602, http://localhost:3001/wallets/7
118767885014979129124507790845717810602, 21679703644424794109558437584847969315 -> a [<span data-i18n="Set Goal", 104016877352281779987979275111204130196, http://localhost:3001/wallets
116268532618738076233152221714752647686, None, 116268532618738076233152221714752647686, http://localhost:3001/wallets
116268532618738076233152221714752647686, 278276181075130471994262248280782404062 -> a ['\n', <div class="pull-right text-success transaction_amount", 261318387650838215631730733771259842333, http://localhost:3001/wallets/7
116268532618738076233152221714752647686, None, 116268532618738076233152221714752647686, http://localhost:3001/wallets
116268532618738076233152221714752647686, 278276181075130471994262248280782404062 -> a ['\n', <div class="pull-right text-success transaction_amount", 261318387650838215631730733771259842333, http://localhost:3001/wallets/7
261318387650838215631730733771259842333, 78328800813240226866706875653785015158 -> button [<span data-i18n="Add Income", 261318387650838215631730733771259842333, http://localhost:3001/wallets/7
261318387650838215631730733771259842333, 122606447554398096134475666929131995690 -> a [<span aria-hidden="true" class="glyphicon glyphicon-import", 261318387650838215631730733771259842333, http://localhost:3001/wallets/7
261318387650838215631730733771259842333, 12337255070261160997148412291675917268 -> a [<span data-i18n="set total to", 118767885014979129124507790845717810602, http://localhost:3001/wallets/7
118767885014979129124507790845717810602, 164770504787406092505723908950430241986 -> button ['×']{'type': 'button', 'data-dismiss': 'modal', 'aria-hidden': 'true'}, 118767885014979129124507790845717810602, http://localhost:3001/wallets/7
118767885014979129124507790845717810602, 147808698874844833265561029682994700154 -> form ['\n', <fieldset, 118767885014979129124507790845717810602, http://localhost:3001/wallets/7
118767885014979129124507790845717810602, 147808698874844833265561029682994700154 -> form ['\n', <fieldset, 118767885014979129124507790845717810602, http://localhost:3001/wallets/7
118767885014979129124507790845717810602, 147808698874844833265561029682994700154 -> form ['\n', <fieldset, 118767885014979129124507790845717810602, http://localhost:3001/wallets/7
116268532618738076233152221714752647686, None, 116268532618738076233152221714752647686, http://localhost:3001/wallets
116268532618738076233152221714752647686, 278276181075130471994262248280782404062 -> a ['\n', <div class="pull-right text-success transaction_amount", 263247760993543637279298494349198460208, http://localhost:3001/wallets/7
263247760993543637279298494349198460208, 12337255070261160997148412291675917268 -> a [<span data-i18n="set total to", 118767885014979129124507790845717810602, http://localhost:3001/wallets/7
118767885014979129124507790845717810602, 164770504787406092505723908950430241986 -> button ['×']{'type': 'button', 'data-dismiss': 'modal', 'aria-hidden': 'true'}, 118767885014979129124507790845717810602, http://localhost:3001/wallets/7
118767885014979129124507790845717810602, 164770504787406092505723908950430241986 -> button ['×']{'type': 'button', 'data-dismiss': 'modal', 'aria-hidden': 'true'}, 118767885014979129124507790845717810602, http://localhost:3001/wallets/7
118767885014979129124507790845717810602, 147808698874844833265561029682994700154 -> form ['\n', <fieldset, 118767885014979129124507790845717810602, http://localhost:3001/wallets/7
118767885014979129124507790845717810602, 147808698874844833265561029682994700154 -> form ['\n', <fieldset, 118767885014979129124507790845717810602, http://localhost:3001/wallets/7
118767885014979129124507790845717810602, 164770504787406092505723908950430241986 -> button ['×']{'type': 'button', 'data-dismiss': 'modal', 'aria-hidden': 'true'}, 118767885014979129124507790845717810602, http://localhost:3001/wallets/7
118767885014979129124507790845717810602, 147808698874844833265561029682994700154 -> form ['\n', <fieldset, 118767885014979129124507790845717810602, http://localhost:3001/wallets/7
116268532618738076233152221714752647686, None, 116268532618738076233152221714752647686, http://localhost:3001/wallets
116268532618738076233152221714752647686, 278276181075130471994262248280782404062 -> a ['\n', <div class="pull-right text-success transaction_amount", 118767885014979129124507790845717810602, http://localhost:3001/wallets/7
118767885014979129124507790845717810602, 12337255070261160997148412291675917268 -> a [<span data-i18n="set total to", 118767885014979129124507790845717810602, http://localhost:3001/wallets/7
118767885014979129124507790845717810602, 4887329866125818070777411456587300213 -> form ['\n', <input class="form-control" data-i18nplaceholder="Describe expense and press Enter to add" id="add_transaction_text" placeholder="Опишіть витрату і натисніть Enter" type="text"/, 118767885014979129124507790845717810602, http://localhost:3001/wallets/7
118767885014979129124507790845717810602, 4887329866125818070777411456587300213 -> form ['\n', <input class="form-control" data-i18nplaceholder="Describe expense and press Enter to add" id="add_transaction_text" placeholder="Опишіть витрату і натисніть Enter" type="text"/, 118767885014979129124507790845717810602, http://localhost:3001/wallets/7
118767885014979129124507790845717810602, 122606447554398096134475666929131995690 -> a [<span aria-hidden="true" class="glyphicon glyphicon-import", 203762153051877146888112462142957015207, http://localhost:3001/wallets/7/import
203762153051877146888112462142957015207, 216072412105034716250114445021121147783 -> input []{'type': 'button', 'value': 'Вибрати файл', 'data-loading-text': 'Завантаження...', 'data-invalue': 'Select file'}, 203762153051877146888112462142957015207, http://localhost:3001/wallets/7/import
116268532618738076233152221714752647686, None, 116268532618738076233152221714752647686, http://localhost:3001/wallets
116268532618738076233152221714752647686, 278276181075130471994262248280782404062 -> a ['\n', <div class="pull-right text-success transaction_amount", 118767885014979129124507790845717810602, http://localhost:3001/wallets/7
118767885014979129124507790845717810602, 122606447554398096134475666929131995690 -> a [<span aria-hidden="true" class="glyphicon glyphicon-import", 203762153051877146888112462142957015207, http://localhost:3001/wallets/7/import
116268532618738076233152221714752647686, None, 116268532618738076233152221714752647686, http://localhost:3001/wallets
116268532618738076233152221714752647686, 278276181075130471994262248280782404062 -> a ['\n', <div class="pull-right text-success transaction_amount", 118767885014979129124507790845717810602, http://localhost:3001/wallets/7
118767885014979129124507790845717810602, 329774848311087300690872938461064866595 -> button ['\n', <span aria-hidden="true" class="glyphicon glyphicon-chevron-down", 118767885014979129124507790845717810602, http://localhost:3001/wallets/7
116268532618738076233152221714752647686, None, 116268532618738076233152221714752647686, http://localhost:3001/wallets
116268532618738076233152221714752647686, 278276181075130471994262248280782404062 -> a ['\n', <div class="pull-right text-success transaction_amount", 118767885014979129124507790845717810602, http://localhost:3001/wallets/7
118767885014979129124507790845717810602, 78328800813240226866706875653785015158 -> button [<span data-i18n="Add Income", 118767885014979129124507790845717810602, http://localhost:3001/wallets/7
118767885014979129124507790845717810602, 12337255070261160997148412291675917268 -> a [<span data-i18n="set total to", 118767885014979129124507790845717810602, http://localhost:3001/wallets/7
118767885014979129124507790845717810602, 12337255070261160997148412291675917268 -> a [<span data-i18n="set total to", 118767885014979129124507790845717810602, http://localhost:3001/wallets/7
118767885014979129124507790845717810602, 122606447554398096134475666929131995690 -> a [<span aria-hidden="true" class="glyphicon glyphicon-import", 118767885014979129124507790845717810602, http://localhost:3001/wallets/7
118767885014979129124507790845717810602, 329774848311087300690872938461064866595 -> button ['\n', <span aria-hidden="true" class="glyphicon glyphicon-chevron-down", 118767885014979129124507790845717810602, http://localhost:3001/wallets/7
116268532618738076233152221714752647686, None, 116268532618738076233152221714752647686, http://localhost:3001/wallets
116268532618738076233152221714752647686, 278276181075130471994262248280782404062 -> a ['\n', <div class="pull-right text-success transaction_amount", 118767885014979129124507790845717810602, http://localhost:3001/wallets/7
118767885014979129124507790845717810602, 12337255070261160997148412291675917268 -> a [<span data-i18n="set total to", 118767885014979129124507790845717810602, http://localhost:3001/wallets/7
118767885014979129124507790845717810602, 78328800813240226866706875653785015158 -> button [<span data-i18n="Add Income", 118767885014979129124507790845717810602, http://localhost:3001/wallets/7
116268532618738076233152221714752647686, None, 116268532618738076233152221714752647686, http://localhost:3001/wallets
116268532618738076233152221714752647686, None, 116268532618738076233152221714752647686, http://localhost:3001/wallets
116268532618738076233152221714752647686, 69261900354377929876421606824271450118 -> a [<span aria-hidden="true" class="glyphicon glyphicon-globe", 116268532618738076233152221714752647686, http://localhost:3001/wallets
116268532618738076233152221714752647686, 153917697825258566705528360757913173310 -> a [<span class="glyphicon glyphicon-share-alt", 116268532618738076233152221714752647686, http://localhost:3001/wallets
116268532618738076233152221714752647686, 48814583739174016046131311673003117755 -> a ['Налаштування']{'href': '/profile', 'data-in': 'Settings'}, 323910836748953729601556440398519877559, http://localhost:3001/profile
323910836748953729601556440398519877559, 55615191178291244436422176735000639938 -> form ['\n', <div class="form-group", 284617014732434823120708022261564646933, http://localhost:3001/profile
116268532618738076233152221714752647686, None, 116268532618738076233152221714752647686, http://localhost:3001/wallets
116268532618738076233152221714752647686, 48814583739174016046131311673003117755 -> a ['Налаштування']{'href': '/profile', 'data-in': 'Settings'}, 323910836748953729601556440398519877559, http://localhost:3001/profile
323910836748953729601556440398519877559, 55615191178291244436422176735000639938 -> form ['\n', <div class="form-group", 284617014732434823120708022261564646933, http://localhost:3001/profile
284617014732434823120708022261564646933, 75418262397629703516273877648788345928 -> form ['\n', <div class="form-group", 263759407660937760428447673969212110418, http://localhost:3001/profile
116268532618738076233152221714752647686, None, 116268532618738076233152221714752647686, http://localhost:3001/wallets
116268532618738076233152221714752647686, 48814583739174016046131311673003117755 -> a ['Налаштування']{'href': '/profile', 'data-in': 'Settings'}, 323910836748953729601556440398519877559, http://localhost:3001/profile
116268532618738076233152221714752647686, None, 116268532618738076233152221714752647686, http://localhost:3001/wallets
116268532618738076233152221714752647686, 48814583739174016046131311673003117755 -> a ['Налаштування']{'href': '/profile', 'data-in': 'Settings'}, 323910836748953729601556440398519877559, http://localhost:3001/profile
323910836748953729601556440398519877559, 80060677281164530367422800899917948815 -> a [<span class="glyphicon glyphicon-trash", 309230097941354476772731175821102484449, http://localhost:3001/profile#
309230097941354476772731175821102484449, 129214654541137121627148332220413038934 -> a [<span data-i18n="Log Out", 188920098541747690250350669800314818354, http://localhost:3001/
188920098541747690250350669800314818354, 280553687692852780123066102917098299601 -> a []{'href': 'http://localhost:3001/images/homepage/screenshots/wallets.jpg', 'id': 'image-link-wallets', 'style': "background-image: url('http://localhost:/images/homepage/screenshots/wallets.jpg');"}, 188920098541747690250350669800314818354, http://localhost:3001/
188920098541747690250350669800314818354, 24045720963061510147388474628965236342 -> a []{'href': 'http://localhost:3001/images/homepage/screenshots/goal.jpg', 'id': 'image-link-agpl', 'style': "background-image: url('http://localhost:/images/homepage/screenshots/goal.jpg');"}, 188920098541747690250350669800314818354, http://localhost:3001/
188920098541747690250350669800314818354, 190436412563440965567892702940189959447 -> a ['Головна']{'href': '/', 'data-in': 'Home'}, 188920098541747690250350669800314818354, http://localhost:3001/
188920098541747690250350669800314818354, 287439962806392087827856506575270396085 -> a []{'href': 'http://localhost:3001/images/homepage/screenshots/transactions.jpg', 'id': 'image-link-', 'style': "background-image: url('http://localhost:/images/homepage/screenshots/transactions.jpg');"}, 188920098541747690250350669800314818354, http://localhost:3001/
188920098541747690250350669800314818354, 26937431158232467677977705604558045713 -> a ['Увійти']{'href': '/user/signin', 'data-in': 'Sign In'}, 188920098541747690250350669800314818354, http://localhost:3001/
77659574643383717146484374309974862090, None, 77659574643383717146484374309974862090, http://localhost:3001/
77659574643383717146484374309974862090, 69261900354377929876421606824271450118 -> a [<span aria-hidden="true" class="glyphicon glyphicon-globe", 120042711704540744062249797499918035067, http://localhost:3001/wallets/
120042711704540744062249797499918035067, 124435012103476739031160357894954491285 -> a ['Вийти']{'href': '/user/logout', 'data-in': 'Log Out'}, 223814203798760539337171354413148497679, http://localhost:3001/wallets
223814203798760539337171354413148497679, 306431475393325527207204292087088188112 -> a [<span class="glyphicon glyphicon-ok", 223814203798760539337171354413148497679, http://localhost:3001/wallets
223814203798760539337171354413148497679, 116497902020799815024531508324907044998 -> button [<span class="glyphicon glyphicon-user", 223814203798760539337171354413148497679, http://localhost:3001/wallets
223814203798760539337171354413148497679, 131609652984278424028820886519839131737 -> button [<span class="glyphicon glyphicon-trash", 223814203798760539337171354413148497679, http://localhost:3001/wallets
223814203798760539337171354413148497679, 46036176666954075901188307245897879262 -> a [<span data-i18n="Home", 223814203798760539337171354413148497679, http://localhost:3001/wallets
334528741258205162212965893675032628671, None, 334528741258205162212965893675032628671, http://localhost:3001/wallets
334528741258205162212965893675032628671, 48814583739174016046131311673003117755 -> a ['Налаштування']{'href': '/profile', 'data-in': 'Settings'}, 323910836748953729601556440398519877559, http://localhost:3001/profile
323910836748953729601556440398519877559, 80060677281164530367422800899917948815 -> a [<span class="glyphicon glyphicon-trash", 309230097941354476772731175821102484449, http://localhost:3001/profile#
309230097941354476772731175821102484449, 129214654541137121627148332220413038934 -> a [<span data-i18n="Log Out", 188920098541747690250350669800314818354, http://localhost:3001/
188920098541747690250350669800314818354, 10802405691936414289029345631808623504 -> a ['Зареєструватися']{'href': '/user/registration', 'data-in': 'Register'}, 188920098541747690250350669800314818354, http://localhost:3001/
188920098541747690250350669800314818354, 91290584966005864898964373749121010246 -> input []{'type': 'submit', 'id': 'demo_signup', 'data-invalue': 'here', 'value': 'сюди'}, 188920098541747690250350669800314818354, http://localhost:3001/
188920098541747690250350669800314818354, 136504310823099385748378508891970664617 -> a []{'href': 'http://localhost:3001/images/homepage/screenshots/i18n.jpg', 'id': 'image-link-', 'style': "background-image: url('http://localhost:/images/homepage/screenshots/in.jpg');"}, 188920098541747690250350669800314818354, http://localhost:3001/
77659574643383717146484374309974862090, None, 77659574643383717146484374309974862090, http://localhost:3001/
77659574643383717146484374309974862090, 69261900354377929876421606824271450118 -> a [<span aria-hidden="true" class="glyphicon glyphicon-globe", 120042711704540744062249797499918035067, http://localhost:3001/wallets/
120042711704540744062249797499918035067, 124435012103476739031160357894954491285 -> a ['Вийти']{'href': '/user/logout', 'data-in': 'Log Out'}, 45204644510103098049404758786120780036, http://localhost:3001/wallets
45204644510103098049404758786120780036, 336646546785546541874722745478884114729 -> a ['\n', <div class="pull-right text-success transaction_amount", 154195644645367574097273877399972986335, http://localhost:3001/wallets/14
174237307576119213838793988616024076858, None, 174237307576119213838793988616024076858, http://localhost:3001/wallets
174237307576119213838793988616024076858, None, 174237307576119213838793988616024076858, http://localhost:3001/wallets
174237307576119213838793988616024076858, 336646546785546541874722745478884114729 -> a ['\n', <div class="pull-right text-success transaction_amount", 267894118942580657926030282697821784593, http://localhost:3001/wallets/14
267894118942580657926030282697821784593, 4887329866125818070777411456587300213 -> form ['\n', <input class="form-control" data-i18nplaceholder="Describe expense and press Enter to add" id="add_transaction_text" placeholder="Опишіть витрату і натисніть Enter" type="text"/, 267894118942580657926030282697821784593, http://localhost:3001/wallets/14
267894118942580657926030282697821784593, 4887329866125818070777411456587300213 -> form ['\n', <input class="form-control" data-i18nplaceholder="Describe expense and press Enter to add" id="add_transaction_text" placeholder="Опишіть витрату і натисніть Enter" type="text"/, 267894118942580657926030282697821784593, http://localhost:3001/wallets/14
267894118942580657926030282697821784593, 21679703644424794109558437584847969315 -> a [<span data-i18n="Set Goal", 104016877352281779987979275111204130196, http://localhost:3001/wallets
174237307576119213838793988616024076858, None, 174237307576119213838793988616024076858, http://localhost:3001/wallets
174237307576119213838793988616024076858, 336646546785546541874722745478884114729 -> a ['\n', <div class="pull-right text-success transaction_amount", 267894118942580657926030282697821784593, http://localhost:3001/wallets/14
174237307576119213838793988616024076858, None, 174237307576119213838793988616024076858, http://localhost:3001/wallets
174237307576119213838793988616024076858, 336646546785546541874722745478884114729 -> a ['\n', <div class="pull-right text-success transaction_amount", 267894118942580657926030282697821784593, http://localhost:3001/wallets/14
267894118942580657926030282697821784593, 12337255070261160997148412291675917268 -> a [<span data-i18n="set total to", 267894118942580657926030282697821784593, http://localhost:3001/wallets/14
267894118942580657926030282697821784593, 165842549610292632176052452718683574301 -> a [<span aria-hidden="true" class="glyphicon glyphicon-import", 267894118942580657926030282697821784593, http://localhost:3001/wallets/14
77659574643383717146484374309974862090, None, 77659574643383717146484374309974862090, http://localhost:3001/
77659574643383717146484374309974862090, 69261900354377929876421606824271450118 -> a [<span aria-hidden="true" class="glyphicon glyphicon-globe", 77659574643383717146484374309974862090, http://localhost:3001/
77659574643383717146484374309974862090, 10802405691936414289029345631808623504 -> a ['Зареєструватися']{'href': '/user/registration', 'data-in': 'Register'}, 77659574643383717146484374309974862090, http://localhost:3001/
174237307576119213838793988616024076858, None, 174237307576119213838793988616024076858, http://localhost:3001/wallets
174237307576119213838793988616024076858, 336646546785546541874722745478884114729 -> a ['\n', <div class="pull-right text-success transaction_amount", 267894118942580657926030282697821784593, http://localhost:3001/wallets/14
267894118942580657926030282697821784593, 78328800813240226866706875653785015158 -> button [<span data-i18n="Add Income", 267894118942580657926030282697821784593, http://localhost:3001/wallets/14
267894118942580657926030282697821784593, 329774848311087300690872938461064866595 -> button ['\n', <span aria-hidden="true" class="glyphicon glyphicon-chevron-down", 267894118942580657926030282697821784593, http://localhost:3001/wallets/14
267894118942580657926030282697821784593, 12337255070261160997148412291675917268 -> a [<span data-i18n="set total to", 267894118942580657926030282697821784593, http://localhost:3001/wallets/14
267894118942580657926030282697821784593, 4887329866125818070777411456587300213 -> form ['\n', <input class="form-control" data-i18nplaceholder="Describe expense and press Enter to add" id="add_transaction_text" placeholder="Опишіть витрату і натисніть Enter" type="text"/, 267894118942580657926030282697821784593, http://localhost:3001/wallets/14
267894118942580657926030282697821784593, 329774848311087300690872938461064866595 -> button ['\n', <span aria-hidden="true" class="glyphicon glyphicon-chevron-down", 267894118942580657926030282697821784593, http://localhost:3001/wallets/14
267894118942580657926030282697821784593, 165842549610292632176052452718683574301 -> a [<span aria-hidden="true" class="glyphicon glyphicon-import", 307397544122655939647157804521171414473, http://localhost:3001/wallets/14/import
307397544122655939647157804521171414473, 216072412105034716250114445021121147783 -> input []{'type': 'button', 'value': 'Вибрати файл', 'data-loading-text': 'Завантаження...', 'data-invalue': 'Select file'}, 307397544122655939647157804521171414473, http://localhost:3001/wallets/14/import
77659574643383717146484374309974862090, None, 77659574643383717146484374309974862090, http://localhost:3001/
77659574643383717146484374309974862090, 182596880576257731792110934288290103382 -> a ['Зв’язатися з нами']{'href': 'mailto:jeka911@gmail.com?subject=Wallet', 'data-in': 'Contact'}, 77659574643383717146484374309974862090, http://localhost:3001/
77659574643383717146484374309974862090, 190436412563440965567892702940189959447 -> a ['Головна']{'href': '/', 'data-in': 'Home'}, 77659574643383717146484374309974862090, http://localhost:3001/
77659574643383717146484374309974862090, 26937431158232467677977705604558045713 -> a ['Увійти']{'href': '/user/signin', 'data-in': 'Sign In'}, 77659574643383717146484374309974862090, http://localhost:3001/
77659574643383717146484374309974862090, 26937431158232467677977705604558045713 -> a ['Увійти']{'href': '/user/signin', 'data-in': 'Sign In'}, 77659574643383717146484374309974862090, http://localhost:3001/
77659574643383717146484374309974862090, 190436412563440965567892702940189959447 -> a ['Головна']{'href': '/', 'data-in': 'Home'}, 120042711704540744062249797499918035067, http://localhost:3001/wallets/
120042711704540744062249797499918035067, 124435012103476739031160357894954491285 -> a ['Вийти']{'href': '/user/logout', 'data-in': 'Log Out'}, 188920098541747690250350669800314818354, http://localhost:3001/
188920098541747690250350669800314818354, 287439962806392087827856506575270396085 -> a []{'href': 'http://localhost:3001/images/homepage/screenshots/transactions.jpg', 'id': 'image-link-', 'style': "background-image: url('http://localhost:/images/homepage/screenshots/transactions.jpg');"}, 188920098541747690250350669800314818354, http://localhost:3001/
188920098541747690250350669800314818354, 287439962806392087827856506575270396085 -> a []{'href': 'http://localhost:3001/images/homepage/screenshots/transactions.jpg', 'id': 'image-link-', 'style': "background-image: url('http://localhost:/images/homepage/screenshots/transactions.jpg');"}, 188920098541747690250350669800314818354, http://localhost:3001/
174237307576119213838793988616024076858, None, 174237307576119213838793988616024076858, http://localhost:3001/wallets
174237307576119213838793988616024076858, 336646546785546541874722745478884114729 -> a ['\n', <div class="pull-right text-success transaction_amount", 267894118942580657926030282697821784593, http://localhost:3001/wallets/14
267894118942580657926030282697821784593, 165842549610292632176052452718683574301 -> a [<span aria-hidden="true" class="glyphicon glyphicon-import", 307397544122655939647157804521171414473, http://localhost:3001/wallets/14/import
77659574643383717146484374309974862090, None, 77659574643383717146484374309974862090, http://localhost:3001/
77659574643383717146484374309974862090, 190436412563440965567892702940189959447 -> a ['Головна']{'href': '/', 'data-in': 'Home'}, 77659574643383717146484374309974862090, http://localhost:3001/
174237307576119213838793988616024076858, None, 174237307576119213838793988616024076858, http://localhost:3001/wallets
174237307576119213838793988616024076858, 336646546785546541874722745478884114729 -> a ['\n', <div class="pull-right text-success transaction_amount", 267894118942580657926030282697821784593, http://localhost:3001/wallets/14
267894118942580657926030282697821784593, 165842549610292632176052452718683574301 -> a [<span aria-hidden="true" class="glyphicon glyphicon-import", 307397544122655939647157804521171414473, http://localhost:3001/wallets/14/import
307397544122655939647157804521171414473, 216072412105034716250114445021121147783 -> input []{'type': 'button', 'value': 'Вибрати файл', 'data-loading-text': 'Завантаження...', 'data-invalue': 'Select file'}, 307397544122655939647157804521171414473, http://localhost:3001/wallets/14/import
77659574643383717146484374309974862090, None, 77659574643383717146484374309974862090, http://localhost:3001/
77659574643383717146484374309974862090, 238793388412553796489369081198711123509 -> a ['$ dimeshift']{'href': '/'}, 77659574643383717146484374309974862090, http://localhost:3001/
77659574643383717146484374309974862090, 69261900354377929876421606824271450118 -> a [<span aria-hidden="true" class="glyphicon glyphicon-globe", 77659574643383717146484374309974862090, http://localhost:3001/
77659574643383717146484374309974862090, 10802405691936414289029345631808623504 -> a ['Зареєструватися']{'href': '/user/registration', 'data-in': 'Register'}, 77659574643383717146484374309974862090, http://localhost:3001/
77659574643383717146484374309974862090, 190436412563440965567892702940189959447 -> a ['Головна']{'href': '/', 'data-in': 'Home'}, 120042711704540744062249797499918035067, http://localhost:3001/wallets/
120042711704540744062249797499918035067, 124435012103476739031160357894954491285 -> a ['Вийти']{'href': '/user/logout', 'data-in': 'Log Out'}, 188920098541747690250350669800314818354, http://localhost:3001/
188920098541747690250350669800314818354, 24045720963061510147388474628965236342 -> a []{'href': 'http://localhost:3001/images/homepage/screenshots/goal.jpg', 'id': 'image-link-agpl', 'style': "background-image: url('http://localhost:/images/homepage/screenshots/goal.jpg');"}, 188920098541747690250350669800314818354, http://localhost:3001/
188920098541747690250350669800314818354, 287439962806392087827856506575270396085 -> a []{'href': 'http://localhost:3001/images/homepage/screenshots/transactions.jpg', 'id': 'image-link-', 'style': "background-image: url('http://localhost:/images/homepage/screenshots/transactions.jpg');"}, 188920098541747690250350669800314818354, http://localhost:3001/
188920098541747690250350669800314818354, 280553687692852780123066102917098299601 -> a []{'href': 'http://localhost:3001/images/homepage/screenshots/wallets.jpg', 'id': 'image-link-wallets', 'style': "background-image: url('http://localhost:/images/homepage/screenshots/wallets.jpg');"}, 188920098541747690250350669800314818354, http://localhost:3001/
174237307576119213838793988616024076858, None, 174237307576119213838793988616024076858, http://localhost:3001/wallets
77659574643383717146484374309974862090, None, 77659574643383717146484374309974862090, http://localhost:3001/
77659574643383717146484374309974862090, 190436412563440965567892702940189959447 -> a ['Головна']{'href': '/', 'data-in': 'Home'}, 77659574643383717146484374309974862090, http://localhost:3001/
77659574643383717146484374309974862090, 182596880576257731792110934288290103382 -> a ['Зв’язатися з нами']{'href': 'mailto:jeka911@gmail.com?subject=Wallet', 'data-in': 'Contact'}, 77659574643383717146484374309974862090, http://localhost:3001/
77659574643383717146484374309974862090, 26937431158232467677977705604558045713 -> a ['Увійти']{'href': '/user/signin', 'data-in': 'Sign In'}, 120042711704540744062249797499918035067, http://localhost:3001/wallets/
120042711704540744062249797499918035067, 124435012103476739031160357894954491285 -> a ['Вийти']{'href': '/user/logout', 'data-in': 'Log Out'}, 205783305800983161819049385036288079630, http://localhost:3001/wallets
205783305800983161819049385036288079630, 328771437341493800782925010631321883198 -> button [<span class="glyphicon glyphicon-pencil", 205783305800983161819049385036288079630, http://localhost:3001/wallets
205783305800983161819049385036288079630, 45210900847608414402142677331431743271 -> a ['\n', <div class="pull-right text-success transaction_amount", 284656560486034540253016111130378163400, http://localhost:3001/wallets
284656560486034540253016111130378163400, 44315723722317310601064641084865350769 -> option ['Albanian Lek']{'value': 'ALL'}, 284656560486034540253016111130378163400, http://localhost:3001/wallets
284656560486034540253016111130378163400, 316804645331092210082212218171720844310 -> option ['Armenian Dram']{'value': 'AMD'}, 284656560486034540253016111130378163400, http://localhost:3001/wallets
174237307576119213838793988616024076858, None, 174237307576119213838793988616024076858, http://localhost:3001/wallets
77659574643383717146484374309974862090, None, 77659574643383717146484374309974862090, http://localhost:3001/
77659574643383717146484374309974862090, 26937431158232467677977705604558045713 -> a ['Увійти']{'href': '/user/signin', 'data-in': 'Sign In'}, 77659574643383717146484374309974862090, http://localhost:3001/
77659574643383717146484374309974862090, 72866117111720632136805165808169623358 -> a ['API']{'href': 'http://docs.dimeshift.apiary.io/'}, 137498667248899740243423198026214943123, http://localhost:3001/wallets
137498667248899740243423198026214943123, 249640207999168526269546666440506377642 -> a ['\n', <div class="pull-right text-success transaction_amount", 205874960422114675061033466415186149385, http://localhost:3001/wallets/26
174237307576119213838793988616024076858, None, 174237307576119213838793988616024076858, http://localhost:3001/wallets
174237307576119213838793988616024076858, 116497902020799815024531508324907044998 -> button [<span class="glyphicon glyphicon-user", 174237307576119213838793988616024076858, http://localhost:3001/wallets
174237307576119213838793988616024076858, 48814583739174016046131311673003117755 -> a ['Налаштування']{'href': '/profile', 'data-in': 'Settings'}, 174237307576119213838793988616024076858, http://localhost:3001/wallets
174237307576119213838793988616024076858, 131609652984278424028820886519839131737 -> button [<span class="glyphicon glyphicon-trash", 174237307576119213838793988616024076858, http://localhost:3001/wallets
174237307576119213838793988616024076858, 87854654359445726600879656224621531814 -> a ['Цілі']{'href': '/plans', 'data-in': 'Goals'}, 174237307576119213838793988616024076858, http://localhost:3001/wallets
174237307576119213838793988616024076858, 124435012103476739031160357894954491285 -> a ['Вийти']{'href': '/user/logout', 'data-in': 'Log Out'}, 303715124420784752119046085212488416650, http://localhost:3001/
303715124420784752119046085212488416650, 287439962806392087827856506575270396085 -> a []{'href': 'http://localhost:3001/images/homepage/screenshots/transactions.jpg', 'id': 'image-link-', 'style': "background-image: url('http://localhost:/images/homepage/screenshots/transactions.jpg');"}, 303715124420784752119046085212488416650, http://localhost:3001/
303715124420784752119046085212488416650, 136504310823099385748378508891970664617 -> a []{'href': 'http://localhost:3001/images/homepage/screenshots/i18n.jpg', 'id': 'image-link-', 'style': "background-image: url('http://localhost:/images/homepage/screenshots/in.jpg');"}, 303715124420784752119046085212488416650, http://localhost:3001/
303715124420784752119046085212488416650, 10802405691936414289029345631808623504 -> a ['Зареєструватися']{'href': '/user/registration', 'data-in': 'Register'}, 303715124420784752119046085212488416650, http://localhost:3001/
77659574643383717146484374309974862090, None, 77659574643383717146484374309974862090, http://localhost:3001/
77659574643383717146484374309974862090, None, 77659574643383717146484374309974862090, http://localhost:3001/
77659574643383717146484374309974862090, 238793388412553796489369081198711123509 -> a ['$ dimeshift']{'href': '/'}, 77659574643383717146484374309974862090, http://localhost:3001/
77659574643383717146484374309974862090, 26937431158232467677977705604558045713 -> a ['Увійти']{'href': '/user/signin', 'data-in': 'Sign In'}, 77659574643383717146484374309974862090, http://localhost:3001/
77659574643383717146484374309974862090, 72866117111720632136805165808169623358 -> a ['API']{'href': 'http://docs.dimeshift.apiary.io/'}, 77659574643383717146484374309974862090, http://localhost:3001/
77659574643383717146484374309974862090, 190436412563440965567892702940189959447 -> a ['Головна']{'href': '/', 'data-in': 'Home'}, 137267325058973041989033197583114700985, http://localhost:3001/wallets
77659574643383717146484374309974862090, None, 77659574643383717146484374309974862090, http://localhost:3001/
77659574643383717146484374309974862090, 190436412563440965567892702940189959447 -> a ['Головна']{'href': '/', 'data-in': 'Home'}, 77659574643383717146484374309974862090, http://localhost:3001/
77659574643383717146484374309974862090, 10802405691936414289029345631808623504 -> a ['Зареєструватися']{'href': '/user/registration', 'data-in': 'Register'}, 77659574643383717146484374309974862090, http://localhost:3001/
77659574643383717146484374309974862090, 69261900354377929876421606824271450118 -> a [<span aria-hidden="true" class="glyphicon glyphicon-globe", 77659574643383717146484374309974862090, http://localhost:3001/
77659574643383717146484374309974862090, 182596880576257731792110934288290103382 -> a ['Зв’язатися з нами']{'href': 'mailto:jeka911@gmail.com?subject=Wallet', 'data-in': 'Contact'}, 77659574643383717146484374309974862090, http://localhost:3001/
249605625497056497273018554915399798451, None, 249605625497056497273018554915399798451, http://localhost:3001/wallets
249605625497056497273018554915399798451, 187724728319577658139722443356388896772 -> a [<span data-i18n="Add", 276988954165485616918366683428247150515, http://localhost:3001/wallets
276988954165485616918366683428247150515, 239925641233538133137489749119744507586 -> form ['\n', <fieldset, 276988954165485616918366683428247150515, http://localhost:3001/wallets
276988954165485616918366683428247150515, 239925641233538133137489749119744507586 -> form ['\n', <fieldset, 276988954165485616918366683428247150515, http://localhost:3001/wallets
276988954165485616918366683428247150515, 164770504787406092505723908950430241986 -> button ['×']{'type': 'button', 'data-dismiss': 'modal', 'aria-hidden': 'true'}, 249605625497056497273018554915399798451, http://localhost:3001/wallets
249605625497056497273018554915399798451, 187724728319577658139722443356388896772 -> a [<span data-i18n="Add", 276988954165485616918366683428247150515, http://localhost:3001/wallets
276988954165485616918366683428247150515, 239925641233538133137489749119744507586 -> form ['\n', <fieldset, 276988954165485616918366683428247150515, http://localhost:3001/wallets
276988954165485616918366683428247150515, 164770504787406092505723908950430241986 -> button ['×']{'type': 'button', 'data-dismiss': 'modal', 'aria-hidden': 'true'}, 276988954165485616918366683428247150515, http://localhost:3001/wallets
276988954165485616918366683428247150515, 239925641233538133137489749119744507586 -> form ['\n', <fieldset, 276988954165485616918366683428247150515, http://localhost:3001/wallets
77659574643383717146484374309974862090, None, 77659574643383717146484374309974862090, http://localhost:3001/
77659574643383717146484374309974862090, 238793388412553796489369081198711123509 -> a ['$ dimeshift']{'href': '/'}, 77659574643383717146484374309974862090, http://localhost:3001/
77659574643383717146484374309974862090, 190436412563440965567892702940189959447 -> a ['Головна']{'href': '/', 'data-in': 'Home'}, 77659574643383717146484374309974862090, http://localhost:3001/
77659574643383717146484374309974862090, 10802405691936414289029345631808623504 -> a ['Зареєструватися']{'href': '/user/registration', 'data-in': 'Register'}, 77659574643383717146484374309974862090, http://localhost:3001/
77659574643383717146484374309974862090, 26937431158232467677977705604558045713 -> a ['Увійти']{'href': '/user/signin', 'data-in': 'Sign In'}, 77659574643383717146484374309974862090, http://localhost:3001/
77659574643383717146484374309974862090, 69261900354377929876421606824271450118 -> a [<span aria-hidden="true" class="glyphicon glyphicon-globe", 77659574643383717146484374309974862090, http://localhost:3001/
77659574643383717146484374309974862090, 182596880576257731792110934288290103382 -> a ['Зв’язатися з нами']{'href': 'mailto:jeka911@gmail.com?subject=Wallet', 'data-in': 'Contact'}, 77659574643383717146484374309974862090, http://localhost:3001/
249605625497056497273018554915399798451, None, 249605625497056497273018554915399798451, http://localhost:3001/wallets
249605625497056497273018554915399798451, 286580393255090375412231502316111926780 -> a ['Гаманці']{'href': '/wallets', 'data-in': 'Wallets'}, 249605625497056497273018554915399798451, http://localhost:3001/wallets
249605625497056497273018554915399798451, 131609652984278424028820886519839131737 -> button [<span class="glyphicon glyphicon-trash", 249605625497056497273018554915399798451, http://localhost:3001/wallets
249605625497056497273018554915399798451, 231245511688423077763801321750243919681 -> a ['\n', <div class="pull-right text-success transaction_amount", 249605625497056497273018554915399798451, http://localhost:3001/wallets
249605625497056497273018554915399798451, 116497902020799815024531508324907044998 -> button [<span class="glyphicon glyphicon-user", 249605625497056497273018554915399798451, http://localhost:3001/wallets
249605625497056497273018554915399798451, 328771437341493800782925010631321883198 -> button [<span class="glyphicon glyphicon-pencil", 249605625497056497273018554915399798451, http://localhost:3001/wallets
249605625497056497273018554915399798451, 69261900354377929876421606824271450118 -> a [<span aria-hidden="true" class="glyphicon glyphicon-globe", 249605625497056497273018554915399798451, http://localhost:3001/wallets
77659574643383717146484374309974862090, None, 77659574643383717146484374309974862090, http://localhost:3001/
77659574643383717146484374309974862090, 10802405691936414289029345631808623504 -> a ['Зареєструватися']{'href': '/user/registration', 'data-in': 'Register'}, 77659574643383717146484374309974862090, http://localhost:3001/
77659574643383717146484374309974862090, 72866117111720632136805165808169623358 -> a ['API']{'href': 'http://docs.dimeshift.apiary.io/'}, 120042711704540744062249797499918035067, http://localhost:3001/wallets/
120042711704540744062249797499918035067, 124435012103476739031160357894954491285 -> a ['Вийти']{'href': '/user/logout', 'data-in': 'Log Out'}, 188920098541747690250350669800314818354, http://localhost:3001/
188920098541747690250350669800314818354, 287439962806392087827856506575270396085 -> a []{'href': 'http://localhost:3001/images/homepage/screenshots/transactions.jpg', 'id': 'image-link-', 'style': "background-image: url('http://localhost:/images/homepage/screenshots/transactions.jpg');"}, 188920098541747690250350669800314818354, http://localhost:3001/
188920098541747690250350669800314818354, 91290584966005864898964373749121010246 -> input []{'type': 'submit', 'id': 'demo_signup', 'data-invalue': 'here', 'value': 'сюди'}, 188920098541747690250350669800314818354, http://localhost:3001/
188920098541747690250350669800314818354, 280553687692852780123066102917098299601 -> a []{'href': 'http://localhost:3001/images/homepage/screenshots/wallets.jpg', 'id': 'image-link-wallets', 'style': "background-image: url('http://localhost:/images/homepage/screenshots/wallets.jpg');"}, 188920098541747690250350669800314818354, http://localhost:3001/
188920098541747690250350669800314818354, 136504310823099385748378508891970664617 -> a []{'href': 'http://localhost:3001/images/homepage/screenshots/i18n.jpg', 'id': 'image-link-', 'style': "background-image: url('http://localhost:/images/homepage/screenshots/in.jpg');"}, 188920098541747690250350669800314818354, http://localhost:3001/
188920098541747690250350669800314818354, 24045720963061510147388474628965236342 -> a []{'href': 'http://localhost:3001/images/homepage/screenshots/goal.jpg', 'id': 'image-link-agpl', 'style': "background-image: url('http://localhost:/images/homepage/screenshots/goal.jpg');"}, 188920098541747690250350669800314818354, http://localhost:3001/
249605625497056497273018554915399798451, None, 249605625497056497273018554915399798451, http://localhost:3001/wallets
249605625497056497273018554915399798451, None, 249605625497056497273018554915399798451, http://localhost:3001/wallets
249605625497056497273018554915399798451, 328771437341493800782925010631321883198 -> button [<span class="glyphicon glyphicon-pencil", 116085958448605903389392321446904662492, http://localhost:3001/wallets
116085958448605903389392321446904662492, 79581293325395202054732448705084482147 -> form ['\n', <fieldset, 116085958448605903389392321446904662492, http://localhost:3001/wallets
116085958448605903389392321446904662492, 79581293325395202054732448705084482147 -> form ['\n', <fieldset, 116085958448605903389392321446904662492, http://localhost:3001/wallets
116085958448605903389392321446904662492, 164770504787406092505723908950430241986 -> button ['×']{'type': 'button', 'data-dismiss': 'modal', 'aria-hidden': 'true'}, 249605625497056497273018554915399798451, http://localhost:3001/wallets
249605625497056497273018554915399798451, 328771437341493800782925010631321883198 -> button [<span class="glyphicon glyphicon-pencil", 116085958448605903389392321446904662492, http://localhost:3001/wallets
116085958448605903389392321446904662492, 79581293325395202054732448705084482147 -> form ['\n', <fieldset, 116085958448605903389392321446904662492, http://localhost:3001/wallets
116085958448605903389392321446904662492, 164770504787406092505723908950430241986 -> button ['×']{'type': 'button', 'data-dismiss': 'modal', 'aria-hidden': 'true'}, 116085958448605903389392321446904662492, http://localhost:3001/wallets
116085958448605903389392321446904662492, 164770504787406092505723908950430241986 -> button ['×']{'type': 'button', 'data-dismiss': 'modal', 'aria-hidden': 'true'}, 116085958448605903389392321446904662492, http://localhost:3001/wallets
249605625497056497273018554915399798451, None, 249605625497056497273018554915399798451, http://localhost:3001/wallets
249605625497056497273018554915399798451, None, 249605625497056497273018554915399798451, http://localhost:3001/wallets
249605625497056497273018554915399798451, 116497902020799815024531508324907044998 -> button [<span class="glyphicon glyphicon-user", 249605625497056497273018554915399798451, http://localhost:3001/wallets
249605625497056497273018554915399798451, 87854654359445726600879656224621531814 -> a ['Цілі']{'href': '/plans', 'data-in': 'Goals'}, 249605625497056497273018554915399798451, http://localhost:3001/wallets
249605625497056497273018554915399798451, 182596880576257731792110934288290103382 -> a ['Зв’язатися з нами']{'href': 'mailto:jeka911@gmail.com?subject=Wallet', 'data-in': 'Contact'}, 249605625497056497273018554915399798451, http://localhost:3001/wallets
249605625497056497273018554915399798451, 306431475393325527207204292087088188112 -> a [<span class="glyphicon glyphicon-ok", 249605625497056497273018554915399798451, http://localhost:3001/wallets
249605625497056497273018554915399798451, 231245511688423077763801321750243919681 -> a ['\n', <div class="pull-right text-success transaction_amount", 295935520440878198191697747131358073629, http://localhost:3001/wallets/29
295935520440878198191697747131358073629, 21679703644424794109558437584847969315 -> a [<span data-i18n="Set Goal", 104016877352281779987979275111204130196, http://localhost:3001/wallets
77659574643383717146484374309974862090, None, 77659574643383717146484374309974862090, http://localhost:3001/
47242830502894490569469008310033172822, None, 47242830502894490569469008310033172822, http://localhost:3001/wallets
77659574643383717146484374309974862090, None, 77659574643383717146484374309974862090, http://localhost:3001/
77659574643383717146484374309974862090, 190436412563440965567892702940189959447 -> a ['Головна']{'href': '/', 'data-in': 'Home'}, 77659574643383717146484374309974862090, http://localhost:3001/
77659574643383717146484374309974862090, 182596880576257731792110934288290103382 -> a ['Зв’язатися з нами']{'href': 'mailto:jeka911@gmail.com?subject=Wallet', 'data-in': 'Contact'}, 77659574643383717146484374309974862090, http://localhost:3001/
77659574643383717146484374309974862090, 69261900354377929876421606824271450118 -> a [<span aria-hidden="true" class="glyphicon glyphicon-globe", 77659574643383717146484374309974862090, http://localhost:3001/
77659574643383717146484374309974862090, 26937431158232467677977705604558045713 -> a ['Увійти']{'href': '/user/signin', 'data-in': 'Sign In'}, 77659574643383717146484374309974862090, http://localhost:3001/
77659574643383717146484374309974862090, 238793388412553796489369081198711123509 -> a ['$ dimeshift']{'href': '/'}, 77659574643383717146484374309974862090, http://localhost:3001/
77659574643383717146484374309974862090, 182596880576257731792110934288290103382 -> a ['Зв’язатися з нами']{'href': 'mailto:jeka911@gmail.com?subject=Wallet', 'data-in': 'Contact'}, 77659574643383717146484374309974862090, http://localhost:3001/
77659574643383717146484374309974862090, 182596880576257731792110934288290103382 -> a ['Зв’язатися з нами']{'href': 'mailto:jeka911@gmail.com?subject=Wallet', 'data-in': 'Contact'}, 77659574643383717146484374309974862090, http://localhost:3001/
77659574643383717146484374309974862090, 190436412563440965567892702940189959447 -> a ['Головна']{'href': '/', 'data-in': 'Home'}, 77659574643383717146484374309974862090, http://localhost:3001/
47242830502894490569469008310033172822, None, 47242830502894490569469008310033172822, http://localhost:3001/wallets
47242830502894490569469008310033172822, 328771437341493800782925010631321883198 -> button [<span class="glyphicon glyphicon-pencil", 98680336776523427061985069896441756502, http://localhost:3001/wallets
98680336776523427061985069896441756502, 164770504787406092505723908950430241986 -> button ['×']{'type': 'button', 'data-dismiss': 'modal', 'aria-hidden': 'true'}, 47242830502894490569469008310033172822, http://localhost:3001/wallets
47242830502894490569469008310033172822, 328771437341493800782925010631321883198 -> button [<span class="glyphicon glyphicon-pencil", 156999786005314200216288692350512200930, http://localhost:3001/wallets
156999786005314200216288692350512200930, 79581293325395202054732448705084482147 -> form ['\n', <fieldset, 156999786005314200216288692350512200930, http://localhost:3001/wallets
156999786005314200216288692350512200930, 79581293325395202054732448705084482147 -> form ['\n', <fieldset, 156999786005314200216288692350512200930, http://localhost:3001/wallets
156999786005314200216288692350512200930, 79581293325395202054732448705084482147 -> form ['\n', <fieldset, 47242830502894490569469008310033172822, http://localhost:3001/wallets
47242830502894490569469008310033172822, 328771437341493800782925010631321883198 -> button [<span class="glyphicon glyphicon-pencil", 47242830502894490569469008310033172822, http://localhost:3001/wallets
47242830502894490569469008310033172822, 231245511688423077763801321750243919681 -> a ['\n', <div class="pull-right text-success transaction_amount", 47242830502894490569469008310033172822, http://localhost:3001/wallets
77659574643383717146484374309974862090, None, 77659574643383717146484374309974862090, http://localhost:3001/
77659574643383717146484374309974862090, 69261900354377929876421606824271450118 -> a [<span aria-hidden="true" class="glyphicon glyphicon-globe", 77659574643383717146484374309974862090, http://localhost:3001/
77659574643383717146484374309974862090, 10802405691936414289029345631808623504 -> a ['Зареєструватися']{'href': '/user/registration', 'data-in': 'Register'}, 77659574643383717146484374309974862090, http://localhost:3001/
77659574643383717146484374309974862090, 26937431158232467677977705604558045713 -> a ['Увійти']{'href': '/user/signin', 'data-in': 'Sign In'}, 77659574643383717146484374309974862090, http://localhost:3001/
77659574643383717146484374309974862090, 238793388412553796489369081198711123509 -> a ['$ dimeshift']{'href': '/'}, 77659574643383717146484374309974862090, http://localhost:3001/
77659574643383717146484374309974862090, 182596880576257731792110934288290103382 -> a ['Зв’язатися з нами']{'href': 'mailto:jeka911@gmail.com?subject=Wallet', 'data-in': 'Contact'}, 77659574643383717146484374309974862090, http://localhost:3001/
77659574643383717146484374309974862090, 190436412563440965567892702940189959447 -> a ['Головна']{'href': '/', 'data-in': 'Home'}, 77659574643383717146484374309974862090, http://localhost:3001/
249605625497056497273018554915399798451, None, 249605625497056497273018554915399798451, http://localhost:3001/wallets
321918549728160409857537670807424696747, None, 321918549728160409857537670807424696747, http://localhost:3001/
321918549728160409857537670807424696747, 182596880576257731792110934288290103382 -> a ['Зв’язатися з нами']{'href': 'mailto:jeka911@gmail.com?subject=Wallet', 'data-in': 'Contact'}, 321918549728160409857537670807424696747, http://localhost:3001/
321918549728160409857537670807424696747, 24045720963061510147388474628965236342 -> a []{'href': 'http://localhost:3001/images/homepage/screenshots/goal.jpg', 'id': 'image-link-agpl', 'style': "background-image: url('http://localhost:/images/homepage/screenshots/goal.jpg');"}, 321918549728160409857537670807424696747, http://localhost:3001/
321918549728160409857537670807424696747, 238793388412553796489369081198711123509 -> a ['$ dimeshift']{'href': '/'}, 321918549728160409857537670807424696747, http://localhost:3001/
321918549728160409857537670807424696747, 280553687692852780123066102917098299601 -> a []{'href': 'http://localhost:3001/images/homepage/screenshots/wallets.jpg', 'id': 'image-link-wallets', 'style': "background-image: url('http://localhost:/images/homepage/screenshots/wallets.jpg');"}, 321918549728160409857537670807424696747, http://localhost:3001/
321918549728160409857537670807424696747, 26937431158232467677977705604558045713 -> a ['Увійти']{'href': '/user/signin', 'data-in': 'Sign In'}, 321918549728160409857537670807424696747, http://localhost:3001/
321918549728160409857537670807424696747, 10802405691936414289029345631808623504 -> a ['Зареєструватися']{'href': '/user/registration', 'data-in': 'Register'}, 321918549728160409857537670807424696747, http://localhost:3001/
321918549728160409857537670807424696747, 190436412563440965567892702940189959447 -> a ['Головна']{'href': '/', 'data-in': 'Home'}, 321918549728160409857537670807424696747, http://localhost:3001/
321918549728160409857537670807424696747, 69261900354377929876421606824271450118 -> a [<span aria-hidden="true" class="glyphicon glyphicon-globe", 321918549728160409857537670807424696747, http://localhost:3001/
249605625497056497273018554915399798451, None, 249605625497056497273018554915399798451, http://localhost:3001/wallets
77659574643383717146484374309974862090, None, 77659574643383717146484374309974862090, http://localhost:3001/
77659574643383717146484374309974862090, 190436412563440965567892702940189959447 -> a ['Головна']{'href': '/', 'data-in': 'Home'}, 77659574643383717146484374309974862090, http://localhost:3001/
77659574643383717146484374309974862090, 182596880576257731792110934288290103382 -> a ['Зв’язатися з нами']{'href': 'mailto:jeka911@gmail.com?subject=Wallet', 'data-in': 'Contact'}, 77659574643383717146484374309974862090, http://localhost:3001/
77659574643383717146484374309974862090, 10802405691936414289029345631808623504 -> a ['Зареєструватися']{'href': '/user/registration', 'data-in': 'Register'}, 77659574643383717146484374309974862090, http://localhost:3001/
77659574643383717146484374309974862090, 26937431158232467677977705604558045713 -> a ['Увійти']{'href': '/user/signin', 'data-in': 'Sign In'}, 77659574643383717146484374309974862090, http://localhost:3001/
77659574643383717146484374309974862090, 69261900354377929876421606824271450118 -> a [<span aria-hidden="true" class="glyphicon glyphicon-globe", 77659574643383717146484374309974862090, http://localhost:3001/
77659574643383717146484374309974862090, 72866117111720632136805165808169623358 -> a ['API']{'href': 'http://docs.dimeshift.apiary.io/'}, 77659574643383717146484374309974862090, http://localhost:3001/
77659574643383717146484374309974862090, 238793388412553796489369081198711123509 -> a ['$ dimeshift']{'href': '/'}, 77659574643383717146484374309974862090, http://localhost:3001/
249605625497056497273018554915399798451, None, 249605625497056497273018554915399798451, http://localhost:3001/wallets
77659574643383717146484374309974862090, None, 77659574643383717146484374309974862090, http://localhost:3001/
77659574643383717146484374309974862090, 10802405691936414289029345631808623504 -> a ['Зареєструватися']{'href': '/user/registration', 'data-in': 'Register'}, 77659574643383717146484374309974862090, http://localhost:3001/
77659574643383717146484374309974862090, 72866117111720632136805165808169623358 -> a ['API']{'href': 'http://docs.dimeshift.apiary.io/'}, 77659574643383717146484374309974862090, http://localhost:3001/
77659574643383717146484374309974862090, 69261900354377929876421606824271450118 -> a [<span aria-hidden="true" class="glyphicon glyphicon-globe", 77659574643383717146484374309974862090, http://localhost:3001/
77659574643383717146484374309974862090, 182596880576257731792110934288290103382 -> a ['Зв’язатися з нами']{'href': 'mailto:jeka911@gmail.com?subject=Wallet', 'data-in': 'Contact'}, 77659574643383717146484374309974862090, http://localhost:3001/
77659574643383717146484374309974862090, 238793388412553796489369081198711123509 -> a ['$ dimeshift']{'href': '/'}, 77659574643383717146484374309974862090, http://localhost:3001/
77659574643383717146484374309974862090, 26937431158232467677977705604558045713 -> a ['Увійти']{'href': '/user/signin', 'data-in': 'Sign In'}, 77659574643383717146484374309974862090, http://localhost:3001/
77659574643383717146484374309974862090, 190436412563440965567892702940189959447 -> a ['Головна']{'href': '/', 'data-in': 'Home'}, 77659574643383717146484374309974862090, http://localhost:3001/
77659574643383717146484374309974862090, 10802405691936414289029345631808623504 -> a ['Зареєструватися']{'href': '/user/registration', 'data-in': 'Register'}, 120042711704540744062249797499918035067, http://localhost:3001/wallets/
249605625497056497273018554915399798451, None, 249605625497056497273018554915399798451, http://localhost:3001/wallets
77659574643383717146484374309974862090, None, 77659574643383717146484374309974862090, http://localhost:3001/
77659574643383717146484374309974862090, 10802405691936414289029345631808623504 -> a ['Зареєструватися']{'href': '/user/registration', 'data-in': 'Register'}, 77659574643383717146484374309974862090, http://localhost:3001/
77659574643383717146484374309974862090, 26937431158232467677977705604558045713 -> a ['Увійти']{'href': '/user/signin', 'data-in': 'Sign In'}, 77659574643383717146484374309974862090, http://localhost:3001/
77659574643383717146484374309974862090, 190436412563440965567892702940189959447 -> a ['Головна']{'href': '/', 'data-in': 'Home'}, 120042711704540744062249797499918035067, http://localhost:3001/wallets/
120042711704540744062249797499918035067, 124435012103476739031160357894954491285 -> a ['Вийти']{'href': '/user/logout', 'data-in': 'Log Out'}, 188920098541747690250350669800314818354, http://localhost:3001/
188920098541747690250350669800314818354, 24045720963061510147388474628965236342 -> a []{'href': 'http://localhost:3001/images/homepage/screenshots/goal.jpg', 'id': 'image-link-agpl', 'style': "background-image: url('http://localhost:/images/homepage/screenshots/goal.jpg');"}, 188920098541747690250350669800314818354, http://localhost:3001/
188920098541747690250350669800314818354, 287439962806392087827856506575270396085 -> a []{'href': 'http://localhost:3001/images/homepage/screenshots/transactions.jpg', 'id': 'image-link-', 'style': "background-image: url('http://localhost:/images/homepage/screenshots/transactions.jpg');"}, 188920098541747690250350669800314818354, http://localhost:3001/
188920098541747690250350669800314818354, 136504310823099385748378508891970664617 -> a []{'href': 'http://localhost:3001/images/homepage/screenshots/i18n.jpg', 'id': 'image-link-', 'style': "background-image: url('http://localhost:/images/homepage/screenshots/in.jpg');"}, 188920098541747690250350669800314818354, http://localhost:3001/
188920098541747690250350669800314818354, 280553687692852780123066102917098299601 -> a []{'href': 'http://localhost:3001/images/homepage/screenshots/wallets.jpg', 'id': 'image-link-wallets', 'style': "background-image: url('http://localhost:/images/homepage/screenshots/wallets.jpg');"}, 188920098541747690250350669800314818354, http://localhost:3001/
249605625497056497273018554915399798451, None, 249605625497056497273018554915399798451, http://localhost:3001/wallets
249605625497056497273018554915399798451, None, 249605625497056497273018554915399798451, http://localhost:3001/wallets
249605625497056497273018554915399798451, 48814583739174016046131311673003117755 -> a ['Налаштування']{'href': '/profile', 'data-in': 'Settings'}, 323910836748953729601556440398519877559, http://localhost:3001/profile
323910836748953729601556440398519877559, 80060677281164530367422800899917948815 -> a [<span class="glyphicon glyphicon-trash", 309230097941354476772731175821102484449, http://localhost:3001/profile#
309230097941354476772731175821102484449, 129214654541137121627148332220413038934 -> a [<span data-i18n="Log Out", 188920098541747690250350669800314818354, http://localhost:3001/
188920098541747690250350669800314818354, 190436412563440965567892702940189959447 -> a ['Головна']{'href': '/', 'data-in': 'Home'}, 188920098541747690250350669800314818354, http://localhost:3001/
188920098541747690250350669800314818354, 26937431158232467677977705604558045713 -> a ['Увійти']{'href': '/user/signin', 'data-in': 'Sign In'}, 188920098541747690250350669800314818354, http://localhost:3001/
188920098541747690250350669800314818354, 10802405691936414289029345631808623504 -> a ['Зареєструватися']{'href': '/user/registration', 'data-in': 'Register'}, 188920098541747690250350669800314818354, http://localhost:3001/
321918549728160409857537670807424696747, None, 321918549728160409857537670807424696747, http://localhost:3001/
321918549728160409857537670807424696747, 69261900354377929876421606824271450118 -> a [<span aria-hidden="true" class="glyphicon glyphicon-globe", 321918549728160409857537670807424696747, http://localhost:3001/
321918549728160409857537670807424696747, 10802405691936414289029345631808623504 -> a ['Зареєструватися']{'href': '/user/registration', 'data-in': 'Register'}, 321918549728160409857537670807424696747, http://localhost:3001/
321918549728160409857537670807424696747, 280553687692852780123066102917098299601 -> a []{'href': 'http://localhost:3001/images/homepage/screenshots/wallets.jpg', 'id': 'image-link-wallets', 'style': "background-image: url('http://localhost:/images/homepage/screenshots/wallets.jpg');"}, 321918549728160409857537670807424696747, http://localhost:3001/
321918549728160409857537670807424696747, 72866117111720632136805165808169623358 -> a ['API']{'href': 'http://docs.dimeshift.apiary.io/'}, 321918549728160409857537670807424696747, http://localhost:3001/
321918549728160409857537670807424696747, 190436412563440965567892702940189959447 -> a ['Головна']{'href': '/', 'data-in': 'Home'}, 321918549728160409857537670807424696747, http://localhost:3001/
77659574643383717146484374309974862090, None, 77659574643383717146484374309974862090, http://localhost:3001/
77659574643383717146484374309974862090, 190436412563440965567892702940189959447 -> a ['Головна']{'href': '/', 'data-in': 'Home'}, 120042711704540744062249797499918035067, http://localhost:3001/wallets/
120042711704540744062249797499918035067, 124435012103476739031160357894954491285 -> a ['Вийти']{'href': '/user/logout', 'data-in': 'Log Out'}, 188920098541747690250350669800314818354, http://localhost:3001/
188920098541747690250350669800314818354, 136504310823099385748378508891970664617 -> a []{'href': 'http://localhost:3001/images/homepage/screenshots/i18n.jpg', 'id': 'image-link-', 'style': "background-image: url('http://localhost:/images/homepage/screenshots/in.jpg');"}, 188920098541747690250350669800314818354, http://localhost:3001/
188920098541747690250350669800314818354, 24045720963061510147388474628965236342 -> a []{'href': 'http://localhost:3001/images/homepage/screenshots/goal.jpg', 'id': 'image-link-agpl', 'style': "background-image: url('http://localhost:/images/homepage/screenshots/goal.jpg');"}, 188920098541747690250350669800314818354, http://localhost:3001/
188920098541747690250350669800314818354, 136504310823099385748378508891970664617 -> a []{'href': 'http://localhost:3001/images/homepage/screenshots/i18n.jpg', 'id': 'image-link-', 'style': "background-image: url('http://localhost:/images/homepage/screenshots/in.jpg');"}, 188920098541747690250350669800314818354, http://localhost:3001/
188920098541747690250350669800314818354, 287439962806392087827856506575270396085 -> a []{'href': 'http://localhost:3001/images/homepage/screenshots/transactions.jpg', 'id': 'image-link-', 'style': "background-image: url('http://localhost:/images/homepage/screenshots/transactions.jpg');"}, 188920098541747690250350669800314818354, http://localhost:3001/
188920098541747690250350669800314818354, 24045720963061510147388474628965236342 -> a []{'href': 'http://localhost:3001/images/homepage/screenshots/goal.jpg', 'id': 'image-link-agpl', 'style': "background-image: url('http://localhost:/images/homepage/screenshots/goal.jpg');"}, 188920098541747690250350669800314818354, http://localhost:3001/
188920098541747690250350669800314818354, 136504310823099385748378508891970664617 -> a []{'href': 'http://localhost:3001/images/homepage/screenshots/i18n.jpg', 'id': 'image-link-', 'style': "background-image: url('http://localhost:/images/homepage/screenshots/in.jpg');"}, 188920098541747690250350669800314818354, http://localhost:3001/
77659574643383717146484374309974862090, None, 77659574643383717146484374309974862090, http://localhost:3001/
77659574643383717146484374309974862090, 190436412563440965567892702940189959447 -> a ['Головна']{'href': '/', 'data-in': 'Home'}, 120042711704540744062249797499918035067, http://localhost:3001/wallets/
120042711704540744062249797499918035067, 286580393255090375412231502316111926780 -> a ['Гаманці']{'href': '/wallets', 'data-in': 'Wallets'}, 172602876058674444302686944982837418536, http://localhost:3001/wallets
172602876058674444302686944982837418536, 61024840673999578439753354214411073858 -> a [<span class="glyphicon glyphicon-trash", 172602876058674444302686944982837418536, http://localhost:3001/wallets
172602876058674444302686944982837418536, 328771437341493800782925010631321883198 -> button [<span class="glyphicon glyphicon-pencil", 312028589426072543007853618944253878285, http://localhost:3001/wallets
312028589426072543007853618944253878285, 314548244447488374639562746019385021252 -> form ['\n', <fieldset, 312028589426072543007853618944253878285, http://localhost:3001/wallets
312028589426072543007853618944253878285, 314548244447488374639562746019385021252 -> form ['\n', <fieldset, 312028589426072543007853618944253878285, http://localhost:3001/wallets
312028589426072543007853618944253878285, 164770504787406092505723908950430241986 -> button ['×']{'type': 'button', 'data-dismiss': 'modal', 'aria-hidden': 'true'}, 172602876058674444302686944982837418536, http://localhost:3001/wallets
172602876058674444302686944982837418536, 328771437341493800782925010631321883198 -> button [<span class="glyphicon glyphicon-pencil", 312028589426072543007853618944253878285, http://localhost:3001/wallets
