77659574643383717146484374309974862090, None, 77659574643383717146484374309974862090, http://localhost:3001/
77659574643383717146484374309974862090, 69261900354377929876421606824271450118 -> a [<span aria-hidden="true" class="glyphicon glyphicon-globe", 120042711704540744062249797499918035067, http://localhost:3001/wallets/
120042711704540744062249797499918035067, 267477458218339244621269004092018154357 -> button ['Português Brasileiro']{'type': 'button', 'data-code': 'pt-br'}, 84639112740862223334344732774414217204, http://localhost:3001/wallets
84639112740862223334344732774414217204, 336145394240353959266535772156875663398 -> a [<span data-i18n="Add", 317534562970643144180621870746635552125, http://localhost:3001/wallets
317534562970643144180621870746635552125, 246570228531428906097112203382979993402 -> a ['\n', <div class="pull-right text-success transaction_amount", 300631231042844093543704488160111809277, http://localhost:3001/wallets/2
300631231042844093543704488160111809277, 69528243782907042279263174675392226850 -> a [<span data-i18n="set total to", 118005409822295598384954144411602994014, http://localhost:3001/wallets/2
118005409822295598384954144411602994014, 88807712223577220660192415716354172610 -> form ['\n', <fieldset, 118005409822295598384954144411602994014, http://localhost:3001/wallets/2
118005409822295598384954144411602994014, 88807712223577220660192415716354172610 -> form ['\n', <fieldset, 118005409822295598384954144411602994014, http://localhost:3001/wallets/2
118005409822295598384954144411602994014, 88807712223577220660192415716354172610 -> form ['\n', <fieldset, 118005409822295598384954144411602994014, http://localhost:3001/wallets/2
247182066328730097386661081271523981157, None, 247182066328730097386661081271523981157, http://localhost:3001/wallets
247182066328730097386661081271523981157, 265425560945659146314544958760209456432 -> button [<span class="glyphicon glyphicon-trash", 247182066328730097386661081271523981157, http://localhost:3001/wallets
247182066328730097386661081271523981157, 177246519318305343538745738450868894195 -> a ['Carteiras']{'href': '/wallets', 'data-in': 'Wallets'}, 247182066328730097386661081271523981157, http://localhost:3001/wallets
247182066328730097386661081271523981157, 69261900354377929876421606824271450118 -> a [<span aria-hidden="true" class="glyphicon glyphicon-globe", 247182066328730097386661081271523981157, http://localhost:3001/wallets
247182066328730097386661081271523981157, 168347111046844642155174914429170428770 -> a [<span class="glyphicon glyphicon-share-alt", 247182066328730097386661081271523981157, http://localhost:3001/wallets
247182066328730097386661081271523981157, 226118228993973753856922655378219548481 -> a ['Contato']{'href': 'mailto:jeka911@gmail.com?subject=Wallet', 'data-in': 'Contact'}, 247182066328730097386661081271523981157, http://localhost:3001/wallets
247182066328730097386661081271523981157, 272768393643984903268806277960255611085 -> a ['Encerrar']{'href': '/user/logout', 'data-in': 'Log Out'}, 193526725416747929178547702702019836077, http://localhost:3001/
193526725416747929178547702702019836077, 212887131816237231176308947963088273298 -> a ['Entrar']{'href': '/user/signin', 'data-in': 'Sign In'}, 193526725416747929178547702702019836077, http://localhost:3001/
193526725416747929178547702702019836077, 280553687692852780123066102917098299601 -> a []{'href': 'http://localhost:3001/images/homepage/screenshots/wallets.jpg', 'id': 'image-link-wallets', 'style': "background-image: url('http://localhost:/images/homepage/screenshots/wallets.jpg');"}, 193526725416747929178547702702019836077, http://localhost:3001/
77659574643383717146484374309974862090, None, 77659574643383717146484374309974862090, http://localhost:3001/
77659574643383717146484374309974862090, 69261900354377929876421606824271450118 -> a [<span aria-hidden="true" class="glyphicon glyphicon-globe", 120042711704540744062249797499918035067, http://localhost:3001/wallets/
120042711704540744062249797499918035067, 267477458218339244621269004092018154357 -> button ['Português Brasileiro']{'type': 'button', 'data-code': 'pt-br'}, 267119821491405687904082589869546180164, http://localhost:3001/wallets
267119821491405687904082589869546180164, 20071543171565624685042478964536861481 -> a [<span class="glyphicon glyphicon-trash", 11057570591372313936075442438594820362, http://localhost:3001/wallets
11057570591372313936075442438594820362, 83708544656798593439762842189242144863 -> a ['\n', <div class="pull-right text-success transaction_amount", 11057570591372313936075442438594820362, http://localhost:3001/wallets
11057570591372313936075442438594820362, 4158219995083779296464523326057845776 -> a ['Цели']{'href': '/plans', 'data-in': 'Goals'}, 11057570591372313936075442438594820362, http://localhost:3001/wallets
11057570591372313936075442438594820362, 140457817286280627231574580337331143548 -> button [<span class="glyphicon glyphicon-trash", 11057570591372313936075442438594820362, http://localhost:3001/wallets
11057570591372313936075442438594820362, 30906913677491510962581766254140068231 -> a ['Выйти']{'href': '/user/logout', 'data-in': 'Log Out'}, 11057570591372313936075442438594820362, http://localhost:3001/wallets
11057570591372313936075442438594820362, 49893265973760036789078185879520493655 -> button [<span class="glyphicon glyphicon-pencil", 11057570591372313936075442438594820362, http://localhost:3001/wallets
134421358198685905166114411904143715040, None, 134421358198685905166114411904143715040, http://localhost:3001/wallets
134421358198685905166114411904143715040, 30906913677491510962581766254140068231 -> a ['Выйти']{'href': '/user/logout', 'data-in': 'Log Out'}, 295392063217451202734322903333603391175, http://localhost:3001/
77659574643383717146484374309974862090, None, 77659574643383717146484374309974862090, http://localhost:3001/
77659574643383717146484374309974862090, 69261900354377929876421606824271450118 -> a [<span aria-hidden="true" class="glyphicon glyphicon-globe", 120042711704540744062249797499918035067, http://localhost:3001/wallets/
120042711704540744062249797499918035067, 267477458218339244621269004092018154357 -> button ['Português Brasileiro']{'type': 'button', 'data-code': 'pt-br'}, 243903840604940270326990560110575220823, http://localhost:3001/wallets
116268532618738076233152221714752647686, None, 116268532618738076233152221714752647686, http://localhost:3001/wallets
116268532618738076233152221714752647686, 260874942789934940868775990394842309470 -> button [<span class="glyphicon glyphicon-user", 116268532618738076233152221714752647686, http://localhost:3001/wallets
116268532618738076233152221714752647686, 140457817286280627231574580337331143548 -> button [<span class="glyphicon glyphicon-trash", 116268532618738076233152221714752647686, http://localhost:3001/wallets
116268532618738076233152221714752647686, 4158219995083779296464523326057845776 -> a ['Цели']{'href': '/plans', 'data-in': 'Goals'}, 116268532618738076233152221714752647686, http://localhost:3001/wallets
116268532618738076233152221714752647686, None, 116268532618738076233152221714752647686, http://localhost:3001/wallets
116268532618738076233152221714752647686, None, 116268532618738076233152221714752647686, http://localhost:3001/wallets
116268532618738076233152221714752647686, None, 116268532618738076233152221714752647686, http://localhost:3001/wallets
116268532618738076233152221714752647686, 275907717788203934390375418129897034499 -> a [<span class="glyphicon glyphicon-ok", 116268532618738076233152221714752647686, http://localhost:3001/wallets
116268532618738076233152221714752647686, None, 116268532618738076233152221714752647686, http://localhost:3001/wallets
116268532618738076233152221714752647686, 27506228919271439081625953108489952977 -> a ['\n', <div class="pull-right text-success transaction_amount", 116268532618738076233152221714752647686, http://localhost:3001/wallets
116268532618738076233152221714752647686, 55145507804341927211150742343667869120 -> a ['Исходный код на GitHub']{'href': 'https://github.com/jeka-kiselyov/dimeshift', 'data-in': 'View Source on GitHub'}, 116268532618738076233152221714752647686, http://localhost:3001/wallets
116268532618738076233152221714752647686, None, 116268532618738076233152221714752647686, http://localhost:3001/wallets
116268532618738076233152221714752647686, 49893265973760036789078185879520493655 -> button [<span class="glyphicon glyphicon-pencil", 94548555487888773961000623449536887178, http://localhost:3001/wallets
94548555487888773961000623449536887178, 222230946711345745280265913845211962539 -> form ['\n', <fieldset, 94548555487888773961000623449536887178, http://localhost:3001/wallets
94548555487888773961000623449536887178, 222230946711345745280265913845211962539 -> form ['\n', <fieldset, 116268532618738076233152221714752647686, http://localhost:3001/wallets
116268532618738076233152221714752647686, 49893265973760036789078185879520493655 -> button [<span class="glyphicon glyphicon-pencil", 116268532618738076233152221714752647686, http://localhost:3001/wallets
116268532618738076233152221714752647686, 213479786488486324662011383303045304045 -> a [<span data-i18n="Add", 116268532618738076233152221714752647686, http://localhost:3001/wallets
116268532618738076233152221714752647686, 241287176716538449906055495045408900643 -> a [<span class="glyphicon glyphicon-user", 116268532618738076233152221714752647686, http://localhost:3001/wallets
116268532618738076233152221714752647686, 315993652333304908316611887600279878413 -> a ['Кошельки']{'href': '/wallets', 'data-in': 'Wallets'}, 116268532618738076233152221714752647686, http://localhost:3001/wallets
116268532618738076233152221714752647686, 134073009530815014980291977605128349685 -> a [<span class="glyphicon glyphicon-ok", 116268532618738076233152221714752647686, http://localhost:3001/wallets
116268532618738076233152221714752647686, None, 116268532618738076233152221714752647686, http://localhost:3001/wallets
116268532618738076233152221714752647686, 200078259872908410490252351199923471623 -> a ['\n', <div class="pull-right text-success transaction_amount", 250253075022762487182720658728707108217, http://localhost:3001/wallets
250253075022762487182720658728707108217, 11961526173630482686348860988673258662 -> form ['\n', <fieldset, 250253075022762487182720658728707108217, http://localhost:3001/wallets
250253075022762487182720658728707108217, 11961526173630482686348860988673258662 -> form ['\n', <fieldset, 116268532618738076233152221714752647686, http://localhost:3001/wallets
116268532618738076233152221714752647686, 200078259872908410490252351199923471623 -> a ['\n', <div class="pull-right text-success transaction_amount", 116268532618738076233152221714752647686, http://localhost:3001/wallets
116268532618738076233152221714752647686, 21824728745494118346806017482475308344 -> a ['Настройки']{'href': '/profile', 'data-in': 'Settings'}, 137771247563407233685410638615245663375, http://localhost:3001/profile
137771247563407233685410638615245663375, 180217012861920527268826864699353676198 -> a [<span class="glyphicon glyphicon-trash", 273117107120330226282741416188003621606, http://localhost:3001/profile#
273117107120330226282741416188003621606, 246645979443056923504358182049644261062 -> a [<span data-i18n="Log Out", 293702407479294576344374360223593015901, http://localhost:3001/
293702407479294576344374360223593015901, 289616954940970019044592478557619202053 -> a ['Зарегистрироваться']{'href': '/user/registration', 'data-in': 'Register'}, 293702407479294576344374360223593015901, http://localhost:3001/
77659574643383717146484374309974862090, None, 77659574643383717146484374309974862090, http://localhost:3001/
77659574643383717146484374309974862090, 69261900354377929876421606824271450118 -> a [<span aria-hidden="true" class="glyphicon glyphicon-globe", 120042711704540744062249797499918035067, http://localhost:3001/wallets/
120042711704540744062249797499918035067, 267477458218339244621269004092018154357 -> button ['Português Brasileiro']{'type': 'button', 'data-code': 'pt-br'}, 98336969988873803973130368938438531808, http://localhost:3001/wallets
334528741258205162212965893675032628671, None, 334528741258205162212965893675032628671, http://localhost:3001/wallets
334528741258205162212965893675032628671, None, 334528741258205162212965893675032628671, http://localhost:3001/wallets
334528741258205162212965893675032628671, None, 334528741258205162212965893675032628671, http://localhost:3001/wallets
334528741258205162212965893675032628671, 21824728745494118346806017482475308344 -> a ['Настройки']{'href': '/profile', 'data-in': 'Settings'}, 137771247563407233685410638615245663375, http://localhost:3001/profile
137771247563407233685410638615245663375, 180217012861920527268826864699353676198 -> a [<span class="glyphicon glyphicon-trash", 273117107120330226282741416188003621606, http://localhost:3001/profile#
273117107120330226282741416188003621606, 246645979443056923504358182049644261062 -> a [<span data-i18n="Log Out", 293702407479294576344374360223593015901, http://localhost:3001/
293702407479294576344374360223593015901, 280553687692852780123066102917098299601 -> a []{'href': 'http://localhost:3001/images/homepage/screenshots/wallets.jpg', 'id': 'image-link-wallets', 'style': "background-image: url('http://localhost:/images/homepage/screenshots/wallets.jpg');"}, 293702407479294576344374360223593015901, http://localhost:3001/
293702407479294576344374360223593015901, 287439962806392087827856506575270396085 -> a []{'href': 'http://localhost:3001/images/homepage/screenshots/transactions.jpg', 'id': 'image-link-', 'style': "background-image: url('http://localhost:/images/homepage/screenshots/transactions.jpg');"}, 293702407479294576344374360223593015901, http://localhost:3001/
293702407479294576344374360223593015901, 272701501151848433955272174166403287021 -> a ['Войти']{'href': '/user/signin', 'data-in': 'Sign In'}, 293702407479294576344374360223593015901, http://localhost:3001/
293702407479294576344374360223593015901, 240486852943402416586504389427876017668 -> a ['Главная']{'href': '/', 'data-in': 'Home'}, 293702407479294576344374360223593015901, http://localhost:3001/
311862039182977236735401170552686703919, None, 311862039182977236735401170552686703919, http://localhost:3001/
311862039182977236735401170552686703919, 287439962806392087827856506575270396085 -> a []{'href': 'http://localhost:3001/images/homepage/screenshots/transactions.jpg', 'id': 'image-link-', 'style': "background-image: url('http://localhost:/images/homepage/screenshots/transactions.jpg');"}, 311862039182977236735401170552686703919, http://localhost:3001/
311862039182977236735401170552686703919, 24045720963061510147388474628965236342 -> a []{'href': 'http://localhost:3001/images/homepage/screenshots/goal.jpg', 'id': 'image-link-agpl', 'style': "background-image: url('http://localhost:/images/homepage/screenshots/goal.jpg');"}, 311862039182977236735401170552686703919, http://localhost:3001/
311862039182977236735401170552686703919, 136504310823099385748378508891970664617 -> a []{'href': 'http://localhost:3001/images/homepage/screenshots/i18n.jpg', 'id': 'image-link-', 'style': "background-image: url('http://localhost:/images/homepage/screenshots/in.jpg');"}, 311862039182977236735401170552686703919, http://localhost:3001/
311862039182977236735401170552686703919, 175622598061817962830991640137317797091 -> a ['Написать нам']{'href': 'mailto:jeka911@gmail.com?subject=Wallet', 'data-in': 'Contact'}, 311862039182977236735401170552686703919, http://localhost:3001/
311862039182977236735401170552686703919, 289616954940970019044592478557619202053 -> a ['Зарегистрироваться']{'href': '/user/registration', 'data-in': 'Register'}, 311862039182977236735401170552686703919, http://localhost:3001/
311862039182977236735401170552686703919, 40967439154621552822409111263863455804 -> input []{'type': 'submit', 'id': 'demo_signup', 'data-invalue': 'here', 'value': 'сюда'}, 311862039182977236735401170552686703919, http://localhost:3001/
311862039182977236735401170552686703919, 238793388412553796489369081198711123509 -> a ['$ dimeshift']{'href': '/'}, 311862039182977236735401170552686703919, http://localhost:3001/
77659574643383717146484374309974862090, None, 77659574643383717146484374309974862090, http://localhost:3001/
77659574643383717146484374309974862090, 69261900354377929876421606824271450118 -> a [<span aria-hidden="true" class="glyphicon glyphicon-globe", 120042711704540744062249797499918035067, http://localhost:3001/wallets/
120042711704540744062249797499918035067, 267477458218339244621269004092018154357 -> button ['Português Brasileiro']{'type': 'button', 'data-code': 'pt-br'}, 330925695634227624010311993851550604743, http://localhost:3001/wallets
174237307576119213838793988616024076858, None, 174237307576119213838793988616024076858, http://localhost:3001/wallets
174237307576119213838793988616024076858, None, 174237307576119213838793988616024076858, http://localhost:3001/wallets
174237307576119213838793988616024076858, None, 174237307576119213838793988616024076858, http://localhost:3001/wallets
174237307576119213838793988616024076858, 213479786488486324662011383303045304045 -> a [<span data-i18n="Add", 202900031252740499261903648727487995488, http://localhost:3001/wallets
202900031252740499261903648727487995488, 164770504787406092505723908950430241986 -> button ['×']{'type': 'button', 'data-dismiss': 'modal', 'aria-hidden': 'true'}, 174237307576119213838793988616024076858, http://localhost:3001/wallets
174237307576119213838793988616024076858, 213479786488486324662011383303045304045 -> a [<span data-i18n="Add", 202900031252740499261903648727487995488, http://localhost:3001/wallets
202900031252740499261903648727487995488, 116460481590173028260667907519653903509 -> form ['\n', <fieldset, 202900031252740499261903648727487995488, http://localhost:3001/wallets
202900031252740499261903648727487995488, 116460481590173028260667907519653903509 -> form ['\n', <fieldset, 202900031252740499261903648727487995488, http://localhost:3001/wallets
202900031252740499261903648727487995488, 116460481590173028260667907519653903509 -> form ['\n', <fieldset, 202900031252740499261903648727487995488, http://localhost:3001/wallets
202900031252740499261903648727487995488, 116460481590173028260667907519653903509 -> form ['\n', <fieldset, 202900031252740499261903648727487995488, http://localhost:3001/wallets
202900031252740499261903648727487995488, 116460481590173028260667907519653903509 -> form ['\n', <fieldset, 202900031252740499261903648727487995488, http://localhost:3001/wallets
174237307576119213838793988616024076858, None, 174237307576119213838793988616024076858, http://localhost:3001/wallets
174237307576119213838793988616024076858, 213479786488486324662011383303045304045 -> a [<span data-i18n="Add", 202900031252740499261903648727487995488, http://localhost:3001/wallets
202900031252740499261903648727487995488, 116460481590173028260667907519653903509 -> form ['\n', <fieldset, 174237307576119213838793988616024076858, http://localhost:3001/wallets
91480399073524723131645369375860130243, None, 91480399073524723131645369375860130243, http://localhost:3001/wallets
91480399073524723131645369375860130243, 273958167424742299911037401760595561675 -> a ['\n', <div class="pull-right text-success transaction_amount", 91480399073524723131645369375860130243, http://localhost:3001/wallets
91480399073524723131645369375860130243, 260874942789934940868775990394842309470 -> button [<span class="glyphicon glyphicon-user", 91480399073524723131645369375860130243, http://localhost:3001/wallets
91480399073524723131645369375860130243, 21824728745494118346806017482475308344 -> a ['Настройки']{'href': '/profile', 'data-in': 'Settings'}, 91480399073524723131645369375860130243, http://localhost:3001/wallets
91480399073524723131645369375860130243, 69261900354377929876421606824271450118 -> a [<span aria-hidden="true" class="glyphicon glyphicon-globe", 91480399073524723131645369375860130243, http://localhost:3001/wallets
91480399073524723131645369375860130243, 275907717788203934390375418129897034499 -> a [<span class="glyphicon glyphicon-ok", 91480399073524723131645369375860130243, http://localhost:3001/wallets
91480399073524723131645369375860130243, 140457817286280627231574580337331143548 -> button [<span class="glyphicon glyphicon-trash", 91480399073524723131645369375860130243, http://localhost:3001/wallets
91480399073524723131645369375860130243, 49893265973760036789078185879520493655 -> button [<span class="glyphicon glyphicon-pencil", 91480399073524723131645369375860130243, http://localhost:3001/wallets
91480399073524723131645369375860130243, 238793388412553796489369081198711123509 -> a ['$ dimeshift']{'href': '/'}, 91480399073524723131645369375860130243, http://localhost:3001/wallets
91480399073524723131645369375860130243, None, 91480399073524723131645369375860130243, http://localhost:3001/wallets
91480399073524723131645369375860130243, None, 91480399073524723131645369375860130243, http://localhost:3001/wallets
91480399073524723131645369375860130243, 134073009530815014980291977605128349685 -> a [<span class="glyphicon glyphicon-ok", 91480399073524723131645369375860130243, http://localhost:3001/wallets
91480399073524723131645369375860130243, None, 91480399073524723131645369375860130243, http://localhost:3001/wallets
91480399073524723131645369375860130243, None, 91480399073524723131645369375860130243, http://localhost:3001/wallets
91480399073524723131645369375860130243, 175622598061817962830991640137317797091 -> a ['Написать нам']{'href': 'mailto:jeka911@gmail.com?subject=Wallet', 'data-in': 'Contact'}, 91480399073524723131645369375860130243, http://localhost:3001/wallets
91480399073524723131645369375860130243, None, 91480399073524723131645369375860130243, http://localhost:3001/wallets
91480399073524723131645369375860130243, 213479786488486324662011383303045304045 -> a [<span data-i18n="Add", 302210370524163967062793831344459433817, http://localhost:3001/wallets
302210370524163967062793831344459433817, 116460481590173028260667907519653903509 -> form ['\n', <fieldset, 302210370524163967062793831344459433817, http://localhost:3001/wallets
302210370524163967062793831344459433817, 116460481590173028260667907519653903509 -> form ['\n', <fieldset, 91480399073524723131645369375860130243, http://localhost:3001/wallets
91480399073524723131645369375860130243, 213479786488486324662011383303045304045 -> a [<span data-i18n="Add", 302210370524163967062793831344459433817, http://localhost:3001/wallets
302210370524163967062793831344459433817, 164770504787406092505723908950430241986 -> button ['×']{'type': 'button', 'data-dismiss': 'modal', 'aria-hidden': 'true'}, 302210370524163967062793831344459433817, http://localhost:3001/wallets
302210370524163967062793831344459433817, 164770504787406092505723908950430241986 -> button ['×']{'type': 'button', 'data-dismiss': 'modal', 'aria-hidden': 'true'}, 302210370524163967062793831344459433817, http://localhost:3001/wallets
302210370524163967062793831344459433817, 164770504787406092505723908950430241986 -> button ['×']{'type': 'button', 'data-dismiss': 'modal', 'aria-hidden': 'true'}, 302210370524163967062793831344459433817, http://localhost:3001/wallets
302210370524163967062793831344459433817, 116460481590173028260667907519653903509 -> form ['\n', <fieldset, 302210370524163967062793831344459433817, http://localhost:3001/wallets
226037428783211637249401678987767853617, None, 226037428783211637249401678987767853617, http://localhost:3001/wallets
226037428783211637249401678987767853617, 30906913677491510962581766254140068231 -> a ['Выйти']{'href': '/user/logout', 'data-in': 'Log Out'}, 295392063217451202734322903333603391175, http://localhost:3001/
295392063217451202734322903333603391175, 136504310823099385748378508891970664617 -> a []{'href': 'http://localhost:3001/images/homepage/screenshots/i18n.jpg', 'id': 'image-link-', 'style': "background-image: url('http://localhost:/images/homepage/screenshots/in.jpg');"}, 295392063217451202734322903333603391175, http://localhost:3001/
295392063217451202734322903333603391175, 287439962806392087827856506575270396085 -> a []{'href': 'http://localhost:3001/images/homepage/screenshots/transactions.jpg', 'id': 'image-link-', 'style': "background-image: url('http://localhost:/images/homepage/screenshots/transactions.jpg');"}, 295392063217451202734322903333603391175, http://localhost:3001/
295392063217451202734322903333603391175, 24045720963061510147388474628965236342 -> a []{'href': 'http://localhost:3001/images/homepage/screenshots/goal.jpg', 'id': 'image-link-agpl', 'style': "background-image: url('http://localhost:/images/homepage/screenshots/goal.jpg');"}, 295392063217451202734322903333603391175, http://localhost:3001/
295392063217451202734322903333603391175, 272701501151848433955272174166403287021 -> a ['Войти']{'href': '/user/signin', 'data-in': 'Sign In'}, 295392063217451202734322903333603391175, http://localhost:3001/
295392063217451202734322903333603391175, 289616954940970019044592478557619202053 -> a ['Зарегистрироваться']{'href': '/user/registration', 'data-in': 'Register'}, 295392063217451202734322903333603391175, http://localhost:3001/
295392063217451202734322903333603391175, 280553687692852780123066102917098299601 -> a []{'href': 'http://localhost:3001/images/homepage/screenshots/wallets.jpg', 'id': 'image-link-wallets', 'style': "background-image: url('http://localhost:/images/homepage/screenshots/wallets.jpg');"}, 295392063217451202734322903333603391175, http://localhost:3001/
295392063217451202734322903333603391175, 240486852943402416586504389427876017668 -> a ['Главная']{'href': '/', 'data-in': 'Home'}, 295392063217451202734322903333603391175, http://localhost:3001/
77659574643383717146484374309974862090, None, 77659574643383717146484374309974862090, http://localhost:3001/
77659574643383717146484374309974862090, 69261900354377929876421606824271450118 -> a [<span aria-hidden="true" class="glyphicon glyphicon-globe", 120042711704540744062249797499918035067, http://localhost:3001/wallets/
120042711704540744062249797499918035067, 267477458218339244621269004092018154357 -> button ['Português Brasileiro']{'type': 'button', 'data-code': 'pt-br'}, 43617601667564540569683659059892485710, http://localhost:3001/wallets
29777218274677938988893897298529192212, None, 29777218274677938988893897298529192212, http://localhost:3001/wallets
29777218274677938988893897298529192212, 213479786488486324662011383303045304045 -> a [<span data-i18n="Add", 202900031252740499261903648727487995488, http://localhost:3001/wallets
202900031252740499261903648727487995488, 164770504787406092505723908950430241986 -> button ['×']{'type': 'button', 'data-dismiss': 'modal', 'aria-hidden': 'true'}, 29777218274677938988893897298529192212, http://localhost:3001/wallets
29777218274677938988893897298529192212, 140457817286280627231574580337331143548 -> button [<span class="glyphicon glyphicon-trash", 29777218274677938988893897298529192212, http://localhost:3001/wallets
29777218274677938988893897298529192212, 241287176716538449906055495045408900643 -> a [<span class="glyphicon glyphicon-user", 29777218274677938988893897298529192212, http://localhost:3001/wallets
29777218274677938988893897298529192212, 275907717788203934390375418129897034499 -> a [<span class="glyphicon glyphicon-ok", 29777218274677938988893897298529192212, http://localhost:3001/wallets
29777218274677938988893897298529192212, 175622598061817962830991640137317797091 -> a ['Написать нам']{'href': 'mailto:jeka911@gmail.com?subject=Wallet', 'data-in': 'Contact'}, 29777218274677938988893897298529192212, http://localhost:3001/wallets
29777218274677938988893897298529192212, 30906913677491510962581766254140068231 -> a ['Выйти']{'href': '/user/logout', 'data-in': 'Log Out'}, 295392063217451202734322903333603391175, http://localhost:3001/
295392063217451202734322903333603391175, 272701501151848433955272174166403287021 -> a ['Войти']{'href': '/user/signin', 'data-in': 'Sign In'}, 295392063217451202734322903333603391175, http://localhost:3001/
77659574643383717146484374309974862090, None, 77659574643383717146484374309974862090, http://localhost:3001/
77659574643383717146484374309974862090, 69261900354377929876421606824271450118 -> a [<span aria-hidden="true" class="glyphicon glyphicon-globe", 120042711704540744062249797499918035067, http://localhost:3001/wallets/
120042711704540744062249797499918035067, 267477458218339244621269004092018154357 -> button ['Português Brasileiro']{'type': 'button', 'data-code': 'pt-br'}, 167554726044007940518059426863163539788, http://localhost:3001/wallets
178747870901365281730845101292502785307, None, 178747870901365281730845101292502785307, http://localhost:3001/wallets
178747870901365281730845101292502785307, 315993652333304908316611887600279878413 -> a ['Кошельки']{'href': '/wallets', 'data-in': 'Wallets'}, 178747870901365281730845101292502785307, http://localhost:3001/wallets
178747870901365281730845101292502785307, 175622598061817962830991640137317797091 -> a ['Написать нам']{'href': 'mailto:jeka911@gmail.com?subject=Wallet', 'data-in': 'Contact'}, 178747870901365281730845101292502785307, http://localhost:3001/wallets
178747870901365281730845101292502785307, None, 178747870901365281730845101292502785307, http://localhost:3001/wallets
178747870901365281730845101292502785307, 69261900354377929876421606824271450118 -> a [<span aria-hidden="true" class="glyphicon glyphicon-globe", 178747870901365281730845101292502785307, http://localhost:3001/wallets
178747870901365281730845101292502785307, 140457817286280627231574580337331143548 -> button [<span class="glyphicon glyphicon-trash", 178747870901365281730845101292502785307, http://localhost:3001/wallets
178747870901365281730845101292502785307, 30906913677491510962581766254140068231 -> a ['Выйти']{'href': '/user/logout', 'data-in': 'Log Out'}, 273013707929562229875018714570786870719, http://localhost:3001/
273013707929562229875018714570786870719, 280553687692852780123066102917098299601 -> a []{'href': 'http://localhost:3001/images/homepage/screenshots/wallets.jpg', 'id': 'image-link-wallets', 'style': "background-image: url('http://localhost:/images/homepage/screenshots/wallets.jpg');"}, 273013707929562229875018714570786870719, http://localhost:3001/
273013707929562229875018714570786870719, 53030406825762545276438289970305043077 -> a ['Home']{'href': '/', 'data-in': 'Home'}, 273013707929562229875018714570786870719, http://localhost:3001/
77659574643383717146484374309974862090, None, 77659574643383717146484374309974862090, http://localhost:3001/
77659574643383717146484374309974862090, 69261900354377929876421606824271450118 -> a [<span aria-hidden="true" class="glyphicon glyphicon-globe", 120042711704540744062249797499918035067, http://localhost:3001/wallets/
120042711704540744062249797499918035067, 267477458218339244621269004092018154357 -> button ['Português Brasileiro']{'type': 'button', 'data-code': 'pt-br'}, 206831630368814808569730700180499609154, http://localhost:3001/wallets
106414756438591941589139191281258008943, None, 106414756438591941589139191281258008943, http://localhost:3001/wallets
106414756438591941589139191281258008943, 140457817286280627231574580337331143548 -> button [<span class="glyphicon glyphicon-trash", 106414756438591941589139191281258008943, http://localhost:3001/wallets
106414756438591941589139191281258008943, 260874942789934940868775990394842309470 -> button [<span class="glyphicon glyphicon-user", 106414756438591941589139191281258008943, http://localhost:3001/wallets
106414756438591941589139191281258008943, 238793388412553796489369081198711123509 -> a ['$ dimeshift']{'href': '/'}, 106414756438591941589139191281258008943, http://localhost:3001/wallets
106414756438591941589139191281258008943, None, 106414756438591941589139191281258008943, http://localhost:3001/wallets
106414756438591941589139191281258008943, 175622598061817962830991640137317797091 -> a ['Написать нам']{'href': 'mailto:jeka911@gmail.com?subject=Wallet', 'data-in': 'Contact'}, 106414756438591941589139191281258008943, http://localhost:3001/wallets
106414756438591941589139191281258008943, 275907717788203934390375418129897034499 -> a [<span class="glyphicon glyphicon-ok", 106414756438591941589139191281258008943, http://localhost:3001/wallets
106414756438591941589139191281258008943, None, 106414756438591941589139191281258008943, http://localhost:3001/wallets
106414756438591941589139191281258008943, 49893265973760036789078185879520493655 -> button [<span class="glyphicon glyphicon-pencil", 94548555487888773961000623449536887178, http://localhost:3001/wallets
94548555487888773961000623449536887178, 164770504787406092505723908950430241986 -> button ['×']{'type': 'button', 'data-dismiss': 'modal', 'aria-hidden': 'true'}, 106414756438591941589139191281258008943, http://localhost:3001/wallets
106414756438591941589139191281258008943, 49893265973760036789078185879520493655 -> button [<span class="glyphicon glyphicon-pencil", 94548555487888773961000623449536887178, http://localhost:3001/wallets
94548555487888773961000623449536887178, 164770504787406092505723908950430241986 -> button ['×']{'type': 'button', 'data-dismiss': 'modal', 'aria-hidden': 'true'}, 94548555487888773961000623449536887178, http://localhost:3001/wallets
94548555487888773961000623449536887178, 222230946711345745280265913845211962539 -> form ['\n', <fieldset, 94548555487888773961000623449536887178, http://localhost:3001/wallets
94548555487888773961000623449536887178, 222230946711345745280265913845211962539 -> form ['\n', <fieldset, 106414756438591941589139191281258008943, http://localhost:3001/wallets
106414756438591941589139191281258008943, 21824728745494118346806017482475308344 -> a ['Настройки']{'href': '/profile', 'data-in': 'Settings'}, 137771247563407233685410638615245663375, http://localhost:3001/profile
137771247563407233685410638615245663375, 180217012861920527268826864699353676198 -> a [<span class="glyphicon glyphicon-trash", 273117107120330226282741416188003621606, http://localhost:3001/profile#
106414756438591941589139191281258008943, None, 106414756438591941589139191281258008943, http://localhost:3001/wallets
106414756438591941589139191281258008943, 21824728745494118346806017482475308344 -> a ['Настройки']{'href': '/profile', 'data-in': 'Settings'}, 137771247563407233685410638615245663375, http://localhost:3001/profile
137771247563407233685410638615245663375, 180217012861920527268826864699353676198 -> a [<span class="glyphicon glyphicon-trash", 273117107120330226282741416188003621606, http://localhost:3001/profile#
273117107120330226282741416188003621606, 246645979443056923504358182049644261062 -> a [<span data-i18n="Log Out", 293702407479294576344374360223593015901, http://localhost:3001/
293702407479294576344374360223593015901, 24045720963061510147388474628965236342 -> a []{'href': 'http://localhost:3001/images/homepage/screenshots/goal.jpg', 'id': 'image-link-agpl', 'style': "background-image: url('http://localhost:/images/homepage/screenshots/goal.jpg');"}, 293702407479294576344374360223593015901, http://localhost:3001/
293702407479294576344374360223593015901, 136504310823099385748378508891970664617 -> a []{'href': 'http://localhost:3001/images/homepage/screenshots/i18n.jpg', 'id': 'image-link-', 'style': "background-image: url('http://localhost:/images/homepage/screenshots/in.jpg');"}, 293702407479294576344374360223593015901, http://localhost:3001/
293702407479294576344374360223593015901, 136504310823099385748378508891970664617 -> a []{'href': 'http://localhost:3001/images/homepage/screenshots/i18n.jpg', 'id': 'image-link-', 'style': "background-image: url('http://localhost:/images/homepage/screenshots/in.jpg');"}, 293702407479294576344374360223593015901, http://localhost:3001/
293702407479294576344374360223593015901, 280553687692852780123066102917098299601 -> a []{'href': 'http://localhost:3001/images/homepage/screenshots/wallets.jpg', 'id': 'image-link-wallets', 'style': "background-image: url('http://localhost:/images/homepage/screenshots/wallets.jpg');"}, 293702407479294576344374360223593015901, http://localhost:3001/
293702407479294576344374360223593015901, 287439962806392087827856506575270396085 -> a []{'href': 'http://localhost:3001/images/homepage/screenshots/transactions.jpg', 'id': 'image-link-', 'style': "background-image: url('http://localhost:/images/homepage/screenshots/transactions.jpg');"}, 293702407479294576344374360223593015901, http://localhost:3001/
77659574643383717146484374309974862090, None, 77659574643383717146484374309974862090, http://localhost:3001/
77659574643383717146484374309974862090, 69261900354377929876421606824271450118 -> a [<span aria-hidden="true" class="glyphicon glyphicon-globe", 120042711704540744062249797499918035067, http://localhost:3001/wallets/
120042711704540744062249797499918035067, 267477458218339244621269004092018154357 -> button ['Português Brasileiro']{'type': 'button', 'data-code': 'pt-br'}, 22639189115128213670744170826766138621, http://localhost:3001/wallets
334471461733012840974442608875593081266, None, 334471461733012840974442608875593081266, http://localhost:3001/wallets
334471461733012840974442608875593081266, 49893265973760036789078185879520493655 -> button [<span class="glyphicon glyphicon-pencil", 115102751329020577340995042316185080204, http://localhost:3001/wallets
115102751329020577340995042316185080204, 164770504787406092505723908950430241986 -> button ['×']{'type': 'button', 'data-dismiss': 'modal', 'aria-hidden': 'true'}, 334471461733012840974442608875593081266, http://localhost:3001/wallets
334471461733012840974442608875593081266, 49893265973760036789078185879520493655 -> button [<span class="glyphicon glyphicon-pencil", 115102751329020577340995042316185080204, http://localhost:3001/wallets
115102751329020577340995042316185080204, 186856705036810963635032285953262971572 -> form ['\n', <fieldset, 115102751329020577340995042316185080204, http://localhost:3001/wallets
115102751329020577340995042316185080204, 186856705036810963635032285953262971572 -> form ['\n', <fieldset, 115102751329020577340995042316185080204, http://localhost:3001/wallets
115102751329020577340995042316185080204, 186856705036810963635032285953262971572 -> form ['\n', <fieldset, 115102751329020577340995042316185080204, http://localhost:3001/wallets
115102751329020577340995042316185080204, 186856705036810963635032285953262971572 -> form ['\n', <fieldset, 115102751329020577340995042316185080204, http://localhost:3001/wallets
115102751329020577340995042316185080204, 164770504787406092505723908950430241986 -> button ['×']{'type': 'button', 'data-dismiss': 'modal', 'aria-hidden': 'true'}, 115102751329020577340995042316185080204, http://localhost:3001/wallets
334471461733012840974442608875593081266, None, 334471461733012840974442608875593081266, http://localhost:3001/wallets
334471461733012840974442608875593081266, 49893265973760036789078185879520493655 -> button [<span class="glyphicon glyphicon-pencil", 115102751329020577340995042316185080204, http://localhost:3001/wallets
115102751329020577340995042316185080204, 164770504787406092505723908950430241986 -> button ['×']{'type': 'button', 'data-dismiss': 'modal', 'aria-hidden': 'true'}, 334471461733012840974442608875593081266, http://localhost:3001/wallets
334471461733012840974442608875593081266, 275907717788203934390375418129897034499 -> a [<span class="glyphicon glyphicon-ok", 334471461733012840974442608875593081266, http://localhost:3001/wallets
334471461733012840974442608875593081266, None, 334471461733012840974442608875593081266, http://localhost:3001/wallets
334471461733012840974442608875593081266, 314902664824208872691699912995904309248 -> a ['\n', <div class="pull-right text-success transaction_amount", 334471461733012840974442608875593081266, http://localhost:3001/wallets
334471461733012840974442608875593081266, 140457817286280627231574580337331143548 -> button [<span class="glyphicon glyphicon-trash", 334471461733012840974442608875593081266, http://localhost:3001/wallets
334471461733012840974442608875593081266, 4158219995083779296464523326057845776 -> a ['Цели']{'href': '/plans', 'data-in': 'Goals'}, 334471461733012840974442608875593081266, http://localhost:3001/wallets
334471461733012840974442608875593081266, 175622598061817962830991640137317797091 -> a ['Написать нам']{'href': 'mailto:jeka911@gmail.com?subject=Wallet', 'data-in': 'Contact'}, 334471461733012840974442608875593081266, http://localhost:3001/wallets
334471461733012840974442608875593081266, None, 334471461733012840974442608875593081266, http://localhost:3001/wallets
334471461733012840974442608875593081266, 213479786488486324662011383303045304045 -> a [<span data-i18n="Add", 202900031252740499261903648727487995488, http://localhost:3001/wallets
202900031252740499261903648727487995488, 164770504787406092505723908950430241986 -> button ['×']{'type': 'button', 'data-dismiss': 'modal', 'aria-hidden': 'true'}, 334471461733012840974442608875593081266, http://localhost:3001/wallets
334471461733012840974442608875593081266, 260874942789934940868775990394842309470 -> button [<span class="glyphicon glyphicon-user", 334471461733012840974442608875593081266, http://localhost:3001/wallets
334471461733012840974442608875593081266, 13857995100760771448540635685368536499 -> a [<span data-i18n="Home", 334471461733012840974442608875593081266, http://localhost:3001/wallets
334471461733012840974442608875593081266, None, 334471461733012840974442608875593081266, http://localhost:3001/wallets
334471461733012840974442608875593081266, 30906913677491510962581766254140068231 -> a ['Выйти']{'href': '/user/logout', 'data-in': 'Log Out'}, 295392063217451202734322903333603391175, http://localhost:3001/
295392063217451202734322903333603391175, 24045720963061510147388474628965236342 -> a []{'href': 'http://localhost:3001/images/homepage/screenshots/goal.jpg', 'id': 'image-link-agpl', 'style': "background-image: url('http://localhost:/images/homepage/screenshots/goal.jpg');"}, 295392063217451202734322903333603391175, http://localhost:3001/
295392063217451202734322903333603391175, 280553687692852780123066102917098299601 -> a []{'href': 'http://localhost:3001/images/homepage/screenshots/wallets.jpg', 'id': 'image-link-wallets', 'style': "background-image: url('http://localhost:/images/homepage/screenshots/wallets.jpg');"}, 295392063217451202734322903333603391175, http://localhost:3001/
295392063217451202734322903333603391175, 272701501151848433955272174166403287021 -> a ['Войти']{'href': '/user/signin', 'data-in': 'Sign In'}, 295392063217451202734322903333603391175, http://localhost:3001/
295392063217451202734322903333603391175, 136504310823099385748378508891970664617 -> a []{'href': 'http://localhost:3001/images/homepage/screenshots/i18n.jpg', 'id': 'image-link-', 'style': "background-image: url('http://localhost:/images/homepage/screenshots/in.jpg');"}, 295392063217451202734322903333603391175, http://localhost:3001/
295392063217451202734322903333603391175, 287439962806392087827856506575270396085 -> a []{'href': 'http://localhost:3001/images/homepage/screenshots/transactions.jpg', 'id': 'image-link-', 'style': "background-image: url('http://localhost:/images/homepage/screenshots/transactions.jpg');"}, 295392063217451202734322903333603391175, http://localhost:3001/
295392063217451202734322903333603391175, 289616954940970019044592478557619202053 -> a ['Зарегистрироваться']{'href': '/user/registration', 'data-in': 'Register'}, 295392063217451202734322903333603391175, http://localhost:3001/
295392063217451202734322903333603391175, 240486852943402416586504389427876017668 -> a ['Главная']{'href': '/', 'data-in': 'Home'}, 295392063217451202734322903333603391175, http://localhost:3001/
77659574643383717146484374309974862090, None, 77659574643383717146484374309974862090, http://localhost:3001/
77659574643383717146484374309974862090, 69261900354377929876421606824271450118 -> a [<span aria-hidden="true" class="glyphicon glyphicon-globe", 120042711704540744062249797499918035067, http://localhost:3001/wallets/
120042711704540744062249797499918035067, 267477458218339244621269004092018154357 -> button ['Português Brasileiro']{'type': 'button', 'data-code': 'pt-br'}, 175084972796930372647039121853127791593, http://localhost:3001/wallets
223118726222042334388737452905819777222, None, 223118726222042334388737452905819777222, http://localhost:3001/wallets
223118726222042334388737452905819777222, None, 223118726222042334388737452905819777222, http://localhost:3001/wallets
223118726222042334388737452905819777222, 21824728745494118346806017482475308344 -> a ['Настройки']{'href': '/profile', 'data-in': 'Settings'}, 137771247563407233685410638615245663375, http://localhost:3001/profile
137771247563407233685410638615245663375, 180217012861920527268826864699353676198 -> a [<span class="glyphicon glyphicon-trash", 273117107120330226282741416188003621606, http://localhost:3001/profile#
273117107120330226282741416188003621606, 246645979443056923504358182049644261062 -> a [<span data-i18n="Log Out", 293702407479294576344374360223593015901, http://localhost:3001/
293702407479294576344374360223593015901, 240486852943402416586504389427876017668 -> a ['Главная']{'href': '/', 'data-in': 'Home'}, 293702407479294576344374360223593015901, http://localhost:3001/
293702407479294576344374360223593015901, 280553687692852780123066102917098299601 -> a []{'href': 'http://localhost:3001/images/homepage/screenshots/wallets.jpg', 'id': 'image-link-wallets', 'style': "background-image: url('http://localhost:/images/homepage/screenshots/wallets.jpg');"}, 293702407479294576344374360223593015901, http://localhost:3001/
293702407479294576344374360223593015901, 287439962806392087827856506575270396085 -> a []{'href': 'http://localhost:3001/images/homepage/screenshots/transactions.jpg', 'id': 'image-link-', 'style': "background-image: url('http://localhost:/images/homepage/screenshots/transactions.jpg');"}, 293702407479294576344374360223593015901, http://localhost:3001/
293702407479294576344374360223593015901, 40967439154621552822409111263863455804 -> input []{'type': 'submit', 'id': 'demo_signup', 'data-invalue': 'here', 'value': 'сюда'}, 293702407479294576344374360223593015901, http://localhost:3001/
293702407479294576344374360223593015901, 280553687692852780123066102917098299601 -> a []{'href': 'http://localhost:3001/images/homepage/screenshots/wallets.jpg', 'id': 'image-link-wallets', 'style': "background-image: url('http://localhost:/images/homepage/screenshots/wallets.jpg');"}, 293702407479294576344374360223593015901, http://localhost:3001/
77659574643383717146484374309974862090, None, 77659574643383717146484374309974862090, http://localhost:3001/
77659574643383717146484374309974862090, 69261900354377929876421606824271450118 -> a [<span aria-hidden="true" class="glyphicon glyphicon-globe", 120042711704540744062249797499918035067, http://localhost:3001/wallets/
120042711704540744062249797499918035067, 267477458218339244621269004092018154357 -> button ['Português Brasileiro']{'type': 'button', 'data-code': 'pt-br'}, 84522538074709276646229972151938798235, http://localhost:3001/wallets
249605625497056497273018554915399798451, None, 249605625497056497273018554915399798451, http://localhost:3001/wallets
249605625497056497273018554915399798451, 213479786488486324662011383303045304045 -> a [<span data-i18n="Add", 202900031252740499261903648727487995488, http://localhost:3001/wallets
202900031252740499261903648727487995488, 164770504787406092505723908950430241986 -> button ['×']{'type': 'button', 'data-dismiss': 'modal', 'aria-hidden': 'true'}, 249605625497056497273018554915399798451, http://localhost:3001/wallets
249605625497056497273018554915399798451, 260874942789934940868775990394842309470 -> button [<span class="glyphicon glyphicon-user", 249605625497056497273018554915399798451, http://localhost:3001/wallets
249605625497056497273018554915399798451, 30906913677491510962581766254140068231 -> a ['Выйти']{'href': '/user/logout', 'data-in': 'Log Out'}, 249605625497056497273018554915399798451, http://localhost:3001/wallets
249605625497056497273018554915399798451, 175622598061817962830991640137317797091 -> a ['Написать нам']{'href': 'mailto:jeka911@gmail.com?subject=Wallet', 'data-in': 'Contact'}, 249605625497056497273018554915399798451, http://localhost:3001/wallets
249605625497056497273018554915399798451, 49893265973760036789078185879520493655 -> button [<span class="glyphicon glyphicon-pencil", 115102751329020577340995042316185080204, http://localhost:3001/wallets
115102751329020577340995042316185080204, 186856705036810963635032285953262971572 -> form ['\n', <fieldset, 249605625497056497273018554915399798451, http://localhost:3001/wallets
249605625497056497273018554915399798451, 258996598213108139358093746801367382188 -> a [<span class="glyphicon glyphicon-trash", 249605625497056497273018554915399798451, http://localhost:3001/wallets
249605625497056497273018554915399798451, None, 249605625497056497273018554915399798451, http://localhost:3001/wallets
249605625497056497273018554915399798451, 140457817286280627231574580337331143548 -> button [<span class="glyphicon glyphicon-trash", 249605625497056497273018554915399798451, http://localhost:3001/wallets
249605625497056497273018554915399798451, 315993652333304908316611887600279878413 -> a ['Кошельки']{'href': '/wallets', 'data-in': 'Wallets'}, 249605625497056497273018554915399798451, http://localhost:3001/wallets
249605625497056497273018554915399798451, None, 249605625497056497273018554915399798451, http://localhost:3001/wallets
249605625497056497273018554915399798451, 134073009530815014980291977605128349685 -> a [<span class="glyphicon glyphicon-ok", 249605625497056497273018554915399798451, http://localhost:3001/wallets
249605625497056497273018554915399798451, 21824728745494118346806017482475308344 -> a ['Настройки']{'href': '/profile', 'data-in': 'Settings'}, 137771247563407233685410638615245663375, http://localhost:3001/profile
137771247563407233685410638615245663375, 180217012861920527268826864699353676198 -> a [<span class="glyphicon glyphicon-trash", 273117107120330226282741416188003621606, http://localhost:3001/profile#
273117107120330226282741416188003621606, 256577445655001965893331533384317731668 -> form ['\n', <div class="form-group", 273117107120330226282741416188003621606, http://localhost:3001/profile#
273117107120330226282741416188003621606, 256577445655001965893331533384317731668 -> form ['\n', <div class="form-group", 273117107120330226282741416188003621606, http://localhost:3001/profile#
273117107120330226282741416188003621606, 246645979443056923504358182049644261062 -> a [<span data-i18n="Log Out", 293702407479294576344374360223593015901, http://localhost:3001/
293702407479294576344374360223593015901, 280553687692852780123066102917098299601 -> a []{'href': 'http://localhost:3001/images/homepage/screenshots/wallets.jpg', 'id': 'image-link-wallets', 'style': "background-image: url('http://localhost:/images/homepage/screenshots/wallets.jpg');"}, 293702407479294576344374360223593015901, http://localhost:3001/
293702407479294576344374360223593015901, 287439962806392087827856506575270396085 -> a []{'href': 'http://localhost:3001/images/homepage/screenshots/transactions.jpg', 'id': 'image-link-', 'style': "background-image: url('http://localhost:/images/homepage/screenshots/transactions.jpg');"}, 293702407479294576344374360223593015901, http://localhost:3001/
77659574643383717146484374309974862090, None, 77659574643383717146484374309974862090, http://localhost:3001/
77659574643383717146484374309974862090, 69261900354377929876421606824271450118 -> a [<span aria-hidden="true" class="glyphicon glyphicon-globe", 120042711704540744062249797499918035067, http://localhost:3001/wallets/
120042711704540744062249797499918035067, 267477458218339244621269004092018154357 -> button ['Português Brasileiro']{'type': 'button', 'data-code': 'pt-br'}, 172986262973977020150384554017924032679, http://localhost:3001/wallets
294828131508938798939115590422882431154, None, 294828131508938798939115590422882431154, http://localhost:3001/wallets
294828131508938798939115590422882431154, 31021568009310653805731004422139695186 -> a ['\n', <div class="pull-right text-success transaction_amount", 294828131508938798939115590422882431154, http://localhost:3001/wallets
294828131508938798939115590422882431154, 13857995100760771448540635685368536499 -> a [<span data-i18n="Home", 294828131508938798939115590422882431154, http://localhost:3001/wallets
294828131508938798939115590422882431154, 315993652333304908316611887600279878413 -> a ['Кошельки']{'href': '/wallets', 'data-in': 'Wallets'}, 294828131508938798939115590422882431154, http://localhost:3001/wallets
294828131508938798939115590422882431154, 69261900354377929876421606824271450118 -> a [<span aria-hidden="true" class="glyphicon glyphicon-globe", 294828131508938798939115590422882431154, http://localhost:3001/wallets
294828131508938798939115590422882431154, 21824728745494118346806017482475308344 -> a ['Настройки']{'href': '/profile', 'data-in': 'Settings'}, 294828131508938798939115590422882431154, http://localhost:3001/wallets
294828131508938798939115590422882431154, 260874942789934940868775990394842309470 -> button [<span class="glyphicon glyphicon-user", 294828131508938798939115590422882431154, http://localhost:3001/wallets
294828131508938798939115590422882431154, 285318492524713243197876747385089329790 -> a [<span class="glyphicon glyphicon-share-alt", 294828131508938798939115590422882431154, http://localhost:3001/wallets
294828131508938798939115590422882431154, 134073009530815014980291977605128349685 -> a [<span class="glyphicon glyphicon-ok", 294828131508938798939115590422882431154, http://localhost:3001/wallets
294828131508938798939115590422882431154, None, 294828131508938798939115590422882431154, http://localhost:3001/wallets
294828131508938798939115590422882431154, 213479786488486324662011383303045304045 -> a [<span data-i18n="Add", 202900031252740499261903648727487995488, http://localhost:3001/wallets
202900031252740499261903648727487995488, 116460481590173028260667907519653903509 -> form ['\n', <fieldset, 294828131508938798939115590422882431154, http://localhost:3001/wallets
271639449466892878468317172237596800233, None, 271639449466892878468317172237596800233, http://localhost:3001/wallets
271639449466892878468317172237596800233, 134073009530815014980291977605128349685 -> a [<span class="glyphicon glyphicon-ok", 271639449466892878468317172237596800233, http://localhost:3001/wallets
271639449466892878468317172237596800233, 31021568009310653805731004422139695186 -> a ['\n', <div class="pull-right text-success transaction_amount", 271639449466892878468317172237596800233, http://localhost:3001/wallets
271639449466892878468317172237596800233, 238793388412553796489369081198711123509 -> a ['$ dimeshift']{'href': '/'}, 271639449466892878468317172237596800233, http://localhost:3001/wallets
271639449466892878468317172237596800233, 213479786488486324662011383303045304045 -> a [<span data-i18n="Add", 24212755840580507225393491237864887145, http://localhost:3001/wallets
24212755840580507225393491237864887145, 116460481590173028260667907519653903509 -> form ['\n', <fieldset, 24212755840580507225393491237864887145, http://localhost:3001/wallets
24212755840580507225393491237864887145, 116460481590173028260667907519653903509 -> form ['\n', <fieldset, 24212755840580507225393491237864887145, http://localhost:3001/wallets
24212755840580507225393491237864887145, 164770504787406092505723908950430241986 -> button ['×']{'type': 'button', 'data-dismiss': 'modal', 'aria-hidden': 'true'}, 271639449466892878468317172237596800233, http://localhost:3001/wallets
271639449466892878468317172237596800233, 213479786488486324662011383303045304045 -> a [<span data-i18n="Add", 24212755840580507225393491237864887145, http://localhost:3001/wallets
271639449466892878468317172237596800233, None, 271639449466892878468317172237596800233, http://localhost:3001/wallets
271639449466892878468317172237596800233, 140457817286280627231574580337331143548 -> button [<span class="glyphicon glyphicon-trash", 271639449466892878468317172237596800233, http://localhost:3001/wallets
271639449466892878468317172237596800233, 260874942789934940868775990394842309470 -> button [<span class="glyphicon glyphicon-user", 271639449466892878468317172237596800233, http://localhost:3001/wallets
271639449466892878468317172237596800233, 258996598213108139358093746801367382188 -> a [<span class="glyphicon glyphicon-trash", 271639449466892878468317172237596800233, http://localhost:3001/wallets
271639449466892878468317172237596800233, 49893265973760036789078185879520493655 -> button [<span class="glyphicon glyphicon-pencil", 44425474722098358447947500412047711393, http://localhost:3001/wallets
44425474722098358447947500412047711393, 249154215483259887034173200745524139079 -> form ['\n', <fieldset, 44425474722098358447947500412047711393, http://localhost:3001/wallets
44425474722098358447947500412047711393, 249154215483259887034173200745524139079 -> form ['\n', <fieldset, 44425474722098358447947500412047711393, http://localhost:3001/wallets
44425474722098358447947500412047711393, 164770504787406092505723908950430241986 -> button ['×']{'type': 'button', 'data-dismiss': 'modal', 'aria-hidden': 'true'}, 271639449466892878468317172237596800233, http://localhost:3001/wallets
271639449466892878468317172237596800233, 49893265973760036789078185879520493655 -> button [<span class="glyphicon glyphicon-pencil", 272088378976773839452108801781958355622, http://localhost:3001/wallets
271639449466892878468317172237596800233, None, 271639449466892878468317172237596800233, http://localhost:3001/wallets
271639449466892878468317172237596800233, 49893265973760036789078185879520493655 -> button [<span class="glyphicon glyphicon-pencil", 272088378976773839452108801781958355622, http://localhost:3001/wallets
272088378976773839452108801781958355622, 164770504787406092505723908950430241986 -> button ['×']{'type': 'button', 'data-dismiss': 'modal', 'aria-hidden': 'true'}, 271639449466892878468317172237596800233, http://localhost:3001/wallets
271639449466892878468317172237596800233, 49893265973760036789078185879520493655 -> button [<span class="glyphicon glyphicon-pencil", 44425474722098358447947500412047711393, http://localhost:3001/wallets
44425474722098358447947500412047711393, 249154215483259887034173200745524139079 -> form ['\n', <fieldset, 271639449466892878468317172237596800233, http://localhost:3001/wallets
271639449466892878468317172237596800233, 21824728745494118346806017482475308344 -> a ['Настройки']{'href': '/profile', 'data-in': 'Settings'}, 137771247563407233685410638615245663375, http://localhost:3001/profile
137771247563407233685410638615245663375, 180217012861920527268826864699353676198 -> a [<span class="glyphicon glyphicon-trash", 273117107120330226282741416188003621606, http://localhost:3001/profile#
273117107120330226282741416188003621606, 246645979443056923504358182049644261062 -> a [<span data-i18n="Log Out", 293702407479294576344374360223593015901, http://localhost:3001/
293702407479294576344374360223593015901, 280553687692852780123066102917098299601 -> a []{'href': 'http://localhost:3001/images/homepage/screenshots/wallets.jpg', 'id': 'image-link-wallets', 'style': "background-image: url('http://localhost:/images/homepage/screenshots/wallets.jpg');"}, 293702407479294576344374360223593015901, http://localhost:3001/
311862039182977236735401170552686703919, None, 311862039182977236735401170552686703919, http://localhost:3001/
311862039182977236735401170552686703919, 272701501151848433955272174166403287021 -> a ['Войти']{'href': '/user/signin', 'data-in': 'Sign In'}, 311862039182977236735401170552686703919, http://localhost:3001/
311862039182977236735401170552686703919, 280553687692852780123066102917098299601 -> a []{'href': 'http://localhost:3001/images/homepage/screenshots/wallets.jpg', 'id': 'image-link-wallets', 'style': "background-image: url('http://localhost:/images/homepage/screenshots/wallets.jpg');"}, 311862039182977236735401170552686703919, http://localhost:3001/
311862039182977236735401170552686703919, 69261900354377929876421606824271450118 -> a [<span aria-hidden="true" class="glyphicon glyphicon-globe", 311862039182977236735401170552686703919, http://localhost:3001/
311862039182977236735401170552686703919, 72866117111720632136805165808169623358 -> a ['API']{'href': 'http://docs.dimeshift.apiary.io/'}, 311862039182977236735401170552686703919, http://localhost:3001/
311862039182977236735401170552686703919, 240486852943402416586504389427876017668 -> a ['Главная']{'href': '/', 'data-in': 'Home'}, 311862039182977236735401170552686703919, http://localhost:3001/
77659574643383717146484374309974862090, None, 77659574643383717146484374309974862090, http://localhost:3001/
77659574643383717146484374309974862090, 69261900354377929876421606824271450118 -> a [<span aria-hidden="true" class="glyphicon glyphicon-globe", 120042711704540744062249797499918035067, http://localhost:3001/wallets/
120042711704540744062249797499918035067, 267477458218339244621269004092018154357 -> button ['Português Brasileiro']{'type': 'button', 'data-code': 'pt-br'}, 321768973988712527623862701679750626867, http://localhost:3001/wallets
179318674548130476121203386299335597797, None, 179318674548130476121203386299335597797, http://localhost:3001/wallets
179318674548130476121203386299335597797, 184848757485014776296581358829552159091 -> a ['\n', <div class="pull-right text-success transaction_amount", 179318674548130476121203386299335597797, http://localhost:3001/wallets
179318674548130476121203386299335597797, 49893265973760036789078185879520493655 -> button [<span class="glyphicon glyphicon-pencil", 179318674548130476121203386299335597797, http://localhost:3001/wallets
179318674548130476121203386299335597797, 275907717788203934390375418129897034499 -> a [<span class="glyphicon glyphicon-ok", 179318674548130476121203386299335597797, http://localhost:3001/wallets
179318674548130476121203386299335597797, 69261900354377929876421606824271450118 -> a [<span aria-hidden="true" class="glyphicon glyphicon-globe", 179318674548130476121203386299335597797, http://localhost:3001/wallets
179318674548130476121203386299335597797, 30906913677491510962581766254140068231 -> a ['Выйти']{'href': '/user/logout', 'data-in': 'Log Out'}, 179318674548130476121203386299335597797, http://localhost:3001/wallets
179318674548130476121203386299335597797, 21824728745494118346806017482475308344 -> a ['Настройки']{'href': '/profile', 'data-in': 'Settings'}, 137771247563407233685410638615245663375, http://localhost:3001/profile
137771247563407233685410638615245663375, 241946753172422428861330322312500872962 -> form ['\n', <div class="form-group", 81814731679125945209133794704321610146, http://localhost:3001/profile
179318674548130476121203386299335597797, None, 179318674548130476121203386299335597797, http://localhost:3001/wallets
179318674548130476121203386299335597797, 21824728745494118346806017482475308344 -> a ['Настройки']{'href': '/profile', 'data-in': 'Settings'}, 137771247563407233685410638615245663375, http://localhost:3001/profile
137771247563407233685410638615245663375, 241946753172422428861330322312500872962 -> form ['\n', <div class="form-group", 81814731679125945209133794704321610146, http://localhost:3001/profile
179318674548130476121203386299335597797, None, 179318674548130476121203386299335597797, http://localhost:3001/wallets
179318674548130476121203386299335597797, 21824728745494118346806017482475308344 -> a ['Настройки']{'href': '/profile', 'data-in': 'Settings'}, 137771247563407233685410638615245663375, http://localhost:3001/profile
179318674548130476121203386299335597797, None, 179318674548130476121203386299335597797, http://localhost:3001/wallets
179318674548130476121203386299335597797, 21824728745494118346806017482475308344 -> a ['Настройки']{'href': '/profile', 'data-in': 'Settings'}, 137771247563407233685410638615245663375, http://localhost:3001/profile
137771247563407233685410638615245663375, 241946753172422428861330322312500872962 -> form ['\n', <div class="form-group", 126668055598756845949424323547943678442, http://localhost:3001/profile
126668055598756845949424323547943678442, 25711978868377791904664367027172950439 -> form ['\n', <div class="form-group", 39632047599381034562918369264496521966, http://localhost:3001/profile
39632047599381034562918369264496521966, 128799590296948751079635964119556688653 -> form ['\n', <div class="form-group", 39632047599381034562918369264496521966, http://localhost:3001/profile
39632047599381034562918369264496521966, 128799590296948751079635964119556688653 -> form ['\n', <div class="form-group", 39632047599381034562918369264496521966, http://localhost:3001/profile
179318674548130476121203386299335597797, None, 179318674548130476121203386299335597797, http://localhost:3001/wallets
179318674548130476121203386299335597797, 140457817286280627231574580337331143548 -> button [<span class="glyphicon glyphicon-trash", 179318674548130476121203386299335597797, http://localhost:3001/wallets
179318674548130476121203386299335597797, 260874942789934940868775990394842309470 -> button [<span class="glyphicon glyphicon-user", 179318674548130476121203386299335597797, http://localhost:3001/wallets
179318674548130476121203386299335597797, 285318492524713243197876747385089329790 -> a [<span class="glyphicon glyphicon-share-alt", 179318674548130476121203386299335597797, http://localhost:3001/wallets
179318674548130476121203386299335597797, 315993652333304908316611887600279878413 -> a ['Кошельки']{'href': '/wallets', 'data-in': 'Wallets'}, 179318674548130476121203386299335597797, http://localhost:3001/wallets
179318674548130476121203386299335597797, 175622598061817962830991640137317797091 -> a ['Написать нам']{'href': 'mailto:jeka911@gmail.com?subject=Wallet', 'data-in': 'Contact'}, 179318674548130476121203386299335597797, http://localhost:3001/wallets
179318674548130476121203386299335597797, None, 179318674548130476121203386299335597797, http://localhost:3001/wallets
179318674548130476121203386299335597797, 213479786488486324662011383303045304045 -> a [<span data-i18n="Add", 202900031252740499261903648727487995488, http://localhost:3001/wallets
202900031252740499261903648727487995488, 116460481590173028260667907519653903509 -> form ['\n', <fieldset, 179318674548130476121203386299335597797, http://localhost:3001/wallets
112727476832019696935232168047925012611, None, 112727476832019696935232168047925012611, http://localhost:3001/wallets
112727476832019696935232168047925012611, 140457817286280627231574580337331143548 -> button [<span class="glyphicon glyphicon-trash", 112727476832019696935232168047925012611, http://localhost:3001/wallets
112727476832019696935232168047925012611, 238793388412553796489369081198711123509 -> a ['$ dimeshift']{'href': '/'}, 112727476832019696935232168047925012611, http://localhost:3001/wallets
112727476832019696935232168047925012611, 134073009530815014980291977605128349685 -> a [<span class="glyphicon glyphicon-ok", 112727476832019696935232168047925012611, http://localhost:3001/wallets
112727476832019696935232168047925012611, None, 112727476832019696935232168047925012611, http://localhost:3001/wallets
112727476832019696935232168047925012611, 49893265973760036789078185879520493655 -> button [<span class="glyphicon glyphicon-pencil", 38845719928651632539486778513931450834, http://localhost:3001/wallets
38845719928651632539486778513931450834, 164770504787406092505723908950430241986 -> button ['×']{'type': 'button', 'data-dismiss': 'modal', 'aria-hidden': 'true'}, 112727476832019696935232168047925012611, http://localhost:3001/wallets
112727476832019696935232168047925012611, 49893265973760036789078185879520493655 -> button [<span class="glyphicon glyphicon-pencil", 127238138546342928601507973877563815527, http://localhost:3001/wallets
127238138546342928601507973877563815527, 222230946711345745280265913845211962539 -> form ['\n', <fieldset, 127238138546342928601507973877563815527, http://localhost:3001/wallets
127238138546342928601507973877563815527, 222230946711345745280265913845211962539 -> form ['\n', <fieldset, 127238138546342928601507973877563815527, http://localhost:3001/wallets
127238138546342928601507973877563815527, 222230946711345745280265913845211962539 -> form ['\n', <fieldset, 112727476832019696935232168047925012611, http://localhost:3001/wallets
112727476832019696935232168047925012611, 49893265973760036789078185879520493655 -> button [<span class="glyphicon glyphicon-pencil", 112727476832019696935232168047925012611, http://localhost:3001/wallets
112727476832019696935232168047925012611, 285318492524713243197876747385089329790 -> a [<span class="glyphicon glyphicon-share-alt", 112727476832019696935232168047925012611, http://localhost:3001/wallets
112727476832019696935232168047925012611, None, 112727476832019696935232168047925012611, http://localhost:3001/wallets
112727476832019696935232168047925012611, None, 112727476832019696935232168047925012611, http://localhost:3001/wallets
112727476832019696935232168047925012611, 184815194302899771287240059281918266096 -> a ['\n', <div class="pull-right text-success transaction_amount", 199407996987262923893947371023342219698, http://localhost:3001/wallets
199407996987262923893947371023342219698, 164770504787406092505723908950430241986 -> button ['×']{'type': 'button', 'data-dismiss': 'modal', 'aria-hidden': 'true'}, 112727476832019696935232168047925012611, http://localhost:3001/wallets
112727476832019696935232168047925012611, 184815194302899771287240059281918266096 -> a ['\n', <div class="pull-right text-success transaction_amount", 199407996987262923893947371023342219698, http://localhost:3001/wallets
199407996987262923893947371023342219698, 46536876451283067200812114751712100196 -> form ['\n', <fieldset, 199407996987262923893947371023342219698, http://localhost:3001/wallets
199407996987262923893947371023342219698, 46536876451283067200812114751712100196 -> form ['\n', <fieldset, 199407996987262923893947371023342219698, http://localhost:3001/wallets
199407996987262923893947371023342219698, 46536876451283067200812114751712100196 -> form ['\n', <fieldset, 199407996987262923893947371023342219698, http://localhost:3001/wallets
199407996987262923893947371023342219698, 164770504787406092505723908950430241986 -> button ['×']{'type': 'button', 'data-dismiss': 'modal', 'aria-hidden': 'true'}, 199407996987262923893947371023342219698, http://localhost:3001/wallets
199407996987262923893947371023342219698, 164770504787406092505723908950430241986 -> button ['×']{'type': 'button', 'data-dismiss': 'modal', 'aria-hidden': 'true'}, 199407996987262923893947371023342219698, http://localhost:3001/wallets
112727476832019696935232168047925012611, None, 112727476832019696935232168047925012611, http://localhost:3001/wallets
112727476832019696935232168047925012611, 184815194302899771287240059281918266096 -> a ['\n', <div class="pull-right text-success transaction_amount", 199407996987262923893947371023342219698, http://localhost:3001/wallets
199407996987262923893947371023342219698, 46536876451283067200812114751712100196 -> form ['\n', <fieldset, 112727476832019696935232168047925012611, http://localhost:3001/wallets
112727476832019696935232168047925012611, 69261900354377929876421606824271450118 -> a [<span aria-hidden="true" class="glyphicon glyphicon-globe", 112727476832019696935232168047925012611, http://localhost:3001/wallets
112727476832019696935232168047925012611, 184848757485014776296581358829552159091 -> a ['\n', <div class="pull-right text-success transaction_amount", 112727476832019696935232168047925012611, http://localhost:3001/wallets
112727476832019696935232168047925012611, 260874942789934940868775990394842309470 -> button [<span class="glyphicon glyphicon-user", 112727476832019696935232168047925012611, http://localhost:3001/wallets
112727476832019696935232168047925012611, 275907717788203934390375418129897034499 -> a [<span class="glyphicon glyphicon-ok", 112727476832019696935232168047925012611, http://localhost:3001/wallets
112727476832019696935232168047925012611, 4158219995083779296464523326057845776 -> a ['Цели']{'href': '/plans', 'data-in': 'Goals'}, 112727476832019696935232168047925012611, http://localhost:3001/wallets
112727476832019696935232168047925012611, 213479786488486324662011383303045304045 -> a [<span data-i18n="Add", 112727476832019696935232168047925012611, http://localhost:3001/wallets
112727476832019696935232168047925012611, None, 112727476832019696935232168047925012611, http://localhost:3001/wallets
112727476832019696935232168047925012611, 30906913677491510962581766254140068231 -> a ['Выйти']{'href': '/user/logout', 'data-in': 'Log Out'}, 295392063217451202734322903333603391175, http://localhost:3001/
295392063217451202734322903333603391175, 240486852943402416586504389427876017668 -> a ['Главная']{'href': '/', 'data-in': 'Home'}, 295392063217451202734322903333603391175, http://localhost:3001/
295392063217451202734322903333603391175, 136504310823099385748378508891970664617 -> a []{'href': 'http://localhost:3001/images/homepage/screenshots/i18n.jpg', 'id': 'image-link-', 'style': "background-image: url('http://localhost:/images/homepage/screenshots/in.jpg');"}, 295392063217451202734322903333603391175, http://localhost:3001/
295392063217451202734322903333603391175, 289616954940970019044592478557619202053 -> a ['Зарегистрироваться']{'href': '/user/registration', 'data-in': 'Register'}, 295392063217451202734322903333603391175, http://localhost:3001/
295392063217451202734322903333603391175, 240486852943402416586504389427876017668 -> a ['Главная']{'href': '/', 'data-in': 'Home'}, 295392063217451202734322903333603391175, http://localhost:3001/
295392063217451202734322903333603391175, 289616954940970019044592478557619202053 -> a ['Зарегистрироваться']{'href': '/user/registration', 'data-in': 'Register'}, 295392063217451202734322903333603391175, http://localhost:3001/
295392063217451202734322903333603391175, 280553687692852780123066102917098299601 -> a []{'href': 'http://localhost:3001/images/homepage/screenshots/wallets.jpg', 'id': 'image-link-wallets', 'style': "background-image: url('http://localhost:/images/homepage/screenshots/wallets.jpg');"}, 295392063217451202734322903333603391175, http://localhost:3001/
295392063217451202734322903333603391175, 287439962806392087827856506575270396085 -> a []{'href': 'http://localhost:3001/images/homepage/screenshots/transactions.jpg', 'id': 'image-link-', 'style': "background-image: url('http://localhost:/images/homepage/screenshots/transactions.jpg');"}, 295392063217451202734322903333603391175, http://localhost:3001/
77659574643383717146484374309974862090, None, 77659574643383717146484374309974862090, http://localhost:3001/
77659574643383717146484374309974862090, 69261900354377929876421606824271450118 -> a [<span aria-hidden="true" class="glyphicon glyphicon-globe", 120042711704540744062249797499918035067, http://localhost:3001/wallets/
120042711704540744062249797499918035067, 267477458218339244621269004092018154357 -> button ['Português Brasileiro']{'type': 'button', 'data-code': 'pt-br'}, 270188370460646882284126480083406146206, http://localhost:3001/wallets
132365622958261512863333226212270325071, None, 132365622958261512863333226212270325071, http://localhost:3001/wallets
132365622958261512863333226212270325071, 275907717788203934390375418129897034499 -> a [<span class="glyphicon glyphicon-ok", 132365622958261512863333226212270325071, http://localhost:3001/wallets
132365622958261512863333226212270325071, 30906913677491510962581766254140068231 -> a ['Выйти']{'href': '/user/logout', 'data-in': 'Log Out'}, 295392063217451202734322903333603391175, http://localhost:3001/
295392063217451202734322903333603391175, 24045720963061510147388474628965236342 -> a []{'href': 'http://localhost:3001/images/homepage/screenshots/goal.jpg', 'id': 'image-link-agpl', 'style': "background-image: url('http://localhost:/images/homepage/screenshots/goal.jpg');"}, 295392063217451202734322903333603391175, http://localhost:3001/
295392063217451202734322903333603391175, 136504310823099385748378508891970664617 -> a []{'href': 'http://localhost:3001/images/homepage/screenshots/i18n.jpg', 'id': 'image-link-', 'style': "background-image: url('http://localhost:/images/homepage/screenshots/in.jpg');"}, 295392063217451202734322903333603391175, http://localhost:3001/
295392063217451202734322903333603391175, 280553687692852780123066102917098299601 -> a []{'href': 'http://localhost:3001/images/homepage/screenshots/wallets.jpg', 'id': 'image-link-wallets', 'style': "background-image: url('http://localhost:/images/homepage/screenshots/wallets.jpg');"}, 295392063217451202734322903333603391175, http://localhost:3001/
295392063217451202734322903333603391175, 24045720963061510147388474628965236342 -> a []{'href': 'http://localhost:3001/images/homepage/screenshots/goal.jpg', 'id': 'image-link-agpl', 'style': "background-image: url('http://localhost:/images/homepage/screenshots/goal.jpg');"}, 295392063217451202734322903333603391175, http://localhost:3001/
295392063217451202734322903333603391175, 272701501151848433955272174166403287021 -> a ['Войти']{'href': '/user/signin', 'data-in': 'Sign In'}, 295392063217451202734322903333603391175, http://localhost:3001/
295392063217451202734322903333603391175, 289616954940970019044592478557619202053 -> a ['Зарегистрироваться']{'href': '/user/registration', 'data-in': 'Register'}, 295392063217451202734322903333603391175, http://localhost:3001/
77659574643383717146484374309974862090, None, 77659574643383717146484374309974862090, http://localhost:3001/
77659574643383717146484374309974862090, 69261900354377929876421606824271450118 -> a [<span aria-hidden="true" class="glyphicon glyphicon-globe", 120042711704540744062249797499918035067, http://localhost:3001/wallets/
120042711704540744062249797499918035067, 267477458218339244621269004092018154357 -> button ['Português Brasileiro']{'type': 'button', 'data-code': 'pt-br'}, 97933277248536659823798511611687005107, http://localhost:3001/wallets
190874414759470588739469208913388744990, None, 190874414759470588739469208913388744990, http://localhost:3001/wallets
190874414759470588739469208913388744990, 260874942789934940868775990394842309470 -> button [<span class="glyphicon glyphicon-user", 190874414759470588739469208913388744990, http://localhost:3001/wallets
190874414759470588739469208913388744990, 315993652333304908316611887600279878413 -> a ['Кошельки']{'href': '/wallets', 'data-in': 'Wallets'}, 190874414759470588739469208913388744990, http://localhost:3001/wallets
190874414759470588739469208913388744990, 29232698125916149737973217881900501158 -> a ['\n', <div class="pull-right text-success transaction_amount", 190874414759470588739469208913388744990, http://localhost:3001/wallets
190874414759470588739469208913388744990, 140457817286280627231574580337331143548 -> button [<span class="glyphicon glyphicon-trash", 190874414759470588739469208913388744990, http://localhost:3001/wallets
190874414759470588739469208913388744990, 241287176716538449906055495045408900643 -> a [<span class="glyphicon glyphicon-user", 190874414759470588739469208913388744990, http://localhost:3001/wallets
190874414759470588739469208913388744990, None, 190874414759470588739469208913388744990, http://localhost:3001/wallets
190874414759470588739469208913388744990, None, 190874414759470588739469208913388744990, http://localhost:3001/wallets
190874414759470588739469208913388744990, None, 190874414759470588739469208913388744990, http://localhost:3001/wallets
190874414759470588739469208913388744990, 134073009530815014980291977605128349685 -> a [<span class="glyphicon glyphicon-ok", 190874414759470588739469208913388744990, http://localhost:3001/wallets
190874414759470588739469208913388744990, 49893265973760036789078185879520493655 -> button [<span class="glyphicon glyphicon-pencil", 115102751329020577340995042316185080204, http://localhost:3001/wallets
115102751329020577340995042316185080204, 186856705036810963635032285953262971572 -> form ['\n', <fieldset, 190874414759470588739469208913388744990, http://localhost:3001/wallets
190874414759470588739469208913388744990, 285318492524713243197876747385089329790 -> a [<span class="glyphicon glyphicon-share-alt", 190874414759470588739469208913388744990, http://localhost:3001/wallets
190874414759470588739469208913388744990, 75921421524255337950676473248103030528 -> a ['\n', <div class="pull-right text-success transaction_amount", 190874414759470588739469208913388744990, http://localhost:3001/wallets
190874414759470588739469208913388744990, None, 190874414759470588739469208913388744990, http://localhost:3001/wallets
190874414759470588739469208913388744990, 23551946225610927733884804905297659494 -> a ['\n', <div class="pull-right text-success transaction_amount", 190874414759470588739469208913388744990, http://localhost:3001/wallets
190874414759470588739469208913388744990, 213479786488486324662011383303045304045 -> a [<span data-i18n="Add", 190874414759470588739469208913388744990, http://localhost:3001/wallets
190874414759470588739469208913388744990, 275907717788203934390375418129897034499 -> a [<span class="glyphicon glyphicon-ok", 190874414759470588739469208913388744990, http://localhost:3001/wallets
190874414759470588739469208913388744990, 69261900354377929876421606824271450118 -> a [<span aria-hidden="true" class="glyphicon glyphicon-globe", 190874414759470588739469208913388744990, http://localhost:3001/wallets
190874414759470588739469208913388744990, 21824728745494118346806017482475308344 -> a ['Настройки']{'href': '/profile', 'data-in': 'Settings'}, 190874414759470588739469208913388744990, http://localhost:3001/wallets
190874414759470588739469208913388744990, 175622598061817962830991640137317797091 -> a ['Написать нам']{'href': 'mailto:jeka911@gmail.com?subject=Wallet', 'data-in': 'Contact'}, 190874414759470588739469208913388744990, http://localhost:3001/wallets
190874414759470588739469208913388744990, 30906913677491510962581766254140068231 -> a ['Выйти']{'href': '/user/logout', 'data-in': 'Log Out'}, 295392063217451202734322903333603391175, http://localhost:3001/
295392063217451202734322903333603391175, 280553687692852780123066102917098299601 -> a []{'href': 'http://localhost:3001/images/homepage/screenshots/wallets.jpg', 'id': 'image-link-wallets', 'style': "background-image: url('http://localhost:/images/homepage/screenshots/wallets.jpg');"}, 295392063217451202734322903333603391175, http://localhost:3001/
77659574643383717146484374309974862090, None, 77659574643383717146484374309974862090, http://localhost:3001/
77659574643383717146484374309974862090, 69261900354377929876421606824271450118 -> a [<span aria-hidden="true" class="glyphicon glyphicon-globe", 120042711704540744062249797499918035067, http://localhost:3001/wallets/
120042711704540744062249797499918035067, 267477458218339244621269004092018154357 -> button ['Português Brasileiro']{'type': 'button', 'data-code': 'pt-br'}, 85881890744953211332401809652976511388, http://localhost:3001/wallets
198274936522636483197795562763050185044, None, 198274936522636483197795562763050185044, http://localhost:3001/wallets
198274936522636483197795562763050185044, 49893265973760036789078185879520493655 -> button [<span class="glyphicon glyphicon-pencil", 115102751329020577340995042316185080204, http://localhost:3001/wallets
115102751329020577340995042316185080204, 164770504787406092505723908950430241986 -> button ['×']{'type': 'button', 'data-dismiss': 'modal', 'aria-hidden': 'true'}, 198274936522636483197795562763050185044, http://localhost:3001/wallets
198274936522636483197795562763050185044, 260874942789934940868775990394842309470 -> button [<span class="glyphicon glyphicon-user", 198274936522636483197795562763050185044, http://localhost:3001/wallets
198274936522636483197795562763050185044, 140457817286280627231574580337331143548 -> button [<span class="glyphicon glyphicon-trash", 198274936522636483197795562763050185044, http://localhost:3001/wallets
198274936522636483197795562763050185044, 69261900354377929876421606824271450118 -> a [<span aria-hidden="true" class="glyphicon glyphicon-globe", 198274936522636483197795562763050185044, http://localhost:3001/wallets
198274936522636483197795562763050185044, 30906913677491510962581766254140068231 -> a ['Выйти']{'href': '/user/logout', 'data-in': 'Log Out'}, 295392063217451202734322903333603391175, http://localhost:3001/
295392063217451202734322903333603391175, 289616954940970019044592478557619202053 -> a ['Зарегистрироваться']{'href': '/user/registration', 'data-in': 'Register'}, 295392063217451202734322903333603391175, http://localhost:3001/
295392063217451202734322903333603391175, 272701501151848433955272174166403287021 -> a ['Войти']{'href': '/user/signin', 'data-in': 'Sign In'}, 295392063217451202734322903333603391175, http://localhost:3001/
77659574643383717146484374309974862090, None, 77659574643383717146484374309974862090, http://localhost:3001/
77659574643383717146484374309974862090, 69261900354377929876421606824271450118 -> a [<span aria-hidden="true" class="glyphicon glyphicon-globe", 120042711704540744062249797499918035067, http://localhost:3001/wallets/
120042711704540744062249797499918035067, 267477458218339244621269004092018154357 -> button ['Português Brasileiro']{'type': 'button', 'data-code': 'pt-br'}, 338069004002478035400186230153005725045, http://localhost:3001/wallets
322849855061885399594778701101774212175, None, 322849855061885399594778701101774212175, http://localhost:3001/wallets
322849855061885399594778701101774212175, None, 322849855061885399594778701101774212175, http://localhost:3001/wallets
322849855061885399594778701101774212175, 175622598061817962830991640137317797091 -> a ['Написать нам']{'href': 'mailto:jeka911@gmail.com?subject=Wallet', 'data-in': 'Contact'}, 322849855061885399594778701101774212175, http://localhost:3001/wallets
322849855061885399594778701101774212175, 69261900354377929876421606824271450118 -> a [<span aria-hidden="true" class="glyphicon glyphicon-globe", 322849855061885399594778701101774212175, http://localhost:3001/wallets
322849855061885399594778701101774212175, 315993652333304908316611887600279878413 -> a ['Кошельки']{'href': '/wallets', 'data-in': 'Wallets'}, 322849855061885399594778701101774212175, http://localhost:3001/wallets
322849855061885399594778701101774212175, 261090944183228473843376476855425874064 -> a ['\n', <div class="pull-right text-success transaction_amount", 322849855061885399594778701101774212175, http://localhost:3001/wallets
322849855061885399594778701101774212175, 140457817286280627231574580337331143548 -> button [<span class="glyphicon glyphicon-trash", 322849855061885399594778701101774212175, http://localhost:3001/wallets
322849855061885399594778701101774212175, 13857995100760771448540635685368536499 -> a [<span data-i18n="Home", 322849855061885399594778701101774212175, http://localhost:3001/wallets
322849855061885399594778701101774212175, None, 322849855061885399594778701101774212175, http://localhost:3001/wallets
322849855061885399594778701101774212175, 260874942789934940868775990394842309470 -> button [<span class="glyphicon glyphicon-user", 322849855061885399594778701101774212175, http://localhost:3001/wallets
322849855061885399594778701101774212175, 241287176716538449906055495045408900643 -> a [<span class="glyphicon glyphicon-user", 322849855061885399594778701101774212175, http://localhost:3001/wallets
322849855061885399594778701101774212175, 49893265973760036789078185879520493655 -> button [<span class="glyphicon glyphicon-pencil", 115102751329020577340995042316185080204, http://localhost:3001/wallets
115102751329020577340995042316185080204, 164770504787406092505723908950430241986 -> button ['×']{'type': 'button', 'data-dismiss': 'modal', 'aria-hidden': 'true'}, 322849855061885399594778701101774212175, http://localhost:3001/wallets
322849855061885399594778701101774212175, 275907717788203934390375418129897034499 -> a [<span class="glyphicon glyphicon-ok", 322849855061885399594778701101774212175, http://localhost:3001/wallets
322849855061885399594778701101774212175, 217192954588335928905283414212489600285 -> a ['\n', <div class="pull-right text-success transaction_amount", 322849855061885399594778701101774212175, http://localhost:3001/wallets
322849855061885399594778701101774212175, 30906913677491510962581766254140068231 -> a ['Выйти']{'href': '/user/logout', 'data-in': 'Log Out'}, 322849855061885399594778701101774212175, http://localhost:3001/wallets
322849855061885399594778701101774212175, None, 322849855061885399594778701101774212175, http://localhost:3001/wallets
322849855061885399594778701101774212175, 134073009530815014980291977605128349685 -> a [<span class="glyphicon glyphicon-ok", 322849855061885399594778701101774212175, http://localhost:3001/wallets
322849855061885399594778701101774212175, None, 322849855061885399594778701101774212175, http://localhost:3001/wallets
322849855061885399594778701101774212175, 213479786488486324662011383303045304045 -> a [<span data-i18n="Add", 202900031252740499261903648727487995488, http://localhost:3001/wallets
202900031252740499261903648727487995488, 116460481590173028260667907519653903509 -> form ['\n', <fieldset, 322849855061885399594778701101774212175, http://localhost:3001/wallets
322849855061885399594778701101774212175, 21824728745494118346806017482475308344 -> a ['Настройки']{'href': '/profile', 'data-in': 'Settings'}, 137771247563407233685410638615245663375, http://localhost:3001/profile
137771247563407233685410638615245663375, 180217012861920527268826864699353676198 -> a [<span class="glyphicon glyphicon-trash", 273117107120330226282741416188003621606, http://localhost:3001/profile#
273117107120330226282741416188003621606, 246645979443056923504358182049644261062 -> a [<span data-i18n="Log Out", 293702407479294576344374360223593015901, http://localhost:3001/
293702407479294576344374360223593015901, 287439962806392087827856506575270396085 -> a []{'href': 'http://localhost:3001/images/homepage/screenshots/transactions.jpg', 'id': 'image-link-', 'style': "background-image: url('http://localhost:/images/homepage/screenshots/transactions.jpg');"}, 293702407479294576344374360223593015901, http://localhost:3001/
293702407479294576344374360223593015901, 24045720963061510147388474628965236342 -> a []{'href': 'http://localhost:3001/images/homepage/screenshots/goal.jpg', 'id': 'image-link-agpl', 'style': "background-image: url('http://localhost:/images/homepage/screenshots/goal.jpg');"}, 293702407479294576344374360223593015901, http://localhost:3001/
293702407479294576344374360223593015901, 287439962806392087827856506575270396085 -> a []{'href': 'http://localhost:3001/images/homepage/screenshots/transactions.jpg', 'id': 'image-link-', 'style': "background-image: url('http://localhost:/images/homepage/screenshots/transactions.jpg');"}, 293702407479294576344374360223593015901, http://localhost:3001/
