77659574643383717146484374309974862090, None, 77659574643383717146484374309974862090, http://localhost:3001/
278076690333225625169989687868833103351, None, 278076690333225625169989687868833103351, http://localhost:3001/wallets
278076690333225625169989687868833103351, None, 278076690333225625169989687868833103351, http://localhost:3001/wallets
278076690333225625169989687868833103351, 336145394240353959266535772156875663398 -> a [<span data-i18n="Add", 141206558223418214459847049336339575984, http://localhost:3001/wallets
141206558223418214459847049336339575984, 52430776314973270160166886406622674883 -> form ['\n', <fieldset, 141206558223418214459847049336339575984, http://localhost:3001/wallets
141206558223418214459847049336339575984, 52430776314973270160166886406622674883 -> form ['\n', <fieldset, 141206558223418214459847049336339575984, http://localhost:3001/wallets
141206558223418214459847049336339575984, 164770504787406092505723908950430241986 -> button ['×']{'type': 'button', 'data-dismiss': 'modal', 'aria-hidden': 'true'}, 278076690333225625169989687868833103351, http://localhost:3001/wallets
278076690333225625169989687868833103351, 336145394240353959266535772156875663398 -> a [<span data-i18n="Add", 141206558223418214459847049336339575984, http://localhost:3001/wallets
141206558223418214459847049336339575984, 52430776314973270160166886406622674883 -> form ['\n', <fieldset, 141206558223418214459847049336339575984, http://localhost:3001/wallets
141206558223418214459847049336339575984, 164770504787406092505723908950430241986 -> button ['×']{'type': 'button', 'data-dismiss': 'modal', 'aria-hidden': 'true'}, 141206558223418214459847049336339575984, http://localhost:3001/wallets
141206558223418214459847049336339575984, 164770504787406092505723908950430241986 -> button ['×']{'type': 'button', 'data-dismiss': 'modal', 'aria-hidden': 'true'}, 141206558223418214459847049336339575984, http://localhost:3001/wallets
278076690333225625169989687868833103351, None, 278076690333225625169989687868833103351, http://localhost:3001/wallets
278076690333225625169989687868833103351, 320174147126102010907134653534871470777 -> button [<span class="glyphicon glyphicon-trash", 278076690333225625169989687868833103351, http://localhost:3001/wallets
278076690333225625169989687868833103351, 72866117111720632136805165808169623358 -> a ['API']{'href': 'http://docs.dimeshift.apiary.io/'}, 278076690333225625169989687868833103351, http://localhost:3001/wallets
278076690333225625169989687868833103351, 59033961675128415164332924159931931082 -> button [<span class="glyphicon glyphicon-pencil", 328520036337974358064826292283616338796, http://localhost:3001/wallets
328520036337974358064826292283616338796, 198465896605091102877225175642271807174 -> form ['\n', <fieldset, 328520036337974358064826292283616338796, http://localhost:3001/wallets
328520036337974358064826292283616338796, 198465896605091102877225175642271807174 -> form ['\n', <fieldset, 328520036337974358064826292283616338796, http://localhost:3001/wallets
328520036337974358064826292283616338796, 164770504787406092505723908950430241986 -> button ['×']{'type': 'button', 'data-dismiss': 'modal', 'aria-hidden': 'true'}, 278076690333225625169989687868833103351, http://localhost:3001/wallets
278076690333225625169989687868833103351, 59033961675128415164332924159931931082 -> button [<span class="glyphicon glyphicon-pencil", 290680132782108200610031440000329009685, http://localhost:3001/wallets
290680132782108200610031440000329009685, 65141161592695401203524601848507345692 -> form ['\n', <fieldset, 290680132782108200610031440000329009685, http://localhost:3001/wallets
278076690333225625169989687868833103351, None, 278076690333225625169989687868833103351, http://localhost:3001/wallets
278076690333225625169989687868833103351, 59033961675128415164332924159931931082 -> button [<span class="glyphicon glyphicon-pencil", 290680132782108200610031440000329009685, http://localhost:3001/wallets
290680132782108200610031440000329009685, 65141161592695401203524601848507345692 -> form ['\n', <fieldset, 290680132782108200610031440000329009685, http://localhost:3001/wallets
290680132782108200610031440000329009685, 164770504787406092505723908950430241986 -> button ['×']{'type': 'button', 'data-dismiss': 'modal', 'aria-hidden': 'true'}, 278076690333225625169989687868833103351, http://localhost:3001/wallets
278076690333225625169989687868833103351, 59033961675128415164332924159931931082 -> button [<span class="glyphicon glyphicon-pencil", 328520036337974358064826292283616338796, http://localhost:3001/wallets
328520036337974358064826292283616338796, 198465896605091102877225175642271807174 -> form ['\n', <fieldset, 278076690333225625169989687868833103351, http://localhost:3001/wallets
278076690333225625169989687868833103351, 5608938641747884300044405205556053003 -> button [<span class="glyphicon glyphicon-user", 278076690333225625169989687868833103351, http://localhost:3001/wallets
278076690333225625169989687868833103351, 12549387572312034662595380537530510228 -> a [<span class="glyphicon glyphicon-ok", 278076690333225625169989687868833103351, http://localhost:3001/wallets
278076690333225625169989687868833103351, 24783666557245327062948328561070951608 -> a [<span data-i18n="Home", 278076690333225625169989687868833103351, http://localhost:3001/wallets
278076690333225625169989687868833103351, None, 278076690333225625169989687868833103351, http://localhost:3001/wallets
278076690333225625169989687868833103351, None, 278076690333225625169989687868833103351, http://localhost:3001/wallets
278076690333225625169989687868833103351, 205911053392441145155640008213943745727 -> a [<span class="glyphicon glyphicon-ok", 278076690333225625169989687868833103351, http://localhost:3001/wallets
278076690333225625169989687868833103351, 277712453453955741677905488786830410505 -> a ['Contact']{'href': 'mailto:jeka911@gmail.com?subject=Wallet', 'data-in': 'Contact'}, 278076690333225625169989687868833103351, http://localhost:3001/wallets
278076690333225625169989687868833103351, None, 278076690333225625169989687868833103351, http://localhost:3001/wallets
278076690333225625169989687868833103351, 149545368136717723253886421846491891146 -> a ['\n', <div class="pull-right text-success transaction_amount", 206726482917371704130647303891053198112, http://localhost:3001/wallets/1
278076690333225625169989687868833103351, None, 278076690333225625169989687868833103351, http://localhost:3001/wallets
278076690333225625169989687868833103351, 149545368136717723253886421846491891146 -> a ['\n', <div class="pull-right text-success transaction_amount", 231893402314795609340775149739526223313, http://localhost:3001/wallets/1
231893402314795609340775149739526223313, 300938307388621752250340407401666505920 -> form ['\n', <input class="form-control" data-i18nplaceholder="Describe expense and press Enter to add" id="add_transaction_text" placeholder="Describe expense and press Enter to add" type="text"/, 231893402314795609340775149739526223313, http://localhost:3001/wallets/1
231893402314795609340775149739526223313, 300938307388621752250340407401666505920 -> form ['\n', <input class="form-control" data-i18nplaceholder="Describe expense and press Enter to add" id="add_transaction_text" placeholder="Describe expense and press Enter to add" type="text"/, 231893402314795609340775149739526223313, http://localhost:3001/wallets/1
231893402314795609340775149739526223313, 40033767128550119556758792738972518504 -> button [<span data-i18n="Add Income", 231893402314795609340775149739526223313, http://localhost:3001/wallets/1
231893402314795609340775149739526223313, 328680192326421016123013048610023517055 -> a [<span data-i18n="Wallets", 231893402314795609340775149739526223313, http://localhost:3001/wallets/1
231893402314795609340775149739526223313, 158009411471723493269880909046446417559 -> a [<span data-i18n="Set Goal", 231893402314795609340775149739526223313, http://localhost:3001/wallets/1
231893402314795609340775149739526223313, 332632648636535438633633310846405598435 -> button ['\n', <span aria-hidden="true" class="glyphicon glyphicon-chevron-down", 231893402314795609340775149739526223313, http://localhost:3001/wallets/1
231893402314795609340775149739526223313, 193846586110871060058793389819788582164 -> a [<span aria-hidden="true" class="glyphicon glyphicon-import", 193588381120196047449753157670965239848, http://localhost:3001/wallets/1/import
278076690333225625169989687868833103351, None, 278076690333225625169989687868833103351, http://localhost:3001/wallets
278076690333225625169989687868833103351, 149545368136717723253886421846491891146 -> a ['\n', <div class="pull-right text-success transaction_amount", 231893402314795609340775149739526223313, http://localhost:3001/wallets/1
231893402314795609340775149739526223313, 193846586110871060058793389819788582164 -> a [<span aria-hidden="true" class="glyphicon glyphicon-import", 193588381120196047449753157670965239848, http://localhost:3001/wallets/1/import
193588381120196047449753157670965239848, 211529172816946856896018388012172770514 -> input []{'type': 'button', 'value': 'Select file', 'data-loading-text': 'Uploading...', 'data-invalue': 'Select file'}, 193588381120196047449753157670965239848, http://localhost:3001/wallets/1/import
278076690333225625169989687868833103351, None, 278076690333225625169989687868833103351, http://localhost:3001/wallets
278076690333225625169989687868833103351, 149545368136717723253886421846491891146 -> a ['\n', <div class="pull-right text-success transaction_amount", 231893402314795609340775149739526223313, http://localhost:3001/wallets/1
231893402314795609340775149739526223313, 193846586110871060058793389819788582164 -> a [<span aria-hidden="true" class="glyphicon glyphicon-import", 193588381120196047449753157670965239848, http://localhost:3001/wallets/1/import
278076690333225625169989687868833103351, None, 278076690333225625169989687868833103351, http://localhost:3001/wallets
278076690333225625169989687868833103351, 149545368136717723253886421846491891146 -> a ['\n', <div class="pull-right text-success transaction_amount", 231893402314795609340775149739526223313, http://localhost:3001/wallets/1
231893402314795609340775149739526223313, 51734587471318764320500906054182906819 -> a [<span data-i18n="set total to", 231893402314795609340775149739526223313, http://localhost:3001/wallets/1
231893402314795609340775149739526223313, 328680192326421016123013048610023517055 -> a [<span data-i18n="Wallets", 231893402314795609340775149739526223313, http://localhost:3001/wallets/1
231893402314795609340775149739526223313, 40033767128550119556758792738972518504 -> button [<span data-i18n="Add Income", 231893402314795609340775149739526223313, http://localhost:3001/wallets/1
231893402314795609340775149739526223313, 332632648636535438633633310846405598435 -> button ['\n', <span aria-hidden="true" class="glyphicon glyphicon-chevron-down", 231893402314795609340775149739526223313, http://localhost:3001/wallets/1
231893402314795609340775149739526223313, 193846586110871060058793389819788582164 -> a [<span aria-hidden="true" class="glyphicon glyphicon-import", 193588381120196047449753157670965239848, http://localhost:3001/wallets/1/import
193588381120196047449753157670965239848, 211529172816946856896018388012172770514 -> input []{'type': 'button', 'value': 'Select file', 'data-loading-text': 'Uploading...', 'data-invalue': 'Select file'}, 193588381120196047449753157670965239848, http://localhost:3001/wallets/1/import
278076690333225625169989687868833103351, None, 278076690333225625169989687868833103351, http://localhost:3001/wallets
278076690333225625169989687868833103351, 149545368136717723253886421846491891146 -> a ['\n', <div class="pull-right text-success transaction_amount", 231893402314795609340775149739526223313, http://localhost:3001/wallets/1
231893402314795609340775149739526223313, 332632648636535438633633310846405598435 -> button ['\n', <span aria-hidden="true" class="glyphicon glyphicon-chevron-down", 231893402314795609340775149739526223313, http://localhost:3001/wallets/1
278076690333225625169989687868833103351, None, 278076690333225625169989687868833103351, http://localhost:3001/wallets
278076690333225625169989687868833103351, None, 278076690333225625169989687868833103351, http://localhost:3001/wallets
278076690333225625169989687868833103351, 263305320639492627270040412526214913171 -> a ['\n', <div class="pull-right text-success transaction_amount", 240585388741157559698365701499807500547, http://localhost:3001/wallets/2
240585388741157559698365701499807500547, 40033767128550119556758792738972518504 -> button [<span data-i18n="Add Income", 240585388741157559698365701499807500547, http://localhost:3001/wallets/2
240585388741157559698365701499807500547, 332632648636535438633633310846405598435 -> button ['\n', <span aria-hidden="true" class="glyphicon glyphicon-chevron-down", 240585388741157559698365701499807500547, http://localhost:3001/wallets/2
240585388741157559698365701499807500547, 300938307388621752250340407401666505920 -> form ['\n', <input class="form-control" data-i18nplaceholder="Describe expense and press Enter to add" id="add_transaction_text" placeholder="Describe expense and press Enter to add" type="text"/, 240585388741157559698365701499807500547, http://localhost:3001/wallets/2
240585388741157559698365701499807500547, 300938307388621752250340407401666505920 -> form ['\n', <input class="form-control" data-i18nplaceholder="Describe expense and press Enter to add" id="add_transaction_text" placeholder="Describe expense and press Enter to add" type="text"/, 240585388741157559698365701499807500547, http://localhost:3001/wallets/2
240585388741157559698365701499807500547, 158009411471723493269880909046446417559 -> a [<span data-i18n="Set Goal", 194519147778983304129426205002808846761, http://localhost:3001/wallets
278076690333225625169989687868833103351, None, 278076690333225625169989687868833103351, http://localhost:3001/wallets
278076690333225625169989687868833103351, 263305320639492627270040412526214913171 -> a ['\n', <div class="pull-right text-success transaction_amount", 240585388741157559698365701499807500547, http://localhost:3001/wallets/2
240585388741157559698365701499807500547, 158009411471723493269880909046446417559 -> a [<span data-i18n="Set Goal", 194519147778983304129426205002808846761, http://localhost:3001/wallets
278076690333225625169989687868833103351, None, 278076690333225625169989687868833103351, http://localhost:3001/wallets
278076690333225625169989687868833103351, 263305320639492627270040412526214913171 -> a ['\n', <div class="pull-right text-success transaction_amount", 240585388741157559698365701499807500547, http://localhost:3001/wallets/2
240585388741157559698365701499807500547, 158009411471723493269880909046446417559 -> a [<span data-i18n="Set Goal", 194519147778983304129426205002808846761, http://localhost:3001/wallets
278076690333225625169989687868833103351, None, 278076690333225625169989687868833103351, http://localhost:3001/wallets
278076690333225625169989687868833103351, 263305320639492627270040412526214913171 -> a ['\n', <div class="pull-right text-success transaction_amount", 240585388741157559698365701499807500547, http://localhost:3001/wallets/2
240585388741157559698365701499807500547, 158009411471723493269880909046446417559 -> a [<span data-i18n="Set Goal", 194519147778983304129426205002808846761, http://localhost:3001/wallets
278076690333225625169989687868833103351, None, 278076690333225625169989687868833103351, http://localhost:3001/wallets
278076690333225625169989687868833103351, 263305320639492627270040412526214913171 -> a ['\n', <div class="pull-right text-success transaction_amount", 240585388741157559698365701499807500547, http://localhost:3001/wallets/2
240585388741157559698365701499807500547, 51734587471318764320500906054182906819 -> a [<span data-i18n="set total to", 240585388741157559698365701499807500547, http://localhost:3001/wallets/2
240585388741157559698365701499807500547, 92352577397709620979449345272760805620 -> a [<span aria-hidden="true" class="glyphicon glyphicon-import", 240585388741157559698365701499807500547, http://localhost:3001/wallets/2
278076690333225625169989687868833103351, None, 278076690333225625169989687868833103351, http://localhost:3001/wallets
278076690333225625169989687868833103351, 263305320639492627270040412526214913171 -> a ['\n', <div class="pull-right text-success transaction_amount", 240585388741157559698365701499807500547, http://localhost:3001/wallets/2
278076690333225625169989687868833103351, None, 278076690333225625169989687868833103351, http://localhost:3001/wallets
278076690333225625169989687868833103351, 209638118784994731842872023555060259766 -> a ['Log Out']{'href': '/user/logout', 'data-in': 'Log Out'}, 16830507283689328036876064570522204332, http://localhost:3001/
16830507283689328036876064570522204332, 53030406825762545276438289970305043077 -> a ['Home']{'href': '/', 'data-in': 'Home'}, 16830507283689328036876064570522204332, http://localhost:3001/
77659574643383717146484374309974862090, None, 77659574643383717146484374309974862090, http://localhost:3001/
77659574643383717146484374309974862090, 53030406825762545276438289970305043077 -> a ['Home']{'href': '/', 'data-in': 'Home'}, 109937165664773222140698717684805382596, http://localhost:3001/wallets/
109937165664773222140698717684805382596, 75973569867143580563397877782352499845 -> a ['Goals']{'href': '/plans', 'data-in': 'Goals'}, 237502706208135418592786472633612756409, http://localhost:3001/plans
253210429649757045617141507568366515, None, 253210429649757045617141507568366515, http://localhost:3001/wallets
253210429649757045617141507568366515, 209638118784994731842872023555060259766 -> a ['Log Out']{'href': '/user/logout', 'data-in': 'Log Out'}, 16830507283689328036876064570522204332, http://localhost:3001/
16830507283689328036876064570522204332, 143912285649067720774554330843865674796 -> a ['Register']{'href': '/user/registration', 'data-in': 'Register'}, 16830507283689328036876064570522204332, http://localhost:3001/
16830507283689328036876064570522204332, 24045720963061510147388474628965236342 -> a []{'href': 'http://localhost:3001/images/homepage/screenshots/goal.jpg', 'id': 'image-link-agpl', 'style': "background-image: url('http://localhost:/images/homepage/screenshots/goal.jpg');"}, 16830507283689328036876064570522204332, http://localhost:3001/
16830507283689328036876064570522204332, 280553687692852780123066102917098299601 -> a []{'href': 'http://localhost:3001/images/homepage/screenshots/wallets.jpg', 'id': 'image-link-wallets', 'style': "background-image: url('http://localhost:/images/homepage/screenshots/wallets.jpg');"}, 16830507283689328036876064570522204332, http://localhost:3001/
16830507283689328036876064570522204332, 75056642720997424365806452209120460192 -> a ['Sign In']{'href': '/user/signin', 'data-in': 'Sign In'}, 16830507283689328036876064570522204332, http://localhost:3001/
16830507283689328036876064570522204332, 287439962806392087827856506575270396085 -> a []{'href': 'http://localhost:3001/images/homepage/screenshots/transactions.jpg', 'id': 'image-link-', 'style': "background-image: url('http://localhost:/images/homepage/screenshots/transactions.jpg');"}, 16830507283689328036876064570522204332, http://localhost:3001/
16830507283689328036876064570522204332, 136504310823099385748378508891970664617 -> a []{'href': 'http://localhost:3001/images/homepage/screenshots/i18n.jpg', 'id': 'image-link-', 'style': "background-image: url('http://localhost:/images/homepage/screenshots/in.jpg');"}, 16830507283689328036876064570522204332, http://localhost:3001/
16830507283689328036876064570522204332, 15350420686339836366149544887528354942 -> input []{'type': 'submit', 'id': 'demo_signup', 'data-invalue': 'here', 'value': 'here'}, 16830507283689328036876064570522204332, http://localhost:3001/
77659574643383717146484374309974862090, None, 77659574643383717146484374309974862090, http://localhost:3001/
77659574643383717146484374309974862090, 53030406825762545276438289970305043077 -> a ['Home']{'href': '/', 'data-in': 'Home'}, 109937165664773222140698717684805382596, http://localhost:3001/wallets/
109937165664773222140698717684805382596, 75973569867143580563397877782352499845 -> a ['Goals']{'href': '/plans', 'data-in': 'Goals'}, 237502706208135418592786472633612756409, http://localhost:3001/plans
237502706208135418592786472633612756409, 332545765777873376800218758605392382041 -> button [<span data-i18n="Create new", 237502706208135418592786472633612756409, http://localhost:3001/plans
140823844762780903511085622857417456812, None, 140823844762780903511085622857417456812, http://localhost:3001/wallets
140823844762780903511085622857417456812, 59033961675128415164332924159931931082 -> button [<span class="glyphicon glyphicon-pencil", 290680132782108200610031440000329009685, http://localhost:3001/wallets
290680132782108200610031440000329009685, 65141161592695401203524601848507345692 -> form ['\n', <fieldset, 140823844762780903511085622857417456812, http://localhost:3001/wallets
140823844762780903511085622857417456812, 209638118784994731842872023555060259766 -> a ['Log Out']{'href': '/user/logout', 'data-in': 'Log Out'}, 16830507283689328036876064570522204332, http://localhost:3001/
16830507283689328036876064570522204332, 280553687692852780123066102917098299601 -> a []{'href': 'http://localhost:3001/images/homepage/screenshots/wallets.jpg', 'id': 'image-link-wallets', 'style': "background-image: url('http://localhost:/images/homepage/screenshots/wallets.jpg');"}, 16830507283689328036876064570522204332, http://localhost:3001/
16830507283689328036876064570522204332, 136504310823099385748378508891970664617 -> a []{'href': 'http://localhost:3001/images/homepage/screenshots/i18n.jpg', 'id': 'image-link-', 'style': "background-image: url('http://localhost:/images/homepage/screenshots/in.jpg');"}, 16830507283689328036876064570522204332, http://localhost:3001/
16830507283689328036876064570522204332, 53030406825762545276438289970305043077 -> a ['Home']{'href': '/', 'data-in': 'Home'}, 16830507283689328036876064570522204332, http://localhost:3001/
16830507283689328036876064570522204332, 143912285649067720774554330843865674796 -> a ['Register']{'href': '/user/registration', 'data-in': 'Register'}, 16830507283689328036876064570522204332, http://localhost:3001/
16830507283689328036876064570522204332, 287439962806392087827856506575270396085 -> a []{'href': 'http://localhost:3001/images/homepage/screenshots/transactions.jpg', 'id': 'image-link-', 'style': "background-image: url('http://localhost:/images/homepage/screenshots/transactions.jpg');"}, 16830507283689328036876064570522204332, http://localhost:3001/
77659574643383717146484374309974862090, None, 77659574643383717146484374309974862090, http://localhost:3001/
77659574643383717146484374309974862090, 53030406825762545276438289970305043077 -> a ['Home']{'href': '/', 'data-in': 'Home'}, 109937165664773222140698717684805382596, http://localhost:3001/wallets/
109937165664773222140698717684805382596, 75973569867143580563397877782352499845 -> a ['Goals']{'href': '/plans', 'data-in': 'Goals'}, 237502706208135418592786472633612756409, http://localhost:3001/plans
237502706208135418592786472633612756409, 24783666557245327062948328561070951608 -> a [<span data-i18n="Home", 308491072921035592590286892473289587050, http://localhost:3001/wallets
308491072921035592590286892473289587050, 205911053392441145155640008213943745727 -> a [<span class="glyphicon glyphicon-ok", 308491072921035592590286892473289587050, http://localhost:3001/wallets
308491072921035592590286892473289587050, 286165491588871709043334627123002413700 -> a ['\n', <div class="pull-right text-success transaction_amount", 226768450210016048979609236660366726795, http://localhost:3001/wallets/10
226768450210016048979609236660366726795, 300938307388621752250340407401666505920 -> form ['\n', <input class="form-control" data-i18nplaceholder="Describe expense and press Enter to add" id="add_transaction_text" placeholder="Describe expense and press Enter to add" type="text"/, 226768450210016048979609236660366726795, http://localhost:3001/wallets/10
226768450210016048979609236660366726795, 300938307388621752250340407401666505920 -> form ['\n', <input class="form-control" data-i18nplaceholder="Describe expense and press Enter to add" id="add_transaction_text" placeholder="Describe expense and press Enter to add" type="text"/, 226768450210016048979609236660366726795, http://localhost:3001/wallets/10
226768450210016048979609236660366726795, 289724914631465006120433547142160301660 -> button ['« Prev']{'data-role': 'prev'}, 226768450210016048979609236660366726795, http://localhost:3001/wallets/10
204133606863188857921215272467365725013, None, 204133606863188857921215272467365725013, http://localhost:3001/wallets
204133606863188857921215272467365725013, 5608938641747884300044405205556053003 -> button [<span class="glyphicon glyphicon-user", 204133606863188857921215272467365725013, http://localhost:3001/wallets
204133606863188857921215272467365725013, 207847107984460188533312753476396637913 -> a [<span class="glyphicon glyphicon-user", 204133606863188857921215272467365725013, http://localhost:3001/wallets
204133606863188857921215272467365725013, 209638118784994731842872023555060259766 -> a ['Log Out']{'href': '/user/logout', 'data-in': 'Log Out'}, 16830507283689328036876064570522204332, http://localhost:3001/
16830507283689328036876064570522204332, 24045720963061510147388474628965236342 -> a []{'href': 'http://localhost:3001/images/homepage/screenshots/goal.jpg', 'id': 'image-link-agpl', 'style': "background-image: url('http://localhost:/images/homepage/screenshots/goal.jpg');"}, 16830507283689328036876064570522204332, http://localhost:3001/
16830507283689328036876064570522204332, 24045720963061510147388474628965236342 -> a []{'href': 'http://localhost:3001/images/homepage/screenshots/goal.jpg', 'id': 'image-link-agpl', 'style': "background-image: url('http://localhost:/images/homepage/screenshots/goal.jpg');"}, 16830507283689328036876064570522204332, http://localhost:3001/
16830507283689328036876064570522204332, 143912285649067720774554330843865674796 -> a ['Register']{'href': '/user/registration', 'data-in': 'Register'}, 16830507283689328036876064570522204332, http://localhost:3001/
16830507283689328036876064570522204332, 75056642720997424365806452209120460192 -> a ['Sign In']{'href': '/user/signin', 'data-in': 'Sign In'}, 16830507283689328036876064570522204332, http://localhost:3001/
16830507283689328036876064570522204332, 75056642720997424365806452209120460192 -> a ['Sign In']{'href': '/user/signin', 'data-in': 'Sign In'}, 16830507283689328036876064570522204332, http://localhost:3001/
77659574643383717146484374309974862090, None, 77659574643383717146484374309974862090, http://localhost:3001/
77659574643383717146484374309974862090, 53030406825762545276438289970305043077 -> a ['Home']{'href': '/', 'data-in': 'Home'}, 109937165664773222140698717684805382596, http://localhost:3001/wallets/
109937165664773222140698717684805382596, 75973569867143580563397877782352499845 -> a ['Goals']{'href': '/plans', 'data-in': 'Goals'}, 237502706208135418592786472633612756409, http://localhost:3001/plans
237502706208135418592786472633612756409, 24783666557245327062948328561070951608 -> a [<span data-i18n="Home", 57050447497303425001128844823756613763, http://localhost:3001/wallets
57050447497303425001128844823756613763, 205911053392441145155640008213943745727 -> a [<span class="glyphicon glyphicon-ok", 57050447497303425001128844823756613763, http://localhost:3001/wallets
210424265997405035537478540256128766846, None, 210424265997405035537478540256128766846, http://localhost:3001/wallets
210424265997405035537478540256128766846, 143964004078119742277710045892540417360 -> a ['Wallets']{'href': '/wallets', 'data-in': 'Wallets'}, 210424265997405035537478540256128766846, http://localhost:3001/wallets
210424265997405035537478540256128766846, 186037210004141989051388640614981630902 -> a ['Settings']{'href': '/profile', 'data-in': 'Settings'}, 193855894468930538864165282312256928358, http://localhost:3001/profile
210424265997405035537478540256128766846, None, 210424265997405035537478540256128766846, http://localhost:3001/wallets
210424265997405035537478540256128766846, 186037210004141989051388640614981630902 -> a ['Settings']{'href': '/profile', 'data-in': 'Settings'}, 193855894468930538864165282312256928358, http://localhost:3001/profile
193855894468930538864165282312256928358, 8142538131559096661768932965299746936 -> form ['\n', <div class="form-group", 4636846109495829244253792608617151747, http://localhost:3001/profile
210424265997405035537478540256128766846, None, 210424265997405035537478540256128766846, http://localhost:3001/wallets
210424265997405035537478540256128766846, 186037210004141989051388640614981630902 -> a ['Settings']{'href': '/profile', 'data-in': 'Settings'}, 193855894468930538864165282312256928358, http://localhost:3001/profile
193855894468930538864165282312256928358, 8142538131559096661768932965299746936 -> form ['\n', <div class="form-group", 4636846109495829244253792608617151747, http://localhost:3001/profile
210424265997405035537478540256128766846, None, 210424265997405035537478540256128766846, http://localhost:3001/wallets
210424265997405035537478540256128766846, 186037210004141989051388640614981630902 -> a ['Settings']{'href': '/profile', 'data-in': 'Settings'}, 193855894468930538864165282312256928358, http://localhost:3001/profile
193855894468930538864165282312256928358, 109900342370374619712692107935887661741 -> a [<span class="glyphicon glyphicon-trash", 104956109460716074744859037402039982850, http://localhost:3001/profile#
104956109460716074744859037402039982850, 225145757798679539849455265193339328988 -> form ['\n', <div class="form-group", 104956109460716074744859037402039982850, http://localhost:3001/profile#
104956109460716074744859037402039982850, 225145757798679539849455265193339328988 -> form ['\n', <div class="form-group", 104956109460716074744859037402039982850, http://localhost:3001/profile#
104956109460716074744859037402039982850, 145633068536459322312414860502993133376 -> a [<span data-i18n="Log Out", 104697402886576868678798032013257024063, http://localhost:3001/
104697402886576868678798032013257024063, 24045720963061510147388474628965236342 -> a []{'href': 'http://localhost:3001/images/homepage/screenshots/goal.jpg', 'id': 'image-link-agpl', 'style': "background-image: url('http://localhost:/images/homepage/screenshots/goal.jpg');"}, 104697402886576868678798032013257024063, http://localhost:3001/
104697402886576868678798032013257024063, 53030406825762545276438289970305043077 -> a ['Home']{'href': '/', 'data-in': 'Home'}, 104697402886576868678798032013257024063, http://localhost:3001/
104697402886576868678798032013257024063, 75056642720997424365806452209120460192 -> a ['Sign In']{'href': '/user/signin', 'data-in': 'Sign In'}, 104697402886576868678798032013257024063, http://localhost:3001/
77659574643383717146484374309974862090, None, 77659574643383717146484374309974862090, http://localhost:3001/
77659574643383717146484374309974862090, 53030406825762545276438289970305043077 -> a ['Home']{'href': '/', 'data-in': 'Home'}, 109937165664773222140698717684805382596, http://localhost:3001/wallets/
109937165664773222140698717684805382596, 75973569867143580563397877782352499845 -> a ['Goals']{'href': '/plans', 'data-in': 'Goals'}, 237502706208135418592786472633612756409, http://localhost:3001/plans
237502706208135418592786472633612756409, 24783666557245327062948328561070951608 -> a [<span data-i18n="Home", 205655614289642957912602963040189144759, http://localhost:3001/wallets
205655614289642957912602963040189144759, 12549387572312034662595380537530510228 -> a [<span class="glyphicon glyphicon-ok", 205655614289642957912602963040189144759, http://localhost:3001/wallets
205655614289642957912602963040189144759, 336145394240353959266535772156875663398 -> a [<span data-i18n="Add", 3476398281056561194077258099534361144, http://localhost:3001/wallets
3476398281056561194077258099534361144, 164770504787406092505723908950430241986 -> button ['×']{'type': 'button', 'data-dismiss': 'modal', 'aria-hidden': 'true'}, 205655614289642957912602963040189144759, http://localhost:3001/wallets
205655614289642957912602963040189144759, 336145394240353959266535772156875663398 -> a [<span data-i18n="Add", 3476398281056561194077258099534361144, http://localhost:3001/wallets
3476398281056561194077258099534361144, 52430776314973270160166886406622674883 -> form ['\n', <fieldset, 3476398281056561194077258099534361144, http://localhost:3001/wallets
194689581119877770192308412840909625017, None, 194689581119877770192308412840909625017, http://localhost:3001/wallets
194689581119877770192308412840909625017, 336145394240353959266535772156875663398 -> a [<span data-i18n="Add", 141206558223418214459847049336339575984, http://localhost:3001/wallets
141206558223418214459847049336339575984, 164770504787406092505723908950430241986 -> button ['×']{'type': 'button', 'data-dismiss': 'modal', 'aria-hidden': 'true'}, 194689581119877770192308412840909625017, http://localhost:3001/wallets
194689581119877770192308412840909625017, None, 194689581119877770192308412840909625017, http://localhost:3001/wallets
194689581119877770192308412840909625017, None, 194689581119877770192308412840909625017, http://localhost:3001/wallets
194689581119877770192308412840909625017, None, 194689581119877770192308412840909625017, http://localhost:3001/wallets
194689581119877770192308412840909625017, 5608938641747884300044405205556053003 -> button [<span class="glyphicon glyphicon-user", 194689581119877770192308412840909625017, http://localhost:3001/wallets
194689581119877770192308412840909625017, 277712453453955741677905488786830410505 -> a ['Contact']{'href': 'mailto:jeka911@gmail.com?subject=Wallet', 'data-in': 'Contact'}, 194689581119877770192308412840909625017, http://localhost:3001/wallets
194689581119877770192308412840909625017, 320174147126102010907134653534871470777 -> button [<span class="glyphicon glyphicon-trash", 194689581119877770192308412840909625017, http://localhost:3001/wallets
194689581119877770192308412840909625017, 92771657680496586414361268141351491274 -> a [<span class="glyphicon glyphicon-share-alt", 194689581119877770192308412840909625017, http://localhost:3001/wallets
194689581119877770192308412840909625017, 143964004078119742277710045892540417360 -> a ['Wallets']{'href': '/wallets', 'data-in': 'Wallets'}, 194689581119877770192308412840909625017, http://localhost:3001/wallets
194689581119877770192308412840909625017, None, 194689581119877770192308412840909625017, http://localhost:3001/wallets
194689581119877770192308412840909625017, None, 194689581119877770192308412840909625017, http://localhost:3001/wallets
194689581119877770192308412840909625017, 209638118784994731842872023555060259766 -> a ['Log Out']{'href': '/user/logout', 'data-in': 'Log Out'}, 16830507283689328036876064570522204332, http://localhost:3001/
16830507283689328036876064570522204332, 75056642720997424365806452209120460192 -> a ['Sign In']{'href': '/user/signin', 'data-in': 'Sign In'}, 16830507283689328036876064570522204332, http://localhost:3001/
16830507283689328036876064570522204332, 280553687692852780123066102917098299601 -> a []{'href': 'http://localhost:3001/images/homepage/screenshots/wallets.jpg', 'id': 'image-link-wallets', 'style': "background-image: url('http://localhost:/images/homepage/screenshots/wallets.jpg');"}, 16830507283689328036876064570522204332, http://localhost:3001/
16830507283689328036876064570522204332, 287439962806392087827856506575270396085 -> a []{'href': 'http://localhost:3001/images/homepage/screenshots/transactions.jpg', 'id': 'image-link-', 'style': "background-image: url('http://localhost:/images/homepage/screenshots/transactions.jpg');"}, 16830507283689328036876064570522204332, http://localhost:3001/
16830507283689328036876064570522204332, 136504310823099385748378508891970664617 -> a []{'href': 'http://localhost:3001/images/homepage/screenshots/i18n.jpg', 'id': 'image-link-', 'style': "background-image: url('http://localhost:/images/homepage/screenshots/in.jpg');"}, 16830507283689328036876064570522204332, http://localhost:3001/
16830507283689328036876064570522204332, 53030406825762545276438289970305043077 -> a ['Home']{'href': '/', 'data-in': 'Home'}, 16830507283689328036876064570522204332, http://localhost:3001/
16830507283689328036876064570522204332, 287439962806392087827856506575270396085 -> a []{'href': 'http://localhost:3001/images/homepage/screenshots/transactions.jpg', 'id': 'image-link-', 'style': "background-image: url('http://localhost:/images/homepage/screenshots/transactions.jpg');"}, 16830507283689328036876064570522204332, http://localhost:3001/
16830507283689328036876064570522204332, 53030406825762545276438289970305043077 -> a ['Home']{'href': '/', 'data-in': 'Home'}, 16830507283689328036876064570522204332, http://localhost:3001/
77659574643383717146484374309974862090, None, 77659574643383717146484374309974862090, http://localhost:3001/
77659574643383717146484374309974862090, 53030406825762545276438289970305043077 -> a ['Home']{'href': '/', 'data-in': 'Home'}, 109937165664773222140698717684805382596, http://localhost:3001/wallets/
109937165664773222140698717684805382596, 75973569867143580563397877782352499845 -> a ['Goals']{'href': '/plans', 'data-in': 'Goals'}, 237502706208135418592786472633612756409, http://localhost:3001/plans
237502706208135418592786472633612756409, 24783666557245327062948328561070951608 -> a [<span data-i18n="Home", 258644709631971779201272412341834242303, http://localhost:3001/wallets
258644709631971779201272412341834242303, 320174147126102010907134653534871470777 -> button [<span class="glyphicon glyphicon-trash", 258644709631971779201272412341834242303, http://localhost:3001/wallets
258644709631971779201272412341834242303, 207847107984460188533312753476396637913 -> a [<span class="glyphicon glyphicon-user", 258644709631971779201272412341834242303, http://localhost:3001/wallets
77659574643383717146484374309974862090, None, 77659574643383717146484374309974862090, http://localhost:3001/
77659574643383717146484374309974862090, 53030406825762545276438289970305043077 -> a ['Home']{'href': '/', 'data-in': 'Home'}, 109937165664773222140698717684805382596, http://localhost:3001/wallets/
109937165664773222140698717684805382596, 75973569867143580563397877782352499845 -> a ['Goals']{'href': '/plans', 'data-in': 'Goals'}, 237502706208135418592786472633612756409, http://localhost:3001/plans
237502706208135418592786472633612756409, 24783666557245327062948328561070951608 -> a [<span data-i18n="Home", 231077815516757735112834652183250957774, http://localhost:3001/wallets
231077815516757735112834652183250957774, 308625441183486918076851384870611152294 -> a ['\n', <div class="pull-right text-success transaction_amount", 89324862228040414550847144532730327098, http://localhost:3001/wallets/18
89324862228040414550847144532730327098, 339077655104823550109400832933948598509 -> button ['End tour']{'data-role': 'end'}, 89324862228040414550847144532730327098, http://localhost:3001/wallets/18
89324862228040414550847144532730327098, 289724914631465006120433547142160301660 -> button ['« Prev']{'data-role': 'prev'}, 89324862228040414550847144532730327098, http://localhost:3001/wallets/18
89324862228040414550847144532730327098, 19742663727663056798875961854711647863 -> button ['Next »']{'data-role': 'next'}, 89324862228040414550847144532730327098, http://localhost:3001/wallets/18
89324862228040414550847144532730327098, 227382493931589493278350145414942192352 -> button [<span data-i18n="Add Income", 95799127133477847551487548461733973205, http://localhost:3001/wallets/18
339157784992049389444804927935198079799, None, 339157784992049389444804927935198079799, http://localhost:3001/wallets
339157784992049389444804927935198079799, 59033961675128415164332924159931931082 -> button [<span class="glyphicon glyphicon-pencil", 328520036337974358064826292283616338796, http://localhost:3001/wallets
328520036337974358064826292283616338796, 164770504787406092505723908950430241986 -> button ['×']{'type': 'button', 'data-dismiss': 'modal', 'aria-hidden': 'true'}, 339157784992049389444804927935198079799, http://localhost:3001/wallets
339157784992049389444804927935198079799, None, 339157784992049389444804927935198079799, http://localhost:3001/wallets
339157784992049389444804927935198079799, 143964004078119742277710045892540417360 -> a ['Wallets']{'href': '/wallets', 'data-in': 'Wallets'}, 339157784992049389444804927935198079799, http://localhost:3001/wallets
339157784992049389444804927935198079799, 186037210004141989051388640614981630902 -> a ['Settings']{'href': '/profile', 'data-in': 'Settings'}, 193855894468930538864165282312256928358, http://localhost:3001/profile
193855894468930538864165282312256928358, 109900342370374619712692107935887661741 -> a [<span class="glyphicon glyphicon-trash", 104956109460716074744859037402039982850, http://localhost:3001/profile#
104956109460716074744859037402039982850, 145633068536459322312414860502993133376 -> a [<span data-i18n="Log Out", 104697402886576868678798032013257024063, http://localhost:3001/
77659574643383717146484374309974862090, None, 77659574643383717146484374309974862090, http://localhost:3001/
77659574643383717146484374309974862090, 53030406825762545276438289970305043077 -> a ['Home']{'href': '/', 'data-in': 'Home'}, 109937165664773222140698717684805382596, http://localhost:3001/wallets/
109937165664773222140698717684805382596, 75973569867143580563397877782352499845 -> a ['Goals']{'href': '/plans', 'data-in': 'Goals'}, 237502706208135418592786472633612756409, http://localhost:3001/plans
237502706208135418592786472633612756409, 24783666557245327062948328561070951608 -> a [<span data-i18n="Home", 112645308359622839681226309944309808088, http://localhost:3001/wallets
112645308359622839681226309944309808088, 187044132862555201896942031886019092360 -> a ['\n', <div class="pull-right text-success transaction_amount", 188287115446861481902267098866438463221, http://localhost:3001/wallets/22
188287115446861481902267098866438463221, 255327670000224790820256177912720200338 -> a [<span aria-hidden="true" class="glyphicon glyphicon-import", 7746955942409083761681087070178612219, http://localhost:3001/wallets/22/import
7746955942409083761681087070178612219, 64359035699179596210775047006577056526 -> a [<span data-i18n="Cancel", 244706193590376703769970941522041736514, http://localhost:3001/wallets/22
244706193590376703769970941522041736514, 40033767128550119556758792738972518504 -> button [<span data-i18n="Add Income", 244706193590376703769970941522041736514, http://localhost:3001/wallets/22
244706193590376703769970941522041736514, 40033767128550119556758792738972518504 -> button [<span data-i18n="Add Income", 244706193590376703769970941522041736514, http://localhost:3001/wallets/22
110908703904320915170262326968136019427, None, 110908703904320915170262326968136019427, http://localhost:3001/wallets
110908703904320915170262326968136019427, 275627658842350523684915362105759449825 -> a ['\n', <div class="pull-right text-success transaction_amount", 219317665779320341533252324535745230534, http://localhost:3001/wallets/21
110908703904320915170262326968136019427, None, 110908703904320915170262326968136019427, http://localhost:3001/wallets
110908703904320915170262326968136019427, 275627658842350523684915362105759449825 -> a ['\n', <div class="pull-right text-success transaction_amount", 219317665779320341533252324535745230534, http://localhost:3001/wallets/21
219317665779320341533252324535745230534, 207725694893009870981114217235388563373 -> a [<span aria-hidden="true" class="glyphicon glyphicon-import", 9194064393714745254074778758022763852, http://localhost:3001/wallets/21/import
9194064393714745254074778758022763852, 211529172816946856896018388012172770514 -> input []{'type': 'button', 'value': 'Select file', 'data-loading-text': 'Uploading...', 'data-invalue': 'Select file'}, 9194064393714745254074778758022763852, http://localhost:3001/wallets/21/import
110908703904320915170262326968136019427, None, 110908703904320915170262326968136019427, http://localhost:3001/wallets
110908703904320915170262326968136019427, 275627658842350523684915362105759449825 -> a ['\n', <div class="pull-right text-success transaction_amount", 219317665779320341533252324535745230534, http://localhost:3001/wallets/21
219317665779320341533252324535745230534, 207725694893009870981114217235388563373 -> a [<span aria-hidden="true" class="glyphicon glyphicon-import", 9194064393714745254074778758022763852, http://localhost:3001/wallets/21/import
9194064393714745254074778758022763852, 211529172816946856896018388012172770514 -> input []{'type': 'button', 'value': 'Select file', 'data-loading-text': 'Uploading...', 'data-invalue': 'Select file'}, 9194064393714745254074778758022763852, http://localhost:3001/wallets/21/import
9194064393714745254074778758022763852, 211529172816946856896018388012172770514 -> input []{'type': 'button', 'value': 'Select file', 'data-loading-text': 'Uploading...', 'data-invalue': 'Select file'}, 9194064393714745254074778758022763852, http://localhost:3001/wallets/21/import
77659574643383717146484374309974862090, None, 77659574643383717146484374309974862090, http://localhost:3001/
77659574643383717146484374309974862090, 53030406825762545276438289970305043077 -> a ['Home']{'href': '/', 'data-in': 'Home'}, 109937165664773222140698717684805382596, http://localhost:3001/wallets/
109937165664773222140698717684805382596, 75973569867143580563397877782352499845 -> a ['Goals']{'href': '/plans', 'data-in': 'Goals'}, 237502706208135418592786472633612756409, http://localhost:3001/plans
237502706208135418592786472633612756409, 24783666557245327062948328561070951608 -> a [<span data-i18n="Home", 61779343297091579586352485952357383957, http://localhost:3001/wallets
61779343297091579586352485952357383957, 320174147126102010907134653534871470777 -> button [<span class="glyphicon glyphicon-trash", 61779343297091579586352485952357383957, http://localhost:3001/wallets
61779343297091579586352485952357383957, 59033961675128415164332924159931931082 -> button [<span class="glyphicon glyphicon-pencil", 61779343297091579586352485952357383957, http://localhost:3001/wallets
61779343297091579586352485952357383957, 336145394240353959266535772156875663398 -> a [<span data-i18n="Add", 61779343297091579586352485952357383957, http://localhost:3001/wallets
110908703904320915170262326968136019427, None, 110908703904320915170262326968136019427, http://localhost:3001/wallets
110908703904320915170262326968136019427, 275627658842350523684915362105759449825 -> a ['\n', <div class="pull-right text-success transaction_amount", 219317665779320341533252324535745230534, http://localhost:3001/wallets/21
219317665779320341533252324535745230534, 300938307388621752250340407401666505920 -> form ['\n', <input class="form-control" data-i18nplaceholder="Describe expense and press Enter to add" id="add_transaction_text" placeholder="Describe expense and press Enter to add" type="text"/, 219317665779320341533252324535745230534, http://localhost:3001/wallets/21
219317665779320341533252324535745230534, 300938307388621752250340407401666505920 -> form ['\n', <input class="form-control" data-i18nplaceholder="Describe expense and press Enter to add" id="add_transaction_text" placeholder="Describe expense and press Enter to add" type="text"/, 219317665779320341533252324535745230534, http://localhost:3001/wallets/21
219317665779320341533252324535745230534, 158009411471723493269880909046446417559 -> a [<span data-i18n="Set Goal", 194519147778983304129426205002808846761, http://localhost:3001/wallets
110908703904320915170262326968136019427, None, 110908703904320915170262326968136019427, http://localhost:3001/wallets
110908703904320915170262326968136019427, 275627658842350523684915362105759449825 -> a ['\n', <div class="pull-right text-success transaction_amount", 219317665779320341533252324535745230534, http://localhost:3001/wallets/21
219317665779320341533252324535745230534, 51734587471318764320500906054182906819 -> a [<span data-i18n="set total to", 219317665779320341533252324535745230534, http://localhost:3001/wallets/21
219317665779320341533252324535745230534, 332632648636535438633633310846405598435 -> button ['\n', <span aria-hidden="true" class="glyphicon glyphicon-chevron-down", 219317665779320341533252324535745230534, http://localhost:3001/wallets/21
219317665779320341533252324535745230534, 40033767128550119556758792738972518504 -> button [<span data-i18n="Add Income", 219317665779320341533252324535745230534, http://localhost:3001/wallets/21
219317665779320341533252324535745230534, 51734587471318764320500906054182906819 -> a [<span data-i18n="set total to", 219317665779320341533252324535745230534, http://localhost:3001/wallets/21
219317665779320341533252324535745230534, 207725694893009870981114217235388563373 -> a [<span aria-hidden="true" class="glyphicon glyphicon-import", 9194064393714745254074778758022763852, http://localhost:3001/wallets/21/import
110908703904320915170262326968136019427, None, 110908703904320915170262326968136019427, http://localhost:3001/wallets
110908703904320915170262326968136019427, 275627658842350523684915362105759449825 -> a ['\n', <div class="pull-right text-success transaction_amount", 216450624878237840479004698150106180343, http://localhost:3001/wallets/21
216450624878237840479004698150106180343, 40033767128550119556758792738972518504 -> button [<span data-i18n="Add Income", 216450624878237840479004698150106180343, http://localhost:3001/wallets/21
216450624878237840479004698150106180343, 332632648636535438633633310846405598435 -> button ['\n', <span aria-hidden="true" class="glyphicon glyphicon-chevron-down", 216450624878237840479004698150106180343, http://localhost:3001/wallets/21
216450624878237840479004698150106180343, 207725694893009870981114217235388563373 -> a [<span aria-hidden="true" class="glyphicon glyphicon-import", 9194064393714745254074778758022763852, http://localhost:3001/wallets/21/import
9194064393714745254074778758022763852, 211529172816946856896018388012172770514 -> input []{'type': 'button', 'value': 'Select file', 'data-loading-text': 'Uploading...', 'data-invalue': 'Select file'}, 9194064393714745254074778758022763852, http://localhost:3001/wallets/21/import
9194064393714745254074778758022763852, 211529172816946856896018388012172770514 -> input []{'type': 'button', 'value': 'Select file', 'data-loading-text': 'Uploading...', 'data-invalue': 'Select file'}, 9194064393714745254074778758022763852, http://localhost:3001/wallets/21/import
9194064393714745254074778758022763852, 147671564588507072004771051260567798333 -> a [<span data-i18n="Cancel", 216450624878237840479004698150106180343, http://localhost:3001/wallets/21
216450624878237840479004698150106180343, 300938307388621752250340407401666505920 -> form ['\n', <input class="form-control" data-i18nplaceholder="Describe expense and press Enter to add" id="add_transaction_text" placeholder="Describe expense and press Enter to add" type="text"/, 216450624878237840479004698150106180343, http://localhost:3001/wallets/21
110908703904320915170262326968136019427, None, 110908703904320915170262326968136019427, http://localhost:3001/wallets
110908703904320915170262326968136019427, 275627658842350523684915362105759449825 -> a ['\n', <div class="pull-right text-success transaction_amount", 311536083273218247380268429030196878195, http://localhost:3001/wallets/21
110908703904320915170262326968136019427, None, 110908703904320915170262326968136019427, http://localhost:3001/wallets
110908703904320915170262326968136019427, 275627658842350523684915362105759449825 -> a ['\n', <div class="pull-right text-success transaction_amount", 216450624878237840479004698150106180343, http://localhost:3001/wallets/21
216450624878237840479004698150106180343, 300938307388621752250340407401666505920 -> form ['\n', <input class="form-control" data-i18nplaceholder="Describe expense and press Enter to add" id="add_transaction_text" placeholder="Describe expense and press Enter to add" type="text"/, 28861911366409508637088622087409758457, http://localhost:3001/wallets/21
28861911366409508637088622087409758457, 156556726879977643255280551145035477597 -> form ['\n', <input class="form-control" data-i18nplaceholder="Describe expense and press Enter to add" id="add_transaction_text" placeholder="Describe expense and press Enter to add" type="text"/, 28861911366409508637088622087409758457, http://localhost:3001/wallets/21
110908703904320915170262326968136019427, None, 110908703904320915170262326968136019427, http://localhost:3001/wallets
110908703904320915170262326968136019427, 275627658842350523684915362105759449825 -> a ['\n', <div class="pull-right text-success transaction_amount", 216450624878237840479004698150106180343, http://localhost:3001/wallets/21
216450624878237840479004698150106180343, 158009411471723493269880909046446417559 -> a [<span data-i18n="Set Goal", 194519147778983304129426205002808846761, http://localhost:3001/wallets
110908703904320915170262326968136019427, None, 110908703904320915170262326968136019427, http://localhost:3001/wallets
110908703904320915170262326968136019427, 275627658842350523684915362105759449825 -> a ['\n', <div class="pull-right text-success transaction_amount", 166713274567643759859898001943234777580, http://localhost:3001/wallets/21
166713274567643759859898001943234777580, 158009411471723493269880909046446417559 -> a [<span data-i18n="Set Goal", 194519147778983304129426205002808846761, http://localhost:3001/wallets
110908703904320915170262326968136019427, None, 110908703904320915170262326968136019427, http://localhost:3001/wallets
110908703904320915170262326968136019427, 275627658842350523684915362105759449825 -> a ['\n', <div class="pull-right text-success transaction_amount", 219317665779320341533252324535745230534, http://localhost:3001/wallets/21
219317665779320341533252324535745230534, 332632648636535438633633310846405598435 -> button ['\n', <span aria-hidden="true" class="glyphicon glyphicon-chevron-down", 219317665779320341533252324535745230534, http://localhost:3001/wallets/21
219317665779320341533252324535745230534, 332632648636535438633633310846405598435 -> button ['\n', <span aria-hidden="true" class="glyphicon glyphicon-chevron-down", 73071953675281124007702726252765909105, http://localhost:3001/wallets/21
110908703904320915170262326968136019427, None, 110908703904320915170262326968136019427, http://localhost:3001/wallets
110908703904320915170262326968136019427, 187044132862555201896942031886019092360 -> a ['\n', <div class="pull-right text-success transaction_amount", 270474423349902915784020431571256060164, http://localhost:3001/wallets/22
110908703904320915170262326968136019427, None, 110908703904320915170262326968136019427, http://localhost:3001/wallets
110908703904320915170262326968136019427, 187044132862555201896942031886019092360 -> a ['\n', <div class="pull-right text-success transaction_amount", 270474423349902915784020431571256060164, http://localhost:3001/wallets/22
110908703904320915170262326968136019427, None, 110908703904320915170262326968136019427, http://localhost:3001/wallets
110908703904320915170262326968136019427, 187044132862555201896942031886019092360 -> a ['\n', <div class="pull-right text-success transaction_amount", 270474423349902915784020431571256060164, http://localhost:3001/wallets/22
270474423349902915784020431571256060164, 51734587471318764320500906054182906819 -> a [<span data-i18n="set total to", 270474423349902915784020431571256060164, http://localhost:3001/wallets/22
270474423349902915784020431571256060164, 158009411471723493269880909046446417559 -> a [<span data-i18n="Set Goal", 270474423349902915784020431571256060164, http://localhost:3001/wallets/22
270474423349902915784020431571256060164, 300938307388621752250340407401666505920 -> form ['\n', <input class="form-control" data-i18nplaceholder="Describe expense and press Enter to add" id="add_transaction_text" placeholder="Describe expense and press Enter to add" type="text"/, 270474423349902915784020431571256060164, http://localhost:3001/wallets/22
270474423349902915784020431571256060164, 300938307388621752250340407401666505920 -> form ['\n', <input class="form-control" data-i18nplaceholder="Describe expense and press Enter to add" id="add_transaction_text" placeholder="Describe expense and press Enter to add" type="text"/, 270474423349902915784020431571256060164, http://localhost:3001/wallets/22
270474423349902915784020431571256060164, 40033767128550119556758792738972518504 -> button [<span data-i18n="Add Income", 270474423349902915784020431571256060164, http://localhost:3001/wallets/22
270474423349902915784020431571256060164, 255327670000224790820256177912720200338 -> a [<span aria-hidden="true" class="glyphicon glyphicon-import", 270474423349902915784020431571256060164, http://localhost:3001/wallets/22
270474423349902915784020431571256060164, 40033767128550119556758792738972518504 -> button [<span data-i18n="Add Income", 270474423349902915784020431571256060164, http://localhost:3001/wallets/22
110908703904320915170262326968136019427, None, 110908703904320915170262326968136019427, http://localhost:3001/wallets
110908703904320915170262326968136019427, 187044132862555201896942031886019092360 -> a ['\n', <div class="pull-right text-success transaction_amount", 270474423349902915784020431571256060164, http://localhost:3001/wallets/22
270474423349902915784020431571256060164, 51734587471318764320500906054182906819 -> a [<span data-i18n="set total to", 270474423349902915784020431571256060164, http://localhost:3001/wallets/22
270474423349902915784020431571256060164, 51734587471318764320500906054182906819 -> a [<span data-i18n="set total to", 270474423349902915784020431571256060164, http://localhost:3001/wallets/22
270474423349902915784020431571256060164, 158009411471723493269880909046446417559 -> a [<span data-i18n="Set Goal", 194519147778983304129426205002808846761, http://localhost:3001/wallets
110908703904320915170262326968136019427, None, 110908703904320915170262326968136019427, http://localhost:3001/wallets
110908703904320915170262326968136019427, 69261900354377929876421606824271450118 -> a [<span aria-hidden="true" class="glyphicon glyphicon-globe", 110908703904320915170262326968136019427, http://localhost:3001/wallets
110908703904320915170262326968136019427, 59033961675128415164332924159931931082 -> button [<span class="glyphicon glyphicon-pencil", 110908703904320915170262326968136019427, http://localhost:3001/wallets
110908703904320915170262326968136019427, None, 110908703904320915170262326968136019427, http://localhost:3001/wallets
110908703904320915170262326968136019427, None, 110908703904320915170262326968136019427, http://localhost:3001/wallets
110908703904320915170262326968136019427, 277712453453955741677905488786830410505 -> a ['Contact']{'href': 'mailto:jeka911@gmail.com?subject=Wallet', 'data-in': 'Contact'}, 110908703904320915170262326968136019427, http://localhost:3001/wallets
110908703904320915170262326968136019427, 336145394240353959266535772156875663398 -> a [<span data-i18n="Add", 141206558223418214459847049336339575984, http://localhost:3001/wallets
141206558223418214459847049336339575984, 52430776314973270160166886406622674883 -> form ['\n', <fieldset, 110908703904320915170262326968136019427, http://localhost:3001/wallets
110908703904320915170262326968136019427, 209638118784994731842872023555060259766 -> a ['Log Out']{'href': '/user/logout', 'data-in': 'Log Out'}, 16830507283689328036876064570522204332, http://localhost:3001/
16830507283689328036876064570522204332, 24045720963061510147388474628965236342 -> a []{'href': 'http://localhost:3001/images/homepage/screenshots/goal.jpg', 'id': 'image-link-agpl', 'style': "background-image: url('http://localhost:/images/homepage/screenshots/goal.jpg');"}, 16830507283689328036876064570522204332, http://localhost:3001/
16830507283689328036876064570522204332, 280553687692852780123066102917098299601 -> a []{'href': 'http://localhost:3001/images/homepage/screenshots/wallets.jpg', 'id': 'image-link-wallets', 'style': "background-image: url('http://localhost:/images/homepage/screenshots/wallets.jpg');"}, 16830507283689328036876064570522204332, http://localhost:3001/
16830507283689328036876064570522204332, 143912285649067720774554330843865674796 -> a ['Register']{'href': '/user/registration', 'data-in': 'Register'}, 16830507283689328036876064570522204332, http://localhost:3001/
16830507283689328036876064570522204332, 136504310823099385748378508891970664617 -> a []{'href': 'http://localhost:3001/images/homepage/screenshots/i18n.jpg', 'id': 'image-link-', 'style': "background-image: url('http://localhost:/images/homepage/screenshots/in.jpg');"}, 16830507283689328036876064570522204332, http://localhost:3001/
77659574643383717146484374309974862090, None, 77659574643383717146484374309974862090, http://localhost:3001/
77659574643383717146484374309974862090, 53030406825762545276438289970305043077 -> a ['Home']{'href': '/', 'data-in': 'Home'}, 109937165664773222140698717684805382596, http://localhost:3001/wallets/
109937165664773222140698717684805382596, 75973569867143580563397877782352499845 -> a ['Goals']{'href': '/plans', 'data-in': 'Goals'}, 237502706208135418592786472633612756409, http://localhost:3001/plans
237502706208135418592786472633612756409, 24783666557245327062948328561070951608 -> a [<span data-i18n="Home", 325998364312513664794876254392143634435, http://localhost:3001/wallets
325998364312513664794876254392143634435, 336145394240353959266535772156875663398 -> a [<span data-i18n="Add", 3476398281056561194077258099534361144, http://localhost:3001/wallets
3476398281056561194077258099534361144, 52430776314973270160166886406622674883 -> form ['\n', <fieldset, 3476398281056561194077258099534361144, http://localhost:3001/wallets
3476398281056561194077258099534361144, 164770504787406092505723908950430241986 -> button ['×']{'type': 'button', 'data-dismiss': 'modal', 'aria-hidden': 'true'}, 325998364312513664794876254392143634435, http://localhost:3001/wallets
325998364312513664794876254392143634435, 336145394240353959266535772156875663398 -> a [<span data-i18n="Add", 3476398281056561194077258099534361144, http://localhost:3001/wallets
3476398281056561194077258099534361144, 52430776314973270160166886406622674883 -> form ['\n', <fieldset, 3476398281056561194077258099534361144, http://localhost:3001/wallets
140562599624175989215427988490230556610, None, 140562599624175989215427988490230556610, http://localhost:3001/wallets
140562599624175989215427988490230556610, 12549387572312034662595380537530510228 -> a [<span class="glyphicon glyphicon-ok", 140562599624175989215427988490230556610, http://localhost:3001/wallets
140562599624175989215427988490230556610, None, 140562599624175989215427988490230556610, http://localhost:3001/wallets
140562599624175989215427988490230556610, 186037210004141989051388640614981630902 -> a ['Settings']{'href': '/profile', 'data-in': 'Settings'}, 193855894468930538864165282312256928358, http://localhost:3001/profile
193855894468930538864165282312256928358, 109900342370374619712692107935887661741 -> a [<span class="glyphicon glyphicon-trash", 104956109460716074744859037402039982850, http://localhost:3001/profile#
104956109460716074744859037402039982850, 145633068536459322312414860502993133376 -> a [<span data-i18n="Log Out", 104697402886576868678798032013257024063, http://localhost:3001/
104697402886576868678798032013257024063, 136504310823099385748378508891970664617 -> a []{'href': 'http://localhost:3001/images/homepage/screenshots/i18n.jpg', 'id': 'image-link-', 'style': "background-image: url('http://localhost:/images/homepage/screenshots/in.jpg');"}, 104697402886576868678798032013257024063, http://localhost:3001/
104697402886576868678798032013257024063, 287439962806392087827856506575270396085 -> a []{'href': 'http://localhost:3001/images/homepage/screenshots/transactions.jpg', 'id': 'image-link-', 'style': "background-image: url('http://localhost:/images/homepage/screenshots/transactions.jpg');"}, 104697402886576868678798032013257024063, http://localhost:3001/
104697402886576868678798032013257024063, 280553687692852780123066102917098299601 -> a []{'href': 'http://localhost:3001/images/homepage/screenshots/wallets.jpg', 'id': 'image-link-wallets', 'style': "background-image: url('http://localhost:/images/homepage/screenshots/wallets.jpg');"}, 104697402886576868678798032013257024063, http://localhost:3001/
104697402886576868678798032013257024063, 143912285649067720774554330843865674796 -> a ['Register']{'href': '/user/registration', 'data-in': 'Register'}, 104697402886576868678798032013257024063, http://localhost:3001/
104697402886576868678798032013257024063, 136504310823099385748378508891970664617 -> a []{'href': 'http://localhost:3001/images/homepage/screenshots/i18n.jpg', 'id': 'image-link-', 'style': "background-image: url('http://localhost:/images/homepage/screenshots/in.jpg');"}, 104697402886576868678798032013257024063, http://localhost:3001/
77659574643383717146484374309974862090, None, 77659574643383717146484374309974862090, http://localhost:3001/
77659574643383717146484374309974862090, 53030406825762545276438289970305043077 -> a ['Home']{'href': '/', 'data-in': 'Home'}, 109937165664773222140698717684805382596, http://localhost:3001/wallets/
109937165664773222140698717684805382596, 75973569867143580563397877782352499845 -> a ['Goals']{'href': '/plans', 'data-in': 'Goals'}, 237502706208135418592786472633612756409, http://localhost:3001/plans
237502706208135418592786472633612756409, 24783666557245327062948328561070951608 -> a [<span data-i18n="Home", 85083857622754017734803199578197327521, http://localhost:3001/wallets
86066203116698868997000380320187522054, None, 86066203116698868997000380320187522054, http://localhost:3001/wallets
86066203116698868997000380320187522054, None, 86066203116698868997000380320187522054, http://localhost:3001/wallets
86066203116698868997000380320187522054, 205911053392441145155640008213943745727 -> a [<span class="glyphicon glyphicon-ok", 86066203116698868997000380320187522054, http://localhost:3001/wallets
86066203116698868997000380320187522054, None, 86066203116698868997000380320187522054, http://localhost:3001/wallets
86066203116698868997000380320187522054, None, 86066203116698868997000380320187522054, http://localhost:3001/wallets
86066203116698868997000380320187522054, None, 86066203116698868997000380320187522054, http://localhost:3001/wallets
86066203116698868997000380320187522054, 5608938641747884300044405205556053003 -> button [<span class="glyphicon glyphicon-user", 86066203116698868997000380320187522054, http://localhost:3001/wallets
86066203116698868997000380320187522054, 12549387572312034662595380537530510228 -> a [<span class="glyphicon glyphicon-ok", 86066203116698868997000380320187522054, http://localhost:3001/wallets
86066203116698868997000380320187522054, 143964004078119742277710045892540417360 -> a ['Wallets']{'href': '/wallets', 'data-in': 'Wallets'}, 86066203116698868997000380320187522054, http://localhost:3001/wallets
86066203116698868997000380320187522054, None, 86066203116698868997000380320187522054, http://localhost:3001/wallets
86066203116698868997000380320187522054, 59033961675128415164332924159931931082 -> button [<span class="glyphicon glyphicon-pencil", 290680132782108200610031440000329009685, http://localhost:3001/wallets
290680132782108200610031440000329009685, 164770504787406092505723908950430241986 -> button ['×']{'type': 'button', 'data-dismiss': 'modal', 'aria-hidden': 'true'}, 86066203116698868997000380320187522054, http://localhost:3001/wallets
86066203116698868997000380320187522054, 277712453453955741677905488786830410505 -> a ['Contact']{'href': 'mailto:jeka911@gmail.com?subject=Wallet', 'data-in': 'Contact'}, 86066203116698868997000380320187522054, http://localhost:3001/wallets
86066203116698868997000380320187522054, 336145394240353959266535772156875663398 -> a [<span data-i18n="Add", 141206558223418214459847049336339575984, http://localhost:3001/wallets
141206558223418214459847049336339575984, 52430776314973270160166886406622674883 -> form ['\n', <fieldset, 86066203116698868997000380320187522054, http://localhost:3001/wallets
267225612300070337401117275086635864483, None, 267225612300070337401117275086635864483, http://localhost:3001/wallets
267225612300070337401117275086635864483, None, 267225612300070337401117275086635864483, http://localhost:3001/wallets
267225612300070337401117275086635864483, 69261900354377929876421606824271450118 -> a [<span aria-hidden="true" class="glyphicon glyphicon-globe", 267225612300070337401117275086635864483, http://localhost:3001/wallets
267225612300070337401117275086635864483, 59033961675128415164332924159931931082 -> button [<span class="glyphicon glyphicon-pencil", 267225612300070337401117275086635864483, http://localhost:3001/wallets
267225612300070337401117275086635864483, 12549387572312034662595380537530510228 -> a [<span class="glyphicon glyphicon-ok", 267225612300070337401117275086635864483, http://localhost:3001/wallets
267225612300070337401117275086635864483, 207847107984460188533312753476396637913 -> a [<span class="glyphicon glyphicon-user", 28251505140057741466194513600748612114, http://localhost:3001/wallets
28251505140057741466194513600748612114, 175622598061817962830991640137317797091 -> a ['Написать нам']{'href': 'mailto:jeka911@gmail.com?subject=Wallet', 'data-in': 'Contact'}, 28251505140057741466194513600748612114, http://localhost:3001/wallets
28251505140057741466194513600748612114, 140457817286280627231574580337331143548 -> button [<span class="glyphicon glyphicon-trash", 28251505140057741466194513600748612114, http://localhost:3001/wallets
28251505140057741466194513600748612114, 134073009530815014980291977605128349685 -> a [<span class="glyphicon glyphicon-ok", 28251505140057741466194513600748612114, http://localhost:3001/wallets
28251505140057741466194513600748612114, 49893265973760036789078185879520493655 -> button [<span class="glyphicon glyphicon-pencil", 72257468670906138031581732923903034967, http://localhost:3001/wallets
178049522598325951617926871980689787738, None, 178049522598325951617926871980689787738, http://localhost:3001/wallets
178049522598325951617926871980689787738, 49893265973760036789078185879520493655 -> button [<span class="glyphicon glyphicon-pencil", 28430803870624244793532517801318695792, http://localhost:3001/wallets
28430803870624244793532517801318695792, 164770504787406092505723908950430241986 -> button ['×']{'type': 'button', 'data-dismiss': 'modal', 'aria-hidden': 'true'}, 178049522598325951617926871980689787738, http://localhost:3001/wallets
178049522598325951617926871980689787738, 49893265973760036789078185879520493655 -> button [<span class="glyphicon glyphicon-pencil", 290981459509402680481410993176502131759, http://localhost:3001/wallets
290981459509402680481410993176502131759, 9445002045435402537876793855686668017 -> form ['\n', <fieldset, 290981459509402680481410993176502131759, http://localhost:3001/wallets
290981459509402680481410993176502131759, 9445002045435402537876793855686668017 -> form ['\n', <fieldset, 290981459509402680481410993176502131759, http://localhost:3001/wallets
290981459509402680481410993176502131759, 9445002045435402537876793855686668017 -> form ['\n', <fieldset, 178049522598325951617926871980689787738, http://localhost:3001/wallets
178049522598325951617926871980689787738, 49893265973760036789078185879520493655 -> button [<span class="glyphicon glyphicon-pencil", 178049522598325951617926871980689787738, http://localhost:3001/wallets
178049522598325951617926871980689787738, 260874942789934940868775990394842309470 -> button [<span class="glyphicon glyphicon-user", 178049522598325951617926871980689787738, http://localhost:3001/wallets
178049522598325951617926871980689787738, None, 178049522598325951617926871980689787738, http://localhost:3001/wallets
178049522598325951617926871980689787738, None, 178049522598325951617926871980689787738, http://localhost:3001/wallets
178049522598325951617926871980689787738, None, 178049522598325951617926871980689787738, http://localhost:3001/wallets
178049522598325951617926871980689787738, 292196149440750152100191894303167002893 -> a ['\n', <div class="pull-right text-success transaction_amount", 178049522598325951617926871980689787738, http://localhost:3001/wallets
178049522598325951617926871980689787738, 140457817286280627231574580337331143548 -> button [<span class="glyphicon glyphicon-trash", 178049522598325951617926871980689787738, http://localhost:3001/wallets
178049522598325951617926871980689787738, 21824728745494118346806017482475308344 -> a ['Настройки']{'href': '/profile', 'data-in': 'Settings'}, 178049522598325951617926871980689787738, http://localhost:3001/wallets
178049522598325951617926871980689787738, None, 178049522598325951617926871980689787738, http://localhost:3001/wallets
178049522598325951617926871980689787738, None, 178049522598325951617926871980689787738, http://localhost:3001/wallets
178049522598325951617926871980689787738, 30906913677491510962581766254140068231 -> a ['Выйти']{'href': '/user/logout', 'data-in': 'Log Out'}, 295392063217451202734322903333603391175, http://localhost:3001/
77659574643383717146484374309974862090, None, 77659574643383717146484374309974862090, http://localhost:3001/
77659574643383717146484374309974862090, 240486852943402416586504389427876017668 -> a ['Главная']{'href': '/', 'data-in': 'Home'}, 109937165664773222140698717684805382596, http://localhost:3001/wallets/
109937165664773222140698717684805382596, 21824728745494118346806017482475308344 -> a ['Настройки']{'href': '/profile', 'data-in': 'Settings'}, 55773206835589081095861209876312742492, http://localhost:3001/profile
55773206835589081095861209876312742492, 180217012861920527268826864699353676198 -> a [<span class="glyphicon glyphicon-trash", 22631807703304886950542763873918728478, http://localhost:3001/profile#
22631807703304886950542763873918728478, 256577445655001965893331533384317731668 -> form ['\n', <div class="form-group", 22631807703304886950542763873918728478, http://localhost:3001/profile#
22631807703304886950542763873918728478, 256577445655001965893331533384317731668 -> form ['\n', <div class="form-group", 22631807703304886950542763873918728478, http://localhost:3001/profile#
22631807703304886950542763873918728478, 246645979443056923504358182049644261062 -> a [<span data-i18n="Log Out", 295392063217451202734322903333603391175, http://localhost:3001/
295392063217451202734322903333603391175, 24045720963061510147388474628965236342 -> a []{'href': 'http://localhost:3001/images/homepage/screenshots/goal.jpg', 'id': 'image-link-agpl', 'style': "background-image: url('http://localhost:/images/homepage/screenshots/goal.jpg');"}, 295392063217451202734322903333603391175, http://localhost:3001/
295392063217451202734322903333603391175, 136504310823099385748378508891970664617 -> a []{'href': 'http://localhost:3001/images/homepage/screenshots/i18n.jpg', 'id': 'image-link-', 'style': "background-image: url('http://localhost:/images/homepage/screenshots/in.jpg');"}, 295392063217451202734322903333603391175, http://localhost:3001/
77659574643383717146484374309974862090, None, 77659574643383717146484374309974862090, http://localhost:3001/
77659574643383717146484374309974862090, 240486852943402416586504389427876017668 -> a ['Главная']{'href': '/', 'data-in': 'Home'}, 109937165664773222140698717684805382596, http://localhost:3001/wallets/
109937165664773222140698717684805382596, 21824728745494118346806017482475308344 -> a ['Настройки']{'href': '/profile', 'data-in': 'Settings'}, 55773206835589081095861209876312742492, http://localhost:3001/profile
55773206835589081095861209876312742492, 180217012861920527268826864699353676198 -> a [<span class="glyphicon glyphicon-trash", 22631807703304886950542763873918728478, http://localhost:3001/profile#
22631807703304886950542763873918728478, 246645979443056923504358182049644261062 -> a [<span data-i18n="Log Out", 295392063217451202734322903333603391175, http://localhost:3001/
295392063217451202734322903333603391175, 287439962806392087827856506575270396085 -> a []{'href': 'http://localhost:3001/images/homepage/screenshots/transactions.jpg', 'id': 'image-link-', 'style': "background-image: url('http://localhost:/images/homepage/screenshots/transactions.jpg');"}, 295392063217451202734322903333603391175, http://localhost:3001/
295392063217451202734322903333603391175, 280553687692852780123066102917098299601 -> a []{'href': 'http://localhost:3001/images/homepage/screenshots/wallets.jpg', 'id': 'image-link-wallets', 'style': "background-image: url('http://localhost:/images/homepage/screenshots/wallets.jpg');"}, 295392063217451202734322903333603391175, http://localhost:3001/
295392063217451202734322903333603391175, 24045720963061510147388474628965236342 -> a []{'href': 'http://localhost:3001/images/homepage/screenshots/goal.jpg', 'id': 'image-link-agpl', 'style': "background-image: url('http://localhost:/images/homepage/screenshots/goal.jpg');"}, 295392063217451202734322903333603391175, http://localhost:3001/
295392063217451202734322903333603391175, 287439962806392087827856506575270396085 -> a []{'href': 'http://localhost:3001/images/homepage/screenshots/transactions.jpg', 'id': 'image-link-', 'style': "background-image: url('http://localhost:/images/homepage/screenshots/transactions.jpg');"}, 295392063217451202734322903333603391175, http://localhost:3001/
77659574643383717146484374309974862090, None, 77659574643383717146484374309974862090, http://localhost:3001/
77659574643383717146484374309974862090, 240486852943402416586504389427876017668 -> a ['Главная']{'href': '/', 'data-in': 'Home'}, 109937165664773222140698717684805382596, http://localhost:3001/wallets/
109937165664773222140698717684805382596, 21824728745494118346806017482475308344 -> a ['Настройки']{'href': '/profile', 'data-in': 'Settings'}, 55773206835589081095861209876312742492, http://localhost:3001/profile
55773206835589081095861209876312742492, 180217012861920527268826864699353676198 -> a [<span class="glyphicon glyphicon-trash", 22631807703304886950542763873918728478, http://localhost:3001/profile#
22631807703304886950542763873918728478, 246645979443056923504358182049644261062 -> a [<span data-i18n="Log Out", 295392063217451202734322903333603391175, http://localhost:3001/
295392063217451202734322903333603391175, 280553687692852780123066102917098299601 -> a []{'href': 'http://localhost:3001/images/homepage/screenshots/wallets.jpg', 'id': 'image-link-wallets', 'style': "background-image: url('http://localhost:/images/homepage/screenshots/wallets.jpg');"}, 295392063217451202734322903333603391175, http://localhost:3001/
295392063217451202734322903333603391175, 136504310823099385748378508891970664617 -> a []{'href': 'http://localhost:3001/images/homepage/screenshots/i18n.jpg', 'id': 'image-link-', 'style': "background-image: url('http://localhost:/images/homepage/screenshots/in.jpg');"}, 295392063217451202734322903333603391175, http://localhost:3001/
295392063217451202734322903333603391175, 280553687692852780123066102917098299601 -> a []{'href': 'http://localhost:3001/images/homepage/screenshots/wallets.jpg', 'id': 'image-link-wallets', 'style': "background-image: url('http://localhost:/images/homepage/screenshots/wallets.jpg');"}, 295392063217451202734322903333603391175, http://localhost:3001/
295392063217451202734322903333603391175, 24045720963061510147388474628965236342 -> a []{'href': 'http://localhost:3001/images/homepage/screenshots/goal.jpg', 'id': 'image-link-agpl', 'style': "background-image: url('http://localhost:/images/homepage/screenshots/goal.jpg');"}, 295392063217451202734322903333603391175, http://localhost:3001/
77659574643383717146484374309974862090, None, 77659574643383717146484374309974862090, http://localhost:3001/
77659574643383717146484374309974862090, 240486852943402416586504389427876017668 -> a ['Главная']{'href': '/', 'data-in': 'Home'}, 109937165664773222140698717684805382596, http://localhost:3001/wallets/
109937165664773222140698717684805382596, 21824728745494118346806017482475308344 -> a ['Настройки']{'href': '/profile', 'data-in': 'Settings'}, 55773206835589081095861209876312742492, http://localhost:3001/profile
55773206835589081095861209876312742492, 180217012861920527268826864699353676198 -> a [<span class="glyphicon glyphicon-trash", 22631807703304886950542763873918728478, http://localhost:3001/profile#
22631807703304886950542763873918728478, 256577445655001965893331533384317731668 -> form ['\n', <div class="form-group", 22631807703304886950542763873918728478, http://localhost:3001/profile#
22631807703304886950542763873918728478, 256577445655001965893331533384317731668 -> form ['\n', <div class="form-group", 22631807703304886950542763873918728478, http://localhost:3001/profile#
22631807703304886950542763873918728478, 256577445655001965893331533384317731668 -> form ['\n', <div class="form-group", 22631807703304886950542763873918728478, http://localhost:3001/profile#
22631807703304886950542763873918728478, 256577445655001965893331533384317731668 -> form ['\n', <div class="form-group", 22631807703304886950542763873918728478, http://localhost:3001/profile#
22631807703304886950542763873918728478, 246645979443056923504358182049644261062 -> a [<span data-i18n="Log Out", 295392063217451202734322903333603391175, http://localhost:3001/
77659574643383717146484374309974862090, None, 77659574643383717146484374309974862090, http://localhost:3001/
77659574643383717146484374309974862090, 240486852943402416586504389427876017668 -> a ['Главная']{'href': '/', 'data-in': 'Home'}, 109937165664773222140698717684805382596, http://localhost:3001/wallets/
109937165664773222140698717684805382596, 21824728745494118346806017482475308344 -> a ['Настройки']{'href': '/profile', 'data-in': 'Settings'}, 55773206835589081095861209876312742492, http://localhost:3001/profile
55773206835589081095861209876312742492, 241946753172422428861330322312500872962 -> form ['\n', <div class="form-group", 126947670809199185133539975596378813947, http://localhost:3001/profile
190874414759470588739469208913388744990, None, 190874414759470588739469208913388744990, http://localhost:3001/wallets
190874414759470588739469208913388744990, 260874942789934940868775990394842309470 -> button [<span class="glyphicon glyphicon-user", 190874414759470588739469208913388744990, http://localhost:3001/wallets
190874414759470588739469208913388744990, 4158219995083779296464523326057845776 -> a ['Цели']{'href': '/plans', 'data-in': 'Goals'}, 190874414759470588739469208913388744990, http://localhost:3001/wallets
190874414759470588739469208913388744990, 213479786488486324662011383303045304045 -> a [<span data-i18n="Add", 26422813943379630044382599327305706100, http://localhost:3001/wallets
26422813943379630044382599327305706100, 116460481590173028260667907519653903509 -> form ['\n', <fieldset, 26422813943379630044382599327305706100, http://localhost:3001/wallets
26422813943379630044382599327305706100, 116460481590173028260667907519653903509 -> form ['\n', <fieldset, 26422813943379630044382599327305706100, http://localhost:3001/wallets
26422813943379630044382599327305706100, 164770504787406092505723908950430241986 -> button ['×']{'type': 'button', 'data-dismiss': 'modal', 'aria-hidden': 'true'}, 190874414759470588739469208913388744990, http://localhost:3001/wallets
190874414759470588739469208913388744990, 213479786488486324662011383303045304045 -> a [<span data-i18n="Add", 26422813943379630044382599327305706100, http://localhost:3001/wallets
26422813943379630044382599327305706100, 164770504787406092505723908950430241986 -> button ['×']{'type': 'button', 'data-dismiss': 'modal', 'aria-hidden': 'true'}, 26422813943379630044382599327305706100, http://localhost:3001/wallets
190874414759470588739469208913388744990, None, 190874414759470588739469208913388744990, http://localhost:3001/wallets
190874414759470588739469208913388744990, 140457817286280627231574580337331143548 -> button [<span class="glyphicon glyphicon-trash", 190874414759470588739469208913388744990, http://localhost:3001/wallets
190874414759470588739469208913388744990, 55145507804341927211150742343667869120 -> a ['Исходный код на GitHub']{'href': 'https://github.com/jeka-kiselyov/dimeshift', 'data-in': 'View Source on GitHub'}, 190874414759470588739469208913388744990, http://localhost:3001/wallets
190874414759470588739469208913388744990, 30906913677491510962581766254140068231 -> a ['Выйти']{'href': '/user/logout', 'data-in': 'Log Out'}, 295392063217451202734322903333603391175, http://localhost:3001/
295392063217451202734322903333603391175, 240486852943402416586504389427876017668 -> a ['Главная']{'href': '/', 'data-in': 'Home'}, 295392063217451202734322903333603391175, http://localhost:3001/
295392063217451202734322903333603391175, 289616954940970019044592478557619202053 -> a ['Зарегистрироваться']{'href': '/user/registration', 'data-in': 'Register'}, 295392063217451202734322903333603391175, http://localhost:3001/
295392063217451202734322903333603391175, 272701501151848433955272174166403287021 -> a ['Войти']{'href': '/user/signin', 'data-in': 'Sign In'}, 295392063217451202734322903333603391175, http://localhost:3001/
295392063217451202734322903333603391175, 272701501151848433955272174166403287021 -> a ['Войти']{'href': '/user/signin', 'data-in': 'Sign In'}, 295392063217451202734322903333603391175, http://localhost:3001/
295392063217451202734322903333603391175, 24045720963061510147388474628965236342 -> a []{'href': 'http://localhost:3001/images/homepage/screenshots/goal.jpg', 'id': 'image-link-agpl', 'style': "background-image: url('http://localhost:/images/homepage/screenshots/goal.jpg');"}, 295392063217451202734322903333603391175, http://localhost:3001/
77659574643383717146484374309974862090, None, 77659574643383717146484374309974862090, http://localhost:3001/
77659574643383717146484374309974862090, 240486852943402416586504389427876017668 -> a ['Главная']{'href': '/', 'data-in': 'Home'}, 109937165664773222140698717684805382596, http://localhost:3001/wallets/
109937165664773222140698717684805382596, 21824728745494118346806017482475308344 -> a ['Настройки']{'href': '/profile', 'data-in': 'Settings'}, 55773206835589081095861209876312742492, http://localhost:3001/profile
55773206835589081095861209876312742492, 241946753172422428861330322312500872962 -> form ['\n', <div class="form-group", 202438913891221567971339479991095322011, http://localhost:3001/profile
202438913891221567971339479991095322011, 25711978868377791904664367027172950439 -> form ['\n', <div class="form-group", 201790092192219211637144232720361710037, http://localhost:3001/profile
201790092192219211637144232720361710037, 128799590296948751079635964119556688653 -> form ['\n', <div class="form-group", 201790092192219211637144232720361710037, http://localhost:3001/profile
198274936522636483197795562763050185044, None, 198274936522636483197795562763050185044, http://localhost:3001/wallets
198274936522636483197795562763050185044, None, 198274936522636483197795562763050185044, http://localhost:3001/wallets
198274936522636483197795562763050185044, 260874942789934940868775990394842309470 -> button [<span class="glyphicon glyphicon-user", 198274936522636483197795562763050185044, http://localhost:3001/wallets
198274936522636483197795562763050185044, 315993652333304908316611887600279878413 -> a ['Кошельки']{'href': '/wallets', 'data-in': 'Wallets'}, 198274936522636483197795562763050185044, http://localhost:3001/wallets
198274936522636483197795562763050185044, None, 198274936522636483197795562763050185044, http://localhost:3001/wallets
198274936522636483197795562763050185044, 175622598061817962830991640137317797091 -> a ['Написать нам']{'href': 'mailto:jeka911@gmail.com?subject=Wallet', 'data-in': 'Contact'}, 198274936522636483197795562763050185044, http://localhost:3001/wallets
198274936522636483197795562763050185044, 140457817286280627231574580337331143548 -> button [<span class="glyphicon glyphicon-trash", 198274936522636483197795562763050185044, http://localhost:3001/wallets
198274936522636483197795562763050185044, 69261900354377929876421606824271450118 -> a [<span aria-hidden="true" class="glyphicon glyphicon-globe", 198274936522636483197795562763050185044, http://localhost:3001/wallets
198274936522636483197795562763050185044, None, 198274936522636483197795562763050185044, http://localhost:3001/wallets
