77659574643383717146484374309974862090, None, 77659574643383717146484374309974862090, http://localhost:3001/
278076690333225625169989687868833103351, None, 278076690333225625169989687868833103351, http://localhost:3001/wallets
278076690333225625169989687868833103351, None, 278076690333225625169989687868833103351, http://localhost:3001/wallets
278076690333225625169989687868833103351, 214711064650925996173601003781288015427 -> a ['\n', <div class="pull-right text-success transaction_amount", 195424576224733163082115255401526565667, http://localhost:3001/wallets/2
195424576224733163082115255401526565667, 300938307388621752250340407401666505920 -> form ['\n', <input class="form-control" data-i18nplaceholder="Describe expense and press Enter to add" id="add_transaction_text" placeholder="Describe expense and press Enter to add" type="text"/, 195424576224733163082115255401526565667, http://localhost:3001/wallets/2
195424576224733163082115255401526565667, 300938307388621752250340407401666505920 -> form ['\n', <input class="form-control" data-i18nplaceholder="Describe expense and press Enter to add" id="add_transaction_text" placeholder="Describe expense and press Enter to add" type="text"/, 195424576224733163082115255401526565667, http://localhost:3001/wallets/2
195424576224733163082115255401526565667, 158009411471723493269880909046446417559 -> a [<span data-i18n="Set Goal", 287393647012105903508667004843733326622, http://localhost:3001/wallets
77659574643383717146484374309974862090, None, 77659574643383717146484374309974862090, http://localhost:3001/
77659574643383717146484374309974862090, 69261900354377929876421606824271450118 -> a [<span aria-hidden="true" class="glyphicon glyphicon-globe", 120042711704540744062249797499918035067, http://localhost:3001/wallets/
120042711704540744062249797499918035067, 326011190105819684866996676134205023630 -> button ['English']{'type': 'button', 'data-code': 'default'}, 325996741727190387215445492617442902737, http://localhost:3001/wallets
278076690333225625169989687868833103351, None, 278076690333225625169989687868833103351, http://localhost:3001/wallets
278076690333225625169989687868833103351, 214711064650925996173601003781288015427 -> a ['\n', <div class="pull-right text-success transaction_amount", 195424576224733163082115255401526565667, http://localhost:3001/wallets/2
195424576224733163082115255401526565667, 158009411471723493269880909046446417559 -> a [<span data-i18n="Set Goal", 287393647012105903508667004843733326622, http://localhost:3001/wallets
278076690333225625169989687868833103351, None, 278076690333225625169989687868833103351, http://localhost:3001/wallets
278076690333225625169989687868833103351, 214711064650925996173601003781288015427 -> a ['\n', <div class="pull-right text-success transaction_amount", 195424576224733163082115255401526565667, http://localhost:3001/wallets/2
195424576224733163082115255401526565667, 158009411471723493269880909046446417559 -> a [<span data-i18n="Set Goal", 287393647012105903508667004843733326622, http://localhost:3001/wallets
278076690333225625169989687868833103351, None, 278076690333225625169989687868833103351, http://localhost:3001/wallets
278076690333225625169989687868833103351, 214711064650925996173601003781288015427 -> a ['\n', <div class="pull-right text-success transaction_amount", 195424576224733163082115255401526565667, http://localhost:3001/wallets/2
195424576224733163082115255401526565667, 158009411471723493269880909046446417559 -> a [<span data-i18n="Set Goal", 287393647012105903508667004843733326622, http://localhost:3001/wallets
278076690333225625169989687868833103351, None, 278076690333225625169989687868833103351, http://localhost:3001/wallets
278076690333225625169989687868833103351, 214711064650925996173601003781288015427 -> a ['\n', <div class="pull-right text-success transaction_amount", 195424576224733163082115255401526565667, http://localhost:3001/wallets/2
195424576224733163082115255401526565667, 51734587471318764320500906054182906819 -> a [<span data-i18n="set total to", 195424576224733163082115255401526565667, http://localhost:3001/wallets/2
195424576224733163082115255401526565667, 40033767128550119556758792738972518504 -> button [<span data-i18n="Add Income", 195424576224733163082115255401526565667, http://localhost:3001/wallets/2
278076690333225625169989687868833103351, None, 278076690333225625169989687868833103351, http://localhost:3001/wallets
278076690333225625169989687868833103351, 214711064650925996173601003781288015427 -> a ['\n', <div class="pull-right text-success transaction_amount", 195424576224733163082115255401526565667, http://localhost:3001/wallets/2
278076690333225625169989687868833103351, None, 278076690333225625169989687868833103351, http://localhost:3001/wallets
278076690333225625169989687868833103351, 214711064650925996173601003781288015427 -> a ['\n', <div class="pull-right text-success transaction_amount", 195424576224733163082115255401526565667, http://localhost:3001/wallets/2
195424576224733163082115255401526565667, 92352577397709620979449345272760805620 -> a [<span aria-hidden="true" class="glyphicon glyphicon-import", 238807772616615967677281339933979845179, http://localhost:3001/wallets/2/import
238807772616615967677281339933979845179, 211529172816946856896018388012172770514 -> input []{'type': 'button', 'value': 'Select file', 'data-loading-text': 'Uploading...', 'data-invalue': 'Select file'}, 238807772616615967677281339933979845179, http://localhost:3001/wallets/2/import
278076690333225625169989687868833103351, None, 278076690333225625169989687868833103351, http://localhost:3001/wallets
278076690333225625169989687868833103351, 214711064650925996173601003781288015427 -> a ['\n', <div class="pull-right text-success transaction_amount", 195424576224733163082115255401526565667, http://localhost:3001/wallets/2
195424576224733163082115255401526565667, 92352577397709620979449345272760805620 -> a [<span aria-hidden="true" class="glyphicon glyphicon-import", 238807772616615967677281339933979845179, http://localhost:3001/wallets/2/import
238807772616615967677281339933979845179, 211529172816946856896018388012172770514 -> input []{'type': 'button', 'value': 'Select file', 'data-loading-text': 'Uploading...', 'data-invalue': 'Select file'}, 238807772616615967677281339933979845179, http://localhost:3001/wallets/2/import
238807772616615967677281339933979845179, 211529172816946856896018388012172770514 -> input []{'type': 'button', 'value': 'Select file', 'data-loading-text': 'Uploading...', 'data-invalue': 'Select file'}, 238807772616615967677281339933979845179, http://localhost:3001/wallets/2/import
238807772616615967677281339933979845179, 211529172816946856896018388012172770514 -> input []{'type': 'button', 'value': 'Select file', 'data-loading-text': 'Uploading...', 'data-invalue': 'Select file'}, 238807772616615967677281339933979845179, http://localhost:3001/wallets/2/import
278076690333225625169989687868833103351, None, 278076690333225625169989687868833103351, http://localhost:3001/wallets
278076690333225625169989687868833103351, 214711064650925996173601003781288015427 -> a ['\n', <div class="pull-right text-success transaction_amount", 195424576224733163082115255401526565667, http://localhost:3001/wallets/2
278076690333225625169989687868833103351, None, 278076690333225625169989687868833103351, http://localhost:3001/wallets
278076690333225625169989687868833103351, None, 278076690333225625169989687868833103351, http://localhost:3001/wallets
278076690333225625169989687868833103351, 143964004078119742277710045892540417360 -> a ['Wallets']{'href': '/wallets', 'data-in': 'Wallets'}, 278076690333225625169989687868833103351, http://localhost:3001/wallets
278076690333225625169989687868833103351, None, 278076690333225625169989687868833103351, http://localhost:3001/wallets
278076690333225625169989687868833103351, 320174147126102010907134653534871470777 -> button [<span class="glyphicon glyphicon-trash", 278076690333225625169989687868833103351, http://localhost:3001/wallets
278076690333225625169989687868833103351, 12549387572312034662595380537530510228 -> a [<span class="glyphicon glyphicon-ok", 278076690333225625169989687868833103351, http://localhost:3001/wallets
278076690333225625169989687868833103351, 5608938641747884300044405205556053003 -> button [<span class="glyphicon glyphicon-user", 278076690333225625169989687868833103351, http://localhost:3001/wallets
278076690333225625169989687868833103351, 274301475234106015798208772233845802165 -> a ['View Source on GitHub']{'href': 'https://github.com/jeka-kiselyov/dimeshift', 'data-in': 'View Source on GitHub'}, 278076690333225625169989687868833103351, http://localhost:3001/wallets
278076690333225625169989687868833103351, 205911053392441145155640008213943745727 -> a [<span class="glyphicon glyphicon-ok", 278076690333225625169989687868833103351, http://localhost:3001/wallets
278076690333225625169989687868833103351, 186037210004141989051388640614981630902 -> a ['Settings']{'href': '/profile', 'data-in': 'Settings'}, 182798277483336358993202069468154257416, http://localhost:3001/profile
182798277483336358993202069468154257416, 109900342370374619712692107935887661741 -> a [<span class="glyphicon glyphicon-trash", 48578004473033321184321026095610122545, http://localhost:3001/profile#
48578004473033321184321026095610122545, 145633068536459322312414860502993133376 -> a [<span data-i18n="Log Out", 37286022017771181841885685075788562271, http://localhost:3001/
77659574643383717146484374309974862090, None, 77659574643383717146484374309974862090, http://localhost:3001/
77659574643383717146484374309974862090, 69261900354377929876421606824271450118 -> a [<span aria-hidden="true" class="glyphicon glyphicon-globe", 120042711704540744062249797499918035067, http://localhost:3001/wallets/
120042711704540744062249797499918035067, 326011190105819684866996676134205023630 -> button ['English']{'type': 'button', 'data-code': 'default'}, 194408554855957250987095706216751694263, http://localhost:3001/wallets
194408554855957250987095706216751694263, 336145394240353959266535772156875663398 -> a [<span data-i18n="Add", 115168325242542968271508728177541067132, http://localhost:3001/wallets
253210429649757045617141507568366515, None, 253210429649757045617141507568366515, http://localhost:3001/wallets
253210429649757045617141507568366515, 277712453453955741677905488786830410505 -> a ['Contact']{'href': 'mailto:jeka911@gmail.com?subject=Wallet', 'data-in': 'Contact'}, 253210429649757045617141507568366515, http://localhost:3001/wallets
253210429649757045617141507568366515, 254508645305329371278435227308471905041 -> a ['\n', <div class="pull-right text-success transaction_amount", 107316043017772044710231958628603331408, http://localhost:3001/wallets/5
107316043017772044710231958628603331408, 300938307388621752250340407401666505920 -> form ['\n', <input class="form-control" data-i18nplaceholder="Describe expense and press Enter to add" id="add_transaction_text" placeholder="Describe expense and press Enter to add" type="text"/, 107316043017772044710231958628603331408, http://localhost:3001/wallets/5
107316043017772044710231958628603331408, 300938307388621752250340407401666505920 -> form ['\n', <input class="form-control" data-i18nplaceholder="Describe expense and press Enter to add" id="add_transaction_text" placeholder="Describe expense and press Enter to add" type="text"/, 107316043017772044710231958628603331408, http://localhost:3001/wallets/5
107316043017772044710231958628603331408, 51734587471318764320500906054182906819 -> a [<span data-i18n="set total to", 107316043017772044710231958628603331408, http://localhost:3001/wallets/5
107316043017772044710231958628603331408, 328680192326421016123013048610023517055 -> a [<span data-i18n="Wallets", 107316043017772044710231958628603331408, http://localhost:3001/wallets/5
107316043017772044710231958628603331408, 319484935631469186132796320658069355189 -> a [<span aria-hidden="true" class="glyphicon glyphicon-import", 107316043017772044710231958628603331408, http://localhost:3001/wallets/5
107316043017772044710231958628603331408, 40033767128550119556758792738972518504 -> button [<span data-i18n="Add Income", 107316043017772044710231958628603331408, http://localhost:3001/wallets/5
253210429649757045617141507568366515, None, 253210429649757045617141507568366515, http://localhost:3001/wallets
253210429649757045617141507568366515, 254508645305329371278435227308471905041 -> a ['\n', <div class="pull-right text-success transaction_amount", 107316043017772044710231958628603331408, http://localhost:3001/wallets/5
107316043017772044710231958628603331408, 332632648636535438633633310846405598435 -> button ['\n', <span aria-hidden="true" class="glyphicon glyphicon-chevron-down", 107316043017772044710231958628603331408, http://localhost:3001/wallets/5
107316043017772044710231958628603331408, 158009411471723493269880909046446417559 -> a [<span data-i18n="Set Goal", 287393647012105903508667004843733326622, http://localhost:3001/wallets
253210429649757045617141507568366515, None, 253210429649757045617141507568366515, http://localhost:3001/wallets
253210429649757045617141507568366515, 254508645305329371278435227308471905041 -> a ['\n', <div class="pull-right text-success transaction_amount", 107316043017772044710231958628603331408, http://localhost:3001/wallets/5
107316043017772044710231958628603331408, 51734587471318764320500906054182906819 -> a [<span data-i18n="set total to", 107316043017772044710231958628603331408, http://localhost:3001/wallets/5
107316043017772044710231958628603331408, 51734587471318764320500906054182906819 -> a [<span data-i18n="set total to", 107316043017772044710231958628603331408, http://localhost:3001/wallets/5
107316043017772044710231958628603331408, 158009411471723493269880909046446417559 -> a [<span data-i18n="Set Goal", 287393647012105903508667004843733326622, http://localhost:3001/wallets
253210429649757045617141507568366515, None, 253210429649757045617141507568366515, http://localhost:3001/wallets
253210429649757045617141507568366515, None, 253210429649757045617141507568366515, http://localhost:3001/wallets
253210429649757045617141507568366515, 209638118784994731842872023555060259766 -> a ['Log Out']{'href': '/user/logout', 'data-in': 'Log Out'}, 16830507283689328036876064570522204332, http://localhost:3001/
16830507283689328036876064570522204332, 136504310823099385748378508891970664617 -> a []{'href': 'http://localhost:3001/images/homepage/screenshots/i18n.jpg', 'id': 'image-link-', 'style': "background-image: url('http://localhost:/images/homepage/screenshots/in.jpg');"}, 16830507283689328036876064570522204332, http://localhost:3001/
16830507283689328036876064570522204332, 75056642720997424365806452209120460192 -> a ['Sign In']{'href': '/user/signin', 'data-in': 'Sign In'}, 16830507283689328036876064570522204332, http://localhost:3001/
16830507283689328036876064570522204332, 280553687692852780123066102917098299601 -> a []{'href': 'http://localhost:3001/images/homepage/screenshots/wallets.jpg', 'id': 'image-link-wallets', 'style': "background-image: url('http://localhost:/images/homepage/screenshots/wallets.jpg');"}, 16830507283689328036876064570522204332, http://localhost:3001/
16830507283689328036876064570522204332, 15350420686339836366149544887528354942 -> input []{'type': 'submit', 'id': 'demo_signup', 'data-invalue': 'here', 'value': 'here'}, 16830507283689328036876064570522204332, http://localhost:3001/
16830507283689328036876064570522204332, 143912285649067720774554330843865674796 -> a ['Register']{'href': '/user/registration', 'data-in': 'Register'}, 16830507283689328036876064570522204332, http://localhost:3001/
16830507283689328036876064570522204332, 24045720963061510147388474628965236342 -> a []{'href': 'http://localhost:3001/images/homepage/screenshots/goal.jpg', 'id': 'image-link-agpl', 'style': "background-image: url('http://localhost:/images/homepage/screenshots/goal.jpg');"}, 16830507283689328036876064570522204332, http://localhost:3001/
16830507283689328036876064570522204332, 287439962806392087827856506575270396085 -> a []{'href': 'http://localhost:3001/images/homepage/screenshots/transactions.jpg', 'id': 'image-link-', 'style': "background-image: url('http://localhost:/images/homepage/screenshots/transactions.jpg');"}, 16830507283689328036876064570522204332, http://localhost:3001/
77659574643383717146484374309974862090, None, 77659574643383717146484374309974862090, http://localhost:3001/
77659574643383717146484374309974862090, 69261900354377929876421606824271450118 -> a [<span aria-hidden="true" class="glyphicon glyphicon-globe", 120042711704540744062249797499918035067, http://localhost:3001/wallets/
120042711704540744062249797499918035067, 326011190105819684866996676134205023630 -> button ['English']{'type': 'button', 'data-code': 'default'}, 82581324031718046531397294904386034001, http://localhost:3001/wallets
140823844762780903511085622857417456812, None, 140823844762780903511085622857417456812, http://localhost:3001/wallets
140823844762780903511085622857417456812, 320174147126102010907134653534871470777 -> button [<span class="glyphicon glyphicon-trash", 140823844762780903511085622857417456812, http://localhost:3001/wallets
140823844762780903511085622857417456812, 12549387572312034662595380537530510228 -> a [<span class="glyphicon glyphicon-ok", 140823844762780903511085622857417456812, http://localhost:3001/wallets
140823844762780903511085622857417456812, 5608938641747884300044405205556053003 -> button [<span class="glyphicon glyphicon-user", 140823844762780903511085622857417456812, http://localhost:3001/wallets
140823844762780903511085622857417456812, 209638118784994731842872023555060259766 -> a ['Log Out']{'href': '/user/logout', 'data-in': 'Log Out'}, 140823844762780903511085622857417456812, http://localhost:3001/wallets
140823844762780903511085622857417456812, 124100864831203506466956790249385015021 -> a ['\n', <div class="pull-right text-success transaction_amount", 2927476475133715662715045807198787395, http://localhost:3001/wallets/8
140823844762780903511085622857417456812, None, 140823844762780903511085622857417456812, http://localhost:3001/wallets
140823844762780903511085622857417456812, 124100864831203506466956790249385015021 -> a ['\n', <div class="pull-right text-success transaction_amount", 112869953075932759397633463332520547856, http://localhost:3001/wallets/8
140823844762780903511085622857417456812, None, 140823844762780903511085622857417456812, http://localhost:3001/wallets
140823844762780903511085622857417456812, 124100864831203506466956790249385015021 -> a ['\n', <div class="pull-right text-success transaction_amount", 108278425472065183212218648522249354599, http://localhost:3001/wallets/8
108278425472065183212218648522249354599, 322500650104662320556485549434573524934 -> a [<span aria-hidden="true" class="glyphicon glyphicon-import", 288606507257855950658788033632587487878, http://localhost:3001/wallets/8/import
140823844762780903511085622857417456812, None, 140823844762780903511085622857417456812, http://localhost:3001/wallets
140823844762780903511085622857417456812, 124100864831203506466956790249385015021 -> a ['\n', <div class="pull-right text-success transaction_amount", 135867349006529144327088411830714075500, http://localhost:3001/wallets/8
135867349006529144327088411830714075500, 300938307388621752250340407401666505920 -> form ['\n', <input class="form-control" data-i18nplaceholder="Describe expense and press Enter to add" id="add_transaction_text" placeholder="Describe expense and press Enter to add" type="text"/, 135867349006529144327088411830714075500, http://localhost:3001/wallets/8
135867349006529144327088411830714075500, 300938307388621752250340407401666505920 -> form ['\n', <input class="form-control" data-i18nplaceholder="Describe expense and press Enter to add" id="add_transaction_text" placeholder="Describe expense and press Enter to add" type="text"/, 135867349006529144327088411830714075500, http://localhost:3001/wallets/8
135867349006529144327088411830714075500, 51734587471318764320500906054182906819 -> a [<span data-i18n="set total to", 135867349006529144327088411830714075500, http://localhost:3001/wallets/8
135867349006529144327088411830714075500, 40033767128550119556758792738972518504 -> button [<span data-i18n="Add Income", 135867349006529144327088411830714075500, http://localhost:3001/wallets/8
135867349006529144327088411830714075500, 158009411471723493269880909046446417559 -> a [<span data-i18n="Set Goal", 287393647012105903508667004843733326622, http://localhost:3001/wallets
140823844762780903511085622857417456812, None, 140823844762780903511085622857417456812, http://localhost:3001/wallets
140823844762780903511085622857417456812, 124100864831203506466956790249385015021 -> a ['\n', <div class="pull-right text-success transaction_amount", 135867349006529144327088411830714075500, http://localhost:3001/wallets/8
140823844762780903511085622857417456812, None, 140823844762780903511085622857417456812, http://localhost:3001/wallets
140823844762780903511085622857417456812, 124100864831203506466956790249385015021 -> a ['\n', <div class="pull-right text-success transaction_amount", 135867349006529144327088411830714075500, http://localhost:3001/wallets/8
135867349006529144327088411830714075500, 322500650104662320556485549434573524934 -> a [<span aria-hidden="true" class="glyphicon glyphicon-import", 288606507257855950658788033632587487878, http://localhost:3001/wallets/8/import
288606507257855950658788033632587487878, 211529172816946856896018388012172770514 -> input []{'type': 'button', 'value': 'Select file', 'data-loading-text': 'Uploading...', 'data-invalue': 'Select file'}, 288606507257855950658788033632587487878, http://localhost:3001/wallets/8/import
288606507257855950658788033632587487878, 211529172816946856896018388012172770514 -> input []{'type': 'button', 'value': 'Select file', 'data-loading-text': 'Uploading...', 'data-invalue': 'Select file'}, 288606507257855950658788033632587487878, http://localhost:3001/wallets/8/import
288606507257855950658788033632587487878, 211529172816946856896018388012172770514 -> input []{'type': 'button', 'value': 'Select file', 'data-loading-text': 'Uploading...', 'data-invalue': 'Select file'}, 288606507257855950658788033632587487878, http://localhost:3001/wallets/8/import
140823844762780903511085622857417456812, None, 140823844762780903511085622857417456812, http://localhost:3001/wallets
140823844762780903511085622857417456812, 124100864831203506466956790249385015021 -> a ['\n', <div class="pull-right text-success transaction_amount", 135867349006529144327088411830714075500, http://localhost:3001/wallets/8
135867349006529144327088411830714075500, 322500650104662320556485549434573524934 -> a [<span aria-hidden="true" class="glyphicon glyphicon-import", 288606507257855950658788033632587487878, http://localhost:3001/wallets/8/import
140823844762780903511085622857417456812, None, 140823844762780903511085622857417456812, http://localhost:3001/wallets
140823844762780903511085622857417456812, 124100864831203506466956790249385015021 -> a ['\n', <div class="pull-right text-success transaction_amount", 135867349006529144327088411830714075500, http://localhost:3001/wallets/8
140823844762780903511085622857417456812, None, 140823844762780903511085622857417456812, http://localhost:3001/wallets
140823844762780903511085622857417456812, 124100864831203506466956790249385015021 -> a ['\n', <div class="pull-right text-success transaction_amount", 135867349006529144327088411830714075500, http://localhost:3001/wallets/8
140823844762780903511085622857417456812, None, 140823844762780903511085622857417456812, http://localhost:3001/wallets
140823844762780903511085622857417456812, 143964004078119742277710045892540417360 -> a ['Wallets']{'href': '/wallets', 'data-in': 'Wallets'}, 140823844762780903511085622857417456812, http://localhost:3001/wallets
140823844762780903511085622857417456812, 205911053392441145155640008213943745727 -> a [<span class="glyphicon glyphicon-ok", 140823844762780903511085622857417456812, http://localhost:3001/wallets
140823844762780903511085622857417456812, 336145394240353959266535772156875663398 -> a [<span data-i18n="Add", 253180107888653971438303512861359812821, http://localhost:3001/wallets
253180107888653971438303512861359812821, 52430776314973270160166886406622674883 -> form ['\n', <fieldset, 253180107888653971438303512861359812821, http://localhost:3001/wallets
253180107888653971438303512861359812821, 52430776314973270160166886406622674883 -> form ['\n', <fieldset, 253180107888653971438303512861359812821, http://localhost:3001/wallets
253180107888653971438303512861359812821, 164770504787406092505723908950430241986 -> button ['×']{'type': 'button', 'data-dismiss': 'modal', 'aria-hidden': 'true'}, 140823844762780903511085622857417456812, http://localhost:3001/wallets
140823844762780903511085622857417456812, 336145394240353959266535772156875663398 -> a [<span data-i18n="Add", 253180107888653971438303512861359812821, http://localhost:3001/wallets
253180107888653971438303512861359812821, 52430776314973270160166886406622674883 -> form ['\n', <fieldset, 253180107888653971438303512861359812821, http://localhost:3001/wallets
140823844762780903511085622857417456812, None, 140823844762780903511085622857417456812, http://localhost:3001/wallets
140823844762780903511085622857417456812, 59033961675128415164332924159931931082 -> button [<span class="glyphicon glyphicon-pencil", 104333038268939505302561014873760165848, http://localhost:3001/wallets
104333038268939505302561014873760165848, 164770504787406092505723908950430241986 -> button ['×']{'type': 'button', 'data-dismiss': 'modal', 'aria-hidden': 'true'}, 140823844762780903511085622857417456812, http://localhost:3001/wallets
140823844762780903511085622857417456812, 59033961675128415164332924159931931082 -> button [<span class="glyphicon glyphicon-pencil", 314140157027029516042985438598529623853, http://localhost:3001/wallets
314140157027029516042985438598529623853, 198465896605091102877225175642271807174 -> form ['\n', <fieldset, 314140157027029516042985438598529623853, http://localhost:3001/wallets
314140157027029516042985438598529623853, 198465896605091102877225175642271807174 -> form ['\n', <fieldset, 140823844762780903511085622857417456812, http://localhost:3001/wallets
140823844762780903511085622857417456812, 59033961675128415164332924159931931082 -> button [<span class="glyphicon glyphicon-pencil", 140823844762780903511085622857417456812, http://localhost:3001/wallets
140823844762780903511085622857417456812, None, 140823844762780903511085622857417456812, http://localhost:3001/wallets
140823844762780903511085622857417456812, None, 140823844762780903511085622857417456812, http://localhost:3001/wallets
140823844762780903511085622857417456812, 69261900354377929876421606824271450118 -> a [<span aria-hidden="true" class="glyphicon glyphicon-globe", 140823844762780903511085622857417456812, http://localhost:3001/wallets
140823844762780903511085622857417456812, 40458873393211683852317357622143716911 -> a ['\n', <div class="pull-right text-success transaction_amount", 140823844762780903511085622857417456812, http://localhost:3001/wallets
140823844762780903511085622857417456812, None, 140823844762780903511085622857417456812, http://localhost:3001/wallets
140823844762780903511085622857417456812, None, 140823844762780903511085622857417456812, http://localhost:3001/wallets
140823844762780903511085622857417456812, None, 140823844762780903511085622857417456812, http://localhost:3001/wallets
140823844762780903511085622857417456812, 186037210004141989051388640614981630902 -> a ['Settings']{'href': '/profile', 'data-in': 'Settings'}, 182798277483336358993202069468154257416, http://localhost:3001/profile
182798277483336358993202069468154257416, 109900342370374619712692107935887661741 -> a [<span class="glyphicon glyphicon-trash", 48578004473033321184321026095610122545, http://localhost:3001/profile#
48578004473033321184321026095610122545, 145633068536459322312414860502993133376 -> a [<span data-i18n="Log Out", 37286022017771181841885685075788562271, http://localhost:3001/
37286022017771181841885685075788562271, 280553687692852780123066102917098299601 -> a []{'href': 'http://localhost:3001/images/homepage/screenshots/wallets.jpg', 'id': 'image-link-wallets', 'style': "background-image: url('http://localhost:/images/homepage/screenshots/wallets.jpg');"}, 37286022017771181841885685075788562271, http://localhost:3001/
37286022017771181841885685075788562271, 15350420686339836366149544887528354942 -> input []{'type': 'submit', 'id': 'demo_signup', 'data-invalue': 'here', 'value': 'here'}, 37286022017771181841885685075788562271, http://localhost:3001/
37286022017771181841885685075788562271, 287439962806392087827856506575270396085 -> a []{'href': 'http://localhost:3001/images/homepage/screenshots/transactions.jpg', 'id': 'image-link-', 'style': "background-image: url('http://localhost:/images/homepage/screenshots/transactions.jpg');"}, 37286022017771181841885685075788562271, http://localhost:3001/
37286022017771181841885685075788562271, 75056642720997424365806452209120460192 -> a ['Sign In']{'href': '/user/signin', 'data-in': 'Sign In'}, 37286022017771181841885685075788562271, http://localhost:3001/
37286022017771181841885685075788562271, 24045720963061510147388474628965236342 -> a []{'href': 'http://localhost:3001/images/homepage/screenshots/goal.jpg', 'id': 'image-link-agpl', 'style': "background-image: url('http://localhost:/images/homepage/screenshots/goal.jpg');"}, 37286022017771181841885685075788562271, http://localhost:3001/
77659574643383717146484374309974862090, None, 77659574643383717146484374309974862090, http://localhost:3001/
77659574643383717146484374309974862090, 69261900354377929876421606824271450118 -> a [<span aria-hidden="true" class="glyphicon glyphicon-globe", 120042711704540744062249797499918035067, http://localhost:3001/wallets/
120042711704540744062249797499918035067, 326011190105819684866996676134205023630 -> button ['English']{'type': 'button', 'data-code': 'default'}, 291904334916511415137015827560486042258, http://localhost:3001/wallets
204133606863188857921215272467365725013, None, 204133606863188857921215272467365725013, http://localhost:3001/wallets
204133606863188857921215272467365725013, None, 204133606863188857921215272467365725013, http://localhost:3001/wallets
204133606863188857921215272467365725013, 69261900354377929876421606824271450118 -> a [<span aria-hidden="true" class="glyphicon glyphicon-globe", 204133606863188857921215272467365725013, http://localhost:3001/wallets
204133606863188857921215272467365725013, 186037210004141989051388640614981630902 -> a ['Settings']{'href': '/profile', 'data-in': 'Settings'}, 204133606863188857921215272467365725013, http://localhost:3001/wallets
204133606863188857921215272467365725013, 205911053392441145155640008213943745727 -> a [<span class="glyphicon glyphicon-ok", 204133606863188857921215272467365725013, http://localhost:3001/wallets
77659574643383717146484374309974862090, None, 77659574643383717146484374309974862090, http://localhost:3001/
77659574643383717146484374309974862090, 69261900354377929876421606824271450118 -> a [<span aria-hidden="true" class="glyphicon glyphicon-globe", 120042711704540744062249797499918035067, http://localhost:3001/wallets/
120042711704540744062249797499918035067, 326011190105819684866996676134205023630 -> button ['English']{'type': 'button', 'data-code': 'default'}, 263664449590080240320315250176693394049, http://localhost:3001/wallets
204133606863188857921215272467365725013, None, 204133606863188857921215272467365725013, http://localhost:3001/wallets
204133606863188857921215272467365725013, 12549387572312034662595380537530510228 -> a [<span class="glyphicon glyphicon-ok", 204133606863188857921215272467365725013, http://localhost:3001/wallets
204133606863188857921215272467365725013, 336145394240353959266535772156875663398 -> a [<span data-i18n="Add", 253180107888653971438303512861359812821, http://localhost:3001/wallets
253180107888653971438303512861359812821, 164770504787406092505723908950430241986 -> button ['×']{'type': 'button', 'data-dismiss': 'modal', 'aria-hidden': 'true'}, 204133606863188857921215272467365725013, http://localhost:3001/wallets
204133606863188857921215272467365725013, None, 204133606863188857921215272467365725013, http://localhost:3001/wallets
204133606863188857921215272467365725013, 5608938641747884300044405205556053003 -> button [<span class="glyphicon glyphicon-user", 204133606863188857921215272467365725013, http://localhost:3001/wallets
204133606863188857921215272467365725013, 59033961675128415164332924159931931082 -> button [<span class="glyphicon glyphicon-pencil", 204133606863188857921215272467365725013, http://localhost:3001/wallets
204133606863188857921215272467365725013, 277712453453955741677905488786830410505 -> a ['Contact']{'href': 'mailto:jeka911@gmail.com?subject=Wallet', 'data-in': 'Contact'}, 204133606863188857921215272467365725013, http://localhost:3001/wallets
204133606863188857921215272467365725013, 35875903341866851739505931711011968676 -> a ['\n', <div class="pull-right text-success transaction_amount", 178586490716337697134178328608946308433, http://localhost:3001/wallets/10
178586490716337697134178328608946308433, 300938307388621752250340407401666505920 -> form ['\n', <input class="form-control" data-i18nplaceholder="Describe expense and press Enter to add" id="add_transaction_text" placeholder="Describe expense and press Enter to add" type="text"/, 178586490716337697134178328608946308433, http://localhost:3001/wallets/10
178586490716337697134178328608946308433, 300938307388621752250340407401666505920 -> form ['\n', <input class="form-control" data-i18nplaceholder="Describe expense and press Enter to add" id="add_transaction_text" placeholder="Describe expense and press Enter to add" type="text"/, 178586490716337697134178328608946308433, http://localhost:3001/wallets/10
204133606863188857921215272467365725013, None, 204133606863188857921215272467365725013, http://localhost:3001/wallets
204133606863188857921215272467365725013, 35875903341866851739505931711011968676 -> a ['\n', <div class="pull-right text-success transaction_amount", 178586490716337697134178328608946308433, http://localhost:3001/wallets/10
178586490716337697134178328608946308433, 51734587471318764320500906054182906819 -> a [<span data-i18n="set total to", 178586490716337697134178328608946308433, http://localhost:3001/wallets/10
178586490716337697134178328608946308433, 158009411471723493269880909046446417559 -> a [<span data-i18n="Set Goal", 178586490716337697134178328608946308433, http://localhost:3001/wallets/10
178586490716337697134178328608946308433, 222803835619507548377507299724369538395 -> a [<span aria-hidden="true" class="glyphicon glyphicon-import", 267416629367772517199699683013253794754, http://localhost:3001/wallets/10/import
204133606863188857921215272467365725013, None, 204133606863188857921215272467365725013, http://localhost:3001/wallets
204133606863188857921215272467365725013, 35875903341866851739505931711011968676 -> a ['\n', <div class="pull-right text-success transaction_amount", 178586490716337697134178328608946308433, http://localhost:3001/wallets/10
178586490716337697134178328608946308433, 222803835619507548377507299724369538395 -> a [<span aria-hidden="true" class="glyphicon glyphicon-import", 267416629367772517199699683013253794754, http://localhost:3001/wallets/10/import
267416629367772517199699683013253794754, 211529172816946856896018388012172770514 -> input []{'type': 'button', 'value': 'Select file', 'data-loading-text': 'Uploading...', 'data-invalue': 'Select file'}, 267416629367772517199699683013253794754, http://localhost:3001/wallets/10/import
267416629367772517199699683013253794754, 211529172816946856896018388012172770514 -> input []{'type': 'button', 'value': 'Select file', 'data-loading-text': 'Uploading...', 'data-invalue': 'Select file'}, 267416629367772517199699683013253794754, http://localhost:3001/wallets/10/import
267416629367772517199699683013253794754, 211529172816946856896018388012172770514 -> input []{'type': 'button', 'value': 'Select file', 'data-loading-text': 'Uploading...', 'data-invalue': 'Select file'}, 267416629367772517199699683013253794754, http://localhost:3001/wallets/10/import
204133606863188857921215272467365725013, None, 204133606863188857921215272467365725013, http://localhost:3001/wallets
204133606863188857921215272467365725013, 35875903341866851739505931711011968676 -> a ['\n', <div class="pull-right text-success transaction_amount", 121755975754853866335096001774122178458, http://localhost:3001/wallets/10
121755975754853866335096001774122178458, 40033767128550119556758792738972518504 -> button [<span data-i18n="Add Income", 286338759614665668725549499832258506552, http://localhost:3001/wallets/10
204133606863188857921215272467365725013, None, 204133606863188857921215272467365725013, http://localhost:3001/wallets
204133606863188857921215272467365725013, 35875903341866851739505931711011968676 -> a ['\n', <div class="pull-right text-success transaction_amount", 93513931207093382445545281981595258462, http://localhost:3001/wallets/10
204133606863188857921215272467365725013, None, 204133606863188857921215272467365725013, http://localhost:3001/wallets
204133606863188857921215272467365725013, 35875903341866851739505931711011968676 -> a ['\n', <div class="pull-right text-success transaction_amount", 93513931207093382445545281981595258462, http://localhost:3001/wallets/10
204133606863188857921215272467365725013, None, 204133606863188857921215272467365725013, http://localhost:3001/wallets
204133606863188857921215272467365725013, 35875903341866851739505931711011968676 -> a ['\n', <div class="pull-right text-success transaction_amount", 93513931207093382445545281981595258462, http://localhost:3001/wallets/10
93513931207093382445545281981595258462, 51734587471318764320500906054182906819 -> a [<span data-i18n="set total to", 178586490716337697134178328608946308433, http://localhost:3001/wallets/10
178586490716337697134178328608946308433, 290997046537929317093204731951347912223 -> form ['\n', <fieldset, 178586490716337697134178328608946308433, http://localhost:3001/wallets/10
178586490716337697134178328608946308433, 290997046537929317093204731951347912223 -> form ['\n', <fieldset, 178586490716337697134178328608946308433, http://localhost:3001/wallets/10
178586490716337697134178328608946308433, 164770504787406092505723908950430241986 -> button ['×']{'type': 'button', 'data-dismiss': 'modal', 'aria-hidden': 'true'}, 178586490716337697134178328608946308433, http://localhost:3001/wallets/10
178586490716337697134178328608946308433, 164770504787406092505723908950430241986 -> button ['×']{'type': 'button', 'data-dismiss': 'modal', 'aria-hidden': 'true'}, 178586490716337697134178328608946308433, http://localhost:3001/wallets/10
178586490716337697134178328608946308433, 164770504787406092505723908950430241986 -> button ['×']{'type': 'button', 'data-dismiss': 'modal', 'aria-hidden': 'true'}, 178586490716337697134178328608946308433, http://localhost:3001/wallets/10
178586490716337697134178328608946308433, 290997046537929317093204731951347912223 -> form ['\n', <fieldset, 178586490716337697134178328608946308433, http://localhost:3001/wallets/10
204133606863188857921215272467365725013, None, 204133606863188857921215272467365725013, http://localhost:3001/wallets
204133606863188857921215272467365725013, 35875903341866851739505931711011968676 -> a ['\n', <div class="pull-right text-success transaction_amount", 271545504363445956314474700279604910526, http://localhost:3001/wallets/10
271545504363445956314474700279604910526, 40033767128550119556758792738972518504 -> button [<span data-i18n="Add Income", 178586490716337697134178328608946308433, http://localhost:3001/wallets/10
178586490716337697134178328608946308433, 205408199651108638240740156954365449134 -> form ['\n', <fieldset, 178586490716337697134178328608946308433, http://localhost:3001/wallets/10
178586490716337697134178328608946308433, 205408199651108638240740156954365449134 -> form ['\n', <fieldset, 178586490716337697134178328608946308433, http://localhost:3001/wallets/10
178586490716337697134178328608946308433, 164770504787406092505723908950430241986 -> button ['×']{'type': 'button', 'data-dismiss': 'modal', 'aria-hidden': 'true'}, 178586490716337697134178328608946308433, http://localhost:3001/wallets/10
178586490716337697134178328608946308433, 164770504787406092505723908950430241986 -> button ['×']{'type': 'button', 'data-dismiss': 'modal', 'aria-hidden': 'true'}, 178586490716337697134178328608946308433, http://localhost:3001/wallets/10
178586490716337697134178328608946308433, 164770504787406092505723908950430241986 -> button ['×']{'type': 'button', 'data-dismiss': 'modal', 'aria-hidden': 'true'}, 178586490716337697134178328608946308433, http://localhost:3001/wallets/10
178586490716337697134178328608946308433, 164770504787406092505723908950430241986 -> button ['×']{'type': 'button', 'data-dismiss': 'modal', 'aria-hidden': 'true'}, 178586490716337697134178328608946308433, http://localhost:3001/wallets/10
204133606863188857921215272467365725013, None, 204133606863188857921215272467365725013, http://localhost:3001/wallets
204133606863188857921215272467365725013, 35875903341866851739505931711011968676 -> a ['\n', <div class="pull-right text-success transaction_amount", 178586490716337697134178328608946308433, http://localhost:3001/wallets/10
178586490716337697134178328608946308433, 222803835619507548377507299724369538395 -> a [<span aria-hidden="true" class="glyphicon glyphicon-import", 267416629367772517199699683013253794754, http://localhost:3001/wallets/10/import
267416629367772517199699683013253794754, 211529172816946856896018388012172770514 -> input []{'type': 'button', 'value': 'Select file', 'data-loading-text': 'Uploading...', 'data-invalue': 'Select file'}, 267416629367772517199699683013253794754, http://localhost:3001/wallets/10/import
267416629367772517199699683013253794754, 211529172816946856896018388012172770514 -> input []{'type': 'button', 'value': 'Select file', 'data-loading-text': 'Uploading...', 'data-invalue': 'Select file'}, 267416629367772517199699683013253794754, http://localhost:3001/wallets/10/import
204133606863188857921215272467365725013, None, 204133606863188857921215272467365725013, http://localhost:3001/wallets
204133606863188857921215272467365725013, 35875903341866851739505931711011968676 -> a ['\n', <div class="pull-right text-success transaction_amount", 178586490716337697134178328608946308433, http://localhost:3001/wallets/10
204133606863188857921215272467365725013, None, 204133606863188857921215272467365725013, http://localhost:3001/wallets
204133606863188857921215272467365725013, 35875903341866851739505931711011968676 -> a ['\n', <div class="pull-right text-success transaction_amount", 178586490716337697134178328608946308433, http://localhost:3001/wallets/10
178586490716337697134178328608946308433, 40033767128550119556758792738972518504 -> button [<span data-i18n="Add Income", 178586490716337697134178328608946308433, http://localhost:3001/wallets/10
178586490716337697134178328608946308433, 51734587471318764320500906054182906819 -> a [<span data-i18n="set total to", 178586490716337697134178328608946308433, http://localhost:3001/wallets/10
178586490716337697134178328608946308433, 40033767128550119556758792738972518504 -> button [<span data-i18n="Add Income", 178586490716337697134178328608946308433, http://localhost:3001/wallets/10
178586490716337697134178328608946308433, 51734587471318764320500906054182906819 -> a [<span data-i18n="set total to", 178586490716337697134178328608946308433, http://localhost:3001/wallets/10
178586490716337697134178328608946308433, 222803835619507548377507299724369538395 -> a [<span aria-hidden="true" class="glyphicon glyphicon-import", 267416629367772517199699683013253794754, http://localhost:3001/wallets/10/import
267416629367772517199699683013253794754, 211529172816946856896018388012172770514 -> input []{'type': 'button', 'value': 'Select file', 'data-loading-text': 'Uploading...', 'data-invalue': 'Select file'}, 267416629367772517199699683013253794754, http://localhost:3001/wallets/10/import
267416629367772517199699683013253794754, 211529172816946856896018388012172770514 -> input []{'type': 'button', 'value': 'Select file', 'data-loading-text': 'Uploading...', 'data-invalue': 'Select file'}, 267416629367772517199699683013253794754, http://localhost:3001/wallets/10/import
204133606863188857921215272467365725013, None, 204133606863188857921215272467365725013, http://localhost:3001/wallets
204133606863188857921215272467365725013, 35875903341866851739505931711011968676 -> a ['\n', <div class="pull-right text-success transaction_amount", 178586490716337697134178328608946308433, http://localhost:3001/wallets/10
178586490716337697134178328608946308433, 51734587471318764320500906054182906819 -> a [<span data-i18n="set total to", 178586490716337697134178328608946308433, http://localhost:3001/wallets/10
178586490716337697134178328608946308433, 51734587471318764320500906054182906819 -> a [<span data-i18n="set total to", 178586490716337697134178328608946308433, http://localhost:3001/wallets/10
178586490716337697134178328608946308433, 40033767128550119556758792738972518504 -> button [<span data-i18n="Add Income", 178586490716337697134178328608946308433, http://localhost:3001/wallets/10
178586490716337697134178328608946308433, 300938307388621752250340407401666505920 -> form ['\n', <input class="form-control" data-i18nplaceholder="Describe expense and press Enter to add" id="add_transaction_text" placeholder="Describe expense and press Enter to add" type="text"/, 178586490716337697134178328608946308433, http://localhost:3001/wallets/10
178586490716337697134178328608946308433, 51734587471318764320500906054182906819 -> a [<span data-i18n="set total to", 178586490716337697134178328608946308433, http://localhost:3001/wallets/10
178586490716337697134178328608946308433, 222803835619507548377507299724369538395 -> a [<span aria-hidden="true" class="glyphicon glyphicon-import", 267416629367772517199699683013253794754, http://localhost:3001/wallets/10/import
267416629367772517199699683013253794754, 211529172816946856896018388012172770514 -> input []{'type': 'button', 'value': 'Select file', 'data-loading-text': 'Uploading...', 'data-invalue': 'Select file'}, 267416629367772517199699683013253794754, http://localhost:3001/wallets/10/import
204133606863188857921215272467365725013, None, 204133606863188857921215272467365725013, http://localhost:3001/wallets
204133606863188857921215272467365725013, None, 204133606863188857921215272467365725013, http://localhost:3001/wallets
204133606863188857921215272467365725013, None, 204133606863188857921215272467365725013, http://localhost:3001/wallets
204133606863188857921215272467365725013, 320174147126102010907134653534871470777 -> button [<span class="glyphicon glyphicon-trash", 204133606863188857921215272467365725013, http://localhost:3001/wallets
204133606863188857921215272467365725013, 238793388412553796489369081198711123509 -> a ['$ dimeshift']{'href': '/'}, 204133606863188857921215272467365725013, http://localhost:3001/wallets
204133606863188857921215272467365725013, None, 204133606863188857921215272467365725013, http://localhost:3001/wallets
204133606863188857921215272467365725013, 209638118784994731842872023555060259766 -> a ['Log Out']{'href': '/user/logout', 'data-in': 'Log Out'}, 16830507283689328036876064570522204332, http://localhost:3001/
16830507283689328036876064570522204332, 53030406825762545276438289970305043077 -> a ['Home']{'href': '/', 'data-in': 'Home'}, 16830507283689328036876064570522204332, http://localhost:3001/
16830507283689328036876064570522204332, 53030406825762545276438289970305043077 -> a ['Home']{'href': '/', 'data-in': 'Home'}, 16830507283689328036876064570522204332, http://localhost:3001/
77659574643383717146484374309974862090, None, 77659574643383717146484374309974862090, http://localhost:3001/
77659574643383717146484374309974862090, 69261900354377929876421606824271450118 -> a [<span aria-hidden="true" class="glyphicon glyphicon-globe", 120042711704540744062249797499918035067, http://localhost:3001/wallets/
120042711704540744062249797499918035067, 326011190105819684866996676134205023630 -> button ['English']{'type': 'button', 'data-code': 'default'}, 9041366013582067982855455771758177569, http://localhost:3001/wallets
77659574643383717146484374309974862090, None, 77659574643383717146484374309974862090, http://localhost:3001/
77659574643383717146484374309974862090, 69261900354377929876421606824271450118 -> a [<span aria-hidden="true" class="glyphicon glyphicon-globe", 120042711704540744062249797499918035067, http://localhost:3001/wallets/
120042711704540744062249797499918035067, 326011190105819684866996676134205023630 -> button ['English']{'type': 'button', 'data-code': 'default'}, 324654501785767405681193482713994664113, http://localhost:3001/wallets
339157784992049389444804927935198079799, None, 339157784992049389444804927935198079799, http://localhost:3001/wallets
339157784992049389444804927935198079799, 5608938641747884300044405205556053003 -> button [<span class="glyphicon glyphicon-user", 339157784992049389444804927935198079799, http://localhost:3001/wallets
339157784992049389444804927935198079799, 93892538983386892971308371387497111864 -> a ['\n', <div class="pull-right text-success transaction_amount", 339157784992049389444804927935198079799, http://localhost:3001/wallets
339157784992049389444804927935198079799, 92771657680496586414361268141351491274 -> a [<span class="glyphicon glyphicon-share-alt", 339157784992049389444804927935198079799, http://localhost:3001/wallets
339157784992049389444804927935198079799, 320174147126102010907134653534871470777 -> button [<span class="glyphicon glyphicon-trash", 339157784992049389444804927935198079799, http://localhost:3001/wallets
339157784992049389444804927935198079799, 209638118784994731842872023555060259766 -> a ['Log Out']{'href': '/user/logout', 'data-in': 'Log Out'}, 16830507283689328036876064570522204332, http://localhost:3001/
16830507283689328036876064570522204332, 143912285649067720774554330843865674796 -> a ['Register']{'href': '/user/registration', 'data-in': 'Register'}, 16830507283689328036876064570522204332, http://localhost:3001/
16830507283689328036876064570522204332, 287439962806392087827856506575270396085 -> a []{'href': 'http://localhost:3001/images/homepage/screenshots/transactions.jpg', 'id': 'image-link-', 'style': "background-image: url('http://localhost:/images/homepage/screenshots/transactions.jpg');"}, 16830507283689328036876064570522204332, http://localhost:3001/
16830507283689328036876064570522204332, 136504310823099385748378508891970664617 -> a []{'href': 'http://localhost:3001/images/homepage/screenshots/i18n.jpg', 'id': 'image-link-', 'style': "background-image: url('http://localhost:/images/homepage/screenshots/in.jpg');"}, 16830507283689328036876064570522204332, http://localhost:3001/
77659574643383717146484374309974862090, None, 77659574643383717146484374309974862090, http://localhost:3001/
77659574643383717146484374309974862090, 69261900354377929876421606824271450118 -> a [<span aria-hidden="true" class="glyphicon glyphicon-globe", 120042711704540744062249797499918035067, http://localhost:3001/wallets/
120042711704540744062249797499918035067, 326011190105819684866996676134205023630 -> button ['English']{'type': 'button', 'data-code': 'default'}, 256116285722622672497372886142520152738, http://localhost:3001/wallets
52313502236296484852945667758231468311, None, 52313502236296484852945667758231468311, http://localhost:3001/wallets
52313502236296484852945667758231468311, None, 52313502236296484852945667758231468311, http://localhost:3001/wallets
52313502236296484852945667758231468311, 277712453453955741677905488786830410505 -> a ['Contact']{'href': 'mailto:jeka911@gmail.com?subject=Wallet', 'data-in': 'Contact'}, 52313502236296484852945667758231468311, http://localhost:3001/wallets
52313502236296484852945667758231468311, 59033961675128415164332924159931931082 -> button [<span class="glyphicon glyphicon-pencil", 314140157027029516042985438598529623853, http://localhost:3001/wallets
314140157027029516042985438598529623853, 164770504787406092505723908950430241986 -> button ['×']{'type': 'button', 'data-dismiss': 'modal', 'aria-hidden': 'true'}, 52313502236296484852945667758231468311, http://localhost:3001/wallets
52313502236296484852945667758231468311, 59033961675128415164332924159931931082 -> button [<span class="glyphicon glyphicon-pencil", 314140157027029516042985438598529623853, http://localhost:3001/wallets
314140157027029516042985438598529623853, 198465896605091102877225175642271807174 -> form ['\n', <fieldset, 314140157027029516042985438598529623853, http://localhost:3001/wallets
314140157027029516042985438598529623853, 198465896605091102877225175642271807174 -> form ['\n', <fieldset, 314140157027029516042985438598529623853, http://localhost:3001/wallets
314140157027029516042985438598529623853, 198465896605091102877225175642271807174 -> form ['\n', <fieldset, 314140157027029516042985438598529623853, http://localhost:3001/wallets
314140157027029516042985438598529623853, 198465896605091102877225175642271807174 -> form ['\n', <fieldset, 314140157027029516042985438598529623853, http://localhost:3001/wallets
52313502236296484852945667758231468311, None, 52313502236296484852945667758231468311, http://localhost:3001/wallets
52313502236296484852945667758231468311, 209638118784994731842872023555060259766 -> a ['Log Out']{'href': '/user/logout', 'data-in': 'Log Out'}, 16830507283689328036876064570522204332, http://localhost:3001/
16830507283689328036876064570522204332, 53030406825762545276438289970305043077 -> a ['Home']{'href': '/', 'data-in': 'Home'}, 16830507283689328036876064570522204332, http://localhost:3001/
16830507283689328036876064570522204332, 280553687692852780123066102917098299601 -> a []{'href': 'http://localhost:3001/images/homepage/screenshots/wallets.jpg', 'id': 'image-link-wallets', 'style': "background-image: url('http://localhost:/images/homepage/screenshots/wallets.jpg');"}, 16830507283689328036876064570522204332, http://localhost:3001/
16830507283689328036876064570522204332, 75056642720997424365806452209120460192 -> a ['Sign In']{'href': '/user/signin', 'data-in': 'Sign In'}, 16830507283689328036876064570522204332, http://localhost:3001/
16830507283689328036876064570522204332, 75056642720997424365806452209120460192 -> a ['Sign In']{'href': '/user/signin', 'data-in': 'Sign In'}, 16830507283689328036876064570522204332, http://localhost:3001/
16830507283689328036876064570522204332, 136504310823099385748378508891970664617 -> a []{'href': 'http://localhost:3001/images/homepage/screenshots/i18n.jpg', 'id': 'image-link-', 'style': "background-image: url('http://localhost:/images/homepage/screenshots/in.jpg');"}, 16830507283689328036876064570522204332, http://localhost:3001/
77659574643383717146484374309974862090, None, 77659574643383717146484374309974862090, http://localhost:3001/
77659574643383717146484374309974862090, 69261900354377929876421606824271450118 -> a [<span aria-hidden="true" class="glyphicon glyphicon-globe", 120042711704540744062249797499918035067, http://localhost:3001/wallets/
120042711704540744062249797499918035067, 326011190105819684866996676134205023630 -> button ['English']{'type': 'button', 'data-code': 'default'}, 279793988371497738220363146991224109917, http://localhost:3001/wallets
115494160711695823161718328679143297026, None, 115494160711695823161718328679143297026, http://localhost:3001/wallets
115494160711695823161718328679143297026, 69261900354377929876421606824271450118 -> a [<span aria-hidden="true" class="glyphicon glyphicon-globe", 115494160711695823161718328679143297026, http://localhost:3001/wallets
115494160711695823161718328679143297026, 143964004078119742277710045892540417360 -> a ['Wallets']{'href': '/wallets', 'data-in': 'Wallets'}, 115494160711695823161718328679143297026, http://localhost:3001/wallets
115494160711695823161718328679143297026, 59033961675128415164332924159931931082 -> button [<span class="glyphicon glyphicon-pencil", 314140157027029516042985438598529623853, http://localhost:3001/wallets
314140157027029516042985438598529623853, 198465896605091102877225175642271807174 -> form ['\n', <fieldset, 115494160711695823161718328679143297026, http://localhost:3001/wallets
115494160711695823161718328679143297026, 5608938641747884300044405205556053003 -> button [<span class="glyphicon glyphicon-user", 115494160711695823161718328679143297026, http://localhost:3001/wallets
115494160711695823161718328679143297026, 207847107984460188533312753476396637913 -> a [<span class="glyphicon glyphicon-user", 115494160711695823161718328679143297026, http://localhost:3001/wallets
115494160711695823161718328679143297026, 320174147126102010907134653534871470777 -> button [<span class="glyphicon glyphicon-trash", 115494160711695823161718328679143297026, http://localhost:3001/wallets
115494160711695823161718328679143297026, 33368419096707133521909184001675548406 -> a ['\n', <div class="pull-right text-success transaction_amount", 115494160711695823161718328679143297026, http://localhost:3001/wallets
115494160711695823161718328679143297026, None, 115494160711695823161718328679143297026, http://localhost:3001/wallets
115494160711695823161718328679143297026, 209638118784994731842872023555060259766 -> a ['Log Out']{'href': '/user/logout', 'data-in': 'Log Out'}, 16830507283689328036876064570522204332, http://localhost:3001/
77659574643383717146484374309974862090, None, 77659574643383717146484374309974862090, http://localhost:3001/
77659574643383717146484374309974862090, 69261900354377929876421606824271450118 -> a [<span aria-hidden="true" class="glyphicon glyphicon-globe", 120042711704540744062249797499918035067, http://localhost:3001/wallets/
120042711704540744062249797499918035067, 326011190105819684866996676134205023630 -> button ['English']{'type': 'button', 'data-code': 'default'}, 232548208975346468802418749888035547180, http://localhost:3001/wallets
267341173229181010524430543581726451814, None, 267341173229181010524430543581726451814, http://localhost:3001/wallets
267341173229181010524430543581726451814, None, 267341173229181010524430543581726451814, http://localhost:3001/wallets
267341173229181010524430543581726451814, 186037210004141989051388640614981630902 -> a ['Settings']{'href': '/profile', 'data-in': 'Settings'}, 182798277483336358993202069468154257416, http://localhost:3001/profile
182798277483336358993202069468154257416, 109900342370374619712692107935887661741 -> a [<span class="glyphicon glyphicon-trash", 48578004473033321184321026095610122545, http://localhost:3001/profile#
48578004473033321184321026095610122545, 145633068536459322312414860502993133376 -> a [<span data-i18n="Log Out", 37286022017771181841885685075788562271, http://localhost:3001/
37286022017771181841885685075788562271, 143912285649067720774554330843865674796 -> a ['Register']{'href': '/user/registration', 'data-in': 'Register'}, 37286022017771181841885685075788562271, http://localhost:3001/
37286022017771181841885685075788562271, 53030406825762545276438289970305043077 -> a ['Home']{'href': '/', 'data-in': 'Home'}, 37286022017771181841885685075788562271, http://localhost:3001/
37286022017771181841885685075788562271, 136504310823099385748378508891970664617 -> a []{'href': 'http://localhost:3001/images/homepage/screenshots/i18n.jpg', 'id': 'image-link-', 'style': "background-image: url('http://localhost:/images/homepage/screenshots/in.jpg');"}, 37286022017771181841885685075788562271, http://localhost:3001/
37286022017771181841885685075788562271, 15350420686339836366149544887528354942 -> input []{'type': 'submit', 'id': 'demo_signup', 'data-invalue': 'here', 'value': 'here'}, 37286022017771181841885685075788562271, http://localhost:3001/
37286022017771181841885685075788562271, 143912285649067720774554330843865674796 -> a ['Register']{'href': '/user/registration', 'data-in': 'Register'}, 232813005188788351047465674084364126346, http://localhost:3001/
77659574643383717146484374309974862090, None, 77659574643383717146484374309974862090, http://localhost:3001/
77659574643383717146484374309974862090, 69261900354377929876421606824271450118 -> a [<span aria-hidden="true" class="glyphicon glyphicon-globe", 120042711704540744062249797499918035067, http://localhost:3001/wallets/
120042711704540744062249797499918035067, 326011190105819684866996676134205023630 -> button ['English']{'type': 'button', 'data-code': 'default'}, 173060607967004541654174173998795036506, http://localhost:3001/wallets
216200265726048878881758617898810952184, None, 216200265726048878881758617898810952184, http://localhost:3001/wallets
216200265726048878881758617898810952184, None, 216200265726048878881758617898810952184, http://localhost:3001/wallets
216200265726048878881758617898810952184, None, 216200265726048878881758617898810952184, http://localhost:3001/wallets
216200265726048878881758617898810952184, 12549387572312034662595380537530510228 -> a [<span class="glyphicon glyphicon-ok", 216200265726048878881758617898810952184, http://localhost:3001/wallets
216200265726048878881758617898810952184, 5608938641747884300044405205556053003 -> button [<span class="glyphicon glyphicon-user", 216200265726048878881758617898810952184, http://localhost:3001/wallets
216200265726048878881758617898810952184, 92771657680496586414361268141351491274 -> a [<span class="glyphicon glyphicon-share-alt", 216200265726048878881758617898810952184, http://localhost:3001/wallets
216200265726048878881758617898810952184, 143964004078119742277710045892540417360 -> a ['Wallets']{'href': '/wallets', 'data-in': 'Wallets'}, 216200265726048878881758617898810952184, http://localhost:3001/wallets
216200265726048878881758617898810952184, 320174147126102010907134653534871470777 -> button [<span class="glyphicon glyphicon-trash", 216200265726048878881758617898810952184, http://localhost:3001/wallets
216200265726048878881758617898810952184, 277712453453955741677905488786830410505 -> a ['Contact']{'href': 'mailto:jeka911@gmail.com?subject=Wallet', 'data-in': 'Contact'}, 216200265726048878881758617898810952184, http://localhost:3001/wallets
216200265726048878881758617898810952184, 336145394240353959266535772156875663398 -> a [<span data-i18n="Add", 253180107888653971438303512861359812821, http://localhost:3001/wallets
253180107888653971438303512861359812821, 52430776314973270160166886406622674883 -> form ['\n', <fieldset, 216200265726048878881758617898810952184, http://localhost:3001/wallets
77503027396305967345350989642100372597, None, 77503027396305967345350989642100372597, http://localhost:3001/wallets
77503027396305967345350989642100372597, 186037210004141989051388640614981630902 -> a ['Settings']{'href': '/profile', 'data-in': 'Settings'}, 182798277483336358993202069468154257416, http://localhost:3001/profile
182798277483336358993202069468154257416, 109900342370374619712692107935887661741 -> a [<span class="glyphicon glyphicon-trash", 48578004473033321184321026095610122545, http://localhost:3001/profile#
48578004473033321184321026095610122545, 145633068536459322312414860502993133376 -> a [<span data-i18n="Log Out", 37286022017771181841885685075788562271, http://localhost:3001/
37286022017771181841885685075788562271, 143912285649067720774554330843865674796 -> a ['Register']{'href': '/user/registration', 'data-in': 'Register'}, 37286022017771181841885685075788562271, http://localhost:3001/
37286022017771181841885685075788562271, 24045720963061510147388474628965236342 -> a []{'href': 'http://localhost:3001/images/homepage/screenshots/goal.jpg', 'id': 'image-link-agpl', 'style': "background-image: url('http://localhost:/images/homepage/screenshots/goal.jpg');"}, 37286022017771181841885685075788562271, http://localhost:3001/
37286022017771181841885685075788562271, 143912285649067720774554330843865674796 -> a ['Register']{'href': '/user/registration', 'data-in': 'Register'}, 37286022017771181841885685075788562271, http://localhost:3001/
37286022017771181841885685075788562271, 136504310823099385748378508891970664617 -> a []{'href': 'http://localhost:3001/images/homepage/screenshots/i18n.jpg', 'id': 'image-link-', 'style': "background-image: url('http://localhost:/images/homepage/screenshots/in.jpg');"}, 37286022017771181841885685075788562271, http://localhost:3001/
37286022017771181841885685075788562271, 280553687692852780123066102917098299601 -> a []{'href': 'http://localhost:3001/images/homepage/screenshots/wallets.jpg', 'id': 'image-link-wallets', 'style': "background-image: url('http://localhost:/images/homepage/screenshots/wallets.jpg');"}, 37286022017771181841885685075788562271, http://localhost:3001/
77659574643383717146484374309974862090, None, 77659574643383717146484374309974862090, http://localhost:3001/
77659574643383717146484374309974862090, 69261900354377929876421606824271450118 -> a [<span aria-hidden="true" class="glyphicon glyphicon-globe", 120042711704540744062249797499918035067, http://localhost:3001/wallets/
120042711704540744062249797499918035067, 326011190105819684866996676134205023630 -> button ['English']{'type': 'button', 'data-code': 'default'}, 291360787415410478246959360676087941060, http://localhost:3001/wallets
237523665517921891991441984435581238003, None, 237523665517921891991441984435581238003, http://localhost:3001/wallets
237523665517921891991441984435581238003, 69261900354377929876421606824271450118 -> a [<span aria-hidden="true" class="glyphicon glyphicon-globe", 237523665517921891991441984435581238003, http://localhost:3001/wallets
237523665517921891991441984435581238003, 5608938641747884300044405205556053003 -> button [<span class="glyphicon glyphicon-user", 237523665517921891991441984435581238003, http://localhost:3001/wallets
237523665517921891991441984435581238003, 59033961675128415164332924159931931082 -> button [<span class="glyphicon glyphicon-pencil", 314140157027029516042985438598529623853, http://localhost:3001/wallets
314140157027029516042985438598529623853, 186856705036810963635032285953262971572 -> form ['\n', <fieldset, 314140157027029516042985438598529623853, http://localhost:3001/wallets
314140157027029516042985438598529623853, 186856705036810963635032285953262971572 -> form ['\n', <fieldset, 314140157027029516042985438598529623853, http://localhost:3001/wallets
314140157027029516042985438598529623853, 134073009530815014980291977605128349685 -> a [<span class="glyphicon glyphicon-ok", 237523665517921891991441984435581238003, http://localhost:3001/wallets
237523665517921891991441984435581238003, 59033961675128415164332924159931931082 -> button [<span class="glyphicon glyphicon-pencil", 104333038268939505302561014873760165848, http://localhost:3001/wallets
104333038268939505302561014873760165848, 222230946711345745280265913845211962539 -> form ['\n', <fieldset, 104333038268939505302561014873760165848, http://localhost:3001/wallets
165857067533935281391328259025218169594, None, 165857067533935281391328259025218169594, http://localhost:3001/wallets
165857067533935281391328259025218169594, None, 165857067533935281391328259025218169594, http://localhost:3001/wallets
165857067533935281391328259025218169594, None, 165857067533935281391328259025218169594, http://localhost:3001/wallets
165857067533935281391328259025218169594, None, 165857067533935281391328259025218169594, http://localhost:3001/wallets
165857067533935281391328259025218169594, 140457817286280627231574580337331143548 -> button [<span class="glyphicon glyphicon-trash", 165857067533935281391328259025218169594, http://localhost:3001/wallets
165857067533935281391328259025218169594, 284970898730061177269940232924437598520 -> a ['\n', <div class="pull-right text-success transaction_amount", 165857067533935281391328259025218169594, http://localhost:3001/wallets
165857067533935281391328259025218169594, 260874942789934940868775990394842309470 -> button [<span class="glyphicon glyphicon-user", 165857067533935281391328259025218169594, http://localhost:3001/wallets
165857067533935281391328259025218169594, 258996598213108139358093746801367382188 -> a [<span class="glyphicon glyphicon-trash", 165857067533935281391328259025218169594, http://localhost:3001/wallets
165857067533935281391328259025218169594, 30906913677491510962581766254140068231 -> a ['Выйти']{'href': '/user/logout', 'data-in': 'Log Out'}, 73587293914159224308712754430658183482, http://localhost:3001/
73587293914159224308712754430658183482, 136504310823099385748378508891970664617 -> a []{'href': 'http://localhost:3001/images/homepage/screenshots/i18n.jpg', 'id': 'image-link-', 'style': "background-image: url('http://localhost:/images/homepage/screenshots/in.jpg');"}, 73587293914159224308712754430658183482, http://localhost:3001/
73587293914159224308712754430658183482, 289616954940970019044592478557619202053 -> a ['Зарегистрироваться']{'href': '/user/registration', 'data-in': 'Register'}, 73587293914159224308712754430658183482, http://localhost:3001/
73587293914159224308712754430658183482, 280553687692852780123066102917098299601 -> a []{'href': 'http://localhost:3001/images/homepage/screenshots/wallets.jpg', 'id': 'image-link-wallets', 'style': "background-image: url('http://localhost:/images/homepage/screenshots/wallets.jpg');"}, 73587293914159224308712754430658183482, http://localhost:3001/
77659574643383717146484374309974862090, None, 77659574643383717146484374309974862090, http://localhost:3001/
77659574643383717146484374309974862090, 69261900354377929876421606824271450118 -> a [<span aria-hidden="true" class="glyphicon glyphicon-globe", 120042711704540744062249797499918035067, http://localhost:3001/wallets/
120042711704540744062249797499918035067, 326011190105819684866996676134205023630 -> button ['English']{'type': 'button', 'data-code': 'default'}, 1333306630233069700997942692317198711, http://localhost:3001/wallets
310990943741740643258566306072688239890, None, 310990943741740643258566306072688239890, http://localhost:3001/wallets
310990943741740643258566306072688239890, 320174147126102010907134653534871470777 -> button [<span class="glyphicon glyphicon-trash", 310990943741740643258566306072688239890, http://localhost:3001/wallets
310990943741740643258566306072688239890, 205911053392441145155640008213943745727 -> a [<span class="glyphicon glyphicon-ok", 310990943741740643258566306072688239890, http://localhost:3001/wallets
310990943741740643258566306072688239890, 244690482704938623551416434323417770497 -> a ['\n', <div class="pull-right text-success transaction_amount", 122813353910040653417365729357673276034, http://localhost:3001/wallets/34
122813353910040653417365729357673276034, 51734587471318764320500906054182906819 -> a [<span data-i18n="set total to", 122813353910040653417365729357673276034, http://localhost:3001/wallets/34
122813353910040653417365729357673276034, 300938307388621752250340407401666505920 -> form ['\n', <input class="form-control" data-i18nplaceholder="Describe expense and press Enter to add" id="add_transaction_text" placeholder="Describe expense and press Enter to add" type="text"/, 122813353910040653417365729357673276034, http://localhost:3001/wallets/34
122813353910040653417365729357673276034, 300938307388621752250340407401666505920 -> form ['\n', <input class="form-control" data-i18nplaceholder="Describe expense and press Enter to add" id="add_transaction_text" placeholder="Describe expense and press Enter to add" type="text"/, 122813353910040653417365729357673276034, http://localhost:3001/wallets/34
122813353910040653417365729357673276034, 158009411471723493269880909046446417559 -> a [<span data-i18n="Set Goal", 287393647012105903508667004843733326622, http://localhost:3001/wallets
310990943741740643258566306072688239890, None, 310990943741740643258566306072688239890, http://localhost:3001/wallets
310990943741740643258566306072688239890, 244690482704938623551416434323417770497 -> a ['\n', <div class="pull-right text-success transaction_amount", 122813353910040653417365729357673276034, http://localhost:3001/wallets/34
122813353910040653417365729357673276034, 332632648636535438633633310846405598435 -> button ['\n', <span aria-hidden="true" class="glyphicon glyphicon-chevron-down", 122813353910040653417365729357673276034, http://localhost:3001/wallets/34
310990943741740643258566306072688239890, None, 310990943741740643258566306072688239890, http://localhost:3001/wallets
310990943741740643258566306072688239890, 244690482704938623551416434323417770497 -> a ['\n', <div class="pull-right text-success transaction_amount", 122813353910040653417365729357673276034, http://localhost:3001/wallets/34
122813353910040653417365729357673276034, 40033767128550119556758792738972518504 -> button [<span data-i18n="Add Income", 122813353910040653417365729357673276034, http://localhost:3001/wallets/34
122813353910040653417365729357673276034, 25870992676742623168475685293540986209 -> a [<span aria-hidden="true" class="glyphicon glyphicon-import", 122813353910040653417365729357673276034, http://localhost:3001/wallets/34
122813353910040653417365729357673276034, 332632648636535438633633310846405598435 -> button ['\n', <span aria-hidden="true" class="glyphicon glyphicon-chevron-down", 122813353910040653417365729357673276034, http://localhost:3001/wallets/34
122813353910040653417365729357673276034, 158009411471723493269880909046446417559 -> a [<span data-i18n="Set Goal", 287393647012105903508667004843733326622, http://localhost:3001/wallets
310990943741740643258566306072688239890, None, 310990943741740643258566306072688239890, http://localhost:3001/wallets
310990943741740643258566306072688239890, 244690482704938623551416434323417770497 -> a ['\n', <div class="pull-right text-success transaction_amount", 122813353910040653417365729357673276034, http://localhost:3001/wallets/34
122813353910040653417365729357673276034, 25870992676742623168475685293540986209 -> a [<span aria-hidden="true" class="glyphicon glyphicon-import", 325195666496950333817558578819959379303, http://localhost:3001/wallets/34/import
310990943741740643258566306072688239890, None, 310990943741740643258566306072688239890, http://localhost:3001/wallets
310990943741740643258566306072688239890, 167715838526732274674283392030681281381 -> a ['\n', <div class="pull-right text-success transaction_amount", 248820243157220865435168714607768452103, http://localhost:3001/wallets/35
310990943741740643258566306072688239890, None, 310990943741740643258566306072688239890, http://localhost:3001/wallets
310990943741740643258566306072688239890, 167715838526732274674283392030681281381 -> a ['\n', <div class="pull-right text-success transaction_amount", 248820243157220865435168714607768452103, http://localhost:3001/wallets/35
248820243157220865435168714607768452103, 158009411471723493269880909046446417559 -> a [<span data-i18n="Set Goal", 287393647012105903508667004843733326622, http://localhost:3001/wallets
310990943741740643258566306072688239890, None, 310990943741740643258566306072688239890, http://localhost:3001/wallets
310990943741740643258566306072688239890, 167715838526732274674283392030681281381 -> a ['\n', <div class="pull-right text-success transaction_amount", 248820243157220865435168714607768452103, http://localhost:3001/wallets/35
248820243157220865435168714607768452103, 42152960595475822065386364413056880827 -> a [<span aria-hidden="true" class="glyphicon glyphicon-import", 37792035622976902897908836219168300526, http://localhost:3001/wallets/35/import
37792035622976902897908836219168300526, 211529172816946856896018388012172770514 -> input []{'type': 'button', 'value': 'Select file', 'data-loading-text': 'Uploading...', 'data-invalue': 'Select file'}, 37792035622976902897908836219168300526, http://localhost:3001/wallets/35/import
310990943741740643258566306072688239890, None, 310990943741740643258566306072688239890, http://localhost:3001/wallets
310990943741740643258566306072688239890, 167715838526732274674283392030681281381 -> a ['\n', <div class="pull-right text-success transaction_amount", 248820243157220865435168714607768452103, http://localhost:3001/wallets/35
248820243157220865435168714607768452103, 42152960595475822065386364413056880827 -> a [<span aria-hidden="true" class="glyphicon glyphicon-import", 37792035622976902897908836219168300526, http://localhost:3001/wallets/35/import
310990943741740643258566306072688239890, None, 310990943741740643258566306072688239890, http://localhost:3001/wallets
310990943741740643258566306072688239890, 167715838526732274674283392030681281381 -> a ['\n', <div class="pull-right text-success transaction_amount", 248820243157220865435168714607768452103, http://localhost:3001/wallets/35
248820243157220865435168714607768452103, 40033767128550119556758792738972518504 -> button [<span data-i18n="Add Income", 248820243157220865435168714607768452103, http://localhost:3001/wallets/35
248820243157220865435168714607768452103, 328680192326421016123013048610023517055 -> a [<span data-i18n="Wallets", 248820243157220865435168714607768452103, http://localhost:3001/wallets/35
248820243157220865435168714607768452103, 51734587471318764320500906054182906819 -> a [<span data-i18n="set total to", 248820243157220865435168714607768452103, http://localhost:3001/wallets/35
248820243157220865435168714607768452103, 300938307388621752250340407401666505920 -> form ['\n', <input class="form-control" data-i18nplaceholder="Describe expense and press Enter to add" id="add_transaction_text" placeholder="Describe expense and press Enter to add" type="text"/, 248820243157220865435168714607768452103, http://localhost:3001/wallets/35
248820243157220865435168714607768452103, 300938307388621752250340407401666505920 -> form ['\n', <input class="form-control" data-i18nplaceholder="Describe expense and press Enter to add" id="add_transaction_text" placeholder="Describe expense and press Enter to add" type="text"/, 248820243157220865435168714607768452103, http://localhost:3001/wallets/35
248820243157220865435168714607768452103, 51734587471318764320500906054182906819 -> a [<span data-i18n="set total to", 248820243157220865435168714607768452103, http://localhost:3001/wallets/35
248820243157220865435168714607768452103, 300938307388621752250340407401666505920 -> form ['\n', <input class="form-control" data-i18nplaceholder="Describe expense and press Enter to add" id="add_transaction_text" placeholder="Describe expense and press Enter to add" type="text"/, 321716868044618397955143354591410396757, http://localhost:3001/wallets/35
77659574643383717146484374309974862090, None, 77659574643383717146484374309974862090, http://localhost:3001/
77659574643383717146484374309974862090, 69261900354377929876421606824271450118 -> a [<span aria-hidden="true" class="glyphicon glyphicon-globe", 120042711704540744062249797499918035067, http://localhost:3001/wallets/
120042711704540744062249797499918035067, 326011190105819684866996676134205023630 -> button ['English']{'type': 'button', 'data-code': 'default'}, 25053351914850257507161289458045036170, http://localhost:3001/wallets
310990943741740643258566306072688239890, None, 310990943741740643258566306072688239890, http://localhost:3001/wallets
310990943741740643258566306072688239890, 167715838526732274674283392030681281381 -> a ['\n', <div class="pull-right text-success transaction_amount", 248820243157220865435168714607768452103, http://localhost:3001/wallets/35
248820243157220865435168714607768452103, 51734587471318764320500906054182906819 -> a [<span data-i18n="set total to", 321716868044618397955143354591410396757, http://localhost:3001/wallets/35
321716868044618397955143354591410396757, 164770504787406092505723908950430241986 -> button ['×']{'type': 'button', 'data-dismiss': 'modal', 'aria-hidden': 'true'}, 248820243157220865435168714607768452103, http://localhost:3001/wallets/35
248820243157220865435168714607768452103, 51734587471318764320500906054182906819 -> a [<span data-i18n="set total to", 321716868044618397955143354591410396757, http://localhost:3001/wallets/35
321716868044618397955143354591410396757, 290997046537929317093204731951347912223 -> form ['\n', <fieldset, 321716868044618397955143354591410396757, http://localhost:3001/wallets/35
321716868044618397955143354591410396757, 290997046537929317093204731951347912223 -> form ['\n', <fieldset, 321716868044618397955143354591410396757, http://localhost:3001/wallets/35
321716868044618397955143354591410396757, 290997046537929317093204731951347912223 -> form ['\n', <fieldset, 321716868044618397955143354591410396757, http://localhost:3001/wallets/35
321716868044618397955143354591410396757, 164770504787406092505723908950430241986 -> button ['×']{'type': 'button', 'data-dismiss': 'modal', 'aria-hidden': 'true'}, 321716868044618397955143354591410396757, http://localhost:3001/wallets/35
310990943741740643258566306072688239890, None, 310990943741740643258566306072688239890, http://localhost:3001/wallets
310990943741740643258566306072688239890, None, 310990943741740643258566306072688239890, http://localhost:3001/wallets
310990943741740643258566306072688239890, 12549387572312034662595380537530510228 -> a [<span class="glyphicon glyphicon-ok", 310990943741740643258566306072688239890, http://localhost:3001/wallets
310990943741740643258566306072688239890, 69261900354377929876421606824271450118 -> a [<span aria-hidden="true" class="glyphicon glyphicon-globe", 310990943741740643258566306072688239890, http://localhost:3001/wallets
310990943741740643258566306072688239890, 59033961675128415164332924159931931082 -> button [<span class="glyphicon glyphicon-pencil", 310990943741740643258566306072688239890, http://localhost:3001/wallets
310990943741740643258566306072688239890, 143964004078119742277710045892540417360 -> a ['Wallets']{'href': '/wallets', 'data-in': 'Wallets'}, 310990943741740643258566306072688239890, http://localhost:3001/wallets
310990943741740643258566306072688239890, 5608938641747884300044405205556053003 -> button [<span class="glyphicon glyphicon-user", 310990943741740643258566306072688239890, http://localhost:3001/wallets
310990943741740643258566306072688239890, 336145394240353959266535772156875663398 -> a [<span data-i18n="Add", 310990943741740643258566306072688239890, http://localhost:3001/wallets
310990943741740643258566306072688239890, 24783666557245327062948328561070951608 -> a [<span data-i18n="Home", 84704567384790478244596701376039337911, http://localhost:3001/wallets
20705226361093110935138435920589139494, None, 20705226361093110935138435920589139494, http://localhost:3001/wallets
20705226361093110935138435920589139494, 21824728745494118346806017482475308344 -> a ['Настройки']{'href': '/profile', 'data-in': 'Settings'}, 192262124869340720825154932346396664466, http://localhost:3001/profile
20705226361093110935138435920589139494, None, 20705226361093110935138435920589139494, http://localhost:3001/wallets
20705226361093110935138435920589139494, 21824728745494118346806017482475308344 -> a ['Настройки']{'href': '/profile', 'data-in': 'Settings'}, 192262124869340720825154932346396664466, http://localhost:3001/profile
192262124869340720825154932346396664466, 241946753172422428861330322312500872962 -> form ['\n', <div class="form-group", 93704693823494080696900106087357847830, http://localhost:3001/profile
20705226361093110935138435920589139494, None, 20705226361093110935138435920589139494, http://localhost:3001/wallets
20705226361093110935138435920589139494, 21824728745494118346806017482475308344 -> a ['Настройки']{'href': '/profile', 'data-in': 'Settings'}, 192262124869340720825154932346396664466, http://localhost:3001/profile
192262124869340720825154932346396664466, 241946753172422428861330322312500872962 -> form ['\n', <div class="form-group", 93704693823494080696900106087357847830, http://localhost:3001/profile
93704693823494080696900106087357847830, 158191082083628631346100496292436885615 -> form ['\n', <div class="form-group", 61528270114565090452059695332505794157, http://localhost:3001/profile
20705226361093110935138435920589139494, None, 20705226361093110935138435920589139494, http://localhost:3001/wallets
20705226361093110935138435920589139494, 21824728745494118346806017482475308344 -> a ['Настройки']{'href': '/profile', 'data-in': 'Settings'}, 192262124869340720825154932346396664466, http://localhost:3001/profile
192262124869340720825154932346396664466, 180217012861920527268826864699353676198 -> a [<span class="glyphicon glyphicon-trash", 291645954658718005567021105374032836352, http://localhost:3001/profile#
291645954658718005567021105374032836352, 256577445655001965893331533384317731668 -> form ['\n', <div class="form-group", 291645954658718005567021105374032836352, http://localhost:3001/profile#
291645954658718005567021105374032836352, 256577445655001965893331533384317731668 -> form ['\n', <div class="form-group", 291645954658718005567021105374032836352, http://localhost:3001/profile#
291645954658718005567021105374032836352, 246645979443056923504358182049644261062 -> a [<span data-i18n="Log Out", 166790942023300614984378369137212727608, http://localhost:3001/
166790942023300614984378369137212727608, 287439962806392087827856506575270396085 -> a []{'href': 'http://localhost:3001/images/homepage/screenshots/transactions.jpg', 'id': 'image-link-', 'style': "background-image: url('http://localhost:/images/homepage/screenshots/transactions.jpg');"}, 166790942023300614984378369137212727608, http://localhost:3001/
166790942023300614984378369137212727608, 40967439154621552822409111263863455804 -> input []{'type': 'submit', 'id': 'demo_signup', 'data-invalue': 'here', 'value': 'сюда'}, 166790942023300614984378369137212727608, http://localhost:3001/
166790942023300614984378369137212727608, 24045720963061510147388474628965236342 -> a []{'href': 'http://localhost:3001/images/homepage/screenshots/goal.jpg', 'id': 'image-link-agpl', 'style': "background-image: url('http://localhost:/images/homepage/screenshots/goal.jpg');"}, 166790942023300614984378369137212727608, http://localhost:3001/
