2022-05-25 15:16:04 WARNING  Starting
2022-05-25 15:16:04 ERROR    Failure: http://localhost:3001/ -> net::ERR_CONNECTION_REFUSED
2022-05-25 15:16:04 ERROR    Failure: http://localhost:3001/ -> Failed to load resource: net::ERR_CONNECTION_REFUSED
2022-05-25 15:16:13 ERROR    Failure: http://localhost:3001/ -> net::ERR_CONNECTION_REFUSED
2022-05-25 15:16:13 ERROR    Failure: http://localhost:3001/ -> Failed to load resource: net::ERR_CONNECTION_REFUSED
2022-05-25 15:16:19 ERROR    Failure: http://localhost:3001/wallets -> net::ERR_ABORTED
2022-05-25 15:16:23 ERROR    Failure: http://localhost:3001/ -> net::ERR_CONNECTION_REFUSED
2022-05-25 15:16:23 ERROR    Failure: http://localhost:3001/ -> Failed to load resource: net::ERR_CONNECTION_REFUSED
2022-05-25 15:16:31 ERROR    Failure: http://localhost:3001/ -> net::ERR_CONNECTION_REFUSED
2022-05-25 15:16:31 ERROR    Failure: http://localhost:3001/ -> Failed to load resource: net::ERR_CONNECTION_REFUSED
2022-05-25 15:16:35 ERROR    Failure: http://localhost:3001/ -> net::ERR_CONNECTION_REFUSED
2022-05-25 15:16:35 ERROR    Failure: http://localhost:3001/ -> Failed to load resource: net::ERR_CONNECTION_REFUSED
2022-05-25 15:16:38 ERROR    Failure: http://localhost:3001/ -> net::ERR_CONNECTION_REFUSED
2022-05-25 15:16:38 ERROR    Failure: http://localhost:3001/ -> Failed to load resource: net::ERR_CONNECTION_REFUSED
2022-05-25 15:16:45 ERROR    Failure: http://localhost:3001/ -> net::ERR_CONNECTION_REFUSED
2022-05-25 15:16:45 ERROR    Failure: http://localhost:3001/ -> Failed to load resource: net::ERR_CONNECTION_REFUSED
2022-05-25 15:16:49 ERROR    Failure: http://localhost:3001/ -> net::ERR_CONNECTION_REFUSED
2022-05-25 15:16:49 ERROR    Failure: http://localhost:3001/ -> Failed to load resource: net::ERR_CONNECTION_REFUSED
2022-05-25 15:16:53 ERROR    Failure: http://localhost:3001/wallets -> net::ERR_NAME_NOT_RESOLVED
2022-05-25 15:16:53 ERROR    Failure: http://localhost:3001/ -> net::ERR_CONNECTION_REFUSED
2022-05-25 15:16:53 ERROR    Failure: http://localhost:3001/ -> Failed to load resource: net::ERR_CONNECTION_REFUSED
2022-05-25 15:16:59 ERROR    Failure: http://localhost:3001/ -> net::ERR_CONNECTION_REFUSED
2022-05-25 15:16:59 ERROR    Failure: http://localhost:3001/ -> Failed to load resource: net::ERR_CONNECTION_REFUSED
2022-05-25 15:17:06 ERROR    Failure: http://localhost:3001/ -> net::ERR_CONNECTION_REFUSED
2022-05-25 15:17:06 ERROR    Failure: http://localhost:3001/ -> Failed to load resource: net::ERR_CONNECTION_REFUSED
2022-05-25 15:17:11 ERROR    Failure: http://localhost:3001/ -> net::ERR_CONNECTION_REFUSED
2022-05-25 15:17:11 ERROR    Failure: http://localhost:3001/ -> Failed to load resource: net::ERR_CONNECTION_REFUSED
2022-05-25 15:17:20 ERROR    Failure: http://localhost:3001/ -> net::ERR_CONNECTION_REFUSED
2022-05-25 15:17:20 ERROR    Failure: http://localhost:3001/ -> Failed to load resource: net::ERR_CONNECTION_REFUSED
2022-05-25 15:17:24 ERROR    Failure: http://localhost:3001/ -> net::ERR_CONNECTION_REFUSED
2022-05-25 15:17:24 ERROR    Failure: http://localhost:3001/ -> Failed to load resource: net::ERR_CONNECTION_REFUSED
2022-05-25 15:17:28 ERROR    Failure: http://localhost:3001/ -> net::ERR_CONNECTION_REFUSED
2022-05-25 15:17:28 ERROR    Failure: http://localhost:3001/ -> Failed to load resource: net::ERR_CONNECTION_REFUSED
2022-05-25 15:17:33 ERROR    Failure: http://localhost:3001/ -> net::ERR_CONNECTION_REFUSED
2022-05-25 15:17:33 ERROR    Failure: http://localhost:3001/ -> Failed to load resource: net::ERR_CONNECTION_REFUSED
2022-05-25 15:17:43 ERROR    Failure: http://localhost:3001/ -> net::ERR_CONNECTION_REFUSED
2022-05-25 15:17:43 ERROR    Failure: http://localhost:3001/ -> Failed to load resource: net::ERR_CONNECTION_REFUSED
2022-05-25 15:17:54 ERROR    Failure: http://localhost:3001/ -> net::ERR_CONNECTION_REFUSED
2022-05-25 15:17:54 ERROR    Failure: http://localhost:3001/ -> Failed to load resource: net::ERR_CONNECTION_REFUSED
2022-05-25 15:17:57 ERROR    Failure: http://localhost:3001/ -> net::ERR_CONNECTION_REFUSED
2022-05-25 15:17:57 ERROR    Failure: http://localhost:3001/ -> Failed to load resource: net::ERR_CONNECTION_REFUSED
2022-05-25 15:18:02 ERROR    Failure: http://localhost:3001/ -> net::ERR_CONNECTION_REFUSED
2022-05-25 15:18:02 ERROR    Failure: http://localhost:3001/ -> Failed to load resource: net::ERR_CONNECTION_REFUSED
2022-05-25 15:18:06 ERROR    Failure: http://localhost:3001/ -> net::ERR_CONNECTION_REFUSED
2022-05-25 15:18:06 ERROR    Failure: http://localhost:3001/ -> Failed to load resource: net::ERR_CONNECTION_REFUSED
2022-05-25 15:18:13 ERROR    Failure: http://localhost:3001/ -> net::ERR_CONNECTION_REFUSED
2022-05-25 15:18:13 ERROR    Failure: http://localhost:3001/ -> Failed to load resource: net::ERR_CONNECTION_REFUSED
2022-05-25 15:18:19 ERROR    Failure: http://localhost:3001/ -> net::ERR_CONNECTION_REFUSED
2022-05-25 15:18:19 ERROR    Failure: http://localhost:3001/ -> Failed to load resource: net::ERR_CONNECTION_REFUSED
2022-05-25 15:18:28 ERROR    Failure: http://localhost:3001/ -> net::ERR_CONNECTION_REFUSED
2022-05-25 15:18:28 ERROR    Failure: http://localhost:3001/ -> Failed to load resource: net::ERR_CONNECTION_REFUSED
2022-05-25 15:18:33 ERROR    Failure: http://localhost:3001/ -> net::ERR_CONNECTION_REFUSED
2022-05-25 15:18:33 ERROR    Failure: http://localhost:3001/ -> Failed to load resource: net::ERR_CONNECTION_REFUSED
2022-05-25 15:18:39 ERROR    Failure: http://localhost:3001/ -> net::ERR_CONNECTION_REFUSED
2022-05-25 15:18:39 ERROR    Failure: http://localhost:3001/ -> Failed to load resource: net::ERR_CONNECTION_REFUSED
2022-05-25 15:18:43 ERROR    Failure: http://localhost:3001/ -> net::ERR_CONNECTION_REFUSED
2022-05-25 15:18:43 ERROR    Failure: http://localhost:3001/ -> Failed to load resource: net::ERR_CONNECTION_REFUSED
2022-05-25 15:18:46 ERROR    Failure: http://localhost:3001/wallets -> net::ERR_ABORTED
2022-05-25 15:18:48 ERROR    Failure: http://localhost:3001/ -> net::ERR_CONNECTION_REFUSED
2022-05-25 15:18:48 ERROR    Failure: http://localhost:3001/ -> Failed to load resource: net::ERR_CONNECTION_REFUSED
2022-05-25 15:18:55 ERROR    Failure: http://localhost:3001/ -> net::ERR_CONNECTION_REFUSED
2022-05-25 15:18:55 ERROR    Failure: http://localhost:3001/ -> Failed to load resource: net::ERR_CONNECTION_REFUSED
2022-05-25 15:19:07 ERROR    Failure: http://localhost:3001/ -> net::ERR_CONNECTION_REFUSED
2022-05-25 15:19:07 ERROR    Failure: http://localhost:3001/ -> Failed to load resource: net::ERR_CONNECTION_REFUSED
2022-05-25 15:19:10 ERROR    Failure: http://localhost:3001/ -> net::ERR_CONNECTION_REFUSED
2022-05-25 15:19:10 ERROR    Failure: http://localhost:3001/ -> Failed to load resource: net::ERR_CONNECTION_REFUSED
2022-05-25 15:19:17 ERROR    Failure: http://localhost:3001/wallets -> net::ERR_ABORTED
2022-05-25 15:19:20 ERROR    Failure: http://localhost:3001/ -> net::ERR_CONNECTION_REFUSED
2022-05-25 15:19:20 ERROR    Failure: http://localhost:3001/ -> Failed to load resource: net::ERR_CONNECTION_REFUSED
2022-05-25 15:19:24 ERROR    Failure: http://localhost:3001/ -> net::ERR_CONNECTION_REFUSED
2022-05-25 15:19:24 ERROR    Failure: http://localhost:3001/ -> Failed to load resource: net::ERR_CONNECTION_REFUSED
2022-05-25 15:19:29 ERROR    Failure: http://localhost:3001/wallets -> net::ERR_ABORTED
2022-05-25 15:19:30 ERROR    Failure: http://localhost:3001/ -> net::ERR_CONNECTION_REFUSED
2022-05-25 15:19:30 ERROR    Failure: http://localhost:3001/ -> Failed to load resource: net::ERR_CONNECTION_REFUSED
2022-05-25 15:19:38 ERROR    Failure: http://localhost:3001/ -> net::ERR_CONNECTION_REFUSED
2022-05-25 15:19:38 ERROR    Failure: http://localhost:3001/ -> Failed to load resource: net::ERR_CONNECTION_REFUSED
2022-05-25 15:19:41 ERROR    Failure: http://localhost:3001/ -> net::ERR_CONNECTION_REFUSED
2022-05-25 15:19:41 ERROR    Failure: http://localhost:3001/ -> Failed to load resource: net::ERR_CONNECTION_REFUSED
2022-05-25 15:19:47 ERROR    Failure: http://localhost:3001/ -> net::ERR_CONNECTION_REFUSED
2022-05-25 15:19:47 ERROR    Failure: http://localhost:3001/ -> Failed to load resource: net::ERR_CONNECTION_REFUSED
2022-05-25 15:19:50 ERROR    Failure: http://localhost:3001/wallets -> net::ERR_ABORTED
2022-05-25 15:19:53 ERROR    Failure: http://localhost:3001/ -> net::ERR_CONNECTION_REFUSED
2022-05-25 15:19:53 ERROR    Failure: http://localhost:3001/ -> Failed to load resource: net::ERR_CONNECTION_REFUSED
2022-05-25 15:19:59 ERROR    Failure: http://localhost:3001/ -> net::ERR_CONNECTION_REFUSED
2022-05-25 15:19:59 ERROR    Failure: http://localhost:3001/ -> Failed to load resource: net::ERR_CONNECTION_REFUSED
2022-05-25 15:20:10 ERROR    Failure: http://localhost:3001/ -> net::ERR_CONNECTION_REFUSED
2022-05-25 15:20:10 ERROR    Failure: http://localhost:3001/ -> Failed to load resource: net::ERR_CONNECTION_REFUSED
2022-05-25 15:20:14 ERROR    Failure: http://localhost:3001/ -> net::ERR_CONNECTION_REFUSED
2022-05-25 15:20:14 ERROR    Failure: http://localhost:3001/ -> Failed to load resource: net::ERR_CONNECTION_REFUSED
2022-05-25 15:20:19 ERROR    Failure: http://localhost:3001/ -> net::ERR_CONNECTION_REFUSED
2022-05-25 15:20:19 ERROR    Failure: http://localhost:3001/ -> Failed to load resource: net::ERR_CONNECTION_REFUSED
2022-05-25 15:20:25 ERROR    Failure: http://localhost:3001/ -> net::ERR_CONNECTION_REFUSED
2022-05-25 15:20:25 ERROR    Failure: http://localhost:3001/ -> Failed to load resource: net::ERR_CONNECTION_REFUSED
2022-05-25 15:20:31 ERROR    Failure: http://localhost:3001/wallets -> net::ERR_ABORTED
2022-05-25 15:20:33 ERROR    Failure: http://localhost:3001/ -> net::ERR_CONNECTION_REFUSED
2022-05-25 15:20:33 ERROR    Failure: http://localhost:3001/ -> Failed to load resource: net::ERR_CONNECTION_REFUSED
2022-05-25 15:20:40 ERROR    Failure: http://localhost:3001/ -> net::ERR_CONNECTION_REFUSED
2022-05-25 15:20:40 ERROR    Failure: http://localhost:3001/ -> Failed to load resource: net::ERR_CONNECTION_REFUSED
2022-05-25 15:20:53 ERROR    Failure: http://localhost:3001/ -> net::ERR_CONNECTION_REFUSED
2022-05-25 15:20:53 ERROR    Failure: http://localhost:3001/ -> Failed to load resource: net::ERR_CONNECTION_REFUSED
2022-05-25 15:20:57 ERROR    Failure: http://localhost:3001/ -> net::ERR_CONNECTION_REFUSED
2022-05-25 15:20:57 ERROR    Failure: http://localhost:3001/ -> Failed to load resource: net::ERR_CONNECTION_REFUSED
2022-05-25 15:21:01 ERROR    Failure: http://localhost:3001/ -> net::ERR_CONNECTION_REFUSED
2022-05-25 15:21:01 ERROR    Failure: http://localhost:3001/ -> Failed to load resource: net::ERR_CONNECTION_REFUSED
2022-05-25 15:21:11 ERROR    Failure: http://localhost:3001/ -> net::ERR_CONNECTION_REFUSED
2022-05-25 15:21:11 ERROR    Failure: http://localhost:3001/ -> Failed to load resource: net::ERR_CONNECTION_REFUSED
2022-05-25 15:21:17 ERROR    Failure: http://localhost:3001/ -> net::ERR_CONNECTION_REFUSED
2022-05-25 15:21:17 ERROR    Failure: http://localhost:3001/ -> Failed to load resource: net::ERR_CONNECTION_REFUSED
2022-05-25 15:21:22 ERROR    Failure: http://localhost:3001/wallets -> net::ERR_ABORTED
2022-05-25 15:21:23 ERROR    Failure: http://localhost:3001/ -> net::ERR_CONNECTION_REFUSED
2022-05-25 15:21:23 ERROR    Failure: http://localhost:3001/ -> Failed to load resource: net::ERR_CONNECTION_REFUSED
2022-05-25 15:21:30 ERROR    Failure: http://localhost:3001/ -> net::ERR_CONNECTION_REFUSED
2022-05-25 15:21:30 ERROR    Failure: http://localhost:3001/ -> Failed to load resource: net::ERR_CONNECTION_REFUSED
2022-05-25 15:21:39 ERROR    Failure: http://localhost:3001/ -> net::ERR_CONNECTION_REFUSED
2022-05-25 15:21:39 ERROR    Failure: http://localhost:3001/ -> Failed to load resource: net::ERR_CONNECTION_REFUSED
2022-05-25 15:21:43 ERROR    Failure: http://localhost:3001/ -> net::ERR_CONNECTION_REFUSED
2022-05-25 15:21:43 ERROR    Failure: http://localhost:3001/ -> Failed to load resource: net::ERR_CONNECTION_REFUSED
2022-05-25 15:21:55 ERROR    Failure: http://localhost:3001/ -> net::ERR_CONNECTION_REFUSED
2022-05-25 15:21:55 ERROR    Failure: http://localhost:3001/ -> Failed to load resource: net::ERR_CONNECTION_REFUSED
2022-05-25 15:22:01 ERROR    Failure: http://localhost:3001/ -> net::ERR_CONNECTION_REFUSED
2022-05-25 15:22:01 ERROR    Failure: http://localhost:3001/ -> Failed to load resource: net::ERR_CONNECTION_REFUSED
2022-05-25 15:22:12 ERROR    Failure: http://localhost:3001/ -> net::ERR_CONNECTION_REFUSED
2022-05-25 15:22:12 ERROR    Failure: http://localhost:3001/ -> Failed to load resource: net::ERR_CONNECTION_REFUSED
2022-05-25 15:22:19 ERROR    Failure: http://localhost:3001/ -> net::ERR_CONNECTION_REFUSED
2022-05-25 15:22:19 ERROR    Failure: http://localhost:3001/ -> Failed to load resource: net::ERR_CONNECTION_REFUSED
2022-05-25 15:22:27 ERROR    Failure: http://localhost:3001/ -> net::ERR_CONNECTION_REFUSED
2022-05-25 15:22:27 ERROR    Failure: http://localhost:3001/ -> Failed to load resource: net::ERR_CONNECTION_REFUSED
2022-05-25 15:22:35 ERROR    Failure: http://localhost:3001/ -> net::ERR_CONNECTION_REFUSED
2022-05-25 15:22:35 ERROR    Failure: http://localhost:3001/ -> Failed to load resource: net::ERR_CONNECTION_REFUSED
2022-05-25 15:22:39 ERROR    Failure: http://localhost:3001/ -> net::ERR_CONNECTION_REFUSED
2022-05-25 15:22:39 ERROR    Failure: http://localhost:3001/ -> Failed to load resource: net::ERR_CONNECTION_REFUSED
2022-05-25 15:22:49 ERROR    Failure: http://localhost:3001/ -> net::ERR_CONNECTION_REFUSED
2022-05-25 15:22:49 ERROR    Failure: http://localhost:3001/ -> Failed to load resource: net::ERR_CONNECTION_REFUSED
2022-05-25 15:22:54 ERROR    Failure: http://localhost:3001/ -> net::ERR_CONNECTION_REFUSED
2022-05-25 15:22:54 ERROR    Failure: http://localhost:3001/ -> Failed to load resource: net::ERR_CONNECTION_REFUSED
2022-05-25 15:22:59 ERROR    Failure: http://localhost:3001/ -> net::ERR_CONNECTION_REFUSED
2022-05-25 15:22:59 ERROR    Failure: http://localhost:3001/ -> Failed to load resource: net::ERR_CONNECTION_REFUSED
2022-05-25 15:23:05 ERROR    Failure: http://localhost:3001/ -> net::ERR_CONNECTION_REFUSED
2022-05-25 15:23:05 ERROR    Failure: http://localhost:3001/ -> Failed to load resource: net::ERR_CONNECTION_REFUSED
2022-05-25 15:23:11 ERROR    Failure: http://localhost:3001/wallets -> net::ERR_ABORTED
2022-05-25 15:23:15 ERROR    Failure: http://localhost:3001/ -> net::ERR_CONNECTION_REFUSED
2022-05-25 15:23:15 ERROR    Failure: http://localhost:3001/ -> Failed to load resource: net::ERR_CONNECTION_REFUSED
2022-05-25 15:23:20 ERROR    Failure: http://localhost:3001/ -> net::ERR_CONNECTION_REFUSED
2022-05-25 15:23:20 ERROR    Failure: http://localhost:3001/ -> Failed to load resource: net::ERR_CONNECTION_REFUSED
2022-05-25 15:23:28 ERROR    Failure: http://localhost:3001/ -> net::ERR_CONNECTION_REFUSED
2022-05-25 15:23:28 ERROR    Failure: http://localhost:3001/ -> Failed to load resource: net::ERR_CONNECTION_REFUSED
2022-05-25 15:23:34 ERROR    Failure: http://localhost:3001/ -> net::ERR_CONNECTION_REFUSED
2022-05-25 15:23:34 ERROR    Failure: http://localhost:3001/ -> Failed to load resource: net::ERR_CONNECTION_REFUSED
2022-05-25 15:23:38 ERROR    Failure: http://localhost:3001/ -> net::ERR_CONNECTION_REFUSED
2022-05-25 15:23:38 ERROR    Failure: http://localhost:3001/ -> Failed to load resource: net::ERR_CONNECTION_REFUSED
2022-05-25 15:23:45 ERROR    Failure: http://localhost:3001/ -> net::ERR_CONNECTION_REFUSED
2022-05-25 15:23:45 ERROR    Failure: http://localhost:3001/ -> Failed to load resource: net::ERR_CONNECTION_REFUSED
2022-05-25 15:23:54 ERROR    Failure: http://localhost:3001/ -> net::ERR_CONNECTION_REFUSED
2022-05-25 15:23:54 ERROR    Failure: http://localhost:3001/ -> Failed to load resource: net::ERR_CONNECTION_REFUSED
2022-05-25 15:24:06 ERROR    Failure: http://localhost:3001/ -> net::ERR_CONNECTION_REFUSED
2022-05-25 15:24:06 ERROR    Failure: http://localhost:3001/ -> Failed to load resource: net::ERR_CONNECTION_REFUSED
2022-05-25 15:24:09 ERROR    Failure: http://localhost:3001/ -> net::ERR_CONNECTION_REFUSED
2022-05-25 15:24:09 ERROR    Failure: http://localhost:3001/ -> Failed to load resource: net::ERR_CONNECTION_REFUSED
2022-05-25 15:24:22 ERROR    Failure: http://localhost:3001/ -> net::ERR_CONNECTION_REFUSED
2022-05-25 15:24:22 ERROR    Failure: http://localhost:3001/ -> Failed to load resource: net::ERR_CONNECTION_REFUSED
2022-05-25 15:24:26 ERROR    Failure: http://localhost:3001/ -> net::ERR_CONNECTION_REFUSED
2022-05-25 15:24:26 ERROR    Failure: http://localhost:3001/ -> Failed to load resource: net::ERR_CONNECTION_REFUSED
2022-05-25 15:24:35 ERROR    Failure: http://localhost:3001/ -> net::ERR_CONNECTION_REFUSED
2022-05-25 15:24:35 ERROR    Failure: http://localhost:3001/ -> Failed to load resource: net::ERR_CONNECTION_REFUSED
2022-05-25 15:25:05 ERROR    Failure: http://localhost:3001/ -> net::ERR_CONNECTION_REFUSED
2022-05-25 15:25:05 ERROR    Failure: http://localhost:3001/ -> Failed to load resource: net::ERR_CONNECTION_REFUSED
2022-05-25 15:25:36 ERROR    Failure: http://localhost:3001/ -> net::ERR_CONNECTION_REFUSED
2022-05-25 15:25:36 ERROR    Failure: http://localhost:3001/ -> Failed to load resource: net::ERR_CONNECTION_REFUSED
2022-05-25 15:26:06 ERROR    Failure: http://localhost:3001/ -> net::ERR_CONNECTION_REFUSED
2022-05-25 15:26:06 ERROR    Failure: http://localhost:3001/ -> Failed to load resource: net::ERR_CONNECTION_REFUSED
2022-05-25 15:26:36 ERROR    Failure: http://localhost:3001/ -> net::ERR_CONNECTION_REFUSED
2022-05-25 15:26:36 ERROR    Failure: http://localhost:3001/ -> Failed to load resource: net::ERR_CONNECTION_REFUSED
2022-05-25 15:27:06 ERROR    Failure: http://localhost:3001/ -> net::ERR_CONNECTION_REFUSED
2022-05-25 15:27:06 ERROR    Failure: http://localhost:3001/ -> Failed to load resource: net::ERR_CONNECTION_REFUSED
2022-05-25 15:27:22 ERROR    Failure: http://localhost:3001/ -> net::ERR_ADDRESS_UNREACHABLE
2022-05-25 15:27:22 ERROR    Failure: http://localhost:3001/ -> Failed to load resource: net::ERR_ADDRESS_UNREACHABLE
2022-05-25 15:27:37 ERROR    Failure: http://localhost:3001/ -> net::ERR_CONNECTION_REFUSED
2022-05-25 15:27:37 ERROR    Failure: http://localhost:3001/ -> Failed to load resource: net::ERR_CONNECTION_REFUSED
2022-05-25 15:28:07 ERROR    Failure: http://localhost:3001/ -> net::ERR_CONNECTION_REFUSED
2022-05-25 15:28:07 ERROR    Failure: http://localhost:3001/ -> Failed to load resource: net::ERR_CONNECTION_REFUSED
2022-05-25 15:28:37 ERROR    Failure: http://localhost:3001/ -> net::ERR_CONNECTION_REFUSED
2022-05-25 15:28:37 ERROR    Failure: http://localhost:3001/ -> Failed to load resource: net::ERR_CONNECTION_REFUSED
2022-05-25 15:29:07 ERROR    Failure: http://localhost:3001/ -> net::ERR_CONNECTION_REFUSED
2022-05-25 15:29:07 ERROR    Failure: http://localhost:3001/ -> Failed to load resource: net::ERR_CONNECTION_REFUSED
2022-05-25 15:29:38 ERROR    Failure: http://localhost:3001/ -> net::ERR_CONNECTION_REFUSED
2022-05-25 15:29:38 ERROR    Failure: http://localhost:3001/ -> Failed to load resource: net::ERR_CONNECTION_REFUSED
2022-05-25 15:30:08 ERROR    Failure: http://localhost:3001/ -> net::ERR_CONNECTION_REFUSED
2022-05-25 15:30:08 ERROR    Failure: http://localhost:3001/ -> Failed to load resource: net::ERR_CONNECTION_REFUSED
2022-05-25 15:30:23 ERROR    Failure: http://localhost:3001/ -> net::ERR_ADDRESS_UNREACHABLE
2022-05-25 15:30:23 ERROR    Failure: http://localhost:3001/ -> Failed to load resource: net::ERR_ADDRESS_UNREACHABLE
2022-05-25 15:30:38 ERROR    Failure: http://localhost:3001/ -> net::ERR_CONNECTION_REFUSED
2022-05-25 15:30:38 ERROR    Failure: http://localhost:3001/ -> Failed to load resource: net::ERR_CONNECTION_REFUSED
2022-05-25 15:31:08 ERROR    Failure: http://localhost:3001/ -> net::ERR_CONNECTION_REFUSED
2022-05-25 15:31:08 ERROR    Failure: http://localhost:3001/ -> Failed to load resource: net::ERR_CONNECTION_REFUSED
2022-05-25 15:31:39 ERROR    Failure: http://localhost:3001/ -> net::ERR_CONNECTION_REFUSED
2022-05-25 15:31:39 ERROR    Failure: http://localhost:3001/ -> Failed to load resource: net::ERR_CONNECTION_REFUSED
2022-05-25 15:32:09 ERROR    Failure: http://localhost:3001/ -> net::ERR_CONNECTION_REFUSED
2022-05-25 15:32:09 ERROR    Failure: http://localhost:3001/ -> Failed to load resource: net::ERR_CONNECTION_REFUSED
2022-05-25 15:32:39 ERROR    Failure: http://localhost:3001/ -> net::ERR_CONNECTION_REFUSED
2022-05-25 15:32:39 ERROR    Failure: http://localhost:3001/ -> Failed to load resource: net::ERR_CONNECTION_REFUSED
2022-05-25 15:33:09 ERROR    Failure: http://localhost:3001/ -> net::ERR_CONNECTION_REFUSED
2022-05-25 15:33:09 ERROR    Failure: http://localhost:3001/ -> Failed to load resource: net::ERR_CONNECTION_REFUSED
2022-05-25 15:33:09 ERROR    Failure: http://localhost:3001/ -> net::ERR_ADDRESS_UNREACHABLE
2022-05-25 15:33:09 ERROR    Failure: http://localhost:3001/ -> Failed to load resource: net::ERR_ADDRESS_UNREACHABLE
2022-05-25 15:33:40 ERROR    Failure: http://localhost:3001/ -> net::ERR_CONNECTION_REFUSED
2022-05-25 15:33:40 ERROR    Failure: http://localhost:3001/ -> Failed to load resource: net::ERR_CONNECTION_REFUSED
2022-05-25 15:34:10 ERROR    Failure: http://localhost:3001/ -> net::ERR_CONNECTION_REFUSED
2022-05-25 15:34:10 ERROR    Failure: http://localhost:3001/ -> Failed to load resource: net::ERR_CONNECTION_REFUSED
2022-05-25 15:34:40 ERROR    Failure: http://localhost:3001/ -> net::ERR_CONNECTION_REFUSED
2022-05-25 15:34:40 ERROR    Failure: http://localhost:3001/ -> Failed to load resource: net::ERR_CONNECTION_REFUSED
2022-05-25 15:35:10 ERROR    Failure: http://localhost:3001/ -> net::ERR_CONNECTION_REFUSED
2022-05-25 15:35:10 ERROR    Failure: http://localhost:3001/ -> Failed to load resource: net::ERR_CONNECTION_REFUSED
2022-05-25 15:35:18 ERROR    Failure: http://localhost:3001/ -> net::ERR_ADDRESS_UNREACHABLE
2022-05-25 15:35:18 ERROR    Failure: http://localhost:3001/ -> Failed to load resource: net::ERR_ADDRESS_UNREACHABLE
2022-05-25 15:35:41 ERROR    Failure: http://localhost:3001/ -> net::ERR_CONNECTION_REFUSED
2022-05-25 15:35:41 ERROR    Failure: http://localhost:3001/ -> Failed to load resource: net::ERR_CONNECTION_REFUSED
2022-05-25 15:36:11 ERROR    Failure: http://localhost:3001/ -> net::ERR_CONNECTION_REFUSED
2022-05-25 15:36:11 ERROR    Failure: http://localhost:3001/ -> Failed to load resource: net::ERR_CONNECTION_REFUSED
2022-05-25 15:36:41 ERROR    Failure: http://localhost:3001/ -> net::ERR_CONNECTION_REFUSED
2022-05-25 15:36:41 ERROR    Failure: http://localhost:3001/ -> Failed to load resource: net::ERR_CONNECTION_REFUSED
2022-05-25 15:37:11 ERROR    Failure: http://localhost:3001/ -> net::ERR_CONNECTION_REFUSED
2022-05-25 15:37:11 ERROR    Failure: http://localhost:3001/ -> Failed to load resource: net::ERR_CONNECTION_REFUSED
2022-05-25 15:37:42 ERROR    Failure: http://localhost:3001/ -> net::ERR_CONNECTION_REFUSED
2022-05-25 15:37:42 ERROR    Failure: http://localhost:3001/ -> Failed to load resource: net::ERR_CONNECTION_REFUSED
2022-05-25 15:38:12 ERROR    Failure: http://localhost:3001/ -> net::ERR_CONNECTION_REFUSED
2022-05-25 15:38:12 ERROR    Failure: http://localhost:3001/ -> Failed to load resource: net::ERR_CONNECTION_REFUSED
2022-05-25 15:38:42 ERROR    Failure: http://localhost:3001/ -> net::ERR_CONNECTION_REFUSED
2022-05-25 15:38:42 ERROR    Failure: http://localhost:3001/ -> Failed to load resource: net::ERR_CONNECTION_REFUSED
2022-05-25 15:39:13 ERROR    Failure: http://localhost:3001/ -> net::ERR_CONNECTION_REFUSED
2022-05-25 15:39:13 ERROR    Failure: http://localhost:3001/ -> Failed to load resource: net::ERR_CONNECTION_REFUSED
2022-05-25 15:39:43 ERROR    Failure: http://localhost:3001/ -> net::ERR_CONNECTION_REFUSED
2022-05-25 15:39:43 ERROR    Failure: http://localhost:3001/ -> Failed to load resource: net::ERR_CONNECTION_REFUSED
2022-05-25 15:40:13 ERROR    Failure: http://localhost:3001/ -> net::ERR_CONNECTION_REFUSED
2022-05-25 15:40:13 ERROR    Failure: http://localhost:3001/ -> Failed to load resource: net::ERR_CONNECTION_REFUSED
2022-05-25 15:40:43 ERROR    Failure: http://localhost:3001/ -> net::ERR_CONNECTION_REFUSED
2022-05-25 15:40:43 ERROR    Failure: http://localhost:3001/ -> Failed to load resource: net::ERR_CONNECTION_REFUSED
2022-05-25 15:41:14 ERROR    Failure: http://localhost:3001/ -> net::ERR_CONNECTION_REFUSED
2022-05-25 15:41:14 ERROR    Failure: http://localhost:3001/ -> Failed to load resource: net::ERR_CONNECTION_REFUSED
2022-05-25 15:41:44 ERROR    Failure: http://localhost:3001/ -> net::ERR_CONNECTION_REFUSED
2022-05-25 15:41:44 ERROR    Failure: http://localhost:3001/ -> Failed to load resource: net::ERR_CONNECTION_REFUSED
2022-05-25 15:41:44 ERROR    Failure: http://localhost:3001/ -> net::ERR_ADDRESS_UNREACHABLE
2022-05-25 15:41:44 ERROR    Failure: http://localhost:3001/ -> Failed to load resource: net::ERR_ADDRESS_UNREACHABLE
2022-05-25 15:42:14 ERROR    Failure: http://localhost:3001/ -> net::ERR_CONNECTION_REFUSED
2022-05-25 15:42:14 ERROR    Failure: http://localhost:3001/ -> Failed to load resource: net::ERR_CONNECTION_REFUSED
2022-05-25 15:42:44 ERROR    Failure: http://localhost:3001/ -> net::ERR_CONNECTION_REFUSED
2022-05-25 15:42:44 ERROR    Failure: http://localhost:3001/ -> Failed to load resource: net::ERR_CONNECTION_REFUSED
2022-05-25 15:43:15 ERROR    Failure: http://localhost:3001/ -> net::ERR_CONNECTION_REFUSED
2022-05-25 15:43:15 ERROR    Failure: http://localhost:3001/ -> Failed to load resource: net::ERR_CONNECTION_REFUSED
2022-05-25 15:43:45 ERROR    Failure: http://localhost:3001/ -> net::ERR_CONNECTION_REFUSED
2022-05-25 15:43:45 ERROR    Failure: http://localhost:3001/ -> Failed to load resource: net::ERR_CONNECTION_REFUSED
2022-05-25 15:43:45 ERROR    Failure: http://localhost:3001/ -> net::ERR_ADDRESS_UNREACHABLE
2022-05-25 15:43:45 ERROR    Failure: http://localhost:3001/ -> Failed to load resource: net::ERR_ADDRESS_UNREACHABLE
2022-05-25 15:44:15 ERROR    Failure: http://localhost:3001/ -> net::ERR_CONNECTION_REFUSED
2022-05-25 15:44:15 ERROR    Failure: http://localhost:3001/ -> Failed to load resource: net::ERR_CONNECTION_REFUSED
2022-05-25 15:44:46 ERROR    Failure: http://localhost:3001/ -> net::ERR_CONNECTION_REFUSED
2022-05-25 15:44:46 ERROR    Failure: http://localhost:3001/ -> Failed to load resource: net::ERR_CONNECTION_REFUSED
2022-05-25 15:44:51 ERROR    Failure: http://localhost:3001/ -> net::ERR_CONNECTION_REFUSED
2022-05-25 15:44:51 ERROR    Failure: http://localhost:3001/ -> Failed to load resource: net::ERR_CONNECTION_REFUSED
2022-05-25 15:44:56 ERROR    Failure: http://localhost:3001/ -> net::ERR_CONNECTION_REFUSED
2022-05-25 15:44:56 ERROR    Failure: http://localhost:3001/ -> Failed to load resource: net::ERR_CONNECTION_REFUSED
2022-05-25 15:45:03 ERROR    Failure: http://localhost:3001/ -> net::ERR_CONNECTION_REFUSED
2022-05-25 15:45:03 ERROR    Failure: http://localhost:3001/ -> Failed to load resource: net::ERR_CONNECTION_REFUSED
2022-05-25 15:45:12 ERROR    Failure: http://localhost:3001/wallets -> net::ERR_ABORTED
2022-05-25 15:45:15 ERROR    Failure: http://localhost:3001/ -> net::ERR_CONNECTION_REFUSED
2022-05-25 15:45:15 ERROR    Failure: http://localhost:3001/ -> Failed to load resource: net::ERR_CONNECTION_REFUSED
2022-05-25 15:45:19 ERROR    Failure: http://localhost:3001/ -> net::ERR_CONNECTION_REFUSED
2022-05-25 15:45:19 ERROR    Failure: http://localhost:3001/ -> Failed to load resource: net::ERR_CONNECTION_REFUSED
2022-05-25 15:45:28 ERROR    Failure: http://localhost:3001/ -> net::ERR_CONNECTION_REFUSED
2022-05-25 15:45:28 ERROR    Failure: http://localhost:3001/ -> Failed to load resource: net::ERR_CONNECTION_REFUSED
2022-05-25 15:45:32 ERROR    Failure: http://localhost:3001/ -> net::ERR_CONNECTION_REFUSED
2022-05-25 15:45:32 ERROR    Failure: http://localhost:3001/ -> Failed to load resource: net::ERR_CONNECTION_REFUSED
2022-05-25 15:45:37 ERROR    Failure: http://localhost:3001/ -> net::ERR_CONNECTION_REFUSED
2022-05-25 15:45:37 ERROR    Failure: http://localhost:3001/ -> Failed to load resource: net::ERR_CONNECTION_REFUSED
2022-05-25 15:45:40 ERROR    Failure: http://localhost:3001/wallets -> net::ERR_ABORTED
2022-05-25 15:45:46 ERROR    Failure: http://localhost:3001/ -> net::ERR_CONNECTION_REFUSED
2022-05-25 15:45:46 ERROR    Failure: http://localhost:3001/ -> Failed to load resource: net::ERR_CONNECTION_REFUSED
2022-05-25 15:45:56 ERROR    Failure: http://localhost:3001/ -> net::ERR_CONNECTION_REFUSED
2022-05-25 15:45:56 ERROR    Failure: http://localhost:3001/ -> Failed to load resource: net::ERR_CONNECTION_REFUSED
2022-05-25 15:46:01 ERROR    Failure: http://localhost:3001/ -> net::ERR_CONNECTION_REFUSED
2022-05-25 15:46:01 ERROR    Failure: http://localhost:3001/ -> Failed to load resource: net::ERR_CONNECTION_REFUSED
2022-05-25 15:46:11 WARNING  Finished
2022-05-25 15:46:11 WARNING  (Failure Count, Coverage Percentage) : (6, 0.718522074422782)
2022-05-25 15:46:11 ERROR    http://localhost:3001/ -> net::ERR_CONNECTION_REFUSED
2022-05-25 15:46:11 ERROR    http://localhost:3001/ -> Failed to load resource: net::ERR_CONNECTION_REFUSED
2022-05-25 15:46:11 ERROR    http://localhost:3001/wallets -> net::ERR_ABORTED
2022-05-25 15:46:11 ERROR    http://localhost:3001/wallets -> net::ERR_NAME_NOT_RESOLVED
2022-05-25 15:46:11 ERROR    http://localhost:3001/ -> net::ERR_ADDRESS_UNREACHABLE
2022-05-25 15:46:11 ERROR    http://localhost:3001/ -> Failed to load resource: net::ERR_ADDRESS_UNREACHABLE
