2022-05-26 11:24:36 WARNING  Starting
2022-05-26 11:24:43 ERROR    Failure: http://localhost:3001/ -> net::ERR_CONNECTION_REFUSED
2022-05-26 11:24:43 ERROR    Failure: http://localhost:3001/ -> Failed to load resource: net::ERR_CONNECTION_REFUSED
2022-05-26 11:24:49 ERROR    Failure: http://localhost:3001/ -> net::ERR_CONNECTION_REFUSED
2022-05-26 11:24:49 ERROR    Failure: http://localhost:3001/ -> Failed to load resource: net::ERR_CONNECTION_REFUSED
2022-05-26 11:24:58 ERROR    Failure: http://localhost:3001/ -> net::ERR_CONNECTION_REFUSED
2022-05-26 11:24:58 ERROR    Failure: http://localhost:3001/ -> Failed to load resource: net::ERR_CONNECTION_REFUSED
2022-05-26 11:25:02 ERROR    Failure: http://localhost:3001/ -> net::ERR_CONNECTION_REFUSED
2022-05-26 11:25:02 ERROR    Failure: http://localhost:3001/ -> Failed to load resource: net::ERR_CONNECTION_REFUSED
2022-05-26 11:25:05 ERROR    Failure: http://localhost:3001/wallets -> net::ERR_ABORTED
2022-05-26 11:25:09 ERROR    Failure: http://localhost:3001/ -> net::ERR_CONNECTION_REFUSED
2022-05-26 11:25:09 ERROR    Failure: http://localhost:3001/ -> Failed to load resource: net::ERR_CONNECTION_REFUSED
2022-05-26 11:25:15 ERROR    Failure: http://localhost:3001/ -> net::ERR_CONNECTION_REFUSED
2022-05-26 11:25:15 ERROR    Failure: http://localhost:3001/ -> Failed to load resource: net::ERR_CONNECTION_REFUSED
2022-05-26 11:25:22 ERROR    Failure: http://localhost:3001/ -> net::ERR_CONNECTION_REFUSED
2022-05-26 11:25:22 ERROR    Failure: http://localhost:3001/ -> Failed to load resource: net::ERR_CONNECTION_REFUSED
2022-05-26 11:25:26 ERROR    Failure: http://localhost:3001/wallets -> net::ERR_NAME_NOT_RESOLVED
2022-05-26 11:25:26 ERROR    Failure: http://localhost:3001/ -> net::ERR_CONNECTION_REFUSED
2022-05-26 11:25:26 ERROR    Failure: http://localhost:3001/ -> Failed to load resource: net::ERR_CONNECTION_REFUSED
2022-05-26 11:25:33 ERROR    Failure: http://localhost:3001/ -> net::ERR_CONNECTION_REFUSED
2022-05-26 11:25:33 ERROR    Failure: http://localhost:3001/ -> Failed to load resource: net::ERR_CONNECTION_REFUSED
2022-05-26 11:25:36 ERROR    Failure: http://localhost:3001/ -> net::ERR_CONNECTION_REFUSED
2022-05-26 11:25:36 ERROR    Failure: http://localhost:3001/ -> Failed to load resource: net::ERR_CONNECTION_REFUSED
2022-05-26 11:25:42 ERROR    Failure: http://localhost:3001/ -> net::ERR_CONNECTION_REFUSED
2022-05-26 11:25:42 ERROR    Failure: http://localhost:3001/ -> Failed to load resource: net::ERR_CONNECTION_REFUSED
2022-05-26 11:25:51 ERROR    Failure: http://localhost:3001/ -> net::ERR_CONNECTION_REFUSED
2022-05-26 11:25:51 ERROR    Failure: http://localhost:3001/ -> Failed to load resource: net::ERR_CONNECTION_REFUSED
2022-05-26 11:25:57 ERROR    Failure: http://localhost:3001/ -> net::ERR_CONNECTION_REFUSED
2022-05-26 11:25:57 ERROR    Failure: http://localhost:3001/ -> Failed to load resource: net::ERR_CONNECTION_REFUSED
2022-05-26 11:26:04 ERROR    Failure: http://localhost:3001/ -> net::ERR_CONNECTION_REFUSED
2022-05-26 11:26:04 ERROR    Failure: http://localhost:3001/ -> Failed to load resource: net::ERR_CONNECTION_REFUSED
2022-05-26 11:26:10 ERROR    Failure: http://localhost:3001/ -> net::ERR_CONNECTION_REFUSED
2022-05-26 11:26:10 ERROR    Failure: http://localhost:3001/ -> Failed to load resource: net::ERR_CONNECTION_REFUSED
2022-05-26 11:26:20 ERROR    Failure: http://localhost:3001/ -> net::ERR_CONNECTION_REFUSED
2022-05-26 11:26:20 ERROR    Failure: http://localhost:3001/ -> Failed to load resource: net::ERR_CONNECTION_REFUSED
2022-05-26 11:26:25 ERROR    Failure: http://localhost:3001/ -> net::ERR_CONNECTION_REFUSED
2022-05-26 11:26:25 ERROR    Failure: http://localhost:3001/ -> Failed to load resource: net::ERR_CONNECTION_REFUSED
2022-05-26 11:26:32 ERROR    Failure: http://localhost:3001/ -> net::ERR_CONNECTION_REFUSED
2022-05-26 11:26:32 ERROR    Failure: http://localhost:3001/ -> Failed to load resource: net::ERR_CONNECTION_REFUSED
2022-05-26 11:26:34 ERROR    Failure: http://localhost:3001/wallets -> net::ERR_ABORTED
2022-05-26 11:26:37 ERROR    Failure: http://localhost:3001/ -> net::ERR_CONNECTION_REFUSED
2022-05-26 11:26:37 ERROR    Failure: http://localhost:3001/ -> Failed to load resource: net::ERR_CONNECTION_REFUSED
2022-05-26 11:26:43 ERROR    Failure: http://localhost:3001/ -> net::ERR_CONNECTION_REFUSED
2022-05-26 11:26:43 ERROR    Failure: http://localhost:3001/ -> Failed to load resource: net::ERR_CONNECTION_REFUSED
2022-05-26 11:26:48 ERROR    Failure: http://localhost:3001/ -> net::ERR_CONNECTION_REFUSED
2022-05-26 11:26:48 ERROR    Failure: http://localhost:3001/ -> Failed to load resource: net::ERR_CONNECTION_REFUSED
2022-05-26 11:26:54 ERROR    Failure: http://localhost:3001/ -> net::ERR_CONNECTION_REFUSED
2022-05-26 11:26:54 ERROR    Failure: http://localhost:3001/ -> Failed to load resource: net::ERR_CONNECTION_REFUSED
2022-05-26 11:27:00 ERROR    Failure: http://localhost:3001/ -> net::ERR_CONNECTION_REFUSED
2022-05-26 11:27:00 ERROR    Failure: http://localhost:3001/ -> Failed to load resource: net::ERR_CONNECTION_REFUSED
2022-05-26 11:27:05 ERROR    Failure: http://localhost:3001/ -> net::ERR_CONNECTION_REFUSED
2022-05-26 11:27:05 ERROR    Failure: http://localhost:3001/ -> Failed to load resource: net::ERR_CONNECTION_REFUSED
2022-05-26 11:27:12 ERROR    Failure: http://localhost:3001/ -> net::ERR_CONNECTION_REFUSED
2022-05-26 11:27:12 ERROR    Failure: http://localhost:3001/ -> Failed to load resource: net::ERR_CONNECTION_REFUSED
2022-05-26 11:27:19 ERROR    Failure: http://localhost:3001/ -> net::ERR_CONNECTION_REFUSED
2022-05-26 11:27:19 ERROR    Failure: http://localhost:3001/ -> Failed to load resource: net::ERR_CONNECTION_REFUSED
2022-05-26 11:27:26 ERROR    Failure: http://localhost:3001/ -> net::ERR_CONNECTION_REFUSED
2022-05-26 11:27:26 ERROR    Failure: http://localhost:3001/ -> Failed to load resource: net::ERR_CONNECTION_REFUSED
2022-05-26 11:27:30 ERROR    Failure: http://localhost:3001/ -> net::ERR_CONNECTION_REFUSED
2022-05-26 11:27:30 ERROR    Failure: http://localhost:3001/ -> Failed to load resource: net::ERR_CONNECTION_REFUSED
2022-05-26 11:27:38 ERROR    Failure: http://localhost:3001/ -> net::ERR_CONNECTION_REFUSED
2022-05-26 11:27:38 ERROR    Failure: http://localhost:3001/ -> Failed to load resource: net::ERR_CONNECTION_REFUSED
2022-05-26 11:27:45 ERROR    Failure: http://localhost:3001/ -> net::ERR_CONNECTION_REFUSED
2022-05-26 11:27:45 ERROR    Failure: http://localhost:3001/ -> Failed to load resource: net::ERR_CONNECTION_REFUSED
2022-05-26 11:27:51 ERROR    Failure: http://localhost:3001/ -> net::ERR_CONNECTION_REFUSED
2022-05-26 11:27:51 ERROR    Failure: http://localhost:3001/ -> Failed to load resource: net::ERR_CONNECTION_REFUSED
2022-05-26 11:27:55 ERROR    Failure: http://localhost:3001/ -> net::ERR_CONNECTION_REFUSED
2022-05-26 11:27:55 ERROR    Failure: http://localhost:3001/ -> Failed to load resource: net::ERR_CONNECTION_REFUSED
2022-05-26 11:28:03 ERROR    Failure: http://localhost:3001/ -> net::ERR_CONNECTION_REFUSED
2022-05-26 11:28:03 ERROR    Failure: http://localhost:3001/ -> Failed to load resource: net::ERR_CONNECTION_REFUSED
2022-05-26 11:28:07 ERROR    Failure: http://localhost:3001/ -> net::ERR_CONNECTION_REFUSED
2022-05-26 11:28:07 ERROR    Failure: http://localhost:3001/ -> Failed to load resource: net::ERR_CONNECTION_REFUSED
2022-05-26 11:28:19 ERROR    Failure: http://localhost:3001/ -> net::ERR_CONNECTION_REFUSED
2022-05-26 11:28:19 ERROR    Failure: http://localhost:3001/ -> Failed to load resource: net::ERR_CONNECTION_REFUSED
2022-05-26 11:28:25 ERROR    Failure: http://localhost:3001/ -> net::ERR_CONNECTION_REFUSED
2022-05-26 11:28:25 ERROR    Failure: http://localhost:3001/ -> Failed to load resource: net::ERR_CONNECTION_REFUSED
2022-05-26 11:28:28 ERROR    Failure: http://localhost:3001/ -> net::ERR_CONNECTION_REFUSED
2022-05-26 11:28:28 ERROR    Failure: http://localhost:3001/ -> Failed to load resource: net::ERR_CONNECTION_REFUSED
2022-05-26 11:28:35 ERROR    Failure: http://localhost:3001/ -> net::ERR_CONNECTION_REFUSED
2022-05-26 11:28:35 ERROR    Failure: http://localhost:3001/ -> Failed to load resource: net::ERR_CONNECTION_REFUSED
2022-05-26 11:28:46 ERROR    Failure: http://localhost:3001/ -> net::ERR_CONNECTION_REFUSED
2022-05-26 11:28:46 ERROR    Failure: http://localhost:3001/ -> Failed to load resource: net::ERR_CONNECTION_REFUSED
2022-05-26 11:28:56 ERROR    Failure: http://localhost:3001/ -> net::ERR_CONNECTION_REFUSED
2022-05-26 11:28:56 ERROR    Failure: http://localhost:3001/ -> Failed to load resource: net::ERR_CONNECTION_REFUSED
2022-05-26 11:29:00 ERROR    Failure: http://localhost:3001/ -> net::ERR_CONNECTION_REFUSED
2022-05-26 11:29:00 ERROR    Failure: http://localhost:3001/ -> Failed to load resource: net::ERR_CONNECTION_REFUSED
2022-05-26 11:29:07 ERROR    Failure: http://localhost:3001/ -> net::ERR_CONNECTION_REFUSED
2022-05-26 11:29:07 ERROR    Failure: http://localhost:3001/ -> Failed to load resource: net::ERR_CONNECTION_REFUSED
2022-05-26 11:29:13 ERROR    Failure: http://localhost:3001/wallets -> net::ERR_ABORTED
2022-05-26 11:29:16 ERROR    Failure: http://localhost:3001/ -> net::ERR_CONNECTION_REFUSED
2022-05-26 11:29:16 ERROR    Failure: http://localhost:3001/ -> Failed to load resource: net::ERR_CONNECTION_REFUSED
2022-05-26 11:29:20 ERROR    Failure: http://localhost:3001/ -> net::ERR_CONNECTION_REFUSED
2022-05-26 11:29:20 ERROR    Failure: http://localhost:3001/ -> Failed to load resource: net::ERR_CONNECTION_REFUSED
2022-05-26 11:29:28 ERROR    Failure: http://localhost:3001/ -> net::ERR_CONNECTION_REFUSED
2022-05-26 11:29:28 ERROR    Failure: http://localhost:3001/ -> Failed to load resource: net::ERR_CONNECTION_REFUSED
2022-05-26 11:29:34 ERROR    Failure: http://localhost:3001/ -> net::ERR_CONNECTION_REFUSED
2022-05-26 11:29:34 ERROR    Failure: http://localhost:3001/ -> Failed to load resource: net::ERR_CONNECTION_REFUSED
2022-05-26 11:29:40 ERROR    Failure: http://localhost:3001/ -> net::ERR_CONNECTION_REFUSED
2022-05-26 11:29:40 ERROR    Failure: http://localhost:3001/ -> Failed to load resource: net::ERR_CONNECTION_REFUSED
2022-05-26 11:29:46 ERROR    Failure: http://localhost:3001/ -> net::ERR_CONNECTION_REFUSED
2022-05-26 11:29:46 ERROR    Failure: http://localhost:3001/ -> Failed to load resource: net::ERR_CONNECTION_REFUSED
2022-05-26 11:29:57 ERROR    Failure: http://localhost:3001/ -> net::ERR_CONNECTION_REFUSED
2022-05-26 11:29:57 ERROR    Failure: http://localhost:3001/ -> Failed to load resource: net::ERR_CONNECTION_REFUSED
2022-05-26 11:30:03 ERROR    Failure: http://localhost:3001/ -> net::ERR_CONNECTION_REFUSED
2022-05-26 11:30:03 ERROR    Failure: http://localhost:3001/ -> Failed to load resource: net::ERR_CONNECTION_REFUSED
2022-05-26 11:30:13 ERROR    Failure: http://localhost:3001/ -> net::ERR_CONNECTION_REFUSED
2022-05-26 11:30:13 ERROR    Failure: http://localhost:3001/ -> Failed to load resource: net::ERR_CONNECTION_REFUSED
2022-05-26 11:30:16 ERROR    Failure: http://localhost:3001/ -> net::ERR_CONNECTION_REFUSED
2022-05-26 11:30:16 ERROR    Failure: http://localhost:3001/ -> Failed to load resource: net::ERR_CONNECTION_REFUSED
2022-05-26 11:30:20 ERROR    Failure: http://localhost:3001/ -> net::ERR_CONNECTION_REFUSED
2022-05-26 11:30:20 ERROR    Failure: http://localhost:3001/ -> Failed to load resource: net::ERR_CONNECTION_REFUSED
2022-05-26 11:30:24 ERROR    Failure: http://localhost:3001/ -> net::ERR_CONNECTION_REFUSED
2022-05-26 11:30:24 ERROR    Failure: http://localhost:3001/ -> Failed to load resource: net::ERR_CONNECTION_REFUSED
2022-05-26 11:30:28 ERROR    Failure: http://localhost:3001/ -> net::ERR_CONNECTION_REFUSED
2022-05-26 11:30:28 ERROR    Failure: http://localhost:3001/ -> Failed to load resource: net::ERR_CONNECTION_REFUSED
2022-05-26 11:30:39 ERROR    Failure: http://localhost:3001/ -> net::ERR_CONNECTION_REFUSED
2022-05-26 11:30:39 ERROR    Failure: http://localhost:3001/ -> Failed to load resource: net::ERR_CONNECTION_REFUSED
2022-05-26 11:30:47 ERROR    Failure: http://localhost:3001/ -> net::ERR_CONNECTION_REFUSED
2022-05-26 11:30:47 ERROR    Failure: http://localhost:3001/ -> Failed to load resource: net::ERR_CONNECTION_REFUSED
2022-05-26 11:31:00 ERROR    Failure: http://localhost:3001/ -> net::ERR_CONNECTION_REFUSED
2022-05-26 11:31:00 ERROR    Failure: http://localhost:3001/ -> Failed to load resource: net::ERR_CONNECTION_REFUSED
2022-05-26 11:31:05 ERROR    Failure: http://localhost:3001/ -> net::ERR_CONNECTION_REFUSED
2022-05-26 11:31:05 ERROR    Failure: http://localhost:3001/ -> Failed to load resource: net::ERR_CONNECTION_REFUSED
2022-05-26 11:31:09 ERROR    Failure: http://localhost:3001/ -> net::ERR_CONNECTION_REFUSED
2022-05-26 11:31:09 ERROR    Failure: http://localhost:3001/ -> Failed to load resource: net::ERR_CONNECTION_REFUSED
2022-05-26 11:31:13 ERROR    Failure: http://localhost:3001/ -> net::ERR_CONNECTION_REFUSED
2022-05-26 11:31:13 ERROR    Failure: http://localhost:3001/ -> Failed to load resource: net::ERR_CONNECTION_REFUSED
2022-05-26 11:31:20 ERROR    Failure: http://localhost:3001/ -> net::ERR_CONNECTION_REFUSED
2022-05-26 11:31:20 ERROR    Failure: http://localhost:3001/ -> Failed to load resource: net::ERR_CONNECTION_REFUSED
2022-05-26 11:31:27 ERROR    Failure: http://localhost:3001/ -> net::ERR_CONNECTION_REFUSED
2022-05-26 11:31:27 ERROR    Failure: http://localhost:3001/ -> Failed to load resource: net::ERR_CONNECTION_REFUSED
2022-05-26 11:31:34 ERROR    Failure: http://localhost:3001/ -> net::ERR_CONNECTION_REFUSED
2022-05-26 11:31:34 ERROR    Failure: http://localhost:3001/ -> Failed to load resource: net::ERR_CONNECTION_REFUSED
2022-05-26 11:31:41 ERROR    Failure: http://localhost:3001/ -> net::ERR_CONNECTION_REFUSED
2022-05-26 11:31:41 ERROR    Failure: http://localhost:3001/ -> Failed to load resource: net::ERR_CONNECTION_REFUSED
2022-05-26 11:31:47 ERROR    Failure: http://localhost:3001/ -> net::ERR_CONNECTION_REFUSED
2022-05-26 11:31:47 ERROR    Failure: http://localhost:3001/ -> Failed to load resource: net::ERR_CONNECTION_REFUSED
2022-05-26 11:31:54 ERROR    Failure: http://localhost:3001/ -> net::ERR_CONNECTION_REFUSED
2022-05-26 11:31:54 ERROR    Failure: http://localhost:3001/ -> Failed to load resource: net::ERR_CONNECTION_REFUSED
2022-05-26 11:32:03 ERROR    Failure: http://localhost:3001/ -> net::ERR_CONNECTION_REFUSED
2022-05-26 11:32:03 ERROR    Failure: http://localhost:3001/ -> Failed to load resource: net::ERR_CONNECTION_REFUSED
2022-05-26 11:32:09 ERROR    Failure: http://localhost:3001/ -> net::ERR_CONNECTION_REFUSED
2022-05-26 11:32:09 ERROR    Failure: http://localhost:3001/ -> Failed to load resource: net::ERR_CONNECTION_REFUSED
2022-05-26 11:32:14 ERROR    Failure: http://localhost:3001/ -> net::ERR_CONNECTION_REFUSED
2022-05-26 11:32:14 ERROR    Failure: http://localhost:3001/ -> Failed to load resource: net::ERR_CONNECTION_REFUSED
2022-05-26 11:32:19 ERROR    Failure: http://localhost:3001/ -> net::ERR_CONNECTION_REFUSED
2022-05-26 11:32:19 ERROR    Failure: http://localhost:3001/ -> Failed to load resource: net::ERR_CONNECTION_REFUSED
2022-05-26 11:32:29 ERROR    Failure: http://localhost:3001/ -> net::ERR_CONNECTION_REFUSED
2022-05-26 11:32:29 ERROR    Failure: http://localhost:3001/ -> Failed to load resource: net::ERR_CONNECTION_REFUSED
2022-05-26 11:32:34 ERROR    Failure: http://localhost:3001/ -> net::ERR_CONNECTION_REFUSED
2022-05-26 11:32:34 ERROR    Failure: http://localhost:3001/ -> Failed to load resource: net::ERR_CONNECTION_REFUSED
2022-05-26 11:32:39 ERROR    Failure: http://localhost:3001/wallets -> net::ERR_ABORTED
2022-05-26 11:32:41 ERROR    Failure: http://localhost:3001/ -> net::ERR_CONNECTION_REFUSED
2022-05-26 11:32:41 ERROR    Failure: http://localhost:3001/ -> Failed to load resource: net::ERR_CONNECTION_REFUSED
2022-05-26 11:32:44 ERROR    Failure: http://localhost:3001/ -> net::ERR_CONNECTION_REFUSED
2022-05-26 11:32:44 ERROR    Failure: http://localhost:3001/ -> Failed to load resource: net::ERR_CONNECTION_REFUSED
2022-05-26 11:32:56 ERROR    Failure: http://localhost:3001/ -> net::ERR_CONNECTION_REFUSED
2022-05-26 11:32:56 ERROR    Failure: http://localhost:3001/ -> Failed to load resource: net::ERR_CONNECTION_REFUSED
2022-05-26 11:33:04 ERROR    Failure: http://localhost:3001/ -> net::ERR_CONNECTION_REFUSED
2022-05-26 11:33:04 ERROR    Failure: http://localhost:3001/ -> Failed to load resource: net::ERR_CONNECTION_REFUSED
2022-05-26 11:33:10 ERROR    Failure: http://localhost:3001/ -> net::ERR_CONNECTION_REFUSED
2022-05-26 11:33:10 ERROR    Failure: http://localhost:3001/ -> Failed to load resource: net::ERR_CONNECTION_REFUSED
2022-05-26 11:33:19 ERROR    Failure: http://localhost:3001/ -> net::ERR_CONNECTION_REFUSED
2022-05-26 11:33:19 ERROR    Failure: http://localhost:3001/ -> Failed to load resource: net::ERR_CONNECTION_REFUSED
2022-05-26 11:33:26 ERROR    Failure: http://localhost:3001/ -> net::ERR_CONNECTION_REFUSED
2022-05-26 11:33:26 ERROR    Failure: http://localhost:3001/ -> Failed to load resource: net::ERR_CONNECTION_REFUSED
2022-05-26 11:33:33 ERROR    Failure: http://localhost:3001/ -> net::ERR_CONNECTION_REFUSED
2022-05-26 11:33:33 ERROR    Failure: http://localhost:3001/ -> Failed to load resource: net::ERR_CONNECTION_REFUSED
2022-05-26 11:33:39 ERROR    Failure: http://localhost:3001/ -> net::ERR_CONNECTION_REFUSED
2022-05-26 11:33:39 ERROR    Failure: http://localhost:3001/ -> Failed to load resource: net::ERR_CONNECTION_REFUSED
2022-05-26 11:33:44 ERROR    Failure: http://localhost:3001/ -> net::ERR_CONNECTION_REFUSED
2022-05-26 11:33:44 ERROR    Failure: http://localhost:3001/ -> Failed to load resource: net::ERR_CONNECTION_REFUSED
2022-05-26 11:33:53 ERROR    Failure: http://localhost:3001/ -> net::ERR_CONNECTION_REFUSED
2022-05-26 11:33:53 ERROR    Failure: http://localhost:3001/ -> Failed to load resource: net::ERR_CONNECTION_REFUSED
2022-05-26 11:34:00 ERROR    Failure: http://localhost:3001/ -> net::ERR_CONNECTION_REFUSED
2022-05-26 11:34:00 ERROR    Failure: http://localhost:3001/ -> Failed to load resource: net::ERR_CONNECTION_REFUSED
2022-05-26 11:34:10 ERROR    Failure: http://localhost:3001/ -> net::ERR_CONNECTION_REFUSED
2022-05-26 11:34:10 ERROR    Failure: http://localhost:3001/ -> Failed to load resource: net::ERR_CONNECTION_REFUSED
2022-05-26 11:34:16 ERROR    Failure: http://localhost:3001/ -> net::ERR_CONNECTION_REFUSED
2022-05-26 11:34:16 ERROR    Failure: http://localhost:3001/ -> Failed to load resource: net::ERR_CONNECTION_REFUSED
2022-05-26 11:34:23 ERROR    Failure: http://localhost:3001/ -> net::ERR_CONNECTION_REFUSED
2022-05-26 11:34:23 ERROR    Failure: http://localhost:3001/ -> Failed to load resource: net::ERR_CONNECTION_REFUSED
2022-05-26 11:34:29 ERROR    Failure: http://localhost:3001/ -> net::ERR_CONNECTION_REFUSED
2022-05-26 11:34:29 ERROR    Failure: http://localhost:3001/ -> Failed to load resource: net::ERR_CONNECTION_REFUSED
2022-05-26 11:34:34 ERROR    Failure: http://localhost:3001/ -> net::ERR_CONNECTION_REFUSED
2022-05-26 11:34:34 ERROR    Failure: http://localhost:3001/ -> Failed to load resource: net::ERR_CONNECTION_REFUSED
2022-05-26 11:34:40 ERROR    Failure: http://localhost:3001/ -> net::ERR_CONNECTION_REFUSED
2022-05-26 11:34:40 ERROR    Failure: http://localhost:3001/ -> Failed to load resource: net::ERR_CONNECTION_REFUSED
2022-05-26 11:34:46 ERROR    Failure: http://localhost:3001/ -> net::ERR_CONNECTION_REFUSED
2022-05-26 11:34:46 ERROR    Failure: http://localhost:3001/ -> Failed to load resource: net::ERR_CONNECTION_REFUSED
2022-05-26 11:34:54 ERROR    Failure: http://localhost:3001/ -> net::ERR_CONNECTION_REFUSED
2022-05-26 11:34:54 ERROR    Failure: http://localhost:3001/ -> Failed to load resource: net::ERR_CONNECTION_REFUSED
2022-05-26 11:34:59 ERROR    Failure: http://localhost:3001/ -> net::ERR_CONNECTION_REFUSED
2022-05-26 11:34:59 ERROR    Failure: http://localhost:3001/ -> Failed to load resource: net::ERR_CONNECTION_REFUSED
2022-05-26 11:35:07 ERROR    Failure: http://localhost:3001/ -> net::ERR_CONNECTION_REFUSED
2022-05-26 11:35:07 ERROR    Failure: http://localhost:3001/ -> Failed to load resource: net::ERR_CONNECTION_REFUSED
2022-05-26 11:35:15 ERROR    Failure: http://localhost:3001/ -> net::ERR_CONNECTION_REFUSED
2022-05-26 11:35:15 ERROR    Failure: http://localhost:3001/ -> Failed to load resource: net::ERR_CONNECTION_REFUSED
2022-05-26 11:35:19 ERROR    Failure: http://localhost:3001/ -> net::ERR_CONNECTION_REFUSED
2022-05-26 11:35:19 ERROR    Failure: http://localhost:3001/ -> Failed to load resource: net::ERR_CONNECTION_REFUSED
2022-05-26 11:35:23 ERROR    Failure: http://localhost:3001/ -> net::ERR_CONNECTION_REFUSED
2022-05-26 11:35:23 ERROR    Failure: http://localhost:3001/ -> Failed to load resource: net::ERR_CONNECTION_REFUSED
2022-05-26 11:35:30 ERROR    Failure: http://localhost:3001/ -> net::ERR_CONNECTION_REFUSED
2022-05-26 11:35:30 ERROR    Failure: http://localhost:3001/ -> Failed to load resource: net::ERR_CONNECTION_REFUSED
2022-05-26 11:35:38 ERROR    Failure: http://localhost:3001/ -> net::ERR_CONNECTION_REFUSED
2022-05-26 11:35:38 ERROR    Failure: http://localhost:3001/ -> Failed to load resource: net::ERR_CONNECTION_REFUSED
2022-05-26 11:35:44 ERROR    Failure: http://localhost:3001/ -> net::ERR_CONNECTION_REFUSED
2022-05-26 11:35:44 ERROR    Failure: http://localhost:3001/ -> Failed to load resource: net::ERR_CONNECTION_REFUSED
2022-05-26 11:35:51 ERROR    Failure: http://localhost:3001/ -> net::ERR_CONNECTION_REFUSED
2022-05-26 11:35:51 ERROR    Failure: http://localhost:3001/ -> Failed to load resource: net::ERR_CONNECTION_REFUSED
2022-05-26 11:35:58 ERROR    Failure: http://localhost:3001/ -> net::ERR_CONNECTION_REFUSED
2022-05-26 11:35:58 ERROR    Failure: http://localhost:3001/ -> Failed to load resource: net::ERR_CONNECTION_REFUSED
2022-05-26 11:36:03 ERROR    Failure: http://localhost:3001/plans -> net::ERR_NAME_NOT_RESOLVED
2022-05-26 11:36:03 ERROR    Failure: http://localhost:3001/ -> net::ERR_CONNECTION_REFUSED
2022-05-26 11:36:03 ERROR    Failure: http://localhost:3001/ -> Failed to load resource: net::ERR_CONNECTION_REFUSED
2022-05-26 11:36:07 ERROR    Failure: http://localhost:3001/wallets -> net::ERR_ABORTED
2022-05-26 11:36:11 ERROR    Failure: http://localhost:3001/ -> net::ERR_CONNECTION_REFUSED
2022-05-26 11:36:11 ERROR    Failure: http://localhost:3001/ -> Failed to load resource: net::ERR_CONNECTION_REFUSED
2022-05-26 11:36:18 ERROR    Failure: http://localhost:3001/ -> net::ERR_CONNECTION_REFUSED
2022-05-26 11:36:18 ERROR    Failure: http://localhost:3001/ -> Failed to load resource: net::ERR_CONNECTION_REFUSED
2022-05-26 11:36:25 ERROR    Failure: http://localhost:3001/ -> net::ERR_CONNECTION_REFUSED
2022-05-26 11:36:25 ERROR    Failure: http://localhost:3001/ -> Failed to load resource: net::ERR_CONNECTION_REFUSED
2022-05-26 11:36:31 ERROR    Failure: http://localhost:3001/ -> net::ERR_CONNECTION_REFUSED
2022-05-26 11:36:31 ERROR    Failure: http://localhost:3001/ -> Failed to load resource: net::ERR_CONNECTION_REFUSED
2022-05-26 11:36:37 ERROR    Failure: http://localhost:3001/ -> net::ERR_CONNECTION_REFUSED
2022-05-26 11:36:37 ERROR    Failure: http://localhost:3001/ -> Failed to load resource: net::ERR_CONNECTION_REFUSED
2022-05-26 11:36:44 ERROR    Failure: http://localhost:3001/ -> net::ERR_CONNECTION_REFUSED
2022-05-26 11:36:44 ERROR    Failure: http://localhost:3001/ -> Failed to load resource: net::ERR_CONNECTION_REFUSED
2022-05-26 11:36:49 ERROR    Failure: http://localhost:3001/ -> net::ERR_CONNECTION_REFUSED
2022-05-26 11:36:49 ERROR    Failure: http://localhost:3001/ -> Failed to load resource: net::ERR_CONNECTION_REFUSED
2022-05-26 11:36:54 ERROR    Failure: http://localhost:3001/ -> net::ERR_CONNECTION_REFUSED
2022-05-26 11:36:54 ERROR    Failure: http://localhost:3001/ -> Failed to load resource: net::ERR_CONNECTION_REFUSED
2022-05-26 11:37:00 ERROR    Failure: http://localhost:3001/ -> net::ERR_CONNECTION_REFUSED
2022-05-26 11:37:00 ERROR    Failure: http://localhost:3001/ -> Failed to load resource: net::ERR_CONNECTION_REFUSED
2022-05-26 11:37:08 ERROR    Failure: http://localhost:3001/ -> net::ERR_CONNECTION_REFUSED
2022-05-26 11:37:08 ERROR    Failure: http://localhost:3001/ -> Failed to load resource: net::ERR_CONNECTION_REFUSED
2022-05-26 11:37:11 WARNING  redoing process
2022-05-26 11:37:12 ERROR    Failure: http://localhost:3001/ -> net::ERR_CONNECTION_REFUSED
2022-05-26 11:37:12 ERROR    Failure: http://localhost:3001/ -> Failed to load resource: net::ERR_CONNECTION_REFUSED
2022-05-26 11:37:16 ERROR    Failure: http://localhost:3001/ -> net::ERR_CONNECTION_REFUSED
2022-05-26 11:37:16 ERROR    Failure: http://localhost:3001/ -> Failed to load resource: net::ERR_CONNECTION_REFUSED
2022-05-26 11:37:21 ERROR    Failure: http://localhost:3001/ -> net::ERR_CONNECTION_REFUSED
2022-05-26 11:37:21 ERROR    Failure: http://localhost:3001/ -> Failed to load resource: net::ERR_CONNECTION_REFUSED
2022-05-26 11:37:24 ERROR    Failure: http://localhost:3001/wallets -> net::ERR_ABORTED
2022-05-26 11:37:25 ERROR    Failure: http://localhost:3001/ -> net::ERR_CONNECTION_REFUSED
2022-05-26 11:37:25 ERROR    Failure: http://localhost:3001/ -> Failed to load resource: net::ERR_CONNECTION_REFUSED
2022-05-26 11:37:36 ERROR    Failure: http://localhost:3001/ -> net::ERR_CONNECTION_REFUSED
2022-05-26 11:37:36 ERROR    Failure: http://localhost:3001/ -> Failed to load resource: net::ERR_CONNECTION_REFUSED
2022-05-26 11:37:45 ERROR    Failure: http://localhost:3001/ -> net::ERR_CONNECTION_REFUSED
2022-05-26 11:37:45 ERROR    Failure: http://localhost:3001/ -> Failed to load resource: net::ERR_CONNECTION_REFUSED
2022-05-26 11:37:50 ERROR    Failure: http://localhost:3001/ -> net::ERR_CONNECTION_REFUSED
2022-05-26 11:37:50 ERROR    Failure: http://localhost:3001/ -> Failed to load resource: net::ERR_CONNECTION_REFUSED
2022-05-26 11:37:56 ERROR    Failure: http://localhost:3001/ -> net::ERR_CONNECTION_REFUSED
2022-05-26 11:37:56 ERROR    Failure: http://localhost:3001/ -> Failed to load resource: net::ERR_CONNECTION_REFUSED
2022-05-26 11:38:03 ERROR    Failure: http://localhost:3001/ -> net::ERR_CONNECTION_REFUSED
2022-05-26 11:38:03 ERROR    Failure: http://localhost:3001/ -> Failed to load resource: net::ERR_CONNECTION_REFUSED
2022-05-26 11:38:10 ERROR    Failure: http://localhost:3001/ -> net::ERR_CONNECTION_REFUSED
2022-05-26 11:38:10 ERROR    Failure: http://localhost:3001/ -> Failed to load resource: net::ERR_CONNECTION_REFUSED
2022-05-26 11:38:17 ERROR    Failure: http://localhost:3001/ -> net::ERR_CONNECTION_REFUSED
2022-05-26 11:38:17 ERROR    Failure: http://localhost:3001/ -> Failed to load resource: net::ERR_CONNECTION_REFUSED
2022-05-26 11:38:23 ERROR    Failure: http://localhost:3001/ -> net::ERR_CONNECTION_REFUSED
2022-05-26 11:38:23 ERROR    Failure: http://localhost:3001/ -> Failed to load resource: net::ERR_CONNECTION_REFUSED
2022-05-26 11:38:29 ERROR    Failure: http://localhost:3001/ -> net::ERR_CONNECTION_REFUSED
2022-05-26 11:38:29 ERROR    Failure: http://localhost:3001/ -> Failed to load resource: net::ERR_CONNECTION_REFUSED
2022-05-26 11:38:35 ERROR    Failure: http://localhost:3001/ -> net::ERR_CONNECTION_REFUSED
2022-05-26 11:38:35 ERROR    Failure: http://localhost:3001/ -> Failed to load resource: net::ERR_CONNECTION_REFUSED
2022-05-26 11:38:41 ERROR    Failure: http://localhost:3001/ -> net::ERR_CONNECTION_REFUSED
2022-05-26 11:38:41 ERROR    Failure: http://localhost:3001/ -> Failed to load resource: net::ERR_CONNECTION_REFUSED
2022-05-26 11:38:47 ERROR    Failure: http://localhost:3001/ -> net::ERR_CONNECTION_REFUSED
2022-05-26 11:38:47 ERROR    Failure: http://localhost:3001/ -> Failed to load resource: net::ERR_CONNECTION_REFUSED
2022-05-26 11:38:52 ERROR    Failure: http://localhost:3001/ -> net::ERR_CONNECTION_REFUSED
2022-05-26 11:38:52 ERROR    Failure: http://localhost:3001/ -> Failed to load resource: net::ERR_CONNECTION_REFUSED
2022-05-26 11:38:59 ERROR    Failure: http://localhost:3001/ -> net::ERR_CONNECTION_REFUSED
2022-05-26 11:38:59 ERROR    Failure: http://localhost:3001/ -> Failed to load resource: net::ERR_CONNECTION_REFUSED
2022-05-26 11:39:03 ERROR    Failure: http://localhost:3001/ -> net::ERR_CONNECTION_REFUSED
2022-05-26 11:39:03 ERROR    Failure: http://localhost:3001/ -> Failed to load resource: net::ERR_CONNECTION_REFUSED
2022-05-26 11:39:07 ERROR    Failure: http://localhost:3001/ -> net::ERR_CONNECTION_REFUSED
2022-05-26 11:39:07 ERROR    Failure: http://localhost:3001/ -> Failed to load resource: net::ERR_CONNECTION_REFUSED
2022-05-26 11:39:18 ERROR    Failure: http://localhost:3001/ -> net::ERR_CONNECTION_REFUSED
2022-05-26 11:39:18 ERROR    Failure: http://localhost:3001/ -> Failed to load resource: net::ERR_CONNECTION_REFUSED
2022-05-26 11:39:26 ERROR    Failure: http://localhost:3001/ -> net::ERR_CONNECTION_REFUSED
2022-05-26 11:39:26 ERROR    Failure: http://localhost:3001/ -> Failed to load resource: net::ERR_CONNECTION_REFUSED
2022-05-26 11:39:37 ERROR    Failure: http://localhost:3001/ -> net::ERR_CONNECTION_REFUSED
2022-05-26 11:39:37 ERROR    Failure: http://localhost:3001/ -> Failed to load resource: net::ERR_CONNECTION_REFUSED
2022-05-26 11:39:46 ERROR    Failure: http://localhost:3001/ -> net::ERR_CONNECTION_REFUSED
2022-05-26 11:39:46 ERROR    Failure: http://localhost:3001/ -> Failed to load resource: net::ERR_CONNECTION_REFUSED
2022-05-26 11:39:53 ERROR    Failure: http://localhost:3001/ -> net::ERR_CONNECTION_REFUSED
2022-05-26 11:39:53 ERROR    Failure: http://localhost:3001/ -> Failed to load resource: net::ERR_CONNECTION_REFUSED
2022-05-26 11:39:58 ERROR    Failure: http://localhost:3001/ -> net::ERR_CONNECTION_REFUSED
2022-05-26 11:39:58 ERROR    Failure: http://localhost:3001/ -> Failed to load resource: net::ERR_CONNECTION_REFUSED
2022-05-26 11:40:04 ERROR    Failure: http://localhost:3001/ -> net::ERR_CONNECTION_REFUSED
2022-05-26 11:40:04 ERROR    Failure: http://localhost:3001/ -> Failed to load resource: net::ERR_CONNECTION_REFUSED
2022-05-26 11:40:10 ERROR    Failure: http://localhost:3001/ -> net::ERR_CONNECTION_REFUSED
2022-05-26 11:40:10 ERROR    Failure: http://localhost:3001/ -> Failed to load resource: net::ERR_CONNECTION_REFUSED
2022-05-26 11:40:17 ERROR    Failure: http://localhost:3001/ -> net::ERR_CONNECTION_REFUSED
2022-05-26 11:40:17 ERROR    Failure: http://localhost:3001/ -> Failed to load resource: net::ERR_CONNECTION_REFUSED
2022-05-26 11:40:24 ERROR    Failure: http://localhost:3001/ -> net::ERR_CONNECTION_REFUSED
2022-05-26 11:40:24 ERROR    Failure: http://localhost:3001/ -> Failed to load resource: net::ERR_CONNECTION_REFUSED
2022-05-26 11:40:31 ERROR    Failure: http://localhost:3001/ -> net::ERR_CONNECTION_REFUSED
2022-05-26 11:40:31 ERROR    Failure: http://localhost:3001/ -> Failed to load resource: net::ERR_CONNECTION_REFUSED
2022-05-26 11:40:37 ERROR    Failure: http://localhost:3001/ -> net::ERR_CONNECTION_REFUSED
2022-05-26 11:40:37 ERROR    Failure: http://localhost:3001/ -> Failed to load resource: net::ERR_CONNECTION_REFUSED
2022-05-26 11:40:46 ERROR    Failure: http://localhost:3001/ -> net::ERR_CONNECTION_REFUSED
2022-05-26 11:40:46 ERROR    Failure: http://localhost:3001/ -> Failed to load resource: net::ERR_CONNECTION_REFUSED
2022-05-26 11:40:49 ERROR    Failure: http://localhost:3001/ -> net::ERR_CONNECTION_REFUSED
2022-05-26 11:40:49 ERROR    Failure: http://localhost:3001/ -> Failed to load resource: net::ERR_CONNECTION_REFUSED
2022-05-26 11:40:55 ERROR    Failure: http://localhost:3001/ -> net::ERR_CONNECTION_REFUSED
2022-05-26 11:40:55 ERROR    Failure: http://localhost:3001/ -> Failed to load resource: net::ERR_CONNECTION_REFUSED
2022-05-26 11:41:01 ERROR    Failure: http://localhost:3001/ -> net::ERR_CONNECTION_REFUSED
2022-05-26 11:41:01 ERROR    Failure: http://localhost:3001/ -> Failed to load resource: net::ERR_CONNECTION_REFUSED
2022-05-26 11:41:07 ERROR    Failure: http://localhost:3001/ -> net::ERR_CONNECTION_REFUSED
2022-05-26 11:41:07 ERROR    Failure: http://localhost:3001/ -> Failed to load resource: net::ERR_CONNECTION_REFUSED
2022-05-26 11:41:17 ERROR    Failure: http://localhost:3001/ -> net::ERR_CONNECTION_REFUSED
2022-05-26 11:41:17 ERROR    Failure: http://localhost:3001/ -> Failed to load resource: net::ERR_CONNECTION_REFUSED
2022-05-26 11:41:20 ERROR    Failure: http://localhost:3001/ -> net::ERR_CONNECTION_REFUSED
2022-05-26 11:41:20 ERROR    Failure: http://localhost:3001/ -> Failed to load resource: net::ERR_CONNECTION_REFUSED
2022-05-26 11:41:25 ERROR    Failure: http://localhost:3001/ -> net::ERR_CONNECTION_REFUSED
2022-05-26 11:41:25 ERROR    Failure: http://localhost:3001/ -> Failed to load resource: net::ERR_CONNECTION_REFUSED
2022-05-26 11:41:35 ERROR    Failure: http://localhost:3001/ -> net::ERR_CONNECTION_REFUSED
2022-05-26 11:41:35 ERROR    Failure: http://localhost:3001/ -> Failed to load resource: net::ERR_CONNECTION_REFUSED
2022-05-26 11:41:44 ERROR    Failure: http://localhost:3001/ -> net::ERR_CONNECTION_REFUSED
2022-05-26 11:41:44 ERROR    Failure: http://localhost:3001/ -> Failed to load resource: net::ERR_CONNECTION_REFUSED
2022-05-26 11:41:52 ERROR    Failure: http://localhost:3001/ -> net::ERR_CONNECTION_REFUSED
2022-05-26 11:41:52 ERROR    Failure: http://localhost:3001/ -> Failed to load resource: net::ERR_CONNECTION_REFUSED
2022-05-26 11:41:59 ERROR    Failure: http://localhost:3001/ -> net::ERR_CONNECTION_REFUSED
2022-05-26 11:41:59 ERROR    Failure: http://localhost:3001/ -> Failed to load resource: net::ERR_CONNECTION_REFUSED
2022-05-26 11:42:04 ERROR    Failure: http://localhost:3001/ -> net::ERR_CONNECTION_REFUSED
2022-05-26 11:42:04 ERROR    Failure: http://localhost:3001/ -> Failed to load resource: net::ERR_CONNECTION_REFUSED
2022-05-26 11:42:10 ERROR    Failure: http://localhost:3001/ -> net::ERR_CONNECTION_REFUSED
2022-05-26 11:42:10 ERROR    Failure: http://localhost:3001/ -> Failed to load resource: net::ERR_CONNECTION_REFUSED
2022-05-26 11:42:18 ERROR    Failure: http://localhost:3001/ -> net::ERR_CONNECTION_REFUSED
2022-05-26 11:42:18 ERROR    Failure: http://localhost:3001/ -> Failed to load resource: net::ERR_CONNECTION_REFUSED
2022-05-26 11:42:25 ERROR    Failure: http://localhost:3001/ -> net::ERR_CONNECTION_REFUSED
2022-05-26 11:42:25 ERROR    Failure: http://localhost:3001/ -> Failed to load resource: net::ERR_CONNECTION_REFUSED
2022-05-26 11:42:30 ERROR    Failure: http://localhost:3001/ -> net::ERR_CONNECTION_REFUSED
2022-05-26 11:42:30 ERROR    Failure: http://localhost:3001/ -> Failed to load resource: net::ERR_CONNECTION_REFUSED
2022-05-26 11:42:37 ERROR    Failure: http://localhost:3001/ -> net::ERR_CONNECTION_REFUSED
2022-05-26 11:42:37 ERROR    Failure: http://localhost:3001/ -> Failed to load resource: net::ERR_CONNECTION_REFUSED
2022-05-26 11:42:43 ERROR    Failure: http://localhost:3001/ -> net::ERR_CONNECTION_REFUSED
2022-05-26 11:42:43 ERROR    Failure: http://localhost:3001/ -> Failed to load resource: net::ERR_CONNECTION_REFUSED
2022-05-26 11:42:52 ERROR    Failure: http://localhost:3001/ -> net::ERR_CONNECTION_REFUSED
2022-05-26 11:42:52 ERROR    Failure: http://localhost:3001/ -> Failed to load resource: net::ERR_CONNECTION_REFUSED
2022-05-26 11:42:59 ERROR    Failure: http://localhost:3001/ -> net::ERR_CONNECTION_REFUSED
2022-05-26 11:42:59 ERROR    Failure: http://localhost:3001/ -> Failed to load resource: net::ERR_CONNECTION_REFUSED
2022-05-26 11:43:07 ERROR    Failure: http://localhost:3001/ -> net::ERR_CONNECTION_REFUSED
2022-05-26 11:43:07 ERROR    Failure: http://localhost:3001/ -> Failed to load resource: net::ERR_CONNECTION_REFUSED
2022-05-26 11:43:13 ERROR    Failure: http://localhost:3001/ -> net::ERR_CONNECTION_REFUSED
2022-05-26 11:43:13 ERROR    Failure: http://localhost:3001/ -> Failed to load resource: net::ERR_CONNECTION_REFUSED
2022-05-26 11:43:18 ERROR    Failure: http://localhost:3001/ -> net::ERR_CONNECTION_REFUSED
2022-05-26 11:43:18 ERROR    Failure: http://localhost:3001/ -> Failed to load resource: net::ERR_CONNECTION_REFUSED
2022-05-26 11:43:23 ERROR    Failure: http://localhost:3001/ -> net::ERR_CONNECTION_REFUSED
2022-05-26 11:43:23 ERROR    Failure: http://localhost:3001/ -> Failed to load resource: net::ERR_CONNECTION_REFUSED
2022-05-26 11:43:31 ERROR    Failure: http://localhost:3001/ -> net::ERR_CONNECTION_REFUSED
2022-05-26 11:43:31 ERROR    Failure: http://localhost:3001/ -> Failed to load resource: net::ERR_CONNECTION_REFUSED
2022-05-26 11:43:35 ERROR    Failure: http://localhost:3001/ -> net::ERR_CONNECTION_REFUSED
2022-05-26 11:43:35 ERROR    Failure: http://localhost:3001/ -> Failed to load resource: net::ERR_CONNECTION_REFUSED
2022-05-26 11:43:44 ERROR    Failure: http://localhost:3001/ -> net::ERR_CONNECTION_REFUSED
2022-05-26 11:43:44 ERROR    Failure: http://localhost:3001/ -> Failed to load resource: net::ERR_CONNECTION_REFUSED
2022-05-26 11:43:52 ERROR    Failure: http://localhost:3001/ -> net::ERR_CONNECTION_REFUSED
2022-05-26 11:43:52 ERROR    Failure: http://localhost:3001/ -> Failed to load resource: net::ERR_CONNECTION_REFUSED
2022-05-26 11:44:00 ERROR    Failure: http://localhost:3001/ -> net::ERR_CONNECTION_REFUSED
2022-05-26 11:44:00 ERROR    Failure: http://localhost:3001/ -> Failed to load resource: net::ERR_CONNECTION_REFUSED
2022-05-26 11:44:04 ERROR    Failure: http://localhost:3001/ -> net::ERR_CONNECTION_REFUSED
2022-05-26 11:44:04 ERROR    Failure: http://localhost:3001/ -> Failed to load resource: net::ERR_CONNECTION_REFUSED
2022-05-26 11:44:09 ERROR    Failure: http://localhost:3001/ -> net::ERR_CONNECTION_REFUSED
2022-05-26 11:44:09 ERROR    Failure: http://localhost:3001/ -> Failed to load resource: net::ERR_CONNECTION_REFUSED
2022-05-26 11:44:17 ERROR    Failure: http://localhost:3001/ -> net::ERR_CONNECTION_REFUSED
2022-05-26 11:44:17 ERROR    Failure: http://localhost:3001/ -> Failed to load resource: net::ERR_CONNECTION_REFUSED
2022-05-26 11:44:23 ERROR    Failure: http://localhost:3001/ -> net::ERR_CONNECTION_REFUSED
2022-05-26 11:44:23 ERROR    Failure: http://localhost:3001/ -> Failed to load resource: net::ERR_CONNECTION_REFUSED
2022-05-26 11:44:28 ERROR    Failure: http://localhost:3001/ -> net::ERR_CONNECTION_REFUSED
2022-05-26 11:44:28 ERROR    Failure: http://localhost:3001/ -> Failed to load resource: net::ERR_CONNECTION_REFUSED
2022-05-26 11:44:35 ERROR    Failure: http://localhost:3001/ -> net::ERR_CONNECTION_REFUSED
2022-05-26 11:44:35 ERROR    Failure: http://localhost:3001/ -> Failed to load resource: net::ERR_CONNECTION_REFUSED
2022-05-26 11:44:41 ERROR    Failure: http://localhost:3001/ -> net::ERR_CONNECTION_REFUSED
2022-05-26 11:44:41 ERROR    Failure: http://localhost:3001/ -> Failed to load resource: net::ERR_CONNECTION_REFUSED
2022-05-26 11:44:48 ERROR    Failure: http://localhost:3001/ -> net::ERR_CONNECTION_REFUSED
2022-05-26 11:44:48 ERROR    Failure: http://localhost:3001/ -> Failed to load resource: net::ERR_CONNECTION_REFUSED
2022-05-26 11:44:53 ERROR    Failure: http://localhost:3001/ -> net::ERR_CONNECTION_REFUSED
2022-05-26 11:44:53 ERROR    Failure: http://localhost:3001/ -> Failed to load resource: net::ERR_CONNECTION_REFUSED
2022-05-26 11:45:00 ERROR    Failure: http://localhost:3001/ -> net::ERR_CONNECTION_REFUSED
2022-05-26 11:45:00 ERROR    Failure: http://localhost:3001/ -> Failed to load resource: net::ERR_CONNECTION_REFUSED
2022-05-26 11:45:07 ERROR    Failure: http://localhost:3001/ -> net::ERR_CONNECTION_REFUSED
2022-05-26 11:45:07 ERROR    Failure: http://localhost:3001/ -> Failed to load resource: net::ERR_CONNECTION_REFUSED
2022-05-26 11:45:11 ERROR    Failure: http://localhost:3001/ -> net::ERR_CONNECTION_REFUSED
2022-05-26 11:45:11 ERROR    Failure: http://localhost:3001/ -> Failed to load resource: net::ERR_CONNECTION_REFUSED
2022-05-26 11:45:19 ERROR    Failure: http://localhost:3001/ -> net::ERR_CONNECTION_REFUSED
2022-05-26 11:45:19 ERROR    Failure: http://localhost:3001/ -> Failed to load resource: net::ERR_CONNECTION_REFUSED
2022-05-26 11:45:27 ERROR    Failure: http://localhost:3001/ -> net::ERR_CONNECTION_REFUSED
2022-05-26 11:45:27 ERROR    Failure: http://localhost:3001/ -> Failed to load resource: net::ERR_CONNECTION_REFUSED
2022-05-26 11:45:32 ERROR    Failure: http://localhost:3001/ -> net::ERR_CONNECTION_REFUSED
2022-05-26 11:45:32 ERROR    Failure: http://localhost:3001/ -> Failed to load resource: net::ERR_CONNECTION_REFUSED
2022-05-26 11:45:39 ERROR    Failure: http://localhost:3001/ -> net::ERR_CONNECTION_REFUSED
2022-05-26 11:45:39 ERROR    Failure: http://localhost:3001/ -> Failed to load resource: net::ERR_CONNECTION_REFUSED
2022-05-26 11:45:48 ERROR    Failure: http://localhost:3001/ -> net::ERR_CONNECTION_REFUSED
2022-05-26 11:45:48 ERROR    Failure: http://localhost:3001/ -> Failed to load resource: net::ERR_CONNECTION_REFUSED
2022-05-26 11:45:55 ERROR    Failure: http://localhost:3001/ -> net::ERR_CONNECTION_REFUSED
2022-05-26 11:45:55 ERROR    Failure: http://localhost:3001/ -> Failed to load resource: net::ERR_CONNECTION_REFUSED
2022-05-26 11:46:01 ERROR    Failure: http://localhost:3001/ -> net::ERR_CONNECTION_REFUSED
2022-05-26 11:46:01 ERROR    Failure: http://localhost:3001/ -> Failed to load resource: net::ERR_CONNECTION_REFUSED
2022-05-26 11:46:08 ERROR    Failure: http://localhost:3001/ -> net::ERR_CONNECTION_REFUSED
2022-05-26 11:46:08 ERROR    Failure: http://localhost:3001/ -> Failed to load resource: net::ERR_CONNECTION_REFUSED
2022-05-26 11:46:14 ERROR    Failure: http://localhost:3001/ -> net::ERR_CONNECTION_REFUSED
2022-05-26 11:46:14 ERROR    Failure: http://localhost:3001/ -> Failed to load resource: net::ERR_CONNECTION_REFUSED
2022-05-26 11:46:22 ERROR    Failure: http://localhost:3001/ -> net::ERR_CONNECTION_REFUSED
2022-05-26 11:46:22 ERROR    Failure: http://localhost:3001/ -> Failed to load resource: net::ERR_CONNECTION_REFUSED
2022-05-26 11:46:25 ERROR    Failure: http://localhost:3001/wallets -> net::ERR_ABORTED
2022-05-26 11:46:29 ERROR    Failure: http://localhost:3001/ -> net::ERR_CONNECTION_REFUSED
2022-05-26 11:46:29 ERROR    Failure: http://localhost:3001/ -> Failed to load resource: net::ERR_CONNECTION_REFUSED
2022-05-26 11:46:34 ERROR    Failure: http://localhost:3001/ -> net::ERR_CONNECTION_REFUSED
2022-05-26 11:46:34 ERROR    Failure: http://localhost:3001/ -> Failed to load resource: net::ERR_CONNECTION_REFUSED
2022-05-26 11:46:39 ERROR    Failure: http://localhost:3001/ -> net::ERR_CONNECTION_REFUSED
2022-05-26 11:46:39 ERROR    Failure: http://localhost:3001/ -> Failed to load resource: net::ERR_CONNECTION_REFUSED
2022-05-26 11:46:44 ERROR    Failure: http://localhost:3001/ -> net::ERR_CONNECTION_REFUSED
2022-05-26 11:46:44 ERROR    Failure: http://localhost:3001/ -> Failed to load resource: net::ERR_CONNECTION_REFUSED
2022-05-26 11:46:51 ERROR    Failure: http://localhost:3001/ -> net::ERR_CONNECTION_REFUSED
2022-05-26 11:46:51 ERROR    Failure: http://localhost:3001/ -> Failed to load resource: net::ERR_CONNECTION_REFUSED
2022-05-26 11:46:56 ERROR    Failure: http://localhost:3001/ -> net::ERR_CONNECTION_REFUSED
2022-05-26 11:46:56 ERROR    Failure: http://localhost:3001/ -> Failed to load resource: net::ERR_CONNECTION_REFUSED
2022-05-26 11:47:05 ERROR    Failure: http://localhost:3001/ -> net::ERR_CONNECTION_REFUSED
2022-05-26 11:47:05 ERROR    Failure: http://localhost:3001/ -> Failed to load resource: net::ERR_CONNECTION_REFUSED
2022-05-26 11:47:12 ERROR    Failure: http://localhost:3001/ -> net::ERR_CONNECTION_REFUSED
2022-05-26 11:47:12 ERROR    Failure: http://localhost:3001/ -> Failed to load resource: net::ERR_CONNECTION_REFUSED
2022-05-26 11:47:19 ERROR    Failure: http://localhost:3001/ -> net::ERR_CONNECTION_REFUSED
2022-05-26 11:47:19 ERROR    Failure: http://localhost:3001/ -> Failed to load resource: net::ERR_CONNECTION_REFUSED
2022-05-26 11:47:26 ERROR    Failure: http://localhost:3001/ -> net::ERR_CONNECTION_REFUSED
2022-05-26 11:47:26 ERROR    Failure: http://localhost:3001/ -> Failed to load resource: net::ERR_CONNECTION_REFUSED
2022-05-26 11:47:31 ERROR    Failure: http://localhost:3001/ -> net::ERR_CONNECTION_REFUSED
2022-05-26 11:47:31 ERROR    Failure: http://localhost:3001/ -> Failed to load resource: net::ERR_CONNECTION_REFUSED
2022-05-26 11:47:37 ERROR    Failure: http://localhost:3001/ -> net::ERR_CONNECTION_REFUSED
2022-05-26 11:47:37 ERROR    Failure: http://localhost:3001/ -> Failed to load resource: net::ERR_CONNECTION_REFUSED
2022-05-26 11:47:42 ERROR    Failure: http://localhost:3001/ -> net::ERR_CONNECTION_REFUSED
2022-05-26 11:47:42 ERROR    Failure: http://localhost:3001/ -> Failed to load resource: net::ERR_CONNECTION_REFUSED
2022-05-26 11:47:49 ERROR    Failure: http://localhost:3001/ -> net::ERR_CONNECTION_REFUSED
2022-05-26 11:47:49 ERROR    Failure: http://localhost:3001/ -> Failed to load resource: net::ERR_CONNECTION_REFUSED
2022-05-26 11:47:57 ERROR    Failure: http://localhost:3001/ -> net::ERR_CONNECTION_REFUSED
2022-05-26 11:47:57 ERROR    Failure: http://localhost:3001/ -> Failed to load resource: net::ERR_CONNECTION_REFUSED
2022-05-26 11:48:05 ERROR    Failure: http://localhost:3001/ -> net::ERR_CONNECTION_REFUSED
2022-05-26 11:48:05 ERROR    Failure: http://localhost:3001/ -> Failed to load resource: net::ERR_CONNECTION_REFUSED
2022-05-26 11:48:10 ERROR    Failure: http://localhost:3001/ -> net::ERR_CONNECTION_REFUSED
2022-05-26 11:48:10 ERROR    Failure: http://localhost:3001/ -> Failed to load resource: net::ERR_CONNECTION_REFUSED
2022-05-26 11:48:15 ERROR    Failure: http://localhost:3001/ -> net::ERR_CONNECTION_REFUSED
2022-05-26 11:48:15 ERROR    Failure: http://localhost:3001/ -> Failed to load resource: net::ERR_CONNECTION_REFUSED
2022-05-26 11:48:27 ERROR    Failure: http://localhost:3001/ -> net::ERR_CONNECTION_REFUSED
2022-05-26 11:48:27 ERROR    Failure: http://localhost:3001/ -> Failed to load resource: net::ERR_CONNECTION_REFUSED
2022-05-26 11:48:31 ERROR    Failure: http://localhost:3001/ -> net::ERR_CONNECTION_REFUSED
2022-05-26 11:48:31 ERROR    Failure: http://localhost:3001/ -> Failed to load resource: net::ERR_CONNECTION_REFUSED
2022-05-26 11:48:34 ERROR    Failure: http://localhost:3001/wallets -> net::ERR_ABORTED
2022-05-26 11:48:40 ERROR    Failure: http://localhost:3001/ -> net::ERR_CONNECTION_REFUSED
2022-05-26 11:48:40 ERROR    Failure: http://localhost:3001/ -> Failed to load resource: net::ERR_CONNECTION_REFUSED
2022-05-26 11:48:47 ERROR    Failure: http://localhost:3001/ -> net::ERR_CONNECTION_REFUSED
2022-05-26 11:48:47 ERROR    Failure: http://localhost:3001/ -> Failed to load resource: net::ERR_CONNECTION_REFUSED
2022-05-26 11:48:53 ERROR    Failure: http://localhost:3001/ -> net::ERR_CONNECTION_REFUSED
2022-05-26 11:48:53 ERROR    Failure: http://localhost:3001/ -> Failed to load resource: net::ERR_CONNECTION_REFUSED
2022-05-26 11:48:58 ERROR    Failure: http://localhost:3001/ -> net::ERR_CONNECTION_REFUSED
2022-05-26 11:48:58 ERROR    Failure: http://localhost:3001/ -> Failed to load resource: net::ERR_CONNECTION_REFUSED
2022-05-26 11:49:05 ERROR    Failure: http://localhost:3001/ -> net::ERR_CONNECTION_REFUSED
2022-05-26 11:49:05 ERROR    Failure: http://localhost:3001/ -> Failed to load resource: net::ERR_CONNECTION_REFUSED
2022-05-26 11:49:13 ERROR    Failure: http://localhost:3001/ -> net::ERR_CONNECTION_REFUSED
2022-05-26 11:49:13 ERROR    Failure: http://localhost:3001/ -> Failed to load resource: net::ERR_CONNECTION_REFUSED
2022-05-26 11:49:19 ERROR    Failure: http://localhost:3001/ -> net::ERR_CONNECTION_REFUSED
2022-05-26 11:49:19 ERROR    Failure: http://localhost:3001/ -> Failed to load resource: net::ERR_CONNECTION_REFUSED
2022-05-26 11:49:32 ERROR    Failure: http://localhost:3001/ -> net::ERR_CONNECTION_REFUSED
2022-05-26 11:49:32 ERROR    Failure: http://localhost:3001/ -> Failed to load resource: net::ERR_CONNECTION_REFUSED
2022-05-26 11:49:39 ERROR    Failure: http://localhost:3001/ -> net::ERR_CONNECTION_REFUSED
2022-05-26 11:49:39 ERROR    Failure: http://localhost:3001/ -> Failed to load resource: net::ERR_CONNECTION_REFUSED
2022-05-26 11:49:43 ERROR    Failure: http://localhost:3001/ -> net::ERR_CONNECTION_REFUSED
2022-05-26 11:49:43 ERROR    Failure: http://localhost:3001/ -> Failed to load resource: net::ERR_CONNECTION_REFUSED
2022-05-26 11:49:48 ERROR    Failure: http://localhost:3001/ -> net::ERR_CONNECTION_REFUSED
2022-05-26 11:49:48 ERROR    Failure: http://localhost:3001/ -> Failed to load resource: net::ERR_CONNECTION_REFUSED
2022-05-26 11:49:53 ERROR    Failure: http://localhost:3001/ -> net::ERR_CONNECTION_REFUSED
2022-05-26 11:49:53 ERROR    Failure: http://localhost:3001/ -> Failed to load resource: net::ERR_CONNECTION_REFUSED
2022-05-26 11:49:57 ERROR    Failure: http://localhost:3001/ -> net::ERR_CONNECTION_REFUSED
2022-05-26 11:49:57 ERROR    Failure: http://localhost:3001/ -> Failed to load resource: net::ERR_CONNECTION_REFUSED
2022-05-26 11:50:04 ERROR    Failure: http://localhost:3001/ -> net::ERR_CONNECTION_REFUSED
2022-05-26 11:50:04 ERROR    Failure: http://localhost:3001/ -> Failed to load resource: net::ERR_CONNECTION_REFUSED
2022-05-26 11:50:12 ERROR    Failure: http://localhost:3001/ -> net::ERR_CONNECTION_REFUSED
2022-05-26 11:50:12 ERROR    Failure: http://localhost:3001/ -> Failed to load resource: net::ERR_CONNECTION_REFUSED
2022-05-26 11:50:16 ERROR    Failure: http://localhost:3001/ -> net::ERR_CONNECTION_REFUSED
2022-05-26 11:50:16 ERROR    Failure: http://localhost:3001/ -> Failed to load resource: net::ERR_CONNECTION_REFUSED
2022-05-26 11:50:27 ERROR    Failure: http://localhost:3001/ -> net::ERR_CONNECTION_REFUSED
2022-05-26 11:50:27 ERROR    Failure: http://localhost:3001/ -> Failed to load resource: net::ERR_CONNECTION_REFUSED
2022-05-26 11:50:36 ERROR    Failure: http://localhost:3001/ -> net::ERR_CONNECTION_REFUSED
2022-05-26 11:50:36 ERROR    Failure: http://localhost:3001/ -> Failed to load resource: net::ERR_CONNECTION_REFUSED
2022-05-26 11:50:41 ERROR    Failure: http://localhost:3001/ -> net::ERR_CONNECTION_REFUSED
2022-05-26 11:50:41 ERROR    Failure: http://localhost:3001/ -> Failed to load resource: net::ERR_CONNECTION_REFUSED
2022-05-26 11:50:50 ERROR    Failure: http://localhost:3001/ -> net::ERR_CONNECTION_REFUSED
2022-05-26 11:50:50 ERROR    Failure: http://localhost:3001/ -> Failed to load resource: net::ERR_CONNECTION_REFUSED
2022-05-26 11:50:56 ERROR    Failure: http://localhost:3001/ -> net::ERR_CONNECTION_REFUSED
2022-05-26 11:50:56 ERROR    Failure: http://localhost:3001/ -> Failed to load resource: net::ERR_CONNECTION_REFUSED
2022-05-26 11:51:02 ERROR    Failure: http://localhost:3001/ -> net::ERR_CONNECTION_REFUSED
2022-05-26 11:51:02 ERROR    Failure: http://localhost:3001/ -> Failed to load resource: net::ERR_CONNECTION_REFUSED
2022-05-26 11:51:07 ERROR    Failure: http://localhost:3001/ -> net::ERR_CONNECTION_REFUSED
2022-05-26 11:51:07 ERROR    Failure: http://localhost:3001/ -> Failed to load resource: net::ERR_CONNECTION_REFUSED
2022-05-26 11:51:12 ERROR    Failure: http://localhost:3001/ -> net::ERR_CONNECTION_REFUSED
2022-05-26 11:51:12 ERROR    Failure: http://localhost:3001/ -> Failed to load resource: net::ERR_CONNECTION_REFUSED
2022-05-26 11:51:19 ERROR    Failure: http://localhost:3001/ -> net::ERR_CONNECTION_REFUSED
2022-05-26 11:51:19 ERROR    Failure: http://localhost:3001/ -> Failed to load resource: net::ERR_CONNECTION_REFUSED
2022-05-26 11:51:24 ERROR    Failure: http://localhost:3001/wallets -> net::ERR_ABORTED
2022-05-26 11:51:28 ERROR    Failure: http://localhost:3001/ -> net::ERR_CONNECTION_REFUSED
2022-05-26 11:51:28 ERROR    Failure: http://localhost:3001/ -> Failed to load resource: net::ERR_CONNECTION_REFUSED
2022-05-26 11:51:34 ERROR    Failure: http://localhost:3001/ -> net::ERR_CONNECTION_REFUSED
2022-05-26 11:51:34 ERROR    Failure: http://localhost:3001/ -> Failed to load resource: net::ERR_CONNECTION_REFUSED
2022-05-26 11:51:42 ERROR    Failure: http://localhost:3001/ -> net::ERR_CONNECTION_REFUSED
2022-05-26 11:51:42 ERROR    Failure: http://localhost:3001/ -> Failed to load resource: net::ERR_CONNECTION_REFUSED
2022-05-26 11:51:49 ERROR    Failure: http://localhost:3001/ -> net::ERR_CONNECTION_REFUSED
2022-05-26 11:51:49 ERROR    Failure: http://localhost:3001/ -> Failed to load resource: net::ERR_CONNECTION_REFUSED
2022-05-26 11:51:53 ERROR    Failure: http://localhost:3001/ -> net::ERR_CONNECTION_REFUSED
2022-05-26 11:51:53 ERROR    Failure: http://localhost:3001/ -> Failed to load resource: net::ERR_CONNECTION_REFUSED
2022-05-26 11:52:01 ERROR    Failure: http://localhost:3001/ -> net::ERR_CONNECTION_REFUSED
2022-05-26 11:52:01 ERROR    Failure: http://localhost:3001/ -> Failed to load resource: net::ERR_CONNECTION_REFUSED
2022-05-26 11:52:07 ERROR    Failure: http://localhost:3001/ -> net::ERR_CONNECTION_REFUSED
2022-05-26 11:52:07 ERROR    Failure: http://localhost:3001/ -> Failed to load resource: net::ERR_CONNECTION_REFUSED
2022-05-26 11:52:13 ERROR    Failure: http://localhost:3001/ -> net::ERR_CONNECTION_REFUSED
2022-05-26 11:52:13 ERROR    Failure: http://localhost:3001/ -> Failed to load resource: net::ERR_CONNECTION_REFUSED
2022-05-26 11:52:18 ERROR    Failure: http://localhost:3001/ -> net::ERR_CONNECTION_REFUSED
2022-05-26 11:52:18 ERROR    Failure: http://localhost:3001/ -> Failed to load resource: net::ERR_CONNECTION_REFUSED
2022-05-26 11:52:27 ERROR    Failure: http://localhost:3001/ -> net::ERR_CONNECTION_REFUSED
2022-05-26 11:52:27 ERROR    Failure: http://localhost:3001/ -> Failed to load resource: net::ERR_CONNECTION_REFUSED
2022-05-26 11:52:35 ERROR    Failure: http://localhost:3001/ -> net::ERR_CONNECTION_REFUSED
2022-05-26 11:52:35 ERROR    Failure: http://localhost:3001/ -> Failed to load resource: net::ERR_CONNECTION_REFUSED
2022-05-26 11:52:41 ERROR    Failure: http://localhost:3001/ -> net::ERR_CONNECTION_REFUSED
2022-05-26 11:52:41 ERROR    Failure: http://localhost:3001/ -> Failed to load resource: net::ERR_CONNECTION_REFUSED
2022-05-26 11:52:52 ERROR    Failure: http://localhost:3001/ -> net::ERR_CONNECTION_REFUSED
2022-05-26 11:52:52 ERROR    Failure: http://localhost:3001/ -> Failed to load resource: net::ERR_CONNECTION_REFUSED
2022-05-26 11:52:55 WARNING  redoing process
2022-05-26 11:52:59 ERROR    Failure: http://localhost:3001/ -> net::ERR_CONNECTION_REFUSED
2022-05-26 11:52:59 ERROR    Failure: http://localhost:3001/ -> Failed to load resource: net::ERR_CONNECTION_REFUSED
2022-05-26 11:53:07 ERROR    Failure: http://localhost:3001/ -> net::ERR_CONNECTION_REFUSED
2022-05-26 11:53:07 ERROR    Failure: http://localhost:3001/ -> Failed to load resource: net::ERR_CONNECTION_REFUSED
2022-05-26 11:53:14 ERROR    Failure: http://localhost:3001/ -> net::ERR_CONNECTION_REFUSED
2022-05-26 11:53:14 ERROR    Failure: http://localhost:3001/ -> Failed to load resource: net::ERR_CONNECTION_REFUSED
2022-05-26 11:53:23 ERROR    Failure: http://localhost:3001/ -> net::ERR_CONNECTION_REFUSED
2022-05-26 11:53:23 ERROR    Failure: http://localhost:3001/ -> Failed to load resource: net::ERR_CONNECTION_REFUSED
2022-05-26 11:53:30 ERROR    Failure: http://localhost:3001/ -> net::ERR_CONNECTION_REFUSED
2022-05-26 11:53:30 ERROR    Failure: http://localhost:3001/ -> Failed to load resource: net::ERR_CONNECTION_REFUSED
2022-05-26 11:53:35 ERROR    Failure: http://localhost:3001/ -> net::ERR_CONNECTION_REFUSED
2022-05-26 11:53:35 ERROR    Failure: http://localhost:3001/ -> Failed to load resource: net::ERR_CONNECTION_REFUSED
2022-05-26 11:53:41 ERROR    Failure: http://localhost:3001/ -> net::ERR_CONNECTION_REFUSED
2022-05-26 11:53:41 ERROR    Failure: http://localhost:3001/ -> Failed to load resource: net::ERR_CONNECTION_REFUSED
2022-05-26 11:53:47 ERROR    Failure: http://localhost:3001/ -> net::ERR_CONNECTION_REFUSED
2022-05-26 11:53:47 ERROR    Failure: http://localhost:3001/ -> Failed to load resource: net::ERR_CONNECTION_REFUSED
2022-05-26 11:53:53 ERROR    Failure: http://localhost:3001/ -> net::ERR_CONNECTION_REFUSED
2022-05-26 11:53:53 ERROR    Failure: http://localhost:3001/ -> Failed to load resource: net::ERR_CONNECTION_REFUSED
2022-05-26 11:54:00 ERROR    Failure: http://localhost:3001/ -> net::ERR_CONNECTION_REFUSED
2022-05-26 11:54:00 ERROR    Failure: http://localhost:3001/ -> Failed to load resource: net::ERR_CONNECTION_REFUSED
2022-05-26 11:54:09 ERROR    Failure: http://localhost:3001/ -> net::ERR_CONNECTION_REFUSED
2022-05-26 11:54:09 ERROR    Failure: http://localhost:3001/ -> Failed to load resource: net::ERR_CONNECTION_REFUSED
2022-05-26 11:54:17 ERROR    Failure: http://localhost:3001/ -> net::ERR_CONNECTION_REFUSED
2022-05-26 11:54:17 ERROR    Failure: http://localhost:3001/ -> Failed to load resource: net::ERR_CONNECTION_REFUSED
2022-05-26 11:54:24 ERROR    Failure: http://localhost:3001/wallets -> net::ERR_ABORTED
2022-05-26 11:54:26 ERROR    Failure: http://localhost:3001/ -> net::ERR_CONNECTION_REFUSED
2022-05-26 11:54:26 ERROR    Failure: http://localhost:3001/ -> Failed to load resource: net::ERR_CONNECTION_REFUSED
2022-05-26 11:54:37 WARNING  Finished
2022-05-26 11:54:37 WARNING  (Failure Count, Coverage Percentage) : (5, 0.718522074422782)
2022-05-26 11:54:37 ERROR    http://localhost:3001/ -> net::ERR_CONNECTION_REFUSED
2022-05-26 11:54:37 ERROR    http://localhost:3001/ -> Failed to load resource: net::ERR_CONNECTION_REFUSED
2022-05-26 11:54:37 ERROR    http://localhost:3001/wallets -> net::ERR_ABORTED
2022-05-26 11:54:37 ERROR    http://localhost:3001/wallets -> net::ERR_NAME_NOT_RESOLVED
2022-05-26 11:54:37 ERROR    http://localhost:3001/plans -> net::ERR_NAME_NOT_RESOLVED
