77659574643383717146484374309974862090, None, 77659574643383717146484374309974862090, http://localhost:3001/
278076690333225625169989687868833103351, None, 278076690333225625169989687868833103351, http://localhost:3001/wallets
278076690333225625169989687868833103351, None, 278076690333225625169989687868833103351, http://localhost:3001/wallets
278076690333225625169989687868833103351, None, 278076690333225625169989687868833103351, http://localhost:3001/wallets
278076690333225625169989687868833103351, 229012394715946632535839126724900885144 -> a ['\n', <div class="pull-right text-success transaction_amount", 257064754935574054361323123616025902511, http://localhost:3001/wallets/1
257064754935574054361323123616025902511, 158009411471723493269880909046446417559 -> a [<span data-i18n="Set Goal", 287393647012105903508667004843733326622, http://localhost:3001/wallets
278076690333225625169989687868833103351, None, 278076690333225625169989687868833103351, http://localhost:3001/wallets
278076690333225625169989687868833103351, 229012394715946632535839126724900885144 -> a ['\n', <div class="pull-right text-success transaction_amount", 66197360008475406071159393073063375155, http://localhost:3001/wallets/1
278076690333225625169989687868833103351, None, 278076690333225625169989687868833103351, http://localhost:3001/wallets
278076690333225625169989687868833103351, 229012394715946632535839126724900885144 -> a ['\n', <div class="pull-right text-success transaction_amount", 174535581240002829470996909936087848185, http://localhost:3001/wallets/1
174535581240002829470996909936087848185, 51734587471318764320500906054182906819 -> a [<span data-i18n="set total to", 123344523861773388340869658605892574301, http://localhost:3001/wallets/1
123344523861773388340869658605892574301, 164770504787406092505723908950430241986 -> button ['×']{'type': 'button', 'data-dismiss': 'modal', 'aria-hidden': 'true'}, 123344523861773388340869658605892574301, http://localhost:3001/wallets/1
123344523861773388340869658605892574301, 290997046537929317093204731951347912223 -> form ['\n', <fieldset, 123344523861773388340869658605892574301, http://localhost:3001/wallets/1
123344523861773388340869658605892574301, 290997046537929317093204731951347912223 -> form ['\n', <fieldset, 123344523861773388340869658605892574301, http://localhost:3001/wallets/1
123344523861773388340869658605892574301, 164770504787406092505723908950430241986 -> button ['×']{'type': 'button', 'data-dismiss': 'modal', 'aria-hidden': 'true'}, 123344523861773388340869658605892574301, http://localhost:3001/wallets/1
123344523861773388340869658605892574301, 290997046537929317093204731951347912223 -> form ['\n', <fieldset, 123344523861773388340869658605892574301, http://localhost:3001/wallets/1
123344523861773388340869658605892574301, 290997046537929317093204731951347912223 -> form ['\n', <fieldset, 123344523861773388340869658605892574301, http://localhost:3001/wallets/1
278076690333225625169989687868833103351, None, 278076690333225625169989687868833103351, http://localhost:3001/wallets
278076690333225625169989687868833103351, 229012394715946632535839126724900885144 -> a ['\n', <div class="pull-right text-success transaction_amount", 298987997514245774462423121449892833683, http://localhost:3001/wallets/1
298987997514245774462423121449892833683, 51734587471318764320500906054182906819 -> a [<span data-i18n="set total to", 123344523861773388340869658605892574301, http://localhost:3001/wallets/1
123344523861773388340869658605892574301, 164770504787406092505723908950430241986 -> button ['×']{'type': 'button', 'data-dismiss': 'modal', 'aria-hidden': 'true'}, 123344523861773388340869658605892574301, http://localhost:3001/wallets/1
123344523861773388340869658605892574301, 290997046537929317093204731951347912223 -> form ['\n', <fieldset, 123344523861773388340869658605892574301, http://localhost:3001/wallets/1
123344523861773388340869658605892574301, 164770504787406092505723908950430241986 -> button ['×']{'type': 'button', 'data-dismiss': 'modal', 'aria-hidden': 'true'}, 123344523861773388340869658605892574301, http://localhost:3001/wallets/1
123344523861773388340869658605892574301, 290997046537929317093204731951347912223 -> form ['\n', <fieldset, 123344523861773388340869658605892574301, http://localhost:3001/wallets/1
123344523861773388340869658605892574301, 290997046537929317093204731951347912223 -> form ['\n', <fieldset, 123344523861773388340869658605892574301, http://localhost:3001/wallets/1
123344523861773388340869658605892574301, 290997046537929317093204731951347912223 -> form ['\n', <fieldset, 123344523861773388340869658605892574301, http://localhost:3001/wallets/1
278076690333225625169989687868833103351, None, 278076690333225625169989687868833103351, http://localhost:3001/wallets
278076690333225625169989687868833103351, 229012394715946632535839126724900885144 -> a ['\n', <div class="pull-right text-success transaction_amount", 123344523861773388340869658605892574301, http://localhost:3001/wallets/1
278076690333225625169989687868833103351, None, 278076690333225625169989687868833103351, http://localhost:3001/wallets
278076690333225625169989687868833103351, 229012394715946632535839126724900885144 -> a ['\n', <div class="pull-right text-success transaction_amount", 91354530291796377778127647512737508494, http://localhost:3001/wallets/1
278076690333225625169989687868833103351, None, 278076690333225625169989687868833103351, http://localhost:3001/wallets
278076690333225625169989687868833103351, 229012394715946632535839126724900885144 -> a ['\n', <div class="pull-right text-success transaction_amount", 324512125319889808014386884047796927770, http://localhost:3001/wallets/1
278076690333225625169989687868833103351, None, 278076690333225625169989687868833103351, http://localhost:3001/wallets
278076690333225625169989687868833103351, 229012394715946632535839126724900885144 -> a ['\n', <div class="pull-right text-success transaction_amount", 20740502435336763470389516819893032395, http://localhost:3001/wallets/1
278076690333225625169989687868833103351, None, 278076690333225625169989687868833103351, http://localhost:3001/wallets
278076690333225625169989687868833103351, 229012394715946632535839126724900885144 -> a ['\n', <div class="pull-right text-success transaction_amount", 331882308752650363474067943296197384293, http://localhost:3001/wallets/1
278076690333225625169989687868833103351, None, 278076690333225625169989687868833103351, http://localhost:3001/wallets
278076690333225625169989687868833103351, 229012394715946632535839126724900885144 -> a ['\n', <div class="pull-right text-success transaction_amount", 338184214424099025974803484291747268338, http://localhost:3001/wallets/1
338184214424099025974803484291747268338, 40033767128550119556758792738972518504 -> button [<span data-i18n="Add Income", 123344523861773388340869658605892574301, http://localhost:3001/wallets/1
123344523861773388340869658605892574301, 205408199651108638240740156954365449134 -> form ['\n', <fieldset, 123344523861773388340869658605892574301, http://localhost:3001/wallets/1
123344523861773388340869658605892574301, 205408199651108638240740156954365449134 -> form ['\n', <fieldset, 123344523861773388340869658605892574301, http://localhost:3001/wallets/1
123344523861773388340869658605892574301, 164770504787406092505723908950430241986 -> button ['×']{'type': 'button', 'data-dismiss': 'modal', 'aria-hidden': 'true'}, 123344523861773388340869658605892574301, http://localhost:3001/wallets/1
123344523861773388340869658605892574301, 205408199651108638240740156954365449134 -> form ['\n', <fieldset, 123344523861773388340869658605892574301, http://localhost:3001/wallets/1
123344523861773388340869658605892574301, 205408199651108638240740156954365449134 -> form ['\n', <fieldset, 123344523861773388340869658605892574301, http://localhost:3001/wallets/1
123344523861773388340869658605892574301, 164770504787406092505723908950430241986 -> button ['×']{'type': 'button', 'data-dismiss': 'modal', 'aria-hidden': 'true'}, 123344523861773388340869658605892574301, http://localhost:3001/wallets/1
278076690333225625169989687868833103351, None, 278076690333225625169989687868833103351, http://localhost:3001/wallets
278076690333225625169989687868833103351, 229012394715946632535839126724900885144 -> a ['\n', <div class="pull-right text-success transaction_amount", 324512125319889808014386884047796927770, http://localhost:3001/wallets/1
278076690333225625169989687868833103351, None, 278076690333225625169989687868833103351, http://localhost:3001/wallets
278076690333225625169989687868833103351, 229012394715946632535839126724900885144 -> a ['\n', <div class="pull-right text-success transaction_amount", 24024152058289552428948201057845606532, http://localhost:3001/wallets/1
278076690333225625169989687868833103351, None, 278076690333225625169989687868833103351, http://localhost:3001/wallets
278076690333225625169989687868833103351, 229012394715946632535839126724900885144 -> a ['\n', <div class="pull-right text-success transaction_amount", 160024766429915794035073893229298913227, http://localhost:3001/wallets/1
278076690333225625169989687868833103351, None, 278076690333225625169989687868833103351, http://localhost:3001/wallets
278076690333225625169989687868833103351, 229012394715946632535839126724900885144 -> a ['\n', <div class="pull-right text-success transaction_amount", 31995497139413047593951604076165321276, http://localhost:3001/wallets/1
278076690333225625169989687868833103351, None, 278076690333225625169989687868833103351, http://localhost:3001/wallets
278076690333225625169989687868833103351, 229012394715946632535839126724900885144 -> a ['\n', <div class="pull-right text-success transaction_amount", 74016174670610978996668691917672840238, http://localhost:3001/wallets/1
278076690333225625169989687868833103351, None, 278076690333225625169989687868833103351, http://localhost:3001/wallets
278076690333225625169989687868833103351, 229012394715946632535839126724900885144 -> a ['\n', <div class="pull-right text-success transaction_amount", 241102799011183758322849873052002034679, http://localhost:3001/wallets/1
278076690333225625169989687868833103351, None, 278076690333225625169989687868833103351, http://localhost:3001/wallets
278076690333225625169989687868833103351, 229012394715946632535839126724900885144 -> a ['\n', <div class="pull-right text-success transaction_amount", 324492306472131992196768114349592413109, http://localhost:3001/wallets/1
324492306472131992196768114349592413109, 193846586110871060058793389819788582164 -> a [<span aria-hidden="true" class="glyphicon glyphicon-import", 157873571506454063574920834269375867280, http://localhost:3001/wallets/1/import
278076690333225625169989687868833103351, None, 278076690333225625169989687868833103351, http://localhost:3001/wallets
278076690333225625169989687868833103351, 229012394715946632535839126724900885144 -> a ['\n', <div class="pull-right text-success transaction_amount", 315715352296244371329257580458991440163, http://localhost:3001/wallets/1
278076690333225625169989687868833103351, None, 278076690333225625169989687868833103351, http://localhost:3001/wallets
278076690333225625169989687868833103351, 229012394715946632535839126724900885144 -> a ['\n', <div class="pull-right text-success transaction_amount", 123344523861773388340869658605892574301, http://localhost:3001/wallets/1
123344523861773388340869658605892574301, 300938307388621752250340407401666505920 -> form ['\n', <input class="form-control" data-i18nplaceholder="Describe expense and press Enter to add" id="add_transaction_text" placeholder="Describe expense and press Enter to add" type="text"/, 123344523861773388340869658605892574301, http://localhost:3001/wallets/1
123344523861773388340869658605892574301, 300938307388621752250340407401666505920 -> form ['\n', <input class="form-control" data-i18nplaceholder="Describe expense and press Enter to add" id="add_transaction_text" placeholder="Describe expense and press Enter to add" type="text"/, 123344523861773388340869658605892574301, http://localhost:3001/wallets/1
123344523861773388340869658605892574301, 158009411471723493269880909046446417559 -> a [<span data-i18n="Set Goal", 287393647012105903508667004843733326622, http://localhost:3001/wallets
278076690333225625169989687868833103351, None, 278076690333225625169989687868833103351, http://localhost:3001/wallets
278076690333225625169989687868833103351, 229012394715946632535839126724900885144 -> a ['\n', <div class="pull-right text-success transaction_amount", 123344523861773388340869658605892574301, http://localhost:3001/wallets/1
123344523861773388340869658605892574301, 158009411471723493269880909046446417559 -> a [<span data-i18n="Set Goal", 287393647012105903508667004843733326622, http://localhost:3001/wallets
278076690333225625169989687868833103351, None, 278076690333225625169989687868833103351, http://localhost:3001/wallets
278076690333225625169989687868833103351, 229012394715946632535839126724900885144 -> a ['\n', <div class="pull-right text-success transaction_amount", 47994356551035469960420809285342845867, http://localhost:3001/wallets/1
278076690333225625169989687868833103351, None, 278076690333225625169989687868833103351, http://localhost:3001/wallets
278076690333225625169989687868833103351, 229012394715946632535839126724900885144 -> a ['\n', <div class="pull-right text-success transaction_amount", 208658468832020489833779024300437508098, http://localhost:3001/wallets/1
278076690333225625169989687868833103351, None, 278076690333225625169989687868833103351, http://localhost:3001/wallets
278076690333225625169989687868833103351, 229012394715946632535839126724900885144 -> a ['\n', <div class="pull-right text-success transaction_amount", 176449488939594223309602148837577378176, http://localhost:3001/wallets/1
278076690333225625169989687868833103351, None, 278076690333225625169989687868833103351, http://localhost:3001/wallets
278076690333225625169989687868833103351, 229012394715946632535839126724900885144 -> a ['\n', <div class="pull-right text-success transaction_amount", 11781539022368093303627998357935830091, http://localhost:3001/wallets/1
11781539022368093303627998357935830091, 40033767128550119556758792738972518504 -> button [<span data-i18n="Add Income", 123344523861773388340869658605892574301, http://localhost:3001/wallets/1
123344523861773388340869658605892574301, 205408199651108638240740156954365449134 -> form ['\n', <fieldset, 123344523861773388340869658605892574301, http://localhost:3001/wallets/1
123344523861773388340869658605892574301, 164770504787406092505723908950430241986 -> button ['×']{'type': 'button', 'data-dismiss': 'modal', 'aria-hidden': 'true'}, 123344523861773388340869658605892574301, http://localhost:3001/wallets/1
123344523861773388340869658605892574301, 164770504787406092505723908950430241986 -> button ['×']{'type': 'button', 'data-dismiss': 'modal', 'aria-hidden': 'true'}, 123344523861773388340869658605892574301, http://localhost:3001/wallets/1
123344523861773388340869658605892574301, 205408199651108638240740156954365449134 -> form ['\n', <fieldset, 123344523861773388340869658605892574301, http://localhost:3001/wallets/1
123344523861773388340869658605892574301, 205408199651108638240740156954365449134 -> form ['\n', <fieldset, 123344523861773388340869658605892574301, http://localhost:3001/wallets/1
123344523861773388340869658605892574301, 164770504787406092505723908950430241986 -> button ['×']{'type': 'button', 'data-dismiss': 'modal', 'aria-hidden': 'true'}, 123344523861773388340869658605892574301, http://localhost:3001/wallets/1
278076690333225625169989687868833103351, None, 278076690333225625169989687868833103351, http://localhost:3001/wallets
278076690333225625169989687868833103351, 229012394715946632535839126724900885144 -> a ['\n', <div class="pull-right text-success transaction_amount", 173894596443342006547440742441063591353, http://localhost:3001/wallets/1
278076690333225625169989687868833103351, None, 278076690333225625169989687868833103351, http://localhost:3001/wallets
278076690333225625169989687868833103351, 229012394715946632535839126724900885144 -> a ['\n', <div class="pull-right text-success transaction_amount", 46372237101507712675527163828808649724, http://localhost:3001/wallets/1
46372237101507712675527163828808649724, 193846586110871060058793389819788582164 -> a [<span aria-hidden="true" class="glyphicon glyphicon-import", 157873571506454063574920834269375867280, http://localhost:3001/wallets/1/import
157873571506454063574920834269375867280, 211529172816946856896018388012172770514 -> input []{'type': 'button', 'value': 'Select file', 'data-loading-text': 'Uploading...', 'data-invalue': 'Select file'}, 157873571506454063574920834269375867280, http://localhost:3001/wallets/1/import
278076690333225625169989687868833103351, None, 278076690333225625169989687868833103351, http://localhost:3001/wallets
278076690333225625169989687868833103351, 229012394715946632535839126724900885144 -> a ['\n', <div class="pull-right text-success transaction_amount", 321003121543401758193178933303037159428, http://localhost:3001/wallets/1
278076690333225625169989687868833103351, None, 278076690333225625169989687868833103351, http://localhost:3001/wallets
278076690333225625169989687868833103351, 229012394715946632535839126724900885144 -> a ['\n', <div class="pull-right text-success transaction_amount", 31995497139413047593951604076165321276, http://localhost:3001/wallets/1
31995497139413047593951604076165321276, 40033767128550119556758792738972518504 -> button [<span data-i18n="Add Income", 31995497139413047593951604076165321276, http://localhost:3001/wallets/1
278076690333225625169989687868833103351, None, 278076690333225625169989687868833103351, http://localhost:3001/wallets
278076690333225625169989687868833103351, 229012394715946632535839126724900885144 -> a ['\n', <div class="pull-right text-success transaction_amount", 31995497139413047593951604076165321276, http://localhost:3001/wallets/1
31995497139413047593951604076165321276, 193846586110871060058793389819788582164 -> a [<span aria-hidden="true" class="glyphicon glyphicon-import", 157873571506454063574920834269375867280, http://localhost:3001/wallets/1/import
278076690333225625169989687868833103351, None, 278076690333225625169989687868833103351, http://localhost:3001/wallets
278076690333225625169989687868833103351, 229012394715946632535839126724900885144 -> a ['\n', <div class="pull-right text-success transaction_amount", 31995497139413047593951604076165321276, http://localhost:3001/wallets/1
31995497139413047593951604076165321276, 300938307388621752250340407401666505920 -> form ['\n', <input class="form-control" data-i18nplaceholder="Describe expense and press Enter to add" id="add_transaction_text" placeholder="Describe expense and press Enter to add" type="text"/, 31995497139413047593951604076165321276, http://localhost:3001/wallets/1
278076690333225625169989687868833103351, None, 278076690333225625169989687868833103351, http://localhost:3001/wallets
278076690333225625169989687868833103351, 229012394715946632535839126724900885144 -> a ['\n', <div class="pull-right text-success transaction_amount", 31995497139413047593951604076165321276, http://localhost:3001/wallets/1
278076690333225625169989687868833103351, None, 278076690333225625169989687868833103351, http://localhost:3001/wallets
278076690333225625169989687868833103351, 229012394715946632535839126724900885144 -> a ['\n', <div class="pull-right text-success transaction_amount", 31995497139413047593951604076165321276, http://localhost:3001/wallets/1
31995497139413047593951604076165321276, 51734587471318764320500906054182906819 -> a [<span data-i18n="set total to", 321986187198473671496506595829657207099, http://localhost:3001/wallets/1
278076690333225625169989687868833103351, None, 278076690333225625169989687868833103351, http://localhost:3001/wallets
278076690333225625169989687868833103351, 229012394715946632535839126724900885144 -> a ['\n', <div class="pull-right text-success transaction_amount", 31995497139413047593951604076165321276, http://localhost:3001/wallets/1
31995497139413047593951604076165321276, 51734587471318764320500906054182906819 -> a [<span data-i18n="set total to", 123344523861773388340869658605892574301, http://localhost:3001/wallets/1
123344523861773388340869658605892574301, 290997046537929317093204731951347912223 -> form ['\n', <fieldset, 123344523861773388340869658605892574301, http://localhost:3001/wallets/1
123344523861773388340869658605892574301, 164770504787406092505723908950430241986 -> button ['×']{'type': 'button', 'data-dismiss': 'modal', 'aria-hidden': 'true'}, 123344523861773388340869658605892574301, http://localhost:3001/wallets/1
123344523861773388340869658605892574301, 290997046537929317093204731951347912223 -> form ['\n', <fieldset, 123344523861773388340869658605892574301, http://localhost:3001/wallets/1
123344523861773388340869658605892574301, 290997046537929317093204731951347912223 -> form ['\n', <fieldset, 123344523861773388340869658605892574301, http://localhost:3001/wallets/1
123344523861773388340869658605892574301, 164770504787406092505723908950430241986 -> button ['×']{'type': 'button', 'data-dismiss': 'modal', 'aria-hidden': 'true'}, 123344523861773388340869658605892574301, http://localhost:3001/wallets/1
123344523861773388340869658605892574301, 290997046537929317093204731951347912223 -> form ['\n', <fieldset, 123344523861773388340869658605892574301, http://localhost:3001/wallets/1
278076690333225625169989687868833103351, None, 278076690333225625169989687868833103351, http://localhost:3001/wallets
278076690333225625169989687868833103351, 229012394715946632535839126724900885144 -> a ['\n', <div class="pull-right text-success transaction_amount", 31995497139413047593951604076165321276, http://localhost:3001/wallets/1
31995497139413047593951604076165321276, 51734587471318764320500906054182906819 -> a [<span data-i18n="set total to", 241820293891305109263946735883330203305, http://localhost:3001/wallets/1
278076690333225625169989687868833103351, None, 278076690333225625169989687868833103351, http://localhost:3001/wallets
278076690333225625169989687868833103351, 59033961675128415164332924159931931082 -> button [<span class="glyphicon glyphicon-pencil", 278076690333225625169989687868833103351, http://localhost:3001/wallets
278076690333225625169989687868833103351, 75973569867143580563397877782352499845 -> a ['Goals']{'href': '/plans', 'data-in': 'Goals'}, 278076690333225625169989687868833103351, http://localhost:3001/wallets
278076690333225625169989687868833103351, None, 278076690333225625169989687868833103351, http://localhost:3001/wallets
278076690333225625169989687868833103351, None, 278076690333225625169989687868833103351, http://localhost:3001/wallets
278076690333225625169989687868833103351, 5608938641747884300044405205556053003 -> button [<span class="glyphicon glyphicon-user", 278076690333225625169989687868833103351, http://localhost:3001/wallets
278076690333225625169989687868833103351, 238793388412553796489369081198711123509 -> a ['$ dimeshift']{'href': '/'}, 278076690333225625169989687868833103351, http://localhost:3001/wallets
278076690333225625169989687868833103351, 209638118784994731842872023555060259766 -> a ['Log Out']{'href': '/user/logout', 'data-in': 'Log Out'}, 273013707929562229875018714570786870719, http://localhost:3001/
77659574643383717146484374309974862090, None, 77659574643383717146484374309974862090, http://localhost:3001/
77659574643383717146484374309974862090, 143912285649067720774554330843865674796 -> a ['Register']{'href': '/user/registration', 'data-in': 'Register'}, 108155317404425926386627841263932698381, http://localhost:3001/wallets/
108155317404425926386627841263932698381, 75973569867143580563397877782352499845 -> a ['Goals']{'href': '/plans', 'data-in': 'Goals'}, 83558075488273972600928305895013870470, http://localhost:3001/wallets
83558075488273972600928305895013870470, 320174147126102010907134653534871470777 -> button [<span class="glyphicon glyphicon-trash", 83558075488273972600928305895013870470, http://localhost:3001/wallets
83558075488273972600928305895013870470, 19742663727663056798875961854711647863 -> button ['Next »']{'data-role': 'next'}, 153777386297767083565318637279682368563, http://localhost:3001/wallets
153777386297767083565318637279682368563, 300751665168627153148336742419379174362 -> form ['\n', <div class="modal-body modal-body-default" style="padding-bottom: 0;", 153777386297767083565318637279682368563, http://localhost:3001/wallets
153777386297767083565318637279682368563, 300751665168627153148336742419379174362 -> form ['\n', <div class="modal-body modal-body-default" style="padding-bottom: 0;", 153777386297767083565318637279682368563, http://localhost:3001/wallets
153777386297767083565318637279682368563, 300751665168627153148336742419379174362 -> form ['\n', <div class="modal-body modal-body-default" style="padding-bottom: 0;", 153777386297767083565318637279682368563, http://localhost:3001/wallets
153777386297767083565318637279682368563, 300751665168627153148336742419379174362 -> form ['\n', <div class="modal-body modal-body-default" style="padding-bottom: 0;", 153777386297767083565318637279682368563, http://localhost:3001/wallets
77659574643383717146484374309974862090, None, 77659574643383717146484374309974862090, http://localhost:3001/
77659574643383717146484374309974862090, 143912285649067720774554330843865674796 -> a ['Register']{'href': '/user/registration', 'data-in': 'Register'}, 108155317404425926386627841263932698381, http://localhost:3001/wallets/
108155317404425926386627841263932698381, 75973569867143580563397877782352499845 -> a ['Goals']{'href': '/plans', 'data-in': 'Goals'}, 72531636581646122167633490317576420706, http://localhost:3001/wallets
72531636581646122167633490317576420706, 224761525322852148912055384139340634378 -> a [<span class="glyphicon glyphicon-trash", 72531636581646122167633490317576420706, http://localhost:3001/wallets
72531636581646122167633490317576420706, 5608938641747884300044405205556053003 -> button [<span class="glyphicon glyphicon-user", 72531636581646122167633490317576420706, http://localhost:3001/wallets
72531636581646122167633490317576420706, 12549387572312034662595380537530510228 -> a [<span class="glyphicon glyphicon-ok", 72531636581646122167633490317576420706, http://localhost:3001/wallets
72531636581646122167633490317576420706, 305796486032954507901758707444956530858 -> a ['\n', <div class="pull-right text-success transaction_amount", 35043735162816281089218118718605115608, http://localhost:3001/wallets/7
253210429649757045617141507568366515, None, 253210429649757045617141507568366515, http://localhost:3001/wallets
253210429649757045617141507568366515, None, 253210429649757045617141507568366515, http://localhost:3001/wallets
253210429649757045617141507568366515, None, 253210429649757045617141507568366515, http://localhost:3001/wallets
253210429649757045617141507568366515, 59033961675128415164332924159931931082 -> button [<span class="glyphicon glyphicon-pencil", 140056990258349483409956460737592238996, http://localhost:3001/wallets
140056990258349483409956460737592238996, 164770504787406092505723908950430241986 -> button ['×']{'type': 'button', 'data-dismiss': 'modal', 'aria-hidden': 'true'}, 253210429649757045617141507568366515, http://localhost:3001/wallets
253210429649757045617141507568366515, 59033961675128415164332924159931931082 -> button [<span class="glyphicon glyphicon-pencil", 161506070751905864499390122357867492011, http://localhost:3001/wallets
161506070751905864499390122357867492011, 65141161592695401203524601848507345692 -> form ['\n', <fieldset, 161506070751905864499390122357867492011, http://localhost:3001/wallets
161506070751905864499390122357867492011, 65141161592695401203524601848507345692 -> form ['\n', <fieldset, 161506070751905864499390122357867492011, http://localhost:3001/wallets
161506070751905864499390122357867492011, 65141161592695401203524601848507345692 -> form ['\n', <fieldset, 253210429649757045617141507568366515, http://localhost:3001/wallets
253210429649757045617141507568366515, 59033961675128415164332924159931931082 -> button [<span class="glyphicon glyphicon-pencil", 253210429649757045617141507568366515, http://localhost:3001/wallets
253210429649757045617141507568366515, 186037210004141989051388640614981630902 -> a ['Settings']{'href': '/profile', 'data-in': 'Settings'}, 182798277483336358993202069468154257416, http://localhost:3001/profile
253210429649757045617141507568366515, None, 253210429649757045617141507568366515, http://localhost:3001/wallets
253210429649757045617141507568366515, 186037210004141989051388640614981630902 -> a ['Settings']{'href': '/profile', 'data-in': 'Settings'}, 182798277483336358993202069468154257416, http://localhost:3001/profile
253210429649757045617141507568366515, None, 253210429649757045617141507568366515, http://localhost:3001/wallets
253210429649757045617141507568366515, 186037210004141989051388640614981630902 -> a ['Settings']{'href': '/profile', 'data-in': 'Settings'}, 182798277483336358993202069468154257416, http://localhost:3001/profile
182798277483336358993202069468154257416, 8142538131559096661768932965299746936 -> form ['\n', <div class="form-group", 4636846109495829244253792608617151747, http://localhost:3001/profile
253210429649757045617141507568366515, None, 253210429649757045617141507568366515, http://localhost:3001/wallets
253210429649757045617141507568366515, 186037210004141989051388640614981630902 -> a ['Settings']{'href': '/profile', 'data-in': 'Settings'}, 182798277483336358993202069468154257416, http://localhost:3001/profile
182798277483336358993202069468154257416, 8142538131559096661768932965299746936 -> form ['\n', <div class="form-group", 4636846109495829244253792608617151747, http://localhost:3001/profile
253210429649757045617141507568366515, None, 253210429649757045617141507568366515, http://localhost:3001/wallets
253210429649757045617141507568366515, 186037210004141989051388640614981630902 -> a ['Settings']{'href': '/profile', 'data-in': 'Settings'}, 182798277483336358993202069468154257416, http://localhost:3001/profile
182798277483336358993202069468154257416, 109900342370374619712692107935887661741 -> a [<span class="glyphicon glyphicon-trash", 104956109460716074744859037402039982850, http://localhost:3001/profile#
104956109460716074744859037402039982850, 225145757798679539849455265193339328988 -> form ['\n', <div class="form-group", 104956109460716074744859037402039982850, http://localhost:3001/profile#
104956109460716074744859037402039982850, 225145757798679539849455265193339328988 -> form ['\n', <div class="form-group", 104956109460716074744859037402039982850, http://localhost:3001/profile#
104956109460716074744859037402039982850, 145633068536459322312414860502993133376 -> a [<span data-i18n="Log Out", 104697402886576868678798032013257024063, http://localhost:3001/
104697402886576868678798032013257024063, 53030406825762545276438289970305043077 -> a ['Home']{'href': '/', 'data-in': 'Home'}, 104697402886576868678798032013257024063, http://localhost:3001/
104697402886576868678798032013257024063, 280553687692852780123066102917098299601 -> a []{'href': 'http://localhost:3001/images/homepage/screenshots/wallets.jpg', 'id': 'image-link-wallets', 'style': "background-image: url('http://localhost:/images/homepage/screenshots/wallets.jpg');"}, 104697402886576868678798032013257024063, http://localhost:3001/
104697402886576868678798032013257024063, 136504310823099385748378508891970664617 -> a []{'href': 'http://localhost:3001/images/homepage/screenshots/i18n.jpg', 'id': 'image-link-', 'style': "background-image: url('http://localhost:/images/homepage/screenshots/in.jpg');"}, 104697402886576868678798032013257024063, http://localhost:3001/
77659574643383717146484374309974862090, None, 77659574643383717146484374309974862090, http://localhost:3001/
77659574643383717146484374309974862090, 143912285649067720774554330843865674796 -> a ['Register']{'href': '/user/registration', 'data-in': 'Register'}, 108155317404425926386627841263932698381, http://localhost:3001/wallets/
108155317404425926386627841263932698381, 75973569867143580563397877782352499845 -> a ['Goals']{'href': '/plans', 'data-in': 'Goals'}, 294319397194321525224910075338465558139, http://localhost:3001/wallets
294319397194321525224910075338465558139, 320174147126102010907134653534871470777 -> button [<span class="glyphicon glyphicon-trash", 294319397194321525224910075338465558139, http://localhost:3001/wallets
294319397194321525224910075338465558139, 24783666557245327062948328561070951608 -> a [<span data-i18n="Home", 294319397194321525224910075338465558139, http://localhost:3001/wallets
294319397194321525224910075338465558139, 251638995920279811777433914738365070530 -> a ['\n', <div class="pull-right text-success transaction_amount", 232138427335586283580510334986224498324, http://localhost:3001/wallets/10
204133606863188857921215272467365725013, None, 204133606863188857921215272467365725013, http://localhost:3001/wallets
204133606863188857921215272467365725013, 186037210004141989051388640614981630902 -> a ['Settings']{'href': '/profile', 'data-in': 'Settings'}, 182798277483336358993202069468154257416, http://localhost:3001/profile
182798277483336358993202069468154257416, 109900342370374619712692107935887661741 -> a [<span class="glyphicon glyphicon-trash", 104956109460716074744859037402039982850, http://localhost:3001/profile#
104956109460716074744859037402039982850, 145633068536459322312414860502993133376 -> a [<span data-i18n="Log Out", 104697402886576868678798032013257024063, http://localhost:3001/
77659574643383717146484374309974862090, None, 77659574643383717146484374309974862090, http://localhost:3001/
77659574643383717146484374309974862090, 143912285649067720774554330843865674796 -> a ['Register']{'href': '/user/registration', 'data-in': 'Register'}, 108155317404425926386627841263932698381, http://localhost:3001/wallets/
108155317404425926386627841263932698381, 75973569867143580563397877782352499845 -> a ['Goals']{'href': '/plans', 'data-in': 'Goals'}, 262455838009123966136690594960567327070, http://localhost:3001/wallets
262455838009123966136690594960567327070, 289724914631465006120433547142160301660 -> button ['« Prev']{'data-role': 'prev'}, 262455838009123966136690594960567327070, http://localhost:3001/wallets
262455838009123966136690594960567327070, 205911053392441145155640008213943745727 -> a [<span class="glyphicon glyphicon-ok", 262455838009123966136690594960567327070, http://localhost:3001/wallets
262455838009123966136690594960567327070, 320174147126102010907134653534871470777 -> button [<span class="glyphicon glyphicon-trash", 262455838009123966136690594960567327070, http://localhost:3001/wallets
262455838009123966136690594960567327070, 207847107984460188533312753476396637913 -> a [<span class="glyphicon glyphicon-user", 262455838009123966136690594960567327070, http://localhost:3001/wallets
262455838009123966136690594960567327070, 187608351352601639924978073696346127114 -> a ['\n', <div class="pull-right text-success transaction_amount", 182766926464019133831180558786568102160, http://localhost:3001/wallets/13
182766926464019133831180558786568102160, 300938307388621752250340407401666505920 -> form ['\n', <input class="form-control" data-i18nplaceholder="Describe expense and press Enter to add" id="add_transaction_text" placeholder="Describe expense and press Enter to add" type="text"/, 182766926464019133831180558786568102160, http://localhost:3001/wallets/13
194689581119877770192308412840909625017, None, 194689581119877770192308412840909625017, http://localhost:3001/wallets
194689581119877770192308412840909625017, None, 194689581119877770192308412840909625017, http://localhost:3001/wallets
194689581119877770192308412840909625017, 277712453453955741677905488786830410505 -> a ['Contact']{'href': 'mailto:jeka911@gmail.com?subject=Wallet', 'data-in': 'Contact'}, 194689581119877770192308412840909625017, http://localhost:3001/wallets
194689581119877770192308412840909625017, None, 194689581119877770192308412840909625017, http://localhost:3001/wallets
194689581119877770192308412840909625017, 320174147126102010907134653534871470777 -> button [<span class="glyphicon glyphicon-trash", 194689581119877770192308412840909625017, http://localhost:3001/wallets
194689581119877770192308412840909625017, 207847107984460188533312753476396637913 -> a [<span class="glyphicon glyphicon-user", 194689581119877770192308412840909625017, http://localhost:3001/wallets
194689581119877770192308412840909625017, 205911053392441145155640008213943745727 -> a [<span class="glyphicon glyphicon-ok", 194689581119877770192308412840909625017, http://localhost:3001/wallets
194689581119877770192308412840909625017, 69261900354377929876421606824271450118 -> a [<span aria-hidden="true" class="glyphicon glyphicon-globe", 194689581119877770192308412840909625017, http://localhost:3001/wallets
194689581119877770192308412840909625017, 12549387572312034662595380537530510228 -> a [<span class="glyphicon glyphicon-ok", 194689581119877770192308412840909625017, http://localhost:3001/wallets
194689581119877770192308412840909625017, None, 194689581119877770192308412840909625017, http://localhost:3001/wallets
194689581119877770192308412840909625017, 187608351352601639924978073696346127114 -> a ['\n', <div class="pull-right text-success transaction_amount", 284544143052112306423063417004816874966, http://localhost:3001/wallets/13
194689581119877770192308412840909625017, None, 194689581119877770192308412840909625017, http://localhost:3001/wallets
194689581119877770192308412840909625017, 187608351352601639924978073696346127114 -> a ['\n', <div class="pull-right text-success transaction_amount", 209758394063811437484779964244516863466, http://localhost:3001/wallets/13
194689581119877770192308412840909625017, None, 194689581119877770192308412840909625017, http://localhost:3001/wallets
194689581119877770192308412840909625017, 187608351352601639924978073696346127114 -> a ['\n', <div class="pull-right text-success transaction_amount", 284544143052112306423063417004816874966, http://localhost:3001/wallets/13
194689581119877770192308412840909625017, None, 194689581119877770192308412840909625017, http://localhost:3001/wallets
194689581119877770192308412840909625017, 187608351352601639924978073696346127114 -> a ['\n', <div class="pull-right text-success transaction_amount", 284092625124679224761723661257941746608, http://localhost:3001/wallets/13
194689581119877770192308412840909625017, None, 194689581119877770192308412840909625017, http://localhost:3001/wallets
194689581119877770192308412840909625017, 187608351352601639924978073696346127114 -> a ['\n', <div class="pull-right text-success transaction_amount", 331822656257099778608800665778567612735, http://localhost:3001/wallets/13
194689581119877770192308412840909625017, None, 194689581119877770192308412840909625017, http://localhost:3001/wallets
194689581119877770192308412840909625017, 187608351352601639924978073696346127114 -> a ['\n', <div class="pull-right text-success transaction_amount", 155667590251886630108678924303172023056, http://localhost:3001/wallets/13
194689581119877770192308412840909625017, None, 194689581119877770192308412840909625017, http://localhost:3001/wallets
194689581119877770192308412840909625017, 187608351352601639924978073696346127114 -> a ['\n', <div class="pull-right text-success transaction_amount", 209758394063811437484779964244516863466, http://localhost:3001/wallets/13
209758394063811437484779964244516863466, 51734587471318764320500906054182906819 -> a [<span data-i18n="set total to", 120640403013886827994310334762104318341, http://localhost:3001/wallets/13
120640403013886827994310334762104318341, 290997046537929317093204731951347912223 -> form ['\n', <fieldset, 120640403013886827994310334762104318341, http://localhost:3001/wallets/13
120640403013886827994310334762104318341, 290997046537929317093204731951347912223 -> form ['\n', <fieldset, 120640403013886827994310334762104318341, http://localhost:3001/wallets/13
120640403013886827994310334762104318341, 164770504787406092505723908950430241986 -> button ['×']{'type': 'button', 'data-dismiss': 'modal', 'aria-hidden': 'true'}, 120640403013886827994310334762104318341, http://localhost:3001/wallets/13
120640403013886827994310334762104318341, 164770504787406092505723908950430241986 -> button ['×']{'type': 'button', 'data-dismiss': 'modal', 'aria-hidden': 'true'}, 120640403013886827994310334762104318341, http://localhost:3001/wallets/13
120640403013886827994310334762104318341, 290997046537929317093204731951347912223 -> form ['\n', <fieldset, 120640403013886827994310334762104318341, http://localhost:3001/wallets/13
120640403013886827994310334762104318341, 164770504787406092505723908950430241986 -> button ['×']{'type': 'button', 'data-dismiss': 'modal', 'aria-hidden': 'true'}, 120640403013886827994310334762104318341, http://localhost:3001/wallets/13
194689581119877770192308412840909625017, None, 194689581119877770192308412840909625017, http://localhost:3001/wallets
194689581119877770192308412840909625017, 187608351352601639924978073696346127114 -> a ['\n', <div class="pull-right text-success transaction_amount", 209758394063811437484779964244516863466, http://localhost:3001/wallets/13
209758394063811437484779964244516863466, 51734587471318764320500906054182906819 -> a [<span data-i18n="set total to", 120640403013886827994310334762104318341, http://localhost:3001/wallets/13
120640403013886827994310334762104318341, 164770504787406092505723908950430241986 -> button ['×']{'type': 'button', 'data-dismiss': 'modal', 'aria-hidden': 'true'}, 120640403013886827994310334762104318341, http://localhost:3001/wallets/13
120640403013886827994310334762104318341, 290997046537929317093204731951347912223 -> form ['\n', <fieldset, 120640403013886827994310334762104318341, http://localhost:3001/wallets/13
120640403013886827994310334762104318341, 164770504787406092505723908950430241986 -> button ['×']{'type': 'button', 'data-dismiss': 'modal', 'aria-hidden': 'true'}, 120640403013886827994310334762104318341, http://localhost:3001/wallets/13
120640403013886827994310334762104318341, 290997046537929317093204731951347912223 -> form ['\n', <fieldset, 120640403013886827994310334762104318341, http://localhost:3001/wallets/13
120640403013886827994310334762104318341, 164770504787406092505723908950430241986 -> button ['×']{'type': 'button', 'data-dismiss': 'modal', 'aria-hidden': 'true'}, 120640403013886827994310334762104318341, http://localhost:3001/wallets/13
120640403013886827994310334762104318341, 290997046537929317093204731951347912223 -> form ['\n', <fieldset, 120640403013886827994310334762104318341, http://localhost:3001/wallets/13
194689581119877770192308412840909625017, None, 194689581119877770192308412840909625017, http://localhost:3001/wallets
194689581119877770192308412840909625017, 187608351352601639924978073696346127114 -> a ['\n', <div class="pull-right text-success transaction_amount", 209758394063811437484779964244516863466, http://localhost:3001/wallets/13
209758394063811437484779964244516863466, 158009411471723493269880909046446417559 -> a [<span data-i18n="Set Goal", 185827301299782057023200495622427573930, http://localhost:3001/wallets
194689581119877770192308412840909625017, None, 194689581119877770192308412840909625017, http://localhost:3001/wallets
194689581119877770192308412840909625017, 187608351352601639924978073696346127114 -> a ['\n', <div class="pull-right text-success transaction_amount", 209758394063811437484779964244516863466, http://localhost:3001/wallets/13
209758394063811437484779964244516863466, 158009411471723493269880909046446417559 -> a [<span data-i18n="Set Goal", 185827301299782057023200495622427573930, http://localhost:3001/wallets
194689581119877770192308412840909625017, None, 194689581119877770192308412840909625017, http://localhost:3001/wallets
194689581119877770192308412840909625017, 187608351352601639924978073696346127114 -> a ['\n', <div class="pull-right text-success transaction_amount", 209758394063811437484779964244516863466, http://localhost:3001/wallets/13
209758394063811437484779964244516863466, 158009411471723493269880909046446417559 -> a [<span data-i18n="Set Goal", 185827301299782057023200495622427573930, http://localhost:3001/wallets
194689581119877770192308412840909625017, None, 194689581119877770192308412840909625017, http://localhost:3001/wallets
194689581119877770192308412840909625017, 187608351352601639924978073696346127114 -> a ['\n', <div class="pull-right text-success transaction_amount", 43390060132409786231053138499178440728, http://localhost:3001/wallets/13
43390060132409786231053138499178440728, 51734587471318764320500906054182906819 -> a [<span data-i18n="set total to", 205981714802618997443515388694845808644, http://localhost:3001/wallets/13
205981714802618997443515388694845808644, 290997046537929317093204731951347912223 -> form ['\n', <fieldset, 205981714802618997443515388694845808644, http://localhost:3001/wallets/13
205981714802618997443515388694845808644, 290997046537929317093204731951347912223 -> form ['\n', <fieldset, 205981714802618997443515388694845808644, http://localhost:3001/wallets/13
205981714802618997443515388694845808644, 164770504787406092505723908950430241986 -> button ['×']{'type': 'button', 'data-dismiss': 'modal', 'aria-hidden': 'true'}, 205981714802618997443515388694845808644, http://localhost:3001/wallets/13
205981714802618997443515388694845808644, 164770504787406092505723908950430241986 -> button ['×']{'type': 'button', 'data-dismiss': 'modal', 'aria-hidden': 'true'}, 205981714802618997443515388694845808644, http://localhost:3001/wallets/13
205981714802618997443515388694845808644, 290997046537929317093204731951347912223 -> form ['\n', <fieldset, 205981714802618997443515388694845808644, http://localhost:3001/wallets/13
205981714802618997443515388694845808644, 290997046537929317093204731951347912223 -> form ['\n', <fieldset, 205981714802618997443515388694845808644, http://localhost:3001/wallets/13
194689581119877770192308412840909625017, None, 194689581119877770192308412840909625017, http://localhost:3001/wallets
194689581119877770192308412840909625017, 187608351352601639924978073696346127114 -> a ['\n', <div class="pull-right text-success transaction_amount", 218722149429858417277980627580339350815, http://localhost:3001/wallets/13
194689581119877770192308412840909625017, None, 194689581119877770192308412840909625017, http://localhost:3001/wallets
194689581119877770192308412840909625017, 187608351352601639924978073696346127114 -> a ['\n', <div class="pull-right text-success transaction_amount", 164291324495967781866599229345991585030, http://localhost:3001/wallets/13
164291324495967781866599229345991585030, 101351696970418978704965848255155708236 -> a [<span aria-hidden="true" class="glyphicon glyphicon-import", 155750694425971005261161907823280394561, http://localhost:3001/wallets/13/import
155750694425971005261161907823280394561, 211529172816946856896018388012172770514 -> input []{'type': 'button', 'value': 'Select file', 'data-loading-text': 'Uploading...', 'data-invalue': 'Select file'}, 155750694425971005261161907823280394561, http://localhost:3001/wallets/13/import
194689581119877770192308412840909625017, None, 194689581119877770192308412840909625017, http://localhost:3001/wallets
194689581119877770192308412840909625017, 187608351352601639924978073696346127114 -> a ['\n', <div class="pull-right text-success transaction_amount", 43390060132409786231053138499178440728, http://localhost:3001/wallets/13
43390060132409786231053138499178440728, 51734587471318764320500906054182906819 -> a [<span data-i18n="set total to", 205981714802618997443515388694845808644, http://localhost:3001/wallets/13
205981714802618997443515388694845808644, 290997046537929317093204731951347912223 -> form ['\n', <fieldset, 205981714802618997443515388694845808644, http://localhost:3001/wallets/13
205981714802618997443515388694845808644, 290997046537929317093204731951347912223 -> form ['\n', <fieldset, 205981714802618997443515388694845808644, http://localhost:3001/wallets/13
205981714802618997443515388694845808644, 164770504787406092505723908950430241986 -> button ['×']{'type': 'button', 'data-dismiss': 'modal', 'aria-hidden': 'true'}, 205981714802618997443515388694845808644, http://localhost:3001/wallets/13
205981714802618997443515388694845808644, 164770504787406092505723908950430241986 -> button ['×']{'type': 'button', 'data-dismiss': 'modal', 'aria-hidden': 'true'}, 205981714802618997443515388694845808644, http://localhost:3001/wallets/13
205981714802618997443515388694845808644, 164770504787406092505723908950430241986 -> button ['×']{'type': 'button', 'data-dismiss': 'modal', 'aria-hidden': 'true'}, 205981714802618997443515388694845808644, http://localhost:3001/wallets/13
205981714802618997443515388694845808644, 164770504787406092505723908950430241986 -> button ['×']{'type': 'button', 'data-dismiss': 'modal', 'aria-hidden': 'true'}, 205981714802618997443515388694845808644, http://localhost:3001/wallets/13
194689581119877770192308412840909625017, None, 194689581119877770192308412840909625017, http://localhost:3001/wallets
194689581119877770192308412840909625017, 187608351352601639924978073696346127114 -> a ['\n', <div class="pull-right text-success transaction_amount", 209758394063811437484779964244516863466, http://localhost:3001/wallets/13
209758394063811437484779964244516863466, 158009411471723493269880909046446417559 -> a [<span data-i18n="Set Goal", 185827301299782057023200495622427573930, http://localhost:3001/wallets
194689581119877770192308412840909625017, None, 194689581119877770192308412840909625017, http://localhost:3001/wallets
194689581119877770192308412840909625017, 187608351352601639924978073696346127114 -> a ['\n', <div class="pull-right text-success transaction_amount", 43390060132409786231053138499178440728, http://localhost:3001/wallets/13
194689581119877770192308412840909625017, None, 194689581119877770192308412840909625017, http://localhost:3001/wallets
194689581119877770192308412840909625017, 187608351352601639924978073696346127114 -> a ['\n', <div class="pull-right text-success transaction_amount", 209758394063811437484779964244516863466, http://localhost:3001/wallets/13
209758394063811437484779964244516863466, 101351696970418978704965848255155708236 -> a [<span aria-hidden="true" class="glyphicon glyphicon-import", 155750694425971005261161907823280394561, http://localhost:3001/wallets/13/import
194689581119877770192308412840909625017, None, 194689581119877770192308412840909625017, http://localhost:3001/wallets
194689581119877770192308412840909625017, 187608351352601639924978073696346127114 -> a ['\n', <div class="pull-right text-success transaction_amount", 209758394063811437484779964244516863466, http://localhost:3001/wallets/13
194689581119877770192308412840909625017, None, 194689581119877770192308412840909625017, http://localhost:3001/wallets
194689581119877770192308412840909625017, 187608351352601639924978073696346127114 -> a ['\n', <div class="pull-right text-success transaction_amount", 209758394063811437484779964244516863466, http://localhost:3001/wallets/13
194689581119877770192308412840909625017, None, 194689581119877770192308412840909625017, http://localhost:3001/wallets
194689581119877770192308412840909625017, 187608351352601639924978073696346127114 -> a ['\n', <div class="pull-right text-success transaction_amount", 183902998211361776846571388225925282879, http://localhost:3001/wallets/13
194689581119877770192308412840909625017, None, 194689581119877770192308412840909625017, http://localhost:3001/wallets
194689581119877770192308412840909625017, 187608351352601639924978073696346127114 -> a ['\n', <div class="pull-right text-success transaction_amount", 43390060132409786231053138499178440728, http://localhost:3001/wallets/13
194689581119877770192308412840909625017, None, 194689581119877770192308412840909625017, http://localhost:3001/wallets
194689581119877770192308412840909625017, 187608351352601639924978073696346127114 -> a ['\n', <div class="pull-right text-success transaction_amount", 45198586089833245398535599086156003319, http://localhost:3001/wallets/13
45198586089833245398535599086156003319, 40033767128550119556758792738972518504 -> button [<span data-i18n="Add Income", 120640403013886827994310334762104318341, http://localhost:3001/wallets/13
120640403013886827994310334762104318341, 205408199651108638240740156954365449134 -> form ['\n', <fieldset, 120640403013886827994310334762104318341, http://localhost:3001/wallets/13
120640403013886827994310334762104318341, 205408199651108638240740156954365449134 -> form ['\n', <fieldset, 120640403013886827994310334762104318341, http://localhost:3001/wallets/13
120640403013886827994310334762104318341, 205408199651108638240740156954365449134 -> form ['\n', <fieldset, 120640403013886827994310334762104318341, http://localhost:3001/wallets/13
120640403013886827994310334762104318341, 164770504787406092505723908950430241986 -> button ['×']{'type': 'button', 'data-dismiss': 'modal', 'aria-hidden': 'true'}, 120640403013886827994310334762104318341, http://localhost:3001/wallets/13
120640403013886827994310334762104318341, 164770504787406092505723908950430241986 -> button ['×']{'type': 'button', 'data-dismiss': 'modal', 'aria-hidden': 'true'}, 120640403013886827994310334762104318341, http://localhost:3001/wallets/13
120640403013886827994310334762104318341, 164770504787406092505723908950430241986 -> button ['×']{'type': 'button', 'data-dismiss': 'modal', 'aria-hidden': 'true'}, 120640403013886827994310334762104318341, http://localhost:3001/wallets/13
194689581119877770192308412840909625017, None, 194689581119877770192308412840909625017, http://localhost:3001/wallets
194689581119877770192308412840909625017, 187608351352601639924978073696346127114 -> a ['\n', <div class="pull-right text-success transaction_amount", 120640403013886827994310334762104318341, http://localhost:3001/wallets/13
120640403013886827994310334762104318341, 332632648636535438633633310846405598435 -> button ['\n', <span aria-hidden="true" class="glyphicon glyphicon-chevron-down", 120640403013886827994310334762104318341, http://localhost:3001/wallets/13
120640403013886827994310334762104318341, 101351696970418978704965848255155708236 -> a [<span aria-hidden="true" class="glyphicon glyphicon-import", 155750694425971005261161907823280394561, http://localhost:3001/wallets/13/import
155750694425971005261161907823280394561, 211529172816946856896018388012172770514 -> input []{'type': 'button', 'value': 'Select file', 'data-loading-text': 'Uploading...', 'data-invalue': 'Select file'}, 155750694425971005261161907823280394561, http://localhost:3001/wallets/13/import
194689581119877770192308412840909625017, None, 194689581119877770192308412840909625017, http://localhost:3001/wallets
194689581119877770192308412840909625017, 187608351352601639924978073696346127114 -> a ['\n', <div class="pull-right text-success transaction_amount", 120640403013886827994310334762104318341, http://localhost:3001/wallets/13
120640403013886827994310334762104318341, 40033767128550119556758792738972518504 -> button [<span data-i18n="Add Income", 120640403013886827994310334762104318341, http://localhost:3001/wallets/13
120640403013886827994310334762104318341, 328680192326421016123013048610023517055 -> a [<span data-i18n="Wallets", 120640403013886827994310334762104318341, http://localhost:3001/wallets/13
120640403013886827994310334762104318341, 300938307388621752250340407401666505920 -> form ['\n', <input class="form-control" data-i18nplaceholder="Describe expense and press Enter to add" id="add_transaction_text" placeholder="Describe expense and press Enter to add" type="text"/, 120640403013886827994310334762104318341, http://localhost:3001/wallets/13
120640403013886827994310334762104318341, 300938307388621752250340407401666505920 -> form ['\n', <input class="form-control" data-i18nplaceholder="Describe expense and press Enter to add" id="add_transaction_text" placeholder="Describe expense and press Enter to add" type="text"/, 120640403013886827994310334762104318341, http://localhost:3001/wallets/13
120640403013886827994310334762104318341, 158009411471723493269880909046446417559 -> a [<span data-i18n="Set Goal", 185827301299782057023200495622427573930, http://localhost:3001/wallets
194689581119877770192308412840909625017, None, 194689581119877770192308412840909625017, http://localhost:3001/wallets
194689581119877770192308412840909625017, 187608351352601639924978073696346127114 -> a ['\n', <div class="pull-right text-success transaction_amount", 120640403013886827994310334762104318341, http://localhost:3001/wallets/13
120640403013886827994310334762104318341, 51734587471318764320500906054182906819 -> a [<span data-i18n="set total to", 120640403013886827994310334762104318341, http://localhost:3001/wallets/13
120640403013886827994310334762104318341, 101351696970418978704965848255155708236 -> a [<span aria-hidden="true" class="glyphicon glyphicon-import", 120640403013886827994310334762104318341, http://localhost:3001/wallets/13
120640403013886827994310334762104318341, 332632648636535438633633310846405598435 -> button ['\n', <span aria-hidden="true" class="glyphicon glyphicon-chevron-down", 120640403013886827994310334762104318341, http://localhost:3001/wallets/13
120640403013886827994310334762104318341, 158009411471723493269880909046446417559 -> a [<span data-i18n="Set Goal", 185827301299782057023200495622427573930, http://localhost:3001/wallets
194689581119877770192308412840909625017, None, 194689581119877770192308412840909625017, http://localhost:3001/wallets
194689581119877770192308412840909625017, 187608351352601639924978073696346127114 -> a ['\n', <div class="pull-right text-success transaction_amount", 313495641986570873994811312750127223102, http://localhost:3001/wallets/13
313495641986570873994811312750127223102, 101351696970418978704965848255155708236 -> a [<span aria-hidden="true" class="glyphicon glyphicon-import", 155750694425971005261161907823280394561, http://localhost:3001/wallets/13/import
194689581119877770192308412840909625017, None, 194689581119877770192308412840909625017, http://localhost:3001/wallets
194689581119877770192308412840909625017, 187608351352601639924978073696346127114 -> a ['\n', <div class="pull-right text-success transaction_amount", 154035011703223515840946882053119918554, http://localhost:3001/wallets/13
154035011703223515840946882053119918554, 158009411471723493269880909046446417559 -> a [<span data-i18n="Set Goal", 185827301299782057023200495622427573930, http://localhost:3001/wallets
194689581119877770192308412840909625017, None, 194689581119877770192308412840909625017, http://localhost:3001/wallets
194689581119877770192308412840909625017, 187608351352601639924978073696346127114 -> a ['\n', <div class="pull-right text-success transaction_amount", 1273120855424247981697734557906806326, http://localhost:3001/wallets/13
194689581119877770192308412840909625017, None, 194689581119877770192308412840909625017, http://localhost:3001/wallets
194689581119877770192308412840909625017, 187608351352601639924978073696346127114 -> a ['\n', <div class="pull-right text-success transaction_amount", 116378981964960087234984813160007861839, http://localhost:3001/wallets/13
194689581119877770192308412840909625017, None, 194689581119877770192308412840909625017, http://localhost:3001/wallets
194689581119877770192308412840909625017, 187608351352601639924978073696346127114 -> a ['\n', <div class="pull-right text-success transaction_amount", 120640403013886827994310334762104318341, http://localhost:3001/wallets/13
120640403013886827994310334762104318341, 51734587471318764320500906054182906819 -> a [<span data-i18n="set total to", 120640403013886827994310334762104318341, http://localhost:3001/wallets/13
120640403013886827994310334762104318341, 300938307388621752250340407401666505920 -> form ['\n', <input class="form-control" data-i18nplaceholder="Describe expense and press Enter to add" id="add_transaction_text" placeholder="Describe expense and press Enter to add" type="text"/, 120640403013886827994310334762104318341, http://localhost:3001/wallets/13
120640403013886827994310334762104318341, 328680192326421016123013048610023517055 -> a [<span data-i18n="Wallets", 120640403013886827994310334762104318341, http://localhost:3001/wallets/13
120640403013886827994310334762104318341, 158009411471723493269880909046446417559 -> a [<span data-i18n="Set Goal", 120640403013886827994310334762104318341, http://localhost:3001/wallets/13
120640403013886827994310334762104318341, 101351696970418978704965848255155708236 -> a [<span aria-hidden="true" class="glyphicon glyphicon-import", 155750694425971005261161907823280394561, http://localhost:3001/wallets/13/import
194689581119877770192308412840909625017, None, 194689581119877770192308412840909625017, http://localhost:3001/wallets
194689581119877770192308412840909625017, 336145394240353959266535772156875663398 -> a [<span data-i18n="Add", 239274330236478480834779109311249137657, http://localhost:3001/wallets
239274330236478480834779109311249137657, 164770504787406092505723908950430241986 -> button ['×']{'type': 'button', 'data-dismiss': 'modal', 'aria-hidden': 'true'}, 194689581119877770192308412840909625017, http://localhost:3001/wallets
194689581119877770192308412840909625017, 336145394240353959266535772156875663398 -> a [<span data-i18n="Add", 239274330236478480834779109311249137657, http://localhost:3001/wallets
239274330236478480834779109311249137657, 52430776314973270160166886406622674883 -> form ['\n', <fieldset, 239274330236478480834779109311249137657, http://localhost:3001/wallets
239274330236478480834779109311249137657, 52430776314973270160166886406622674883 -> form ['\n', <fieldset, 239274330236478480834779109311249137657, http://localhost:3001/wallets
239274330236478480834779109311249137657, 164770504787406092505723908950430241986 -> button ['×']{'type': 'button', 'data-dismiss': 'modal', 'aria-hidden': 'true'}, 239274330236478480834779109311249137657, http://localhost:3001/wallets
239274330236478480834779109311249137657, 52430776314973270160166886406622674883 -> form ['\n', <fieldset, 239274330236478480834779109311249137657, http://localhost:3001/wallets
239274330236478480834779109311249137657, 164770504787406092505723908950430241986 -> button ['×']{'type': 'button', 'data-dismiss': 'modal', 'aria-hidden': 'true'}, 239274330236478480834779109311249137657, http://localhost:3001/wallets
194689581119877770192308412840909625017, None, 194689581119877770192308412840909625017, http://localhost:3001/wallets
194689581119877770192308412840909625017, 336145394240353959266535772156875663398 -> a [<span data-i18n="Add", 239274330236478480834779109311249137657, http://localhost:3001/wallets
239274330236478480834779109311249137657, 52430776314973270160166886406622674883 -> form ['\n', <fieldset, 194689581119877770192308412840909625017, http://localhost:3001/wallets
194689581119877770192308412840909625017, 209638118784994731842872023555060259766 -> a ['Log Out']{'href': '/user/logout', 'data-in': 'Log Out'}, 273013707929562229875018714570786870719, http://localhost:3001/
273013707929562229875018714570786870719, 143912285649067720774554330843865674796 -> a ['Register']{'href': '/user/registration', 'data-in': 'Register'}, 273013707929562229875018714570786870719, http://localhost:3001/
273013707929562229875018714570786870719, 24045720963061510147388474628965236342 -> a []{'href': 'http://localhost:3001/images/homepage/screenshots/goal.jpg', 'id': 'image-link-agpl', 'style': "background-image: url('http://localhost:/images/homepage/screenshots/goal.jpg');"}, 273013707929562229875018714570786870719, http://localhost:3001/
273013707929562229875018714570786870719, 287439962806392087827856506575270396085 -> a []{'href': 'http://localhost:3001/images/homepage/screenshots/transactions.jpg', 'id': 'image-link-', 'style': "background-image: url('http://localhost:/images/homepage/screenshots/transactions.jpg');"}, 273013707929562229875018714570786870719, http://localhost:3001/
273013707929562229875018714570786870719, 75056642720997424365806452209120460192 -> a ['Sign In']{'href': '/user/signin', 'data-in': 'Sign In'}, 273013707929562229875018714570786870719, http://localhost:3001/
273013707929562229875018714570786870719, 280553687692852780123066102917098299601 -> a []{'href': 'http://localhost:3001/images/homepage/screenshots/wallets.jpg', 'id': 'image-link-wallets', 'style': "background-image: url('http://localhost:/images/homepage/screenshots/wallets.jpg');"}, 273013707929562229875018714570786870719, http://localhost:3001/
77659574643383717146484374309974862090, None, 77659574643383717146484374309974862090, http://localhost:3001/
77659574643383717146484374309974862090, 143912285649067720774554330843865674796 -> a ['Register']{'href': '/user/registration', 'data-in': 'Register'}, 108155317404425926386627841263932698381, http://localhost:3001/wallets/
108155317404425926386627841263932698381, 75973569867143580563397877782352499845 -> a ['Goals']{'href': '/plans', 'data-in': 'Goals'}, 65655660538641856573630486845619130315, http://localhost:3001/wallets
65655660538641856573630486845619130315, 5608938641747884300044405205556053003 -> button [<span class="glyphicon glyphicon-user", 65655660538641856573630486845619130315, http://localhost:3001/wallets
65655660538641856573630486845619130315, 289724914631465006120433547142160301660 -> button ['« Prev']{'data-role': 'prev'}, 65655660538641856573630486845619130315, http://localhost:3001/wallets
65655660538641856573630486845619130315, 24783666557245327062948328561070951608 -> a [<span data-i18n="Home", 65655660538641856573630486845619130315, http://localhost:3001/wallets
65655660538641856573630486845619130315, 288260177056989221402037490406357087540 -> a ['\n', <div class="pull-right text-success transaction_amount", 72758545300782149066982868825297482194, http://localhost:3001/wallets/16
72758545300782149066982868825297482194, 56373464117678242403280544906227384581 -> a [<span aria-hidden="true" class="glyphicon glyphicon-import", 182173447946633591186841793124092295066, http://localhost:3001/wallets/16/import
182173447946633591186841793124092295066, 16581972108542488149668495115826662955 -> a [<span data-i18n="Cancel", 168838685283470653361255840284300243694, http://localhost:3001/wallets/16
225441132216138090337963777260458075518, None, 225441132216138090337963777260458075518, http://localhost:3001/wallets
225441132216138090337963777260458075518, None, 225441132216138090337963777260458075518, http://localhost:3001/wallets
225441132216138090337963777260458075518, 69261900354377929876421606824271450118 -> a [<span aria-hidden="true" class="glyphicon glyphicon-globe", 225441132216138090337963777260458075518, http://localhost:3001/wallets
225441132216138090337963777260458075518, 205911053392441145155640008213943745727 -> a [<span class="glyphicon glyphicon-ok", 225441132216138090337963777260458075518, http://localhost:3001/wallets
225441132216138090337963777260458075518, 59033961675128415164332924159931931082 -> button [<span class="glyphicon glyphicon-pencil", 161506070751905864499390122357867492011, http://localhost:3001/wallets
161506070751905864499390122357867492011, 164770504787406092505723908950430241986 -> button ['×']{'type': 'button', 'data-dismiss': 'modal', 'aria-hidden': 'true'}, 225441132216138090337963777260458075518, http://localhost:3001/wallets
225441132216138090337963777260458075518, 59033961675128415164332924159931931082 -> button [<span class="glyphicon glyphicon-pencil", 140056990258349483409956460737592238996, http://localhost:3001/wallets
140056990258349483409956460737592238996, 198465896605091102877225175642271807174 -> form ['\n', <fieldset, 140056990258349483409956460737592238996, http://localhost:3001/wallets
140056990258349483409956460737592238996, 198465896605091102877225175642271807174 -> form ['\n', <fieldset, 225441132216138090337963777260458075518, http://localhost:3001/wallets
225441132216138090337963777260458075518, 59033961675128415164332924159931931082 -> button [<span class="glyphicon glyphicon-pencil", 225441132216138090337963777260458075518, http://localhost:3001/wallets
225441132216138090337963777260458075518, None, 225441132216138090337963777260458075518, http://localhost:3001/wallets
225441132216138090337963777260458075518, 5608938641747884300044405205556053003 -> button [<span class="glyphicon glyphicon-user", 225441132216138090337963777260458075518, http://localhost:3001/wallets
225441132216138090337963777260458075518, 288260177056989221402037490406357087540 -> a ['\n', <div class="pull-right text-success transaction_amount", 225441132216138090337963777260458075518, http://localhost:3001/wallets
225441132216138090337963777260458075518, 207847107984460188533312753476396637913 -> a [<span class="glyphicon glyphicon-user", 225441132216138090337963777260458075518, http://localhost:3001/wallets
225441132216138090337963777260458075518, 209638118784994731842872023555060259766 -> a ['Log Out']{'href': '/user/logout', 'data-in': 'Log Out'}, 273013707929562229875018714570786870719, http://localhost:3001/
273013707929562229875018714570786870719, 53030406825762545276438289970305043077 -> a ['Home']{'href': '/', 'data-in': 'Home'}, 273013707929562229875018714570786870719, http://localhost:3001/
273013707929562229875018714570786870719, 136504310823099385748378508891970664617 -> a []{'href': 'http://localhost:3001/images/homepage/screenshots/i18n.jpg', 'id': 'image-link-', 'style': "background-image: url('http://localhost:/images/homepage/screenshots/in.jpg');"}, 273013707929562229875018714570786870719, http://localhost:3001/
273013707929562229875018714570786870719, 287439962806392087827856506575270396085 -> a []{'href': 'http://localhost:3001/images/homepage/screenshots/transactions.jpg', 'id': 'image-link-', 'style': "background-image: url('http://localhost:/images/homepage/screenshots/transactions.jpg');"}, 273013707929562229875018714570786870719, http://localhost:3001/
273013707929562229875018714570786870719, 280553687692852780123066102917098299601 -> a []{'href': 'http://localhost:3001/images/homepage/screenshots/wallets.jpg', 'id': 'image-link-wallets', 'style': "background-image: url('http://localhost:/images/homepage/screenshots/wallets.jpg');"}, 273013707929562229875018714570786870719, http://localhost:3001/
77659574643383717146484374309974862090, None, 77659574643383717146484374309974862090, http://localhost:3001/
77659574643383717146484374309974862090, 143912285649067720774554330843865674796 -> a ['Register']{'href': '/user/registration', 'data-in': 'Register'}, 108155317404425926386627841263932698381, http://localhost:3001/wallets/
108155317404425926386627841263932698381, 75973569867143580563397877782352499845 -> a ['Goals']{'href': '/plans', 'data-in': 'Goals'}, 28100263287827959086203972006033616017, http://localhost:3001/wallets
28100263287827959086203972006033616017, 5608938641747884300044405205556053003 -> button [<span class="glyphicon glyphicon-user", 28100263287827959086203972006033616017, http://localhost:3001/wallets
28100263287827959086203972006033616017, 59033961675128415164332924159931931082 -> button [<span class="glyphicon glyphicon-pencil", 28100263287827959086203972006033616017, http://localhost:3001/wallets
28100263287827959086203972006033616017, 19742663727663056798875961854711647863 -> button ['Next »']{'data-role': 'next'}, 294266168360845827897520539209346690272, http://localhost:3001/wallets
294266168360845827897520539209346690272, 18400092045458057858802165314471029335 -> form ['\n', <fieldset, 294266168360845827897520539209346690272, http://localhost:3001/wallets
294266168360845827897520539209346690272, 18400092045458057858802165314471029335 -> form ['\n', <fieldset, 294266168360845827897520539209346690272, http://localhost:3001/wallets
294266168360845827897520539209346690272, 18400092045458057858802165314471029335 -> form ['\n', <fieldset, 306941169399725595011172005644588426080, http://localhost:3001/wallets
170638704334134460022075577028999761143, None, 170638704334134460022075577028999761143, http://localhost:3001/wallets
170638704334134460022075577028999761143, 5608938641747884300044405205556053003 -> button [<span class="glyphicon glyphicon-user", 170638704334134460022075577028999761143, http://localhost:3001/wallets
170638704334134460022075577028999761143, 277712453453955741677905488786830410505 -> a ['Contact']{'href': 'mailto:jeka911@gmail.com?subject=Wallet', 'data-in': 'Contact'}, 170638704334134460022075577028999761143, http://localhost:3001/wallets
170638704334134460022075577028999761143, 320174147126102010907134653534871470777 -> button [<span class="glyphicon glyphicon-trash", 170638704334134460022075577028999761143, http://localhost:3001/wallets
170638704334134460022075577028999761143, 24783666557245327062948328561070951608 -> a [<span data-i18n="Home", 170638704334134460022075577028999761143, http://localhost:3001/wallets
170638704334134460022075577028999761143, None, 170638704334134460022075577028999761143, http://localhost:3001/wallets
170638704334134460022075577028999761143, 143964004078119742277710045892540417360 -> a ['Wallets']{'href': '/wallets', 'data-in': 'Wallets'}, 170638704334134460022075577028999761143, http://localhost:3001/wallets
170638704334134460022075577028999761143, 205911053392441145155640008213943745727 -> a [<span class="glyphicon glyphicon-ok", 170638704334134460022075577028999761143, http://localhost:3001/wallets
170638704334134460022075577028999761143, None, 170638704334134460022075577028999761143, http://localhost:3001/wallets
170638704334134460022075577028999761143, 28780611104737623926446731116391795353 -> a ['\n', <div class="pull-right text-success transaction_amount", 238309978175095775367061756232362068029, http://localhost:3001/wallets/19
238309978175095775367061756232362068029, 328616153709600592479722068445108403323 -> a [<span aria-hidden="true" class="glyphicon glyphicon-import", 224877426319284340419617028122726664474, http://localhost:3001/wallets/19/import
170638704334134460022075577028999761143, None, 170638704334134460022075577028999761143, http://localhost:3001/wallets
170638704334134460022075577028999761143, 28780611104737623926446731116391795353 -> a ['\n', <div class="pull-right text-success transaction_amount", 183008552892213886352094202456205835375, http://localhost:3001/wallets/19
170638704334134460022075577028999761143, None, 170638704334134460022075577028999761143, http://localhost:3001/wallets
170638704334134460022075577028999761143, 28780611104737623926446731116391795353 -> a ['\n', <div class="pull-right text-success transaction_amount", 655453586847576558674065566367777028, http://localhost:3001/wallets/19
655453586847576558674065566367777028, 51734587471318764320500906054182906819 -> a [<span data-i18n="set total to", 244187576090854868417315596719122387630, http://localhost:3001/wallets/19
244187576090854868417315596719122387630, 164770504787406092505723908950430241986 -> button ['×']{'type': 'button', 'data-dismiss': 'modal', 'aria-hidden': 'true'}, 244187576090854868417315596719122387630, http://localhost:3001/wallets/19
244187576090854868417315596719122387630, 290997046537929317093204731951347912223 -> form ['\n', <fieldset, 244187576090854868417315596719122387630, http://localhost:3001/wallets/19
244187576090854868417315596719122387630, 290997046537929317093204731951347912223 -> form ['\n', <fieldset, 244187576090854868417315596719122387630, http://localhost:3001/wallets/19
244187576090854868417315596719122387630, 164770504787406092505723908950430241986 -> button ['×']{'type': 'button', 'data-dismiss': 'modal', 'aria-hidden': 'true'}, 244187576090854868417315596719122387630, http://localhost:3001/wallets/19
244187576090854868417315596719122387630, 290997046537929317093204731951347912223 -> form ['\n', <fieldset, 244187576090854868417315596719122387630, http://localhost:3001/wallets/19
244187576090854868417315596719122387630, 290997046537929317093204731951347912223 -> form ['\n', <fieldset, 244187576090854868417315596719122387630, http://localhost:3001/wallets/19
170638704334134460022075577028999761143, None, 170638704334134460022075577028999761143, http://localhost:3001/wallets
170638704334134460022075577028999761143, 28780611104737623926446731116391795353 -> a ['\n', <div class="pull-right text-success transaction_amount", 655453586847576558674065566367777028, http://localhost:3001/wallets/19
655453586847576558674065566367777028, 51734587471318764320500906054182906819 -> a [<span data-i18n="set total to", 244187576090854868417315596719122387630, http://localhost:3001/wallets/19
244187576090854868417315596719122387630, 164770504787406092505723908950430241986 -> button ['×']{'type': 'button', 'data-dismiss': 'modal', 'aria-hidden': 'true'}, 244187576090854868417315596719122387630, http://localhost:3001/wallets/19
244187576090854868417315596719122387630, 164770504787406092505723908950430241986 -> button ['×']{'type': 'button', 'data-dismiss': 'modal', 'aria-hidden': 'true'}, 244187576090854868417315596719122387630, http://localhost:3001/wallets/19
244187576090854868417315596719122387630, 164770504787406092505723908950430241986 -> button ['×']{'type': 'button', 'data-dismiss': 'modal', 'aria-hidden': 'true'}, 244187576090854868417315596719122387630, http://localhost:3001/wallets/19
244187576090854868417315596719122387630, 164770504787406092505723908950430241986 -> button ['×']{'type': 'button', 'data-dismiss': 'modal', 'aria-hidden': 'true'}, 244187576090854868417315596719122387630, http://localhost:3001/wallets/19
244187576090854868417315596719122387630, 164770504787406092505723908950430241986 -> button ['×']{'type': 'button', 'data-dismiss': 'modal', 'aria-hidden': 'true'}, 244187576090854868417315596719122387630, http://localhost:3001/wallets/19
244187576090854868417315596719122387630, 290997046537929317093204731951347912223 -> form ['\n', <fieldset, 244187576090854868417315596719122387630, http://localhost:3001/wallets/19
170638704334134460022075577028999761143, None, 170638704334134460022075577028999761143, http://localhost:3001/wallets
170638704334134460022075577028999761143, 28780611104737623926446731116391795353 -> a ['\n', <div class="pull-right text-success transaction_amount", 127654957601335327179727131804153070896, http://localhost:3001/wallets/19
127654957601335327179727131804153070896, 158009411471723493269880909046446417559 -> a [<span data-i18n="Set Goal", 287393647012105903508667004843733326622, http://localhost:3001/wallets
170638704334134460022075577028999761143, None, 170638704334134460022075577028999761143, http://localhost:3001/wallets
170638704334134460022075577028999761143, 28780611104737623926446731116391795353 -> a ['\n', <div class="pull-right text-success transaction_amount", 178137382334401382917872257569636807776, http://localhost:3001/wallets/19
178137382334401382917872257569636807776, 328616153709600592479722068445108403323 -> a [<span aria-hidden="true" class="glyphicon glyphicon-import", 224877426319284340419617028122726664474, http://localhost:3001/wallets/19/import
224877426319284340419617028122726664474, 211529172816946856896018388012172770514 -> input []{'type': 'button', 'value': 'Select file', 'data-loading-text': 'Uploading...', 'data-invalue': 'Select file'}, 224877426319284340419617028122726664474, http://localhost:3001/wallets/19/import
224877426319284340419617028122726664474, 211529172816946856896018388012172770514 -> input []{'type': 'button', 'value': 'Select file', 'data-loading-text': 'Uploading...', 'data-invalue': 'Select file'}, 224877426319284340419617028122726664474, http://localhost:3001/wallets/19/import
224877426319284340419617028122726664474, 211529172816946856896018388012172770514 -> input []{'type': 'button', 'value': 'Select file', 'data-loading-text': 'Uploading...', 'data-invalue': 'Select file'}, 224877426319284340419617028122726664474, http://localhost:3001/wallets/19/import
224877426319284340419617028122726664474, 211529172816946856896018388012172770514 -> input []{'type': 'button', 'value': 'Select file', 'data-loading-text': 'Uploading...', 'data-invalue': 'Select file'}, 224877426319284340419617028122726664474, http://localhost:3001/wallets/19/import
170638704334134460022075577028999761143, None, 170638704334134460022075577028999761143, http://localhost:3001/wallets
170638704334134460022075577028999761143, 28780611104737623926446731116391795353 -> a ['\n', <div class="pull-right text-success transaction_amount", 127654957601335327179727131804153070896, http://localhost:3001/wallets/19
127654957601335327179727131804153070896, 328616153709600592479722068445108403323 -> a [<span aria-hidden="true" class="glyphicon glyphicon-import", 224877426319284340419617028122726664474, http://localhost:3001/wallets/19/import
170638704334134460022075577028999761143, None, 170638704334134460022075577028999761143, http://localhost:3001/wallets
170638704334134460022075577028999761143, 28780611104737623926446731116391795353 -> a ['\n', <div class="pull-right text-success transaction_amount", 67924878402353728138175171968474719173, http://localhost:3001/wallets/19
67924878402353728138175171968474719173, 328616153709600592479722068445108403323 -> a [<span aria-hidden="true" class="glyphicon glyphicon-import", 224877426319284340419617028122726664474, http://localhost:3001/wallets/19/import
224877426319284340419617028122726664474, 211529172816946856896018388012172770514 -> input []{'type': 'button', 'value': 'Select file', 'data-loading-text': 'Uploading...', 'data-invalue': 'Select file'}, 224877426319284340419617028122726664474, http://localhost:3001/wallets/19/import
170638704334134460022075577028999761143, None, 170638704334134460022075577028999761143, http://localhost:3001/wallets
170638704334134460022075577028999761143, 28780611104737623926446731116391795353 -> a ['\n', <div class="pull-right text-success transaction_amount", 127654957601335327179727131804153070896, http://localhost:3001/wallets/19
127654957601335327179727131804153070896, 40033767128550119556758792738972518504 -> button [<span data-i18n="Add Income", 127654957601335327179727131804153070896, http://localhost:3001/wallets/19
127654957601335327179727131804153070896, 328680192326421016123013048610023517055 -> a [<span data-i18n="Wallets", 127654957601335327179727131804153070896, http://localhost:3001/wallets/19
127654957601335327179727131804153070896, 51734587471318764320500906054182906819 -> a [<span data-i18n="set total to", 127654957601335327179727131804153070896, http://localhost:3001/wallets/19
127654957601335327179727131804153070896, 300938307388621752250340407401666505920 -> form ['\n', <input class="form-control" data-i18nplaceholder="Describe expense and press Enter to add" id="add_transaction_text" placeholder="Describe expense and press Enter to add" type="text"/, 127654957601335327179727131804153070896, http://localhost:3001/wallets/19
127654957601335327179727131804153070896, 300938307388621752250340407401666505920 -> form ['\n', <input class="form-control" data-i18nplaceholder="Describe expense and press Enter to add" id="add_transaction_text" placeholder="Describe expense and press Enter to add" type="text"/, 127654957601335327179727131804153070896, http://localhost:3001/wallets/19
170638704334134460022075577028999761143, None, 170638704334134460022075577028999761143, http://localhost:3001/wallets
170638704334134460022075577028999761143, 28780611104737623926446731116391795353 -> a ['\n', <div class="pull-right text-success transaction_amount", 127654957601335327179727131804153070896, http://localhost:3001/wallets/19
127654957601335327179727131804153070896, 51734587471318764320500906054182906819 -> a [<span data-i18n="set total to", 127654957601335327179727131804153070896, http://localhost:3001/wallets/19
127654957601335327179727131804153070896, 158009411471723493269880909046446417559 -> a [<span data-i18n="Set Goal", 127654957601335327179727131804153070896, http://localhost:3001/wallets/19
127654957601335327179727131804153070896, 51734587471318764320500906054182906819 -> a [<span data-i18n="set total to", 127654957601335327179727131804153070896, http://localhost:3001/wallets/19
127654957601335327179727131804153070896, 328616153709600592479722068445108403323 -> a [<span aria-hidden="true" class="glyphicon glyphicon-import", 127654957601335327179727131804153070896, http://localhost:3001/wallets/19
170638704334134460022075577028999761143, None, 170638704334134460022075577028999761143, http://localhost:3001/wallets
170638704334134460022075577028999761143, 59033961675128415164332924159931931082 -> button [<span class="glyphicon glyphicon-pencil", 161506070751905864499390122357867492011, http://localhost:3001/wallets
161506070751905864499390122357867492011, 65141161592695401203524601848507345692 -> form ['\n', <fieldset, 170638704334134460022075577028999761143, http://localhost:3001/wallets
170638704334134460022075577028999761143, 336145394240353959266535772156875663398 -> a [<span data-i18n="Add", 170638704334134460022075577028999761143, http://localhost:3001/wallets
170638704334134460022075577028999761143, 69261900354377929876421606824271450118 -> a [<span aria-hidden="true" class="glyphicon glyphicon-globe", 170638704334134460022075577028999761143, http://localhost:3001/wallets
170638704334134460022075577028999761143, 12549387572312034662595380537530510228 -> a [<span class="glyphicon glyphicon-ok", 170638704334134460022075577028999761143, http://localhost:3001/wallets
170638704334134460022075577028999761143, 224761525322852148912055384139340634378 -> a [<span class="glyphicon glyphicon-trash", 170638704334134460022075577028999761143, http://localhost:3001/wallets
170638704334134460022075577028999761143, 122447168435934035468583879017576147482 -> a ['\n', <div class="pull-right text-success transaction_amount", 170638704334134460022075577028999761143, http://localhost:3001/wallets
170638704334134460022075577028999761143, 209638118784994731842872023555060259766 -> a ['Log Out']{'href': '/user/logout', 'data-in': 'Log Out'}, 170638704334134460022075577028999761143, http://localhost:3001/wallets
170638704334134460022075577028999761143, None, 170638704334134460022075577028999761143, http://localhost:3001/wallets
170638704334134460022075577028999761143, None, 170638704334134460022075577028999761143, http://localhost:3001/wallets
170638704334134460022075577028999761143, None, 170638704334134460022075577028999761143, http://localhost:3001/wallets
170638704334134460022075577028999761143, 186037210004141989051388640614981630902 -> a ['Settings']{'href': '/profile', 'data-in': 'Settings'}, 182798277483336358993202069468154257416, http://localhost:3001/profile
182798277483336358993202069468154257416, 109900342370374619712692107935887661741 -> a [<span class="glyphicon glyphicon-trash", 104956109460716074744859037402039982850, http://localhost:3001/profile#
104956109460716074744859037402039982850, 145633068536459322312414860502993133376 -> a [<span data-i18n="Log Out", 104697402886576868678798032013257024063, http://localhost:3001/
104697402886576868678798032013257024063, 75056642720997424365806452209120460192 -> a ['Sign In']{'href': '/user/signin', 'data-in': 'Sign In'}, 104697402886576868678798032013257024063, http://localhost:3001/
104697402886576868678798032013257024063, 24045720963061510147388474628965236342 -> a []{'href': 'http://localhost:3001/images/homepage/screenshots/goal.jpg', 'id': 'image-link-agpl', 'style': "background-image: url('http://localhost:/images/homepage/screenshots/goal.jpg');"}, 104697402886576868678798032013257024063, http://localhost:3001/
104697402886576868678798032013257024063, 143912285649067720774554330843865674796 -> a ['Register']{'href': '/user/registration', 'data-in': 'Register'}, 104697402886576868678798032013257024063, http://localhost:3001/
104697402886576868678798032013257024063, 287439962806392087827856506575270396085 -> a []{'href': 'http://localhost:3001/images/homepage/screenshots/transactions.jpg', 'id': 'image-link-', 'style': "background-image: url('http://localhost:/images/homepage/screenshots/transactions.jpg');"}, 104697402886576868678798032013257024063, http://localhost:3001/
104697402886576868678798032013257024063, 143912285649067720774554330843865674796 -> a ['Register']{'href': '/user/registration', 'data-in': 'Register'}, 104697402886576868678798032013257024063, http://localhost:3001/
77659574643383717146484374309974862090, None, 77659574643383717146484374309974862090, http://localhost:3001/
77659574643383717146484374309974862090, 143912285649067720774554330843865674796 -> a ['Register']{'href': '/user/registration', 'data-in': 'Register'}, 108155317404425926386627841263932698381, http://localhost:3001/wallets/
108155317404425926386627841263932698381, 75973569867143580563397877782352499845 -> a ['Goals']{'href': '/plans', 'data-in': 'Goals'}, 248450485454931157953170393114392569591, http://localhost:3001/wallets
248450485454931157953170393114392569591, 112417319495807513322739030702795677920 -> a ['\n', <div class="pull-right text-success transaction_amount", 42919526591306209351692516720428589596, http://localhost:3001/wallets/21
42919526591306209351692516720428589596, 207725694893009870981114217235388563373 -> a [<span aria-hidden="true" class="glyphicon glyphicon-import", 192634471755881311705554816866068159111, http://localhost:3001/wallets/21/import
192634471755881311705554816866068159111, 211529172816946856896018388012172770514 -> input []{'type': 'button', 'value': 'Select file', 'data-loading-text': 'Uploading...', 'data-invalue': 'Select file'}, 192634471755881311705554816866068159111, http://localhost:3001/wallets/21/import
192634471755881311705554816866068159111, 147671564588507072004771051260567798333 -> a [<span data-i18n="Cancel", 187672593695646973124322326730329503506, http://localhost:3001/wallets/21
187672593695646973124322326730329503506, 40033767128550119556758792738972518504 -> button [<span data-i18n="Add Income", 187672593695646973124322326730329503506, http://localhost:3001/wallets/21
187672593695646973124322326730329503506, 40033767128550119556758792738972518504 -> button [<span data-i18n="Add Income", 187672593695646973124322326730329503506, http://localhost:3001/wallets/21
212944937868099221157909387297104443800, None, 212944937868099221157909387297104443800, http://localhost:3001/wallets
212944937868099221157909387297104443800, None, 212944937868099221157909387297104443800, http://localhost:3001/wallets
212944937868099221157909387297104443800, 205911053392441145155640008213943745727 -> a [<span class="glyphicon glyphicon-ok", 212944937868099221157909387297104443800, http://localhost:3001/wallets
212944937868099221157909387297104443800, None, 212944937868099221157909387297104443800, http://localhost:3001/wallets
212944937868099221157909387297104443800, None, 212944937868099221157909387297104443800, http://localhost:3001/wallets
212944937868099221157909387297104443800, None, 212944937868099221157909387297104443800, http://localhost:3001/wallets
212944937868099221157909387297104443800, 336145394240353959266535772156875663398 -> a [<span data-i18n="Add", 239274330236478480834779109311249137657, http://localhost:3001/wallets
239274330236478480834779109311249137657, 164770504787406092505723908950430241986 -> button ['×']{'type': 'button', 'data-dismiss': 'modal', 'aria-hidden': 'true'}, 212944937868099221157909387297104443800, http://localhost:3001/wallets
212944937868099221157909387297104443800, 12549387572312034662595380537530510228 -> a [<span class="glyphicon glyphicon-ok", 212944937868099221157909387297104443800, http://localhost:3001/wallets
212944937868099221157909387297104443800, 69261900354377929876421606824271450118 -> a [<span aria-hidden="true" class="glyphicon glyphicon-globe", 212944937868099221157909387297104443800, http://localhost:3001/wallets
212944937868099221157909387297104443800, 75973569867143580563397877782352499845 -> a ['Goals']{'href': '/plans', 'data-in': 'Goals'}, 212944937868099221157909387297104443800, http://localhost:3001/wallets
212944937868099221157909387297104443800, 320174147126102010907134653534871470777 -> button [<span class="glyphicon glyphicon-trash", 212944937868099221157909387297104443800, http://localhost:3001/wallets
212944937868099221157909387297104443800, 186037210004141989051388640614981630902 -> a ['Settings']{'href': '/profile', 'data-in': 'Settings'}, 212944937868099221157909387297104443800, http://localhost:3001/wallets
212944937868099221157909387297104443800, 209638118784994731842872023555060259766 -> a ['Log Out']{'href': '/user/logout', 'data-in': 'Log Out'}, 273013707929562229875018714570786870719, http://localhost:3001/
77659574643383717146484374309974862090, None, 77659574643383717146484374309974862090, http://localhost:3001/
77659574643383717146484374309974862090, 143912285649067720774554330843865674796 -> a ['Register']{'href': '/user/registration', 'data-in': 'Register'}, 108155317404425926386627841263932698381, http://localhost:3001/wallets/
108155317404425926386627841263932698381, 75973569867143580563397877782352499845 -> a ['Goals']{'href': '/plans', 'data-in': 'Goals'}, 284984463247890298969767169883521335116, http://localhost:3001/wallets
284984463247890298969767169883521335116, 12549387572312034662595380537530510228 -> a [<span class="glyphicon glyphicon-ok", 284984463247890298969767169883521335116, http://localhost:3001/wallets
284984463247890298969767169883521335116, 289724914631465006120433547142160301660 -> button ['« Prev']{'data-role': 'prev'}, 284984463247890298969767169883521335116, http://localhost:3001/wallets
123454758368985189696472821714315264648, None, 123454758368985189696472821714315264648, http://localhost:3001/wallets
123454758368985189696472821714315264648, None, 123454758368985189696472821714315264648, http://localhost:3001/wallets
123454758368985189696472821714315264648, 186037210004141989051388640614981630902 -> a ['Settings']{'href': '/profile', 'data-in': 'Settings'}, 182798277483336358993202069468154257416, http://localhost:3001/profile
182798277483336358993202069468154257416, 109900342370374619712692107935887661741 -> a [<span class="glyphicon glyphicon-trash", 104956109460716074744859037402039982850, http://localhost:3001/profile#
104956109460716074744859037402039982850, 145633068536459322312414860502993133376 -> a [<span data-i18n="Log Out", 104697402886576868678798032013257024063, http://localhost:3001/
104697402886576868678798032013257024063, 24045720963061510147388474628965236342 -> a []{'href': 'http://localhost:3001/images/homepage/screenshots/goal.jpg', 'id': 'image-link-agpl', 'style': "background-image: url('http://localhost:/images/homepage/screenshots/goal.jpg');"}, 104697402886576868678798032013257024063, http://localhost:3001/
104697402886576868678798032013257024063, 53030406825762545276438289970305043077 -> a ['Home']{'href': '/', 'data-in': 'Home'}, 104697402886576868678798032013257024063, http://localhost:3001/
104697402886576868678798032013257024063, 287439962806392087827856506575270396085 -> a []{'href': 'http://localhost:3001/images/homepage/screenshots/transactions.jpg', 'id': 'image-link-', 'style': "background-image: url('http://localhost:/images/homepage/screenshots/transactions.jpg');"}, 104697402886576868678798032013257024063, http://localhost:3001/
104697402886576868678798032013257024063, 15350420686339836366149544887528354942 -> input []{'type': 'submit', 'id': 'demo_signup', 'data-invalue': 'here', 'value': 'here'}, 104697402886576868678798032013257024063, http://localhost:3001/
104697402886576868678798032013257024063, 136504310823099385748378508891970664617 -> a []{'href': 'http://localhost:3001/images/homepage/screenshots/i18n.jpg', 'id': 'image-link-', 'style': "background-image: url('http://localhost:/images/homepage/screenshots/in.jpg');"}, 104697402886576868678798032013257024063, http://localhost:3001/
