2022-05-25 12:26:19 WARNING  Starting
2022-05-25 12:26:25 ERROR    Failure: http://localhost:3000/pagekit/index.php/admin/dashboard -> Failed to load resource: the server responded with a status of 404 (Not Found)
2022-05-25 12:26:25 ERROR    Failure: http://localhost:3000/pagekit/index.php/admin/dashboard -> status code(404) -> 
2022-05-25 12:26:30 ERROR    Failure: http://localhost:3000/pagekit/index.php/admin/dashboard -> Failed to load resource: the server responded with a status of 404 (Not Found)
2022-05-25 12:26:30 ERROR    Failure: http://localhost:3000/pagekit/index.php/admin/dashboard -> status code(404) -> 
2022-05-25 12:26:32 ERROR    Failure: http://localhost:3000/pagekit/index.php/admin/dashboard -> Failed to load resource: the server responded with a status of 404 (Not Found)
2022-05-25 12:26:32 ERROR    Failure: http://localhost:3000/pagekit/admin/system/update -> status code(404) -> <!DOCTYPE HTML PUBLIC "-//IETF//DTD HTML 2.0//EN">	<html><head>	<title>404 Not Found</title>	</head><body>	<h1>Not Found</h1>	<p>The requested URL /pagekit/admin/system/update was not found on this server.</p>	<hr>	<address>Apache/2.4.18 (Ubuntu) Server at localhost Port 3000</address>	</body></html>	
2022-05-25 12:26:33 ERROR    Failure: http://localhost:3000/pagekit/index.php/admin/dashboard -> Failed to load resource: the server responded with a status of 404 (Not Found)
2022-05-25 12:26:33 ERROR    Failure: http://localhost:3000/pagekit/index.php/admin/dashboard -> status code(404) -> 
2022-05-25 12:26:37 ERROR    Failure: http://localhost:3000/pagekit/index.php/admin/dashboard -> Failed to load resource: the server responded with a status of 404 (Not Found)
2022-05-25 12:26:37 ERROR    Failure: http://localhost:3000/pagekit/index.php/admin/dashboard -> status code(404) -> 
2022-05-25 12:26:40 ERROR    Failure: http://localhost:3000/pagekit/index.php/admin/dashboard -> Failed to load resource: the server responded with a status of 404 (Not Found)
2022-05-25 12:26:40 ERROR    Failure: http://localhost:3000/pagekit/index.php/admin/dashboard -> status code(404) -> 
2022-05-25 12:27:06 ERROR    Failure: http://localhost:3000/pagekit/index.php/admin/dashboard -> Failed to load resource: the server responded with a status of 404 (Not Found)
2022-05-25 12:27:06 ERROR    Failure: http://localhost:3000/pagekit/admin/system/update -> status code(404) -> <!DOCTYPE HTML PUBLIC "-//IETF//DTD HTML 2.0//EN">	<html><head>	<title>404 Not Found</title>	</head><body>	<h1>Not Found</h1>	<p>The requested URL /pagekit/admin/system/update was not found on this server.</p>	<hr>	<address>Apache/2.4.18 (Ubuntu) Server at localhost Port 3000</address>	</body></html>	
2022-05-25 12:27:41 ERROR    Failure: http://localhost:3000/pagekit/index.php/admin/user/edit?id=1 -> net::ERR_ABORTED
2022-05-25 12:27:49 ERROR    Failure: http://localhost:3000/pagekit/index.php/admin/user/edit?id=1 -> net::ERR_ABORTED
2022-05-25 12:28:02 ERROR    Failure: http://localhost:3000/pagekit/index.php/admin/user/edit?id=1 -> net::ERR_ABORTED
2022-05-25 12:28:27 ERROR    Failure: http://localhost:3000/pagekit/index.php/admin/user -> Failed to load resource: the server responded with a status of 400 (Bad Request)
2022-05-25 12:28:27 ERROR    Failure: http://localhost:3000/pagekit/index.php/admin/user -> status code(400) -> "Unable to block yourself."
2022-05-25 12:28:46 ERROR    Failure: http://localhost:3000/pagekit/index.php/admin/user/edit?id=1 -> net::ERR_ABORTED
2022-05-25 12:29:34 ERROR    Failure: http://localhost:3000/pagekit/index.php/admin/dashboard -> net::ERR_ABORTED
2022-05-25 12:29:50 ERROR    Failure: http://localhost:3000/pagekit/index.php/admin/dashboard -> Failed to load resource: the server responded with a status of 404 (Not Found)
2022-05-25 12:29:50 ERROR    Failure: http://localhost:3000/pagekit/index.php/admin/dashboard -> net::ERR_ABORTED
2022-05-25 12:29:50 ERROR    Failure: http://localhost:3000/pagekit/admin/system/update -> status code(404) -> <!DOCTYPE HTML PUBLIC "-//IETF//DTD HTML 2.0//EN">	<html><head>	<title>404 Not Found</title>	</head><body>	<h1>Not Found</h1>	<p>The requested URL /pagekit/admin/system/update was not found on this server.</p>	<hr>	<address>Apache/2.4.18 (Ubuntu) Server at localhost Port 3000</address>	</body></html>	
2022-05-25 12:29:54 ERROR    Failure: http://localhost:3000/pagekit/index.php/admin/dashboard -> net::ERR_ABORTED
2022-05-25 12:29:58 ERROR    Failure: http://localhost:3000/pagekit/index.php/admin/dashboard -> net::ERR_ABORTED
2022-05-25 12:30:01 ERROR    Failure: http://localhost:3000/pagekit/index.php/admin/dashboard -> net::ERR_ABORTED
2022-05-25 12:30:05 ERROR    Failure: http://localhost:3000/pagekit/index.php/admin/dashboard -> net::ERR_ABORTED
2022-05-25 12:30:08 ERROR    Failure: http://localhost:3000/pagekit/index.php/admin/dashboard -> net::ERR_ABORTED
2022-05-25 12:30:11 ERROR    Failure: http://localhost:3000/pagekit/index.php/admin/dashboard -> net::ERR_ABORTED
2022-05-25 12:30:14 ERROR    Failure: http://localhost:3000/pagekit/index.php/admin/dashboard -> net::ERR_ABORTED
2022-05-25 12:30:17 ERROR    Failure: http://localhost:3000/pagekit/index.php/admin/dashboard -> net::ERR_ABORTED
2022-05-25 12:30:21 ERROR    Failure: http://localhost:3000/pagekit/index.php/admin/dashboard -> net::ERR_ABORTED
2022-05-25 12:30:25 ERROR    Failure: http://localhost:3000/pagekit/index.php/admin/dashboard -> net::ERR_ABORTED
2022-05-25 12:30:28 ERROR    Failure: http://localhost:3000/pagekit/index.php/admin/dashboard -> net::ERR_ABORTED
2022-05-25 12:30:36 ERROR    Failure: http://localhost:3000/pagekit/index.php/admin/dashboard -> net::ERR_ABORTED
2022-05-25 12:30:43 ERROR    Failure: http://localhost:3000/pagekit/index.php/admin/dashboard -> net::ERR_ABORTED
2022-05-25 12:30:47 ERROR    Failure: http://localhost:3000/pagekit/index.php/admin/dashboard -> net::ERR_ABORTED
2022-05-25 12:30:51 ERROR    Failure: http://localhost:3000/pagekit/index.php/admin/dashboard -> net::ERR_ABORTED
2022-05-25 12:30:55 ERROR    Failure: http://localhost:3000/pagekit/index.php/admin/dashboard -> net::ERR_ABORTED
2022-05-25 12:30:58 ERROR    Failure: http://localhost:3000/pagekit/index.php/admin/dashboard -> net::ERR_ABORTED
2022-05-25 12:31:02 ERROR    Failure: http://localhost:3000/pagekit/index.php/admin/dashboard -> net::ERR_ABORTED
2022-05-25 12:31:05 ERROR    Failure: http://localhost:3000/pagekit/index.php/admin/dashboard -> net::ERR_ABORTED
2022-05-25 12:31:09 ERROR    Failure: http://localhost:3000/pagekit/index.php/admin/dashboard -> net::ERR_ABORTED
2022-05-25 12:31:12 ERROR    Failure: http://localhost:3000/pagekit/index.php/admin/dashboard -> net::ERR_ABORTED
2022-05-25 12:31:16 ERROR    Failure: http://localhost:3000/pagekit/index.php/admin/dashboard -> net::ERR_ABORTED
2022-05-25 12:31:20 ERROR    Failure: http://localhost:3000/pagekit/index.php/admin/dashboard -> net::ERR_ABORTED
2022-05-25 12:31:23 ERROR    Failure: http://localhost:3000/pagekit/index.php/admin/dashboard -> net::ERR_ABORTED
2022-05-25 12:31:30 ERROR    Failure: http://localhost:3000/pagekit/index.php/admin/dashboard -> net::ERR_ABORTED
2022-05-25 12:31:34 ERROR    Failure: http://localhost:3000/pagekit/index.php/admin/dashboard -> net::ERR_ABORTED
2022-05-25 12:31:38 ERROR    Failure: http://localhost:3000/pagekit/index.php/admin/dashboard -> net::ERR_ABORTED
2022-05-25 12:31:42 ERROR    Failure: http://localhost:3000/pagekit/index.php/admin/dashboard -> net::ERR_ABORTED
2022-05-25 12:31:45 ERROR    Failure: http://localhost:3000/pagekit/index.php/admin/dashboard -> net::ERR_ABORTED
2022-05-25 12:31:49 ERROR    Failure: http://localhost:3000/pagekit/index.php/admin/dashboard -> net::ERR_ABORTED
2022-05-25 12:31:52 ERROR    Failure: http://localhost:3000/pagekit/index.php/admin/dashboard -> net::ERR_ABORTED
2022-05-25 12:31:55 ERROR    Failure: http://localhost:3000/pagekit/index.php/admin/dashboard -> net::ERR_ABORTED
2022-05-25 12:31:59 ERROR    Failure: http://localhost:3000/pagekit/index.php/admin/dashboard -> net::ERR_ABORTED
2022-05-25 12:32:02 ERROR    Failure: http://localhost:3000/pagekit/index.php/admin/dashboard -> net::ERR_ABORTED
2022-05-25 12:32:06 ERROR    Failure: http://localhost:3000/pagekit/index.php/admin/dashboard -> net::ERR_ABORTED
2022-05-25 12:32:12 ERROR    Failure: http://localhost:3000/pagekit/index.php/admin/dashboard -> net::ERR_ABORTED
2022-05-25 12:32:16 ERROR    Failure: http://localhost:3000/pagekit/index.php/admin/dashboard -> net::ERR_ABORTED
2022-05-25 12:32:19 ERROR    Failure: http://localhost:3000/pagekit/index.php/admin/dashboard -> net::ERR_ABORTED
2022-05-25 12:32:23 ERROR    Failure: http://localhost:3000/pagekit/index.php/admin/dashboard -> net::ERR_ABORTED
2022-05-25 12:32:26 ERROR    Failure: http://localhost:3000/pagekit/index.php/admin/dashboard -> net::ERR_ABORTED
2022-05-25 12:32:29 ERROR    Failure: http://localhost:3000/pagekit/index.php/admin/dashboard -> net::ERR_ABORTED
2022-05-25 12:32:33 ERROR    Failure: http://localhost:3000/pagekit/index.php/admin/dashboard -> net::ERR_ABORTED
2022-05-25 12:32:37 ERROR    Failure: http://localhost:3000/pagekit/index.php/admin/dashboard -> net::ERR_ABORTED
2022-05-25 12:32:41 ERROR    Failure: http://localhost:3000/pagekit/index.php/admin/dashboard -> net::ERR_ABORTED
2022-05-25 12:32:45 ERROR    Failure: http://localhost:3000/pagekit/index.php/admin/dashboard -> net::ERR_ABORTED
2022-05-25 12:32:49 ERROR    Failure: http://localhost:3000/pagekit/index.php/admin/dashboard -> net::ERR_ABORTED
2022-05-25 12:32:53 ERROR    Failure: http://localhost:3000/pagekit/index.php/admin/dashboard -> net::ERR_ABORTED
2022-05-25 12:32:56 ERROR    Failure: http://localhost:3000/pagekit/index.php/admin/dashboard -> net::ERR_ABORTED
2022-05-25 12:32:59 ERROR    Failure: http://localhost:3000/pagekit/index.php/admin/dashboard -> net::ERR_ABORTED
2022-05-25 12:33:03 ERROR    Failure: http://localhost:3000/pagekit/index.php/admin/dashboard -> net::ERR_ABORTED
2022-05-25 12:33:07 ERROR    Failure: http://localhost:3000/pagekit/index.php/admin/dashboard -> net::ERR_ABORTED
2022-05-25 12:33:10 ERROR    Failure: http://localhost:3000/pagekit/index.php/admin/dashboard -> net::ERR_ABORTED
2022-05-25 12:33:14 ERROR    Failure: http://localhost:3000/pagekit/index.php/admin/dashboard -> net::ERR_ABORTED
2022-05-25 12:33:17 ERROR    Failure: http://localhost:3000/pagekit/index.php/admin/dashboard -> net::ERR_ABORTED
2022-05-25 12:33:21 ERROR    Failure: http://localhost:3000/pagekit/index.php/admin/dashboard -> net::ERR_ABORTED
2022-05-25 12:33:25 ERROR    Failure: http://localhost:3000/pagekit/index.php/admin/dashboard -> net::ERR_ABORTED
2022-05-25 12:33:29 ERROR    Failure: http://localhost:3000/pagekit/index.php/admin/dashboard -> net::ERR_ABORTED
2022-05-25 12:33:32 ERROR    Failure: http://localhost:3000/pagekit/index.php/admin/dashboard -> net::ERR_ABORTED
2022-05-25 12:33:35 ERROR    Failure: http://localhost:3000/pagekit/index.php/admin/dashboard -> net::ERR_ABORTED
2022-05-25 12:33:39 ERROR    Failure: http://localhost:3000/pagekit/index.php/admin/dashboard -> net::ERR_ABORTED
2022-05-25 12:33:43 ERROR    Failure: http://localhost:3000/pagekit/index.php/admin/dashboard -> net::ERR_ABORTED
2022-05-25 12:33:47 ERROR    Failure: http://localhost:3000/pagekit/index.php/admin/dashboard -> net::ERR_ABORTED
2022-05-25 12:33:53 ERROR    Failure: http://localhost:3000/pagekit/index.php/admin/dashboard -> net::ERR_ABORTED
2022-05-25 12:33:57 ERROR    Failure: http://localhost:3000/pagekit/index.php/admin/dashboard -> net::ERR_ABORTED
2022-05-25 12:34:01 ERROR    Failure: http://localhost:3000/pagekit/index.php/admin/dashboard -> net::ERR_ABORTED
2022-05-25 12:34:06 ERROR    Failure: http://localhost:3000/pagekit/index.php/admin/dashboard -> net::ERR_ABORTED
2022-05-25 12:34:09 ERROR    Failure: http://localhost:3000/pagekit/index.php/admin/dashboard -> net::ERR_ABORTED
2022-05-25 12:34:13 ERROR    Failure: http://localhost:3000/pagekit/index.php/admin/dashboard -> net::ERR_ABORTED
2022-05-25 12:34:16 ERROR    Failure: http://localhost:3000/pagekit/index.php/admin/dashboard -> net::ERR_ABORTED
2022-05-25 12:34:19 ERROR    Failure: http://localhost:3000/pagekit/index.php/admin/dashboard -> net::ERR_ABORTED
2022-05-25 12:34:19 ERROR    Failure: http://localhost:3000/pagekit/index.php/admin/dashboard -> net::ERR_ABORTED
2022-05-25 12:34:23 ERROR    Failure: http://localhost:3000/pagekit/index.php/admin/dashboard -> net::ERR_ABORTED
2022-05-25 12:34:26 ERROR    Failure: http://localhost:3000/pagekit/index.php/admin/dashboard -> net::ERR_ABORTED
2022-05-25 12:34:26 ERROR    Failure: http://localhost:3000/pagekit/index.php/admin/dashboard -> net::ERR_ABORTED
2022-05-25 12:34:30 ERROR    Failure: http://localhost:3000/pagekit/index.php/admin/dashboard -> net::ERR_ABORTED
2022-05-25 12:34:34 ERROR    Failure: http://localhost:3000/pagekit/index.php/admin/dashboard -> net::ERR_ABORTED
2022-05-25 12:34:34 ERROR    Failure: http://localhost:3000/pagekit/index.php/admin/dashboard -> net::ERR_ABORTED
2022-05-25 12:34:38 ERROR    Failure: http://localhost:3000/pagekit/index.php/admin/dashboard -> net::ERR_ABORTED
2022-05-25 12:34:42 ERROR    Failure: http://localhost:3000/pagekit/index.php/admin/dashboard -> net::ERR_ABORTED
2022-05-25 12:34:45 ERROR    Failure: http://localhost:3000/pagekit/index.php/admin/dashboard -> net::ERR_ABORTED
2022-05-25 12:34:48 ERROR    Failure: http://localhost:3000/pagekit/index.php/admin/dashboard -> net::ERR_ABORTED
2022-05-25 12:34:52 ERROR    Failure: http://localhost:3000/pagekit/index.php/admin/dashboard -> net::ERR_ABORTED
2022-05-25 12:34:55 ERROR    Failure: http://localhost:3000/pagekit/index.php/admin/dashboard -> net::ERR_ABORTED
2022-05-25 12:34:59 ERROR    Failure: http://localhost:3000/pagekit/index.php/admin/dashboard -> net::ERR_ABORTED
2022-05-25 12:35:02 ERROR    Failure: http://localhost:3000/pagekit/index.php/admin/dashboard -> net::ERR_ABORTED
2022-05-25 12:35:05 ERROR    Failure: http://localhost:3000/pagekit/index.php/admin/dashboard -> net::ERR_ABORTED
2022-05-25 12:35:09 ERROR    Failure: http://localhost:3000/pagekit/index.php/admin/dashboard -> net::ERR_ABORTED
2022-05-25 12:35:13 ERROR    Failure: http://localhost:3000/pagekit/index.php/admin/dashboard -> net::ERR_ABORTED
2022-05-25 12:35:18 ERROR    Failure: http://localhost:3000/pagekit/index.php/admin/dashboard -> net::ERR_ABORTED
2022-05-25 12:35:22 ERROR    Failure: http://localhost:3000/pagekit/index.php/admin/dashboard -> net::ERR_ABORTED
2022-05-25 12:35:26 ERROR    Failure: http://localhost:3000/pagekit/index.php/admin/dashboard -> net::ERR_ABORTED
2022-05-25 12:35:29 ERROR    Failure: http://localhost:3000/pagekit/index.php/admin/dashboard -> net::ERR_ABORTED
2022-05-25 12:35:33 ERROR    Failure: http://localhost:3000/pagekit/index.php/admin/dashboard -> net::ERR_ABORTED
2022-05-25 12:35:37 ERROR    Failure: http://localhost:3000/pagekit/index.php/admin/dashboard -> net::ERR_ABORTED
2022-05-25 12:35:42 ERROR    Failure: http://localhost:3000/pagekit/index.php/admin/dashboard -> net::ERR_ABORTED
2022-05-25 12:35:45 ERROR    Failure: http://localhost:3000/pagekit/index.php/admin/dashboard -> net::ERR_ABORTED
2022-05-25 12:35:49 ERROR    Failure: http://localhost:3000/pagekit/index.php/admin/dashboard -> net::ERR_ABORTED
2022-05-25 12:35:58 ERROR    Failure: http://localhost:3000/pagekit/index.php/admin/dashboard -> net::ERR_ABORTED
2022-05-25 12:36:02 ERROR    Failure: http://localhost:3000/pagekit/index.php/admin/dashboard -> net::ERR_ABORTED
2022-05-25 12:36:06 ERROR    Failure: http://localhost:3000/pagekit/index.php/admin/dashboard -> net::ERR_ABORTED
2022-05-25 12:36:17 ERROR    Failure: http://localhost:3000/pagekit/index.php/admin/dashboard -> net::ERR_ABORTED
2022-05-25 12:36:21 ERROR    Failure: http://localhost:3000/pagekit/index.php/admin/dashboard -> net::ERR_ABORTED
2022-05-25 12:36:25 ERROR    Failure: http://localhost:3000/pagekit/index.php/admin/dashboard -> net::ERR_ABORTED
2022-05-25 12:36:28 ERROR    Failure: http://localhost:3000/pagekit/index.php/admin/dashboard -> net::ERR_ABORTED
2022-05-25 12:36:32 ERROR    Failure: http://localhost:3000/pagekit/index.php/admin/dashboard -> net::ERR_ABORTED
2022-05-25 12:36:35 ERROR    Failure: http://localhost:3000/pagekit/index.php/admin/dashboard -> net::ERR_ABORTED
2022-05-25 12:36:43 ERROR    Failure: http://localhost:3000/pagekit/index.php/admin/dashboard -> net::ERR_ABORTED
2022-05-25 12:36:54 ERROR    Failure: http://localhost:3000/pagekit/index.php/admin/dashboard -> net::ERR_ABORTED
2022-05-25 12:36:57 ERROR    Failure: http://localhost:3000/pagekit/index.php/admin/dashboard -> net::ERR_ABORTED
2022-05-25 12:37:01 ERROR    Failure: http://localhost:3000/pagekit/index.php/admin/dashboard -> net::ERR_ABORTED
2022-05-25 12:37:06 ERROR    Failure: http://localhost:3000/pagekit/index.php/admin/dashboard -> net::ERR_ABORTED
2022-05-25 12:37:12 ERROR    Failure: http://localhost:3000/pagekit/index.php/admin/dashboard -> net::ERR_ABORTED
2022-05-25 12:37:15 ERROR    Failure: http://localhost:3000/pagekit/index.php/admin/dashboard -> net::ERR_ABORTED
2022-05-25 12:37:19 ERROR    Failure: http://localhost:3000/pagekit/index.php/admin/dashboard -> net::ERR_ABORTED
2022-05-25 12:37:23 ERROR    Failure: http://localhost:3000/pagekit/index.php/admin/dashboard -> net::ERR_ABORTED
2022-05-25 12:37:28 ERROR    Failure: http://localhost:3000/pagekit/index.php/admin/dashboard -> net::ERR_ABORTED
2022-05-25 12:37:31 ERROR    Failure: http://localhost:3000/pagekit/index.php/admin/dashboard -> net::ERR_ABORTED
2022-05-25 12:37:34 ERROR    Failure: http://localhost:3000/pagekit/index.php/admin/dashboard -> net::ERR_ABORTED
2022-05-25 12:37:43 ERROR    Failure: http://localhost:3000/pagekit/index.php/admin/dashboard -> net::ERR_ABORTED
2022-05-25 12:37:47 ERROR    Failure: http://localhost:3000/pagekit/index.php/admin/dashboard -> net::ERR_ABORTED
2022-05-25 12:37:51 ERROR    Failure: http://localhost:3000/pagekit/index.php/admin/dashboard -> net::ERR_ABORTED
2022-05-25 12:37:54 ERROR    Failure: http://localhost:3000/pagekit/index.php/admin/dashboard -> net::ERR_ABORTED
2022-05-25 12:37:58 ERROR    Failure: http://localhost:3000/pagekit/index.php/admin/dashboard -> net::ERR_ABORTED
2022-05-25 12:38:02 ERROR    Failure: http://localhost:3000/pagekit/index.php/admin/dashboard -> net::ERR_ABORTED
2022-05-25 12:38:06 ERROR    Failure: http://localhost:3000/pagekit/index.php/admin/dashboard -> net::ERR_ABORTED
2022-05-25 12:38:10 ERROR    Failure: http://localhost:3000/pagekit/index.php/admin/dashboard -> net::ERR_ABORTED
2022-05-25 12:38:14 ERROR    Failure: http://localhost:3000/pagekit/index.php/admin/dashboard -> net::ERR_ABORTED
2022-05-25 12:38:18 ERROR    Failure: http://localhost:3000/pagekit/index.php/admin/dashboard -> net::ERR_ABORTED
2022-05-25 12:38:24 ERROR    Failure: http://localhost:3000/pagekit/index.php/admin/dashboard -> net::ERR_ABORTED
2022-05-25 12:38:28 ERROR    Failure: http://localhost:3000/pagekit/index.php/admin/dashboard -> net::ERR_ABORTED
2022-05-25 12:38:32 ERROR    Failure: http://localhost:3000/pagekit/index.php/admin/dashboard -> net::ERR_ABORTED
2022-05-25 12:38:36 ERROR    Failure: http://localhost:3000/pagekit/index.php/admin/dashboard -> net::ERR_ABORTED
2022-05-25 12:38:39 ERROR    Failure: http://localhost:3000/pagekit/index.php/admin/dashboard -> net::ERR_ABORTED
2022-05-25 12:38:42 ERROR    Failure: http://localhost:3000/pagekit/index.php/admin/dashboard -> net::ERR_ABORTED
2022-05-25 12:38:46 ERROR    Failure: http://localhost:3000/pagekit/index.php/admin/dashboard -> net::ERR_ABORTED
2022-05-25 12:38:50 ERROR    Failure: http://localhost:3000/pagekit/index.php/admin/dashboard -> net::ERR_ABORTED
2022-05-25 12:38:57 ERROR    Failure: http://localhost:3000/pagekit/index.php/admin/dashboard -> net::ERR_ABORTED
2022-05-25 12:39:00 ERROR    Failure: http://localhost:3000/pagekit/index.php/admin/dashboard -> net::ERR_ABORTED
2022-05-25 12:39:03 ERROR    Failure: http://localhost:3000/pagekit/index.php/admin/dashboard -> net::ERR_ABORTED
2022-05-25 12:39:09 ERROR    Failure: http://localhost:3000/pagekit/index.php/admin/dashboard -> net::ERR_ABORTED
2022-05-25 12:39:13 ERROR    Failure: http://localhost:3000/pagekit/index.php/admin/dashboard -> net::ERR_ABORTED
2022-05-25 12:39:17 ERROR    Failure: http://localhost:3000/pagekit/index.php/admin/dashboard -> net::ERR_ABORTED
2022-05-25 12:39:20 ERROR    Failure: http://localhost:3000/pagekit/index.php/admin/dashboard -> net::ERR_ABORTED
2022-05-25 12:39:23 ERROR    Failure: http://localhost:3000/pagekit/index.php/admin/dashboard -> net::ERR_ABORTED
2022-05-25 12:39:27 ERROR    Failure: http://localhost:3000/pagekit/index.php/admin/dashboard -> net::ERR_ABORTED
2022-05-25 12:39:32 ERROR    Failure: http://localhost:3000/pagekit/index.php/admin/dashboard -> net::ERR_ABORTED
2022-05-25 12:39:36 ERROR    Failure: http://localhost:3000/pagekit/index.php/admin/dashboard -> net::ERR_ABORTED
2022-05-25 12:39:39 ERROR    Failure: http://localhost:3000/pagekit/index.php/admin/dashboard -> net::ERR_ABORTED
2022-05-25 12:39:43 ERROR    Failure: http://localhost:3000/pagekit/index.php/admin/dashboard -> net::ERR_ABORTED
2022-05-25 12:39:46 ERROR    Failure: http://localhost:3000/pagekit/index.php/admin/dashboard -> net::ERR_ABORTED
2022-05-25 12:39:49 ERROR    Failure: http://localhost:3000/pagekit/index.php/admin/dashboard -> net::ERR_ABORTED
2022-05-25 12:39:52 ERROR    Failure: http://localhost:3000/pagekit/index.php/admin/dashboard -> net::ERR_ABORTED
2022-05-25 12:39:57 ERROR    Failure: http://localhost:3000/pagekit/index.php/admin/dashboard -> net::ERR_ABORTED
2022-05-25 12:40:01 ERROR    Failure: http://localhost:3000/pagekit/index.php/admin/dashboard -> net::ERR_ABORTED
2022-05-25 12:40:04 ERROR    Failure: http://localhost:3000/pagekit/index.php/admin/dashboard -> net::ERR_ABORTED
2022-05-25 12:40:08 ERROR    Failure: http://localhost:3000/pagekit/index.php/admin/dashboard -> net::ERR_ABORTED
2022-05-25 12:40:12 ERROR    Failure: http://localhost:3000/pagekit/index.php/admin/dashboard -> net::ERR_ABORTED
2022-05-25 12:40:15 ERROR    Failure: http://localhost:3000/pagekit/index.php/admin/dashboard -> net::ERR_ABORTED
2022-05-25 12:40:19 ERROR    Failure: http://localhost:3000/pagekit/index.php/admin/dashboard -> net::ERR_ABORTED
2022-05-25 12:40:24 ERROR    Failure: http://localhost:3000/pagekit/index.php/admin/dashboard -> net::ERR_ABORTED
2022-05-25 12:40:27 ERROR    Failure: http://localhost:3000/pagekit/index.php/admin/dashboard -> net::ERR_ABORTED
2022-05-25 12:40:31 ERROR    Failure: http://localhost:3000/pagekit/index.php/admin/dashboard -> net::ERR_ABORTED
2022-05-25 12:40:35 ERROR    Failure: http://localhost:3000/pagekit/index.php/admin/dashboard -> net::ERR_ABORTED
2022-05-25 12:40:38 ERROR    Failure: http://localhost:3000/pagekit/index.php/admin/dashboard -> net::ERR_ABORTED
2022-05-25 12:40:42 ERROR    Failure: http://localhost:3000/pagekit/index.php/admin/dashboard -> net::ERR_ABORTED
2022-05-25 12:40:51 ERROR    Failure: http://localhost:3000/pagekit/index.php/admin/dashboard -> net::ERR_ABORTED
2022-05-25 12:40:55 ERROR    Failure: http://localhost:3000/pagekit/index.php/admin/dashboard -> net::ERR_ABORTED
2022-05-25 12:40:55 ERROR    Failure: http://localhost:3000/pagekit/index.php/admin/dashboard -> net::ERR_ABORTED
2022-05-25 12:40:58 ERROR    Failure: http://localhost:3000/pagekit/index.php/admin/dashboard -> net::ERR_ABORTED
2022-05-25 12:41:01 ERROR    Failure: http://localhost:3000/pagekit/index.php/admin/dashboard -> net::ERR_ABORTED
2022-05-25 12:41:04 ERROR    Failure: http://localhost:3000/pagekit/index.php/admin/dashboard -> net::ERR_ABORTED
2022-05-25 12:41:07 ERROR    Failure: http://localhost:3000/pagekit/index.php/admin/dashboard -> net::ERR_ABORTED
2022-05-25 12:41:12 ERROR    Failure: http://localhost:3000/pagekit/index.php/admin/dashboard -> net::ERR_ABORTED
2022-05-25 12:41:15 ERROR    Failure: http://localhost:3000/pagekit/index.php/admin/dashboard -> net::ERR_ABORTED
2022-05-25 12:41:19 ERROR    Failure: http://localhost:3000/pagekit/index.php/admin/dashboard -> net::ERR_ABORTED
2022-05-25 12:41:22 ERROR    Failure: http://localhost:3000/pagekit/index.php/admin/dashboard -> net::ERR_ABORTED
2022-05-25 12:41:26 ERROR    Failure: http://localhost:3000/pagekit/index.php/admin/dashboard -> net::ERR_ABORTED
2022-05-25 12:41:29 ERROR    Failure: http://localhost:3000/pagekit/index.php/admin/dashboard -> net::ERR_ABORTED
2022-05-25 12:41:33 ERROR    Failure: http://localhost:3000/pagekit/index.php/admin/dashboard -> net::ERR_ABORTED
2022-05-25 12:41:37 ERROR    Failure: http://localhost:3000/pagekit/index.php/admin/dashboard -> net::ERR_ABORTED
2022-05-25 12:41:41 ERROR    Failure: http://localhost:3000/pagekit/index.php/admin/dashboard -> net::ERR_ABORTED
2022-05-25 12:41:44 ERROR    Failure: http://localhost:3000/pagekit/index.php/admin/dashboard -> net::ERR_ABORTED
2022-05-25 12:41:48 ERROR    Failure: http://localhost:3000/pagekit/index.php/admin/dashboard -> net::ERR_ABORTED
2022-05-25 12:41:52 ERROR    Failure: http://localhost:3000/pagekit/index.php/admin/dashboard -> net::ERR_ABORTED
2022-05-25 12:41:56 ERROR    Failure: http://localhost:3000/pagekit/index.php/admin/dashboard -> net::ERR_ABORTED
2022-05-25 12:42:03 ERROR    Failure: http://localhost:3000/pagekit/index.php/admin/dashboard -> net::ERR_ABORTED
2022-05-25 12:42:07 ERROR    Failure: http://localhost:3000/pagekit/index.php/admin/dashboard -> net::ERR_ABORTED
2022-05-25 12:42:11 ERROR    Failure: http://localhost:3000/pagekit/index.php/admin/dashboard -> net::ERR_ABORTED
2022-05-25 12:42:14 ERROR    Failure: http://localhost:3000/pagekit/index.php/admin/dashboard -> net::ERR_ABORTED
2022-05-25 12:42:16 ERROR    Failure: http://localhost:3000/pagekit/index.php/admin/dashboard -> net::ERR_ABORTED
2022-05-25 12:42:20 ERROR    Failure: http://localhost:3000/pagekit/index.php/admin/dashboard -> net::ERR_ABORTED
2022-05-25 12:42:24 ERROR    Failure: http://localhost:3000/pagekit/index.php/admin/dashboard -> net::ERR_ABORTED
2022-05-25 12:42:27 ERROR    Failure: http://localhost:3000/pagekit/index.php/admin/dashboard -> net::ERR_ABORTED
2022-05-25 12:42:37 ERROR    Failure: http://localhost:3000/pagekit/index.php/admin/dashboard -> net::ERR_ABORTED
2022-05-25 12:42:41 ERROR    Failure: http://localhost:3000/pagekit/index.php/admin/dashboard -> net::ERR_ABORTED
2022-05-25 12:42:41 ERROR    Failure: http://localhost:3000/pagekit/index.php/admin/dashboard -> net::ERR_ABORTED
2022-05-25 12:42:48 ERROR    Failure: http://localhost:3000/pagekit/index.php/admin/dashboard -> net::ERR_ABORTED
2022-05-25 12:42:51 ERROR    Failure: http://localhost:3000/pagekit/index.php/admin/dashboard -> net::ERR_ABORTED
2022-05-25 12:42:55 ERROR    Failure: http://localhost:3000/pagekit/index.php/admin/dashboard -> net::ERR_ABORTED
2022-05-25 12:43:01 ERROR    Failure: http://localhost:3000/pagekit/index.php/admin/dashboard -> net::ERR_ABORTED
2022-05-25 12:43:04 ERROR    Failure: http://localhost:3000/pagekit/index.php/admin/dashboard -> net::ERR_ABORTED
2022-05-25 12:43:12 ERROR    Failure: http://localhost:3000/pagekit/index.php/admin/dashboard -> net::ERR_ABORTED
2022-05-25 12:43:17 ERROR    Failure: http://localhost:3000/pagekit/index.php/admin/dashboard -> net::ERR_ABORTED
2022-05-25 12:43:24 ERROR    Failure: http://localhost:3000/pagekit/index.php/admin/dashboard -> net::ERR_ABORTED
2022-05-25 12:43:28 ERROR    Failure: http://localhost:3000/pagekit/index.php/admin/dashboard -> net::ERR_ABORTED
2022-05-25 12:43:35 ERROR    Failure: http://localhost:3000/pagekit/index.php/admin/dashboard -> net::ERR_ABORTED
2022-05-25 12:43:39 ERROR    Failure: http://localhost:3000/pagekit/index.php/admin/dashboard -> net::ERR_ABORTED
2022-05-25 12:43:43 ERROR    Failure: http://localhost:3000/pagekit/index.php/admin/dashboard -> net::ERR_ABORTED
2022-05-25 12:43:49 ERROR    Failure: http://localhost:3000/pagekit/index.php/admin/dashboard -> net::ERR_ABORTED
2022-05-25 12:43:54 ERROR    Failure: http://localhost:3000/pagekit/index.php/admin/dashboard -> net::ERR_ABORTED
2022-05-25 12:43:58 ERROR    Failure: http://localhost:3000/pagekit/index.php/admin/dashboard -> net::ERR_ABORTED
2022-05-25 12:44:02 ERROR    Failure: http://localhost:3000/pagekit/index.php/admin/dashboard -> net::ERR_ABORTED
2022-05-25 12:44:06 ERROR    Failure: http://localhost:3000/pagekit/index.php/admin/dashboard -> net::ERR_ABORTED
2022-05-25 12:44:10 ERROR    Failure: http://localhost:3000/pagekit/index.php/admin/dashboard -> net::ERR_ABORTED
2022-05-25 12:44:15 ERROR    Failure: http://localhost:3000/pagekit/index.php/admin/dashboard -> net::ERR_ABORTED
2022-05-25 12:44:20 ERROR    Failure: http://localhost:3000/pagekit/index.php/admin/dashboard -> net::ERR_ABORTED
2022-05-25 12:44:28 ERROR    Failure: http://localhost:3000/pagekit/index.php/admin/dashboard -> net::ERR_ABORTED
2022-05-25 12:44:31 ERROR    Failure: http://localhost:3000/pagekit/index.php/admin/dashboard -> net::ERR_ABORTED
2022-05-25 12:44:36 ERROR    Failure: http://localhost:3000/pagekit/index.php/admin/dashboard -> net::ERR_ABORTED
2022-05-25 12:44:39 ERROR    Failure: http://localhost:3000/pagekit/index.php/admin/dashboard -> net::ERR_ABORTED
2022-05-25 12:44:39 ERROR    Failure: http://localhost:3000/pagekit/index.php/admin/dashboard -> net::ERR_ABORTED
2022-05-25 12:44:39 ERROR    Failure: http://localhost:3000/pagekit/index.php/admin/dashboard -> net::ERR_ABORTED
2022-05-25 12:44:42 ERROR    Failure: http://localhost:3000/pagekit/index.php/admin/dashboard -> net::ERR_ABORTED
2022-05-25 12:44:46 ERROR    Failure: http://localhost:3000/pagekit/index.php/admin/dashboard -> net::ERR_ABORTED
2022-05-25 12:44:51 ERROR    Failure: http://localhost:3000/pagekit/index.php/admin/dashboard -> net::ERR_ABORTED
2022-05-25 12:44:54 ERROR    Failure: http://localhost:3000/pagekit/index.php/admin/dashboard -> net::ERR_ABORTED
2022-05-25 12:45:01 ERROR    Failure: http://localhost:3000/pagekit/index.php/admin/dashboard -> net::ERR_ABORTED
2022-05-25 12:45:05 ERROR    Failure: http://localhost:3000/pagekit/index.php/admin/dashboard -> net::ERR_ABORTED
2022-05-25 12:45:08 ERROR    Failure: http://localhost:3000/pagekit/index.php/admin/dashboard -> net::ERR_ABORTED
2022-05-25 12:45:11 ERROR    Failure: http://localhost:3000/pagekit/index.php/admin/dashboard -> net::ERR_ABORTED
2022-05-25 12:45:15 ERROR    Failure: http://localhost:3000/pagekit/index.php/admin/dashboard -> net::ERR_ABORTED
2022-05-25 12:45:20 ERROR    Failure: http://localhost:3000/pagekit/index.php/admin/dashboard -> net::ERR_ABORTED
2022-05-25 12:45:24 ERROR    Failure: http://localhost:3000/pagekit/index.php/admin/dashboard -> net::ERR_ABORTED
2022-05-25 12:45:28 ERROR    Failure: http://localhost:3000/pagekit/index.php/admin/dashboard -> net::ERR_ABORTED
2022-05-25 12:45:33 ERROR    Failure: http://localhost:3000/pagekit/index.php/admin/dashboard -> net::ERR_ABORTED
2022-05-25 12:45:36 ERROR    Failure: http://localhost:3000/pagekit/index.php/admin/dashboard -> net::ERR_ABORTED
2022-05-25 12:45:40 ERROR    Failure: http://localhost:3000/pagekit/index.php/admin/dashboard -> net::ERR_ABORTED
2022-05-25 12:45:43 ERROR    Failure: http://localhost:3000/pagekit/index.php/admin/dashboard -> net::ERR_ABORTED
2022-05-25 12:45:47 ERROR    Failure: http://localhost:3000/pagekit/index.php/admin/dashboard -> net::ERR_ABORTED
2022-05-25 12:45:50 ERROR    Failure: http://localhost:3000/pagekit/index.php/admin/dashboard -> net::ERR_ABORTED
2022-05-25 12:45:55 ERROR    Failure: http://localhost:3000/pagekit/index.php/admin/dashboard -> net::ERR_ABORTED
2022-05-25 12:45:58 ERROR    Failure: http://localhost:3000/pagekit/index.php/admin/dashboard -> net::ERR_ABORTED
2022-05-25 12:46:03 ERROR    Failure: http://localhost:3000/pagekit/index.php/admin/dashboard -> net::ERR_ABORTED
2022-05-25 12:46:06 ERROR    Failure: http://localhost:3000/pagekit/index.php/admin/dashboard -> net::ERR_ABORTED
2022-05-25 12:46:10 ERROR    Failure: http://localhost:3000/pagekit/index.php/admin/dashboard -> net::ERR_ABORTED
2022-05-25 12:46:13 ERROR    Failure: http://localhost:3000/pagekit/index.php/admin/dashboard -> net::ERR_ABORTED
2022-05-25 12:46:13 ERROR    Failure: http://localhost:3000/pagekit/index.php/admin/dashboard -> net::ERR_ABORTED
2022-05-25 12:46:18 ERROR    Failure: http://localhost:3000/pagekit/index.php/admin/dashboard -> net::ERR_ABORTED
2022-05-25 12:46:22 ERROR    Failure: http://localhost:3000/pagekit/index.php/admin/dashboard -> net::ERR_ABORTED
2022-05-25 12:46:26 ERROR    Failure: http://localhost:3000/pagekit/index.php/admin/dashboard -> net::ERR_ABORTED
2022-05-25 12:46:30 ERROR    Failure: http://localhost:3000/pagekit/index.php/admin/dashboard -> net::ERR_ABORTED
2022-05-25 12:46:35 ERROR    Failure: http://localhost:3000/pagekit/index.php/admin/dashboard -> net::ERR_ABORTED
2022-05-25 12:46:39 ERROR    Failure: http://localhost:3000/pagekit/index.php/admin/dashboard -> net::ERR_ABORTED
2022-05-25 12:46:43 ERROR    Failure: http://localhost:3000/pagekit/index.php/admin/dashboard -> net::ERR_ABORTED
2022-05-25 12:46:46 ERROR    Failure: http://localhost:3000/pagekit/index.php/admin/dashboard -> net::ERR_ABORTED
2022-05-25 12:46:50 ERROR    Failure: http://localhost:3000/pagekit/index.php/admin/dashboard -> net::ERR_ABORTED
2022-05-25 12:46:53 ERROR    Failure: http://localhost:3000/pagekit/index.php/admin/dashboard -> net::ERR_ABORTED
2022-05-25 12:46:57 ERROR    Failure: http://localhost:3000/pagekit/index.php/admin/dashboard -> net::ERR_ABORTED
2022-05-25 12:46:57 ERROR    Failure: http://localhost:3000/pagekit/index.php/admin/dashboard -> net::ERR_ABORTED
2022-05-25 12:47:01 ERROR    Failure: http://localhost:3000/pagekit/index.php/admin/dashboard -> net::ERR_ABORTED
2022-05-25 12:47:04 ERROR    Failure: http://localhost:3000/pagekit/index.php/admin/dashboard -> net::ERR_ABORTED
2022-05-25 12:47:09 ERROR    Failure: http://localhost:3000/pagekit/index.php/admin/dashboard -> net::ERR_ABORTED
2022-05-25 12:47:13 ERROR    Failure: http://localhost:3000/pagekit/index.php/admin/dashboard -> net::ERR_ABORTED
2022-05-25 12:47:16 ERROR    Failure: http://localhost:3000/pagekit/index.php/admin/dashboard -> net::ERR_ABORTED
2022-05-25 12:47:21 ERROR    Failure: http://localhost:3000/pagekit/index.php/admin/dashboard -> net::ERR_ABORTED
2022-05-25 12:47:26 ERROR    Failure: http://localhost:3000/pagekit/index.php/admin/dashboard -> net::ERR_ABORTED
2022-05-25 12:47:30 ERROR    Failure: http://localhost:3000/pagekit/index.php/admin/dashboard -> net::ERR_ABORTED
2022-05-25 12:47:34 ERROR    Failure: http://localhost:3000/pagekit/index.php/admin/dashboard -> net::ERR_ABORTED
2022-05-25 12:47:38 ERROR    Failure: http://localhost:3000/pagekit/index.php/admin/dashboard -> net::ERR_ABORTED
2022-05-25 12:47:42 ERROR    Failure: http://localhost:3000/pagekit/index.php/admin/dashboard -> net::ERR_ABORTED
2022-05-25 12:47:47 ERROR    Failure: http://localhost:3000/pagekit/index.php/admin/dashboard -> net::ERR_ABORTED
2022-05-25 12:47:51 ERROR    Failure: http://localhost:3000/pagekit/index.php/admin/dashboard -> net::ERR_ABORTED
2022-05-25 12:47:56 ERROR    Failure: http://localhost:3000/pagekit/index.php/admin/dashboard -> net::ERR_ABORTED
2022-05-25 12:47:59 ERROR    Failure: http://localhost:3000/pagekit/index.php/admin/dashboard -> net::ERR_ABORTED
2022-05-25 12:48:04 ERROR    Failure: http://localhost:3000/pagekit/index.php/admin/dashboard -> net::ERR_ABORTED
2022-05-25 12:48:08 ERROR    Failure: http://localhost:3000/pagekit/index.php/admin/dashboard -> net::ERR_ABORTED
2022-05-25 12:48:10 ERROR    Failure: http://localhost:3000/pagekit/index.php/admin/dashboard -> net::ERR_ABORTED
2022-05-25 12:48:14 ERROR    Failure: http://localhost:3000/pagekit/index.php/admin/dashboard -> net::ERR_ABORTED
2022-05-25 12:48:19 ERROR    Failure: http://localhost:3000/pagekit/index.php/admin/dashboard -> net::ERR_ABORTED
2022-05-25 12:48:27 ERROR    Failure: http://localhost:3000/pagekit/index.php/admin/dashboard -> net::ERR_ABORTED
2022-05-25 12:48:34 ERROR    Failure: http://localhost:3000/pagekit/index.php/admin/dashboard -> net::ERR_ABORTED
2022-05-25 12:48:38 ERROR    Failure: http://localhost:3000/pagekit/index.php/admin/dashboard -> net::ERR_ABORTED
2022-05-25 12:48:41 ERROR    Failure: http://localhost:3000/pagekit/index.php/admin/dashboard -> net::ERR_ABORTED
2022-05-25 12:48:44 ERROR    Failure: http://localhost:3000/pagekit/index.php/admin/dashboard -> net::ERR_ABORTED
2022-05-25 12:48:47 ERROR    Failure: http://localhost:3000/pagekit/index.php/admin/dashboard -> net::ERR_ABORTED
2022-05-25 12:48:51 ERROR    Failure: http://localhost:3000/pagekit/index.php/admin/dashboard -> net::ERR_ABORTED
2022-05-25 12:48:57 ERROR    Failure: http://localhost:3000/pagekit/index.php/admin/dashboard -> net::ERR_ABORTED
2022-05-25 12:49:01 ERROR    Failure: http://localhost:3000/pagekit/index.php/admin/dashboard -> net::ERR_ABORTED
2022-05-25 12:49:06 ERROR    Failure: http://localhost:3000/pagekit/index.php/admin/dashboard -> net::ERR_ABORTED
2022-05-25 12:49:10 ERROR    Failure: http://localhost:3000/pagekit/index.php/admin/dashboard -> net::ERR_ABORTED
2022-05-25 12:49:15 ERROR    Failure: http://localhost:3000/pagekit/index.php/admin/dashboard -> net::ERR_ABORTED
2022-05-25 12:49:19 ERROR    Failure: http://localhost:3000/pagekit/index.php/admin/dashboard -> net::ERR_ABORTED
2022-05-25 12:49:23 ERROR    Failure: http://localhost:3000/pagekit/index.php/admin/dashboard -> net::ERR_ABORTED
2022-05-25 12:49:28 ERROR    Failure: http://localhost:3000/pagekit/index.php/admin/dashboard -> net::ERR_ABORTED
2022-05-25 12:49:33 ERROR    Failure: http://localhost:3000/pagekit/index.php/admin/dashboard -> net::ERR_ABORTED
2022-05-25 12:49:44 ERROR    Failure: http://localhost:3000/pagekit/index.php/admin/dashboard -> net::ERR_ABORTED
2022-05-25 12:49:49 ERROR    Failure: http://localhost:3000/pagekit/index.php/admin/dashboard -> net::ERR_ABORTED
2022-05-25 12:49:54 ERROR    Failure: http://localhost:3000/pagekit/index.php/admin/dashboard -> net::ERR_ABORTED
2022-05-25 12:49:57 ERROR    Failure: http://localhost:3000/pagekit/index.php/admin/dashboard -> net::ERR_ABORTED
2022-05-25 12:50:01 ERROR    Failure: http://localhost:3000/pagekit/index.php/admin/dashboard -> net::ERR_ABORTED
2022-05-25 12:50:01 ERROR    Failure: http://localhost:3000/pagekit/index.php/admin/dashboard -> net::ERR_ABORTED
2022-05-25 12:50:05 ERROR    Failure: http://localhost:3000/pagekit/index.php/admin/dashboard -> net::ERR_ABORTED
2022-05-25 12:50:08 ERROR    Failure: http://localhost:3000/pagekit/index.php/admin/dashboard -> net::ERR_ABORTED
2022-05-25 12:50:15 ERROR    Failure: http://localhost:3000/pagekit/index.php/admin/dashboard -> net::ERR_ABORTED
2022-05-25 12:50:18 ERROR    Failure: http://localhost:3000/pagekit/index.php/admin/dashboard -> net::ERR_ABORTED
2022-05-25 12:50:23 ERROR    Failure: http://localhost:3000/pagekit/index.php/admin/dashboard -> net::ERR_ABORTED
2022-05-25 12:50:27 ERROR    Failure: http://localhost:3000/pagekit/index.php/admin/dashboard -> net::ERR_ABORTED
2022-05-25 12:50:27 ERROR    Failure: http://localhost:3000/pagekit/index.php/admin/dashboard -> net::ERR_ABORTED
2022-05-25 12:50:30 ERROR    Failure: http://localhost:3000/pagekit/index.php/admin/dashboard -> net::ERR_ABORTED
2022-05-25 12:50:33 ERROR    Failure: http://localhost:3000/pagekit/index.php/admin/dashboard -> net::ERR_ABORTED
2022-05-25 12:50:38 ERROR    Failure: http://localhost:3000/pagekit/index.php/admin/dashboard -> net::ERR_ABORTED
2022-05-25 12:50:42 ERROR    Failure: http://localhost:3000/pagekit/index.php/admin/dashboard -> net::ERR_ABORTED
2022-05-25 12:50:46 ERROR    Failure: http://localhost:3000/pagekit/index.php/admin/dashboard -> net::ERR_ABORTED
2022-05-25 12:50:51 ERROR    Failure: http://localhost:3000/pagekit/index.php/admin/dashboard -> net::ERR_ABORTED
2022-05-25 12:51:01 ERROR    Failure: http://localhost:3000/pagekit/index.php/admin/dashboard -> net::ERR_ABORTED
2022-05-25 12:51:04 ERROR    Failure: http://localhost:3000/pagekit/index.php/admin/dashboard -> net::ERR_ABORTED
2022-05-25 12:51:12 ERROR    Failure: http://localhost:3000/pagekit/index.php/admin/dashboard -> net::ERR_ABORTED
2022-05-25 12:51:15 ERROR    Failure: http://localhost:3000/pagekit/index.php/admin/dashboard -> net::ERR_ABORTED
2022-05-25 12:51:22 ERROR    Failure: http://localhost:3000/pagekit/index.php/admin/dashboard -> net::ERR_ABORTED
2022-05-25 12:51:25 ERROR    Failure: http://localhost:3000/pagekit/index.php/admin/dashboard -> net::ERR_ABORTED
2022-05-25 12:51:28 ERROR    Failure: http://localhost:3000/pagekit/index.php/admin/dashboard -> net::ERR_ABORTED
2022-05-25 12:51:32 ERROR    Failure: http://localhost:3000/pagekit/index.php/admin/dashboard -> net::ERR_ABORTED
2022-05-25 12:51:36 ERROR    Failure: http://localhost:3000/pagekit/index.php/admin/dashboard -> net::ERR_ABORTED
2022-05-25 12:51:39 ERROR    Failure: http://localhost:3000/pagekit/index.php/admin/dashboard -> net::ERR_ABORTED
2022-05-25 12:51:46 ERROR    Failure: http://localhost:3000/pagekit/index.php/admin/dashboard -> net::ERR_ABORTED
2022-05-25 12:51:49 ERROR    Failure: http://localhost:3000/pagekit/index.php/admin/dashboard -> net::ERR_ABORTED
2022-05-25 12:51:52 ERROR    Failure: http://localhost:3000/pagekit/index.php/admin/dashboard -> net::ERR_ABORTED
2022-05-25 12:51:57 ERROR    Failure: http://localhost:3000/pagekit/index.php/admin/dashboard -> net::ERR_ABORTED
2022-05-25 12:52:00 ERROR    Failure: http://localhost:3000/pagekit/index.php/admin/dashboard -> net::ERR_ABORTED
2022-05-25 12:52:04 ERROR    Failure: http://localhost:3000/pagekit/index.php/admin/dashboard -> net::ERR_ABORTED
2022-05-25 12:52:12 ERROR    Failure: http://localhost:3000/pagekit/index.php/admin/dashboard -> net::ERR_ABORTED
2022-05-25 12:52:21 ERROR    Failure: http://localhost:3000/pagekit/index.php/admin/dashboard -> net::ERR_ABORTED
2022-05-25 12:52:25 ERROR    Failure: http://localhost:3000/pagekit/index.php/admin/dashboard -> net::ERR_ABORTED
2022-05-25 12:52:29 ERROR    Failure: http://localhost:3000/pagekit/index.php/admin/dashboard -> net::ERR_ABORTED
2022-05-25 12:52:39 ERROR    Failure: http://localhost:3000/pagekit/index.php/admin/dashboard -> net::ERR_ABORTED
2022-05-25 12:52:46 ERROR    Failure: http://localhost:3000/pagekit/index.php/admin/dashboard -> net::ERR_ABORTED
2022-05-25 12:52:54 ERROR    Failure: http://localhost:3000/pagekit/index.php/admin/dashboard -> net::ERR_ABORTED
2022-05-25 12:52:57 ERROR    Failure: http://localhost:3000/pagekit/index.php/admin/dashboard -> net::ERR_ABORTED
2022-05-25 12:53:01 ERROR    Failure: http://localhost:3000/pagekit/index.php/admin/dashboard -> net::ERR_ABORTED
2022-05-25 12:53:05 ERROR    Failure: http://localhost:3000/pagekit/index.php/admin/dashboard -> net::ERR_ABORTED
2022-05-25 12:53:09 ERROR    Failure: http://localhost:3000/pagekit/index.php/admin/dashboard -> net::ERR_ABORTED
2022-05-25 12:53:13 ERROR    Failure: http://localhost:3000/pagekit/index.php/admin/dashboard -> net::ERR_ABORTED
2022-05-25 12:53:17 ERROR    Failure: http://localhost:3000/pagekit/index.php/admin/dashboard -> net::ERR_ABORTED
2022-05-25 12:53:21 ERROR    Failure: http://localhost:3000/pagekit/index.php/admin/dashboard -> net::ERR_ABORTED
2022-05-25 12:53:26 ERROR    Failure: http://localhost:3000/pagekit/index.php/admin/dashboard -> net::ERR_ABORTED
2022-05-25 12:53:29 ERROR    Failure: http://localhost:3000/pagekit/index.php/admin/dashboard -> net::ERR_ABORTED
2022-05-25 12:53:33 ERROR    Failure: http://localhost:3000/pagekit/index.php/admin/dashboard -> net::ERR_ABORTED
2022-05-25 12:53:41 ERROR    Failure: http://localhost:3000/pagekit/index.php/admin/dashboard -> net::ERR_ABORTED
2022-05-25 12:53:44 ERROR    Failure: http://localhost:3000/pagekit/index.php/admin/dashboard -> net::ERR_ABORTED
2022-05-25 12:53:48 ERROR    Failure: http://localhost:3000/pagekit/index.php/admin/dashboard -> net::ERR_ABORTED
2022-05-25 12:53:53 ERROR    Failure: http://localhost:3000/pagekit/index.php/admin/dashboard -> net::ERR_ABORTED
2022-05-25 12:53:58 ERROR    Failure: http://localhost:3000/pagekit/index.php/admin/dashboard -> net::ERR_ABORTED
2022-05-25 12:54:03 ERROR    Failure: http://localhost:3000/pagekit/index.php/admin/dashboard -> net::ERR_ABORTED
2022-05-25 12:54:06 ERROR    Failure: http://localhost:3000/pagekit/index.php/admin/dashboard -> net::ERR_ABORTED
2022-05-25 12:54:10 ERROR    Failure: http://localhost:3000/pagekit/index.php/admin/dashboard -> net::ERR_ABORTED
2022-05-25 12:54:13 ERROR    Failure: http://localhost:3000/pagekit/index.php/admin/dashboard -> net::ERR_ABORTED
2022-05-25 12:54:17 ERROR    Failure: http://localhost:3000/pagekit/index.php/admin/dashboard -> net::ERR_ABORTED
2022-05-25 12:54:21 ERROR    Failure: http://localhost:3000/pagekit/index.php/admin/dashboard -> net::ERR_ABORTED
2022-05-25 12:54:31 ERROR    Failure: http://localhost:3000/pagekit/index.php/admin/dashboard -> net::ERR_ABORTED
2022-05-25 12:54:35 ERROR    Failure: http://localhost:3000/pagekit/index.php/admin/dashboard -> net::ERR_ABORTED
2022-05-25 12:54:38 ERROR    Failure: http://localhost:3000/pagekit/index.php/admin/dashboard -> net::ERR_ABORTED
2022-05-25 12:54:41 ERROR    Failure: http://localhost:3000/pagekit/index.php/admin/dashboard -> net::ERR_ABORTED
2022-05-25 12:54:46 ERROR    Failure: http://localhost:3000/pagekit/index.php/admin/dashboard -> net::ERR_ABORTED
2022-05-25 12:54:49 ERROR    Failure: http://localhost:3000/pagekit/index.php/admin/dashboard -> net::ERR_ABORTED
2022-05-25 12:54:54 ERROR    Failure: http://localhost:3000/pagekit/index.php/admin/dashboard -> net::ERR_ABORTED
2022-05-25 12:54:58 ERROR    Failure: http://localhost:3000/pagekit/index.php/admin/dashboard -> net::ERR_ABORTED
2022-05-25 12:55:02 ERROR    Failure: http://localhost:3000/pagekit/index.php/admin/dashboard -> net::ERR_ABORTED
2022-05-25 12:55:07 ERROR    Failure: http://localhost:3000/pagekit/index.php/admin/dashboard -> net::ERR_ABORTED
2022-05-25 12:55:10 ERROR    Failure: http://localhost:3000/pagekit/index.php/admin/dashboard -> net::ERR_ABORTED
2022-05-25 12:55:13 ERROR    Failure: http://localhost:3000/pagekit/index.php/admin/dashboard -> net::ERR_ABORTED
2022-05-25 12:55:17 ERROR    Failure: http://localhost:3000/pagekit/index.php/admin/dashboard -> net::ERR_ABORTED
2022-05-25 12:55:22 ERROR    Failure: http://localhost:3000/pagekit/index.php/admin/dashboard -> net::ERR_ABORTED
2022-05-25 12:55:25 ERROR    Failure: http://localhost:3000/pagekit/index.php/admin/dashboard -> net::ERR_ABORTED
2022-05-25 12:55:30 ERROR    Failure: http://localhost:3000/pagekit/index.php/admin/dashboard -> net::ERR_ABORTED
2022-05-25 12:55:44 ERROR    Failure: http://localhost:3000/pagekit/index.php/admin/dashboard -> net::ERR_ABORTED
2022-05-25 12:55:49 ERROR    Failure: http://localhost:3000/pagekit/index.php/admin/dashboard -> net::ERR_ABORTED
2022-05-25 12:55:54 ERROR    Failure: http://localhost:3000/pagekit/index.php/admin/dashboard -> net::ERR_ABORTED
2022-05-25 12:56:04 ERROR    Failure: http://localhost:3000/pagekit/index.php/admin/dashboard -> net::ERR_ABORTED
2022-05-25 12:56:12 ERROR    Failure: http://localhost:3000/pagekit/index.php/admin/dashboard -> net::ERR_ABORTED
2022-05-25 12:56:16 ERROR    Failure: http://localhost:3000/pagekit/index.php/admin/dashboard -> net::ERR_ABORTED
2022-05-25 12:56:21 ERROR    Failure: http://localhost:3000/pagekit/index.php/admin/dashboard -> net::ERR_ABORTED
2022-05-25 12:56:23 WARNING  Finished
2022-05-25 12:56:24 WARNING  (Failure Count, Coverage Percentage) : (7, 91.25848735038669)
2022-05-25 12:56:24 ERROR    http://localhost:3000/pagekit/index.php/admin/dashboard -> Failed to load resource: the server responded with a status of 404 (Not Found)
2022-05-25 12:56:24 ERROR    http://localhost:3000/pagekit/index.php/admin/dashboard -> status code(404) -> 
2022-05-25 12:56:24 ERROR    http://localhost:3000/pagekit/admin/system/update -> status code(404) -> <!DOCTYPE HTML PUBLIC "-//IETF//DTD HTML 2.0//EN">	<html><head>	<title>404 Not Found</title>	</head><body>	<h1>Not Found</h1>	<p>The requested URL /pagekit/admin/system/update was not found on this server.</p>	<hr>	<address>Apache/2.4.18 (Ubuntu) Server at localhost Port 3000</address>	</body></html>	
2022-05-25 12:56:24 ERROR    http://localhost:3000/pagekit/index.php/admin/user/edit?id=1 -> net::ERR_ABORTED
2022-05-25 12:56:24 ERROR    http://localhost:3000/pagekit/index.php/admin/user -> Failed to load resource: the server responded with a status of 400 (Bad Request)
2022-05-25 12:56:24 ERROR    http://localhost:3000/pagekit/index.php/admin/user -> status code(400) -> "Unable to block yourself."
2022-05-25 12:56:24 ERROR    http://localhost:3000/pagekit/index.php/admin/dashboard -> net::ERR_ABORTED
