2022-05-25 12:28:20 WARNING  Starting
2022-05-25 12:28:28 ERROR    Failure: http://localhost:3000/pagekit/index.php/admin/dashboard -> Failed to load resource: the server responded with a status of 404 (Not Found)
2022-05-25 12:28:28 ERROR    Failure: http://localhost:3000/pagekit/index.php/admin/dashboard -> status code(404) -> 
2022-05-25 12:28:28 ERROR    Failure: http://localhost:3000/pagekit/index.php/admin/dashboard -> net::ERR_ABORTED
2022-05-25 12:28:28 ERROR    Failure: http://localhost:3000/pagekit/index.php/admin/dashboard -> net::ERR_ABORTED
2022-05-25 12:28:28 ERROR    Failure: http://localhost:3000/pagekit/index.php/admin/dashboard -> net::ERR_ABORTED
2022-05-25 12:28:28 ERROR    Failure: http://localhost:3000/pagekit/index.php/admin/dashboard -> net::ERR_ABORTED
2022-05-25 12:28:32 ERROR    Failure: http://localhost:3000/pagekit/index.php/admin/dashboard -> Failed to load resource: the server responded with a status of 404 (Not Found)
2022-05-25 12:28:32 ERROR    Failure: http://localhost:3000/pagekit/index.php/admin/dashboard -> status code(404) -> 
2022-05-25 12:28:36 ERROR    Failure: http://localhost:3000/pagekit/index.php/admin/dashboard -> Failed to load resource: the server responded with a status of 404 (Not Found)
2022-05-25 12:28:36 ERROR    Failure: http://localhost:3000/pagekit/index.php/admin/dashboard -> status code(404) -> 
2022-05-25 12:28:42 ERROR    Failure: http://localhost:3000/pagekit/index.php/admin/dashboard -> Failed to load resource: the server responded with a status of 404 (Not Found)
2022-05-25 12:28:42 ERROR    Failure: http://localhost:3000/pagekit/index.php/admin/dashboard -> status code(404) -> 
2022-05-25 12:28:46 ERROR    Failure: http://localhost:3000/pagekit/index.php/admin/dashboard -> Failed to load resource: the server responded with a status of 404 (Not Found)
2022-05-25 12:28:46 ERROR    Failure: http://localhost:3000/pagekit/index.php/admin/dashboard -> status code(404) -> 
2022-05-25 12:29:35 ERROR    Failure: http://localhost:3000/pagekit/index.php/admin/user/edit?id=1 -> net::ERR_ABORTED
2022-05-25 12:29:59 ERROR    Failure: http://localhost:3000/pagekit/index.php/admin/user/edit?id=1 -> net::ERR_ABORTED
2022-05-25 12:30:04 ERROR    Failure: http://localhost:3000/pagekit/index.php/admin/user/edit?id=1 -> net::ERR_ABORTED
2022-05-25 12:30:13 ERROR    Failure: http://localhost:3000/pagekit/index.php/admin/user/edit?id=1 -> net::ERR_ABORTED
2022-05-25 12:30:17 ERROR    Failure: http://localhost:3000/pagekit/index.php/admin/user -> Failed to load resource: the server responded with a status of 400 (Bad Request)
2022-05-25 12:30:17 ERROR    Failure: http://localhost:3000/pagekit/index.php/admin/user -> status code(400) -> "Unable to block yourself."
2022-05-25 12:30:27 ERROR    Failure: http://localhost:3000/pagekit/index.php/admin/user/edit -> net::ERR_ABORTED
2022-05-25 12:30:51 ERROR    Failure: http://localhost:3000/pagekit/index.php/admin/user/edit -> net::ERR_ABORTED
2022-05-25 12:31:02 ERROR    Failure: http://localhost:3000/pagekit/index.php/admin/user/edit -> net::ERR_ABORTED
2022-05-25 12:31:24 ERROR    Failure: http://localhost:3000/pagekit/index.php/admin/user/edit?id=1 -> net::ERR_ABORTED
2022-05-25 12:32:10 ERROR    Failure: http://localhost:3000/pagekit/index.php/admin/user/edit?id=1 -> net::ERR_ABORTED
2022-05-25 12:32:10 ERROR    Failure: http://localhost:3000/pagekit/index.php/admin/user# -> Failed to load resource: the server responded with a status of 400 (Bad Request)
2022-05-25 12:32:10 ERROR    Failure: http://localhost:3000/pagekit/index.php/admin/user# -> status code(400) -> "Unable to block yourself."
2022-05-25 12:32:39 ERROR    Failure: http://localhost:3000/pagekit/index.php/admin/dashboard -> net::ERR_ABORTED
2022-05-25 12:32:39 ERROR    Failure: http://localhost:3000/pagekit/index.php/admin/dashboard -> net::ERR_ABORTED
2022-05-25 12:32:49 ERROR    Failure: http://localhost:3000/pagekit/index.php/admin/dashboard -> net::ERR_ABORTED
2022-05-25 12:32:49 ERROR    Failure: http://localhost:3000/pagekit/index.php/admin/dashboard -> net::ERR_ABORTED
2022-05-25 12:32:49 ERROR    Failure: http://localhost:3000/pagekit/index.php/admin/dashboard -> net::ERR_ABORTED
2022-05-25 12:35:30 ERROR    Failure: http://localhost:3000/pagekit/index.php/admin/dashboard -> Failed to load resource: the server responded with a status of 404 (Not Found)
2022-05-25 12:35:30 ERROR    Failure: http://localhost:3000/pagekit/index.php/admin/dashboard -> status code(404) -> 
2022-05-25 12:35:35 ERROR    Failure: http://localhost:3000/pagekit/index.php/admin/dashboard -> Failed to load resource: the server responded with a status of 404 (Not Found)
2022-05-25 12:35:35 ERROR    Failure: http://localhost:3000/pagekit/index.php/admin/dashboard -> status code(404) -> 
2022-05-25 12:35:41 ERROR    Failure: http://localhost:3000/pagekit/index.php/admin/dashboard -> Failed to load resource: the server responded with a status of 404 (Not Found)
2022-05-25 12:35:41 ERROR    Failure: http://localhost:3000/pagekit/index.php/admin/dashboard -> status code(404) -> 
2022-05-25 12:35:52 ERROR    Failure: http://localhost:3000/pagekit/index.php/admin/dashboard -> Failed to load resource: the server responded with a status of 404 (Not Found)
2022-05-25 12:35:52 ERROR    Failure: http://localhost:3000/pagekit/index.php/admin/dashboard -> status code(404) -> 
2022-05-25 12:36:04 ERROR    Failure: http://localhost:3000/pagekit/index.php/admin/dashboard -> Failed to load resource: the server responded with a status of 404 (Not Found)
2022-05-25 12:36:04 ERROR    Failure: http://localhost:3000/pagekit/index.php/admin/dashboard -> status code(404) -> 
2022-05-25 12:36:16 ERROR    Failure: http://localhost:3000/pagekit/index.php/admin/dashboard -> Failed to load resource: the server responded with a status of 404 (Not Found)
2022-05-25 12:36:16 ERROR    Failure: http://localhost:3000/pagekit/index.php/admin/dashboard -> status code(404) -> 
2022-05-25 12:36:22 ERROR    Failure: http://localhost:3000/pagekit/index.php/admin/dashboard -> Failed to load resource: the server responded with a status of 404 (Not Found)
2022-05-25 12:36:22 ERROR    Failure: http://localhost:3000/pagekit/index.php/admin/dashboard -> status code(404) -> 
2022-05-25 12:36:29 ERROR    Failure: http://localhost:3000/pagekit/index.php/admin/dashboard -> Failed to load resource: the server responded with a status of 404 (Not Found)
2022-05-25 12:36:29 ERROR    Failure: http://localhost:3000/pagekit/index.php/admin/dashboard -> status code(404) -> 
2022-05-25 12:36:36 ERROR    Failure: http://localhost:3000/pagekit/index.php/admin/dashboard -> Failed to load resource: the server responded with a status of 404 (Not Found)
2022-05-25 12:36:36 ERROR    Failure: http://localhost:3000/pagekit/index.php/admin/dashboard -> status code(404) -> 
2022-05-25 12:36:41 ERROR    Failure: http://localhost:3000/pagekit/index.php/admin/dashboard -> Failed to load resource: the server responded with a status of 404 (Not Found)
2022-05-25 12:36:41 ERROR    Failure: http://localhost:3000/pagekit/index.php/admin/dashboard -> status code(404) -> 
2022-05-25 12:36:47 ERROR    Failure: http://localhost:3000/pagekit/index.php/admin/user/edit?id=1 -> net::ERR_ABORTED
2022-05-25 12:36:48 ERROR    Failure: http://localhost:3000/pagekit/index.php/admin/user/edit?id=1 -> net::ERR_ABORTED
2022-05-25 12:36:50 ERROR    Failure: http://localhost:3000/pagekit/index.php/admin/dashboard -> Failed to load resource: the server responded with a status of 404 (Not Found)
2022-05-25 12:36:50 ERROR    Failure: http://localhost:3000/pagekit/index.php/admin/dashboard -> status code(404) -> 
2022-05-25 12:36:56 ERROR    Failure: http://localhost:3000/pagekit/index.php/admin/dashboard -> Failed to load resource: the server responded with a status of 404 (Not Found)
2022-05-25 12:36:56 ERROR    Failure: http://localhost:3000/pagekit/index.php/admin/dashboard -> status code(404) -> 
2022-05-25 12:37:00 ERROR    Failure: http://localhost:3000/pagekit/index.php/admin/dashboard -> Failed to load resource: the server responded with a status of 404 (Not Found)
2022-05-25 12:37:00 ERROR    Failure: http://localhost:3000/pagekit/index.php/admin/dashboard -> status code(404) -> 
2022-05-25 12:37:05 ERROR    Failure: http://localhost:3000/pagekit/index.php/admin/dashboard -> Failed to load resource: the server responded with a status of 404 (Not Found)
2022-05-25 12:37:05 ERROR    Failure: http://localhost:3000/pagekit/index.php/admin/dashboard -> status code(404) -> 
2022-05-25 12:37:10 ERROR    Failure: http://localhost:3000/pagekit/index.php/admin/dashboard -> Failed to load resource: the server responded with a status of 404 (Not Found)
2022-05-25 12:37:10 ERROR    Failure: http://localhost:3000/pagekit/index.php/admin/dashboard -> status code(404) -> 
2022-05-25 12:37:11 ERROR    Failure: http://localhost:3000/pagekit/index.php/admin/dashboard -> Failed to load resource: the server responded with a status of 404 (Not Found)
2022-05-25 12:37:11 ERROR    Failure: http://localhost:3000/pagekit/admin/system/update -> status code(404) -> <!DOCTYPE HTML PUBLIC "-//IETF//DTD HTML 2.0//EN">	<html><head>	<title>404 Not Found</title>	</head><body>	<h1>Not Found</h1>	<p>The requested URL /pagekit/admin/system/update was not found on this server.</p>	<hr>	<address>Apache/2.4.18 (Ubuntu) Server at localhost Port 3000</address>	</body></html>	
2022-05-25 12:37:12 ERROR    Failure: http://localhost:3000/pagekit/index.php/admin/dashboard -> Failed to load resource: the server responded with a status of 404 (Not Found)
2022-05-25 12:37:12 ERROR    Failure: http://localhost:3000/pagekit/index.php/admin/dashboard -> status code(404) -> 
2022-05-25 12:37:16 ERROR    Failure: http://localhost:3000/pagekit/index.php/admin/dashboard -> Failed to load resource: the server responded with a status of 404 (Not Found)
2022-05-25 12:37:16 ERROR    Failure: http://localhost:3000/pagekit/index.php/admin/dashboard -> status code(404) -> 
2022-05-25 12:37:16 ERROR    Failure: http://localhost:3000/pagekit/index.php/admin/dashboard -> Failed to load resource: the server responded with a status of 404 (Not Found)
2022-05-25 12:37:16 ERROR    Failure: http://localhost:3000/pagekit/index.php/admin/dashboard -> net::ERR_ABORTED
2022-05-25 12:37:16 ERROR    Failure: http://localhost:3000/pagekit/index.php/admin/dashboard -> net::ERR_ABORTED
2022-05-25 12:37:16 ERROR    Failure: http://localhost:3000/pagekit/admin/system/update -> status code(404) -> <!DOCTYPE HTML PUBLIC "-//IETF//DTD HTML 2.0//EN">	<html><head>	<title>404 Not Found</title>	</head><body>	<h1>Not Found</h1>	<p>The requested URL /pagekit/admin/system/update was not found on this server.</p>	<hr>	<address>Apache/2.4.18 (Ubuntu) Server at localhost Port 3000</address>	</body></html>	
2022-05-25 12:37:17 ERROR    Failure: http://localhost:3000/pagekit/index.php/admin/dashboard -> Failed to load resource: the server responded with a status of 404 (Not Found)
2022-05-25 12:37:17 ERROR    Failure: http://localhost:3000/pagekit/index.php/admin/dashboard -> status code(404) -> 
2022-05-25 12:37:21 ERROR    Failure: http://localhost:3000/pagekit/index.php/admin/dashboard -> Failed to load resource: the server responded with a status of 404 (Not Found)
2022-05-25 12:37:21 ERROR    Failure: http://localhost:3000/pagekit/index.php/admin/dashboard -> status code(404) -> 
2022-05-25 12:37:26 ERROR    Failure: http://localhost:3000/pagekit/index.php/admin/dashboard -> Failed to load resource: the server responded with a status of 404 (Not Found)
2022-05-25 12:37:26 ERROR    Failure: http://localhost:3000/pagekit/index.php/admin/dashboard -> status code(404) -> 
2022-05-25 12:37:32 ERROR    Failure: http://localhost:3000/pagekit/index.php/admin/dashboard -> Failed to load resource: the server responded with a status of 404 (Not Found)
2022-05-25 12:37:32 ERROR    Failure: http://localhost:3000/pagekit/index.php/admin/dashboard -> status code(404) -> 
2022-05-25 12:37:37 ERROR    Failure: http://localhost:3000/pagekit/index.php/admin/dashboard -> Failed to load resource: the server responded with a status of 404 (Not Found)
2022-05-25 12:37:37 ERROR    Failure: http://localhost:3000/pagekit/index.php/admin/dashboard -> status code(404) -> 
2022-05-25 12:37:41 ERROR    Failure: http://localhost:3000/pagekit/index.php/admin/dashboard -> Failed to load resource: the server responded with a status of 404 (Not Found)
2022-05-25 12:37:41 ERROR    Failure: http://localhost:3000/pagekit/index.php/admin/dashboard -> status code(404) -> 
2022-05-25 12:37:52 ERROR    Failure: http://localhost:3000/pagekit/index.php/admin/dashboard -> Failed to load resource: the server responded with a status of 404 (Not Found)
2022-05-25 12:37:52 ERROR    Failure: http://localhost:3000/pagekit/index.php/admin/dashboard -> status code(404) -> 
2022-05-25 12:37:58 ERROR    Failure: http://localhost:3000/pagekit/index.php/admin/dashboard -> Failed to load resource: the server responded with a status of 404 (Not Found)
2022-05-25 12:37:58 ERROR    Failure: http://localhost:3000/pagekit/index.php/admin/dashboard -> status code(404) -> 
2022-05-25 12:38:02 ERROR    Failure: http://localhost:3000/pagekit/index.php/admin/dashboard -> Failed to load resource: the server responded with a status of 404 (Not Found)
2022-05-25 12:38:02 ERROR    Failure: http://localhost:3000/pagekit/index.php/admin/dashboard -> status code(404) -> 
2022-05-25 12:38:07 ERROR    Failure: http://localhost:3000/pagekit/index.php/admin/dashboard -> Failed to load resource: the server responded with a status of 404 (Not Found)
2022-05-25 12:38:07 ERROR    Failure: http://localhost:3000/pagekit/index.php/admin/dashboard -> status code(404) -> 
2022-05-25 12:38:18 ERROR    Failure: http://localhost:3000/pagekit/index.php/admin/dashboard -> Failed to load resource: the server responded with a status of 404 (Not Found)
2022-05-25 12:38:18 ERROR    Failure: http://localhost:3000/pagekit/index.php/admin/dashboard -> status code(404) -> 
2022-05-25 12:38:23 ERROR    Failure: http://localhost:3000/pagekit/index.php/admin/dashboard -> Failed to load resource: the server responded with a status of 404 (Not Found)
2022-05-25 12:38:23 ERROR    Failure: http://localhost:3000/pagekit/index.php/admin/dashboard -> status code(404) -> 
2022-05-25 12:38:35 ERROR    Failure: http://localhost:3000/pagekit/index.php/admin/dashboard -> Failed to load resource: the server responded with a status of 404 (Not Found)
2022-05-25 12:38:35 ERROR    Failure: http://localhost:3000/pagekit/index.php/admin/dashboard -> status code(404) -> 
2022-05-25 12:38:47 ERROR    Failure: http://localhost:3000/pagekit/index.php/admin/dashboard -> Failed to load resource: the server responded with a status of 404 (Not Found)
2022-05-25 12:38:47 ERROR    Failure: http://localhost:3000/pagekit/index.php/admin/dashboard -> status code(404) -> 
2022-05-25 12:38:48 ERROR    Failure: http://localhost:3000/pagekit/index.php/admin/dashboard -> Failed to load resource: the server responded with a status of 404 (Not Found)
2022-05-25 12:38:48 ERROR    Failure: http://localhost:3000/pagekit/admin/system/update -> status code(404) -> <!DOCTYPE HTML PUBLIC "-//IETF//DTD HTML 2.0//EN">	<html><head>	<title>404 Not Found</title>	</head><body>	<h1>Not Found</h1>	<p>The requested URL /pagekit/admin/system/update was not found on this server.</p>	<hr>	<address>Apache/2.4.18 (Ubuntu) Server at localhost Port 3000</address>	</body></html>	
2022-05-25 12:38:49 ERROR    Failure: http://localhost:3000/pagekit/index.php/admin/dashboard -> Failed to load resource: the server responded with a status of 404 (Not Found)
2022-05-25 12:38:49 ERROR    Failure: http://localhost:3000/pagekit/index.php/admin/dashboard -> status code(404) -> 
2022-05-25 12:38:55 ERROR    Failure: http://localhost:3000/pagekit/index.php/admin/dashboard -> Failed to load resource: the server responded with a status of 404 (Not Found)
2022-05-25 12:38:55 ERROR    Failure: http://localhost:3000/pagekit/index.php/admin/dashboard -> status code(404) -> 
2022-05-25 12:39:07 ERROR    Failure: http://localhost:3000/pagekit/index.php/admin/dashboard -> Failed to load resource: the server responded with a status of 404 (Not Found)
2022-05-25 12:39:07 ERROR    Failure: http://localhost:3000/pagekit/index.php/admin/dashboard -> status code(404) -> 
2022-05-25 12:39:14 ERROR    Failure: http://localhost:3000/pagekit/index.php/admin/dashboard -> Failed to load resource: the server responded with a status of 404 (Not Found)
2022-05-25 12:39:14 ERROR    Failure: http://localhost:3000/pagekit/index.php/admin/dashboard -> status code(404) -> 
2022-05-25 12:39:21 ERROR    Failure: http://localhost:3000/pagekit/index.php/admin/dashboard -> Failed to load resource: the server responded with a status of 404 (Not Found)
2022-05-25 12:39:21 ERROR    Failure: http://localhost:3000/pagekit/index.php/admin/dashboard -> status code(404) -> 
2022-05-25 12:39:28 ERROR    Failure: http://localhost:3000/pagekit/index.php/admin/dashboard -> Failed to load resource: the server responded with a status of 404 (Not Found)
2022-05-25 12:39:28 ERROR    Failure: http://localhost:3000/pagekit/index.php/admin/dashboard -> status code(404) -> 
2022-05-25 12:39:35 ERROR    Failure: http://localhost:3000/pagekit/index.php/admin/dashboard -> Failed to load resource: the server responded with a status of 404 (Not Found)
2022-05-25 12:39:35 ERROR    Failure: http://localhost:3000/pagekit/index.php/admin/dashboard -> status code(404) -> 
2022-05-25 12:39:39 ERROR    Failure: http://localhost:3000/pagekit/index.php/admin/dashboard -> Failed to load resource: the server responded with a status of 404 (Not Found)
2022-05-25 12:39:39 ERROR    Failure: http://localhost:3000/pagekit/index.php/admin/dashboard -> status code(404) -> 
2022-05-25 12:39:44 ERROR    Failure: http://localhost:3000/pagekit/index.php/admin/dashboard -> Failed to load resource: the server responded with a status of 404 (Not Found)
2022-05-25 12:39:44 ERROR    Failure: http://localhost:3000/pagekit/index.php/admin/dashboard -> status code(404) -> 
2022-05-25 12:39:48 ERROR    Failure: http://localhost:3000/pagekit/index.php/admin/dashboard -> Failed to load resource: the server responded with a status of 404 (Not Found)
2022-05-25 12:39:48 ERROR    Failure: http://localhost:3000/pagekit/index.php/admin/dashboard -> status code(404) -> 
2022-05-25 12:39:52 ERROR    Failure: http://localhost:3000/pagekit/index.php/admin/dashboard -> Failed to load resource: the server responded with a status of 404 (Not Found)
2022-05-25 12:39:52 ERROR    Failure: http://localhost:3000/pagekit/index.php/admin/dashboard -> status code(404) -> 
2022-05-25 12:39:57 ERROR    Failure: http://localhost:3000/pagekit/index.php/admin/dashboard -> Failed to load resource: the server responded with a status of 404 (Not Found)
2022-05-25 12:39:57 ERROR    Failure: http://localhost:3000/pagekit/index.php/admin/dashboard -> status code(404) -> 
2022-05-25 12:40:01 ERROR    Failure: http://localhost:3000/pagekit/index.php/admin/dashboard -> Failed to load resource: the server responded with a status of 404 (Not Found)
2022-05-25 12:40:01 ERROR    Failure: http://localhost:3000/pagekit/index.php/admin/dashboard -> status code(404) -> 
2022-05-25 12:40:03 ERROR    Failure: http://localhost:3000/pagekit/index.php/admin/dashboard -> Failed to load resource: the server responded with a status of 404 (Not Found)
2022-05-25 12:40:03 ERROR    Failure: http://localhost:3000/pagekit/index.php/admin/dashboard -> status code(404) -> 
2022-05-25 12:40:10 ERROR    Failure: http://localhost:3000/pagekit/index.php/admin/dashboard -> Failed to load resource: the server responded with a status of 404 (Not Found)
2022-05-25 12:40:10 ERROR    Failure: http://localhost:3000/pagekit/index.php/admin/dashboard -> status code(404) -> 
2022-05-25 12:40:15 ERROR    Failure: http://localhost:3000/pagekit/index.php/admin/dashboard -> Failed to load resource: the server responded with a status of 404 (Not Found)
2022-05-25 12:40:15 ERROR    Failure: http://localhost:3000/pagekit/index.php/admin/dashboard -> status code(404) -> 
2022-05-25 12:40:17 ERROR    Failure: http://localhost:3000/pagekit/index.php/admin/dashboard -> Failed to load resource: the server responded with a status of 404 (Not Found)
2022-05-25 12:40:17 ERROR    Failure: http://localhost:3000/pagekit/admin/system/update -> status code(404) -> <!DOCTYPE HTML PUBLIC "-//IETF//DTD HTML 2.0//EN">	<html><head>	<title>404 Not Found</title>	</head><body>	<h1>Not Found</h1>	<p>The requested URL /pagekit/admin/system/update was not found on this server.</p>	<hr>	<address>Apache/2.4.18 (Ubuntu) Server at localhost Port 3000</address>	</body></html>	
2022-05-25 12:40:18 ERROR    Failure: http://localhost:3000/pagekit/index.php/admin/dashboard -> Failed to load resource: the server responded with a status of 404 (Not Found)
2022-05-25 12:40:18 ERROR    Failure: http://localhost:3000/pagekit/index.php/admin/dashboard -> status code(404) -> 
2022-05-25 12:40:31 ERROR    Failure: http://localhost:3000/pagekit/index.php/admin/dashboard -> Failed to load resource: the server responded with a status of 404 (Not Found)
2022-05-25 12:40:31 ERROR    Failure: http://localhost:3000/pagekit/index.php/admin/dashboard -> status code(404) -> 
2022-05-25 12:40:43 ERROR    Failure: http://localhost:3000/pagekit/index.php/admin/dashboard -> Failed to load resource: the server responded with a status of 404 (Not Found)
2022-05-25 12:40:43 ERROR    Failure: http://localhost:3000/pagekit/index.php/admin/dashboard -> status code(404) -> 
2022-05-25 12:40:55 ERROR    Failure: http://localhost:3000/pagekit/index.php/admin/dashboard -> Failed to load resource: the server responded with a status of 404 (Not Found)
2022-05-25 12:40:55 ERROR    Failure: http://localhost:3000/pagekit/index.php/admin/dashboard -> status code(404) -> 
2022-05-25 12:41:07 ERROR    Failure: http://localhost:3000/pagekit/index.php/admin/dashboard -> Failed to load resource: the server responded with a status of 404 (Not Found)
2022-05-25 12:41:07 ERROR    Failure: http://localhost:3000/pagekit/index.php/admin/dashboard -> status code(404) -> 
2022-05-25 12:41:12 ERROR    Failure: http://localhost:3000/pagekit/index.php/admin/dashboard -> Failed to load resource: the server responded with a status of 404 (Not Found)
2022-05-25 12:41:12 ERROR    Failure: http://localhost:3000/pagekit/index.php/admin/dashboard -> status code(404) -> 
2022-05-25 12:41:17 ERROR    Failure: http://localhost:3000/pagekit/index.php/admin/dashboard -> Failed to load resource: the server responded with a status of 404 (Not Found)
2022-05-25 12:41:17 ERROR    Failure: http://localhost:3000/pagekit/index.php/admin/dashboard -> status code(404) -> 
2022-05-25 12:41:21 ERROR    Failure: http://localhost:3000/pagekit/index.php/admin/dashboard -> Failed to load resource: the server responded with a status of 404 (Not Found)
2022-05-25 12:41:21 ERROR    Failure: http://localhost:3000/pagekit/index.php/admin/dashboard -> status code(404) -> 
2022-05-25 12:41:22 ERROR    Failure: http://localhost:3000/pagekit/index.php/admin/dashboard -> Failed to load resource: the server responded with a status of 404 (Not Found)
2022-05-25 12:41:22 ERROR    Failure: http://localhost:3000/pagekit/index.php/admin/dashboard -> status code(404) -> 
2022-05-25 12:41:22 ERROR    Failure: http://localhost:3000/pagekit/index.php/admin/dashboard -> Failed to load resource: the server responded with a status of 404 (Not Found)
2022-05-25 12:41:22 ERROR    Failure: http://localhost:3000/pagekit/index.php/admin/dashboard -> status code(404) -> 
2022-05-25 12:41:24 ERROR    Failure: http://localhost:3000/pagekit/index.php/admin/dashboard -> Failed to load resource: the server responded with a status of 404 (Not Found)
2022-05-25 12:41:24 ERROR    Failure: http://localhost:3000/pagekit/index.php/admin/dashboard -> status code(404) -> 
2022-05-25 12:42:36 ERROR    Failure: http://localhost:3000/pagekit/index.php/admin/dashboard -> Failed to load resource: the server responded with a status of 404 (Not Found)
2022-05-25 12:42:36 ERROR    Failure: http://localhost:3000/pagekit/index.php/admin/dashboard -> status code(404) -> 
2022-05-25 12:42:39 ERROR    Failure: http://localhost:3000/pagekit/index.php/admin/dashboard -> Failed to load resource: the server responded with a status of 404 (Not Found)
2022-05-25 12:42:39 ERROR    Failure: http://localhost:3000/pagekit/index.php/admin/dashboard -> status code(404) -> 
2022-05-25 12:42:47 ERROR    Failure: http://localhost:3000/pagekit/index.php/admin/dashboard -> Failed to load resource: the server responded with a status of 404 (Not Found)
2022-05-25 12:42:47 ERROR    Failure: http://localhost:3000/pagekit/index.php/admin/dashboard -> status code(404) -> 
2022-05-25 12:43:00 ERROR    Failure: http://localhost:3000/pagekit/index.php/admin/dashboard -> Failed to load resource: the server responded with a status of 404 (Not Found)
2022-05-25 12:43:00 ERROR    Failure: http://localhost:3000/pagekit/index.php/admin/dashboard -> status code(404) -> 
2022-05-25 12:43:11 ERROR    Failure: http://localhost:3000/pagekit/index.php/admin/dashboard -> Failed to load resource: the server responded with a status of 404 (Not Found)
2022-05-25 12:43:11 ERROR    Failure: http://localhost:3000/pagekit/index.php/admin/dashboard -> status code(404) -> 
2022-05-25 12:43:23 ERROR    Failure: http://localhost:3000/pagekit/index.php/admin/dashboard -> Failed to load resource: the server responded with a status of 404 (Not Found)
2022-05-25 12:43:23 ERROR    Failure: http://localhost:3000/pagekit/index.php/admin/dashboard -> status code(404) -> 
2022-05-25 12:43:28 ERROR    Failure: http://localhost:3000/pagekit/index.php/admin/dashboard -> Failed to load resource: the server responded with a status of 404 (Not Found)
2022-05-25 12:43:28 ERROR    Failure: http://localhost:3000/pagekit/index.php/admin/dashboard -> status code(404) -> 
2022-05-25 12:43:34 ERROR    Failure: http://localhost:3000/pagekit/index.php/admin/dashboard -> Failed to load resource: the server responded with a status of 404 (Not Found)
2022-05-25 12:43:34 ERROR    Failure: http://localhost:3000/pagekit/index.php/admin/dashboard -> status code(404) -> 
2022-05-25 12:43:40 ERROR    Failure: http://localhost:3000/pagekit/index.php/admin/dashboard -> Failed to load resource: the server responded with a status of 404 (Not Found)
2022-05-25 12:43:40 ERROR    Failure: http://localhost:3000/pagekit/index.php/admin/dashboard -> status code(404) -> 
2022-05-25 12:43:45 ERROR    Failure: http://localhost:3000/pagekit/index.php/admin/dashboard -> Failed to load resource: the server responded with a status of 404 (Not Found)
2022-05-25 12:43:45 ERROR    Failure: http://localhost:3000/pagekit/index.php/admin/dashboard -> status code(404) -> 
2022-05-25 12:43:51 ERROR    Failure: http://localhost:3000/pagekit/index.php/admin/dashboard -> Failed to load resource: the server responded with a status of 404 (Not Found)
2022-05-25 12:43:51 ERROR    Failure: http://localhost:3000/pagekit/index.php/admin/dashboard -> status code(404) -> 
2022-05-25 12:44:00 ERROR    Failure: http://localhost:3000/pagekit/index.php/admin/dashboard -> Failed to load resource: the server responded with a status of 404 (Not Found)
2022-05-25 12:44:00 ERROR    Failure: http://localhost:3000/pagekit/index.php/admin/dashboard -> status code(404) -> 
2022-05-25 12:44:06 ERROR    Failure: http://localhost:3000/pagekit/index.php/admin/dashboard -> Failed to load resource: the server responded with a status of 404 (Not Found)
2022-05-25 12:44:06 ERROR    Failure: http://localhost:3000/pagekit/index.php/admin/dashboard -> status code(404) -> 
2022-05-25 12:44:11 ERROR    Failure: http://localhost:3000/pagekit/index.php/admin/dashboard -> Failed to load resource: the server responded with a status of 404 (Not Found)
2022-05-25 12:44:11 ERROR    Failure: http://localhost:3000/pagekit/index.php/admin/dashboard -> status code(404) -> 
2022-05-25 12:44:19 ERROR    Failure: http://localhost:3000/pagekit/index.php/admin/dashboard -> Failed to load resource: the server responded with a status of 404 (Not Found)
2022-05-25 12:44:19 ERROR    Failure: http://localhost:3000/pagekit/index.php/admin/dashboard -> status code(404) -> 
2022-05-25 12:44:31 ERROR    Failure: http://localhost:3000/pagekit/index.php/admin/dashboard -> Failed to load resource: the server responded with a status of 404 (Not Found)
2022-05-25 12:44:31 ERROR    Failure: http://localhost:3000/pagekit/index.php/admin/dashboard -> status code(404) -> 
2022-05-25 12:44:43 ERROR    Failure: http://localhost:3000/pagekit/index.php/admin/dashboard -> Failed to load resource: the server responded with a status of 404 (Not Found)
2022-05-25 12:44:43 ERROR    Failure: http://localhost:3000/pagekit/index.php/admin/dashboard -> status code(404) -> 
2022-05-25 12:44:55 ERROR    Failure: http://localhost:3000/pagekit/index.php/admin/dashboard -> Failed to load resource: the server responded with a status of 404 (Not Found)
2022-05-25 12:44:55 ERROR    Failure: http://localhost:3000/pagekit/index.php/admin/dashboard -> status code(404) -> 
2022-05-25 12:44:58 ERROR    Failure: http://localhost:3000/pagekit/index.php/admin/user/edit?id=1 -> net::ERR_ABORTED
2022-05-25 12:45:01 ERROR    Failure: http://localhost:3000/pagekit/index.php/admin/dashboard -> Failed to load resource: the server responded with a status of 404 (Not Found)
2022-05-25 12:45:01 ERROR    Failure: http://localhost:3000/pagekit/index.php/admin/dashboard -> status code(404) -> 
2022-05-25 12:45:08 ERROR    Failure: http://localhost:3000/pagekit/index.php/admin/dashboard -> Failed to load resource: the server responded with a status of 404 (Not Found)
2022-05-25 12:45:08 ERROR    Failure: http://localhost:3000/pagekit/index.php/admin/dashboard -> status code(404) -> 
2022-05-25 12:45:10 ERROR    Failure: http://localhost:3000/pagekit/index.php/admin/dashboard -> Failed to load resource: the server responded with a status of 404 (Not Found)
2022-05-25 12:45:10 ERROR    Failure: http://localhost:3000/pagekit/admin/system/update -> status code(404) -> <!DOCTYPE HTML PUBLIC "-//IETF//DTD HTML 2.0//EN">	<html><head>	<title>404 Not Found</title>	</head><body>	<h1>Not Found</h1>	<p>The requested URL /pagekit/admin/system/update was not found on this server.</p>	<hr>	<address>Apache/2.4.18 (Ubuntu) Server at localhost Port 3000</address>	</body></html>	
2022-05-25 12:45:11 ERROR    Failure: http://localhost:3000/pagekit/index.php/admin/dashboard -> Failed to load resource: the server responded with a status of 404 (Not Found)
2022-05-25 12:45:11 ERROR    Failure: http://localhost:3000/pagekit/index.php/admin/dashboard -> status code(404) -> 
2022-05-25 12:45:15 ERROR    Failure: http://localhost:3000/pagekit/index.php/admin/user/edit?id=1 -> net::ERR_ABORTED
2022-05-25 12:45:18 ERROR    Failure: http://localhost:3000/pagekit/index.php/admin/dashboard -> Failed to load resource: the server responded with a status of 404 (Not Found)
2022-05-25 12:45:18 ERROR    Failure: http://localhost:3000/pagekit/index.php/admin/dashboard -> status code(404) -> 
2022-05-25 12:45:23 ERROR    Failure: http://localhost:3000/pagekit/index.php/admin/dashboard -> Failed to load resource: the server responded with a status of 404 (Not Found)
2022-05-25 12:45:23 ERROR    Failure: http://localhost:3000/pagekit/index.php/admin/dashboard -> status code(404) -> 
2022-05-25 12:45:28 ERROR    Failure: http://localhost:3000/pagekit/index.php/admin/dashboard -> Failed to load resource: the server responded with a status of 404 (Not Found)
2022-05-25 12:45:28 ERROR    Failure: http://localhost:3000/pagekit/index.php/admin/dashboard -> status code(404) -> 
2022-05-25 12:45:35 ERROR    Failure: http://localhost:3000/pagekit/index.php/admin/dashboard -> Failed to load resource: the server responded with a status of 404 (Not Found)
2022-05-25 12:45:35 ERROR    Failure: http://localhost:3000/pagekit/index.php/admin/dashboard -> status code(404) -> 
2022-05-25 12:45:42 ERROR    Failure: http://localhost:3000/pagekit/index.php/admin/dashboard -> Failed to load resource: the server responded with a status of 404 (Not Found)
2022-05-25 12:45:42 ERROR    Failure: http://localhost:3000/pagekit/index.php/admin/dashboard -> status code(404) -> 
2022-05-25 12:45:47 ERROR    Failure: http://localhost:3000/pagekit/index.php/admin/user -> Failed to load resource: the server responded with a status of 400 (Bad Request)
2022-05-25 12:45:47 ERROR    Failure: http://localhost:3000/pagekit/index.php/admin/user -> status code(400) -> "Unable to delete yourself."
2022-05-25 12:45:48 ERROR    Failure: http://localhost:3000/pagekit/index.php/admin/dashboard -> Failed to load resource: the server responded with a status of 404 (Not Found)
2022-05-25 12:45:48 ERROR    Failure: http://localhost:3000/pagekit/index.php/admin/dashboard -> status code(404) -> 
2022-05-25 12:45:56 ERROR    Failure: http://localhost:3000/pagekit/index.php/admin/dashboard -> Failed to load resource: the server responded with a status of 404 (Not Found)
2022-05-25 12:45:56 ERROR    Failure: http://localhost:3000/pagekit/index.php/admin/dashboard -> status code(404) -> 
2022-05-25 12:46:01 ERROR    Failure: http://localhost:3000/pagekit/index.php/admin/dashboard -> Failed to load resource: the server responded with a status of 404 (Not Found)
2022-05-25 12:46:01 ERROR    Failure: http://localhost:3000/pagekit/index.php/admin/dashboard -> status code(404) -> 
2022-05-25 12:46:06 ERROR    Failure: http://localhost:3000/pagekit/index.php/admin/dashboard -> Failed to load resource: the server responded with a status of 404 (Not Found)
2022-05-25 12:46:06 ERROR    Failure: http://localhost:3000/pagekit/index.php/admin/dashboard -> status code(404) -> 
2022-05-25 12:46:12 ERROR    Failure: http://localhost:3000/pagekit/index.php/admin/dashboard -> Failed to load resource: the server responded with a status of 404 (Not Found)
2022-05-25 12:46:12 ERROR    Failure: http://localhost:3000/pagekit/index.php/admin/dashboard -> status code(404) -> 
2022-05-25 12:46:20 ERROR    Failure: http://localhost:3000/pagekit/index.php/admin/dashboard -> Failed to load resource: the server responded with a status of 404 (Not Found)
2022-05-25 12:46:20 ERROR    Failure: http://localhost:3000/pagekit/index.php/admin/dashboard -> status code(404) -> 
2022-05-25 12:46:30 ERROR    Failure: http://localhost:3000/pagekit/index.php/admin/dashboard -> Failed to load resource: the server responded with a status of 404 (Not Found)
2022-05-25 12:46:30 ERROR    Failure: http://localhost:3000/pagekit/index.php/admin/dashboard -> status code(404) -> 
2022-05-25 12:46:35 ERROR    Failure: http://localhost:3000/pagekit/index.php/admin/dashboard -> Failed to load resource: the server responded with a status of 404 (Not Found)
2022-05-25 12:46:35 ERROR    Failure: http://localhost:3000/pagekit/index.php/admin/dashboard -> status code(404) -> 
2022-05-25 12:46:41 ERROR    Failure: http://localhost:3000/pagekit/index.php/admin/dashboard -> Failed to load resource: the server responded with a status of 404 (Not Found)
2022-05-25 12:46:41 ERROR    Failure: http://localhost:3000/pagekit/index.php/admin/dashboard -> status code(404) -> 
2022-05-25 12:46:44 ERROR    Failure: http://localhost:3000/pagekit/index.php/admin/dashboard -> net::ERR_ABORTED
2022-05-25 12:46:47 ERROR    Failure: http://localhost:3000/pagekit/index.php/admin/dashboard -> Failed to load resource: the server responded with a status of 404 (Not Found)
2022-05-25 12:46:47 ERROR    Failure: http://localhost:3000/pagekit/index.php/admin/dashboard -> status code(404) -> 
2022-05-25 12:46:50 ERROR    Failure: http://localhost:3000/pagekit/index.php/admin/dashboard -> net::ERR_ABORTED
2022-05-25 12:46:53 ERROR    Failure: http://localhost:3000/pagekit/index.php/admin/dashboard -> Failed to load resource: the server responded with a status of 404 (Not Found)
2022-05-25 12:46:53 ERROR    Failure: http://localhost:3000/pagekit/index.php/admin/dashboard -> status code(404) -> 
2022-05-25 12:47:02 ERROR    Failure: http://localhost:3000/pagekit/index.php/admin/dashboard -> Failed to load resource: the server responded with a status of 404 (Not Found)
2022-05-25 12:47:02 ERROR    Failure: http://localhost:3000/pagekit/index.php/admin/dashboard -> status code(404) -> 
2022-05-25 12:47:06 ERROR    Failure: http://localhost:3000/pagekit/index.php/admin/dashboard -> Failed to load resource: the server responded with a status of 404 (Not Found)
2022-05-25 12:47:06 ERROR    Failure: http://localhost:3000/pagekit/index.php/admin/dashboard -> status code(404) -> 
2022-05-25 12:47:10 ERROR    Failure: http://localhost:3000/pagekit/index.php/admin/dashboard -> Failed to load resource: the server responded with a status of 404 (Not Found)
2022-05-25 12:47:10 ERROR    Failure: http://localhost:3000/pagekit/index.php/admin/dashboard -> status code(404) -> 
2022-05-25 12:47:14 ERROR    Failure: http://localhost:3000/pagekit/index.php/admin/dashboard -> Failed to load resource: the server responded with a status of 404 (Not Found)
2022-05-25 12:47:14 ERROR    Failure: http://localhost:3000/pagekit/index.php/admin/dashboard -> status code(404) -> 
2022-05-25 12:47:21 ERROR    Failure: http://localhost:3000/pagekit/index.php/admin/dashboard -> Failed to load resource: the server responded with a status of 404 (Not Found)
2022-05-25 12:47:21 ERROR    Failure: http://localhost:3000/pagekit/index.php/admin/dashboard -> status code(404) -> 
2022-05-25 12:47:29 ERROR    Failure: http://localhost:3000/pagekit/index.php/admin/user/edit?id=1 -> net::ERR_ABORTED
2022-05-25 12:47:31 ERROR    Failure: http://localhost:3000/pagekit/index.php/admin/dashboard -> Failed to load resource: the server responded with a status of 404 (Not Found)
2022-05-25 12:47:31 ERROR    Failure: http://localhost:3000/pagekit/index.php/admin/dashboard -> status code(404) -> 
2022-05-25 12:47:36 ERROR    Failure: http://localhost:3000/pagekit/index.php/admin/dashboard -> Failed to load resource: the server responded with a status of 404 (Not Found)
2022-05-25 12:47:36 ERROR    Failure: http://localhost:3000/pagekit/index.php/admin/dashboard -> status code(404) -> 
2022-05-25 12:47:46 ERROR    Failure: http://localhost:3000/pagekit/index.php/admin/dashboard -> Failed to load resource: the server responded with a status of 404 (Not Found)
2022-05-25 12:47:46 ERROR    Failure: http://localhost:3000/pagekit/index.php/admin/dashboard -> status code(404) -> 
2022-05-25 12:47:52 ERROR    Failure: http://localhost:3000/pagekit/index.php/admin/dashboard -> Failed to load resource: the server responded with a status of 404 (Not Found)
2022-05-25 12:47:52 ERROR    Failure: http://localhost:3000/pagekit/index.php/admin/dashboard -> status code(404) -> 
2022-05-25 12:48:03 ERROR    Failure: http://localhost:3000/pagekit/index.php/admin/dashboard -> Failed to load resource: the server responded with a status of 404 (Not Found)
2022-05-25 12:48:03 ERROR    Failure: http://localhost:3000/pagekit/index.php/admin/dashboard -> status code(404) -> 
2022-05-25 12:48:08 ERROR    Failure: http://localhost:3000/pagekit/index.php/admin/dashboard -> Failed to load resource: the server responded with a status of 404 (Not Found)
2022-05-25 12:48:08 ERROR    Failure: http://localhost:3000/pagekit/index.php/admin/dashboard -> status code(404) -> 
2022-05-25 12:48:19 ERROR    Failure: http://localhost:3000/pagekit/index.php/admin/dashboard -> Failed to load resource: the server responded with a status of 404 (Not Found)
2022-05-25 12:48:19 ERROR    Failure: http://localhost:3000/pagekit/index.php/admin/dashboard -> status code(404) -> 
2022-05-25 12:48:24 ERROR    Failure: http://localhost:3000/pagekit/index.php/admin/dashboard -> Failed to load resource: the server responded with a status of 404 (Not Found)
2022-05-25 12:48:24 ERROR    Failure: http://localhost:3000/pagekit/index.php/admin/dashboard -> status code(404) -> 
2022-05-25 12:48:30 ERROR    Failure: http://localhost:3000/pagekit/index.php/admin/dashboard -> Failed to load resource: the server responded with a status of 404 (Not Found)
2022-05-25 12:48:30 ERROR    Failure: http://localhost:3000/pagekit/index.php/admin/dashboard -> status code(404) -> 
2022-05-25 12:48:36 ERROR    Failure: http://localhost:3000/pagekit/index.php/admin/dashboard -> Failed to load resource: the server responded with a status of 404 (Not Found)
2022-05-25 12:48:36 ERROR    Failure: http://localhost:3000/pagekit/index.php/admin/dashboard -> status code(404) -> 
2022-05-25 12:48:41 ERROR    Failure: http://localhost:3000/pagekit/index.php/admin/dashboard -> Failed to load resource: the server responded with a status of 404 (Not Found)
2022-05-25 12:48:41 ERROR    Failure: http://localhost:3000/pagekit/index.php/admin/dashboard -> status code(404) -> 
2022-05-25 12:48:53 ERROR    Failure: http://localhost:3000/pagekit/index.php/admin/dashboard -> Failed to load resource: the server responded with a status of 404 (Not Found)
2022-05-25 12:48:53 ERROR    Failure: http://localhost:3000/pagekit/index.php/admin/dashboard -> status code(404) -> 
2022-05-25 12:48:57 ERROR    Failure: http://localhost:3000/pagekit/index.php/admin/dashboard -> Failed to load resource: the server responded with a status of 404 (Not Found)
2022-05-25 12:48:57 ERROR    Failure: http://localhost:3000/pagekit/index.php/admin/dashboard -> status code(404) -> 
2022-05-25 12:49:08 ERROR    Failure: http://localhost:3000/pagekit/index.php/admin/dashboard -> Failed to load resource: the server responded with a status of 404 (Not Found)
2022-05-25 12:49:08 ERROR    Failure: http://localhost:3000/pagekit/index.php/admin/dashboard -> status code(404) -> 
2022-05-25 12:49:13 ERROR    Failure: http://localhost:3000/pagekit/index.php/admin/dashboard -> Failed to load resource: the server responded with a status of 404 (Not Found)
2022-05-25 12:49:13 ERROR    Failure: http://localhost:3000/pagekit/index.php/admin/dashboard -> status code(404) -> 
2022-05-25 12:49:24 ERROR    Failure: http://localhost:3000/pagekit/index.php/admin/dashboard -> Failed to load resource: the server responded with a status of 404 (Not Found)
2022-05-25 12:49:24 ERROR    Failure: http://localhost:3000/pagekit/index.php/admin/dashboard -> status code(404) -> 
2022-05-25 12:49:29 ERROR    Failure: http://localhost:3000/pagekit/index.php/admin/dashboard -> Failed to load resource: the server responded with a status of 404 (Not Found)
2022-05-25 12:49:29 ERROR    Failure: http://localhost:3000/pagekit/index.php/admin/dashboard -> status code(404) -> 
2022-05-25 12:49:33 ERROR    Failure: http://localhost:3000/pagekit/index.php/admin/dashboard -> Failed to load resource: the server responded with a status of 404 (Not Found)
2022-05-25 12:49:33 ERROR    Failure: http://localhost:3000/pagekit/index.php/admin/dashboard -> status code(404) -> 
2022-05-25 12:49:37 ERROR    Failure: http://localhost:3000/pagekit/index.php/admin/dashboard -> Failed to load resource: the server responded with a status of 404 (Not Found)
2022-05-25 12:49:37 ERROR    Failure: http://localhost:3000/pagekit/index.php/admin/dashboard -> status code(404) -> 
2022-05-25 12:49:42 ERROR    Failure: http://localhost:3000/pagekit/index.php/admin/dashboard -> Failed to load resource: the server responded with a status of 404 (Not Found)
2022-05-25 12:49:42 ERROR    Failure: http://localhost:3000/pagekit/index.php/admin/dashboard -> status code(404) -> 
2022-05-25 12:49:47 ERROR    Failure: http://localhost:3000/pagekit/index.php/admin/dashboard -> Failed to load resource: the server responded with a status of 404 (Not Found)
2022-05-25 12:49:47 ERROR    Failure: http://localhost:3000/pagekit/index.php/admin/dashboard -> status code(404) -> 
2022-05-25 12:49:51 ERROR    Failure: http://localhost:3000/pagekit/index.php/admin/dashboard -> Failed to load resource: the server responded with a status of 404 (Not Found)
2022-05-25 12:49:51 ERROR    Failure: http://localhost:3000/pagekit/index.php/admin/dashboard -> status code(404) -> 
2022-05-25 12:49:55 ERROR    Failure: http://localhost:3000/pagekit/index.php/admin/dashboard -> Failed to load resource: the server responded with a status of 404 (Not Found)
2022-05-25 12:49:55 ERROR    Failure: http://localhost:3000/pagekit/index.php/admin/dashboard -> status code(404) -> 
2022-05-25 12:50:00 ERROR    Failure: http://localhost:3000/pagekit/index.php/admin/dashboard -> Failed to load resource: the server responded with a status of 404 (Not Found)
2022-05-25 12:50:00 ERROR    Failure: http://localhost:3000/pagekit/index.php/admin/dashboard -> status code(404) -> 
2022-05-25 12:50:04 ERROR    Failure: http://localhost:3000/pagekit/index.php/admin/dashboard -> Failed to load resource: the server responded with a status of 404 (Not Found)
2022-05-25 12:50:04 ERROR    Failure: http://localhost:3000/pagekit/index.php/admin/dashboard -> status code(404) -> 
2022-05-25 12:50:09 ERROR    Failure: http://localhost:3000/pagekit/index.php/admin/dashboard -> Failed to load resource: the server responded with a status of 404 (Not Found)
2022-05-25 12:50:09 ERROR    Failure: http://localhost:3000/pagekit/index.php/admin/dashboard -> status code(404) -> 
2022-05-25 12:50:13 ERROR    Failure: http://localhost:3000/pagekit/index.php/admin/dashboard -> Failed to load resource: the server responded with a status of 404 (Not Found)
2022-05-25 12:50:13 ERROR    Failure: http://localhost:3000/pagekit/index.php/admin/dashboard -> status code(404) -> 
2022-05-25 12:50:20 ERROR    Failure: http://localhost:3000/pagekit/index.php/admin/dashboard -> Failed to load resource: the server responded with a status of 404 (Not Found)
2022-05-25 12:50:20 ERROR    Failure: http://localhost:3000/pagekit/index.php/admin/dashboard -> status code(404) -> 
2022-05-25 12:50:25 ERROR    Failure: http://localhost:3000/pagekit/index.php/admin/dashboard -> Failed to load resource: the server responded with a status of 404 (Not Found)
2022-05-25 12:50:25 ERROR    Failure: http://localhost:3000/pagekit/index.php/admin/dashboard -> status code(404) -> 
2022-05-25 12:50:29 ERROR    Failure: http://localhost:3000/pagekit/index.php/admin/dashboard -> Failed to load resource: the server responded with a status of 404 (Not Found)
2022-05-25 12:50:29 ERROR    Failure: http://localhost:3000/pagekit/index.php/admin/dashboard -> status code(404) -> 
2022-05-25 12:50:33 ERROR    Failure: http://localhost:3000/pagekit/index.php/admin/dashboard -> Failed to load resource: the server responded with a status of 404 (Not Found)
2022-05-25 12:50:33 ERROR    Failure: http://localhost:3000/pagekit/index.php/admin/dashboard -> status code(404) -> 
2022-05-25 12:50:37 ERROR    Failure: http://localhost:3000/pagekit/index.php/admin/dashboard -> Failed to load resource: the server responded with a status of 404 (Not Found)
2022-05-25 12:50:37 ERROR    Failure: http://localhost:3000/pagekit/index.php/admin/dashboard -> status code(404) -> 
2022-05-25 12:50:42 ERROR    Failure: http://localhost:3000/pagekit/index.php/admin/dashboard -> Failed to load resource: the server responded with a status of 404 (Not Found)
2022-05-25 12:50:42 ERROR    Failure: http://localhost:3000/pagekit/index.php/admin/dashboard -> status code(404) -> 
2022-05-25 12:50:47 ERROR    Failure: http://localhost:3000/pagekit/index.php/admin/dashboard -> Failed to load resource: the server responded with a status of 404 (Not Found)
2022-05-25 12:50:47 ERROR    Failure: http://localhost:3000/pagekit/index.php/admin/dashboard -> status code(404) -> 
2022-05-25 12:50:52 ERROR    Failure: http://localhost:3000/pagekit/index.php/admin/dashboard -> Failed to load resource: the server responded with a status of 404 (Not Found)
2022-05-25 12:50:52 ERROR    Failure: http://localhost:3000/pagekit/index.php/admin/dashboard -> status code(404) -> 
2022-05-25 12:50:58 ERROR    Failure: http://localhost:3000/pagekit/index.php/admin/dashboard -> Failed to load resource: the server responded with a status of 404 (Not Found)
2022-05-25 12:50:58 ERROR    Failure: http://localhost:3000/pagekit/index.php/admin/dashboard -> status code(404) -> 
2022-05-25 12:51:04 ERROR    Failure: http://localhost:3000/pagekit/index.php/admin/dashboard -> net::ERR_ABORTED
2022-05-25 12:51:07 ERROR    Failure: http://localhost:3000/pagekit/index.php/admin/dashboard -> Failed to load resource: the server responded with a status of 404 (Not Found)
2022-05-25 12:51:07 ERROR    Failure: http://localhost:3000/pagekit/index.php/admin/dashboard -> status code(404) -> 
2022-05-25 12:51:09 ERROR    Failure: http://localhost:3000/pagekit/index.php/admin/dashboard -> Failed to load resource: the server responded with a status of 404 (Not Found)
2022-05-25 12:51:09 ERROR    Failure: http://localhost:3000/pagekit/admin/system/update -> status code(404) -> <!DOCTYPE HTML PUBLIC "-//IETF//DTD HTML 2.0//EN">	<html><head>	<title>404 Not Found</title>	</head><body>	<h1>Not Found</h1>	<p>The requested URL /pagekit/admin/system/update was not found on this server.</p>	<hr>	<address>Apache/2.4.18 (Ubuntu) Server at localhost Port 3000</address>	</body></html>	
2022-05-25 12:51:10 ERROR    Failure: http://localhost:3000/pagekit/index.php/admin/dashboard -> Failed to load resource: the server responded with a status of 404 (Not Found)
2022-05-25 12:51:10 ERROR    Failure: http://localhost:3000/pagekit/index.php/admin/dashboard -> status code(404) -> 
2022-05-25 12:51:15 ERROR    Failure: http://localhost:3000/pagekit/index.php/admin/dashboard -> Failed to load resource: the server responded with a status of 404 (Not Found)
2022-05-25 12:51:15 ERROR    Failure: http://localhost:3000/pagekit/index.php/admin/dashboard -> status code(404) -> 
2022-05-25 12:51:28 ERROR    Failure: http://localhost:3000/pagekit/index.php/admin/dashboard -> Failed to load resource: the server responded with a status of 404 (Not Found)
2022-05-25 12:51:28 ERROR    Failure: http://localhost:3000/pagekit/index.php/admin/dashboard -> status code(404) -> 
2022-05-25 12:51:42 ERROR    Failure: http://localhost:3000/pagekit/index.php/admin/dashboard -> Failed to load resource: the server responded with a status of 404 (Not Found)
2022-05-25 12:51:42 ERROR    Failure: http://localhost:3000/pagekit/index.php/admin/dashboard -> status code(404) -> 
2022-05-25 12:51:56 ERROR    Failure: http://localhost:3000/pagekit/index.php/admin/dashboard -> Failed to load resource: the server responded with a status of 404 (Not Found)
2022-05-25 12:51:56 ERROR    Failure: http://localhost:3000/pagekit/index.php/admin/dashboard -> status code(404) -> 
2022-05-25 12:52:01 ERROR    Failure: http://localhost:3000/pagekit/index.php/admin/dashboard -> Failed to load resource: the server responded with a status of 404 (Not Found)
2022-05-25 12:52:01 ERROR    Failure: http://localhost:3000/pagekit/index.php/admin/dashboard -> status code(404) -> 
2022-05-25 12:52:13 ERROR    Failure: http://localhost:3000/pagekit/index.php/admin/dashboard -> Failed to load resource: the server responded with a status of 404 (Not Found)
2022-05-25 12:52:13 ERROR    Failure: http://localhost:3000/pagekit/index.php/admin/dashboard -> status code(404) -> 
2022-05-25 12:52:18 ERROR    Failure: http://localhost:3000/pagekit/index.php/admin/dashboard -> Failed to load resource: the server responded with a status of 404 (Not Found)
2022-05-25 12:52:18 ERROR    Failure: http://localhost:3000/pagekit/index.php/admin/dashboard -> status code(404) -> 
2022-05-25 12:52:19 ERROR    Failure: http://localhost:3000/pagekit/index.php/admin/dashboard -> net::ERR_ABORTED
2022-05-25 12:52:19 ERROR    Failure: http://localhost:3000/pagekit/index.php/admin/dashboard -> net::ERR_ABORTED
2022-05-25 12:52:19 ERROR    Failure: http://localhost:3000/pagekit/index.php/admin/dashboard -> net::ERR_ABORTED
2022-05-25 12:52:23 ERROR    Failure: http://localhost:3000/pagekit/index.php/admin/dashboard -> Failed to load resource: the server responded with a status of 404 (Not Found)
2022-05-25 12:52:23 ERROR    Failure: http://localhost:3000/pagekit/index.php/admin/dashboard -> status code(404) -> 
2022-05-25 12:52:31 ERROR    Failure: http://localhost:3000/pagekit/index.php/admin/dashboard -> Failed to load resource: the server responded with a status of 404 (Not Found)
2022-05-25 12:52:31 ERROR    Failure: http://localhost:3000/pagekit/index.php/admin/dashboard -> status code(404) -> 
2022-05-25 12:52:33 ERROR    Failure: http://localhost:3000/pagekit/index.php/admin/dashboard -> net::ERR_ABORTED
2022-05-25 12:52:35 ERROR    Failure: http://localhost:3000/pagekit/index.php/admin/dashboard -> Failed to load resource: the server responded with a status of 404 (Not Found)
2022-05-25 12:52:35 ERROR    Failure: http://localhost:3000/pagekit/index.php/admin/dashboard -> status code(404) -> 
2022-05-25 12:52:40 ERROR    Failure: http://localhost:3000/pagekit/index.php/admin/dashboard -> Failed to load resource: the server responded with a status of 404 (Not Found)
2022-05-25 12:52:40 ERROR    Failure: http://localhost:3000/pagekit/index.php/admin/dashboard -> status code(404) -> 
2022-05-25 12:52:46 ERROR    Failure: http://localhost:3000/pagekit/index.php/admin/dashboard -> Failed to load resource: the server responded with a status of 404 (Not Found)
2022-05-25 12:52:46 ERROR    Failure: http://localhost:3000/pagekit/index.php/admin/dashboard -> status code(404) -> 
2022-05-25 12:52:50 ERROR    Failure: http://localhost:3000/pagekit/index.php/admin/dashboard -> Failed to load resource: the server responded with a status of 404 (Not Found)
2022-05-25 12:52:50 ERROR    Failure: http://localhost:3000/pagekit/index.php/admin/dashboard -> status code(404) -> 
2022-05-25 12:53:02 ERROR    Failure: http://localhost:3000/pagekit/index.php/admin/dashboard -> Failed to load resource: the server responded with a status of 404 (Not Found)
2022-05-25 12:53:02 ERROR    Failure: http://localhost:3000/pagekit/index.php/admin/dashboard -> status code(404) -> 
2022-05-25 12:53:07 ERROR    Failure: http://localhost:3000/pagekit/index.php/admin/dashboard -> Failed to load resource: the server responded with a status of 404 (Not Found)
2022-05-25 12:53:07 ERROR    Failure: http://localhost:3000/pagekit/index.php/admin/dashboard -> status code(404) -> 
2022-05-25 12:53:19 ERROR    Failure: http://localhost:3000/pagekit/index.php/admin/dashboard -> Failed to load resource: the server responded with a status of 404 (Not Found)
2022-05-25 12:53:19 ERROR    Failure: http://localhost:3000/pagekit/index.php/admin/dashboard -> status code(404) -> 
2022-05-25 12:53:24 ERROR    Failure: http://localhost:3000/pagekit/index.php/admin/dashboard -> Failed to load resource: the server responded with a status of 404 (Not Found)
2022-05-25 12:53:24 ERROR    Failure: http://localhost:3000/pagekit/index.php/admin/dashboard -> status code(404) -> 
2022-05-25 12:53:36 ERROR    Failure: http://localhost:3000/pagekit/index.php/admin/dashboard -> Failed to load resource: the server responded with a status of 404 (Not Found)
2022-05-25 12:53:36 ERROR    Failure: http://localhost:3000/pagekit/index.php/admin/dashboard -> status code(404) -> 
2022-05-25 12:53:44 ERROR    Failure: http://localhost:3000/pagekit/index.php/admin/dashboard -> Failed to load resource: the server responded with a status of 404 (Not Found)
2022-05-25 12:53:44 ERROR    Failure: http://localhost:3000/pagekit/index.php/admin/dashboard -> status code(404) -> 
2022-05-25 12:53:46 ERROR    Failure: http://localhost:3000/pagekit/index.php/admin/dashboard -> net::ERR_ABORTED
2022-05-25 12:53:48 ERROR    Failure: http://localhost:3000/pagekit/index.php/admin/dashboard -> Failed to load resource: the server responded with a status of 404 (Not Found)
2022-05-25 12:53:48 ERROR    Failure: http://localhost:3000/pagekit/index.php/admin/dashboard -> status code(404) -> 
2022-05-25 12:53:54 ERROR    Failure: http://localhost:3000/pagekit/index.php/admin/dashboard -> Failed to load resource: the server responded with a status of 404 (Not Found)
2022-05-25 12:53:54 ERROR    Failure: http://localhost:3000/pagekit/index.php/admin/dashboard -> status code(404) -> 
2022-05-25 12:53:58 ERROR    Failure: http://localhost:3000/pagekit/index.php/admin/dashboard -> Failed to load resource: the server responded with a status of 404 (Not Found)
2022-05-25 12:53:58 ERROR    Failure: http://localhost:3000/pagekit/index.php/admin/dashboard -> status code(404) -> 
2022-05-25 12:54:06 ERROR    Failure: http://localhost:3000/pagekit/index.php/admin/dashboard -> Failed to load resource: the server responded with a status of 404 (Not Found)
2022-05-25 12:54:06 ERROR    Failure: http://localhost:3000/pagekit/index.php/admin/dashboard -> status code(404) -> 
2022-05-25 12:54:12 ERROR    Failure: http://localhost:3000/pagekit/index.php/admin/dashboard -> Failed to load resource: the server responded with a status of 404 (Not Found)
2022-05-25 12:54:12 ERROR    Failure: http://localhost:3000/pagekit/index.php/admin/dashboard -> status code(404) -> 
2022-05-25 12:54:16 ERROR    Failure: http://localhost:3000/pagekit/index.php/admin/dashboard -> Failed to load resource: the server responded with a status of 404 (Not Found)
2022-05-25 12:54:16 ERROR    Failure: http://localhost:3000/pagekit/index.php/admin/dashboard -> status code(404) -> 
2022-05-25 12:54:20 ERROR    Failure: http://localhost:3000/pagekit/index.php/admin/dashboard -> Failed to load resource: the server responded with a status of 404 (Not Found)
2022-05-25 12:54:20 ERROR    Failure: http://localhost:3000/pagekit/index.php/admin/dashboard -> status code(404) -> 
2022-05-25 12:54:26 ERROR    Failure: http://localhost:3000/pagekit/index.php/admin/dashboard -> Failed to load resource: the server responded with a status of 404 (Not Found)
2022-05-25 12:54:26 ERROR    Failure: http://localhost:3000/pagekit/index.php/admin/dashboard -> status code(404) -> 
2022-05-25 12:54:35 ERROR    Failure: http://localhost:3000/pagekit/index.php/admin/dashboard -> Failed to load resource: the server responded with a status of 404 (Not Found)
2022-05-25 12:54:35 ERROR    Failure: http://localhost:3000/pagekit/index.php/admin/dashboard -> status code(404) -> 
2022-05-25 12:54:39 ERROR    Failure: http://localhost:3000/pagekit/index.php/admin/dashboard -> Failed to load resource: the server responded with a status of 404 (Not Found)
2022-05-25 12:54:39 ERROR    Failure: http://localhost:3000/pagekit/index.php/admin/dashboard -> status code(404) -> 
2022-05-25 12:54:48 ERROR    Failure: http://localhost:3000/pagekit/index.php/admin/dashboard -> Failed to load resource: the server responded with a status of 404 (Not Found)
2022-05-25 12:54:48 ERROR    Failure: http://localhost:3000/pagekit/index.php/admin/dashboard -> status code(404) -> 
2022-05-25 12:54:54 ERROR    Failure: http://localhost:3000/pagekit/index.php/admin/dashboard -> Failed to load resource: the server responded with a status of 404 (Not Found)
2022-05-25 12:54:54 ERROR    Failure: http://localhost:3000/pagekit/index.php/admin/dashboard -> status code(404) -> 
2022-05-25 12:55:01 ERROR    Failure: http://localhost:3000/pagekit/index.php/admin/dashboard -> Failed to load resource: the server responded with a status of 404 (Not Found)
2022-05-25 12:55:01 ERROR    Failure: http://localhost:3000/pagekit/index.php/admin/dashboard -> status code(404) -> 
2022-05-25 12:55:06 ERROR    Failure: http://localhost:3000/pagekit/index.php/admin/dashboard -> Failed to load resource: the server responded with a status of 404 (Not Found)
2022-05-25 12:55:06 ERROR    Failure: http://localhost:3000/pagekit/index.php/admin/dashboard -> status code(404) -> 
2022-05-25 12:55:11 ERROR    Failure: http://localhost:3000/pagekit/index.php/admin/dashboard -> Failed to load resource: the server responded with a status of 404 (Not Found)
2022-05-25 12:55:11 ERROR    Failure: http://localhost:3000/pagekit/index.php/admin/dashboard -> status code(404) -> 
2022-05-25 12:55:15 ERROR    Failure: http://localhost:3000/pagekit/index.php/admin/dashboard -> Failed to load resource: the server responded with a status of 404 (Not Found)
2022-05-25 12:55:15 ERROR    Failure: http://localhost:3000/pagekit/index.php/admin/dashboard -> status code(404) -> 
2022-05-25 12:55:19 ERROR    Failure: http://localhost:3000/pagekit/index.php/admin/dashboard -> Failed to load resource: the server responded with a status of 404 (Not Found)
2022-05-25 12:55:19 ERROR    Failure: http://localhost:3000/pagekit/index.php/admin/dashboard -> status code(404) -> 
2022-05-25 12:55:20 ERROR    Failure: http://localhost:3000/pagekit/index.php/admin/dashboard -> net::ERR_ABORTED
2022-05-25 12:55:24 ERROR    Failure: http://localhost:3000/pagekit/index.php/admin/dashboard -> Failed to load resource: the server responded with a status of 404 (Not Found)
2022-05-25 12:55:24 ERROR    Failure: http://localhost:3000/pagekit/index.php/admin/dashboard -> status code(404) -> 
2022-05-25 12:55:24 ERROR    Failure: http://localhost:3000/pagekit/index.php/admin/dashboard -> net::ERR_ABORTED
2022-05-25 12:55:27 ERROR    Failure: http://localhost:3000/pagekit/index.php/admin/dashboard -> Failed to load resource: the server responded with a status of 404 (Not Found)
2022-05-25 12:55:27 ERROR    Failure: http://localhost:3000/pagekit/index.php/admin/dashboard -> status code(404) -> 
2022-05-25 12:55:31 ERROR    Failure: http://localhost:3000/pagekit/index.php/admin/dashboard -> Failed to load resource: the server responded with a status of 404 (Not Found)
2022-05-25 12:55:31 ERROR    Failure: http://localhost:3000/pagekit/index.php/admin/dashboard -> status code(404) -> 
2022-05-25 12:55:36 ERROR    Failure: http://localhost:3000/pagekit/index.php/admin/dashboard -> Failed to load resource: the server responded with a status of 404 (Not Found)
2022-05-25 12:55:36 ERROR    Failure: http://localhost:3000/pagekit/index.php/admin/dashboard -> status code(404) -> 
2022-05-25 12:55:40 ERROR    Failure: http://localhost:3000/pagekit/index.php/admin/dashboard -> Failed to load resource: the server responded with a status of 404 (Not Found)
2022-05-25 12:55:40 ERROR    Failure: http://localhost:3000/pagekit/index.php/admin/dashboard -> status code(404) -> 
2022-05-25 12:55:44 ERROR    Failure: http://localhost:3000/pagekit/index.php/admin/dashboard -> Failed to load resource: the server responded with a status of 404 (Not Found)
2022-05-25 12:55:44 ERROR    Failure: http://localhost:3000/pagekit/index.php/admin/dashboard -> status code(404) -> 
2022-05-25 12:55:48 ERROR    Failure: http://localhost:3000/pagekit/index.php/admin/dashboard -> Failed to load resource: the server responded with a status of 404 (Not Found)
2022-05-25 12:55:48 ERROR    Failure: http://localhost:3000/pagekit/index.php/admin/dashboard -> status code(404) -> 
2022-05-25 12:55:51 ERROR    Failure: http://localhost:3000/pagekit/index.php/admin/dashboard -> Failed to load resource: the server responded with a status of 404 (Not Found)
2022-05-25 12:55:51 ERROR    Failure: http://localhost:3000/pagekit/index.php/admin/dashboard -> status code(404) -> 
2022-05-25 12:55:55 ERROR    Failure: http://localhost:3000/pagekit/index.php/admin/dashboard -> Failed to load resource: the server responded with a status of 404 (Not Found)
2022-05-25 12:55:55 ERROR    Failure: http://localhost:3000/pagekit/index.php/admin/dashboard -> status code(404) -> 
2022-05-25 12:55:59 ERROR    Failure: http://localhost:3000/pagekit/index.php/admin/dashboard -> Failed to load resource: the server responded with a status of 404 (Not Found)
2022-05-25 12:55:59 ERROR    Failure: http://localhost:3000/pagekit/index.php/admin/dashboard -> status code(404) -> 
2022-05-25 12:56:02 ERROR    Failure: http://localhost:3000/pagekit/index.php/admin/dashboard -> Failed to load resource: the server responded with a status of 404 (Not Found)
2022-05-25 12:56:02 ERROR    Failure: http://localhost:3000/pagekit/index.php/admin/dashboard -> status code(404) -> 
2022-05-25 12:56:07 ERROR    Failure: http://localhost:3000/pagekit/index.php/admin/dashboard -> Failed to load resource: the server responded with a status of 404 (Not Found)
2022-05-25 12:56:07 ERROR    Failure: http://localhost:3000/pagekit/index.php/admin/dashboard -> status code(404) -> 
2022-05-25 12:56:13 ERROR    Failure: http://localhost:3000/pagekit/index.php/admin/dashboard -> Failed to load resource: the server responded with a status of 404 (Not Found)
2022-05-25 12:56:13 ERROR    Failure: http://localhost:3000/pagekit/index.php/admin/dashboard -> status code(404) -> 
2022-05-25 12:56:16 ERROR    Failure: http://localhost:3000/pagekit/index.php/admin/dashboard -> Failed to load resource: the server responded with a status of 404 (Not Found)
2022-05-25 12:56:16 ERROR    Failure: http://localhost:3000/pagekit/index.php/admin/dashboard -> status code(404) -> 
2022-05-25 12:56:20 ERROR    Failure: http://localhost:3000/pagekit/index.php/admin/dashboard -> Failed to load resource: the server responded with a status of 404 (Not Found)
2022-05-25 12:56:20 ERROR    Failure: http://localhost:3000/pagekit/index.php/admin/dashboard -> status code(404) -> 
2022-05-25 12:56:21 ERROR    Failure: http://localhost:3000/pagekit/index.php/admin/dashboard -> net::ERR_ABORTED
2022-05-25 12:56:21 ERROR    Failure: http://localhost:3000/pagekit/index.php/admin/dashboard -> net::ERR_ABORTED
2022-05-25 12:56:24 ERROR    Failure: http://localhost:3000/pagekit/index.php/admin/dashboard -> Failed to load resource: the server responded with a status of 404 (Not Found)
2022-05-25 12:56:24 ERROR    Failure: http://localhost:3000/pagekit/index.php/admin/dashboard -> status code(404) -> 
2022-05-25 12:56:28 ERROR    Failure: http://localhost:3000/pagekit/index.php/admin/dashboard -> Failed to load resource: the server responded with a status of 404 (Not Found)
2022-05-25 12:56:28 ERROR    Failure: http://localhost:3000/pagekit/index.php/admin/dashboard -> status code(404) -> 
2022-05-25 12:56:31 ERROR    Failure: http://localhost:3000/pagekit/index.php/admin/dashboard -> Failed to load resource: the server responded with a status of 404 (Not Found)
2022-05-25 12:56:31 ERROR    Failure: http://localhost:3000/pagekit/index.php/admin/dashboard -> status code(404) -> 
2022-05-25 12:56:38 ERROR    Failure: http://localhost:3000/pagekit/index.php/admin/dashboard -> Failed to load resource: the server responded with a status of 404 (Not Found)
2022-05-25 12:56:38 ERROR    Failure: http://localhost:3000/pagekit/index.php/admin/dashboard -> status code(404) -> 
2022-05-25 12:56:42 ERROR    Failure: http://localhost:3000/pagekit/index.php/admin/dashboard -> Failed to load resource: the server responded with a status of 404 (Not Found)
2022-05-25 12:56:42 ERROR    Failure: http://localhost:3000/pagekit/index.php/admin/dashboard -> status code(404) -> 
2022-05-25 12:56:47 ERROR    Failure: http://localhost:3000/pagekit/index.php/admin/dashboard -> Failed to load resource: the server responded with a status of 404 (Not Found)
2022-05-25 12:56:47 ERROR    Failure: http://localhost:3000/pagekit/index.php/admin/dashboard -> status code(404) -> 
2022-05-25 12:56:52 ERROR    Failure: http://localhost:3000/pagekit/index.php/admin/dashboard -> Failed to load resource: the server responded with a status of 404 (Not Found)
2022-05-25 12:56:52 ERROR    Failure: http://localhost:3000/pagekit/index.php/admin/dashboard -> status code(404) -> 
2022-05-25 12:56:58 ERROR    Failure: http://localhost:3000/pagekit/index.php/admin/dashboard -> Failed to load resource: the server responded with a status of 404 (Not Found)
2022-05-25 12:56:58 ERROR    Failure: http://localhost:3000/pagekit/index.php/admin/dashboard -> status code(404) -> 
2022-05-25 12:57:02 ERROR    Failure: http://localhost:3000/pagekit/index.php/admin/dashboard -> Failed to load resource: the server responded with a status of 404 (Not Found)
2022-05-25 12:57:02 ERROR    Failure: http://localhost:3000/pagekit/index.php/admin/dashboard -> status code(404) -> 
2022-05-25 12:57:08 ERROR    Failure: http://localhost:3000/pagekit/index.php/admin/dashboard -> Failed to load resource: the server responded with a status of 404 (Not Found)
2022-05-25 12:57:08 ERROR    Failure: http://localhost:3000/pagekit/index.php/admin/dashboard -> status code(404) -> 
2022-05-25 12:57:13 ERROR    Failure: http://localhost:3000/pagekit/index.php/admin/dashboard -> Failed to load resource: the server responded with a status of 404 (Not Found)
2022-05-25 12:57:13 ERROR    Failure: http://localhost:3000/pagekit/index.php/admin/dashboard -> status code(404) -> 
2022-05-25 12:57:16 ERROR    Failure: http://localhost:3000/pagekit/index.php/admin/dashboard -> Failed to load resource: the server responded with a status of 404 (Not Found)
2022-05-25 12:57:16 ERROR    Failure: http://localhost:3000/pagekit/index.php/admin/dashboard -> status code(404) -> 
2022-05-25 12:57:19 ERROR    Failure: http://localhost:3000/pagekit/index.php/admin/dashboard -> Failed to load resource: the server responded with a status of 404 (Not Found)
2022-05-25 12:57:19 ERROR    Failure: http://localhost:3000/pagekit/index.php/admin/dashboard -> status code(404) -> 
2022-05-25 12:57:23 ERROR    Failure: http://localhost:3000/pagekit/index.php/admin/dashboard -> Failed to load resource: the server responded with a status of 404 (Not Found)
2022-05-25 12:57:23 ERROR    Failure: http://localhost:3000/pagekit/index.php/admin/dashboard -> status code(404) -> 
2022-05-25 12:57:27 ERROR    Failure: http://localhost:3000/pagekit/index.php/admin/dashboard -> Failed to load resource: the server responded with a status of 404 (Not Found)
2022-05-25 12:57:27 ERROR    Failure: http://localhost:3000/pagekit/index.php/admin/dashboard -> status code(404) -> 
2022-05-25 12:57:34 ERROR    Failure: http://localhost:3000/pagekit/index.php/admin/dashboard -> Failed to load resource: the server responded with a status of 404 (Not Found)
2022-05-25 12:57:34 ERROR    Failure: http://localhost:3000/pagekit/index.php/admin/dashboard -> status code(404) -> 
2022-05-25 12:57:37 ERROR    Failure: http://localhost:3000/pagekit/index.php/admin/dashboard -> Failed to load resource: the server responded with a status of 404 (Not Found)
2022-05-25 12:57:37 ERROR    Failure: http://localhost:3000/pagekit/index.php/admin/dashboard -> status code(404) -> 
2022-05-25 12:57:42 ERROR    Failure: http://localhost:3000/pagekit/index.php/admin/dashboard -> Failed to load resource: the server responded with a status of 404 (Not Found)
2022-05-25 12:57:42 ERROR    Failure: http://localhost:3000/pagekit/index.php/admin/dashboard -> status code(404) -> 
2022-05-25 12:57:46 ERROR    Failure: http://localhost:3000/pagekit/index.php/admin/dashboard -> Failed to load resource: the server responded with a status of 404 (Not Found)
2022-05-25 12:57:46 ERROR    Failure: http://localhost:3000/pagekit/index.php/admin/dashboard -> status code(404) -> 
2022-05-25 12:57:50 ERROR    Failure: http://localhost:3000/pagekit/index.php/admin/dashboard -> Failed to load resource: the server responded with a status of 404 (Not Found)
2022-05-25 12:57:50 ERROR    Failure: http://localhost:3000/pagekit/index.php/admin/dashboard -> status code(404) -> 
2022-05-25 12:57:54 ERROR    Failure: http://localhost:3000/pagekit/index.php/admin/dashboard -> Failed to load resource: the server responded with a status of 404 (Not Found)
2022-05-25 12:57:54 ERROR    Failure: http://localhost:3000/pagekit/index.php/admin/dashboard -> status code(404) -> 
2022-05-25 12:57:57 ERROR    Failure: http://localhost:3000/pagekit/index.php/admin/dashboard -> Failed to load resource: the server responded with a status of 404 (Not Found)
2022-05-25 12:57:57 ERROR    Failure: http://localhost:3000/pagekit/index.php/admin/dashboard -> status code(404) -> 
2022-05-25 12:58:02 ERROR    Failure: http://localhost:3000/pagekit/index.php/admin/dashboard -> Failed to load resource: the server responded with a status of 404 (Not Found)
2022-05-25 12:58:02 ERROR    Failure: http://localhost:3000/pagekit/index.php/admin/dashboard -> status code(404) -> 
2022-05-25 12:58:06 ERROR    Failure: http://localhost:3000/pagekit/index.php/admin/dashboard -> Failed to load resource: the server responded with a status of 404 (Not Found)
2022-05-25 12:58:06 ERROR    Failure: http://localhost:3000/pagekit/index.php/admin/dashboard -> status code(404) -> 
2022-05-25 12:58:11 ERROR    Failure: http://localhost:3000/pagekit/index.php/admin/dashboard -> Failed to load resource: the server responded with a status of 404 (Not Found)
2022-05-25 12:58:11 ERROR    Failure: http://localhost:3000/pagekit/index.php/admin/dashboard -> status code(404) -> 
2022-05-25 12:58:11 ERROR    Failure: http://localhost:3000/pagekit/index.php/admin/dashboard -> net::ERR_ABORTED
2022-05-25 12:58:14 ERROR    Failure: http://localhost:3000/pagekit/index.php/admin/dashboard -> Failed to load resource: the server responded with a status of 404 (Not Found)
2022-05-25 12:58:14 ERROR    Failure: http://localhost:3000/pagekit/index.php/admin/dashboard -> status code(404) -> 
2022-05-25 12:58:15 ERROR    Failure: http://localhost:3000/pagekit/index.php/admin/dashboard -> net::ERR_ABORTED
2022-05-25 12:58:19 ERROR    Failure: http://localhost:3000/pagekit/index.php/admin/dashboard -> Failed to load resource: the server responded with a status of 404 (Not Found)
2022-05-25 12:58:19 ERROR    Failure: http://localhost:3000/pagekit/index.php/admin/dashboard -> status code(404) -> 
2022-05-25 12:58:20 WARNING  Finished
2022-05-25 12:58:21 WARNING  (Failure Count, Coverage Percentage) : (11, 89.93104873192485)
2022-05-25 12:58:21 ERROR    http://localhost:3000/pagekit/index.php/admin/dashboard -> Failed to load resource: the server responded with a status of 404 (Not Found)
2022-05-25 12:58:21 ERROR    http://localhost:3000/pagekit/index.php/admin/dashboard -> status code(404) -> 
2022-05-25 12:58:21 ERROR    http://localhost:3000/pagekit/index.php/admin/dashboard -> net::ERR_ABORTED
2022-05-25 12:58:21 ERROR    http://localhost:3000/pagekit/index.php/admin/user/edit?id=1 -> net::ERR_ABORTED
2022-05-25 12:58:21 ERROR    http://localhost:3000/pagekit/index.php/admin/user -> Failed to load resource: the server responded with a status of 400 (Bad Request)
2022-05-25 12:58:21 ERROR    http://localhost:3000/pagekit/index.php/admin/user -> status code(400) -> "Unable to block yourself."
2022-05-25 12:58:21 ERROR    http://localhost:3000/pagekit/index.php/admin/user/edit -> net::ERR_ABORTED
2022-05-25 12:58:21 ERROR    http://localhost:3000/pagekit/index.php/admin/user# -> Failed to load resource: the server responded with a status of 400 (Bad Request)
2022-05-25 12:58:21 ERROR    http://localhost:3000/pagekit/index.php/admin/user# -> status code(400) -> "Unable to block yourself."
2022-05-25 12:58:21 ERROR    http://localhost:3000/pagekit/admin/system/update -> status code(404) -> <!DOCTYPE HTML PUBLIC "-//IETF//DTD HTML 2.0//EN">	<html><head>	<title>404 Not Found</title>	</head><body>	<h1>Not Found</h1>	<p>The requested URL /pagekit/admin/system/update was not found on this server.</p>	<hr>	<address>Apache/2.4.18 (Ubuntu) Server at localhost Port 3000</address>	</body></html>	
2022-05-25 12:58:21 ERROR    http://localhost:3000/pagekit/index.php/admin/user -> status code(400) -> "Unable to delete yourself."
