2022-05-25 12:24:41 WARNING  Starting
2022-05-25 12:24:48 ERROR    Failure: http://localhost:3000/pagekit/index.php/admin/dashboard -> Failed to load resource: the server responded with a status of 404 (Not Found)
2022-05-25 12:24:48 ERROR    Failure: http://localhost:3000/pagekit/index.php/admin/dashboard -> status code(404) -> 
2022-05-25 12:24:48 ERROR    Failure: http://localhost:3000/pagekit/index.php/admin/dashboard -> net::ERR_ABORTED
2022-05-25 12:24:48 ERROR    Failure: http://localhost:3000/pagekit/index.php/admin/dashboard -> net::ERR_ABORTED
2022-05-25 12:24:48 ERROR    Failure: http://localhost:3000/pagekit/index.php/admin/dashboard -> net::ERR_ABORTED
2022-05-25 12:24:52 ERROR    Failure: http://localhost:3000/pagekit/index.php/admin/user/edit?id=1 -> net::ERR_ABORTED
2022-05-25 12:24:54 ERROR    Failure: http://localhost:3000/pagekit/index.php/admin/dashboard -> Failed to load resource: the server responded with a status of 404 (Not Found)
2022-05-25 12:24:54 ERROR    Failure: http://localhost:3000/pagekit/index.php/admin/dashboard -> status code(404) -> 
2022-05-25 12:24:56 ERROR    Failure: http://localhost:3000/pagekit/index.php/admin/dashboard -> Failed to load resource: the server responded with a status of 404 (Not Found)
2022-05-25 12:24:56 ERROR    Failure: http://localhost:3000/pagekit/admin/system/update -> status code(404) -> <!DOCTYPE HTML PUBLIC "-//IETF//DTD HTML 2.0//EN">	<html><head>	<title>404 Not Found</title>	</head><body>	<h1>Not Found</h1>	<p>The requested URL /pagekit/admin/system/update was not found on this server.</p>	<hr>	<address>Apache/2.4.18 (Ubuntu) Server at localhost Port 3000</address>	</body></html>	
2022-05-25 12:24:57 ERROR    Failure: http://localhost:3000/pagekit/index.php/admin/dashboard -> Failed to load resource: the server responded with a status of 404 (Not Found)
2022-05-25 12:24:57 ERROR    Failure: http://localhost:3000/pagekit/index.php/admin/dashboard -> status code(404) -> 
2022-05-25 12:25:03 ERROR    Failure: http://localhost:3000/pagekit/index.php/admin/dashboard -> Failed to load resource: the server responded with a status of 404 (Not Found)
2022-05-25 12:25:03 ERROR    Failure: http://localhost:3000/pagekit/index.php/admin/dashboard -> status code(404) -> 
2022-05-25 12:25:03 ERROR    Failure: http://localhost:3000/pagekit/index.php/admin/dashboard -> Failed to load resource: the server responded with a status of 404 (Not Found)
2022-05-25 12:25:03 ERROR    Failure: http://localhost:3000/pagekit/index.php/admin/dashboard -> net::ERR_ABORTED
2022-05-25 12:25:03 ERROR    Failure: http://localhost:3000/pagekit/index.php/admin/dashboard -> net::ERR_ABORTED
2022-05-25 12:25:03 ERROR    Failure: http://localhost:3000/pagekit/admin/system/update -> status code(404) -> <!DOCTYPE HTML PUBLIC "-//IETF//DTD HTML 2.0//EN">	<html><head>	<title>404 Not Found</title>	</head><body>	<h1>Not Found</h1>	<p>The requested URL /pagekit/admin/system/update was not found on this server.</p>	<hr>	<address>Apache/2.4.18 (Ubuntu) Server at localhost Port 3000</address>	</body></html>	
2022-05-25 12:25:04 ERROR    Failure: http://localhost:3000/pagekit/index.php/admin/dashboard -> Failed to load resource: the server responded with a status of 404 (Not Found)
2022-05-25 12:25:04 ERROR    Failure: http://localhost:3000/pagekit/index.php/admin/dashboard -> status code(404) -> 
2022-05-25 12:25:09 ERROR    Failure: http://localhost:3000/pagekit/index.php/admin/dashboard -> Failed to load resource: the server responded with a status of 404 (Not Found)
2022-05-25 12:25:09 ERROR    Failure: http://localhost:3000/pagekit/index.php/admin/dashboard -> status code(404) -> 
2022-05-25 12:25:14 ERROR    Failure: http://localhost:3000/pagekit/index.php/admin/dashboard -> Failed to load resource: the server responded with a status of 404 (Not Found)
2022-05-25 12:25:14 ERROR    Failure: http://localhost:3000/pagekit/index.php/admin/dashboard -> status code(404) -> 
2022-05-25 12:25:36 ERROR    Failure: http://localhost:3000/pagekit/index.php/admin/user/edit -> net::ERR_ABORTED
2022-05-25 12:26:17 ERROR    Failure: http://localhost:3000/pagekit/index.php/admin/user -> Failed to load resource: the server responded with a status of 400 (Bad Request)
2022-05-25 12:26:17 ERROR    Failure: http://localhost:3000/pagekit/index.php/admin/user -> status code(400) -> "Unable to delete yourself."
2022-05-25 12:26:33 ERROR    Failure: http://localhost:3000/pagekit/index.php/admin/user -> Failed to load resource: the server responded with a status of 400 (Bad Request)
2022-05-25 12:26:33 ERROR    Failure: http://localhost:3000/pagekit/index.php/admin/user -> status code(400) -> "Unable to block yourself."
2022-05-25 12:27:41 ERROR    Failure: http://localhost:3000/pagekit/index.php/admin/user/edit?id=1 -> net::ERR_ABORTED
2022-05-25 12:28:39 ERROR    Failure: http://localhost:3000/pagekit/index.php/admin/dashboard -> Failed to load resource: the server responded with a status of 404 (Not Found)
2022-05-25 12:28:39 ERROR    Failure: http://localhost:3000/pagekit/index.php/admin/dashboard -> status code(404) -> 
2022-05-25 12:28:40 ERROR    Failure: http://localhost:3000/pagekit/index.php/admin/dashboard -> Failed to load resource: the server responded with a status of 404 (Not Found)
2022-05-25 12:28:40 ERROR    Failure: http://localhost:3000/pagekit/index.php/admin/dashboard -> status code(404) -> 
2022-05-25 12:29:09 ERROR    Failure: http://localhost:3000/pagekit/index.php/admin/dashboard -> Failed to load resource: the server responded with a status of 404 (Not Found)
2022-05-25 12:29:09 ERROR    Failure: http://localhost:3000/pagekit/admin/system/update -> status code(404) -> <!DOCTYPE HTML PUBLIC "-//IETF//DTD HTML 2.0//EN">	<html><head>	<title>404 Not Found</title>	</head><body>	<h1>Not Found</h1>	<p>The requested URL /pagekit/admin/system/update was not found on this server.</p>	<hr>	<address>Apache/2.4.18 (Ubuntu) Server at localhost Port 3000</address>	</body></html>	
2022-05-25 12:29:17 ERROR    Failure: http://localhost:3000/pagekit/index.php/admin/user/edit?id=1 -> net::ERR_ABORTED
2022-05-25 12:29:24 ERROR    Failure: http://localhost:3000/pagekit/index.php/admin/user/edit?id=1 -> net::ERR_ABORTED
2022-05-25 12:29:46 ERROR    Failure: http://localhost:3000/pagekit/index.php/admin/user/edit?id=1 -> net::ERR_ABORTED
2022-05-25 12:29:52 ERROR    Failure: http://localhost:3000/pagekit/index.php/admin/user# -> Failed to load resource: the server responded with a status of 400 (Bad Request)
2022-05-25 12:29:52 ERROR    Failure: http://localhost:3000/pagekit/index.php/admin/user# -> status code(400) -> "Unable to block yourself."
2022-05-25 12:30:03 ERROR    Failure: http://localhost:3000/pagekit/index.php/admin/user# -> Failed to load resource: the server responded with a status of 400 (Bad Request)
2022-05-25 12:30:03 ERROR    Failure: http://localhost:3000/pagekit/index.php/admin/user# -> status code(400) -> "Unable to block yourself."
2022-05-25 12:32:16 ERROR    Failure: http://localhost:3000/pagekit/index.php/admin/dashboard -> Failed to load resource: the server responded with a status of 404 (Not Found)
2022-05-25 12:32:16 ERROR    Failure: http://localhost:3000/pagekit/admin/system/update -> status code(404) -> <!DOCTYPE HTML PUBLIC "-//IETF//DTD HTML 2.0//EN">	<html><head>	<title>404 Not Found</title>	</head><body>	<h1>Not Found</h1>	<p>The requested URL /pagekit/admin/system/update was not found on this server.</p>	<hr>	<address>Apache/2.4.18 (Ubuntu) Server at localhost Port 3000</address>	</body></html>	
2022-05-25 12:32:31 ERROR    Failure: http://localhost:3000/pagekit/index.php/admin/user/edit?id=1 -> net::ERR_ABORTED
2022-05-25 12:32:31 ERROR    Failure: http://localhost:3000/pagekit/index.php/admin/user/edit?id=1 -> net::ERR_ABORTED
2022-05-25 12:33:38 ERROR    Failure: http://localhost:3000/pagekit/index.php/admin/dashboard -> net::ERR_ABORTED
2022-05-25 12:33:38 ERROR    Failure: http://localhost:3000/pagekit/index.php/admin/dashboard -> net::ERR_ABORTED
2022-05-25 12:36:01 ERROR    Failure: http://localhost:3000/pagekit/index.php/admin/dashboard -> net::ERR_ABORTED
2022-05-25 12:36:01 ERROR    Failure: http://localhost:3000/pagekit/index.php/admin/dashboard -> net::ERR_ABORTED
2022-05-25 12:36:05 ERROR    Failure: http://localhost:3000/pagekit/index.php/admin/dashboard -> net::ERR_ABORTED
2022-05-25 12:36:05 ERROR    Failure: http://localhost:3000/pagekit/index.php/admin/dashboard -> net::ERR_ABORTED
2022-05-25 12:36:08 ERROR    Failure: http://localhost:3000/pagekit/index.php/admin/dashboard -> net::ERR_ABORTED
2022-05-25 12:36:08 ERROR    Failure: http://localhost:3000/pagekit/index.php/admin/dashboard -> net::ERR_ABORTED
2022-05-25 12:36:13 ERROR    Failure: http://localhost:3000/pagekit/index.php/admin/dashboard -> net::ERR_ABORTED
2022-05-25 12:36:13 ERROR    Failure: http://localhost:3000/pagekit/index.php/admin/dashboard -> net::ERR_ABORTED
2022-05-25 12:36:17 ERROR    Failure: http://localhost:3000/pagekit/index.php/admin/dashboard -> net::ERR_ABORTED
2022-05-25 12:36:17 ERROR    Failure: http://localhost:3000/pagekit/index.php/admin/dashboard -> net::ERR_ABORTED
2022-05-25 12:36:21 ERROR    Failure: http://localhost:3000/pagekit/index.php/admin/dashboard -> net::ERR_ABORTED
2022-05-25 12:36:21 ERROR    Failure: http://localhost:3000/pagekit/index.php/admin/dashboard -> net::ERR_ABORTED
2022-05-25 12:36:25 ERROR    Failure: http://localhost:3000/pagekit/index.php/admin/dashboard -> net::ERR_ABORTED
2022-05-25 12:36:25 ERROR    Failure: http://localhost:3000/pagekit/index.php/admin/dashboard -> net::ERR_ABORTED
2022-05-25 12:36:33 ERROR    Failure: http://localhost:3000/pagekit/index.php/admin/dashboard -> net::ERR_ABORTED
2022-05-25 12:36:33 ERROR    Failure: http://localhost:3000/pagekit/index.php/admin/dashboard -> net::ERR_ABORTED
2022-05-25 12:36:37 ERROR    Failure: http://localhost:3000/pagekit/index.php/admin/dashboard -> net::ERR_ABORTED
2022-05-25 12:36:37 ERROR    Failure: http://localhost:3000/pagekit/index.php/admin/dashboard -> net::ERR_ABORTED
2022-05-25 12:36:41 ERROR    Failure: http://localhost:3000/pagekit/index.php/admin/dashboard -> net::ERR_ABORTED
2022-05-25 12:36:41 ERROR    Failure: http://localhost:3000/pagekit/index.php/admin/dashboard -> net::ERR_ABORTED
2022-05-25 12:36:45 ERROR    Failure: http://localhost:3000/pagekit/index.php/admin/dashboard -> net::ERR_ABORTED
2022-05-25 12:36:45 ERROR    Failure: http://localhost:3000/pagekit/index.php/admin/dashboard -> net::ERR_ABORTED
2022-05-25 12:36:48 ERROR    Failure: http://localhost:3000/pagekit/index.php/admin/dashboard -> net::ERR_ABORTED
2022-05-25 12:36:48 ERROR    Failure: http://localhost:3000/pagekit/index.php/admin/dashboard -> net::ERR_ABORTED
2022-05-25 12:36:52 ERROR    Failure: http://localhost:3000/pagekit/index.php/admin/dashboard -> net::ERR_ABORTED
2022-05-25 12:36:52 ERROR    Failure: http://localhost:3000/pagekit/index.php/admin/dashboard -> net::ERR_ABORTED
2022-05-25 12:37:03 ERROR    Failure: http://localhost:3000/pagekit/index.php/admin/dashboard -> net::ERR_ABORTED
2022-05-25 12:37:03 ERROR    Failure: http://localhost:3000/pagekit/index.php/admin/dashboard -> net::ERR_ABORTED
2022-05-25 12:37:07 ERROR    Failure: http://localhost:3000/pagekit/index.php/admin/dashboard -> net::ERR_ABORTED
2022-05-25 12:37:07 ERROR    Failure: http://localhost:3000/pagekit/index.php/admin/dashboard -> net::ERR_ABORTED
2022-05-25 12:37:10 ERROR    Failure: http://localhost:3000/pagekit/index.php/admin/dashboard -> net::ERR_ABORTED
2022-05-25 12:37:10 ERROR    Failure: http://localhost:3000/pagekit/index.php/admin/dashboard -> net::ERR_ABORTED
2022-05-25 12:37:14 ERROR    Failure: http://localhost:3000/pagekit/index.php/admin/dashboard -> net::ERR_ABORTED
2022-05-25 12:37:14 ERROR    Failure: http://localhost:3000/pagekit/index.php/admin/dashboard -> net::ERR_ABORTED
2022-05-25 12:37:18 ERROR    Failure: http://localhost:3000/pagekit/index.php/admin/dashboard -> net::ERR_ABORTED
2022-05-25 12:37:18 ERROR    Failure: http://localhost:3000/pagekit/index.php/admin/dashboard -> net::ERR_ABORTED
2022-05-25 12:37:22 ERROR    Failure: http://localhost:3000/pagekit/index.php/admin/dashboard -> net::ERR_ABORTED
2022-05-25 12:37:22 ERROR    Failure: http://localhost:3000/pagekit/index.php/admin/dashboard -> net::ERR_ABORTED
2022-05-25 12:37:26 ERROR    Failure: http://localhost:3000/pagekit/index.php/admin/dashboard -> net::ERR_ABORTED
2022-05-25 12:37:26 ERROR    Failure: http://localhost:3000/pagekit/index.php/admin/dashboard -> net::ERR_ABORTED
2022-05-25 12:37:29 ERROR    Failure: http://localhost:3000/pagekit/index.php/admin/dashboard -> net::ERR_ABORTED
2022-05-25 12:37:29 ERROR    Failure: http://localhost:3000/pagekit/index.php/admin/dashboard -> net::ERR_ABORTED
2022-05-25 12:37:33 ERROR    Failure: http://localhost:3000/pagekit/index.php/admin/dashboard -> net::ERR_ABORTED
2022-05-25 12:37:33 ERROR    Failure: http://localhost:3000/pagekit/index.php/admin/dashboard -> net::ERR_ABORTED
2022-05-25 12:37:37 ERROR    Failure: http://localhost:3000/pagekit/index.php/admin/dashboard -> net::ERR_ABORTED
2022-05-25 12:37:37 ERROR    Failure: http://localhost:3000/pagekit/index.php/admin/dashboard -> net::ERR_ABORTED
2022-05-25 12:37:41 ERROR    Failure: http://localhost:3000/pagekit/index.php/admin/dashboard -> net::ERR_ABORTED
2022-05-25 12:37:45 ERROR    Failure: http://localhost:3000/pagekit/index.php/admin/dashboard -> net::ERR_ABORTED
2022-05-25 12:37:45 ERROR    Failure: http://localhost:3000/pagekit/index.php/admin/dashboard -> net::ERR_ABORTED
2022-05-25 12:37:49 ERROR    Failure: http://localhost:3000/pagekit/index.php/admin/dashboard -> net::ERR_ABORTED
2022-05-25 12:37:49 ERROR    Failure: http://localhost:3000/pagekit/index.php/admin/dashboard -> net::ERR_ABORTED
2022-05-25 12:37:52 ERROR    Failure: http://localhost:3000/pagekit/index.php/admin/dashboard -> net::ERR_ABORTED
2022-05-25 12:37:52 ERROR    Failure: http://localhost:3000/pagekit/index.php/admin/dashboard -> net::ERR_ABORTED
2022-05-25 12:37:58 ERROR    Failure: http://localhost:3000/pagekit/index.php/admin/dashboard -> net::ERR_ABORTED
2022-05-25 12:37:58 ERROR    Failure: http://localhost:3000/pagekit/index.php/admin/dashboard -> net::ERR_ABORTED
2022-05-25 12:38:03 ERROR    Failure: http://localhost:3000/pagekit/index.php/admin/dashboard -> net::ERR_ABORTED
2022-05-25 12:38:03 ERROR    Failure: http://localhost:3000/pagekit/index.php/admin/dashboard -> net::ERR_ABORTED
2022-05-25 12:38:07 ERROR    Failure: http://localhost:3000/pagekit/index.php/admin/dashboard -> net::ERR_ABORTED
2022-05-25 12:38:07 ERROR    Failure: http://localhost:3000/pagekit/index.php/admin/dashboard -> net::ERR_ABORTED
2022-05-25 12:38:11 ERROR    Failure: http://localhost:3000/pagekit/index.php/admin/dashboard -> net::ERR_ABORTED
2022-05-25 12:38:11 ERROR    Failure: http://localhost:3000/pagekit/index.php/admin/dashboard -> net::ERR_ABORTED
2022-05-25 12:38:15 ERROR    Failure: http://localhost:3000/pagekit/index.php/admin/dashboard -> net::ERR_ABORTED
2022-05-25 12:38:15 ERROR    Failure: http://localhost:3000/pagekit/index.php/admin/dashboard -> net::ERR_ABORTED
2022-05-25 12:38:18 ERROR    Failure: http://localhost:3000/pagekit/index.php/admin/dashboard -> net::ERR_ABORTED
2022-05-25 12:38:18 ERROR    Failure: http://localhost:3000/pagekit/index.php/admin/dashboard -> net::ERR_ABORTED
2022-05-25 12:38:24 ERROR    Failure: http://localhost:3000/pagekit/index.php/admin/dashboard -> net::ERR_ABORTED
2022-05-25 12:38:24 ERROR    Failure: http://localhost:3000/pagekit/index.php/admin/dashboard -> net::ERR_ABORTED
2022-05-25 12:38:27 ERROR    Failure: http://localhost:3000/pagekit/index.php/admin/dashboard -> net::ERR_ABORTED
2022-05-25 12:38:31 ERROR    Failure: http://localhost:3000/pagekit/index.php/admin/dashboard -> net::ERR_ABORTED
2022-05-25 12:38:31 ERROR    Failure: http://localhost:3000/pagekit/index.php/admin/dashboard -> net::ERR_ABORTED
2022-05-25 12:38:36 ERROR    Failure: http://localhost:3000/pagekit/index.php/admin/dashboard -> net::ERR_ABORTED
2022-05-25 12:38:36 ERROR    Failure: http://localhost:3000/pagekit/index.php/admin/dashboard -> net::ERR_ABORTED
2022-05-25 12:38:40 ERROR    Failure: http://localhost:3000/pagekit/index.php/admin/dashboard -> net::ERR_ABORTED
2022-05-25 12:38:40 ERROR    Failure: http://localhost:3000/pagekit/index.php/admin/dashboard -> net::ERR_ABORTED
2022-05-25 12:38:50 ERROR    Failure: http://localhost:3000/pagekit/index.php/admin/dashboard -> net::ERR_ABORTED
2022-05-25 12:38:50 ERROR    Failure: http://localhost:3000/pagekit/index.php/admin/dashboard -> net::ERR_ABORTED
2022-05-25 12:38:54 ERROR    Failure: http://localhost:3000/pagekit/index.php/admin/dashboard -> net::ERR_ABORTED
2022-05-25 12:38:54 ERROR    Failure: http://localhost:3000/pagekit/index.php/admin/dashboard -> net::ERR_ABORTED
2022-05-25 12:38:57 ERROR    Failure: http://localhost:3000/pagekit/index.php/admin/dashboard -> net::ERR_ABORTED
2022-05-25 12:38:57 ERROR    Failure: http://localhost:3000/pagekit/index.php/admin/dashboard -> net::ERR_ABORTED
2022-05-25 12:39:01 ERROR    Failure: http://localhost:3000/pagekit/index.php/admin/dashboard -> net::ERR_ABORTED
2022-05-25 12:39:06 ERROR    Failure: http://localhost:3000/pagekit/index.php/admin/dashboard -> net::ERR_ABORTED
2022-05-25 12:39:06 ERROR    Failure: http://localhost:3000/pagekit/index.php/admin/dashboard -> net::ERR_ABORTED
2022-05-25 12:39:09 ERROR    Failure: http://localhost:3000/pagekit/index.php/admin/dashboard -> net::ERR_ABORTED
2022-05-25 12:39:09 ERROR    Failure: http://localhost:3000/pagekit/index.php/admin/dashboard -> net::ERR_ABORTED
2022-05-25 12:39:12 ERROR    Failure: http://localhost:3000/pagekit/index.php/admin/dashboard -> net::ERR_ABORTED
2022-05-25 12:39:16 ERROR    Failure: http://localhost:3000/pagekit/index.php/admin/dashboard -> net::ERR_ABORTED
2022-05-25 12:39:16 ERROR    Failure: http://localhost:3000/pagekit/index.php/admin/dashboard -> net::ERR_ABORTED
2022-05-25 12:39:19 ERROR    Failure: http://localhost:3000/pagekit/index.php/admin/dashboard -> net::ERR_ABORTED
2022-05-25 12:39:19 ERROR    Failure: http://localhost:3000/pagekit/index.php/admin/dashboard -> net::ERR_ABORTED
2022-05-25 12:39:23 ERROR    Failure: http://localhost:3000/pagekit/index.php/admin/dashboard -> net::ERR_ABORTED
2022-05-25 12:39:23 ERROR    Failure: http://localhost:3000/pagekit/index.php/admin/dashboard -> net::ERR_ABORTED
2022-05-25 12:39:27 ERROR    Failure: http://localhost:3000/pagekit/index.php/admin/dashboard -> net::ERR_ABORTED
2022-05-25 12:39:27 ERROR    Failure: http://localhost:3000/pagekit/index.php/admin/dashboard -> net::ERR_ABORTED
2022-05-25 12:39:32 ERROR    Failure: http://localhost:3000/pagekit/index.php/admin/dashboard -> net::ERR_ABORTED
2022-05-25 12:39:32 ERROR    Failure: http://localhost:3000/pagekit/index.php/admin/dashboard -> net::ERR_ABORTED
2022-05-25 12:39:35 ERROR    Failure: http://localhost:3000/pagekit/index.php/admin/dashboard -> net::ERR_ABORTED
2022-05-25 12:39:35 ERROR    Failure: http://localhost:3000/pagekit/index.php/admin/dashboard -> net::ERR_ABORTED
2022-05-25 12:39:39 ERROR    Failure: http://localhost:3000/pagekit/index.php/admin/dashboard -> net::ERR_ABORTED
2022-05-25 12:39:39 ERROR    Failure: http://localhost:3000/pagekit/index.php/admin/dashboard -> net::ERR_ABORTED
2022-05-25 12:39:42 ERROR    Failure: http://localhost:3000/pagekit/index.php/admin/dashboard -> net::ERR_ABORTED
2022-05-25 12:39:42 ERROR    Failure: http://localhost:3000/pagekit/index.php/admin/dashboard -> net::ERR_ABORTED
2022-05-25 12:39:46 ERROR    Failure: http://localhost:3000/pagekit/index.php/admin/dashboard -> net::ERR_ABORTED
2022-05-25 12:39:46 ERROR    Failure: http://localhost:3000/pagekit/index.php/admin/dashboard -> net::ERR_ABORTED
2022-05-25 12:39:50 ERROR    Failure: http://localhost:3000/pagekit/index.php/admin/dashboard -> net::ERR_ABORTED
2022-05-25 12:39:50 ERROR    Failure: http://localhost:3000/pagekit/index.php/admin/dashboard -> net::ERR_ABORTED
2022-05-25 12:39:54 ERROR    Failure: http://localhost:3000/pagekit/index.php/admin/dashboard -> net::ERR_ABORTED
2022-05-25 12:39:58 ERROR    Failure: http://localhost:3000/pagekit/index.php/admin/dashboard -> net::ERR_ABORTED
2022-05-25 12:40:03 ERROR    Failure: http://localhost:3000/pagekit/index.php/admin/dashboard -> net::ERR_ABORTED
2022-05-25 12:40:03 ERROR    Failure: http://localhost:3000/pagekit/index.php/admin/dashboard -> net::ERR_ABORTED
2022-05-25 12:40:07 ERROR    Failure: http://localhost:3000/pagekit/index.php/admin/dashboard -> net::ERR_ABORTED
2022-05-25 12:40:07 ERROR    Failure: http://localhost:3000/pagekit/index.php/admin/dashboard -> net::ERR_ABORTED
2022-05-25 12:40:11 ERROR    Failure: http://localhost:3000/pagekit/index.php/admin/dashboard -> net::ERR_ABORTED
2022-05-25 12:40:11 ERROR    Failure: http://localhost:3000/pagekit/index.php/admin/dashboard -> net::ERR_ABORTED
2022-05-25 12:40:15 ERROR    Failure: http://localhost:3000/pagekit/index.php/admin/dashboard -> net::ERR_ABORTED
2022-05-25 12:40:15 ERROR    Failure: http://localhost:3000/pagekit/index.php/admin/dashboard -> net::ERR_ABORTED
2022-05-25 12:40:19 ERROR    Failure: http://localhost:3000/pagekit/index.php/admin/dashboard -> net::ERR_ABORTED
2022-05-25 12:40:19 ERROR    Failure: http://localhost:3000/pagekit/index.php/admin/dashboard -> net::ERR_ABORTED
2022-05-25 12:40:23 ERROR    Failure: http://localhost:3000/pagekit/index.php/admin/dashboard -> net::ERR_ABORTED
2022-05-25 12:40:23 ERROR    Failure: http://localhost:3000/pagekit/index.php/admin/dashboard -> net::ERR_ABORTED
2022-05-25 12:40:26 ERROR    Failure: http://localhost:3000/pagekit/index.php/admin/dashboard -> net::ERR_ABORTED
2022-05-25 12:40:26 ERROR    Failure: http://localhost:3000/pagekit/index.php/admin/dashboard -> net::ERR_ABORTED
2022-05-25 12:40:30 ERROR    Failure: http://localhost:3000/pagekit/index.php/admin/dashboard -> net::ERR_ABORTED
2022-05-25 12:40:30 ERROR    Failure: http://localhost:3000/pagekit/index.php/admin/dashboard -> net::ERR_ABORTED
2022-05-25 12:40:33 ERROR    Failure: http://localhost:3000/pagekit/index.php/admin/dashboard -> net::ERR_ABORTED
2022-05-25 12:40:33 ERROR    Failure: http://localhost:3000/pagekit/index.php/admin/dashboard -> net::ERR_ABORTED
2022-05-25 12:40:36 ERROR    Failure: http://localhost:3000/pagekit/index.php/admin/dashboard -> net::ERR_ABORTED
2022-05-25 12:40:36 ERROR    Failure: http://localhost:3000/pagekit/index.php/admin/dashboard -> net::ERR_ABORTED
2022-05-25 12:40:41 ERROR    Failure: http://localhost:3000/pagekit/index.php/admin/dashboard -> net::ERR_ABORTED
2022-05-25 12:40:41 ERROR    Failure: http://localhost:3000/pagekit/index.php/admin/dashboard -> net::ERR_ABORTED
2022-05-25 12:40:44 ERROR    Failure: http://localhost:3000/pagekit/index.php/admin/dashboard -> net::ERR_ABORTED
2022-05-25 12:40:44 ERROR    Failure: http://localhost:3000/pagekit/index.php/admin/dashboard -> net::ERR_ABORTED
2022-05-25 12:40:48 ERROR    Failure: http://localhost:3000/pagekit/index.php/admin/dashboard -> net::ERR_ABORTED
2022-05-25 12:40:48 ERROR    Failure: http://localhost:3000/pagekit/index.php/admin/dashboard -> net::ERR_ABORTED
2022-05-25 12:40:52 ERROR    Failure: http://localhost:3000/pagekit/index.php/admin/dashboard -> net::ERR_ABORTED
2022-05-25 12:40:52 ERROR    Failure: http://localhost:3000/pagekit/index.php/admin/dashboard -> net::ERR_ABORTED
2022-05-25 12:41:00 ERROR    Failure: http://localhost:3000/pagekit/index.php/admin/dashboard -> net::ERR_ABORTED
2022-05-25 12:41:00 ERROR    Failure: http://localhost:3000/pagekit/index.php/admin/dashboard -> net::ERR_ABORTED
2022-05-25 12:41:03 ERROR    Failure: http://localhost:3000/pagekit/index.php/admin/dashboard -> net::ERR_ABORTED
2022-05-25 12:41:03 ERROR    Failure: http://localhost:3000/pagekit/index.php/admin/dashboard -> net::ERR_ABORTED
2022-05-25 12:41:07 ERROR    Failure: http://localhost:3000/pagekit/index.php/admin/dashboard -> net::ERR_ABORTED
2022-05-25 12:41:07 ERROR    Failure: http://localhost:3000/pagekit/index.php/admin/dashboard -> net::ERR_ABORTED
2022-05-25 12:41:11 ERROR    Failure: http://localhost:3000/pagekit/index.php/admin/dashboard -> net::ERR_ABORTED
2022-05-25 12:41:11 ERROR    Failure: http://localhost:3000/pagekit/index.php/admin/dashboard -> net::ERR_ABORTED
2022-05-25 12:41:15 ERROR    Failure: http://localhost:3000/pagekit/index.php/admin/dashboard -> net::ERR_ABORTED
2022-05-25 12:41:15 ERROR    Failure: http://localhost:3000/pagekit/index.php/admin/dashboard -> net::ERR_ABORTED
2022-05-25 12:41:21 ERROR    Failure: http://localhost:3000/pagekit/index.php/admin/dashboard -> net::ERR_ABORTED
2022-05-25 12:41:21 ERROR    Failure: http://localhost:3000/pagekit/index.php/admin/dashboard -> net::ERR_ABORTED
2022-05-25 12:41:24 ERROR    Failure: http://localhost:3000/pagekit/index.php/admin/dashboard -> net::ERR_ABORTED
2022-05-25 12:41:24 ERROR    Failure: http://localhost:3000/pagekit/index.php/admin/dashboard -> net::ERR_ABORTED
2022-05-25 12:41:29 ERROR    Failure: http://localhost:3000/pagekit/index.php/admin/dashboard -> net::ERR_ABORTED
2022-05-25 12:41:29 ERROR    Failure: http://localhost:3000/pagekit/index.php/admin/dashboard -> net::ERR_ABORTED
2022-05-25 12:41:32 ERROR    Failure: http://localhost:3000/pagekit/index.php/admin/dashboard -> net::ERR_ABORTED
2022-05-25 12:41:32 ERROR    Failure: http://localhost:3000/pagekit/index.php/admin/dashboard -> net::ERR_ABORTED
2022-05-25 12:41:36 ERROR    Failure: http://localhost:3000/pagekit/index.php/admin/dashboard -> net::ERR_ABORTED
2022-05-25 12:41:36 ERROR    Failure: http://localhost:3000/pagekit/index.php/admin/dashboard -> net::ERR_ABORTED
2022-05-25 12:41:40 ERROR    Failure: http://localhost:3000/pagekit/index.php/admin/dashboard -> net::ERR_ABORTED
2022-05-25 12:41:40 ERROR    Failure: http://localhost:3000/pagekit/index.php/admin/dashboard -> net::ERR_ABORTED
2022-05-25 12:41:43 ERROR    Failure: http://localhost:3000/pagekit/index.php/admin/dashboard -> net::ERR_ABORTED
2022-05-25 12:41:43 ERROR    Failure: http://localhost:3000/pagekit/index.php/admin/dashboard -> net::ERR_ABORTED
2022-05-25 12:41:53 ERROR    Failure: http://localhost:3000/pagekit/index.php/admin/dashboard -> net::ERR_ABORTED
2022-05-25 12:41:53 ERROR    Failure: http://localhost:3000/pagekit/index.php/admin/dashboard -> net::ERR_ABORTED
2022-05-25 12:41:57 ERROR    Failure: http://localhost:3000/pagekit/index.php/admin/dashboard -> net::ERR_ABORTED
2022-05-25 12:41:57 ERROR    Failure: http://localhost:3000/pagekit/index.php/admin/dashboard -> net::ERR_ABORTED
2022-05-25 12:42:01 ERROR    Failure: http://localhost:3000/pagekit/index.php/admin/dashboard -> net::ERR_ABORTED
2022-05-25 12:42:01 ERROR    Failure: http://localhost:3000/pagekit/index.php/admin/dashboard -> net::ERR_ABORTED
2022-05-25 12:42:06 ERROR    Failure: http://localhost:3000/pagekit/index.php/admin/dashboard -> net::ERR_ABORTED
2022-05-25 12:42:06 ERROR    Failure: http://localhost:3000/pagekit/index.php/admin/dashboard -> net::ERR_ABORTED
2022-05-25 12:42:10 ERROR    Failure: http://localhost:3000/pagekit/index.php/admin/dashboard -> net::ERR_ABORTED
2022-05-25 12:42:10 ERROR    Failure: http://localhost:3000/pagekit/index.php/admin/dashboard -> net::ERR_ABORTED
2022-05-25 12:42:13 ERROR    Failure: http://localhost:3000/pagekit/index.php/admin/dashboard -> net::ERR_ABORTED
2022-05-25 12:42:13 ERROR    Failure: http://localhost:3000/pagekit/index.php/admin/dashboard -> net::ERR_ABORTED
2022-05-25 12:42:16 ERROR    Failure: http://localhost:3000/pagekit/index.php/admin/dashboard -> net::ERR_ABORTED
2022-05-25 12:42:16 ERROR    Failure: http://localhost:3000/pagekit/index.php/admin/dashboard -> net::ERR_ABORTED
2022-05-25 12:42:21 ERROR    Failure: http://localhost:3000/pagekit/index.php/admin/dashboard -> net::ERR_ABORTED
2022-05-25 12:42:21 ERROR    Failure: http://localhost:3000/pagekit/index.php/admin/dashboard -> net::ERR_ABORTED
2022-05-25 12:42:25 ERROR    Failure: http://localhost:3000/pagekit/index.php/admin/dashboard -> net::ERR_ABORTED
2022-05-25 12:42:25 ERROR    Failure: http://localhost:3000/pagekit/index.php/admin/dashboard -> net::ERR_ABORTED
2022-05-25 12:42:28 ERROR    Failure: http://localhost:3000/pagekit/index.php/admin/dashboard -> net::ERR_ABORTED
2022-05-25 12:42:28 ERROR    Failure: http://localhost:3000/pagekit/index.php/admin/dashboard -> net::ERR_ABORTED
2022-05-25 12:42:33 ERROR    Failure: http://localhost:3000/pagekit/index.php/admin/dashboard -> net::ERR_ABORTED
2022-05-25 12:42:33 ERROR    Failure: http://localhost:3000/pagekit/index.php/admin/dashboard -> net::ERR_ABORTED
2022-05-25 12:42:35 ERROR    Failure: http://localhost:3000/pagekit/index.php/admin/dashboard -> net::ERR_ABORTED
2022-05-25 12:42:35 ERROR    Failure: http://localhost:3000/pagekit/index.php/admin/dashboard -> net::ERR_ABORTED
2022-05-25 12:42:38 ERROR    Failure: http://localhost:3000/pagekit/index.php/admin/dashboard -> net::ERR_ABORTED
2022-05-25 12:42:38 ERROR    Failure: http://localhost:3000/pagekit/index.php/admin/dashboard -> net::ERR_ABORTED
2022-05-25 12:42:41 ERROR    Failure: http://localhost:3000/pagekit/index.php/admin/dashboard -> net::ERR_ABORTED
2022-05-25 12:42:41 ERROR    Failure: http://localhost:3000/pagekit/index.php/admin/dashboard -> net::ERR_ABORTED
2022-05-25 12:42:46 ERROR    Failure: http://localhost:3000/pagekit/index.php/admin/dashboard -> net::ERR_ABORTED
2022-05-25 12:42:46 ERROR    Failure: http://localhost:3000/pagekit/index.php/admin/dashboard -> net::ERR_ABORTED
2022-05-25 12:42:49 ERROR    Failure: http://localhost:3000/pagekit/index.php/admin/dashboard -> net::ERR_ABORTED
2022-05-25 12:42:49 ERROR    Failure: http://localhost:3000/pagekit/index.php/admin/dashboard -> net::ERR_ABORTED
2022-05-25 12:42:53 ERROR    Failure: http://localhost:3000/pagekit/index.php/admin/dashboard -> net::ERR_ABORTED
2022-05-25 12:42:53 ERROR    Failure: http://localhost:3000/pagekit/index.php/admin/dashboard -> net::ERR_ABORTED
2022-05-25 12:42:58 ERROR    Failure: http://localhost:3000/pagekit/index.php/admin/dashboard -> net::ERR_ABORTED
2022-05-25 12:42:58 ERROR    Failure: http://localhost:3000/pagekit/index.php/admin/dashboard -> net::ERR_ABORTED
2022-05-25 12:42:58 ERROR    Failure: http://localhost:3000/pagekit/index.php/admin/dashboard -> net::ERR_ABORTED
2022-05-25 12:43:02 ERROR    Failure: http://localhost:3000/pagekit/index.php/admin/dashboard -> net::ERR_ABORTED
2022-05-25 12:43:02 ERROR    Failure: http://localhost:3000/pagekit/index.php/admin/dashboard -> net::ERR_ABORTED
2022-05-25 12:43:06 ERROR    Failure: http://localhost:3000/pagekit/index.php/admin/dashboard -> net::ERR_ABORTED
2022-05-25 12:43:06 ERROR    Failure: http://localhost:3000/pagekit/index.php/admin/dashboard -> net::ERR_ABORTED
2022-05-25 12:43:09 ERROR    Failure: http://localhost:3000/pagekit/index.php/admin/dashboard -> net::ERR_ABORTED
2022-05-25 12:43:09 ERROR    Failure: http://localhost:3000/pagekit/index.php/admin/dashboard -> net::ERR_ABORTED
2022-05-25 12:43:14 ERROR    Failure: http://localhost:3000/pagekit/index.php/admin/dashboard -> net::ERR_ABORTED
2022-05-25 12:43:14 ERROR    Failure: http://localhost:3000/pagekit/index.php/admin/dashboard -> net::ERR_ABORTED
2022-05-25 12:43:17 ERROR    Failure: http://localhost:3000/pagekit/index.php/admin/dashboard -> net::ERR_ABORTED
2022-05-25 12:43:17 ERROR    Failure: http://localhost:3000/pagekit/index.php/admin/dashboard -> net::ERR_ABORTED
2022-05-25 12:43:22 ERROR    Failure: http://localhost:3000/pagekit/index.php/admin/dashboard -> net::ERR_ABORTED
2022-05-25 12:43:22 ERROR    Failure: http://localhost:3000/pagekit/index.php/admin/dashboard -> net::ERR_ABORTED
2022-05-25 12:43:25 ERROR    Failure: http://localhost:3000/pagekit/index.php/admin/dashboard -> net::ERR_ABORTED
2022-05-25 12:43:25 ERROR    Failure: http://localhost:3000/pagekit/index.php/admin/dashboard -> net::ERR_ABORTED
2022-05-25 12:43:30 ERROR    Failure: http://localhost:3000/pagekit/index.php/admin/dashboard -> net::ERR_ABORTED
2022-05-25 12:43:30 ERROR    Failure: http://localhost:3000/pagekit/index.php/admin/dashboard -> net::ERR_ABORTED
2022-05-25 12:43:34 ERROR    Failure: http://localhost:3000/pagekit/index.php/admin/dashboard -> net::ERR_ABORTED
2022-05-25 12:43:34 ERROR    Failure: http://localhost:3000/pagekit/index.php/admin/dashboard -> net::ERR_ABORTED
2022-05-25 12:43:37 ERROR    Failure: http://localhost:3000/pagekit/index.php/admin/dashboard -> net::ERR_ABORTED
2022-05-25 12:43:37 ERROR    Failure: http://localhost:3000/pagekit/index.php/admin/dashboard -> net::ERR_ABORTED
2022-05-25 12:43:40 ERROR    Failure: http://localhost:3000/pagekit/index.php/admin/dashboard -> net::ERR_ABORTED
2022-05-25 12:43:40 ERROR    Failure: http://localhost:3000/pagekit/index.php/admin/dashboard -> net::ERR_ABORTED
2022-05-25 12:43:45 ERROR    Failure: http://localhost:3000/pagekit/index.php/admin/dashboard -> net::ERR_ABORTED
2022-05-25 12:43:45 ERROR    Failure: http://localhost:3000/pagekit/index.php/admin/dashboard -> net::ERR_ABORTED
2022-05-25 12:43:49 ERROR    Failure: http://localhost:3000/pagekit/index.php/admin/dashboard -> net::ERR_ABORTED
2022-05-25 12:43:49 ERROR    Failure: http://localhost:3000/pagekit/index.php/admin/dashboard -> net::ERR_ABORTED
2022-05-25 12:43:53 ERROR    Failure: http://localhost:3000/pagekit/index.php/admin/dashboard -> net::ERR_ABORTED
2022-05-25 12:43:53 ERROR    Failure: http://localhost:3000/pagekit/index.php/admin/dashboard -> net::ERR_ABORTED
2022-05-25 12:43:57 ERROR    Failure: http://localhost:3000/pagekit/index.php/admin/dashboard -> net::ERR_ABORTED
2022-05-25 12:43:57 ERROR    Failure: http://localhost:3000/pagekit/index.php/admin/dashboard -> net::ERR_ABORTED
2022-05-25 12:44:03 ERROR    Failure: http://localhost:3000/pagekit/index.php/admin/dashboard -> net::ERR_ABORTED
2022-05-25 12:44:03 ERROR    Failure: http://localhost:3000/pagekit/index.php/admin/dashboard -> net::ERR_ABORTED
2022-05-25 12:44:07 ERROR    Failure: http://localhost:3000/pagekit/index.php/admin/dashboard -> net::ERR_ABORTED
2022-05-25 12:44:07 ERROR    Failure: http://localhost:3000/pagekit/index.php/admin/dashboard -> net::ERR_ABORTED
2022-05-25 12:44:11 ERROR    Failure: http://localhost:3000/pagekit/index.php/admin/dashboard -> net::ERR_ABORTED
2022-05-25 12:44:11 ERROR    Failure: http://localhost:3000/pagekit/index.php/admin/dashboard -> net::ERR_ABORTED
2022-05-25 12:44:15 ERROR    Failure: http://localhost:3000/pagekit/index.php/admin/dashboard -> net::ERR_ABORTED
2022-05-25 12:44:15 ERROR    Failure: http://localhost:3000/pagekit/index.php/admin/dashboard -> net::ERR_ABORTED
2022-05-25 12:44:18 ERROR    Failure: http://localhost:3000/pagekit/index.php/admin/dashboard -> net::ERR_ABORTED
2022-05-25 12:44:18 ERROR    Failure: http://localhost:3000/pagekit/index.php/admin/dashboard -> net::ERR_ABORTED
2022-05-25 12:44:22 ERROR    Failure: http://localhost:3000/pagekit/index.php/admin/dashboard -> net::ERR_ABORTED
2022-05-25 12:44:22 ERROR    Failure: http://localhost:3000/pagekit/index.php/admin/dashboard -> net::ERR_ABORTED
2022-05-25 12:44:25 ERROR    Failure: http://localhost:3000/pagekit/index.php/admin/dashboard -> net::ERR_ABORTED
2022-05-25 12:44:25 ERROR    Failure: http://localhost:3000/pagekit/index.php/admin/dashboard -> net::ERR_ABORTED
2022-05-25 12:44:28 ERROR    Failure: http://localhost:3000/pagekit/index.php/admin/dashboard -> net::ERR_ABORTED
2022-05-25 12:44:28 ERROR    Failure: http://localhost:3000/pagekit/index.php/admin/dashboard -> net::ERR_ABORTED
2022-05-25 12:44:32 ERROR    Failure: http://localhost:3000/pagekit/index.php/admin/dashboard -> net::ERR_ABORTED
2022-05-25 12:44:32 ERROR    Failure: http://localhost:3000/pagekit/index.php/admin/dashboard -> net::ERR_ABORTED
2022-05-25 12:44:37 ERROR    Failure: http://localhost:3000/pagekit/index.php/admin/dashboard -> net::ERR_ABORTED
2022-05-25 12:44:37 ERROR    Failure: http://localhost:3000/pagekit/index.php/admin/dashboard -> net::ERR_ABORTED
2022-05-25 12:44:41 ERROR    Failure: http://localhost:3000/pagekit/index.php/admin/dashboard -> net::ERR_ABORTED
2022-05-25 12:44:41 ERROR    Failure: http://localhost:3000/pagekit/index.php/admin/dashboard -> net::ERR_ABORTED
2022-05-25 12:44:45 ERROR    Failure: http://localhost:3000/pagekit/index.php/admin/dashboard -> net::ERR_ABORTED
2022-05-25 12:44:45 ERROR    Failure: http://localhost:3000/pagekit/index.php/admin/dashboard -> net::ERR_ABORTED
2022-05-25 12:44:49 ERROR    Failure: http://localhost:3000/pagekit/index.php/admin/dashboard -> net::ERR_ABORTED
2022-05-25 12:44:49 ERROR    Failure: http://localhost:3000/pagekit/index.php/admin/dashboard -> net::ERR_ABORTED
2022-05-25 12:44:53 ERROR    Failure: http://localhost:3000/pagekit/index.php/admin/dashboard -> net::ERR_ABORTED
2022-05-25 12:44:53 ERROR    Failure: http://localhost:3000/pagekit/index.php/admin/dashboard -> net::ERR_ABORTED
2022-05-25 12:45:03 ERROR    Failure: http://localhost:3000/pagekit/index.php/admin/dashboard -> net::ERR_ABORTED
2022-05-25 12:45:03 ERROR    Failure: http://localhost:3000/pagekit/index.php/admin/dashboard -> net::ERR_ABORTED
2022-05-25 12:45:07 ERROR    Failure: http://localhost:3000/pagekit/index.php/admin/dashboard -> net::ERR_ABORTED
2022-05-25 12:45:07 ERROR    Failure: http://localhost:3000/pagekit/index.php/admin/dashboard -> net::ERR_ABORTED
2022-05-25 12:45:10 ERROR    Failure: http://localhost:3000/pagekit/index.php/admin/dashboard -> net::ERR_ABORTED
2022-05-25 12:45:10 ERROR    Failure: http://localhost:3000/pagekit/index.php/admin/dashboard -> net::ERR_ABORTED
2022-05-25 12:45:15 ERROR    Failure: http://localhost:3000/pagekit/index.php/admin/dashboard -> net::ERR_ABORTED
2022-05-25 12:45:15 ERROR    Failure: http://localhost:3000/pagekit/index.php/admin/dashboard -> net::ERR_ABORTED
2022-05-25 12:45:19 ERROR    Failure: http://localhost:3000/pagekit/index.php/admin/dashboard -> net::ERR_ABORTED
2022-05-25 12:45:19 ERROR    Failure: http://localhost:3000/pagekit/index.php/admin/dashboard -> net::ERR_ABORTED
2022-05-25 12:45:23 ERROR    Failure: http://localhost:3000/pagekit/index.php/admin/dashboard -> net::ERR_ABORTED
2022-05-25 12:45:23 ERROR    Failure: http://localhost:3000/pagekit/index.php/admin/dashboard -> net::ERR_ABORTED
2022-05-25 12:45:28 ERROR    Failure: http://localhost:3000/pagekit/index.php/admin/dashboard -> net::ERR_ABORTED
2022-05-25 12:45:28 ERROR    Failure: http://localhost:3000/pagekit/index.php/admin/dashboard -> net::ERR_ABORTED
2022-05-25 12:45:37 ERROR    Failure: http://localhost:3000/pagekit/index.php/admin/dashboard -> net::ERR_ABORTED
2022-05-25 12:45:37 ERROR    Failure: http://localhost:3000/pagekit/index.php/admin/dashboard -> net::ERR_ABORTED
2022-05-25 12:45:40 ERROR    Failure: http://localhost:3000/pagekit/index.php/admin/dashboard -> net::ERR_ABORTED
2022-05-25 12:45:40 ERROR    Failure: http://localhost:3000/pagekit/index.php/admin/dashboard -> net::ERR_ABORTED
2022-05-25 12:45:44 ERROR    Failure: http://localhost:3000/pagekit/index.php/admin/dashboard -> net::ERR_ABORTED
2022-05-25 12:45:44 ERROR    Failure: http://localhost:3000/pagekit/index.php/admin/dashboard -> net::ERR_ABORTED
2022-05-25 12:45:53 ERROR    Failure: http://localhost:3000/pagekit/index.php/admin/dashboard -> net::ERR_ABORTED
2022-05-25 12:45:53 ERROR    Failure: http://localhost:3000/pagekit/index.php/admin/dashboard -> net::ERR_ABORTED
2022-05-25 12:45:58 ERROR    Failure: http://localhost:3000/pagekit/index.php/admin/dashboard -> net::ERR_ABORTED
2022-05-25 12:45:58 ERROR    Failure: http://localhost:3000/pagekit/index.php/admin/dashboard -> net::ERR_ABORTED
2022-05-25 12:46:01 ERROR    Failure: http://localhost:3000/pagekit/index.php/admin/dashboard -> net::ERR_ABORTED
2022-05-25 12:46:01 ERROR    Failure: http://localhost:3000/pagekit/index.php/admin/dashboard -> net::ERR_ABORTED
2022-05-25 12:46:06 ERROR    Failure: http://localhost:3000/pagekit/index.php/admin/dashboard -> net::ERR_ABORTED
2022-05-25 12:46:06 ERROR    Failure: http://localhost:3000/pagekit/index.php/admin/dashboard -> net::ERR_ABORTED
2022-05-25 12:46:16 ERROR    Failure: http://localhost:3000/pagekit/index.php/admin/dashboard -> net::ERR_ABORTED
2022-05-25 12:46:16 ERROR    Failure: http://localhost:3000/pagekit/index.php/admin/dashboard -> net::ERR_ABORTED
2022-05-25 12:46:19 ERROR    Failure: http://localhost:3000/pagekit/index.php/admin/dashboard -> net::ERR_ABORTED
2022-05-25 12:46:19 ERROR    Failure: http://localhost:3000/pagekit/index.php/admin/dashboard -> net::ERR_ABORTED
2022-05-25 12:46:22 ERROR    Failure: http://localhost:3000/pagekit/index.php/admin/dashboard -> net::ERR_ABORTED
2022-05-25 12:46:22 ERROR    Failure: http://localhost:3000/pagekit/index.php/admin/dashboard -> net::ERR_ABORTED
2022-05-25 12:46:26 ERROR    Failure: http://localhost:3000/pagekit/index.php/admin/dashboard -> net::ERR_ABORTED
2022-05-25 12:46:26 ERROR    Failure: http://localhost:3000/pagekit/index.php/admin/dashboard -> net::ERR_ABORTED
2022-05-25 12:46:29 ERROR    Failure: http://localhost:3000/pagekit/index.php/admin/dashboard -> net::ERR_ABORTED
2022-05-25 12:46:29 ERROR    Failure: http://localhost:3000/pagekit/index.php/admin/dashboard -> net::ERR_ABORTED
2022-05-25 12:46:34 ERROR    Failure: http://localhost:3000/pagekit/index.php/admin/dashboard -> net::ERR_ABORTED
2022-05-25 12:46:34 ERROR    Failure: http://localhost:3000/pagekit/index.php/admin/dashboard -> net::ERR_ABORTED
2022-05-25 12:46:38 ERROR    Failure: http://localhost:3000/pagekit/index.php/admin/dashboard -> net::ERR_ABORTED
2022-05-25 12:46:38 ERROR    Failure: http://localhost:3000/pagekit/index.php/admin/dashboard -> net::ERR_ABORTED
2022-05-25 12:46:42 ERROR    Failure: http://localhost:3000/pagekit/index.php/admin/dashboard -> net::ERR_ABORTED
2022-05-25 12:46:42 ERROR    Failure: http://localhost:3000/pagekit/index.php/admin/dashboard -> net::ERR_ABORTED
2022-05-25 12:46:47 ERROR    Failure: http://localhost:3000/pagekit/index.php/admin/dashboard -> net::ERR_ABORTED
2022-05-25 12:46:47 ERROR    Failure: http://localhost:3000/pagekit/index.php/admin/dashboard -> net::ERR_ABORTED
2022-05-25 12:46:51 ERROR    Failure: http://localhost:3000/pagekit/index.php/admin/dashboard -> net::ERR_ABORTED
2022-05-25 12:46:51 ERROR    Failure: http://localhost:3000/pagekit/index.php/admin/dashboard -> net::ERR_ABORTED
2022-05-25 12:46:51 ERROR    Failure: http://localhost:3000/pagekit/index.php/admin/dashboard -> net::ERR_ABORTED
2022-05-25 12:46:51 ERROR    Failure: http://localhost:3000/pagekit/index.php/admin/dashboard -> net::ERR_ABORTED
2022-05-25 12:47:01 ERROR    Failure: http://localhost:3000/pagekit/index.php/admin/dashboard -> net::ERR_ABORTED
2022-05-25 12:47:01 ERROR    Failure: http://localhost:3000/pagekit/index.php/admin/dashboard -> net::ERR_ABORTED
2022-05-25 12:47:05 ERROR    Failure: http://localhost:3000/pagekit/index.php/admin/dashboard -> net::ERR_ABORTED
2022-05-25 12:47:05 ERROR    Failure: http://localhost:3000/pagekit/index.php/admin/dashboard -> net::ERR_ABORTED
2022-05-25 12:47:08 ERROR    Failure: http://localhost:3000/pagekit/index.php/admin/dashboard -> net::ERR_ABORTED
2022-05-25 12:47:08 ERROR    Failure: http://localhost:3000/pagekit/index.php/admin/dashboard -> net::ERR_ABORTED
2022-05-25 12:47:13 ERROR    Failure: http://localhost:3000/pagekit/index.php/admin/dashboard -> net::ERR_ABORTED
2022-05-25 12:47:13 ERROR    Failure: http://localhost:3000/pagekit/index.php/admin/dashboard -> net::ERR_ABORTED
2022-05-25 12:47:17 ERROR    Failure: http://localhost:3000/pagekit/index.php/admin/dashboard -> net::ERR_ABORTED
2022-05-25 12:47:17 ERROR    Failure: http://localhost:3000/pagekit/index.php/admin/dashboard -> net::ERR_ABORTED
2022-05-25 12:47:22 ERROR    Failure: http://localhost:3000/pagekit/index.php/admin/dashboard -> net::ERR_ABORTED
2022-05-25 12:47:22 ERROR    Failure: http://localhost:3000/pagekit/index.php/admin/dashboard -> net::ERR_ABORTED
2022-05-25 12:47:25 ERROR    Failure: http://localhost:3000/pagekit/index.php/admin/dashboard -> net::ERR_ABORTED
2022-05-25 12:47:25 ERROR    Failure: http://localhost:3000/pagekit/index.php/admin/dashboard -> net::ERR_ABORTED
2022-05-25 12:47:29 ERROR    Failure: http://localhost:3000/pagekit/index.php/admin/dashboard -> net::ERR_ABORTED
2022-05-25 12:47:29 ERROR    Failure: http://localhost:3000/pagekit/index.php/admin/dashboard -> net::ERR_ABORTED
2022-05-25 12:47:32 ERROR    Failure: http://localhost:3000/pagekit/index.php/admin/dashboard -> net::ERR_ABORTED
2022-05-25 12:47:32 ERROR    Failure: http://localhost:3000/pagekit/index.php/admin/dashboard -> net::ERR_ABORTED
2022-05-25 12:47:37 ERROR    Failure: http://localhost:3000/pagekit/index.php/admin/dashboard -> net::ERR_ABORTED
2022-05-25 12:47:37 ERROR    Failure: http://localhost:3000/pagekit/index.php/admin/dashboard -> net::ERR_ABORTED
2022-05-25 12:47:40 ERROR    Failure: http://localhost:3000/pagekit/index.php/admin/dashboard -> net::ERR_ABORTED
2022-05-25 12:47:40 ERROR    Failure: http://localhost:3000/pagekit/index.php/admin/dashboard -> net::ERR_ABORTED
2022-05-25 12:47:43 ERROR    Failure: http://localhost:3000/pagekit/index.php/admin/dashboard -> net::ERR_ABORTED
2022-05-25 12:47:43 ERROR    Failure: http://localhost:3000/pagekit/index.php/admin/dashboard -> net::ERR_ABORTED
2022-05-25 12:47:47 ERROR    Failure: http://localhost:3000/pagekit/index.php/admin/dashboard -> net::ERR_ABORTED
2022-05-25 12:47:47 ERROR    Failure: http://localhost:3000/pagekit/index.php/admin/dashboard -> net::ERR_ABORTED
2022-05-25 12:47:50 ERROR    Failure: http://localhost:3000/pagekit/index.php/admin/dashboard -> net::ERR_ABORTED
2022-05-25 12:47:50 ERROR    Failure: http://localhost:3000/pagekit/index.php/admin/dashboard -> net::ERR_ABORTED
2022-05-25 12:47:53 ERROR    Failure: http://localhost:3000/pagekit/index.php/admin/dashboard -> net::ERR_ABORTED
2022-05-25 12:47:53 ERROR    Failure: http://localhost:3000/pagekit/index.php/admin/dashboard -> net::ERR_ABORTED
2022-05-25 12:47:57 ERROR    Failure: http://localhost:3000/pagekit/index.php/admin/dashboard -> net::ERR_ABORTED
2022-05-25 12:47:57 ERROR    Failure: http://localhost:3000/pagekit/index.php/admin/dashboard -> net::ERR_ABORTED
2022-05-25 12:48:02 ERROR    Failure: http://localhost:3000/pagekit/index.php/admin/dashboard -> net::ERR_ABORTED
2022-05-25 12:48:02 ERROR    Failure: http://localhost:3000/pagekit/index.php/admin/dashboard -> net::ERR_ABORTED
2022-05-25 12:48:05 ERROR    Failure: http://localhost:3000/pagekit/index.php/admin/dashboard -> net::ERR_ABORTED
2022-05-25 12:48:05 ERROR    Failure: http://localhost:3000/pagekit/index.php/admin/dashboard -> net::ERR_ABORTED
2022-05-25 12:48:10 ERROR    Failure: http://localhost:3000/pagekit/index.php/admin/dashboard -> net::ERR_ABORTED
2022-05-25 12:48:10 ERROR    Failure: http://localhost:3000/pagekit/index.php/admin/dashboard -> net::ERR_ABORTED
2022-05-25 12:48:14 ERROR    Failure: http://localhost:3000/pagekit/index.php/admin/dashboard -> net::ERR_ABORTED
2022-05-25 12:48:14 ERROR    Failure: http://localhost:3000/pagekit/index.php/admin/dashboard -> net::ERR_ABORTED
2022-05-25 12:48:19 ERROR    Failure: http://localhost:3000/pagekit/index.php/admin/dashboard -> net::ERR_ABORTED
2022-05-25 12:48:19 ERROR    Failure: http://localhost:3000/pagekit/index.php/admin/dashboard -> net::ERR_ABORTED
2022-05-25 12:48:22 ERROR    Failure: http://localhost:3000/pagekit/index.php/admin/dashboard -> net::ERR_ABORTED
2022-05-25 12:48:22 ERROR    Failure: http://localhost:3000/pagekit/index.php/admin/dashboard -> net::ERR_ABORTED
2022-05-25 12:48:25 ERROR    Failure: http://localhost:3000/pagekit/index.php/admin/dashboard -> net::ERR_ABORTED
2022-05-25 12:48:25 ERROR    Failure: http://localhost:3000/pagekit/index.php/admin/dashboard -> net::ERR_ABORTED
2022-05-25 12:48:32 ERROR    Failure: http://localhost:3000/pagekit/index.php/admin/dashboard -> net::ERR_ABORTED
2022-05-25 12:48:32 ERROR    Failure: http://localhost:3000/pagekit/index.php/admin/dashboard -> net::ERR_ABORTED
2022-05-25 12:48:35 ERROR    Failure: http://localhost:3000/pagekit/index.php/admin/dashboard -> net::ERR_ABORTED
2022-05-25 12:48:35 ERROR    Failure: http://localhost:3000/pagekit/index.php/admin/dashboard -> net::ERR_ABORTED
2022-05-25 12:48:38 ERROR    Failure: http://localhost:3000/pagekit/index.php/admin/dashboard -> net::ERR_ABORTED
2022-05-25 12:48:38 ERROR    Failure: http://localhost:3000/pagekit/index.php/admin/dashboard -> net::ERR_ABORTED
2022-05-25 12:48:42 ERROR    Failure: http://localhost:3000/pagekit/index.php/admin/dashboard -> net::ERR_ABORTED
2022-05-25 12:48:42 ERROR    Failure: http://localhost:3000/pagekit/index.php/admin/dashboard -> net::ERR_ABORTED
2022-05-25 12:48:50 ERROR    Failure: http://localhost:3000/pagekit/index.php/admin/dashboard -> net::ERR_ABORTED
2022-05-25 12:48:50 ERROR    Failure: http://localhost:3000/pagekit/index.php/admin/dashboard -> net::ERR_ABORTED
2022-05-25 12:48:53 ERROR    Failure: http://localhost:3000/pagekit/index.php/admin/dashboard -> net::ERR_ABORTED
2022-05-25 12:48:53 ERROR    Failure: http://localhost:3000/pagekit/index.php/admin/dashboard -> net::ERR_ABORTED
2022-05-25 12:48:58 ERROR    Failure: http://localhost:3000/pagekit/index.php/admin/dashboard -> net::ERR_ABORTED
2022-05-25 12:48:58 ERROR    Failure: http://localhost:3000/pagekit/index.php/admin/dashboard -> net::ERR_ABORTED
2022-05-25 12:49:01 ERROR    Failure: http://localhost:3000/pagekit/index.php/admin/dashboard -> net::ERR_ABORTED
2022-05-25 12:49:01 ERROR    Failure: http://localhost:3000/pagekit/index.php/admin/dashboard -> net::ERR_ABORTED
2022-05-25 12:49:04 ERROR    Failure: http://localhost:3000/pagekit/index.php/admin/dashboard -> net::ERR_ABORTED
2022-05-25 12:49:04 ERROR    Failure: http://localhost:3000/pagekit/index.php/admin/dashboard -> net::ERR_ABORTED
2022-05-25 12:49:08 ERROR    Failure: http://localhost:3000/pagekit/index.php/admin/dashboard -> net::ERR_ABORTED
2022-05-25 12:49:08 ERROR    Failure: http://localhost:3000/pagekit/index.php/admin/dashboard -> net::ERR_ABORTED
2022-05-25 12:49:20 ERROR    Failure: http://localhost:3000/pagekit/index.php/admin/dashboard -> net::ERR_ABORTED
2022-05-25 12:49:20 ERROR    Failure: http://localhost:3000/pagekit/index.php/admin/dashboard -> net::ERR_ABORTED
2022-05-25 12:49:23 ERROR    Failure: http://localhost:3000/pagekit/index.php/admin/dashboard -> net::ERR_ABORTED
2022-05-25 12:49:23 ERROR    Failure: http://localhost:3000/pagekit/index.php/admin/dashboard -> net::ERR_ABORTED
2022-05-25 12:49:33 ERROR    Failure: http://localhost:3000/pagekit/index.php/admin/dashboard -> net::ERR_ABORTED
2022-05-25 12:49:33 ERROR    Failure: http://localhost:3000/pagekit/index.php/admin/dashboard -> net::ERR_ABORTED
2022-05-25 12:49:38 ERROR    Failure: http://localhost:3000/pagekit/index.php/admin/dashboard -> net::ERR_ABORTED
2022-05-25 12:49:38 ERROR    Failure: http://localhost:3000/pagekit/index.php/admin/dashboard -> net::ERR_ABORTED
2022-05-25 12:49:42 ERROR    Failure: http://localhost:3000/pagekit/index.php/admin/dashboard -> net::ERR_ABORTED
2022-05-25 12:49:42 ERROR    Failure: http://localhost:3000/pagekit/index.php/admin/dashboard -> net::ERR_ABORTED
2022-05-25 12:49:46 ERROR    Failure: http://localhost:3000/pagekit/index.php/admin/dashboard -> net::ERR_ABORTED
2022-05-25 12:49:46 ERROR    Failure: http://localhost:3000/pagekit/index.php/admin/dashboard -> net::ERR_ABORTED
2022-05-25 12:49:50 ERROR    Failure: http://localhost:3000/pagekit/index.php/admin/dashboard -> net::ERR_ABORTED
2022-05-25 12:49:50 ERROR    Failure: http://localhost:3000/pagekit/index.php/admin/dashboard -> net::ERR_ABORTED
2022-05-25 12:49:54 ERROR    Failure: http://localhost:3000/pagekit/index.php/admin/dashboard -> net::ERR_ABORTED
2022-05-25 12:49:54 ERROR    Failure: http://localhost:3000/pagekit/index.php/admin/dashboard -> net::ERR_ABORTED
2022-05-25 12:49:57 ERROR    Failure: http://localhost:3000/pagekit/index.php/admin/dashboard -> net::ERR_ABORTED
2022-05-25 12:49:57 ERROR    Failure: http://localhost:3000/pagekit/index.php/admin/dashboard -> net::ERR_ABORTED
2022-05-25 12:50:02 ERROR    Failure: http://localhost:3000/pagekit/index.php/admin/dashboard -> net::ERR_ABORTED
2022-05-25 12:50:02 ERROR    Failure: http://localhost:3000/pagekit/index.php/admin/dashboard -> net::ERR_ABORTED
2022-05-25 12:50:06 ERROR    Failure: http://localhost:3000/pagekit/index.php/admin/dashboard -> net::ERR_ABORTED
2022-05-25 12:50:06 ERROR    Failure: http://localhost:3000/pagekit/index.php/admin/dashboard -> net::ERR_ABORTED
2022-05-25 12:50:09 ERROR    Failure: http://localhost:3000/pagekit/index.php/admin/dashboard -> net::ERR_ABORTED
2022-05-25 12:50:09 ERROR    Failure: http://localhost:3000/pagekit/index.php/admin/dashboard -> net::ERR_ABORTED
2022-05-25 12:50:15 ERROR    Failure: http://localhost:3000/pagekit/index.php/admin/dashboard -> net::ERR_ABORTED
2022-05-25 12:50:15 ERROR    Failure: http://localhost:3000/pagekit/index.php/admin/dashboard -> net::ERR_ABORTED
2022-05-25 12:50:18 ERROR    Failure: http://localhost:3000/pagekit/index.php/admin/dashboard -> net::ERR_ABORTED
2022-05-25 12:50:18 ERROR    Failure: http://localhost:3000/pagekit/index.php/admin/dashboard -> net::ERR_ABORTED
2022-05-25 12:50:21 ERROR    Failure: http://localhost:3000/pagekit/index.php/admin/dashboard -> net::ERR_ABORTED
2022-05-25 12:50:21 ERROR    Failure: http://localhost:3000/pagekit/index.php/admin/dashboard -> net::ERR_ABORTED
2022-05-25 12:50:27 ERROR    Failure: http://localhost:3000/pagekit/index.php/admin/dashboard -> net::ERR_ABORTED
2022-05-25 12:50:27 ERROR    Failure: http://localhost:3000/pagekit/index.php/admin/dashboard -> net::ERR_ABORTED
2022-05-25 12:50:27 ERROR    Failure: http://localhost:3000/pagekit/index.php/admin/dashboard -> net::ERR_ABORTED
2022-05-25 12:50:31 ERROR    Failure: http://localhost:3000/pagekit/index.php/admin/dashboard -> net::ERR_ABORTED
2022-05-25 12:50:31 ERROR    Failure: http://localhost:3000/pagekit/index.php/admin/dashboard -> net::ERR_ABORTED
2022-05-25 12:50:36 ERROR    Failure: http://localhost:3000/pagekit/index.php/admin/dashboard -> net::ERR_ABORTED
2022-05-25 12:50:36 ERROR    Failure: http://localhost:3000/pagekit/index.php/admin/dashboard -> net::ERR_ABORTED
2022-05-25 12:50:45 ERROR    Failure: http://localhost:3000/pagekit/index.php/admin/dashboard -> net::ERR_ABORTED
2022-05-25 12:50:45 ERROR    Failure: http://localhost:3000/pagekit/index.php/admin/dashboard -> net::ERR_ABORTED
2022-05-25 12:50:50 ERROR    Failure: http://localhost:3000/pagekit/index.php/admin/dashboard -> net::ERR_ABORTED
2022-05-25 12:50:50 ERROR    Failure: http://localhost:3000/pagekit/index.php/admin/dashboard -> net::ERR_ABORTED
2022-05-25 12:50:54 ERROR    Failure: http://localhost:3000/pagekit/index.php/admin/dashboard -> net::ERR_ABORTED
2022-05-25 12:50:54 ERROR    Failure: http://localhost:3000/pagekit/index.php/admin/dashboard -> net::ERR_ABORTED
2022-05-25 12:50:59 ERROR    Failure: http://localhost:3000/pagekit/index.php/admin/dashboard -> net::ERR_ABORTED
2022-05-25 12:50:59 ERROR    Failure: http://localhost:3000/pagekit/index.php/admin/dashboard -> net::ERR_ABORTED
2022-05-25 12:51:10 ERROR    Failure: http://localhost:3000/pagekit/index.php/admin/dashboard -> net::ERR_ABORTED
2022-05-25 12:51:10 ERROR    Failure: http://localhost:3000/pagekit/index.php/admin/dashboard -> net::ERR_ABORTED
2022-05-25 12:51:15 ERROR    Failure: http://localhost:3000/pagekit/index.php/admin/dashboard -> net::ERR_ABORTED
2022-05-25 12:51:15 ERROR    Failure: http://localhost:3000/pagekit/index.php/admin/dashboard -> net::ERR_ABORTED
2022-05-25 12:51:18 ERROR    Failure: http://localhost:3000/pagekit/index.php/admin/dashboard -> net::ERR_ABORTED
2022-05-25 12:51:18 ERROR    Failure: http://localhost:3000/pagekit/index.php/admin/dashboard -> net::ERR_ABORTED
2022-05-25 12:51:23 ERROR    Failure: http://localhost:3000/pagekit/index.php/admin/dashboard -> net::ERR_ABORTED
2022-05-25 12:51:23 ERROR    Failure: http://localhost:3000/pagekit/index.php/admin/dashboard -> net::ERR_ABORTED
2022-05-25 12:51:28 ERROR    Failure: http://localhost:3000/pagekit/index.php/admin/dashboard -> net::ERR_ABORTED
2022-05-25 12:51:28 ERROR    Failure: http://localhost:3000/pagekit/index.php/admin/dashboard -> net::ERR_ABORTED
2022-05-25 12:51:31 ERROR    Failure: http://localhost:3000/pagekit/index.php/admin/dashboard -> net::ERR_ABORTED
2022-05-25 12:51:31 ERROR    Failure: http://localhost:3000/pagekit/index.php/admin/dashboard -> net::ERR_ABORTED
2022-05-25 12:51:36 ERROR    Failure: http://localhost:3000/pagekit/index.php/admin/dashboard -> net::ERR_ABORTED
2022-05-25 12:51:36 ERROR    Failure: http://localhost:3000/pagekit/index.php/admin/dashboard -> net::ERR_ABORTED
2022-05-25 12:51:40 ERROR    Failure: http://localhost:3000/pagekit/index.php/admin/dashboard -> net::ERR_ABORTED
2022-05-25 12:51:40 ERROR    Failure: http://localhost:3000/pagekit/index.php/admin/dashboard -> net::ERR_ABORTED
2022-05-25 12:51:43 ERROR    Failure: http://localhost:3000/pagekit/index.php/admin/dashboard -> net::ERR_ABORTED
2022-05-25 12:51:43 ERROR    Failure: http://localhost:3000/pagekit/index.php/admin/dashboard -> net::ERR_ABORTED
2022-05-25 12:51:47 ERROR    Failure: http://localhost:3000/pagekit/index.php/admin/dashboard -> net::ERR_ABORTED
2022-05-25 12:51:47 ERROR    Failure: http://localhost:3000/pagekit/index.php/admin/dashboard -> net::ERR_ABORTED
2022-05-25 12:51:51 ERROR    Failure: http://localhost:3000/pagekit/index.php/admin/dashboard -> net::ERR_ABORTED
2022-05-25 12:51:51 ERROR    Failure: http://localhost:3000/pagekit/index.php/admin/dashboard -> net::ERR_ABORTED
2022-05-25 12:51:55 ERROR    Failure: http://localhost:3000/pagekit/index.php/admin/dashboard -> net::ERR_ABORTED
2022-05-25 12:51:55 ERROR    Failure: http://localhost:3000/pagekit/index.php/admin/dashboard -> net::ERR_ABORTED
2022-05-25 12:51:59 ERROR    Failure: http://localhost:3000/pagekit/index.php/admin/dashboard -> net::ERR_ABORTED
2022-05-25 12:51:59 ERROR    Failure: http://localhost:3000/pagekit/index.php/admin/dashboard -> net::ERR_ABORTED
2022-05-25 12:52:03 ERROR    Failure: http://localhost:3000/pagekit/index.php/admin/dashboard -> net::ERR_ABORTED
2022-05-25 12:52:03 ERROR    Failure: http://localhost:3000/pagekit/index.php/admin/dashboard -> net::ERR_ABORTED
2022-05-25 12:52:08 ERROR    Failure: http://localhost:3000/pagekit/index.php/admin/dashboard -> net::ERR_ABORTED
2022-05-25 12:52:08 ERROR    Failure: http://localhost:3000/pagekit/index.php/admin/dashboard -> net::ERR_ABORTED
2022-05-25 12:52:12 ERROR    Failure: http://localhost:3000/pagekit/index.php/admin/dashboard -> net::ERR_ABORTED
2022-05-25 12:52:12 ERROR    Failure: http://localhost:3000/pagekit/index.php/admin/dashboard -> net::ERR_ABORTED
2022-05-25 12:52:16 ERROR    Failure: http://localhost:3000/pagekit/index.php/admin/dashboard -> net::ERR_ABORTED
2022-05-25 12:52:16 ERROR    Failure: http://localhost:3000/pagekit/index.php/admin/dashboard -> net::ERR_ABORTED
2022-05-25 12:52:28 ERROR    Failure: http://localhost:3000/pagekit/index.php/admin/dashboard -> net::ERR_ABORTED
2022-05-25 12:52:28 ERROR    Failure: http://localhost:3000/pagekit/index.php/admin/dashboard -> net::ERR_ABORTED
2022-05-25 12:52:32 ERROR    Failure: http://localhost:3000/pagekit/index.php/admin/dashboard -> net::ERR_ABORTED
2022-05-25 12:52:32 ERROR    Failure: http://localhost:3000/pagekit/index.php/admin/dashboard -> net::ERR_ABORTED
2022-05-25 12:52:36 ERROR    Failure: http://localhost:3000/pagekit/index.php/admin/dashboard -> net::ERR_ABORTED
2022-05-25 12:52:36 ERROR    Failure: http://localhost:3000/pagekit/index.php/admin/dashboard -> net::ERR_ABORTED
2022-05-25 12:52:40 ERROR    Failure: http://localhost:3000/pagekit/index.php/admin/dashboard -> net::ERR_ABORTED
2022-05-25 12:52:40 ERROR    Failure: http://localhost:3000/pagekit/index.php/admin/dashboard -> net::ERR_ABORTED
2022-05-25 12:52:43 ERROR    Failure: http://localhost:3000/pagekit/index.php/admin/dashboard -> net::ERR_ABORTED
2022-05-25 12:52:43 ERROR    Failure: http://localhost:3000/pagekit/index.php/admin/dashboard -> net::ERR_ABORTED
2022-05-25 12:52:48 ERROR    Failure: http://localhost:3000/pagekit/index.php/admin/dashboard -> net::ERR_ABORTED
2022-05-25 12:52:48 ERROR    Failure: http://localhost:3000/pagekit/index.php/admin/dashboard -> net::ERR_ABORTED
2022-05-25 12:53:00 ERROR    Failure: http://localhost:3000/pagekit/index.php/admin/dashboard -> net::ERR_ABORTED
2022-05-25 12:53:00 ERROR    Failure: http://localhost:3000/pagekit/index.php/admin/dashboard -> net::ERR_ABORTED
2022-05-25 12:53:04 ERROR    Failure: http://localhost:3000/pagekit/index.php/admin/dashboard -> net::ERR_ABORTED
2022-05-25 12:53:04 ERROR    Failure: http://localhost:3000/pagekit/index.php/admin/dashboard -> net::ERR_ABORTED
2022-05-25 12:53:09 ERROR    Failure: http://localhost:3000/pagekit/index.php/admin/dashboard -> net::ERR_ABORTED
2022-05-25 12:53:09 ERROR    Failure: http://localhost:3000/pagekit/index.php/admin/dashboard -> net::ERR_ABORTED
2022-05-25 12:53:13 ERROR    Failure: http://localhost:3000/pagekit/index.php/admin/dashboard -> net::ERR_ABORTED
2022-05-25 12:53:13 ERROR    Failure: http://localhost:3000/pagekit/index.php/admin/dashboard -> net::ERR_ABORTED
2022-05-25 12:53:16 ERROR    Failure: http://localhost:3000/pagekit/index.php/admin/dashboard -> net::ERR_ABORTED
2022-05-25 12:53:16 ERROR    Failure: http://localhost:3000/pagekit/index.php/admin/dashboard -> net::ERR_ABORTED
2022-05-25 12:53:20 ERROR    Failure: http://localhost:3000/pagekit/index.php/admin/dashboard -> net::ERR_ABORTED
2022-05-25 12:53:20 ERROR    Failure: http://localhost:3000/pagekit/index.php/admin/dashboard -> net::ERR_ABORTED
2022-05-25 12:53:24 ERROR    Failure: http://localhost:3000/pagekit/index.php/admin/dashboard -> net::ERR_ABORTED
2022-05-25 12:53:24 ERROR    Failure: http://localhost:3000/pagekit/index.php/admin/dashboard -> net::ERR_ABORTED
2022-05-25 12:53:28 ERROR    Failure: http://localhost:3000/pagekit/index.php/admin/dashboard -> net::ERR_ABORTED
2022-05-25 12:53:28 ERROR    Failure: http://localhost:3000/pagekit/index.php/admin/dashboard -> net::ERR_ABORTED
2022-05-25 12:53:31 ERROR    Failure: http://localhost:3000/pagekit/index.php/admin/dashboard -> net::ERR_ABORTED
2022-05-25 12:53:31 ERROR    Failure: http://localhost:3000/pagekit/index.php/admin/dashboard -> net::ERR_ABORTED
2022-05-25 12:53:35 ERROR    Failure: http://localhost:3000/pagekit/index.php/admin/dashboard -> net::ERR_ABORTED
2022-05-25 12:53:35 ERROR    Failure: http://localhost:3000/pagekit/index.php/admin/dashboard -> net::ERR_ABORTED
2022-05-25 12:53:40 ERROR    Failure: http://localhost:3000/pagekit/index.php/admin/dashboard -> net::ERR_ABORTED
2022-05-25 12:53:40 ERROR    Failure: http://localhost:3000/pagekit/index.php/admin/dashboard -> net::ERR_ABORTED
2022-05-25 12:53:43 ERROR    Failure: http://localhost:3000/pagekit/index.php/admin/dashboard -> net::ERR_ABORTED
2022-05-25 12:53:43 ERROR    Failure: http://localhost:3000/pagekit/index.php/admin/dashboard -> net::ERR_ABORTED
2022-05-25 12:53:47 ERROR    Failure: http://localhost:3000/pagekit/index.php/admin/dashboard -> net::ERR_ABORTED
2022-05-25 12:53:47 ERROR    Failure: http://localhost:3000/pagekit/index.php/admin/dashboard -> net::ERR_ABORTED
2022-05-25 12:53:51 ERROR    Failure: http://localhost:3000/pagekit/index.php/admin/dashboard -> net::ERR_ABORTED
2022-05-25 12:53:51 ERROR    Failure: http://localhost:3000/pagekit/index.php/admin/dashboard -> net::ERR_ABORTED
2022-05-25 12:53:56 ERROR    Failure: http://localhost:3000/pagekit/index.php/admin/dashboard -> net::ERR_ABORTED
2022-05-25 12:53:56 ERROR    Failure: http://localhost:3000/pagekit/index.php/admin/dashboard -> net::ERR_ABORTED
2022-05-25 12:53:59 ERROR    Failure: http://localhost:3000/pagekit/index.php/admin/dashboard -> net::ERR_ABORTED
2022-05-25 12:53:59 ERROR    Failure: http://localhost:3000/pagekit/index.php/admin/dashboard -> net::ERR_ABORTED
2022-05-25 12:54:03 ERROR    Failure: http://localhost:3000/pagekit/index.php/admin/dashboard -> net::ERR_ABORTED
2022-05-25 12:54:03 ERROR    Failure: http://localhost:3000/pagekit/index.php/admin/dashboard -> net::ERR_ABORTED
2022-05-25 12:54:07 ERROR    Failure: http://localhost:3000/pagekit/index.php/admin/dashboard -> net::ERR_ABORTED
2022-05-25 12:54:07 ERROR    Failure: http://localhost:3000/pagekit/index.php/admin/dashboard -> net::ERR_ABORTED
2022-05-25 12:54:15 ERROR    Failure: http://localhost:3000/pagekit/index.php/admin/dashboard -> net::ERR_ABORTED
2022-05-25 12:54:15 ERROR    Failure: http://localhost:3000/pagekit/index.php/admin/dashboard -> net::ERR_ABORTED
2022-05-25 12:54:18 ERROR    Failure: http://localhost:3000/pagekit/index.php/admin/dashboard -> net::ERR_ABORTED
2022-05-25 12:54:18 ERROR    Failure: http://localhost:3000/pagekit/index.php/admin/dashboard -> net::ERR_ABORTED
2022-05-25 12:54:23 ERROR    Failure: http://localhost:3000/pagekit/index.php/admin/dashboard -> net::ERR_ABORTED
2022-05-25 12:54:23 ERROR    Failure: http://localhost:3000/pagekit/index.php/admin/dashboard -> net::ERR_ABORTED
2022-05-25 12:54:27 ERROR    Failure: http://localhost:3000/pagekit/index.php/admin/dashboard -> net::ERR_ABORTED
2022-05-25 12:54:27 ERROR    Failure: http://localhost:3000/pagekit/index.php/admin/dashboard -> net::ERR_ABORTED
2022-05-25 12:54:32 ERROR    Failure: http://localhost:3000/pagekit/index.php/admin/dashboard -> net::ERR_ABORTED
2022-05-25 12:54:32 ERROR    Failure: http://localhost:3000/pagekit/index.php/admin/dashboard -> net::ERR_ABORTED
2022-05-25 12:54:36 ERROR    Failure: http://localhost:3000/pagekit/index.php/admin/dashboard -> net::ERR_ABORTED
2022-05-25 12:54:36 ERROR    Failure: http://localhost:3000/pagekit/index.php/admin/dashboard -> net::ERR_ABORTED
2022-05-25 12:54:41 ERROR    Failure: http://localhost:3000/pagekit/index.php/admin/dashboard -> net::ERR_ABORTED
2022-05-25 12:54:41 ERROR    Failure: http://localhost:3000/pagekit/index.php/admin/dashboard -> net::ERR_ABORTED
2022-05-25 12:54:43 WARNING  Finished
2022-05-25 12:54:44 WARNING  (Failure Count, Coverage Percentage) : (11, 90.78722099783394)
2022-05-25 12:54:44 ERROR    http://localhost:3000/pagekit/index.php/admin/dashboard -> Failed to load resource: the server responded with a status of 404 (Not Found)
2022-05-25 12:54:44 ERROR    http://localhost:3000/pagekit/index.php/admin/dashboard -> status code(404) -> 
2022-05-25 12:54:44 ERROR    http://localhost:3000/pagekit/index.php/admin/dashboard -> net::ERR_ABORTED
2022-05-25 12:54:44 ERROR    http://localhost:3000/pagekit/index.php/admin/user/edit?id=1 -> net::ERR_ABORTED
2022-05-25 12:54:44 ERROR    http://localhost:3000/pagekit/admin/system/update -> status code(404) -> <!DOCTYPE HTML PUBLIC "-//IETF//DTD HTML 2.0//EN">	<html><head>	<title>404 Not Found</title>	</head><body>	<h1>Not Found</h1>	<p>The requested URL /pagekit/admin/system/update was not found on this server.</p>	<hr>	<address>Apache/2.4.18 (Ubuntu) Server at localhost Port 3000</address>	</body></html>	
2022-05-25 12:54:44 ERROR    http://localhost:3000/pagekit/index.php/admin/user/edit -> net::ERR_ABORTED
2022-05-25 12:54:44 ERROR    http://localhost:3000/pagekit/index.php/admin/user -> Failed to load resource: the server responded with a status of 400 (Bad Request)
2022-05-25 12:54:44 ERROR    http://localhost:3000/pagekit/index.php/admin/user -> status code(400) -> "Unable to delete yourself."
2022-05-25 12:54:44 ERROR    http://localhost:3000/pagekit/index.php/admin/user -> status code(400) -> "Unable to block yourself."
2022-05-25 12:54:44 ERROR    http://localhost:3000/pagekit/index.php/admin/user# -> Failed to load resource: the server responded with a status of 400 (Bad Request)
2022-05-25 12:54:44 ERROR    http://localhost:3000/pagekit/index.php/admin/user# -> status code(400) -> "Unable to block yourself."
