2022-05-26 11:29:24 WARNING  Starting
2022-05-26 11:30:06 ERROR    Failure: http://localhost:3000/pagekit/index.php/admin/dashboard -> Failed to load resource: the server responded with a status of 404 (Not Found)
2022-05-26 11:30:06 ERROR    Failure: http://localhost:3000/pagekit/index.php/admin/dashboard -> status code(404) -> 
2022-05-26 11:30:12 ERROR    Failure: http://localhost:3000/pagekit/index.php/admin/dashboard -> Failed to load resource: the server responded with a status of 404 (Not Found)
2022-05-26 11:30:12 ERROR    Failure: http://localhost:3000/pagekit/index.php/admin/dashboard -> status code(404) -> 
2022-05-26 11:30:15 ERROR    Failure: http://localhost:3000/pagekit/index.php/admin/user/edit?id=1 -> net::ERR_ABORTED
2022-05-26 11:30:18 ERROR    Failure: http://localhost:3000/pagekit/index.php/admin/dashboard -> Failed to load resource: the server responded with a status of 404 (Not Found)
2022-05-26 11:30:18 ERROR    Failure: http://localhost:3000/pagekit/index.php/admin/dashboard -> status code(404) -> 
2022-05-26 11:30:26 ERROR    Failure: http://localhost:3000/pagekit/index.php/admin/dashboard -> Failed to load resource: the server responded with a status of 404 (Not Found)
2022-05-26 11:30:26 ERROR    Failure: http://localhost:3000/pagekit/index.php/admin/dashboard -> status code(404) -> 
2022-05-26 11:30:33 ERROR    Failure: http://localhost:3000/pagekit/index.php/admin/dashboard -> Failed to load resource: the server responded with a status of 404 (Not Found)
2022-05-26 11:30:33 ERROR    Failure: http://localhost:3000/pagekit/index.php/admin/dashboard -> status code(404) -> 
2022-05-26 11:30:40 ERROR    Failure: http://localhost:3000/pagekit/index.php/admin/dashboard -> Failed to load resource: the server responded with a status of 404 (Not Found)
2022-05-26 11:30:40 ERROR    Failure: http://localhost:3000/pagekit/index.php/admin/dashboard -> status code(404) -> 
2022-05-26 11:30:45 ERROR    Failure: http://localhost:3000/pagekit/index.php/admin/dashboard -> Failed to load resource: the server responded with a status of 404 (Not Found)
2022-05-26 11:30:45 ERROR    Failure: http://localhost:3000/pagekit/index.php/admin/dashboard -> status code(404) -> 
2022-05-26 11:30:49 ERROR    Failure: http://localhost:3000/pagekit/index.php/admin/dashboard -> Failed to load resource: the server responded with a status of 404 (Not Found)
2022-05-26 11:30:49 ERROR    Failure: http://localhost:3000/pagekit/index.php/admin/dashboard -> status code(404) -> 
2022-05-26 11:30:54 ERROR    Failure: http://localhost:3000/pagekit/index.php/admin/dashboard -> Failed to load resource: the server responded with a status of 404 (Not Found)
2022-05-26 11:30:54 ERROR    Failure: http://localhost:3000/pagekit/index.php/admin/dashboard -> status code(404) -> 
2022-05-26 11:30:55 ERROR    Failure: http://localhost:3000/pagekit/index.php/admin/dashboard -> Failed to load resource: the server responded with a status of 404 (Not Found)
2022-05-26 11:30:55 ERROR    Failure: http://localhost:3000/pagekit/index.php/admin/dashboard -> status code(404) -> 
2022-05-26 11:30:55 ERROR    Failure: http://localhost:3000/pagekit/index.php/admin/dashboard -> Failed to load resource: the server responded with a status of 404 (Not Found)
2022-05-26 11:30:55 ERROR    Failure: http://localhost:3000/pagekit/index.php/admin/dashboard -> status code(404) -> 
2022-05-26 11:30:55 ERROR    Failure: http://localhost:3000/pagekit/index.php/admin/dashboard -> Failed to load resource: the server responded with a status of 404 (Not Found)
2022-05-26 11:30:55 ERROR    Failure: http://localhost:3000/pagekit/index.php/admin/dashboard -> status code(404) -> 
2022-05-26 11:31:00 ERROR    Failure: http://localhost:3000/pagekit/index.php/admin/dashboard -> Failed to load resource: the server responded with a status of 404 (Not Found)
2022-05-26 11:31:00 ERROR    Failure: http://localhost:3000/pagekit/index.php/admin/dashboard -> status code(404) -> 
2022-05-26 11:31:04 ERROR    Failure: http://localhost:3000/pagekit/index.php/admin/dashboard -> Failed to load resource: the server responded with a status of 404 (Not Found)
2022-05-26 11:31:04 ERROR    Failure: http://localhost:3000/pagekit/index.php/admin/dashboard -> status code(404) -> 
2022-05-26 11:31:05 ERROR    Failure: http://localhost:3000/pagekit/index.php/admin/dashboard -> Failed to load resource: the server responded with a status of 404 (Not Found)
2022-05-26 11:31:05 ERROR    Failure: http://localhost:3000/pagekit/index.php/admin/dashboard -> status code(404) -> 
2022-05-26 11:31:05 ERROR    Failure: http://localhost:3000/pagekit/index.php/admin/dashboard -> Failed to load resource: the server responded with a status of 404 (Not Found)
2022-05-26 11:31:05 ERROR    Failure: http://localhost:3000/pagekit/index.php/admin/dashboard -> status code(404) -> 
2022-05-26 11:31:06 ERROR    Failure: http://localhost:3000/pagekit/index.php/admin/dashboard -> Failed to load resource: the server responded with a status of 404 (Not Found)
2022-05-26 11:31:06 ERROR    Failure: http://localhost:3000/pagekit/index.php/admin/dashboard -> status code(404) -> 
2022-05-26 11:31:06 ERROR    Failure: http://localhost:3000/pagekit/index.php/admin/dashboard -> Failed to load resource: the server responded with a status of 404 (Not Found)
2022-05-26 11:31:06 ERROR    Failure: http://localhost:3000/pagekit/index.php/admin/dashboard -> status code(404) -> 
2022-05-26 11:31:10 ERROR    Failure: http://localhost:3000/pagekit/index.php/admin/dashboard -> Failed to load resource: the server responded with a status of 404 (Not Found)
2022-05-26 11:31:10 ERROR    Failure: http://localhost:3000/pagekit/index.php/admin/dashboard -> status code(404) -> 
2022-05-26 11:31:10 ERROR    Failure: http://localhost:3000/pagekit/index.php/admin/dashboard -> net::ERR_ABORTED
2022-05-26 11:31:10 ERROR    Failure: http://localhost:3000/pagekit/index.php/admin/dashboard -> net::ERR_ABORTED
2022-05-26 11:31:14 ERROR    Failure: http://localhost:3000/pagekit/index.php/admin/dashboard -> Failed to load resource: the server responded with a status of 404 (Not Found)
2022-05-26 11:31:14 ERROR    Failure: http://localhost:3000/pagekit/index.php/admin/dashboard -> status code(404) -> 
2022-05-26 11:31:19 ERROR    Failure: http://localhost:3000/pagekit/index.php/admin/dashboard -> Failed to load resource: the server responded with a status of 404 (Not Found)
2022-05-26 11:31:19 ERROR    Failure: http://localhost:3000/pagekit/index.php/admin/dashboard -> status code(404) -> 
2022-05-26 11:32:13 ERROR    Failure: http://localhost:3000/pagekit/index.php/admin/dashboard -> Failed to load resource: the server responded with a status of 404 (Not Found)
2022-05-26 11:32:13 ERROR    Failure: http://localhost:3000/pagekit/admin/system/update -> status code(404) -> <!DOCTYPE HTML PUBLIC "-//IETF//DTD HTML 2.0//EN">	<html><head>	<title>404 Not Found</title>	</head><body>	<h1>Not Found</h1>	<p>The requested URL /pagekit/admin/system/update was not found on this server.</p>	<hr>	<address>Apache/2.4.18 (Ubuntu) Server at localhost Port 3000</address>	</body></html>	
2022-05-26 11:33:05 ERROR    Failure: http://localhost:3000/pagekit/index.php/admin/user/edit?id=1 -> net::ERR_ABORTED
2022-05-26 11:34:50 ERROR    Failure: http://localhost:3000/pagekit/index.php/admin/user/edit?id=1 -> net::ERR_ABORTED
2022-05-26 11:35:16 WARNING  redoing process
2022-05-26 11:35:53 ERROR    Failure: http://localhost:3000/pagekit/index.php/admin/dashboard -> Failed to load resource: the server responded with a status of 404 (Not Found)
2022-05-26 11:35:53 ERROR    Failure: http://localhost:3000/pagekit/admin/system/update -> status code(404) -> <!DOCTYPE HTML PUBLIC "-//IETF//DTD HTML 2.0//EN">	<html><head>	<title>404 Not Found</title>	</head><body>	<h1>Not Found</h1>	<p>The requested URL /pagekit/admin/system/update was not found on this server.</p>	<hr>	<address>Apache/2.4.18 (Ubuntu) Server at localhost Port 3000</address>	</body></html>	
2022-05-26 11:36:05 ERROR    Failure: http://localhost:3000/pagekit/index.php/admin/dashboard -> net::ERR_ABORTED
2022-05-26 11:37:02 ERROR    Failure: http://localhost:3000/pagekit/index.php/admin/dashboard -> Failed to load resource: the server responded with a status of 404 (Not Found)
2022-05-26 11:37:02 ERROR    Failure: http://localhost:3000/pagekit/index.php/admin/dashboard -> net::ERR_ABORTED
2022-05-26 11:37:02 ERROR    Failure: http://localhost:3000/pagekit/admin/system/update -> status code(404) -> <!DOCTYPE HTML PUBLIC "-//IETF//DTD HTML 2.0//EN">	<html><head>	<title>404 Not Found</title>	</head><body>	<h1>Not Found</h1>	<p>The requested URL /pagekit/admin/system/update was not found on this server.</p>	<hr>	<address>Apache/2.4.18 (Ubuntu) Server at localhost Port 3000</address>	</body></html>	
2022-05-26 11:37:13 ERROR    Failure: http://localhost:3000/pagekit/index.php/admin/dashboard -> net::ERR_ABORTED
2022-05-26 11:37:59 ERROR    Failure: http://localhost:3000/pagekit/index.php/admin/user/edit?id=1 -> net::ERR_ABORTED
2022-05-26 11:38:12 ERROR    Failure: http://localhost:3000/pagekit/index.php/admin/user/edit?id=1 -> net::ERR_ABORTED
2022-05-26 11:38:35 ERROR    Failure: http://localhost:3000/pagekit/index.php/admin/user/edit?id=1 -> net::ERR_ABORTED
2022-05-26 11:38:48 ERROR    Failure: http://localhost:3000/pagekit/index.php/admin/dashboard -> Failed to load resource: the server responded with a status of 404 (Not Found)
2022-05-26 11:38:48 ERROR    Failure: http://localhost:3000/pagekit/index.php/admin/dashboard -> status code(404) -> 
2022-05-26 11:38:54 ERROR    Failure: http://localhost:3000/pagekit/index.php/admin/dashboard -> Failed to load resource: the server responded with a status of 404 (Not Found)
2022-05-26 11:38:54 ERROR    Failure: http://localhost:3000/pagekit/index.php/admin/dashboard -> status code(404) -> 
2022-05-26 11:39:04 ERROR    Failure: http://localhost:3000/pagekit/index.php/admin/dashboard -> Failed to load resource: the server responded with a status of 404 (Not Found)
2022-05-26 11:39:04 ERROR    Failure: http://localhost:3000/pagekit/index.php/admin/dashboard -> status code(404) -> 
2022-05-26 11:39:05 ERROR    Failure: http://localhost:3000/pagekit/index.php/admin/dashboard -> net::ERR_ABORTED
2022-05-26 11:39:05 ERROR    Failure: http://localhost:3000/pagekit/index.php/admin/dashboard -> net::ERR_ABORTED
2022-05-26 11:39:05 ERROR    Failure: http://localhost:3000/pagekit/index.php/admin/dashboard -> net::ERR_ABORTED
2022-05-26 11:39:07 ERROR    Failure: http://localhost:3000/pagekit/index.php/admin/dashboard -> Failed to load resource: the server responded with a status of 404 (Not Found)
2022-05-26 11:39:07 ERROR    Failure: http://localhost:3000/pagekit/index.php/admin/dashboard -> status code(404) -> 
2022-05-26 11:39:18 ERROR    Failure: http://localhost:3000/pagekit/index.php/admin/dashboard -> Failed to load resource: the server responded with a status of 404 (Not Found)
2022-05-26 11:39:18 ERROR    Failure: http://localhost:3000/pagekit/index.php/admin/dashboard -> status code(404) -> 
2022-05-26 11:39:26 ERROR    Failure: http://localhost:3000/pagekit/index.php/admin/dashboard -> Failed to load resource: the server responded with a status of 404 (Not Found)
2022-05-26 11:39:26 ERROR    Failure: http://localhost:3000/pagekit/index.php/admin/dashboard -> status code(404) -> 
2022-05-26 11:39:37 ERROR    Failure: http://localhost:3000/pagekit/index.php/admin/dashboard -> Failed to load resource: the server responded with a status of 404 (Not Found)
2022-05-26 11:39:37 ERROR    Failure: http://localhost:3000/pagekit/index.php/admin/dashboard -> status code(404) -> 
2022-05-26 11:39:45 ERROR    Failure: http://localhost:3000/pagekit/index.php/admin/dashboard -> Failed to load resource: the server responded with a status of 404 (Not Found)
2022-05-26 11:39:45 ERROR    Failure: http://localhost:3000/pagekit/index.php/admin/dashboard -> status code(404) -> 
2022-05-26 11:39:50 ERROR    Failure: http://localhost:3000/pagekit/index.php/admin/dashboard -> Failed to load resource: the server responded with a status of 404 (Not Found)
2022-05-26 11:39:50 ERROR    Failure: http://localhost:3000/pagekit/index.php/admin/dashboard -> status code(404) -> 
2022-05-26 11:39:59 ERROR    Failure: http://localhost:3000/pagekit/index.php/admin/dashboard -> Failed to load resource: the server responded with a status of 404 (Not Found)
2022-05-26 11:39:59 ERROR    Failure: http://localhost:3000/pagekit/index.php/admin/dashboard -> status code(404) -> 
2022-05-26 11:39:59 ERROR    Failure: http://localhost:3000/pagekit/index.php/admin/dashboard -> Failed to load resource: the server responded with a status of 404 (Not Found)
2022-05-26 11:39:59 ERROR    Failure: http://localhost:3000/pagekit/index.php/admin/dashboard -> net::ERR_ABORTED
2022-05-26 11:39:59 ERROR    Failure: http://localhost:3000/pagekit/index.php/admin/dashboard -> net::ERR_ABORTED
2022-05-26 11:39:59 ERROR    Failure: http://localhost:3000/pagekit/index.php/admin/dashboard -> net::ERR_ABORTED
2022-05-26 11:39:59 ERROR    Failure: http://localhost:3000/pagekit/index.php/admin/dashboard -> net::ERR_ABORTED
2022-05-26 11:39:59 ERROR    Failure: http://localhost:3000/pagekit/admin/system/update -> status code(404) -> <!DOCTYPE HTML PUBLIC "-//IETF//DTD HTML 2.0//EN">	<html><head>	<title>404 Not Found</title>	</head><body>	<h1>Not Found</h1>	<p>The requested URL /pagekit/admin/system/update was not found on this server.</p>	<hr>	<address>Apache/2.4.18 (Ubuntu) Server at localhost Port 3000</address>	</body></html>	
2022-05-26 11:40:02 ERROR    Failure: http://localhost:3000/pagekit/index.php/admin/dashboard -> Failed to load resource: the server responded with a status of 404 (Not Found)
2022-05-26 11:40:02 ERROR    Failure: http://localhost:3000/pagekit/index.php/admin/dashboard -> status code(404) -> 
2022-05-26 11:40:11 ERROR    Failure: http://localhost:3000/pagekit/index.php/admin/dashboard -> Failed to load resource: the server responded with a status of 404 (Not Found)
2022-05-26 11:40:11 ERROR    Failure: http://localhost:3000/pagekit/index.php/admin/dashboard -> status code(404) -> 
2022-05-26 11:40:15 ERROR    Failure: http://localhost:3000/pagekit/index.php/admin/dashboard -> Failed to load resource: the server responded with a status of 404 (Not Found)
2022-05-26 11:40:15 ERROR    Failure: http://localhost:3000/pagekit/index.php/admin/dashboard -> status code(404) -> 
2022-05-26 11:40:23 ERROR    Failure: http://localhost:3000/pagekit/index.php/admin/dashboard -> Failed to load resource: the server responded with a status of 404 (Not Found)
2022-05-26 11:40:23 ERROR    Failure: http://localhost:3000/pagekit/index.php/admin/dashboard -> status code(404) -> 
2022-05-26 11:40:33 ERROR    Failure: http://localhost:3000/pagekit/index.php/admin/dashboard -> Failed to load resource: the server responded with a status of 404 (Not Found)
2022-05-26 11:40:33 ERROR    Failure: http://localhost:3000/pagekit/index.php/admin/dashboard -> status code(404) -> 
2022-05-26 11:40:37 ERROR    Failure: http://localhost:3000/pagekit/index.php/admin/dashboard -> Failed to load resource: the server responded with a status of 404 (Not Found)
2022-05-26 11:40:37 ERROR    Failure: http://localhost:3000/pagekit/index.php/admin/dashboard -> status code(404) -> 
2022-05-26 11:40:51 ERROR    Failure: http://localhost:3000/pagekit/index.php/admin/dashboard -> Failed to load resource: the server responded with a status of 404 (Not Found)
2022-05-26 11:40:51 ERROR    Failure: http://localhost:3000/pagekit/index.php/admin/dashboard -> status code(404) -> 
2022-05-26 11:40:57 ERROR    Failure: http://localhost:3000/pagekit/index.php/admin/dashboard -> Failed to load resource: the server responded with a status of 404 (Not Found)
2022-05-26 11:40:57 ERROR    Failure: http://localhost:3000/pagekit/index.php/admin/dashboard -> status code(404) -> 
2022-05-26 11:41:04 ERROR    Failure: http://localhost:3000/pagekit/index.php/admin/dashboard -> Failed to load resource: the server responded with a status of 404 (Not Found)
2022-05-26 11:41:04 ERROR    Failure: http://localhost:3000/pagekit/index.php/admin/dashboard -> status code(404) -> 
2022-05-26 11:41:14 WARNING  redoing process
2022-05-26 11:42:00 ERROR    Failure: http://localhost:3000/pagekit/index.php/admin/user -> net::ERR_ABORTED
2022-05-26 11:43:34 WARNING  redoing process
2022-05-26 11:44:30 WARNING  redoing process
2022-05-26 11:44:59 ERROR    Failure: http://localhost:3000/pagekit/index.php/admin/dashboard -> net::ERR_ABORTED
2022-05-26 11:47:22 ERROR    Failure: http://localhost:3000/pagekit/index.php/admin/user/edit?id=1 -> net::ERR_ABORTED
2022-05-26 11:47:27 ERROR    Failure: http://localhost:3000/pagekit/index.php/admin/user/edit?id=1 -> net::ERR_ABORTED
2022-05-26 11:47:56 ERROR    Failure: http://localhost:3000/pagekit/index.php/admin/user/edit?id=1 -> net::ERR_ABORTED
2022-05-26 11:48:44 WARNING  redoing process
2022-05-26 11:48:54 ERROR    Failure: http://localhost:3000/pagekit/index.php/admin/dashboard -> net::ERR_ABORTED
2022-05-26 11:48:54 ERROR    Failure: http://localhost:3000/pagekit/index.php/admin/dashboard -> net::ERR_ABORTED
2022-05-26 11:48:55 ERROR    Failure: http://localhost:3000/pagekit/index.php/admin/user/edit?id=1 -> net::ERR_ABORTED
2022-05-26 11:49:38 WARNING  redoing process
2022-05-26 11:51:23 WARNING  redoing process
2022-05-26 11:51:24 ERROR    Failure: http://localhost:3000/pagekit/index.php/admin/dashboard -> net::ERR_ABORTED
2022-05-26 11:51:24 ERROR    Failure: http://localhost:3000/pagekit/index.php/admin/dashboard -> net::ERR_ABORTED
2022-05-26 11:51:33 ERROR    Failure: http://localhost:3000/pagekit/index.php/admin/user/edit?id=1 -> net::ERR_ABORTED
2022-05-26 11:51:57 ERROR    Failure: http://localhost:3000/pagekit/index.php/admin/dashboard -> Failed to load resource: the server responded with a status of 404 (Not Found)
2022-05-26 11:51:57 ERROR    Failure: http://localhost:3000/pagekit/admin/system/update -> status code(404) -> <!DOCTYPE HTML PUBLIC "-//IETF//DTD HTML 2.0//EN">	<html><head>	<title>404 Not Found</title>	</head><body>	<h1>Not Found</h1>	<p>The requested URL /pagekit/admin/system/update was not found on this server.</p>	<hr>	<address>Apache/2.4.18 (Ubuntu) Server at localhost Port 3000</address>	</body></html>	
2022-05-26 11:52:04 ERROR    Failure: http://localhost:3000/pagekit/index.php/admin/user -> net::ERR_ABORTED
2022-05-26 11:53:08 ERROR    Failure: http://localhost:3000/pagekit/index.php/admin/dashboard -> net::ERR_ABORTED
2022-05-26 11:53:12 ERROR    Failure: http://localhost:3000/pagekit/index.php/admin/dashboard -> net::ERR_ABORTED
2022-05-26 11:53:12 ERROR    Failure: http://localhost:3000/pagekit/index.php/admin/dashboard -> net::ERR_ABORTED
2022-05-26 11:53:17 WARNING  redoing process
2022-05-26 11:53:24 ERROR    Failure: http://localhost:3000/pagekit/index.php/admin/user/edit?id=1 -> net::ERR_ABORTED
2022-05-26 11:53:29 ERROR    Failure: http://localhost:3000/pagekit/index.php/admin/dashboard -> Failed to load resource: the server responded with a status of 404 (Not Found)
2022-05-26 11:53:29 ERROR    Failure: http://localhost:3000/pagekit/index.php/admin/dashboard -> net::ERR_ABORTED
2022-05-26 11:53:29 ERROR    Failure: http://localhost:3000/pagekit/index.php/admin/dashboard -> net::ERR_ABORTED
2022-05-26 11:53:29 ERROR    Failure: http://localhost:3000/pagekit/admin/system/update -> status code(404) -> <!DOCTYPE HTML PUBLIC "-//IETF//DTD HTML 2.0//EN">	<html><head>	<title>404 Not Found</title>	</head><body>	<h1>Not Found</h1>	<p>The requested URL /pagekit/admin/system/update was not found on this server.</p>	<hr>	<address>Apache/2.4.18 (Ubuntu) Server at localhost Port 3000</address>	</body></html>	
2022-05-26 11:54:32 ERROR    Failure: http://localhost:3000/pagekit/index.php/admin/user/edit?id=1 -> net::ERR_ABORTED
2022-05-26 11:54:42 ERROR    Failure: http://localhost:3000/pagekit/index.php/admin/user/edit?id=1 -> net::ERR_ABORTED
2022-05-26 11:55:03 ERROR    Failure: http://localhost:3000/pagekit/index.php/admin/user/edit?id=1 -> net::ERR_ABORTED
2022-05-26 11:55:12 ERROR    Failure: http://localhost:3000/pagekit/index.php/admin/dashboard -> Failed to load resource: the server responded with a status of 404 (Not Found)
2022-05-26 11:55:12 ERROR    Failure: http://localhost:3000/pagekit/index.php/admin/dashboard -> status code(404) -> 
2022-05-26 11:55:17 ERROR    Failure: http://localhost:3000/pagekit/index.php/admin/dashboard -> Failed to load resource: the server responded with a status of 404 (Not Found)
2022-05-26 11:55:17 ERROR    Failure: http://localhost:3000/pagekit/index.php/admin/dashboard -> status code(404) -> 
2022-05-26 11:55:29 ERROR    Failure: http://localhost:3000/pagekit/index.php/admin/dashboard -> Failed to load resource: the server responded with a status of 404 (Not Found)
2022-05-26 11:55:29 ERROR    Failure: http://localhost:3000/pagekit/index.php/admin/dashboard -> status code(404) -> 
2022-05-26 11:55:35 ERROR    Failure: http://localhost:3000/pagekit/index.php/admin/dashboard -> Failed to load resource: the server responded with a status of 404 (Not Found)
2022-05-26 11:55:35 ERROR    Failure: http://localhost:3000/pagekit/index.php/admin/dashboard -> status code(404) -> 
2022-05-26 11:55:42 ERROR    Failure: http://localhost:3000/pagekit/index.php/admin/dashboard -> Failed to load resource: the server responded with a status of 404 (Not Found)
2022-05-26 11:55:42 ERROR    Failure: http://localhost:3000/pagekit/index.php/admin/dashboard -> status code(404) -> 
2022-05-26 11:55:48 ERROR    Failure: http://localhost:3000/pagekit/index.php/admin/dashboard -> Failed to load resource: the server responded with a status of 404 (Not Found)
2022-05-26 11:55:48 ERROR    Failure: http://localhost:3000/pagekit/index.php/admin/dashboard -> status code(404) -> 
2022-05-26 11:55:57 ERROR    Failure: http://localhost:3000/pagekit/index.php/admin/dashboard -> Failed to load resource: the server responded with a status of 404 (Not Found)
2022-05-26 11:55:57 ERROR    Failure: http://localhost:3000/pagekit/index.php/admin/dashboard -> status code(404) -> 
2022-05-26 11:56:03 ERROR    Failure: http://localhost:3000/pagekit/index.php/admin/dashboard -> Failed to load resource: the server responded with a status of 404 (Not Found)
2022-05-26 11:56:03 ERROR    Failure: http://localhost:3000/pagekit/index.php/admin/dashboard -> status code(404) -> 
2022-05-26 11:56:11 WARNING  redoing process
2022-05-26 11:56:15 ERROR    Failure: http://localhost:3000/pagekit/index.php/admin/dashboard -> Failed to load resource: the server responded with a status of 404 (Not Found)
2022-05-26 11:56:15 ERROR    Failure: http://localhost:3000/pagekit/index.php/admin/dashboard -> status code(404) -> 
2022-05-26 11:56:25 ERROR    Failure: http://localhost:3000/pagekit/index.php/admin/dashboard -> Failed to load resource: the server responded with a status of 404 (Not Found)
2022-05-26 11:56:25 ERROR    Failure: http://localhost:3000/pagekit/index.php/admin/dashboard -> status code(404) -> 
2022-05-26 11:56:32 ERROR    Failure: http://localhost:3000/pagekit/index.php/admin/user/edit?id=1 -> net::ERR_ABORTED
2022-05-26 11:56:35 ERROR    Failure: http://localhost:3000/pagekit/index.php/admin/dashboard -> Failed to load resource: the server responded with a status of 404 (Not Found)
2022-05-26 11:56:35 ERROR    Failure: http://localhost:3000/pagekit/index.php/admin/dashboard -> status code(404) -> 
2022-05-26 11:56:42 ERROR    Failure: http://localhost:3000/pagekit/index.php/admin/dashboard -> Failed to load resource: the server responded with a status of 404 (Not Found)
2022-05-26 11:56:42 ERROR    Failure: http://localhost:3000/pagekit/index.php/admin/dashboard -> status code(404) -> 
2022-05-26 11:56:52 WARNING  redoing process
2022-05-26 11:56:52 ERROR    Failure: http://localhost:3000/pagekit/index.php/admin/dashboard -> Failed to load resource: the server responded with a status of 404 (Not Found)
2022-05-26 11:56:52 ERROR    Failure: http://localhost:3000/pagekit/index.php/admin/dashboard -> status code(404) -> 
2022-05-26 11:56:54 ERROR    Failure: http://localhost:3000/pagekit/index.php/admin/dashboard -> Failed to load resource: the server responded with a status of 404 (Not Found)
2022-05-26 11:56:54 ERROR    Failure: http://localhost:3000/pagekit/index.php/admin/dashboard -> status code(404) -> 
2022-05-26 11:57:02 ERROR    Failure: http://localhost:3000/pagekit/index.php/admin/dashboard -> Failed to load resource: the server responded with a status of 404 (Not Found)
2022-05-26 11:57:02 ERROR    Failure: http://localhost:3000/pagekit/index.php/admin/dashboard -> status code(404) -> 
2022-05-26 11:57:02 ERROR    Failure: http://localhost:3000/pagekit/index.php/admin/dashboard -> Failed to load resource: the server responded with a status of 404 (Not Found)
2022-05-26 11:57:02 ERROR    Failure: http://localhost:3000/pagekit/index.php/admin/dashboard -> status code(404) -> 
2022-05-26 11:57:12 WARNING  redoing process
2022-05-26 11:57:12 ERROR    Failure: http://localhost:3000/pagekit/index.php/admin/dashboard -> Failed to load resource: the server responded with a status of 404 (Not Found)
2022-05-26 11:57:12 ERROR    Failure: http://localhost:3000/pagekit/index.php/admin/dashboard -> Failed to load resource: the server responded with a status of 404 (Not Found)
2022-05-26 11:57:12 ERROR    Failure: http://localhost:3000/pagekit/index.php/admin/dashboard -> status code(404) -> 
2022-05-26 11:57:12 ERROR    Failure: http://localhost:3000/pagekit/index.php/admin/dashboard -> status code(404) -> 
2022-05-26 11:57:17 ERROR    Failure: http://localhost:3000/pagekit/index.php/admin/dashboard -> Failed to load resource: the server responded with a status of 404 (Not Found)
2022-05-26 11:57:17 ERROR    Failure: http://localhost:3000/pagekit/index.php/admin/dashboard -> status code(404) -> 
2022-05-26 11:57:17 ERROR    Failure: http://localhost:3000/pagekit/index.php/admin/dashboard -> Failed to load resource: the server responded with a status of 404 (Not Found)
2022-05-26 11:57:17 ERROR    Failure: http://localhost:3000/pagekit/index.php/admin/dashboard -> status code(404) -> 
2022-05-26 11:57:27 WARNING  redoing process
2022-05-26 11:57:44 WARNING  redoing process
2022-05-26 11:57:56 ERROR    Failure: http://localhost:3000/pagekit/index.php/admin/dashboard -> Failed to load resource: the server responded with a status of 404 (Not Found)
2022-05-26 11:57:56 ERROR    Failure: http://localhost:3000/pagekit/index.php/admin/dashboard -> Failed to load resource: the server responded with a status of 404 (Not Found)
2022-05-26 11:57:56 ERROR    Failure: http://localhost:3000/pagekit/index.php/admin/dashboard -> status code(404) -> 
2022-05-26 11:57:56 ERROR    Failure: http://localhost:3000/pagekit/index.php/admin/dashboard -> status code(404) -> 
2022-05-26 11:57:59 ERROR    Failure: http://localhost:3000/pagekit/index.php/admin/dashboard -> Failed to load resource: the server responded with a status of 404 (Not Found)
2022-05-26 11:58:00 ERROR    Failure: http://localhost:3000/pagekit/index.php/admin/dashboard -> Failed to load resource: the server responded with a status of 404 (Not Found)
2022-05-26 11:58:00 ERROR    Failure: http://localhost:3000/pagekit/index.php/admin/dashboard -> status code(404) -> 
2022-05-26 11:58:00 ERROR    Failure: http://localhost:3000/pagekit/index.php/admin/dashboard -> status code(404) -> 
2022-05-26 11:58:27 ERROR    Failure: http://localhost:3000/pagekit/index.php/admin/dashboard -> Failed to load resource: the server responded with a status of 404 (Not Found)
2022-05-26 11:58:27 ERROR    Failure: http://localhost:3000/pagekit/index.php/admin/dashboard -> Failed to load resource: the server responded with a status of 404 (Not Found)
2022-05-26 11:58:27 ERROR    Failure: http://localhost:3000/pagekit/index.php/admin/dashboard -> status code(404) -> 
2022-05-26 11:58:27 ERROR    Failure: http://localhost:3000/pagekit/index.php/admin/dashboard -> status code(404) -> 
2022-05-26 11:58:33 ERROR    Failure: http://localhost:3000/pagekit/index.php/admin/user/edit?id=1 -> net::ERR_ABORTED
2022-05-26 11:58:38 WARNING  redoing process
2022-05-26 11:58:43 WARNING  redoing process
2022-05-26 11:58:46 ERROR    Failure: http://localhost:3000/pagekit/index.php/admin/dashboard -> Failed to load resource: the server responded with a status of 404 (Not Found)
2022-05-26 11:58:46 ERROR    Failure: http://localhost:3000/pagekit/index.php/admin/dashboard -> status code(404) -> 
2022-05-26 11:58:46 ERROR    Failure: http://localhost:3000/pagekit/index.php/admin/dashboard -> Failed to load resource: the server responded with a status of 404 (Not Found)
2022-05-26 11:58:46 ERROR    Failure: http://localhost:3000/pagekit/index.php/admin/dashboard -> status code(404) -> 
2022-05-26 11:58:58 ERROR    Failure: http://localhost:3000/pagekit/index.php/admin/dashboard -> Failed to load resource: the server responded with a status of 404 (Not Found)
2022-05-26 11:58:58 ERROR    Failure: http://localhost:3000/pagekit/index.php/admin/dashboard -> status code(404) -> 
2022-05-26 11:58:58 ERROR    Failure: http://localhost:3000/pagekit/index.php/admin/dashboard -> Failed to load resource: the server responded with a status of 404 (Not Found)
2022-05-26 11:58:58 ERROR    Failure: http://localhost:3000/pagekit/index.php/admin/dashboard -> status code(404) -> 
2022-05-26 11:59:08 ERROR    Failure: http://localhost:3000/pagekit/index.php/admin/dashboard -> Failed to load resource: the server responded with a status of 404 (Not Found)
2022-05-26 11:59:08 ERROR    Failure: http://localhost:3000/pagekit/index.php/admin/dashboard -> Failed to load resource: the server responded with a status of 404 (Not Found)
2022-05-26 11:59:08 ERROR    Failure: http://localhost:3000/pagekit/index.php/admin/dashboard -> status code(404) -> 
2022-05-26 11:59:08 ERROR    Failure: http://localhost:3000/pagekit/index.php/admin/dashboard -> status code(404) -> 
2022-05-26 11:59:16 ERROR    Failure: http://localhost:3000/pagekit/index.php/admin/dashboard -> Failed to load resource: the server responded with a status of 404 (Not Found)
2022-05-26 11:59:16 ERROR    Failure: http://localhost:3000/pagekit/index.php/admin/dashboard -> Failed to load resource: the server responded with a status of 404 (Not Found)
2022-05-26 11:59:16 ERROR    Failure: http://localhost:3000/pagekit/index.php/admin/dashboard -> status code(404) -> 
2022-05-26 11:59:16 ERROR    Failure: http://localhost:3000/pagekit/index.php/admin/dashboard -> status code(404) -> 
2022-05-26 11:59:26 ERROR    Failure: http://localhost:3000/pagekit/index.php/admin/dashboard -> Failed to load resource: the server responded with a status of 404 (Not Found)
2022-05-26 11:59:26 ERROR    Failure: http://localhost:3000/pagekit/index.php/admin/dashboard -> status code(404) -> 
2022-05-26 11:59:26 ERROR    Failure: http://localhost:3000/pagekit/index.php/admin/dashboard -> Failed to load resource: the server responded with a status of 404 (Not Found)
2022-05-26 11:59:26 ERROR    Failure: http://localhost:3000/pagekit/index.php/admin/dashboard -> status code(404) -> 
2022-05-26 11:59:32 WARNING  Finished
2022-05-26 11:59:32 WARNING  (Failure Count, Coverage Percentage) : (6, 90.37580205711228)
2022-05-26 11:59:32 ERROR    http://localhost:3000/pagekit/index.php/admin/dashboard -> Failed to load resource: the server responded with a status of 404 (Not Found)
2022-05-26 11:59:32 ERROR    http://localhost:3000/pagekit/index.php/admin/dashboard -> status code(404) -> 
2022-05-26 11:59:32 ERROR    http://localhost:3000/pagekit/index.php/admin/user/edit?id=1 -> net::ERR_ABORTED
2022-05-26 11:59:32 ERROR    http://localhost:3000/pagekit/index.php/admin/dashboard -> net::ERR_ABORTED
2022-05-26 11:59:32 ERROR    http://localhost:3000/pagekit/admin/system/update -> status code(404) -> <!DOCTYPE HTML PUBLIC "-//IETF//DTD HTML 2.0//EN">	<html><head>	<title>404 Not Found</title>	</head><body>	<h1>Not Found</h1>	<p>The requested URL /pagekit/admin/system/update was not found on this server.</p>	<hr>	<address>Apache/2.4.18 (Ubuntu) Server at localhost Port 3000</address>	</body></html>	
2022-05-26 11:59:32 ERROR    http://localhost:3000/pagekit/index.php/admin/user -> net::ERR_ABORTED
