74155260075949383841988739551624744508, None, 74155260075949383841988739551624744508, http://localhost:1800/
74155260075949383841988739551624744508, None, 74155260075949383841988739551624744508, http://localhost:1800/
74155260075949383841988739551624744508, 77722075193502781211253785020892441640 -> a []{'href': '/login', 'style': 'color:unset'}, 74155260075949383841988739551624744508, http://localhost:1800/
74155260075949383841988739551624744508, None, 74155260075949383841988739551624744508, http://localhost:1800/
74155260075949383841988739551624744508, 198330988671355682266587899514732098117 -> a []{'href': '/subscribe?product=team', 'style': 'color:unset'}, 74155260075949383841988739551624744508, http://localhost:1800/
74155260075949383841988739551624744508, None, 74155260075949383841988739551624744508, http://localhost:1800/
74155260075949383841988739551624744508, None, 74155260075949383841988739551624744508, http://localhost:1800/
74155260075949383841988739551624744508, None, 74155260075949383841988739551624744508, http://localhost:1800/
74155260075949383841988739551624744508, None, 74155260075949383841988739551624744508, http://localhost:1800/
74155260075949383841988739551624744508, None, 74155260075949383841988739551624744508, http://localhost:1800/
74155260075949383841988739551624744508, None, 74155260075949383841988739551624744508, http://localhost:1800/
74155260075949383841988739551624744508, 42781586748898556957319857378680623162 -> a []{'href': '/subscribe?product=self-hosted', 'style': 'color:unset'}, 74155260075949383841988739551624744508, http://localhost:1800/
74155260075949383841988739551624744508, None, 74155260075949383841988739551624744508, http://localhost:1800/
74155260075949383841988739551624744508, None, 74155260075949383841988739551624744508, http://localhost:1800/
74155260075949383841988739551624744508, 238260590675663518801515527384327507336 -> a ['Contact us']{'href': 'mailto:support@retrospected.com'}, 74155260075949383841988739551624744508, http://localhost:1800/
74155260075949383841988739551624744508, None, 74155260075949383841988739551624744508, http://localhost:1800/
74155260075949383841988739551624744508, None, 74155260075949383841988739551624744508, http://localhost:1800/
74155260075949383841988739551624744508, None, 74155260075949383841988739551624744508, http://localhost:1800/
74155260075949383841988739551624744508, 250804075126493492387859450049616939076 -> button [<span class="MuiButton-startIcon MuiButton-iconSizeMedium css-6xugel", 199222071360682078865197807318038347473, http://localhost:1800/
199222071360682078865197807318038347473, 110921656398700401751292788802731550350 -> button [<span class="MuiButton-startIcon MuiButton-iconSizeMedium css-6xugel", 74155260075949383841988739551624744508, http://localhost:1800/
74155260075949383841988739551624744508, 250804075126493492387859450049616939076 -> button [<span class="MuiButton-startIcon MuiButton-iconSizeMedium css-6xugel", 127160582081441188044386928699274788277, http://localhost:1800/
127160582081441188044386928699274788277, 219733163451410318455394123142547989138 -> button [<span class="MuiButton-startIcon MuiButton-iconSizeMedium css-6xugel", 74155260075949383841988739551624744508, http://localhost:1800/
74155260075949383841988739551624744508, 250804075126493492387859450049616939076 -> button [<span class="MuiButton-startIcon MuiButton-iconSizeMedium css-6xugel", 127160582081441188044386928699274788277, http://localhost:1800/
127160582081441188044386928699274788277, 219733163451410318455394123142547989138 -> button [<span class="MuiButton-startIcon MuiButton-iconSizeMedium css-6xugel", 74155260075949383841988739551624744508, http://localhost:1800/
74155260075949383841988739551624744508, None, 74155260075949383841988739551624744508, http://localhost:1800/
74155260075949383841988739551624744508, None, 74155260075949383841988739551624744508, http://localhost:1800/
74155260075949383841988739551624744508, 131498267285019480364075027932691640882 -> a []{'href': '/subscribe?product=unlimited', 'style': 'color:unset'}, 74155260075949383841988739551624744508, http://localhost:1800/
74155260075949383841988739551624744508, 225735037228565691565436968406220070970 -> a [<span class="ti-check-box", 74155260075949383841988739551624744508, http://localhost:1800/
74155260075949383841988739551624744508, None, 74155260075949383841988739551624744508, http://localhost:1800/
74155260075949383841988739551624744508, None, 74155260075949383841988739551624744508, http://localhost:1800/
74155260075949383841988739551624744508, None, 74155260075949383841988739551624744508, http://localhost:1800/
74155260075949383841988739551624744508, 326260989328514412703228462752826086408 -> a ['contact us']{'href': 'mailto:support@retrospected.com'}, 74155260075949383841988739551624744508, http://localhost:1800/
74155260075949383841988739551624744508, None, 74155260075949383841988739551624744508, http://localhost:1800/
74155260075949383841988739551624744508, 243157659132187107739887812339775519703 -> a ['support@retrospected.com']{'href': 'mailto:support@retrospected.com'}, 74155260075949383841988739551624744508, http://localhost:1800/
74155260075949383841988739551624744508, None, 74155260075949383841988739551624744508, http://localhost:1800/
74155260075949383841988739551624744508, 53373681658003724634102248118776013108 -> button [<svg aria-hidden="true" class="MuiSvgIcon-root MuiSvgIcon-fontSizeMedium css-vubbuv" data-testid="MenuIcon" focusable="false" viewbox="0 0 24 24", 74155260075949383841988739551624744508, http://localhost:1800/
74155260075949383841988739551624744508, 300198562516559991688995112457008837502 -> button [<svg aria-hidden="true" class="MuiSvgIcon-root MuiSvgIcon-fontSizeMedium css-vubbuv" data-testid="HomeOutlinedIcon" focusable="false" viewbox="0 0 24 24", 74155260075949383841988739551624744508, http://localhost:1800/
74155260075949383841988739551624744508, 206324686320906789238065681504732455644 -> a [<ul class="list-unstyled text-sm mb-4 pricing-feature-list", 74155260075949383841988739551624744508, http://localhost:1800/
74155260075949383841988739551624744508, None, 74155260075949383841988739551624744508, http://localhost:1800/
74155260075949383841988739551624744508, None, 74155260075949383841988739551624744508, http://localhost:1800/
74155260075949383841988739551624744508, 326260989328514412703228462752826086408 -> a ['contact us']{'href': 'mailto:support@retrospected.com'}, 74155260075949383841988739551624744508, http://localhost:1800/
74155260075949383841988739551624744508, 77722075193502781211253785020892441640 -> a []{'href': '/login', 'style': 'color:unset'}, 74155260075949383841988739551624744508, http://localhost:1800/
74155260075949383841988739551624744508, 225735037228565691565436968406220070970 -> a [<span class="ti-check-box", 74155260075949383841988739551624744508, http://localhost:1800/
74155260075949383841988739551624744508, 53373681658003724634102248118776013108 -> button [<svg aria-hidden="true" class="MuiSvgIcon-root MuiSvgIcon-fontSizeMedium css-vubbuv" data-testid="MenuIcon" focusable="false" viewbox="0 0 24 24", 74155260075949383841988739551624744508, http://localhost:1800/
74155260075949383841988739551624744508, 182999676787019650696720490352237005627 -> a ['Privacy Policy']{'href': 'https://www.websitepolicies.com/policies/view/RdPWodZ5'}, 74155260075949383841988739551624744508, http://localhost:1800/
74155260075949383841988739551624744508, 238260590675663518801515527384327507336 -> a ['Contact us']{'href': 'mailto:support@retrospected.com'}, 74155260075949383841988739551624744508, http://localhost:1800/
74155260075949383841988739551624744508, None, 74155260075949383841988739551624744508, http://localhost:1800/
74155260075949383841988739551624744508, None, 74155260075949383841988739551624744508, http://localhost:1800/
74155260075949383841988739551624744508, None, 74155260075949383841988739551624744508, http://localhost:1800/
74155260075949383841988739551624744508, None, 74155260075949383841988739551624744508, http://localhost:1800/
74155260075949383841988739551624744508, None, 74155260075949383841988739551624744508, http://localhost:1800/
74155260075949383841988739551624744508, None, 74155260075949383841988739551624744508, http://localhost:1800/
74155260075949383841988739551624744508, None, 74155260075949383841988739551624744508, http://localhost:1800/
74155260075949383841988739551624744508, None, 74155260075949383841988739551624744508, http://localhost:1800/
74155260075949383841988739551624744508, None, 74155260075949383841988739551624744508, http://localhost:1800/
74155260075949383841988739551624744508, 198330988671355682266587899514732098117 -> a []{'href': '/subscribe?product=team', 'style': 'color:unset'}, 74155260075949383841988739551624744508, http://localhost:1800/
74155260075949383841988739551624744508, 131498267285019480364075027932691640882 -> a []{'href': '/subscribe?product=unlimited', 'style': 'color:unset'}, 74155260075949383841988739551624744508, http://localhost:1800/
74155260075949383841988739551624744508, None, 74155260075949383841988739551624744508, http://localhost:1800/
74155260075949383841988739551624744508, None, 74155260075949383841988739551624744508, http://localhost:1800/
74155260075949383841988739551624744508, None, 74155260075949383841988739551624744508, http://localhost:1800/
74155260075949383841988739551624744508, None, 74155260075949383841988739551624744508, http://localhost:1800/
74155260075949383841988739551624744508, None, 74155260075949383841988739551624744508, http://localhost:1800/
74155260075949383841988739551624744508, None, 74155260075949383841988739551624744508, http://localhost:1800/
74155260075949383841988739551624744508, 42781586748898556957319857378680623162 -> a []{'href': '/subscribe?product=self-hosted', 'style': 'color:unset'}, 74155260075949383841988739551624744508, http://localhost:1800/
74155260075949383841988739551624744508, 300198562516559991688995112457008837502 -> button [<svg aria-hidden="true" class="MuiSvgIcon-root MuiSvgIcon-fontSizeMedium css-vubbuv" data-testid="HomeOutlinedIcon" focusable="false" viewbox="0 0 24 24", 74155260075949383841988739551624744508, http://localhost:1800/
74155260075949383841988739551624744508, None, 74155260075949383841988739551624744508, http://localhost:1800/
74155260075949383841988739551624744508, 250804075126493492387859450049616939076 -> button [<span class="MuiButton-startIcon MuiButton-iconSizeMedium css-6xugel", 199222071360682078865197807318038347473, http://localhost:1800/
199222071360682078865197807318038347473, 205609482699170294916794736180661898124 -> a ['Not registered? Click here']{'data-cy': 'register'}, 338961504361008889755351455042736195397, http://localhost:1800/
338961504361008889755351455042736195397, 280511986802698933331613103471830861367 -> input []{'aria-invalid': 'false', 'id': ':r:', 'placeholder': 'E-mail', 'type': 'text'}, 338961504361008889755351455042736195397, http://localhost:1800/
338961504361008889755351455042736195397, 286131331950882731092650826751027803502 -> input []{'aria-invalid': 'false', 'id': ':r:', 'placeholder': 'Your name (for display purposes)', 'type': 'text'}, 338961504361008889755351455042736195397, http://localhost:1800/
338961504361008889755351455042736195397, 72213492005091298186666777082408397531 -> button ['Register']{'tabindex': '-', 'type': 'button', 'data-cy': 'register-button'}, 338961504361008889755351455042736195397, http://localhost:1800/
338961504361008889755351455042736195397, 286131331950882731092650826751027803502 -> input []{'aria-invalid': 'false', 'id': ':r:', 'placeholder': 'Your name (for display purposes)', 'type': 'text'}, 338961504361008889755351455042736195397, http://localhost:1800/
338961504361008889755351455042736195397, 72213492005091298186666777082408397531 -> button ['Register']{'tabindex': '-', 'type': 'button', 'data-cy': 'register-button'}, 338961504361008889755351455042736195397, http://localhost:1800/
338961504361008889755351455042736195397, 280511986802698933331613103471830861367 -> input []{'aria-invalid': 'false', 'id': ':r:', 'placeholder': 'E-mail', 'type': 'text'}, 338961504361008889755351455042736195397, http://localhost:1800/
74155260075949383841988739551624744508, None, 74155260075949383841988739551624744508, http://localhost:1800/
74155260075949383841988739551624744508, 250804075126493492387859450049616939076 -> button [<span class="MuiButton-startIcon MuiButton-iconSizeMedium css-6xugel", 199222071360682078865197807318038347473, http://localhost:1800/
199222071360682078865197807318038347473, 205609482699170294916794736180661898124 -> a ['Not registered? Click here']{'data-cy': 'register'}, 338961504361008889755351455042736195397, http://localhost:1800/
338961504361008889755351455042736195397, 72213492005091298186666777082408397531 -> button ['Register']{'tabindex': '-', 'type': 'button', 'data-cy': 'register-button'}, 338961504361008889755351455042736195397, http://localhost:1800/
338961504361008889755351455042736195397, 280511986802698933331613103471830861367 -> input []{'aria-invalid': 'false', 'id': ':r:', 'placeholder': 'E-mail', 'type': 'text'}, 338961504361008889755351455042736195397, http://localhost:1800/
338961504361008889755351455042736195397, 286131331950882731092650826751027803502 -> input []{'aria-invalid': 'false', 'id': ':r:', 'placeholder': 'Your name (for display purposes)', 'type': 'text'}, 338961504361008889755351455042736195397, http://localhost:1800/
338961504361008889755351455042736195397, 72213492005091298186666777082408397531 -> button ['Register']{'tabindex': '-', 'type': 'button', 'data-cy': 'register-button'}, 338961504361008889755351455042736195397, http://localhost:1800/
338961504361008889755351455042736195397, 280511986802698933331613103471830861367 -> input []{'aria-invalid': 'false', 'id': ':r:', 'placeholder': 'E-mail', 'type': 'text'}, 338961504361008889755351455042736195397, http://localhost:1800/
338961504361008889755351455042736195397, 280511986802698933331613103471830861367 -> input []{'aria-invalid': 'false', 'id': ':r:', 'placeholder': 'E-mail', 'type': 'text'}, 338961504361008889755351455042736195397, http://localhost:1800/
74155260075949383841988739551624744508, None, 74155260075949383841988739551624744508, http://localhost:1800/
74155260075949383841988739551624744508, 250804075126493492387859450049616939076 -> button [<span class="MuiButton-startIcon MuiButton-iconSizeMedium css-6xugel", 199222071360682078865197807318038347473, http://localhost:1800/
199222071360682078865197807318038347473, 112041686872988074733923345088035007295 -> input []{'aria-invalid': 'false', 'id': ':r:', 'placeholder': 'E-mail', 'type': 'email'}, 199222071360682078865197807318038347473, http://localhost:1800/
199222071360682078865197807318038347473, 110921656398700401751292788802731550350 -> button [<span class="MuiButton-startIcon MuiButton-iconSizeMedium css-6xugel", 74155260075949383841988739551624744508, http://localhost:1800/
74155260075949383841988739551624744508, 250804075126493492387859450049616939076 -> button [<span class="MuiButton-startIcon MuiButton-iconSizeMedium css-6xugel", 199222071360682078865197807318038347473, http://localhost:1800/
199222071360682078865197807318038347473, 14953418088132819273620858458932883397 -> input []{'aria-invalid': 'false', 'id': ':r:', 'placeholder': 'Password', 'type': 'password'}, 199222071360682078865197807318038347473, http://localhost:1800/
199222071360682078865197807318038347473, 294615786201985294666610207977138871781 -> button ['Login']{'tabindex': '-', 'type': 'button'}, 199222071360682078865197807318038347473, http://localhost:1800/
199222071360682078865197807318038347473, 226242277776335130695919162410538900289 -> button ['Anonymous Login', <span class="MuiTouchRipple-root css-w0pj6f", 199222071360682078865197807318038347473, http://localhost:1800/
74155260075949383841988739551624744508, None, 74155260075949383841988739551624744508, http://localhost:1800/
74155260075949383841988739551624744508, 250804075126493492387859450049616939076 -> button [<span class="MuiButton-startIcon MuiButton-iconSizeMedium css-6xugel", 199222071360682078865197807318038347473, http://localhost:1800/
199222071360682078865197807318038347473, 73700004092756364756793828762689282945 -> button ['Password', <span class="MuiTouchRipple-root css-w0pj6f", 199222071360682078865197807318038347473, http://localhost:1800/
199222071360682078865197807318038347473, 14953418088132819273620858458932883397 -> input []{'aria-invalid': 'false', 'id': ':r:', 'placeholder': 'Password', 'type': 'password'}, 338961504361008889755351455042736195397, http://localhost:1800/
338961504361008889755351455042736195397, 289164177021143186820808446715805194870 -> button ['Password', <span class="MuiTouchRipple-root css-w0pj6f", 338961504361008889755351455042736195397, http://localhost:1800/
338961504361008889755351455042736195397, 340046590028545618060195510495576073989 -> input []{'aria-invalid': 'false', 'id': ':r:', 'placeholder': 'Password', 'type': 'password', 'value': '%R&UyjIps'}, 338961504361008889755351455042736195397, http://localhost:1800/
338961504361008889755351455042736195397, 340046590028545618060195510495576073989 -> input []{'aria-invalid': 'false', 'id': ':r:', 'placeholder': 'Password', 'type': 'password', 'value': '%R&UyjIps'}, 199222071360682078865197807318038347473, http://localhost:1800/
199222071360682078865197807318038347473, 14953418088132819273620858458932883397 -> input []{'aria-invalid': 'false', 'id': ':r:', 'placeholder': 'Password', 'type': 'password'}, 199222071360682078865197807318038347473, http://localhost:1800/
199222071360682078865197807318038347473, 205609482699170294916794736180661898124 -> a ['Not registered? Click here']{'data-cy': 'register'}, 338961504361008889755351455042736195397, http://localhost:1800/
74155260075949383841988739551624744508, None, 74155260075949383841988739551624744508, http://localhost:1800/
74155260075949383841988739551624744508, 250804075126493492387859450049616939076 -> button [<span class="MuiButton-startIcon MuiButton-iconSizeMedium css-6xugel", 199222071360682078865197807318038347473, http://localhost:1800/
199222071360682078865197807318038347473, 205609482699170294916794736180661898124 -> a ['Not registered? Click here']{'data-cy': 'register'}, 338961504361008889755351455042736195397, http://localhost:1800/
338961504361008889755351455042736195397, 280511986802698933331613103471830861367 -> input []{'aria-invalid': 'false', 'id': ':r:', 'placeholder': 'E-mail', 'type': 'text'}, 338961504361008889755351455042736195397, http://localhost:1800/
338961504361008889755351455042736195397, 280511986802698933331613103471830861367 -> input []{'aria-invalid': 'false', 'id': ':r:', 'placeholder': 'E-mail', 'type': 'text'}, 338961504361008889755351455042736195397, http://localhost:1800/
338961504361008889755351455042736195397, 286131331950882731092650826751027803502 -> input []{'aria-invalid': 'false', 'id': ':r:', 'placeholder': 'Your name (for display purposes)', 'type': 'text'}, 338961504361008889755351455042736195397, http://localhost:1800/
338961504361008889755351455042736195397, 286131331950882731092650826751027803502 -> input []{'aria-invalid': 'false', 'id': ':r:', 'placeholder': 'Your name (for display purposes)', 'type': 'text'}, 338961504361008889755351455042736195397, http://localhost:1800/
338961504361008889755351455042736195397, 72213492005091298186666777082408397531 -> button ['Register']{'tabindex': '-', 'type': 'button', 'data-cy': 'register-button'}, 338961504361008889755351455042736195397, http://localhost:1800/
338961504361008889755351455042736195397, 280511986802698933331613103471830861367 -> input []{'aria-invalid': 'false', 'id': ':r:', 'placeholder': 'E-mail', 'type': 'text'}, 338961504361008889755351455042736195397, http://localhost:1800/
74155260075949383841988739551624744508, None, 74155260075949383841988739551624744508, http://localhost:1800/
74155260075949383841988739551624744508, None, 74155260075949383841988739551624744508, http://localhost:1800/
74155260075949383841988739551624744508, None, 74155260075949383841988739551624744508, http://localhost:1800/
74155260075949383841988739551624744508, None, 74155260075949383841988739551624744508, http://localhost:1800/
74155260075949383841988739551624744508, None, 74155260075949383841988739551624744508, http://localhost:1800/
74155260075949383841988739551624744508, 243157659132187107739887812339775519703 -> a ['support@retrospected.com']{'href': 'mailto:support@retrospected.com'}, 74155260075949383841988739551624744508, http://localhost:1800/
74155260075949383841988739551624744508, None, 74155260075949383841988739551624744508, http://localhost:1800/
74155260075949383841988739551624744508, None, 74155260075949383841988739551624744508, http://localhost:1800/
74155260075949383841988739551624744508, None, 74155260075949383841988739551624744508, http://localhost:1800/
74155260075949383841988739551624744508, None, 74155260075949383841988739551624744508, http://localhost:1800/
74155260075949383841988739551624744508, None, 74155260075949383841988739551624744508, http://localhost:1800/
74155260075949383841988739551624744508, None, 74155260075949383841988739551624744508, http://localhost:1800/
74155260075949383841988739551624744508, 198330988671355682266587899514732098117 -> a []{'href': '/subscribe?product=team', 'style': 'color:unset'}, 74155260075949383841988739551624744508, http://localhost:1800/
74155260075949383841988739551624744508, 326260989328514412703228462752826086408 -> a ['contact us']{'href': 'mailto:support@retrospected.com'}, 74155260075949383841988739551624744508, http://localhost:1800/
74155260075949383841988739551624744508, 42781586748898556957319857378680623162 -> a []{'href': '/subscribe?product=self-hosted', 'style': 'color:unset'}, 74155260075949383841988739551624744508, http://localhost:1800/
74155260075949383841988739551624744508, 300198562516559991688995112457008837502 -> button [<svg aria-hidden="true" class="MuiSvgIcon-root MuiSvgIcon-fontSizeMedium css-vubbuv" data-testid="HomeOutlinedIcon" focusable="false" viewbox="0 0 24 24", 74155260075949383841988739551624744508, http://localhost:1800/
74155260075949383841988739551624744508, None, 74155260075949383841988739551624744508, http://localhost:1800/
74155260075949383841988739551624744508, None, 74155260075949383841988739551624744508, http://localhost:1800/
74155260075949383841988739551624744508, None, 74155260075949383841988739551624744508, http://localhost:1800/
74155260075949383841988739551624744508, None, 74155260075949383841988739551624744508, http://localhost:1800/
74155260075949383841988739551624744508, None, 74155260075949383841988739551624744508, http://localhost:1800/
74155260075949383841988739551624744508, 243157659132187107739887812339775519703 -> a ['support@retrospected.com']{'href': 'mailto:support@retrospected.com'}, 74155260075949383841988739551624744508, http://localhost:1800/
74155260075949383841988739551624744508, None, 74155260075949383841988739551624744508, http://localhost:1800/
74155260075949383841988739551624744508, None, 74155260075949383841988739551624744508, http://localhost:1800/
74155260075949383841988739551624744508, None, 74155260075949383841988739551624744508, http://localhost:1800/
74155260075949383841988739551624744508, 53373681658003724634102248118776013108 -> button [<svg aria-hidden="true" class="MuiSvgIcon-root MuiSvgIcon-fontSizeMedium css-vubbuv" data-testid="MenuIcon" focusable="false" viewbox="0 0 24 24", 74155260075949383841988739551624744508, http://localhost:1800/
74155260075949383841988739551624744508, 225735037228565691565436968406220070970 -> a [<span class="ti-check-box", 74155260075949383841988739551624744508, http://localhost:1800/
74155260075949383841988739551624744508, None, 74155260075949383841988739551624744508, http://localhost:1800/
74155260075949383841988739551624744508, None, 74155260075949383841988739551624744508, http://localhost:1800/
74155260075949383841988739551624744508, None, 74155260075949383841988739551624744508, http://localhost:1800/
74155260075949383841988739551624744508, 77722075193502781211253785020892441640 -> a []{'href': '/login', 'style': 'color:unset'}, 74155260075949383841988739551624744508, http://localhost:1800/
74155260075949383841988739551624744508, 250804075126493492387859450049616939076 -> button [<span class="MuiButton-startIcon MuiButton-iconSizeMedium css-6xugel", 199222071360682078865197807318038347473, http://localhost:1800/
199222071360682078865197807318038347473, 226242277776335130695919162410538900289 -> button ['Anonymous Login', <span class="MuiTouchRipple-root css-w0pj6f", 74155260075949383841988739551624744508, http://localhost:1800/
74155260075949383841988739551624744508, 250804075126493492387859450049616939076 -> button [<span class="MuiButton-startIcon MuiButton-iconSizeMedium css-6xugel", 74155260075949383841988739551624744508, http://localhost:1800/
74155260075949383841988739551624744508, None, 74155260075949383841988739551624744508, http://localhost:1800/
74155260075949383841988739551624744508, None, 74155260075949383841988739551624744508, http://localhost:1800/
74155260075949383841988739551624744508, None, 74155260075949383841988739551624744508, http://localhost:1800/
74155260075949383841988739551624744508, 131498267285019480364075027932691640882 -> a []{'href': '/subscribe?product=unlimited', 'style': 'color:unset'}, 74155260075949383841988739551624744508, http://localhost:1800/
74155260075949383841988739551624744508, None, 74155260075949383841988739551624744508, http://localhost:1800/
74155260075949383841988739551624744508, 238260590675663518801515527384327507336 -> a ['Contact us']{'href': 'mailto:support@retrospected.com'}, 74155260075949383841988739551624744508, http://localhost:1800/
74155260075949383841988739551624744508, None, 74155260075949383841988739551624744508, http://localhost:1800/
74155260075949383841988739551624744508, None, 74155260075949383841988739551624744508, http://localhost:1800/
74155260075949383841988739551624744508, None, 74155260075949383841988739551624744508, http://localhost:1800/
74155260075949383841988739551624744508, None, 74155260075949383841988739551624744508, http://localhost:1800/
74155260075949383841988739551624744508, None, 74155260075949383841988739551624744508, http://localhost:1800/
74155260075949383841988739551624744508, 238260590675663518801515527384327507336 -> a ['Contact us']{'href': 'mailto:support@retrospected.com'}, 74155260075949383841988739551624744508, http://localhost:1800/
74155260075949383841988739551624744508, None, 74155260075949383841988739551624744508, http://localhost:1800/
74155260075949383841988739551624744508, None, 74155260075949383841988739551624744508, http://localhost:1800/
74155260075949383841988739551624744508, 243157659132187107739887812339775519703 -> a ['support@retrospected.com']{'href': 'mailto:support@retrospected.com'}, 74155260075949383841988739551624744508, http://localhost:1800/
74155260075949383841988739551624744508, None, 74155260075949383841988739551624744508, http://localhost:1800/
74155260075949383841988739551624744508, 300198562516559991688995112457008837502 -> button [<svg aria-hidden="true" class="MuiSvgIcon-root MuiSvgIcon-fontSizeMedium css-vubbuv" data-testid="HomeOutlinedIcon" focusable="false" viewbox="0 0 24 24", 74155260075949383841988739551624744508, http://localhost:1800/
74155260075949383841988739551624744508, None, 74155260075949383841988739551624744508, http://localhost:1800/
74155260075949383841988739551624744508, None, 74155260075949383841988739551624744508, http://localhost:1800/
74155260075949383841988739551624744508, None, 74155260075949383841988739551624744508, http://localhost:1800/
74155260075949383841988739551624744508, 225735037228565691565436968406220070970 -> a [<span class="ti-check-box", 74155260075949383841988739551624744508, http://localhost:1800/
74155260075949383841988739551624744508, None, 74155260075949383841988739551624744508, http://localhost:1800/
74155260075949383841988739551624744508, None, 74155260075949383841988739551624744508, http://localhost:1800/
74155260075949383841988739551624744508, None, 74155260075949383841988739551624744508, http://localhost:1800/
74155260075949383841988739551624744508, 77722075193502781211253785020892441640 -> a []{'href': '/login', 'style': 'color:unset'}, 74155260075949383841988739551624744508, http://localhost:1800/
74155260075949383841988739551624744508, None, 74155260075949383841988739551624744508, http://localhost:1800/
74155260075949383841988739551624744508, None, 74155260075949383841988739551624744508, http://localhost:1800/
74155260075949383841988739551624744508, None, 74155260075949383841988739551624744508, http://localhost:1800/
74155260075949383841988739551624744508, None, 74155260075949383841988739551624744508, http://localhost:1800/
74155260075949383841988739551624744508, None, 74155260075949383841988739551624744508, http://localhost:1800/
74155260075949383841988739551624744508, 250804075126493492387859450049616939076 -> button [<span class="MuiButton-startIcon MuiButton-iconSizeMedium css-6xugel", 199222071360682078865197807318038347473, http://localhost:1800/
199222071360682078865197807318038347473, 112041686872988074733923345088035007295 -> input []{'aria-invalid': 'false', 'id': ':r:', 'placeholder': 'E-mail', 'type': 'email'}, 199222071360682078865197807318038347473, http://localhost:1800/
199222071360682078865197807318038347473, 205609482699170294916794736180661898124 -> a ['Not registered? Click here']{'data-cy': 'register'}, 338961504361008889755351455042736195397, http://localhost:1800/
338961504361008889755351455042736195397, 286131331950882731092650826751027803502 -> input []{'aria-invalid': 'false', 'id': ':r:', 'placeholder': 'Your name (for display purposes)', 'type': 'text'}, 338961504361008889755351455042736195397, http://localhost:1800/
338961504361008889755351455042736195397, 280511986802698933331613103471830861367 -> input []{'aria-invalid': 'false', 'id': ':r:', 'placeholder': 'E-mail', 'type': 'text'}, 338961504361008889755351455042736195397, http://localhost:1800/
338961504361008889755351455042736195397, 72213492005091298186666777082408397531 -> button ['Register']{'tabindex': '-', 'type': 'button', 'data-cy': 'register-button'}, 338961504361008889755351455042736195397, http://localhost:1800/
338961504361008889755351455042736195397, 286131331950882731092650826751027803502 -> input []{'aria-invalid': 'false', 'id': ':r:', 'placeholder': 'Your name (for display purposes)', 'type': 'text'}, 338961504361008889755351455042736195397, http://localhost:1800/
338961504361008889755351455042736195397, 286131331950882731092650826751027803502 -> input []{'aria-invalid': 'false', 'id': ':r:', 'placeholder': 'Your name (for display purposes)', 'type': 'text'}, 338961504361008889755351455042736195397, http://localhost:1800/
74155260075949383841988739551624744508, None, 74155260075949383841988739551624744508, http://localhost:1800/
74155260075949383841988739551624744508, 250804075126493492387859450049616939076 -> button [<span class="MuiButton-startIcon MuiButton-iconSizeMedium css-6xugel", 199222071360682078865197807318038347473, http://localhost:1800/
199222071360682078865197807318038347473, 205609482699170294916794736180661898124 -> a ['Not registered? Click here']{'data-cy': 'register'}, 338961504361008889755351455042736195397, http://localhost:1800/
338961504361008889755351455042736195397, 72213492005091298186666777082408397531 -> button ['Register']{'tabindex': '-', 'type': 'button', 'data-cy': 'register-button'}, 338961504361008889755351455042736195397, http://localhost:1800/
338961504361008889755351455042736195397, 280511986802698933331613103471830861367 -> input []{'aria-invalid': 'false', 'id': ':r:', 'placeholder': 'E-mail', 'type': 'text'}, 338961504361008889755351455042736195397, http://localhost:1800/
338961504361008889755351455042736195397, 280511986802698933331613103471830861367 -> input []{'aria-invalid': 'false', 'id': ':r:', 'placeholder': 'E-mail', 'type': 'text'}, 338961504361008889755351455042736195397, http://localhost:1800/
338961504361008889755351455042736195397, 286131331950882731092650826751027803502 -> input []{'aria-invalid': 'false', 'id': ':r:', 'placeholder': 'Your name (for display purposes)', 'type': 'text'}, 338961504361008889755351455042736195397, http://localhost:1800/
338961504361008889755351455042736195397, 72213492005091298186666777082408397531 -> button ['Register']{'tabindex': '-', 'type': 'button', 'data-cy': 'register-button'}, 338961504361008889755351455042736195397, http://localhost:1800/
338961504361008889755351455042736195397, 280511986802698933331613103471830861367 -> input []{'aria-invalid': 'false', 'id': ':r:', 'placeholder': 'E-mail', 'type': 'text'}, 338961504361008889755351455042736195397, http://localhost:1800/
74155260075949383841988739551624744508, None, 74155260075949383841988739551624744508, http://localhost:1800/
74155260075949383841988739551624744508, 250804075126493492387859450049616939076 -> button [<span class="MuiButton-startIcon MuiButton-iconSizeMedium css-6xugel", 199222071360682078865197807318038347473, http://localhost:1800/
199222071360682078865197807318038347473, 226242277776335130695919162410538900289 -> button ['Anonymous Login', <span class="MuiTouchRipple-root css-w0pj6f", 74155260075949383841988739551624744508, http://localhost:1800/
74155260075949383841988739551624744508, 250804075126493492387859450049616939076 -> button [<span class="MuiButton-startIcon MuiButton-iconSizeMedium css-6xugel", 74155260075949383841988739551624744508, http://localhost:1800/
74155260075949383841988739551624744508, None, 74155260075949383841988739551624744508, http://localhost:1800/
74155260075949383841988739551624744508, 198330988671355682266587899514732098117 -> a []{'href': '/subscribe?product=team', 'style': 'color:unset'}, 74155260075949383841988739551624744508, http://localhost:1800/
74155260075949383841988739551624744508, None, 74155260075949383841988739551624744508, http://localhost:1800/
74155260075949383841988739551624744508, 326260989328514412703228462752826086408 -> a ['contact us']{'href': 'mailto:support@retrospected.com'}, 74155260075949383841988739551624744508, http://localhost:1800/
74155260075949383841988739551624744508, None, 74155260075949383841988739551624744508, http://localhost:1800/
74155260075949383841988739551624744508, None, 74155260075949383841988739551624744508, http://localhost:1800/
74155260075949383841988739551624744508, None, 74155260075949383841988739551624744508, http://localhost:1800/
74155260075949383841988739551624744508, 131498267285019480364075027932691640882 -> a []{'href': '/subscribe?product=unlimited', 'style': 'color:unset'}, 74155260075949383841988739551624744508, http://localhost:1800/
74155260075949383841988739551624744508, 42781586748898556957319857378680623162 -> a []{'href': '/subscribe?product=self-hosted', 'style': 'color:unset'}, 74155260075949383841988739551624744508, http://localhost:1800/
74155260075949383841988739551624744508, None, 74155260075949383841988739551624744508, http://localhost:1800/
74155260075949383841988739551624744508, 53373681658003724634102248118776013108 -> button [<svg aria-hidden="true" class="MuiSvgIcon-root MuiSvgIcon-fontSizeMedium css-vubbuv" data-testid="MenuIcon" focusable="false" viewbox="0 0 24 24", 74155260075949383841988739551624744508, http://localhost:1800/
74155260075949383841988739551624744508, 282212841185837970464880490913268752826 -> a [<ul class="list-unstyled text-sm mb-4 pricing-feature-list", 74155260075949383841988739551624744508, http://localhost:1800/
74155260075949383841988739551624744508, None, 74155260075949383841988739551624744508, http://localhost:1800/
74155260075949383841988739551624744508, 42781586748898556957319857378680623162 -> a []{'href': '/subscribe?product=self-hosted', 'style': 'color:unset'}, 74155260075949383841988739551624744508, http://localhost:1800/
74155260075949383841988739551624744508, None, 74155260075949383841988739551624744508, http://localhost:1800/
74155260075949383841988739551624744508, None, 74155260075949383841988739551624744508, http://localhost:1800/
74155260075949383841988739551624744508, None, 74155260075949383841988739551624744508, http://localhost:1800/
74155260075949383841988739551624744508, 53373681658003724634102248118776013108 -> button [<svg aria-hidden="true" class="MuiSvgIcon-root MuiSvgIcon-fontSizeMedium css-vubbuv" data-testid="MenuIcon" focusable="false" viewbox="0 0 24 24", 74155260075949383841988739551624744508, http://localhost:1800/
74155260075949383841988739551624744508, 243157659132187107739887812339775519703 -> a ['support@retrospected.com']{'href': 'mailto:support@retrospected.com'}, 74155260075949383841988739551624744508, http://localhost:1800/
74155260075949383841988739551624744508, 250804075126493492387859450049616939076 -> button [<span class="MuiButton-startIcon MuiButton-iconSizeMedium css-6xugel", 199222071360682078865197807318038347473, http://localhost:1800/
199222071360682078865197807318038347473, 112041686872988074733923345088035007295 -> input []{'aria-invalid': 'false', 'id': ':r:', 'placeholder': 'E-mail', 'type': 'email'}, 199222071360682078865197807318038347473, http://localhost:1800/
199222071360682078865197807318038347473, 73700004092756364756793828762689282945 -> button ['Password', <span class="MuiTouchRipple-root css-w0pj6f", 338961504361008889755351455042736195397, http://localhost:1800/
338961504361008889755351455042736195397, 296936088639223180258710383425473433272 -> input []{'aria-invalid': 'false', 'id': ':r:', 'placeholder': 'E-mail', 'type': 'email', 'value': 'elizabethmeyer@example.net'}, 338961504361008889755351455042736195397, http://localhost:1800/
338961504361008889755351455042736195397, 289164177021143186820808446715805194870 -> button ['Password', <span class="MuiTouchRipple-root css-w0pj6f", 338961504361008889755351455042736195397, http://localhost:1800/
338961504361008889755351455042736195397, 296936088639223180258710383425473433272 -> input []{'aria-invalid': 'false', 'id': ':r:', 'placeholder': 'E-mail', 'type': 'email', 'value': 'elizabethmeyer@example.net'}, 338961504361008889755351455042736195397, http://localhost:1800/
74155260075949383841988739551624744508, None, 74155260075949383841988739551624744508, http://localhost:1800/
74155260075949383841988739551624744508, 250804075126493492387859450049616939076 -> button [<span class="MuiButton-startIcon MuiButton-iconSizeMedium css-6xugel", 199222071360682078865197807318038347473, http://localhost:1800/
199222071360682078865197807318038347473, 73700004092756364756793828762689282945 -> button ['Password', <span class="MuiTouchRipple-root css-w0pj6f", 199222071360682078865197807318038347473, http://localhost:1800/
199222071360682078865197807318038347473, 205609482699170294916794736180661898124 -> a ['Not registered? Click here']{'data-cy': 'register'}, 338961504361008889755351455042736195397, http://localhost:1800/
338961504361008889755351455042736195397, 280511986802698933331613103471830861367 -> input []{'aria-invalid': 'false', 'id': ':r:', 'placeholder': 'E-mail', 'type': 'text'}, 338961504361008889755351455042736195397, http://localhost:1800/
338961504361008889755351455042736195397, 286131331950882731092650826751027803502 -> input []{'aria-invalid': 'false', 'id': ':r:', 'placeholder': 'Your name (for display purposes)', 'type': 'text'}, 338961504361008889755351455042736195397, http://localhost:1800/
338961504361008889755351455042736195397, 72213492005091298186666777082408397531 -> button ['Register']{'tabindex': '-', 'type': 'button', 'data-cy': 'register-button'}, 338961504361008889755351455042736195397, http://localhost:1800/
338961504361008889755351455042736195397, 280511986802698933331613103471830861367 -> input []{'aria-invalid': 'false', 'id': ':r:', 'placeholder': 'E-mail', 'type': 'text'}, 338961504361008889755351455042736195397, http://localhost:1800/
338961504361008889755351455042736195397, 286131331950882731092650826751027803502 -> input []{'aria-invalid': 'false', 'id': ':r:', 'placeholder': 'Your name (for display purposes)', 'type': 'text'}, 338961504361008889755351455042736195397, http://localhost:1800/
74155260075949383841988739551624744508, None, 74155260075949383841988739551624744508, http://localhost:1800/
74155260075949383841988739551624744508, 250804075126493492387859450049616939076 -> button [<span class="MuiButton-startIcon MuiButton-iconSizeMedium css-6xugel", 199222071360682078865197807318038347473, http://localhost:1800/
199222071360682078865197807318038347473, 205609482699170294916794736180661898124 -> a ['Not registered? Click here']{'data-cy': 'register'}, 338961504361008889755351455042736195397, http://localhost:1800/
338961504361008889755351455042736195397, 72213492005091298186666777082408397531 -> button ['Register']{'tabindex': '-', 'type': 'button', 'data-cy': 'register-button'}, 338961504361008889755351455042736195397, http://localhost:1800/
338961504361008889755351455042736195397, 72213492005091298186666777082408397531 -> button ['Register']{'tabindex': '-', 'type': 'button', 'data-cy': 'register-button'}, 338961504361008889755351455042736195397, http://localhost:1800/
338961504361008889755351455042736195397, 280511986802698933331613103471830861367 -> input []{'aria-invalid': 'false', 'id': ':r:', 'placeholder': 'E-mail', 'type': 'text'}, 338961504361008889755351455042736195397, http://localhost:1800/
338961504361008889755351455042736195397, 286131331950882731092650826751027803502 -> input []{'aria-invalid': 'false', 'id': ':r:', 'placeholder': 'Your name (for display purposes)', 'type': 'text'}, 338961504361008889755351455042736195397, http://localhost:1800/
338961504361008889755351455042736195397, 280511986802698933331613103471830861367 -> input []{'aria-invalid': 'false', 'id': ':r:', 'placeholder': 'E-mail', 'type': 'text'}, 338961504361008889755351455042736195397, http://localhost:1800/
338961504361008889755351455042736195397, 72213492005091298186666777082408397531 -> button ['Register']{'tabindex': '-', 'type': 'button', 'data-cy': 'register-button'}, 338961504361008889755351455042736195397, http://localhost:1800/
74155260075949383841988739551624744508, None, 74155260075949383841988739551624744508, http://localhost:1800/
74155260075949383841988739551624744508, 250804075126493492387859450049616939076 -> button [<span class="MuiButton-startIcon MuiButton-iconSizeMedium css-6xugel", 199222071360682078865197807318038347473, http://localhost:1800/
199222071360682078865197807318038347473, 294615786201985294666610207977138871781 -> button ['Login']{'tabindex': '-', 'type': 'button'}, 199222071360682078865197807318038347473, http://localhost:1800/
199222071360682078865197807318038347473, 131421141432614726532812569677343061752 -> a ['Forgot your password?']{'data-cy': 'forgot-password'}, 74155260075949383841988739551624744508, http://localhost:1800/
74155260075949383841988739551624744508, 250804075126493492387859450049616939076 -> button [<span class="MuiButton-startIcon MuiButton-iconSizeMedium css-6xugel", 74155260075949383841988739551624744508, http://localhost:1800/
74155260075949383841988739551624744508, None, 74155260075949383841988739551624744508, http://localhost:1800/
74155260075949383841988739551624744508, None, 74155260075949383841988739551624744508, http://localhost:1800/
74155260075949383841988739551624744508, None, 74155260075949383841988739551624744508, http://localhost:1800/
74155260075949383841988739551624744508, None, 74155260075949383841988739551624744508, http://localhost:1800/
74155260075949383841988739551624744508, None, 74155260075949383841988739551624744508, http://localhost:1800/
74155260075949383841988739551624744508, 131498267285019480364075027932691640882 -> a []{'href': '/subscribe?product=unlimited', 'style': 'color:unset'}, 74155260075949383841988739551624744508, http://localhost:1800/
74155260075949383841988739551624744508, 300198562516559991688995112457008837502 -> button [<svg aria-hidden="true" class="MuiSvgIcon-root MuiSvgIcon-fontSizeMedium css-vubbuv" data-testid="HomeOutlinedIcon" focusable="false" viewbox="0 0 24 24", 74155260075949383841988739551624744508, http://localhost:1800/
74155260075949383841988739551624744508, None, 74155260075949383841988739551624744508, http://localhost:1800/
74155260075949383841988739551624744508, 198330988671355682266587899514732098117 -> a []{'href': '/subscribe?product=team', 'style': 'color:unset'}, 74155260075949383841988739551624744508, http://localhost:1800/
74155260075949383841988739551624744508, 225735037228565691565436968406220070970 -> a [<span class="ti-check-box", 74155260075949383841988739551624744508, http://localhost:1800/
74155260075949383841988739551624744508, None, 74155260075949383841988739551624744508, http://localhost:1800/
74155260075949383841988739551624744508, None, 74155260075949383841988739551624744508, http://localhost:1800/
74155260075949383841988739551624744508, None, 74155260075949383841988739551624744508, http://localhost:1800/
74155260075949383841988739551624744508, None, 74155260075949383841988739551624744508, http://localhost:1800/
74155260075949383841988739551624744508, None, 74155260075949383841988739551624744508, http://localhost:1800/
74155260075949383841988739551624744508, None, 74155260075949383841988739551624744508, http://localhost:1800/
74155260075949383841988739551624744508, 77722075193502781211253785020892441640 -> a []{'href': '/login', 'style': 'color:unset'}, 74155260075949383841988739551624744508, http://localhost:1800/
74155260075949383841988739551624744508, None, 74155260075949383841988739551624744508, http://localhost:1800/
74155260075949383841988739551624744508, None, 74155260075949383841988739551624744508, http://localhost:1800/
74155260075949383841988739551624744508, 326260989328514412703228462752826086408 -> a ['contact us']{'href': 'mailto:support@retrospected.com'}, 74155260075949383841988739551624744508, http://localhost:1800/
74155260075949383841988739551624744508, 238260590675663518801515527384327507336 -> a ['Contact us']{'href': 'mailto:support@retrospected.com'}, 74155260075949383841988739551624744508, http://localhost:1800/
74155260075949383841988739551624744508, None, 74155260075949383841988739551624744508, http://localhost:1800/
74155260075949383841988739551624744508, None, 74155260075949383841988739551624744508, http://localhost:1800/
74155260075949383841988739551624744508, None, 74155260075949383841988739551624744508, http://localhost:1800/
74155260075949383841988739551624744508, None, 74155260075949383841988739551624744508, http://localhost:1800/
74155260075949383841988739551624744508, None, 74155260075949383841988739551624744508, http://localhost:1800/
74155260075949383841988739551624744508, None, 74155260075949383841988739551624744508, http://localhost:1800/
74155260075949383841988739551624744508, None, 74155260075949383841988739551624744508, http://localhost:1800/
74155260075949383841988739551624744508, 53373681658003724634102248118776013108 -> button [<svg aria-hidden="true" class="MuiSvgIcon-root MuiSvgIcon-fontSizeMedium css-vubbuv" data-testid="MenuIcon" focusable="false" viewbox="0 0 24 24", 74155260075949383841988739551624744508, http://localhost:1800/
74155260075949383841988739551624744508, 238260590675663518801515527384327507336 -> a ['Contact us']{'href': 'mailto:support@retrospected.com'}, 74155260075949383841988739551624744508, http://localhost:1800/
74155260075949383841988739551624744508, None, 74155260075949383841988739551624744508, http://localhost:1800/
74155260075949383841988739551624744508, None, 74155260075949383841988739551624744508, http://localhost:1800/
74155260075949383841988739551624744508, None, 74155260075949383841988739551624744508, http://localhost:1800/
74155260075949383841988739551624744508, None, 74155260075949383841988739551624744508, http://localhost:1800/
74155260075949383841988739551624744508, 77722075193502781211253785020892441640 -> a []{'href': '/login', 'style': 'color:unset'}, 74155260075949383841988739551624744508, http://localhost:1800/
74155260075949383841988739551624744508, None, 74155260075949383841988739551624744508, http://localhost:1800/
74155260075949383841988739551624744508, 300198562516559991688995112457008837502 -> button [<svg aria-hidden="true" class="MuiSvgIcon-root MuiSvgIcon-fontSizeMedium css-vubbuv" data-testid="HomeOutlinedIcon" focusable="false" viewbox="0 0 24 24", 74155260075949383841988739551624744508, http://localhost:1800/
74155260075949383841988739551624744508, None, 74155260075949383841988739551624744508, http://localhost:1800/
74155260075949383841988739551624744508, None, 74155260075949383841988739551624744508, http://localhost:1800/
74155260075949383841988739551624744508, None, 74155260075949383841988739551624744508, http://localhost:1800/
74155260075949383841988739551624744508, None, 74155260075949383841988739551624744508, http://localhost:1800/
74155260075949383841988739551624744508, 326260989328514412703228462752826086408 -> a ['contact us']{'href': 'mailto:support@retrospected.com'}, 74155260075949383841988739551624744508, http://localhost:1800/
74155260075949383841988739551624744508, None, 74155260075949383841988739551624744508, http://localhost:1800/
74155260075949383841988739551624744508, None, 74155260075949383841988739551624744508, http://localhost:1800/
74155260075949383841988739551624744508, 250804075126493492387859450049616939076 -> button [<span class="MuiButton-startIcon MuiButton-iconSizeMedium css-6xugel", 199222071360682078865197807318038347473, http://localhost:1800/
199222071360682078865197807318038347473, 110921656398700401751292788802731550350 -> button [<span class="MuiButton-startIcon MuiButton-iconSizeMedium css-6xugel", 74155260075949383841988739551624744508, http://localhost:1800/
74155260075949383841988739551624744508, 250804075126493492387859450049616939076 -> button [<span class="MuiButton-startIcon MuiButton-iconSizeMedium css-6xugel", 127160582081441188044386928699274788277, http://localhost:1800/
127160582081441188044386928699274788277, 219733163451410318455394123142547989138 -> button [<span class="MuiButton-startIcon MuiButton-iconSizeMedium css-6xugel", 74155260075949383841988739551624744508, http://localhost:1800/
74155260075949383841988739551624744508, 250804075126493492387859450049616939076 -> button [<span class="MuiButton-startIcon MuiButton-iconSizeMedium css-6xugel", 199222071360682078865197807318038347473, http://localhost:1800/
199222071360682078865197807318038347473, 294615786201985294666610207977138871781 -> button ['Login']{'tabindex': '-', 'type': 'button'}, 199222071360682078865197807318038347473, http://localhost:1800/
199222071360682078865197807318038347473, 73700004092756364756793828762689282945 -> button ['Password', <span class="MuiTouchRipple-root css-w0pj6f", 199222071360682078865197807318038347473, http://localhost:1800/
199222071360682078865197807318038347473, 131421141432614726532812569677343061752 -> a ['Forgot your password?']{'data-cy': 'forgot-password'}, 199222071360682078865197807318038347473, http://localhost:1800/
74155260075949383841988739551624744508, None, 74155260075949383841988739551624744508, http://localhost:1800/
74155260075949383841988739551624744508, 250804075126493492387859450049616939076 -> button [<span class="MuiButton-startIcon MuiButton-iconSizeMedium css-6xugel", 199222071360682078865197807318038347473, http://localhost:1800/
199222071360682078865197807318038347473, 14953418088132819273620858458932883397 -> input []{'aria-invalid': 'false', 'id': ':r:', 'placeholder': 'Password', 'type': 'password'}, 199222071360682078865197807318038347473, http://localhost:1800/
199222071360682078865197807318038347473, 112041686872988074733923345088035007295 -> input []{'aria-invalid': 'false', 'id': ':r:', 'placeholder': 'E-mail', 'type': 'email'}, 199222071360682078865197807318038347473, http://localhost:1800/
199222071360682078865197807318038347473, 226242277776335130695919162410538900289 -> button ['Anonymous Login', <span class="MuiTouchRipple-root css-w0pj6f", 74155260075949383841988739551624744508, http://localhost:1800/
74155260075949383841988739551624744508, 250804075126493492387859450049616939076 -> button [<span class="MuiButton-startIcon MuiButton-iconSizeMedium css-6xugel", 74155260075949383841988739551624744508, http://localhost:1800/
74155260075949383841988739551624744508, 42781586748898556957319857378680623162 -> a []{'href': '/subscribe?product=self-hosted', 'style': 'color:unset'}, 74155260075949383841988739551624744508, http://localhost:1800/
74155260075949383841988739551624744508, None, 74155260075949383841988739551624744508, http://localhost:1800/
74155260075949383841988739551624744508, None, 74155260075949383841988739551624744508, http://localhost:1800/
74155260075949383841988739551624744508, 198330988671355682266587899514732098117 -> a []{'href': '/subscribe?product=team', 'style': 'color:unset'}, 74155260075949383841988739551624744508, http://localhost:1800/
74155260075949383841988739551624744508, 243157659132187107739887812339775519703 -> a ['support@retrospected.com']{'href': 'mailto:support@retrospected.com'}, 74155260075949383841988739551624744508, http://localhost:1800/
74155260075949383841988739551624744508, None, 74155260075949383841988739551624744508, http://localhost:1800/
74155260075949383841988739551624744508, 131498267285019480364075027932691640882 -> a []{'href': '/subscribe?product=unlimited', 'style': 'color:unset'}, 74155260075949383841988739551624744508, http://localhost:1800/
74155260075949383841988739551624744508, None, 74155260075949383841988739551624744508, http://localhost:1800/
74155260075949383841988739551624744508, 225735037228565691565436968406220070970 -> a [<span class="ti-check-box", 74155260075949383841988739551624744508, http://localhost:1800/
74155260075949383841988739551624744508, None, 74155260075949383841988739551624744508, http://localhost:1800/
74155260075949383841988739551624744508, None, 74155260075949383841988739551624744508, http://localhost:1800/
74155260075949383841988739551624744508, None, 74155260075949383841988739551624744508, http://localhost:1800/
74155260075949383841988739551624744508, None, 74155260075949383841988739551624744508, http://localhost:1800/
74155260075949383841988739551624744508, None, 74155260075949383841988739551624744508, http://localhost:1800/
74155260075949383841988739551624744508, None, 74155260075949383841988739551624744508, http://localhost:1800/
74155260075949383841988739551624744508, None, 74155260075949383841988739551624744508, http://localhost:1800/
74155260075949383841988739551624744508, None, 74155260075949383841988739551624744508, http://localhost:1800/
74155260075949383841988739551624744508, None, 74155260075949383841988739551624744508, http://localhost:1800/
74155260075949383841988739551624744508, None, 74155260075949383841988739551624744508, http://localhost:1800/
74155260075949383841988739551624744508, 250804075126493492387859450049616939076 -> button [<span class="MuiButton-startIcon MuiButton-iconSizeMedium css-6xugel", 199222071360682078865197807318038347473, http://localhost:1800/
199222071360682078865197807318038347473, 205609482699170294916794736180661898124 -> a ['Not registered? Click here']{'data-cy': 'register'}, 338961504361008889755351455042736195397, http://localhost:1800/
338961504361008889755351455042736195397, 72213492005091298186666777082408397531 -> button ['Register']{'tabindex': '-', 'type': 'button', 'data-cy': 'register-button'}, 338961504361008889755351455042736195397, http://localhost:1800/
338961504361008889755351455042736195397, 280511986802698933331613103471830861367 -> input []{'aria-invalid': 'false', 'id': ':r:', 'placeholder': 'E-mail', 'type': 'text'}, 338961504361008889755351455042736195397, http://localhost:1800/
338961504361008889755351455042736195397, 286131331950882731092650826751027803502 -> input []{'aria-invalid': 'false', 'id': ':r:', 'placeholder': 'Your name (for display purposes)', 'type': 'text'}, 338961504361008889755351455042736195397, http://localhost:1800/
338961504361008889755351455042736195397, 72213492005091298186666777082408397531 -> button ['Register']{'tabindex': '-', 'type': 'button', 'data-cy': 'register-button'}, 338961504361008889755351455042736195397, http://localhost:1800/
338961504361008889755351455042736195397, 280511986802698933331613103471830861367 -> input []{'aria-invalid': 'false', 'id': ':r:', 'placeholder': 'E-mail', 'type': 'text'}, 338961504361008889755351455042736195397, http://localhost:1800/
338961504361008889755351455042736195397, 280511986802698933331613103471830861367 -> input []{'aria-invalid': 'false', 'id': ':r:', 'placeholder': 'E-mail', 'type': 'text'}, 338961504361008889755351455042736195397, http://localhost:1800/
74155260075949383841988739551624744508, None, 74155260075949383841988739551624744508, http://localhost:1800/
74155260075949383841988739551624744508, 250804075126493492387859450049616939076 -> button [<span class="MuiButton-startIcon MuiButton-iconSizeMedium css-6xugel", 199222071360682078865197807318038347473, http://localhost:1800/
199222071360682078865197807318038347473, 205609482699170294916794736180661898124 -> a ['Not registered? Click here']{'data-cy': 'register'}, 338961504361008889755351455042736195397, http://localhost:1800/
338961504361008889755351455042736195397, 286131331950882731092650826751027803502 -> input []{'aria-invalid': 'false', 'id': ':r:', 'placeholder': 'Your name (for display purposes)', 'type': 'text'}, 338961504361008889755351455042736195397, http://localhost:1800/
338961504361008889755351455042736195397, 72213492005091298186666777082408397531 -> button ['Register']{'tabindex': '-', 'type': 'button', 'data-cy': 'register-button'}, 338961504361008889755351455042736195397, http://localhost:1800/
338961504361008889755351455042736195397, 286131331950882731092650826751027803502 -> input []{'aria-invalid': 'false', 'id': ':r:', 'placeholder': 'Your name (for display purposes)', 'type': 'text'}, 338961504361008889755351455042736195397, http://localhost:1800/
338961504361008889755351455042736195397, 280511986802698933331613103471830861367 -> input []{'aria-invalid': 'false', 'id': ':r:', 'placeholder': 'E-mail', 'type': 'text'}, 338961504361008889755351455042736195397, http://localhost:1800/
338961504361008889755351455042736195397, 286131331950882731092650826751027803502 -> input []{'aria-invalid': 'false', 'id': ':r:', 'placeholder': 'Your name (for display purposes)', 'type': 'text'}, 338961504361008889755351455042736195397, http://localhost:1800/
338961504361008889755351455042736195397, 286131331950882731092650826751027803502 -> input []{'aria-invalid': 'false', 'id': ':r:', 'placeholder': 'Your name (for display purposes)', 'type': 'text'}, 338961504361008889755351455042736195397, http://localhost:1800/
74155260075949383841988739551624744508, None, 74155260075949383841988739551624744508, http://localhost:1800/
74155260075949383841988739551624744508, 250804075126493492387859450049616939076 -> button [<span class="MuiButton-startIcon MuiButton-iconSizeMedium css-6xugel", 199222071360682078865197807318038347473, http://localhost:1800/
199222071360682078865197807318038347473, 131421141432614726532812569677343061752 -> a ['Forgot your password?']{'data-cy': 'forgot-password'}, 74155260075949383841988739551624744508, http://localhost:1800/
74155260075949383841988739551624744508, 250804075126493492387859450049616939076 -> button [<span class="MuiButton-startIcon MuiButton-iconSizeMedium css-6xugel", 74155260075949383841988739551624744508, http://localhost:1800/
74155260075949383841988739551624744508, None, 74155260075949383841988739551624744508, http://localhost:1800/
74155260075949383841988739551624744508, 77722075193502781211253785020892441640 -> a []{'href': '/login', 'style': 'color:unset'}, 74155260075949383841988739551624744508, http://localhost:1800/
74155260075949383841988739551624744508, None, 74155260075949383841988739551624744508, http://localhost:1800/
74155260075949383841988739551624744508, None, 74155260075949383841988739551624744508, http://localhost:1800/
74155260075949383841988739551624744508, None, 74155260075949383841988739551624744508, http://localhost:1800/
74155260075949383841988739551624744508, 243157659132187107739887812339775519703 -> a ['support@retrospected.com']{'href': 'mailto:support@retrospected.com'}, 74155260075949383841988739551624744508, http://localhost:1800/
74155260075949383841988739551624744508, None, 74155260075949383841988739551624744508, http://localhost:1800/
74155260075949383841988739551624744508, None, 74155260075949383841988739551624744508, http://localhost:1800/
74155260075949383841988739551624744508, None, 74155260075949383841988739551624744508, http://localhost:1800/
74155260075949383841988739551624744508, 326260989328514412703228462752826086408 -> a ['contact us']{'href': 'mailto:support@retrospected.com'}, 74155260075949383841988739551624744508, http://localhost:1800/
74155260075949383841988739551624744508, None, 74155260075949383841988739551624744508, http://localhost:1800/
74155260075949383841988739551624744508, None, 74155260075949383841988739551624744508, http://localhost:1800/
74155260075949383841988739551624744508, 225735037228565691565436968406220070970 -> a [<span class="ti-check-box", 74155260075949383841988739551624744508, http://localhost:1800/
74155260075949383841988739551624744508, None, 74155260075949383841988739551624744508, http://localhost:1800/
74155260075949383841988739551624744508, None, 74155260075949383841988739551624744508, http://localhost:1800/
74155260075949383841988739551624744508, None, 74155260075949383841988739551624744508, http://localhost:1800/
74155260075949383841988739551624744508, None, 74155260075949383841988739551624744508, http://localhost:1800/
74155260075949383841988739551624744508, 198330988671355682266587899514732098117 -> a []{'href': '/subscribe?product=team', 'style': 'color:unset'}, 74155260075949383841988739551624744508, http://localhost:1800/
74155260075949383841988739551624744508, None, 74155260075949383841988739551624744508, http://localhost:1800/
74155260075949383841988739551624744508, None, 74155260075949383841988739551624744508, http://localhost:1800/
74155260075949383841988739551624744508, 300198562516559991688995112457008837502 -> button [<svg aria-hidden="true" class="MuiSvgIcon-root MuiSvgIcon-fontSizeMedium css-vubbuv" data-testid="HomeOutlinedIcon" focusable="false" viewbox="0 0 24 24", 74155260075949383841988739551624744508, http://localhost:1800/
74155260075949383841988739551624744508, 42781586748898556957319857378680623162 -> a []{'href': '/subscribe?product=self-hosted', 'style': 'color:unset'}, 74155260075949383841988739551624744508, http://localhost:1800/
74155260075949383841988739551624744508, None, 74155260075949383841988739551624744508, http://localhost:1800/
74155260075949383841988739551624744508, None, 74155260075949383841988739551624744508, http://localhost:1800/
74155260075949383841988739551624744508, None, 74155260075949383841988739551624744508, http://localhost:1800/
74155260075949383841988739551624744508, 131498267285019480364075027932691640882 -> a []{'href': '/subscribe?product=unlimited', 'style': 'color:unset'}, 74155260075949383841988739551624744508, http://localhost:1800/
74155260075949383841988739551624744508, None, 74155260075949383841988739551624744508, http://localhost:1800/
74155260075949383841988739551624744508, None, 74155260075949383841988739551624744508, http://localhost:1800/
74155260075949383841988739551624744508, 238260590675663518801515527384327507336 -> a ['Contact us']{'href': 'mailto:support@retrospected.com'}, 74155260075949383841988739551624744508, http://localhost:1800/
74155260075949383841988739551624744508, 53373681658003724634102248118776013108 -> button [<svg aria-hidden="true" class="MuiSvgIcon-root MuiSvgIcon-fontSizeMedium css-vubbuv" data-testid="MenuIcon" focusable="false" viewbox="0 0 24 24", 74155260075949383841988739551624744508, http://localhost:1800/
74155260075949383841988739551624744508, 293925269000856562923712274322206007921 -> a ['Cookies Policy']{'href': 'https://www.websitepolicies.com/policies/view/RD8jnvGt'}, 204915169218331975551520243433497277587, http://localhost:1800/disclaimer
204915169218331975551520243433497277587, 13303824830706276500847015170009004030 -> button [<svg aria-hidden="true" class="MuiSvgIcon-root MuiSvgIcon-fontSizeMedium css-vubbuv" data-testid="MenuIcon" focusable="false" viewbox="0 0 24 24", 204915169218331975551520243433497277587, http://localhost:1800/disclaimer
204915169218331975551520243433497277587, 297889594890248369571902266969959834587 -> a ['Disclaimer']{'href': '/disclaimer'}, 204915169218331975551520243433497277587, http://localhost:1800/disclaimer
74155260075949383841988739551624744508, None, 74155260075949383841988739551624744508, http://localhost:1800/
74155260075949383841988739551624744508, None, 74155260075949383841988739551624744508, http://localhost:1800/
74155260075949383841988739551624744508, None, 74155260075949383841988739551624744508, http://localhost:1800/
74155260075949383841988739551624744508, None, 74155260075949383841988739551624744508, http://localhost:1800/
74155260075949383841988739551624744508, 131498267285019480364075027932691640882 -> a []{'href': '/subscribe?product=unlimited', 'style': 'color:unset'}, 74155260075949383841988739551624744508, http://localhost:1800/
74155260075949383841988739551624744508, None, 74155260075949383841988739551624744508, http://localhost:1800/
74155260075949383841988739551624744508, 326260989328514412703228462752826086408 -> a ['contact us']{'href': 'mailto:support@retrospected.com'}, 74155260075949383841988739551624744508, http://localhost:1800/
74155260075949383841988739551624744508, None, 74155260075949383841988739551624744508, http://localhost:1800/
74155260075949383841988739551624744508, 238260590675663518801515527384327507336 -> a ['Contact us']{'href': 'mailto:support@retrospected.com'}, 74155260075949383841988739551624744508, http://localhost:1800/
74155260075949383841988739551624744508, None, 74155260075949383841988739551624744508, http://localhost:1800/
74155260075949383841988739551624744508, None, 74155260075949383841988739551624744508, http://localhost:1800/
74155260075949383841988739551624744508, 243157659132187107739887812339775519703 -> a ['support@retrospected.com']{'href': 'mailto:support@retrospected.com'}, 74155260075949383841988739551624744508, http://localhost:1800/
74155260075949383841988739551624744508, None, 74155260075949383841988739551624744508, http://localhost:1800/
74155260075949383841988739551624744508, 77722075193502781211253785020892441640 -> a []{'href': '/login', 'style': 'color:unset'}, 74155260075949383841988739551624744508, http://localhost:1800/
74155260075949383841988739551624744508, None, 74155260075949383841988739551624744508, http://localhost:1800/
74155260075949383841988739551624744508, None, 74155260075949383841988739551624744508, http://localhost:1800/
74155260075949383841988739551624744508, 250804075126493492387859450049616939076 -> button [<span class="MuiButton-startIcon MuiButton-iconSizeMedium css-6xugel", 199222071360682078865197807318038347473, http://localhost:1800/
199222071360682078865197807318038347473, 110921656398700401751292788802731550350 -> button [<span class="MuiButton-startIcon MuiButton-iconSizeMedium css-6xugel", 74155260075949383841988739551624744508, http://localhost:1800/
74155260075949383841988739551624744508, 250804075126493492387859450049616939076 -> button [<span class="MuiButton-startIcon MuiButton-iconSizeMedium css-6xugel", 127160582081441188044386928699274788277, http://localhost:1800/
127160582081441188044386928699274788277, 219733163451410318455394123142547989138 -> button [<span class="MuiButton-startIcon MuiButton-iconSizeMedium css-6xugel", 74155260075949383841988739551624744508, http://localhost:1800/
74155260075949383841988739551624744508, 250804075126493492387859450049616939076 -> button [<span class="MuiButton-startIcon MuiButton-iconSizeMedium css-6xugel", 127160582081441188044386928699274788277, http://localhost:1800/
127160582081441188044386928699274788277, 219733163451410318455394123142547989138 -> button [<span class="MuiButton-startIcon MuiButton-iconSizeMedium css-6xugel", 74155260075949383841988739551624744508, http://localhost:1800/
74155260075949383841988739551624744508, None, 74155260075949383841988739551624744508, http://localhost:1800/
74155260075949383841988739551624744508, 42781586748898556957319857378680623162 -> a []{'href': '/subscribe?product=self-hosted', 'style': 'color:unset'}, 74155260075949383841988739551624744508, http://localhost:1800/
74155260075949383841988739551624744508, None, 74155260075949383841988739551624744508, http://localhost:1800/
74155260075949383841988739551624744508, None, 74155260075949383841988739551624744508, http://localhost:1800/
74155260075949383841988739551624744508, None, 74155260075949383841988739551624744508, http://localhost:1800/
