85558333149760440595380714538500831080, None, 85558333149760440595380714538500831080, http://localhost:1800/
85558333149760440595380714538500831080, None, 85558333149760440595380714538500831080, http://localhost:1800/
85558333149760440595380714538500831080, 131498267285019480364075027932691640882 -> a []{'href': '/subscribe?product=unlimited', 'style': 'color:unset'}, 85558333149760440595380714538500831080, http://localhost:1800/
85558333149760440595380714538500831080, None, 85558333149760440595380714538500831080, http://localhost:1800/
85558333149760440595380714538500831080, None, 85558333149760440595380714538500831080, http://localhost:1800/
85558333149760440595380714538500831080, None, 85558333149760440595380714538500831080, http://localhost:1800/
85558333149760440595380714538500831080, None, 85558333149760440595380714538500831080, http://localhost:1800/
85558333149760440595380714538500831080, 326260989328514412703228462752826086408 -> a ['contact us']{'href': 'mailto:support@retrospected.com'}, 85558333149760440595380714538500831080, http://localhost:1800/
85558333149760440595380714538500831080, 300198562516559991688995112457008837502 -> button [<svg aria-hidden="true" class="MuiSvgIcon-root MuiSvgIcon-fontSizeMedium css-vubbuv" data-testid="HomeOutlinedIcon" focusable="false" viewbox="0 0 24 24", 85558333149760440595380714538500831080, http://localhost:1800/
85558333149760440595380714538500831080, None, 85558333149760440595380714538500831080, http://localhost:1800/
85558333149760440595380714538500831080, 243157659132187107739887812339775519703 -> a ['support@retrospected.com']{'href': 'mailto:support@retrospected.com'}, 85558333149760440595380714538500831080, http://localhost:1800/
85558333149760440595380714538500831080, 42781586748898556957319857378680623162 -> a []{'href': '/subscribe?product=self-hosted', 'style': 'color:unset'}, 85558333149760440595380714538500831080, http://localhost:1800/
85558333149760440595380714538500831080, None, 85558333149760440595380714538500831080, http://localhost:1800/
85558333149760440595380714538500831080, None, 85558333149760440595380714538500831080, http://localhost:1800/
85558333149760440595380714538500831080, None, 85558333149760440595380714538500831080, http://localhost:1800/
85558333149760440595380714538500831080, None, 85558333149760440595380714538500831080, http://localhost:1800/
85558333149760440595380714538500831080, 225735037228565691565436968406220070970 -> a [<span class="ti-check-box", 85558333149760440595380714538500831080, http://localhost:1800/
85558333149760440595380714538500831080, 77722075193502781211253785020892441640 -> a []{'href': '/login', 'style': 'color:unset'}, 85558333149760440595380714538500831080, http://localhost:1800/
85558333149760440595380714538500831080, 250804075126493492387859450049616939076 -> button [<span class="MuiButton-startIcon MuiButton-iconSizeMedium css-6xugel", 85558333149760440595380714538500831080, http://localhost:1800/
85558333149760440595380714538500831080, 238260590675663518801515527384327507336 -> a ['Contact us']{'href': 'mailto:support@retrospected.com'}, 85558333149760440595380714538500831080, http://localhost:1800/
85558333149760440595380714538500831080, 206135397846945457121200555401346790746 -> a ['Acceptable Use Policy']{'href': 'https://www.websitepolicies.com/policies/view/fbk00C8V'}, 85558333149760440595380714538500831080, http://localhost:1800/
85558333149760440595380714538500831080, 322294491624679672579461493340971535867 -> a ['Accounts Federation']{'href': '#'}, 85558333149760440595380714538500831080, http://localhost:1800/
85558333149760440595380714538500831080, 151312296811148032693866043478427454199 -> a [<span class="ti-wand", 85558333149760440595380714538500831080, http://localhost:1800/
85558333149760440595380714538500831080, 300890322751636477285278448624599460691 -> a ['Login']{'href': '/login'}, 85558333149760440595380714538500831080, http://localhost:1800/
85558333149760440595380714538500831080, None, 85558333149760440595380714538500831080, http://localhost:1800/
85558333149760440595380714538500831080, None, 85558333149760440595380714538500831080, http://localhost:1800/
85558333149760440595380714538500831080, 198330988671355682266587899514732098117 -> a []{'href': '/subscribe?product=team', 'style': 'color:unset'}, 85558333149760440595380714538500831080, http://localhost:1800/
85558333149760440595380714538500831080, None, 85558333149760440595380714538500831080, http://localhost:1800/
85558333149760440595380714538500831080, None, 85558333149760440595380714538500831080, http://localhost:1800/
85558333149760440595380714538500831080, None, 85558333149760440595380714538500831080, http://localhost:1800/
85558333149760440595380714538500831080, None, 85558333149760440595380714538500831080, http://localhost:1800/
85558333149760440595380714538500831080, None, 85558333149760440595380714538500831080, http://localhost:1800/
85558333149760440595380714538500831080, None, 85558333149760440595380714538500831080, http://localhost:1800/
85558333149760440595380714538500831080, None, 85558333149760440595380714538500831080, http://localhost:1800/
85558333149760440595380714538500831080, None, 85558333149760440595380714538500831080, http://localhost:1800/
85558333149760440595380714538500831080, 53373681658003724634102248118776013108 -> button [<svg aria-hidden="true" class="MuiSvgIcon-root MuiSvgIcon-fontSizeMedium css-vubbuv" data-testid="MenuIcon" focusable="false" viewbox="0 0 24 24", 85558333149760440595380714538500831080, http://localhost:1800/
85558333149760440595380714538500831080, 251504558788066875833468717256383623798 -> a [<ul class="list-unstyled text-sm mb-4 pricing-feature-list", 85558333149760440595380714538500831080, http://localhost:1800/
85558333149760440595380714538500831080, 131498267285019480364075027932691640882 -> a []{'href': '/subscribe?product=unlimited', 'style': 'color:unset'}, 85558333149760440595380714538500831080, http://localhost:1800/
85558333149760440595380714538500831080, 300198562516559991688995112457008837502 -> button [<svg aria-hidden="true" class="MuiSvgIcon-root MuiSvgIcon-fontSizeMedium css-vubbuv" data-testid="HomeOutlinedIcon" focusable="false" viewbox="0 0 24 24", 85558333149760440595380714538500831080, http://localhost:1800/
85558333149760440595380714538500831080, 238260590675663518801515527384327507336 -> a ['Contact us']{'href': 'mailto:support@retrospected.com'}, 85558333149760440595380714538500831080, http://localhost:1800/
85558333149760440595380714538500831080, None, 85558333149760440595380714538500831080, http://localhost:1800/
85558333149760440595380714538500831080, 250804075126493492387859450049616939076 -> button [<span class="MuiButton-startIcon MuiButton-iconSizeMedium css-6xugel", 85558333149760440595380714538500831080, http://localhost:1800/
85558333149760440595380714538500831080, 77722075193502781211253785020892441640 -> a []{'href': '/login', 'style': 'color:unset'}, 85558333149760440595380714538500831080, http://localhost:1800/
85558333149760440595380714538500831080, 42781586748898556957319857378680623162 -> a []{'href': '/subscribe?product=self-hosted', 'style': 'color:unset'}, 85558333149760440595380714538500831080, http://localhost:1800/
85558333149760440595380714538500831080, 182999676787019650696720490352237005627 -> a ['Privacy Policy']{'href': 'https://www.websitepolicies.com/policies/view/RdPWodZ5'}, 85558333149760440595380714538500831080, http://localhost:1800/
85558333149760440595380714538500831080, None, 85558333149760440595380714538500831080, http://localhost:1800/
85558333149760440595380714538500831080, None, 85558333149760440595380714538500831080, http://localhost:1800/
85558333149760440595380714538500831080, 243157659132187107739887812339775519703 -> a ['support@retrospected.com']{'href': 'mailto:support@retrospected.com'}, 85558333149760440595380714538500831080, http://localhost:1800/
85558333149760440595380714538500831080, 198330988671355682266587899514732098117 -> a []{'href': '/subscribe?product=team', 'style': 'color:unset'}, 85558333149760440595380714538500831080, http://localhost:1800/
85558333149760440595380714538500831080, None, 85558333149760440595380714538500831080, http://localhost:1800/
85558333149760440595380714538500831080, None, 85558333149760440595380714538500831080, http://localhost:1800/
85558333149760440595380714538500831080, 238260590675663518801515527384327507336 -> a ['Contact us']{'href': 'mailto:support@retrospected.com'}, 85558333149760440595380714538500831080, http://localhost:1800/
85558333149760440595380714538500831080, None, 85558333149760440595380714538500831080, http://localhost:1800/
85558333149760440595380714538500831080, 300198562516559991688995112457008837502 -> button [<svg aria-hidden="true" class="MuiSvgIcon-root MuiSvgIcon-fontSizeMedium css-vubbuv" data-testid="HomeOutlinedIcon" focusable="false" viewbox="0 0 24 24", 85558333149760440595380714538500831080, http://localhost:1800/
85558333149760440595380714538500831080, None, 85558333149760440595380714538500831080, http://localhost:1800/
85558333149760440595380714538500831080, 53373681658003724634102248118776013108 -> button [<svg aria-hidden="true" class="MuiSvgIcon-root MuiSvgIcon-fontSizeMedium css-vubbuv" data-testid="MenuIcon" focusable="false" viewbox="0 0 24 24", 85558333149760440595380714538500831080, http://localhost:1800/
85558333149760440595380714538500831080, 131498267285019480364075027932691640882 -> a []{'href': '/subscribe?product=unlimited', 'style': 'color:unset'}, 85558333149760440595380714538500831080, http://localhost:1800/
85558333149760440595380714538500831080, 231932781397952616542666070090653703638 -> a [<div class="pt-4", 85558333149760440595380714538500831080, http://localhost:1800/
85558333149760440595380714538500831080, None, 85558333149760440595380714538500831080, http://localhost:1800/
85558333149760440595380714538500831080, 326260989328514412703228462752826086408 -> a ['contact us']{'href': 'mailto:support@retrospected.com'}, 85558333149760440595380714538500831080, http://localhost:1800/
85558333149760440595380714538500831080, None, 85558333149760440595380714538500831080, http://localhost:1800/
85558333149760440595380714538500831080, None, 85558333149760440595380714538500831080, http://localhost:1800/
85558333149760440595380714538500831080, 225735037228565691565436968406220070970 -> a [<span class="ti-check-box", 85558333149760440595380714538500831080, http://localhost:1800/
85558333149760440595380714538500831080, None, 85558333149760440595380714538500831080, http://localhost:1800/
85558333149760440595380714538500831080, None, 85558333149760440595380714538500831080, http://localhost:1800/
85558333149760440595380714538500831080, None, 85558333149760440595380714538500831080, http://localhost:1800/
85558333149760440595380714538500831080, None, 85558333149760440595380714538500831080, http://localhost:1800/
85558333149760440595380714538500831080, None, 85558333149760440595380714538500831080, http://localhost:1800/
85558333149760440595380714538500831080, None, 85558333149760440595380714538500831080, http://localhost:1800/
85558333149760440595380714538500831080, None, 85558333149760440595380714538500831080, http://localhost:1800/
85558333149760440595380714538500831080, None, 85558333149760440595380714538500831080, http://localhost:1800/
85558333149760440595380714538500831080, None, 85558333149760440595380714538500831080, http://localhost:1800/
85558333149760440595380714538500831080, None, 85558333149760440595380714538500831080, http://localhost:1800/
85558333149760440595380714538500831080, None, 85558333149760440595380714538500831080, http://localhost:1800/
85558333149760440595380714538500831080, None, 85558333149760440595380714538500831080, http://localhost:1800/
85558333149760440595380714538500831080, None, 85558333149760440595380714538500831080, http://localhost:1800/
85558333149760440595380714538500831080, None, 85558333149760440595380714538500831080, http://localhost:1800/
85558333149760440595380714538500831080, None, 85558333149760440595380714538500831080, http://localhost:1800/
85558333149760440595380714538500831080, None, 85558333149760440595380714538500831080, http://localhost:1800/
85558333149760440595380714538500831080, None, 85558333149760440595380714538500831080, http://localhost:1800/
85558333149760440595380714538500831080, None, 85558333149760440595380714538500831080, http://localhost:1800/
85558333149760440595380714538500831080, 53373681658003724634102248118776013108 -> button [<svg aria-hidden="true" class="MuiSvgIcon-root MuiSvgIcon-fontSizeMedium css-vubbuv" data-testid="MenuIcon" focusable="false" viewbox="0 0 24 24", 85558333149760440595380714538500831080, http://localhost:1800/
85558333149760440595380714538500831080, 194071662552617480412407943036907572871 -> a [<span class="ti-crown", 85558333149760440595380714538500831080, http://localhost:1800/
85558333149760440595380714538500831080, None, 85558333149760440595380714538500831080, http://localhost:1800/
85558333149760440595380714538500831080, None, 85558333149760440595380714538500831080, http://localhost:1800/
85558333149760440595380714538500831080, None, 85558333149760440595380714538500831080, http://localhost:1800/
85558333149760440595380714538500831080, None, 85558333149760440595380714538500831080, http://localhost:1800/
85558333149760440595380714538500831080, 77722075193502781211253785020892441640 -> a []{'href': '/login', 'style': 'color:unset'}, 85558333149760440595380714538500831080, http://localhost:1800/
85558333149760440595380714538500831080, None, 85558333149760440595380714538500831080, http://localhost:1800/
85558333149760440595380714538500831080, 243157659132187107739887812339775519703 -> a ['support@retrospected.com']{'href': 'mailto:support@retrospected.com'}, 85558333149760440595380714538500831080, http://localhost:1800/
85558333149760440595380714538500831080, None, 85558333149760440595380714538500831080, http://localhost:1800/
85558333149760440595380714538500831080, None, 85558333149760440595380714538500831080, http://localhost:1800/
85558333149760440595380714538500831080, None, 85558333149760440595380714538500831080, http://localhost:1800/
85558333149760440595380714538500831080, 198330988671355682266587899514732098117 -> a []{'href': '/subscribe?product=team', 'style': 'color:unset'}, 85558333149760440595380714538500831080, http://localhost:1800/
85558333149760440595380714538500831080, 225735037228565691565436968406220070970 -> a [<span class="ti-check-box", 85558333149760440595380714538500831080, http://localhost:1800/
85558333149760440595380714538500831080, None, 85558333149760440595380714538500831080, http://localhost:1800/
85558333149760440595380714538500831080, None, 85558333149760440595380714538500831080, http://localhost:1800/
85558333149760440595380714538500831080, 326260989328514412703228462752826086408 -> a ['contact us']{'href': 'mailto:support@retrospected.com'}, 85558333149760440595380714538500831080, http://localhost:1800/
85558333149760440595380714538500831080, 42781586748898556957319857378680623162 -> a []{'href': '/subscribe?product=self-hosted', 'style': 'color:unset'}, 85558333149760440595380714538500831080, http://localhost:1800/
85558333149760440595380714538500831080, 131498267285019480364075027932691640882 -> a []{'href': '/subscribe?product=unlimited', 'style': 'color:unset'}, 85558333149760440595380714538500831080, http://localhost:1800/
85558333149760440595380714538500831080, 250804075126493492387859450049616939076 -> button [<span class="MuiButton-startIcon MuiButton-iconSizeMedium css-6xugel", 85558333149760440595380714538500831080, http://localhost:1800/
85558333149760440595380714538500831080, 179158940186001624229635486147771138307 -> a [<div class="pt-4", 85558333149760440595380714538500831080, http://localhost:1800/
85558333149760440595380714538500831080, 238260590675663518801515527384327507336 -> a ['Contact us']{'href': 'mailto:support@retrospected.com'}, 85558333149760440595380714538500831080, http://localhost:1800/
85558333149760440595380714538500831080, 251504558788066875833468717256383623798 -> a [<ul class="list-unstyled text-sm mb-4 pricing-feature-list", 85558333149760440595380714538500831080, http://localhost:1800/
85558333149760440595380714538500831080, 300198562516559991688995112457008837502 -> button [<svg aria-hidden="true" class="MuiSvgIcon-root MuiSvgIcon-fontSizeMedium css-vubbuv" data-testid="HomeOutlinedIcon" focusable="false" viewbox="0 0 24 24", 85558333149760440595380714538500831080, http://localhost:1800/
85558333149760440595380714538500831080, None, 85558333149760440595380714538500831080, http://localhost:1800/
85558333149760440595380714538500831080, None, 85558333149760440595380714538500831080, http://localhost:1800/
85558333149760440595380714538500831080, None, 85558333149760440595380714538500831080, http://localhost:1800/
85558333149760440595380714538500831080, None, 85558333149760440595380714538500831080, http://localhost:1800/
85558333149760440595380714538500831080, None, 85558333149760440595380714538500831080, http://localhost:1800/
85558333149760440595380714538500831080, None, 85558333149760440595380714538500831080, http://localhost:1800/
85558333149760440595380714538500831080, None, 85558333149760440595380714538500831080, http://localhost:1800/
85558333149760440595380714538500831080, None, 85558333149760440595380714538500831080, http://localhost:1800/
85558333149760440595380714538500831080, None, 85558333149760440595380714538500831080, http://localhost:1800/
85558333149760440595380714538500831080, 238260590675663518801515527384327507336 -> a ['Contact us']{'href': 'mailto:support@retrospected.com'}, 85558333149760440595380714538500831080, http://localhost:1800/
85558333149760440595380714538500831080, 131498267285019480364075027932691640882 -> a []{'href': '/subscribe?product=unlimited', 'style': 'color:unset'}, 85558333149760440595380714538500831080, http://localhost:1800/
85558333149760440595380714538500831080, None, 85558333149760440595380714538500831080, http://localhost:1800/
85558333149760440595380714538500831080, 42781586748898556957319857378680623162 -> a []{'href': '/subscribe?product=self-hosted', 'style': 'color:unset'}, 85558333149760440595380714538500831080, http://localhost:1800/
85558333149760440595380714538500831080, 77722075193502781211253785020892441640 -> a []{'href': '/login', 'style': 'color:unset'}, 85558333149760440595380714538500831080, http://localhost:1800/
85558333149760440595380714538500831080, None, 85558333149760440595380714538500831080, http://localhost:1800/
85558333149760440595380714538500831080, None, 85558333149760440595380714538500831080, http://localhost:1800/
85558333149760440595380714538500831080, None, 85558333149760440595380714538500831080, http://localhost:1800/
85558333149760440595380714538500831080, None, 85558333149760440595380714538500831080, http://localhost:1800/
85558333149760440595380714538500831080, None, 85558333149760440595380714538500831080, http://localhost:1800/
85558333149760440595380714538500831080, None, 85558333149760440595380714538500831080, http://localhost:1800/
85558333149760440595380714538500831080, None, 85558333149760440595380714538500831080, http://localhost:1800/
85558333149760440595380714538500831080, None, 85558333149760440595380714538500831080, http://localhost:1800/
85558333149760440595380714538500831080, 243157659132187107739887812339775519703 -> a ['support@retrospected.com']{'href': 'mailto:support@retrospected.com'}, 85558333149760440595380714538500831080, http://localhost:1800/
85558333149760440595380714538500831080, None, 85558333149760440595380714538500831080, http://localhost:1800/
85558333149760440595380714538500831080, None, 85558333149760440595380714538500831080, http://localhost:1800/
85558333149760440595380714538500831080, 53373681658003724634102248118776013108 -> button [<svg aria-hidden="true" class="MuiSvgIcon-root MuiSvgIcon-fontSizeMedium css-vubbuv" data-testid="MenuIcon" focusable="false" viewbox="0 0 24 24", 85558333149760440595380714538500831080, http://localhost:1800/
85558333149760440595380714538500831080, 223198739654013518621001174651680560209 -> a [<div class="pt-4", 85558333149760440595380714538500831080, http://localhost:1800/
85558333149760440595380714538500831080, 198330988671355682266587899514732098117 -> a []{'href': '/subscribe?product=team', 'style': 'color:unset'}, 85558333149760440595380714538500831080, http://localhost:1800/
85558333149760440595380714538500831080, None, 85558333149760440595380714538500831080, http://localhost:1800/
85558333149760440595380714538500831080, None, 85558333149760440595380714538500831080, http://localhost:1800/
85558333149760440595380714538500831080, None, 85558333149760440595380714538500831080, http://localhost:1800/
85558333149760440595380714538500831080, 250804075126493492387859450049616939076 -> button [<span class="MuiButton-startIcon MuiButton-iconSizeMedium css-6xugel", 85558333149760440595380714538500831080, http://localhost:1800/
85558333149760440595380714538500831080, 302515116903307686490089882789802233567 -> a [<div class="pt-4", 85558333149760440595380714538500831080, http://localhost:1800/
85558333149760440595380714538500831080, 335177995277185720436677424941113667172 -> a ['Private Sessions']{'href': '#'}, 85558333149760440595380714538500831080, http://localhost:1800/
85558333149760440595380714538500831080, 326260989328514412703228462752826086408 -> a ['contact us']{'href': 'mailto:support@retrospected.com'}, 85558333149760440595380714538500831080, http://localhost:1800/
85558333149760440595380714538500831080, 251504558788066875833468717256383623798 -> a [<ul class="list-unstyled text-sm mb-4 pricing-feature-list", 85558333149760440595380714538500831080, http://localhost:1800/
85558333149760440595380714538500831080, 300198562516559991688995112457008837502 -> button [<svg aria-hidden="true" class="MuiSvgIcon-root MuiSvgIcon-fontSizeMedium css-vubbuv" data-testid="HomeOutlinedIcon" focusable="false" viewbox="0 0 24 24", 85558333149760440595380714538500831080, http://localhost:1800/
85558333149760440595380714538500831080, 225735037228565691565436968406220070970 -> a [<span class="ti-check-box", 85558333149760440595380714538500831080, http://localhost:1800/
85558333149760440595380714538500831080, None, 85558333149760440595380714538500831080, http://localhost:1800/
85558333149760440595380714538500831080, None, 85558333149760440595380714538500831080, http://localhost:1800/
85558333149760440595380714538500831080, 131498267285019480364075027932691640882 -> a []{'href': '/subscribe?product=unlimited', 'style': 'color:unset'}, 85558333149760440595380714538500831080, http://localhost:1800/
85558333149760440595380714538500831080, 77722075193502781211253785020892441640 -> a []{'href': '/login', 'style': 'color:unset'}, 85558333149760440595380714538500831080, http://localhost:1800/
85558333149760440595380714538500831080, None, 85558333149760440595380714538500831080, http://localhost:1800/
85558333149760440595380714538500831080, None, 85558333149760440595380714538500831080, http://localhost:1800/
85558333149760440595380714538500831080, None, 85558333149760440595380714538500831080, http://localhost:1800/
85558333149760440595380714538500831080, None, 85558333149760440595380714538500831080, http://localhost:1800/
85558333149760440595380714538500831080, None, 85558333149760440595380714538500831080, http://localhost:1800/
85558333149760440595380714538500831080, None, 85558333149760440595380714538500831080, http://localhost:1800/
85558333149760440595380714538500831080, None, 85558333149760440595380714538500831080, http://localhost:1800/
85558333149760440595380714538500831080, None, 85558333149760440595380714538500831080, http://localhost:1800/
85558333149760440595380714538500831080, 198330988671355682266587899514732098117 -> a []{'href': '/subscribe?product=team', 'style': 'color:unset'}, 85558333149760440595380714538500831080, http://localhost:1800/
85558333149760440595380714538500831080, None, 85558333149760440595380714538500831080, http://localhost:1800/
85558333149760440595380714538500831080, None, 85558333149760440595380714538500831080, http://localhost:1800/
85558333149760440595380714538500831080, 243157659132187107739887812339775519703 -> a ['support@retrospected.com']{'href': 'mailto:support@retrospected.com'}, 85558333149760440595380714538500831080, http://localhost:1800/
85558333149760440595380714538500831080, None, 85558333149760440595380714538500831080, http://localhost:1800/
85558333149760440595380714538500831080, None, 85558333149760440595380714538500831080, http://localhost:1800/
85558333149760440595380714538500831080, 42781586748898556957319857378680623162 -> a []{'href': '/subscribe?product=self-hosted', 'style': 'color:unset'}, 85558333149760440595380714538500831080, http://localhost:1800/
85558333149760440595380714538500831080, 238260590675663518801515527384327507336 -> a ['Contact us']{'href': 'mailto:support@retrospected.com'}, 85558333149760440595380714538500831080, http://localhost:1800/
85558333149760440595380714538500831080, None, 85558333149760440595380714538500831080, http://localhost:1800/
85558333149760440595380714538500831080, None, 85558333149760440595380714538500831080, http://localhost:1800/
85558333149760440595380714538500831080, 250804075126493492387859450049616939076 -> button [<span class="MuiButton-startIcon MuiButton-iconSizeMedium css-6xugel", 85558333149760440595380714538500831080, http://localhost:1800/
85558333149760440595380714538500831080, 53373681658003724634102248118776013108 -> button [<svg aria-hidden="true" class="MuiSvgIcon-root MuiSvgIcon-fontSizeMedium css-vubbuv" data-testid="MenuIcon" focusable="false" viewbox="0 0 24 24", 85558333149760440595380714538500831080, http://localhost:1800/
85558333149760440595380714538500831080, None, 85558333149760440595380714538500831080, http://localhost:1800/
85558333149760440595380714538500831080, 225735037228565691565436968406220070970 -> a [<span class="ti-check-box", 85558333149760440595380714538500831080, http://localhost:1800/
85558333149760440595380714538500831080, 300198562516559991688995112457008837502 -> button [<svg aria-hidden="true" class="MuiSvgIcon-root MuiSvgIcon-fontSizeMedium css-vubbuv" data-testid="HomeOutlinedIcon" focusable="false" viewbox="0 0 24 24", 85558333149760440595380714538500831080, http://localhost:1800/
85558333149760440595380714538500831080, None, 85558333149760440595380714538500831080, http://localhost:1800/
85558333149760440595380714538500831080, 326260989328514412703228462752826086408 -> a ['contact us']{'href': 'mailto:support@retrospected.com'}, 85558333149760440595380714538500831080, http://localhost:1800/
85558333149760440595380714538500831080, None, 85558333149760440595380714538500831080, http://localhost:1800/
85558333149760440595380714538500831080, None, 85558333149760440595380714538500831080, http://localhost:1800/
85558333149760440595380714538500831080, None, 85558333149760440595380714538500831080, http://localhost:1800/
85558333149760440595380714538500831080, None, 85558333149760440595380714538500831080, http://localhost:1800/
85558333149760440595380714538500831080, None, 85558333149760440595380714538500831080, http://localhost:1800/
85558333149760440595380714538500831080, None, 85558333149760440595380714538500831080, http://localhost:1800/
85558333149760440595380714538500831080, 131498267285019480364075027932691640882 -> a []{'href': '/subscribe?product=unlimited', 'style': 'color:unset'}, 85558333149760440595380714538500831080, http://localhost:1800/
85558333149760440595380714538500831080, 238260590675663518801515527384327507336 -> a ['Contact us']{'href': 'mailto:support@retrospected.com'}, 85558333149760440595380714538500831080, http://localhost:1800/
85558333149760440595380714538500831080, None, 85558333149760440595380714538500831080, http://localhost:1800/
85558333149760440595380714538500831080, None, 85558333149760440595380714538500831080, http://localhost:1800/
85558333149760440595380714538500831080, None, 85558333149760440595380714538500831080, http://localhost:1800/
85558333149760440595380714538500831080, 225735037228565691565436968406220070970 -> a [<span class="ti-check-box", 85558333149760440595380714538500831080, http://localhost:1800/
85558333149760440595380714538500831080, None, 85558333149760440595380714538500831080, http://localhost:1800/
85558333149760440595380714538500831080, 326260989328514412703228462752826086408 -> a ['contact us']{'href': 'mailto:support@retrospected.com'}, 85558333149760440595380714538500831080, http://localhost:1800/
85558333149760440595380714538500831080, None, 85558333149760440595380714538500831080, http://localhost:1800/
85558333149760440595380714538500831080, None, 85558333149760440595380714538500831080, http://localhost:1800/
85558333149760440595380714538500831080, None, 85558333149760440595380714538500831080, http://localhost:1800/
85558333149760440595380714538500831080, 53373681658003724634102248118776013108 -> button [<svg aria-hidden="true" class="MuiSvgIcon-root MuiSvgIcon-fontSizeMedium css-vubbuv" data-testid="MenuIcon" focusable="false" viewbox="0 0 24 24", 85558333149760440595380714538500831080, http://localhost:1800/
85558333149760440595380714538500831080, 223198739654013518621001174651680560209 -> a [<div class="pt-4", 85558333149760440595380714538500831080, http://localhost:1800/
85558333149760440595380714538500831080, None, 85558333149760440595380714538500831080, http://localhost:1800/
85558333149760440595380714538500831080, None, 85558333149760440595380714538500831080, http://localhost:1800/
85558333149760440595380714538500831080, 198330988671355682266587899514732098117 -> a []{'href': '/subscribe?product=team', 'style': 'color:unset'}, 85558333149760440595380714538500831080, http://localhost:1800/
85558333149760440595380714538500831080, None, 85558333149760440595380714538500831080, http://localhost:1800/
85558333149760440595380714538500831080, 250804075126493492387859450049616939076 -> button [<span class="MuiButton-startIcon MuiButton-iconSizeMedium css-6xugel", 85558333149760440595380714538500831080, http://localhost:1800/
85558333149760440595380714538500831080, 231932781397952616542666070090653703638 -> a [<div class="pt-4", 85558333149760440595380714538500831080, http://localhost:1800/
85558333149760440595380714538500831080, 42781586748898556957319857378680623162 -> a []{'href': '/subscribe?product=self-hosted', 'style': 'color:unset'}, 85558333149760440595380714538500831080, http://localhost:1800/
85558333149760440595380714538500831080, 300198562516559991688995112457008837502 -> button [<svg aria-hidden="true" class="MuiSvgIcon-root MuiSvgIcon-fontSizeMedium css-vubbuv" data-testid="HomeOutlinedIcon" focusable="false" viewbox="0 0 24 24", 85558333149760440595380714538500831080, http://localhost:1800/
85558333149760440595380714538500831080, None, 85558333149760440595380714538500831080, http://localhost:1800/
85558333149760440595380714538500831080, 77722075193502781211253785020892441640 -> a []{'href': '/login', 'style': 'color:unset'}, 85558333149760440595380714538500831080, http://localhost:1800/
85558333149760440595380714538500831080, None, 85558333149760440595380714538500831080, http://localhost:1800/
85558333149760440595380714538500831080, None, 85558333149760440595380714538500831080, http://localhost:1800/
85558333149760440595380714538500831080, None, 85558333149760440595380714538500831080, http://localhost:1800/
85558333149760440595380714538500831080, None, 85558333149760440595380714538500831080, http://localhost:1800/
85558333149760440595380714538500831080, None, 85558333149760440595380714538500831080, http://localhost:1800/
85558333149760440595380714538500831080, None, 85558333149760440595380714538500831080, http://localhost:1800/
85558333149760440595380714538500831080, 243157659132187107739887812339775519703 -> a ['support@retrospected.com']{'href': 'mailto:support@retrospected.com'}, 85558333149760440595380714538500831080, http://localhost:1800/
85558333149760440595380714538500831080, None, 85558333149760440595380714538500831080, http://localhost:1800/
85558333149760440595380714538500831080, None, 85558333149760440595380714538500831080, http://localhost:1800/
85558333149760440595380714538500831080, None, 85558333149760440595380714538500831080, http://localhost:1800/
85558333149760440595380714538500831080, None, 85558333149760440595380714538500831080, http://localhost:1800/
85558333149760440595380714538500831080, 77722075193502781211253785020892441640 -> a []{'href': '/login', 'style': 'color:unset'}, 85558333149760440595380714538500831080, http://localhost:1800/
85558333149760440595380714538500831080, 300198562516559991688995112457008837502 -> button [<svg aria-hidden="true" class="MuiSvgIcon-root MuiSvgIcon-fontSizeMedium css-vubbuv" data-testid="HomeOutlinedIcon" focusable="false" viewbox="0 0 24 24", 85558333149760440595380714538500831080, http://localhost:1800/
85558333149760440595380714538500831080, 225735037228565691565436968406220070970 -> a [<span class="ti-check-box", 85558333149760440595380714538500831080, http://localhost:1800/
85558333149760440595380714538500831080, None, 85558333149760440595380714538500831080, http://localhost:1800/
85558333149760440595380714538500831080, None, 85558333149760440595380714538500831080, http://localhost:1800/
85558333149760440595380714538500831080, None, 85558333149760440595380714538500831080, http://localhost:1800/
85558333149760440595380714538500831080, 243157659132187107739887812339775519703 -> a ['support@retrospected.com']{'href': 'mailto:support@retrospected.com'}, 85558333149760440595380714538500831080, http://localhost:1800/
85558333149760440595380714538500831080, None, 85558333149760440595380714538500831080, http://localhost:1800/
85558333149760440595380714538500831080, None, 85558333149760440595380714538500831080, http://localhost:1800/
85558333149760440595380714538500831080, None, 85558333149760440595380714538500831080, http://localhost:1800/
85558333149760440595380714538500831080, 326260989328514412703228462752826086408 -> a ['contact us']{'href': 'mailto:support@retrospected.com'}, 85558333149760440595380714538500831080, http://localhost:1800/
85558333149760440595380714538500831080, None, 85558333149760440595380714538500831080, http://localhost:1800/
85558333149760440595380714538500831080, 131498267285019480364075027932691640882 -> a []{'href': '/subscribe?product=unlimited', 'style': 'color:unset'}, 85558333149760440595380714538500831080, http://localhost:1800/
85558333149760440595380714538500831080, None, 85558333149760440595380714538500831080, http://localhost:1800/
85558333149760440595380714538500831080, 250804075126493492387859450049616939076 -> button [<span class="MuiButton-startIcon MuiButton-iconSizeMedium css-6xugel", 85558333149760440595380714538500831080, http://localhost:1800/
85558333149760440595380714538500831080, 44226831132642797030845329423154588134 -> a ['Simplified Self-Hosting']{'href': '#'}, 85558333149760440595380714538500831080, http://localhost:1800/
85558333149760440595380714538500831080, 251504558788066875833468717256383623798 -> a [<ul class="list-unstyled text-sm mb-4 pricing-feature-list", 85558333149760440595380714538500831080, http://localhost:1800/
85558333149760440595380714538500831080, 151312296811148032693866043478427454199 -> a [<span class="ti-wand", 85558333149760440595380714538500831080, http://localhost:1800/
85558333149760440595380714538500831080, 179158940186001624229635486147771138307 -> a [<div class="pt-4", 85558333149760440595380714538500831080, http://localhost:1800/
85558333149760440595380714538500831080, 282212841185837970464880490913268752826 -> a [<ul class="list-unstyled text-sm mb-4 pricing-feature-list", 85558333149760440595380714538500831080, http://localhost:1800/
85558333149760440595380714538500831080, 53373681658003724634102248118776013108 -> button [<svg aria-hidden="true" class="MuiSvgIcon-root MuiSvgIcon-fontSizeMedium css-vubbuv" data-testid="MenuIcon" focusable="false" viewbox="0 0 24 24", 85558333149760440595380714538500831080, http://localhost:1800/
85558333149760440595380714538500831080, 42781586748898556957319857378680623162 -> a []{'href': '/subscribe?product=self-hosted', 'style': 'color:unset'}, 85558333149760440595380714538500831080, http://localhost:1800/
85558333149760440595380714538500831080, None, 85558333149760440595380714538500831080, http://localhost:1800/
85558333149760440595380714538500831080, None, 85558333149760440595380714538500831080, http://localhost:1800/
85558333149760440595380714538500831080, None, 85558333149760440595380714538500831080, http://localhost:1800/
85558333149760440595380714538500831080, None, 85558333149760440595380714538500831080, http://localhost:1800/
85558333149760440595380714538500831080, None, 85558333149760440595380714538500831080, http://localhost:1800/
85558333149760440595380714538500831080, None, 85558333149760440595380714538500831080, http://localhost:1800/
85558333149760440595380714538500831080, None, 85558333149760440595380714538500831080, http://localhost:1800/
85558333149760440595380714538500831080, None, 85558333149760440595380714538500831080, http://localhost:1800/
85558333149760440595380714538500831080, 198330988671355682266587899514732098117 -> a []{'href': '/subscribe?product=team', 'style': 'color:unset'}, 85558333149760440595380714538500831080, http://localhost:1800/
85558333149760440595380714538500831080, None, 85558333149760440595380714538500831080, http://localhost:1800/
85558333149760440595380714538500831080, None, 85558333149760440595380714538500831080, http://localhost:1800/
85558333149760440595380714538500831080, 238260590675663518801515527384327507336 -> a ['Contact us']{'href': 'mailto:support@retrospected.com'}, 85558333149760440595380714538500831080, http://localhost:1800/
85558333149760440595380714538500831080, None, 85558333149760440595380714538500831080, http://localhost:1800/
85558333149760440595380714538500831080, 225735037228565691565436968406220070970 -> a [<span class="ti-check-box", 85558333149760440595380714538500831080, http://localhost:1800/
85558333149760440595380714538500831080, 250804075126493492387859450049616939076 -> button [<span class="MuiButton-startIcon MuiButton-iconSizeMedium css-6xugel", 85558333149760440595380714538500831080, http://localhost:1800/
85558333149760440595380714538500831080, 77722075193502781211253785020892441640 -> a []{'href': '/login', 'style': 'color:unset'}, 85558333149760440595380714538500831080, http://localhost:1800/
85558333149760440595380714538500831080, 131498267285019480364075027932691640882 -> a []{'href': '/subscribe?product=unlimited', 'style': 'color:unset'}, 85558333149760440595380714538500831080, http://localhost:1800/
85558333149760440595380714538500831080, 290110933207497991272542218830578307493 -> a ['Buy Now']{'href': '/subscribe?product=self-hosted'}, 85558333149760440595380714538500831080, http://localhost:1800/
85558333149760440595380714538500831080, 322294491624679672579461493340971535867 -> a ['Accounts Federation']{'href': '#'}, 85558333149760440595380714538500831080, http://localhost:1800/
85558333149760440595380714538500831080, 206324686320906789238065681504732455644 -> a [<ul class="list-unstyled text-sm mb-4 pricing-feature-list", 85558333149760440595380714538500831080, http://localhost:1800/
85558333149760440595380714538500831080, 223198739654013518621001174651680560209 -> a [<div class="pt-4", 85558333149760440595380714538500831080, http://localhost:1800/
85558333149760440595380714538500831080, None, 85558333149760440595380714538500831080, http://localhost:1800/
85558333149760440595380714538500831080, None, 85558333149760440595380714538500831080, http://localhost:1800/
85558333149760440595380714538500831080, None, 85558333149760440595380714538500831080, http://localhost:1800/
85558333149760440595380714538500831080, None, 85558333149760440595380714538500831080, http://localhost:1800/
85558333149760440595380714538500831080, None, 85558333149760440595380714538500831080, http://localhost:1800/
85558333149760440595380714538500831080, 326260989328514412703228462752826086408 -> a ['contact us']{'href': 'mailto:support@retrospected.com'}, 85558333149760440595380714538500831080, http://localhost:1800/
85558333149760440595380714538500831080, None, 85558333149760440595380714538500831080, http://localhost:1800/
85558333149760440595380714538500831080, 198330988671355682266587899514732098117 -> a []{'href': '/subscribe?product=team', 'style': 'color:unset'}, 85558333149760440595380714538500831080, http://localhost:1800/
85558333149760440595380714538500831080, None, 85558333149760440595380714538500831080, http://localhost:1800/
85558333149760440595380714538500831080, None, 85558333149760440595380714538500831080, http://localhost:1800/
85558333149760440595380714538500831080, 238260590675663518801515527384327507336 -> a ['Contact us']{'href': 'mailto:support@retrospected.com'}, 85558333149760440595380714538500831080, http://localhost:1800/
85558333149760440595380714538500831080, None, 85558333149760440595380714538500831080, http://localhost:1800/
85558333149760440595380714538500831080, None, 85558333149760440595380714538500831080, http://localhost:1800/
85558333149760440595380714538500831080, 300198562516559991688995112457008837502 -> button [<svg aria-hidden="true" class="MuiSvgIcon-root MuiSvgIcon-fontSizeMedium css-vubbuv" data-testid="HomeOutlinedIcon" focusable="false" viewbox="0 0 24 24", 85558333149760440595380714538500831080, http://localhost:1800/
85558333149760440595380714538500831080, None, 85558333149760440595380714538500831080, http://localhost:1800/
85558333149760440595380714538500831080, None, 85558333149760440595380714538500831080, http://localhost:1800/
85558333149760440595380714538500831080, None, 85558333149760440595380714538500831080, http://localhost:1800/
85558333149760440595380714538500831080, None, 85558333149760440595380714538500831080, http://localhost:1800/
85558333149760440595380714538500831080, 53373681658003724634102248118776013108 -> button [<svg aria-hidden="true" class="MuiSvgIcon-root MuiSvgIcon-fontSizeMedium css-vubbuv" data-testid="MenuIcon" focusable="false" viewbox="0 0 24 24", 85558333149760440595380714538500831080, http://localhost:1800/
85558333149760440595380714538500831080, 44226831132642797030845329423154588134 -> a ['Simplified Self-Hosting']{'href': '#'}, 85558333149760440595380714538500831080, http://localhost:1800/
85558333149760440595380714538500831080, 88387527390871616532161040866055019454 -> a ['Disclaimer']{'href': 'https://www.websitepolicies.com/policies/view/vDJtzgEo'}, 326945874577463748230442824674017512605, http://localhost:1800/privacy
326945874577463748230442824674017512605, 33732065931264752805575912321394517579 -> input []{'aria-hidden': 'true', 'tabindex': '-', 'value': 'en-GB'}, 326945874577463748230442824674017512605, http://localhost:1800/privacy
326945874577463748230442824674017512605, 327755349715351065327077461426552609072 -> a ['Privacy policy']{'href': '/privacy'}, 326945874577463748230442824674017512605, http://localhost:1800/privacy
85558333149760440595380714538500831080, None, 85558333149760440595380714538500831080, http://localhost:1800/
85558333149760440595380714538500831080, None, 85558333149760440595380714538500831080, http://localhost:1800/
85558333149760440595380714538500831080, 243157659132187107739887812339775519703 -> a ['support@retrospected.com']{'href': 'mailto:support@retrospected.com'}, 85558333149760440595380714538500831080, http://localhost:1800/
85558333149760440595380714538500831080, 42781586748898556957319857378680623162 -> a []{'href': '/subscribe?product=self-hosted', 'style': 'color:unset'}, 85558333149760440595380714538500831080, http://localhost:1800/
85558333149760440595380714538500831080, None, 85558333149760440595380714538500831080, http://localhost:1800/
85558333149760440595380714538500831080, None, 85558333149760440595380714538500831080, http://localhost:1800/
85558333149760440595380714538500831080, None, 85558333149760440595380714538500831080, http://localhost:1800/
85558333149760440595380714538500831080, None, 85558333149760440595380714538500831080, http://localhost:1800/
85558333149760440595380714538500831080, None, 85558333149760440595380714538500831080, http://localhost:1800/
85558333149760440595380714538500831080, 326260989328514412703228462752826086408 -> a ['contact us']{'href': 'mailto:support@retrospected.com'}, 85558333149760440595380714538500831080, http://localhost:1800/
85558333149760440595380714538500831080, 225735037228565691565436968406220070970 -> a [<span class="ti-check-box", 85558333149760440595380714538500831080, http://localhost:1800/
85558333149760440595380714538500831080, None, 85558333149760440595380714538500831080, http://localhost:1800/
85558333149760440595380714538500831080, None, 85558333149760440595380714538500831080, http://localhost:1800/
85558333149760440595380714538500831080, None, 85558333149760440595380714538500831080, http://localhost:1800/
85558333149760440595380714538500831080, 131498267285019480364075027932691640882 -> a []{'href': '/subscribe?product=unlimited', 'style': 'color:unset'}, 85558333149760440595380714538500831080, http://localhost:1800/
85558333149760440595380714538500831080, 198330988671355682266587899514732098117 -> a []{'href': '/subscribe?product=team', 'style': 'color:unset'}, 85558333149760440595380714538500831080, http://localhost:1800/
85558333149760440595380714538500831080, None, 85558333149760440595380714538500831080, http://localhost:1800/
85558333149760440595380714538500831080, 42781586748898556957319857378680623162 -> a []{'href': '/subscribe?product=self-hosted', 'style': 'color:unset'}, 85558333149760440595380714538500831080, http://localhost:1800/
85558333149760440595380714538500831080, None, 85558333149760440595380714538500831080, http://localhost:1800/
85558333149760440595380714538500831080, None, 85558333149760440595380714538500831080, http://localhost:1800/
85558333149760440595380714538500831080, None, 85558333149760440595380714538500831080, http://localhost:1800/
85558333149760440595380714538500831080, 250804075126493492387859450049616939076 -> button [<span class="MuiButton-startIcon MuiButton-iconSizeMedium css-6xugel", 85558333149760440595380714538500831080, http://localhost:1800/
85558333149760440595380714538500831080, 293925269000856562923712274322206007921 -> a ['Cookies Policy']{'href': 'https://www.websitepolicies.com/policies/view/RD8jnvGt'}, 85558333149760440595380714538500831080, http://localhost:1800/
85558333149760440595380714538500831080, None, 85558333149760440595380714538500831080, http://localhost:1800/
85558333149760440595380714538500831080, 77722075193502781211253785020892441640 -> a []{'href': '/login', 'style': 'color:unset'}, 85558333149760440595380714538500831080, http://localhost:1800/
85558333149760440595380714538500831080, None, 85558333149760440595380714538500831080, http://localhost:1800/
85558333149760440595380714538500831080, 300198562516559991688995112457008837502 -> button [<svg aria-hidden="true" class="MuiSvgIcon-root MuiSvgIcon-fontSizeMedium css-vubbuv" data-testid="HomeOutlinedIcon" focusable="false" viewbox="0 0 24 24", 85558333149760440595380714538500831080, http://localhost:1800/
85558333149760440595380714538500831080, 322294491624679672579461493340971535867 -> a ['Accounts Federation']{'href': '#'}, 31358316778550977529786788011359927828, http://localhost:1800/#
31358316778550977529786788011359927828, 214428792312456838253075818139589393711 -> button [<svg aria-hidden="true" class="MuiSvgIcon-root MuiSvgIcon-fontSizeMedium css-vubbuv" data-testid="HomeOutlinedIcon" focusable="false" viewbox="0 0 24 24", 31358316778550977529786788011359927828, http://localhost:1800/#
31358316778550977529786788011359927828, 214428792312456838253075818139589393711 -> button [<svg aria-hidden="true" class="MuiSvgIcon-root MuiSvgIcon-fontSizeMedium css-vubbuv" data-testid="HomeOutlinedIcon" focusable="false" viewbox="0 0 24 24", 85558333149760440595380714538500831080, http://localhost:1800/
85558333149760440595380714538500831080, 322294491624679672579461493340971535867 -> a ['Accounts Federation']{'href': '#'}, 31358316778550977529786788011359927828, http://localhost:1800/#
31358316778550977529786788011359927828, 214428792312456838253075818139589393711 -> button [<svg aria-hidden="true" class="MuiSvgIcon-root MuiSvgIcon-fontSizeMedium css-vubbuv" data-testid="HomeOutlinedIcon" focusable="false" viewbox="0 0 24 24", 31358316778550977529786788011359927828, http://localhost:1800/#
31358316778550977529786788011359927828, 214428792312456838253075818139589393711 -> button [<svg aria-hidden="true" class="MuiSvgIcon-root MuiSvgIcon-fontSizeMedium css-vubbuv" data-testid="HomeOutlinedIcon" focusable="false" viewbox="0 0 24 24", 85558333149760440595380714538500831080, http://localhost:1800/
85558333149760440595380714538500831080, None, 85558333149760440595380714538500831080, http://localhost:1800/
85558333149760440595380714538500831080, None, 85558333149760440595380714538500831080, http://localhost:1800/
85558333149760440595380714538500831080, None, 85558333149760440595380714538500831080, http://localhost:1800/
85558333149760440595380714538500831080, 243157659132187107739887812339775519703 -> a ['support@retrospected.com']{'href': 'mailto:support@retrospected.com'}, 85558333149760440595380714538500831080, http://localhost:1800/
85558333149760440595380714538500831080, None, 85558333149760440595380714538500831080, http://localhost:1800/
85558333149760440595380714538500831080, None, 85558333149760440595380714538500831080, http://localhost:1800/
85558333149760440595380714538500831080, None, 85558333149760440595380714538500831080, http://localhost:1800/
85558333149760440595380714538500831080, None, 85558333149760440595380714538500831080, http://localhost:1800/
85558333149760440595380714538500831080, None, 85558333149760440595380714538500831080, http://localhost:1800/
85558333149760440595380714538500831080, None, 85558333149760440595380714538500831080, http://localhost:1800/
85558333149760440595380714538500831080, 53373681658003724634102248118776013108 -> button [<svg aria-hidden="true" class="MuiSvgIcon-root MuiSvgIcon-fontSizeMedium css-vubbuv" data-testid="MenuIcon" focusable="false" viewbox="0 0 24 24", 85558333149760440595380714538500831080, http://localhost:1800/
85558333149760440595380714538500831080, 223198739654013518621001174651680560209 -> a [<div class="pt-4", 85558333149760440595380714538500831080, http://localhost:1800/
85558333149760440595380714538500831080, None, 85558333149760440595380714538500831080, http://localhost:1800/
85558333149760440595380714538500831080, 238260590675663518801515527384327507336 -> a ['Contact us']{'href': 'mailto:support@retrospected.com'}, 85558333149760440595380714538500831080, http://localhost:1800/
85558333149760440595380714538500831080, 238260590675663518801515527384327507336 -> a ['Contact us']{'href': 'mailto:support@retrospected.com'}, 85558333149760440595380714538500831080, http://localhost:1800/
85558333149760440595380714538500831080, None, 85558333149760440595380714538500831080, http://localhost:1800/
85558333149760440595380714538500831080, None, 85558333149760440595380714538500831080, http://localhost:1800/
85558333149760440595380714538500831080, None, 85558333149760440595380714538500831080, http://localhost:1800/
