74155260075949383841988739551624744508, None, 74155260075949383841988739551624744508, http://localhost:1800/
74155260075949383841988739551624744508, None, 74155260075949383841988739551624744508, http://localhost:1800/
74155260075949383841988739551624744508, None, 74155260075949383841988739551624744508, http://localhost:1800/
74155260075949383841988739551624744508, None, 74155260075949383841988739551624744508, http://localhost:1800/
74155260075949383841988739551624744508, None, 74155260075949383841988739551624744508, http://localhost:1800/
74155260075949383841988739551624744508, None, 74155260075949383841988739551624744508, http://localhost:1800/
74155260075949383841988739551624744508, None, 74155260075949383841988739551624744508, http://localhost:1800/
74155260075949383841988739551624744508, 77722075193502781211253785020892441640 -> a []{'href': '/login', 'style': 'color:unset'}, 74155260075949383841988739551624744508, http://localhost:1800/
74155260075949383841988739551624744508, None, 74155260075949383841988739551624744508, http://localhost:1800/
74155260075949383841988739551624744508, None, 74155260075949383841988739551624744508, http://localhost:1800/
74155260075949383841988739551624744508, 243157659132187107739887812339775519703 -> a ['support@retrospected.com']{'href': 'mailto:support@retrospected.com'}, 74155260075949383841988739551624744508, http://localhost:1800/
74155260075949383841988739551624744508, None, 74155260075949383841988739551624744508, http://localhost:1800/
74155260075949383841988739551624744508, 225735037228565691565436968406220070970 -> a [<span class="ti-check-box", 74155260075949383841988739551624744508, http://localhost:1800/
74155260075949383841988739551624744508, None, 74155260075949383841988739551624744508, http://localhost:1800/
74155260075949383841988739551624744508, 131498267285019480364075027932691640882 -> a []{'href': '/subscribe?product=unlimited', 'style': 'color:unset'}, 74155260075949383841988739551624744508, http://localhost:1800/
74155260075949383841988739551624744508, 198330988671355682266587899514732098117 -> a []{'href': '/subscribe?product=team', 'style': 'color:unset'}, 74155260075949383841988739551624744508, http://localhost:1800/
74155260075949383841988739551624744508, None, 74155260075949383841988739551624744508, http://localhost:1800/
74155260075949383841988739551624744508, None, 74155260075949383841988739551624744508, http://localhost:1800/
74155260075949383841988739551624744508, 250804075126493492387859450049616939076 -> button [<span class="MuiButton-startIcon MuiButton-iconSizeMedium css-6xugel", 199222071360682078865197807318038347473, http://localhost:1800/
199222071360682078865197807318038347473, 14953418088132819273620858458932883397 -> input []{'aria-invalid': 'false', 'id': ':r:', 'placeholder': 'Password', 'type': 'password'}, 199222071360682078865197807318038347473, http://localhost:1800/
199222071360682078865197807318038347473, 110921656398700401751292788802731550350 -> button [<span class="MuiButton-startIcon MuiButton-iconSizeMedium css-6xugel", 74155260075949383841988739551624744508, http://localhost:1800/
74155260075949383841988739551624744508, 250804075126493492387859450049616939076 -> button [<span class="MuiButton-startIcon MuiButton-iconSizeMedium css-6xugel", 199222071360682078865197807318038347473, http://localhost:1800/
199222071360682078865197807318038347473, 131421141432614726532812569677343061752 -> a ['Forgot your password?']{'data-cy': 'forgot-password'}, 199222071360682078865197807318038347473, http://localhost:1800/
199222071360682078865197807318038347473, 112041686872988074733923345088035007295 -> input []{'aria-invalid': 'false', 'id': ':r:', 'placeholder': 'E-mail', 'type': 'email'}, 199222071360682078865197807318038347473, http://localhost:1800/
199222071360682078865197807318038347473, 294615786201985294666610207977138871781 -> button ['Login']{'tabindex': '-', 'type': 'button'}, 199222071360682078865197807318038347473, http://localhost:1800/
74155260075949383841988739551624744508, None, 74155260075949383841988739551624744508, http://localhost:1800/
74155260075949383841988739551624744508, 250804075126493492387859450049616939076 -> button [<span class="MuiButton-startIcon MuiButton-iconSizeMedium css-6xugel", 199222071360682078865197807318038347473, http://localhost:1800/
199222071360682078865197807318038347473, 226242277776335130695919162410538900289 -> button ['Anonymous Login', <span class="MuiTouchRipple-root css-w0pj6f", 74155260075949383841988739551624744508, http://localhost:1800/
74155260075949383841988739551624744508, 250804075126493492387859450049616939076 -> button [<span class="MuiButton-startIcon MuiButton-iconSizeMedium css-6xugel", 74155260075949383841988739551624744508, http://localhost:1800/
74155260075949383841988739551624744508, None, 74155260075949383841988739551624744508, http://localhost:1800/
74155260075949383841988739551624744508, 238260590675663518801515527384327507336 -> a ['Contact us']{'href': 'mailto:support@retrospected.com'}, 74155260075949383841988739551624744508, http://localhost:1800/
74155260075949383841988739551624744508, 326260989328514412703228462752826086408 -> a ['contact us']{'href': 'mailto:support@retrospected.com'}, 74155260075949383841988739551624744508, http://localhost:1800/
74155260075949383841988739551624744508, None, 74155260075949383841988739551624744508, http://localhost:1800/
74155260075949383841988739551624744508, None, 74155260075949383841988739551624744508, http://localhost:1800/
74155260075949383841988739551624744508, None, 74155260075949383841988739551624744508, http://localhost:1800/
74155260075949383841988739551624744508, 53373681658003724634102248118776013108 -> button [<svg aria-hidden="true" class="MuiSvgIcon-root MuiSvgIcon-fontSizeMedium css-vubbuv" data-testid="MenuIcon" focusable="false" viewbox="0 0 24 24", 74155260075949383841988739551624744508, http://localhost:1800/
74155260075949383841988739551624744508, 282212841185837970464880490913268752826 -> a [<ul class="list-unstyled text-sm mb-4 pricing-feature-list", 74155260075949383841988739551624744508, http://localhost:1800/
74155260075949383841988739551624744508, None, 74155260075949383841988739551624744508, http://localhost:1800/
74155260075949383841988739551624744508, None, 74155260075949383841988739551624744508, http://localhost:1800/
74155260075949383841988739551624744508, None, 74155260075949383841988739551624744508, http://localhost:1800/
74155260075949383841988739551624744508, 42781586748898556957319857378680623162 -> a []{'href': '/subscribe?product=self-hosted', 'style': 'color:unset'}, 74155260075949383841988739551624744508, http://localhost:1800/
74155260075949383841988739551624744508, None, 74155260075949383841988739551624744508, http://localhost:1800/
74155260075949383841988739551624744508, None, 74155260075949383841988739551624744508, http://localhost:1800/
74155260075949383841988739551624744508, 300198562516559991688995112457008837502 -> button [<svg aria-hidden="true" class="MuiSvgIcon-root MuiSvgIcon-fontSizeMedium css-vubbuv" data-testid="HomeOutlinedIcon" focusable="false" viewbox="0 0 24 24", 74155260075949383841988739551624744508, http://localhost:1800/
74155260075949383841988739551624744508, None, 74155260075949383841988739551624744508, http://localhost:1800/
74155260075949383841988739551624744508, None, 74155260075949383841988739551624744508, http://localhost:1800/
74155260075949383841988739551624744508, 326260989328514412703228462752826086408 -> a ['contact us']{'href': 'mailto:support@retrospected.com'}, 74155260075949383841988739551624744508, http://localhost:1800/
74155260075949383841988739551624744508, None, 74155260075949383841988739551624744508, http://localhost:1800/
74155260075949383841988739551624744508, 300198562516559991688995112457008837502 -> button [<svg aria-hidden="true" class="MuiSvgIcon-root MuiSvgIcon-fontSizeMedium css-vubbuv" data-testid="HomeOutlinedIcon" focusable="false" viewbox="0 0 24 24", 74155260075949383841988739551624744508, http://localhost:1800/
74155260075949383841988739551624744508, None, 74155260075949383841988739551624744508, http://localhost:1800/
74155260075949383841988739551624744508, None, 74155260075949383841988739551624744508, http://localhost:1800/
74155260075949383841988739551624744508, None, 74155260075949383841988739551624744508, http://localhost:1800/
74155260075949383841988739551624744508, None, 74155260075949383841988739551624744508, http://localhost:1800/
74155260075949383841988739551624744508, None, 74155260075949383841988739551624744508, http://localhost:1800/
74155260075949383841988739551624744508, 225735037228565691565436968406220070970 -> a [<span class="ti-check-box", 74155260075949383841988739551624744508, http://localhost:1800/
74155260075949383841988739551624744508, None, 74155260075949383841988739551624744508, http://localhost:1800/
74155260075949383841988739551624744508, None, 74155260075949383841988739551624744508, http://localhost:1800/
74155260075949383841988739551624744508, None, 74155260075949383841988739551624744508, http://localhost:1800/
74155260075949383841988739551624744508, None, 74155260075949383841988739551624744508, http://localhost:1800/
74155260075949383841988739551624744508, None, 74155260075949383841988739551624744508, http://localhost:1800/
74155260075949383841988739551624744508, None, 74155260075949383841988739551624744508, http://localhost:1800/
74155260075949383841988739551624744508, 198330988671355682266587899514732098117 -> a []{'href': '/subscribe?product=team', 'style': 'color:unset'}, 74155260075949383841988739551624744508, http://localhost:1800/
74155260075949383841988739551624744508, 42781586748898556957319857378680623162 -> a []{'href': '/subscribe?product=self-hosted', 'style': 'color:unset'}, 74155260075949383841988739551624744508, http://localhost:1800/
74155260075949383841988739551624744508, None, 74155260075949383841988739551624744508, http://localhost:1800/
74155260075949383841988739551624744508, None, 74155260075949383841988739551624744508, http://localhost:1800/
74155260075949383841988739551624744508, 238260590675663518801515527384327507336 -> a ['Contact us']{'href': 'mailto:support@retrospected.com'}, 74155260075949383841988739551624744508, http://localhost:1800/
74155260075949383841988739551624744508, None, 74155260075949383841988739551624744508, http://localhost:1800/
74155260075949383841988739551624744508, 77722075193502781211253785020892441640 -> a []{'href': '/login', 'style': 'color:unset'}, 74155260075949383841988739551624744508, http://localhost:1800/
74155260075949383841988739551624744508, 243157659132187107739887812339775519703 -> a ['support@retrospected.com']{'href': 'mailto:support@retrospected.com'}, 74155260075949383841988739551624744508, http://localhost:1800/
74155260075949383841988739551624744508, 131498267285019480364075027932691640882 -> a []{'href': '/subscribe?product=unlimited', 'style': 'color:unset'}, 74155260075949383841988739551624744508, http://localhost:1800/
74155260075949383841988739551624744508, 250804075126493492387859450049616939076 -> button [<span class="MuiButton-startIcon MuiButton-iconSizeMedium css-6xugel", 199222071360682078865197807318038347473, http://localhost:1800/
199222071360682078865197807318038347473, 294615786201985294666610207977138871781 -> button ['Login']{'tabindex': '-', 'type': 'button'}, 199222071360682078865197807318038347473, http://localhost:1800/
199222071360682078865197807318038347473, 226242277776335130695919162410538900289 -> button ['Anonymous Login', <span class="MuiTouchRipple-root css-w0pj6f", 74155260075949383841988739551624744508, http://localhost:1800/
74155260075949383841988739551624744508, 250804075126493492387859450049616939076 -> button [<span class="MuiButton-startIcon MuiButton-iconSizeMedium css-6xugel", 74155260075949383841988739551624744508, http://localhost:1800/
74155260075949383841988739551624744508, None, 74155260075949383841988739551624744508, http://localhost:1800/
74155260075949383841988739551624744508, None, 74155260075949383841988739551624744508, http://localhost:1800/
74155260075949383841988739551624744508, None, 74155260075949383841988739551624744508, http://localhost:1800/
74155260075949383841988739551624744508, None, 74155260075949383841988739551624744508, http://localhost:1800/
74155260075949383841988739551624744508, None, 74155260075949383841988739551624744508, http://localhost:1800/
74155260075949383841988739551624744508, None, 74155260075949383841988739551624744508, http://localhost:1800/
74155260075949383841988739551624744508, None, 74155260075949383841988739551624744508, http://localhost:1800/
74155260075949383841988739551624744508, 53373681658003724634102248118776013108 -> button [<svg aria-hidden="true" class="MuiSvgIcon-root MuiSvgIcon-fontSizeMedium css-vubbuv" data-testid="MenuIcon" focusable="false" viewbox="0 0 24 24", 74155260075949383841988739551624744508, http://localhost:1800/
74155260075949383841988739551624744508, 44226831132642797030845329423154588134 -> a ['Simplified Self-Hosting']{'href': '#'}, 142302297422154745784949700579260360479, http://localhost:1800/
74155260075949383841988739551624744508, None, 74155260075949383841988739551624744508, http://localhost:1800/
74155260075949383841988739551624744508, None, 74155260075949383841988739551624744508, http://localhost:1800/
74155260075949383841988739551624744508, None, 74155260075949383841988739551624744508, http://localhost:1800/
74155260075949383841988739551624744508, None, 74155260075949383841988739551624744508, http://localhost:1800/
74155260075949383841988739551624744508, 42781586748898556957319857378680623162 -> a []{'href': '/subscribe?product=self-hosted', 'style': 'color:unset'}, 74155260075949383841988739551624744508, http://localhost:1800/
74155260075949383841988739551624744508, None, 74155260075949383841988739551624744508, http://localhost:1800/
74155260075949383841988739551624744508, 131498267285019480364075027932691640882 -> a []{'href': '/subscribe?product=unlimited', 'style': 'color:unset'}, 74155260075949383841988739551624744508, http://localhost:1800/
74155260075949383841988739551624744508, None, 74155260075949383841988739551624744508, http://localhost:1800/
74155260075949383841988739551624744508, None, 74155260075949383841988739551624744508, http://localhost:1800/
74155260075949383841988739551624744508, 53373681658003724634102248118776013108 -> button [<svg aria-hidden="true" class="MuiSvgIcon-root MuiSvgIcon-fontSizeMedium css-vubbuv" data-testid="MenuIcon" focusable="false" viewbox="0 0 24 24", 74155260075949383841988739551624744508, http://localhost:1800/
74155260075949383841988739551624744508, 151312296811148032693866043478427454199 -> a [<span class="ti-wand", 74155260075949383841988739551624744508, http://localhost:1800/
74155260075949383841988739551624744508, None, 74155260075949383841988739551624744508, http://localhost:1800/
74155260075949383841988739551624744508, None, 74155260075949383841988739551624744508, http://localhost:1800/
74155260075949383841988739551624744508, 198330988671355682266587899514732098117 -> a []{'href': '/subscribe?product=team', 'style': 'color:unset'}, 74155260075949383841988739551624744508, http://localhost:1800/
74155260075949383841988739551624744508, 326260989328514412703228462752826086408 -> a ['contact us']{'href': 'mailto:support@retrospected.com'}, 74155260075949383841988739551624744508, http://localhost:1800/
74155260075949383841988739551624744508, 77722075193502781211253785020892441640 -> a []{'href': '/login', 'style': 'color:unset'}, 74155260075949383841988739551624744508, http://localhost:1800/
74155260075949383841988739551624744508, None, 74155260075949383841988739551624744508, http://localhost:1800/
74155260075949383841988739551624744508, None, 74155260075949383841988739551624744508, http://localhost:1800/
74155260075949383841988739551624744508, 250804075126493492387859450049616939076 -> button [<span class="MuiButton-startIcon MuiButton-iconSizeMedium css-6xugel", 199222071360682078865197807318038347473, http://localhost:1800/
199222071360682078865197807318038347473, 131421141432614726532812569677343061752 -> a ['Forgot your password?']{'data-cy': 'forgot-password'}, 142302297422154745784949700579260360479, http://localhost:1800/
74155260075949383841988739551624744508, None, 74155260075949383841988739551624744508, http://localhost:1800/
74155260075949383841988739551624744508, 250804075126493492387859450049616939076 -> button [<span class="MuiButton-startIcon MuiButton-iconSizeMedium css-6xugel", 199222071360682078865197807318038347473, http://localhost:1800/
199222071360682078865197807318038347473, 131421141432614726532812569677343061752 -> a ['Forgot your password?']{'data-cy': 'forgot-password'}, 142302297422154745784949700579260360479, http://localhost:1800/
74155260075949383841988739551624744508, None, 74155260075949383841988739551624744508, http://localhost:1800/
74155260075949383841988739551624744508, 250804075126493492387859450049616939076 -> button [<span class="MuiButton-startIcon MuiButton-iconSizeMedium css-6xugel", 199222071360682078865197807318038347473, http://localhost:1800/
199222071360682078865197807318038347473, 294615786201985294666610207977138871781 -> button ['Login']{'tabindex': '-', 'type': 'button'}, 199222071360682078865197807318038347473, http://localhost:1800/
199222071360682078865197807318038347473, 110921656398700401751292788802731550350 -> button [<span class="MuiButton-startIcon MuiButton-iconSizeMedium css-6xugel", 74155260075949383841988739551624744508, http://localhost:1800/
74155260075949383841988739551624744508, None, 74155260075949383841988739551624744508, http://localhost:1800/
74155260075949383841988739551624744508, None, 74155260075949383841988739551624744508, http://localhost:1800/
74155260075949383841988739551624744508, 238260590675663518801515527384327507336 -> a ['Contact us']{'href': 'mailto:support@retrospected.com'}, 74155260075949383841988739551624744508, http://localhost:1800/
74155260075949383841988739551624744508, 243157659132187107739887812339775519703 -> a ['support@retrospected.com']{'href': 'mailto:support@retrospected.com'}, 74155260075949383841988739551624744508, http://localhost:1800/
74155260075949383841988739551624744508, 225735037228565691565436968406220070970 -> a [<span class="ti-check-box", 74155260075949383841988739551624744508, http://localhost:1800/
74155260075949383841988739551624744508, None, 74155260075949383841988739551624744508, http://localhost:1800/
74155260075949383841988739551624744508, None, 74155260075949383841988739551624744508, http://localhost:1800/
74155260075949383841988739551624744508, None, 74155260075949383841988739551624744508, http://localhost:1800/
74155260075949383841988739551624744508, None, 74155260075949383841988739551624744508, http://localhost:1800/
74155260075949383841988739551624744508, None, 74155260075949383841988739551624744508, http://localhost:1800/
74155260075949383841988739551624744508, None, 74155260075949383841988739551624744508, http://localhost:1800/
74155260075949383841988739551624744508, None, 74155260075949383841988739551624744508, http://localhost:1800/
74155260075949383841988739551624744508, None, 74155260075949383841988739551624744508, http://localhost:1800/
74155260075949383841988739551624744508, None, 74155260075949383841988739551624744508, http://localhost:1800/
74155260075949383841988739551624744508, None, 74155260075949383841988739551624744508, http://localhost:1800/
74155260075949383841988739551624744508, None, 74155260075949383841988739551624744508, http://localhost:1800/
74155260075949383841988739551624744508, None, 74155260075949383841988739551624744508, http://localhost:1800/
74155260075949383841988739551624744508, 300198562516559991688995112457008837502 -> button [<svg aria-hidden="true" class="MuiSvgIcon-root MuiSvgIcon-fontSizeMedium css-vubbuv" data-testid="HomeOutlinedIcon" focusable="false" viewbox="0 0 24 24", 74155260075949383841988739551624744508, http://localhost:1800/
74155260075949383841988739551624744508, None, 74155260075949383841988739551624744508, http://localhost:1800/
74155260075949383841988739551624744508, None, 74155260075949383841988739551624744508, http://localhost:1800/
74155260075949383841988739551624744508, 326260989328514412703228462752826086408 -> a ['contact us']{'href': 'mailto:support@retrospected.com'}, 74155260075949383841988739551624744508, http://localhost:1800/
74155260075949383841988739551624744508, None, 74155260075949383841988739551624744508, http://localhost:1800/
74155260075949383841988739551624744508, 77722075193502781211253785020892441640 -> a []{'href': '/login', 'style': 'color:unset'}, 74155260075949383841988739551624744508, http://localhost:1800/
74155260075949383841988739551624744508, None, 74155260075949383841988739551624744508, http://localhost:1800/
74155260075949383841988739551624744508, None, 74155260075949383841988739551624744508, http://localhost:1800/
74155260075949383841988739551624744508, 131498267285019480364075027932691640882 -> a []{'href': '/subscribe?product=unlimited', 'style': 'color:unset'}, 74155260075949383841988739551624744508, http://localhost:1800/
74155260075949383841988739551624744508, None, 74155260075949383841988739551624744508, http://localhost:1800/
74155260075949383841988739551624744508, None, 74155260075949383841988739551624744508, http://localhost:1800/
74155260075949383841988739551624744508, 238260590675663518801515527384327507336 -> a ['Contact us']{'href': 'mailto:support@retrospected.com'}, 74155260075949383841988739551624744508, http://localhost:1800/
74155260075949383841988739551624744508, None, 74155260075949383841988739551624744508, http://localhost:1800/
74155260075949383841988739551624744508, None, 74155260075949383841988739551624744508, http://localhost:1800/
74155260075949383841988739551624744508, 225735037228565691565436968406220070970 -> a [<span class="ti-check-box", 74155260075949383841988739551624744508, http://localhost:1800/
74155260075949383841988739551624744508, None, 74155260075949383841988739551624744508, http://localhost:1800/
74155260075949383841988739551624744508, None, 74155260075949383841988739551624744508, http://localhost:1800/
74155260075949383841988739551624744508, None, 74155260075949383841988739551624744508, http://localhost:1800/
74155260075949383841988739551624744508, 243157659132187107739887812339775519703 -> a ['support@retrospected.com']{'href': 'mailto:support@retrospected.com'}, 74155260075949383841988739551624744508, http://localhost:1800/
74155260075949383841988739551624744508, 198330988671355682266587899514732098117 -> a []{'href': '/subscribe?product=team', 'style': 'color:unset'}, 74155260075949383841988739551624744508, http://localhost:1800/
74155260075949383841988739551624744508, None, 74155260075949383841988739551624744508, http://localhost:1800/
74155260075949383841988739551624744508, None, 74155260075949383841988739551624744508, http://localhost:1800/
74155260075949383841988739551624744508, None, 74155260075949383841988739551624744508, http://localhost:1800/
74155260075949383841988739551624744508, None, 74155260075949383841988739551624744508, http://localhost:1800/
74155260075949383841988739551624744508, None, 74155260075949383841988739551624744508, http://localhost:1800/
74155260075949383841988739551624744508, 250804075126493492387859450049616939076 -> button [<span class="MuiButton-startIcon MuiButton-iconSizeMedium css-6xugel", 199222071360682078865197807318038347473, http://localhost:1800/
199222071360682078865197807318038347473, 205609482699170294916794736180661898124 -> a ['Not registered? Click here']{'data-cy': 'register'}, 142302297422154745784949700579260360479, http://localhost:1800/
142302297422154745784949700579260360479, 280511986802698933331613103471830861367 -> input []{'aria-invalid': 'false', 'id': ':r:', 'placeholder': 'E-mail', 'type': 'text'}, 142302297422154745784949700579260360479, http://localhost:1800/
142302297422154745784949700579260360479, 72213492005091298186666777082408397531 -> button ['Register']{'tabindex': '-', 'type': 'button', 'data-cy': 'register-button'}, 142302297422154745784949700579260360479, http://localhost:1800/
142302297422154745784949700579260360479, 286131331950882731092650826751027803502 -> input []{'aria-invalid': 'false', 'id': ':r:', 'placeholder': 'Your name (for display purposes)', 'type': 'text'}, 142302297422154745784949700579260360479, http://localhost:1800/
142302297422154745784949700579260360479, 72213492005091298186666777082408397531 -> button ['Register']{'tabindex': '-', 'type': 'button', 'data-cy': 'register-button'}, 142302297422154745784949700579260360479, http://localhost:1800/
142302297422154745784949700579260360479, 72213492005091298186666777082408397531 -> button ['Register']{'tabindex': '-', 'type': 'button', 'data-cy': 'register-button'}, 142302297422154745784949700579260360479, http://localhost:1800/
142302297422154745784949700579260360479, 72213492005091298186666777082408397531 -> button ['Register']{'tabindex': '-', 'type': 'button', 'data-cy': 'register-button'}, 142302297422154745784949700579260360479, http://localhost:1800/
74155260075949383841988739551624744508, None, 74155260075949383841988739551624744508, http://localhost:1800/
74155260075949383841988739551624744508, 250804075126493492387859450049616939076 -> button [<span class="MuiButton-startIcon MuiButton-iconSizeMedium css-6xugel", 199222071360682078865197807318038347473, http://localhost:1800/
199222071360682078865197807318038347473, 205609482699170294916794736180661898124 -> a ['Not registered? Click here']{'data-cy': 'register'}, 142302297422154745784949700579260360479, http://localhost:1800/
142302297422154745784949700579260360479, 286131331950882731092650826751027803502 -> input []{'aria-invalid': 'false', 'id': ':r:', 'placeholder': 'Your name (for display purposes)', 'type': 'text'}, 142302297422154745784949700579260360479, http://localhost:1800/
142302297422154745784949700579260360479, 72213492005091298186666777082408397531 -> button ['Register']{'tabindex': '-', 'type': 'button', 'data-cy': 'register-button'}, 142302297422154745784949700579260360479, http://localhost:1800/
142302297422154745784949700579260360479, 280511986802698933331613103471830861367 -> input []{'aria-invalid': 'false', 'id': ':r:', 'placeholder': 'E-mail', 'type': 'text'}, 142302297422154745784949700579260360479, http://localhost:1800/
142302297422154745784949700579260360479, 72213492005091298186666777082408397531 -> button ['Register']{'tabindex': '-', 'type': 'button', 'data-cy': 'register-button'}, 142302297422154745784949700579260360479, http://localhost:1800/
142302297422154745784949700579260360479, 286131331950882731092650826751027803502 -> input []{'aria-invalid': 'false', 'id': ':r:', 'placeholder': 'Your name (for display purposes)', 'type': 'text'}, 142302297422154745784949700579260360479, http://localhost:1800/
142302297422154745784949700579260360479, 280511986802698933331613103471830861367 -> input []{'aria-invalid': 'false', 'id': ':r:', 'placeholder': 'E-mail', 'type': 'text'}, 142302297422154745784949700579260360479, http://localhost:1800/
74155260075949383841988739551624744508, None, 74155260075949383841988739551624744508, http://localhost:1800/
74155260075949383841988739551624744508, 250804075126493492387859450049616939076 -> button [<span class="MuiButton-startIcon MuiButton-iconSizeMedium css-6xugel", 199222071360682078865197807318038347473, http://localhost:1800/
199222071360682078865197807318038347473, 131421141432614726532812569677343061752 -> a ['Forgot your password?']{'data-cy': 'forgot-password'}, 142302297422154745784949700579260360479, http://localhost:1800/
74155260075949383841988739551624744508, None, 74155260075949383841988739551624744508, http://localhost:1800/
74155260075949383841988739551624744508, 250804075126493492387859450049616939076 -> button [<span class="MuiButton-startIcon MuiButton-iconSizeMedium css-6xugel", 199222071360682078865197807318038347473, http://localhost:1800/
199222071360682078865197807318038347473, 131421141432614726532812569677343061752 -> a ['Forgot your password?']{'data-cy': 'forgot-password'}, 142302297422154745784949700579260360479, http://localhost:1800/
74155260075949383841988739551624744508, None, 74155260075949383841988739551624744508, http://localhost:1800/
74155260075949383841988739551624744508, 250804075126493492387859450049616939076 -> button [<span class="MuiButton-startIcon MuiButton-iconSizeMedium css-6xugel", 199222071360682078865197807318038347473, http://localhost:1800/
199222071360682078865197807318038347473, 294615786201985294666610207977138871781 -> button ['Login']{'tabindex': '-', 'type': 'button'}, 199222071360682078865197807318038347473, http://localhost:1800/
199222071360682078865197807318038347473, 110921656398700401751292788802731550350 -> button [<span class="MuiButton-startIcon MuiButton-iconSizeMedium css-6xugel", 74155260075949383841988739551624744508, http://localhost:1800/
74155260075949383841988739551624744508, None, 74155260075949383841988739551624744508, http://localhost:1800/
74155260075949383841988739551624744508, None, 74155260075949383841988739551624744508, http://localhost:1800/
74155260075949383841988739551624744508, None, 74155260075949383841988739551624744508, http://localhost:1800/
74155260075949383841988739551624744508, 300198562516559991688995112457008837502 -> button [<svg aria-hidden="true" class="MuiSvgIcon-root MuiSvgIcon-fontSizeMedium css-vubbuv" data-testid="HomeOutlinedIcon" focusable="false" viewbox="0 0 24 24", 74155260075949383841988739551624744508, http://localhost:1800/
74155260075949383841988739551624744508, None, 74155260075949383841988739551624744508, http://localhost:1800/
74155260075949383841988739551624744508, None, 74155260075949383841988739551624744508, http://localhost:1800/
74155260075949383841988739551624744508, None, 74155260075949383841988739551624744508, http://localhost:1800/
74155260075949383841988739551624744508, None, 74155260075949383841988739551624744508, http://localhost:1800/
74155260075949383841988739551624744508, None, 74155260075949383841988739551624744508, http://localhost:1800/
74155260075949383841988739551624744508, 53373681658003724634102248118776013108 -> button [<svg aria-hidden="true" class="MuiSvgIcon-root MuiSvgIcon-fontSizeMedium css-vubbuv" data-testid="MenuIcon" focusable="false" viewbox="0 0 24 24", 74155260075949383841988739551624744508, http://localhost:1800/
74155260075949383841988739551624744508, 42781586748898556957319857378680623162 -> a []{'href': '/subscribe?product=self-hosted', 'style': 'color:unset'}, 74155260075949383841988739551624744508, http://localhost:1800/
74155260075949383841988739551624744508, 231932781397952616542666070090653703638 -> a [<div class="pt-4", 74155260075949383841988739551624744508, http://localhost:1800/
74155260075949383841988739551624744508, 131498267285019480364075027932691640882 -> a []{'href': '/subscribe?product=unlimited', 'style': 'color:unset'}, 74155260075949383841988739551624744508, http://localhost:1800/
74155260075949383841988739551624744508, None, 74155260075949383841988739551624744508, http://localhost:1800/
74155260075949383841988739551624744508, None, 74155260075949383841988739551624744508, http://localhost:1800/
74155260075949383841988739551624744508, None, 74155260075949383841988739551624744508, http://localhost:1800/
74155260075949383841988739551624744508, None, 74155260075949383841988739551624744508, http://localhost:1800/
74155260075949383841988739551624744508, None, 74155260075949383841988739551624744508, http://localhost:1800/
74155260075949383841988739551624744508, None, 74155260075949383841988739551624744508, http://localhost:1800/
74155260075949383841988739551624744508, 42781586748898556957319857378680623162 -> a []{'href': '/subscribe?product=self-hosted', 'style': 'color:unset'}, 74155260075949383841988739551624744508, http://localhost:1800/
74155260075949383841988739551624744508, None, 74155260075949383841988739551624744508, http://localhost:1800/
74155260075949383841988739551624744508, None, 74155260075949383841988739551624744508, http://localhost:1800/
74155260075949383841988739551624744508, 300198562516559991688995112457008837502 -> button [<svg aria-hidden="true" class="MuiSvgIcon-root MuiSvgIcon-fontSizeMedium css-vubbuv" data-testid="HomeOutlinedIcon" focusable="false" viewbox="0 0 24 24", 74155260075949383841988739551624744508, http://localhost:1800/
74155260075949383841988739551624744508, 198330988671355682266587899514732098117 -> a []{'href': '/subscribe?product=team', 'style': 'color:unset'}, 74155260075949383841988739551624744508, http://localhost:1800/
74155260075949383841988739551624744508, None, 74155260075949383841988739551624744508, http://localhost:1800/
74155260075949383841988739551624744508, None, 74155260075949383841988739551624744508, http://localhost:1800/
74155260075949383841988739551624744508, 243157659132187107739887812339775519703 -> a ['support@retrospected.com']{'href': 'mailto:support@retrospected.com'}, 74155260075949383841988739551624744508, http://localhost:1800/
74155260075949383841988739551624744508, None, 74155260075949383841988739551624744508, http://localhost:1800/
74155260075949383841988739551624744508, None, 74155260075949383841988739551624744508, http://localhost:1800/
74155260075949383841988739551624744508, None, 74155260075949383841988739551624744508, http://localhost:1800/
74155260075949383841988739551624744508, 131498267285019480364075027932691640882 -> a []{'href': '/subscribe?product=unlimited', 'style': 'color:unset'}, 74155260075949383841988739551624744508, http://localhost:1800/
74155260075949383841988739551624744508, 326260989328514412703228462752826086408 -> a ['contact us']{'href': 'mailto:support@retrospected.com'}, 74155260075949383841988739551624744508, http://localhost:1800/
74155260075949383841988739551624744508, 225735037228565691565436968406220070970 -> a [<span class="ti-check-box", 74155260075949383841988739551624744508, http://localhost:1800/
74155260075949383841988739551624744508, None, 74155260075949383841988739551624744508, http://localhost:1800/
74155260075949383841988739551624744508, 77722075193502781211253785020892441640 -> a []{'href': '/login', 'style': 'color:unset'}, 74155260075949383841988739551624744508, http://localhost:1800/
74155260075949383841988739551624744508, None, 74155260075949383841988739551624744508, http://localhost:1800/
74155260075949383841988739551624744508, None, 74155260075949383841988739551624744508, http://localhost:1800/
74155260075949383841988739551624744508, 238260590675663518801515527384327507336 -> a ['Contact us']{'href': 'mailto:support@retrospected.com'}, 74155260075949383841988739551624744508, http://localhost:1800/
74155260075949383841988739551624744508, None, 74155260075949383841988739551624744508, http://localhost:1800/
74155260075949383841988739551624744508, None, 74155260075949383841988739551624744508, http://localhost:1800/
74155260075949383841988739551624744508, None, 74155260075949383841988739551624744508, http://localhost:1800/
74155260075949383841988739551624744508, None, 74155260075949383841988739551624744508, http://localhost:1800/
74155260075949383841988739551624744508, None, 74155260075949383841988739551624744508, http://localhost:1800/
74155260075949383841988739551624744508, None, 74155260075949383841988739551624744508, http://localhost:1800/
74155260075949383841988739551624744508, None, 74155260075949383841988739551624744508, http://localhost:1800/
74155260075949383841988739551624744508, None, 74155260075949383841988739551624744508, http://localhost:1800/
74155260075949383841988739551624744508, 53373681658003724634102248118776013108 -> button [<svg aria-hidden="true" class="MuiSvgIcon-root MuiSvgIcon-fontSizeMedium css-vubbuv" data-testid="MenuIcon" focusable="false" viewbox="0 0 24 24", 74155260075949383841988739551624744508, http://localhost:1800/
74155260075949383841988739551624744508, 250804075126493492387859450049616939076 -> button [<span class="MuiButton-startIcon MuiButton-iconSizeMedium css-6xugel", 74155260075949383841988739551624744508, http://localhost:1800/
74155260075949383841988739551624744508, 251504558788066875833468717256383623798 -> a [<ul class="list-unstyled text-sm mb-4 pricing-feature-list", 74155260075949383841988739551624744508, http://localhost:1800/
74155260075949383841988739551624744508, None, 74155260075949383841988739551624744508, http://localhost:1800/
74155260075949383841988739551624744508, None, 74155260075949383841988739551624744508, http://localhost:1800/
74155260075949383841988739551624744508, 198330988671355682266587899514732098117 -> a []{'href': '/subscribe?product=team', 'style': 'color:unset'}, 74155260075949383841988739551624744508, http://localhost:1800/
74155260075949383841988739551624744508, 42781586748898556957319857378680623162 -> a []{'href': '/subscribe?product=self-hosted', 'style': 'color:unset'}, 74155260075949383841988739551624744508, http://localhost:1800/
74155260075949383841988739551624744508, 238260590675663518801515527384327507336 -> a ['Contact us']{'href': 'mailto:support@retrospected.com'}, 74155260075949383841988739551624744508, http://localhost:1800/
74155260075949383841988739551624744508, 53373681658003724634102248118776013108 -> button [<svg aria-hidden="true" class="MuiSvgIcon-root MuiSvgIcon-fontSizeMedium css-vubbuv" data-testid="MenuIcon" focusable="false" viewbox="0 0 24 24", 74155260075949383841988739551624744508, http://localhost:1800/
74155260075949383841988739551624744508, 326260989328514412703228462752826086408 -> a ['contact us']{'href': 'mailto:support@retrospected.com'}, 74155260075949383841988739551624744508, http://localhost:1800/
74155260075949383841988739551624744508, None, 74155260075949383841988739551624744508, http://localhost:1800/
74155260075949383841988739551624744508, None, 74155260075949383841988739551624744508, http://localhost:1800/
74155260075949383841988739551624744508, 225735037228565691565436968406220070970 -> a [<span class="ti-check-box", 74155260075949383841988739551624744508, http://localhost:1800/
74155260075949383841988739551624744508, None, 74155260075949383841988739551624744508, http://localhost:1800/
74155260075949383841988739551624744508, None, 74155260075949383841988739551624744508, http://localhost:1800/
74155260075949383841988739551624744508, None, 74155260075949383841988739551624744508, http://localhost:1800/
74155260075949383841988739551624744508, None, 74155260075949383841988739551624744508, http://localhost:1800/
74155260075949383841988739551624744508, 77722075193502781211253785020892441640 -> a []{'href': '/login', 'style': 'color:unset'}, 74155260075949383841988739551624744508, http://localhost:1800/
74155260075949383841988739551624744508, None, 74155260075949383841988739551624744508, http://localhost:1800/
74155260075949383841988739551624744508, None, 74155260075949383841988739551624744508, http://localhost:1800/
74155260075949383841988739551624744508, None, 74155260075949383841988739551624744508, http://localhost:1800/
74155260075949383841988739551624744508, None, 74155260075949383841988739551624744508, http://localhost:1800/
74155260075949383841988739551624744508, 131498267285019480364075027932691640882 -> a []{'href': '/subscribe?product=unlimited', 'style': 'color:unset'}, 74155260075949383841988739551624744508, http://localhost:1800/
74155260075949383841988739551624744508, None, 74155260075949383841988739551624744508, http://localhost:1800/
74155260075949383841988739551624744508, None, 74155260075949383841988739551624744508, http://localhost:1800/
74155260075949383841988739551624744508, None, 74155260075949383841988739551624744508, http://localhost:1800/
74155260075949383841988739551624744508, None, 74155260075949383841988739551624744508, http://localhost:1800/
74155260075949383841988739551624744508, None, 74155260075949383841988739551624744508, http://localhost:1800/
74155260075949383841988739551624744508, None, 74155260075949383841988739551624744508, http://localhost:1800/
74155260075949383841988739551624744508, None, 74155260075949383841988739551624744508, http://localhost:1800/
74155260075949383841988739551624744508, None, 74155260075949383841988739551624744508, http://localhost:1800/
74155260075949383841988739551624744508, 300198562516559991688995112457008837502 -> button [<svg aria-hidden="true" class="MuiSvgIcon-root MuiSvgIcon-fontSizeMedium css-vubbuv" data-testid="HomeOutlinedIcon" focusable="false" viewbox="0 0 24 24", 74155260075949383841988739551624744508, http://localhost:1800/
74155260075949383841988739551624744508, 322294491624679672579461493340971535867 -> a ['Accounts Federation']{'href': '#'}, 31358316778550977529786788011359927828, http://localhost:1800/#
31358316778550977529786788011359927828, 214428792312456838253075818139589393711 -> button [<svg aria-hidden="true" class="MuiSvgIcon-root MuiSvgIcon-fontSizeMedium css-vubbuv" data-testid="HomeOutlinedIcon" focusable="false" viewbox="0 0 24 24", 31358316778550977529786788011359927828, http://localhost:1800/#
31358316778550977529786788011359927828, 214428792312456838253075818139589393711 -> button [<svg aria-hidden="true" class="MuiSvgIcon-root MuiSvgIcon-fontSizeMedium css-vubbuv" data-testid="HomeOutlinedIcon" focusable="false" viewbox="0 0 24 24", 74155260075949383841988739551624744508, http://localhost:1800/
74155260075949383841988739551624744508, 322294491624679672579461493340971535867 -> a ['Accounts Federation']{'href': '#'}, 31358316778550977529786788011359927828, http://localhost:1800/#
31358316778550977529786788011359927828, 214428792312456838253075818139589393711 -> button [<svg aria-hidden="true" class="MuiSvgIcon-root MuiSvgIcon-fontSizeMedium css-vubbuv" data-testid="HomeOutlinedIcon" focusable="false" viewbox="0 0 24 24", 74155260075949383841988739551624744508, http://localhost:1800/
74155260075949383841988739551624744508, None, 74155260075949383841988739551624744508, http://localhost:1800/
74155260075949383841988739551624744508, 243157659132187107739887812339775519703 -> a ['support@retrospected.com']{'href': 'mailto:support@retrospected.com'}, 74155260075949383841988739551624744508, http://localhost:1800/
74155260075949383841988739551624744508, None, 74155260075949383841988739551624744508, http://localhost:1800/
74155260075949383841988739551624744508, 250804075126493492387859450049616939076 -> button [<span class="MuiButton-startIcon MuiButton-iconSizeMedium css-6xugel", 199222071360682078865197807318038347473, http://localhost:1800/
199222071360682078865197807318038347473, 294615786201985294666610207977138871781 -> button ['Login']{'tabindex': '-', 'type': 'button'}, 199222071360682078865197807318038347473, http://localhost:1800/
199222071360682078865197807318038347473, 73700004092756364756793828762689282945 -> button ['Password', <span class="MuiTouchRipple-root css-w0pj6f", 199222071360682078865197807318038347473, http://localhost:1800/
199222071360682078865197807318038347473, 110921656398700401751292788802731550350 -> button [<span class="MuiButton-startIcon MuiButton-iconSizeMedium css-6xugel", 74155260075949383841988739551624744508, http://localhost:1800/
74155260075949383841988739551624744508, None, 74155260075949383841988739551624744508, http://localhost:1800/
74155260075949383841988739551624744508, None, 74155260075949383841988739551624744508, http://localhost:1800/
74155260075949383841988739551624744508, None, 74155260075949383841988739551624744508, http://localhost:1800/
74155260075949383841988739551624744508, None, 74155260075949383841988739551624744508, http://localhost:1800/
74155260075949383841988739551624744508, None, 74155260075949383841988739551624744508, http://localhost:1800/
74155260075949383841988739551624744508, None, 74155260075949383841988739551624744508, http://localhost:1800/
74155260075949383841988739551624744508, 198330988671355682266587899514732098117 -> a []{'href': '/subscribe?product=team', 'style': 'color:unset'}, 74155260075949383841988739551624744508, http://localhost:1800/
74155260075949383841988739551624744508, None, 74155260075949383841988739551624744508, http://localhost:1800/
74155260075949383841988739551624744508, 131498267285019480364075027932691640882 -> a []{'href': '/subscribe?product=unlimited', 'style': 'color:unset'}, 74155260075949383841988739551624744508, http://localhost:1800/
74155260075949383841988739551624744508, 77722075193502781211253785020892441640 -> a []{'href': '/login', 'style': 'color:unset'}, 74155260075949383841988739551624744508, http://localhost:1800/
74155260075949383841988739551624744508, None, 74155260075949383841988739551624744508, http://localhost:1800/
74155260075949383841988739551624744508, 250804075126493492387859450049616939076 -> button [<span class="MuiButton-startIcon MuiButton-iconSizeMedium css-6xugel", 199222071360682078865197807318038347473, http://localhost:1800/
199222071360682078865197807318038347473, 205609482699170294916794736180661898124 -> a ['Not registered? Click here']{'data-cy': 'register'}, 142302297422154745784949700579260360479, http://localhost:1800/
142302297422154745784949700579260360479, 72213492005091298186666777082408397531 -> button ['Register']{'tabindex': '-', 'type': 'button', 'data-cy': 'register-button'}, 142302297422154745784949700579260360479, http://localhost:1800/
142302297422154745784949700579260360479, 280511986802698933331613103471830861367 -> input []{'aria-invalid': 'false', 'id': ':r:', 'placeholder': 'E-mail', 'type': 'text'}, 142302297422154745784949700579260360479, http://localhost:1800/
142302297422154745784949700579260360479, 286131331950882731092650826751027803502 -> input []{'aria-invalid': 'false', 'id': ':r:', 'placeholder': 'Your name (for display purposes)', 'type': 'text'}, 142302297422154745784949700579260360479, http://localhost:1800/
142302297422154745784949700579260360479, 286131331950882731092650826751027803502 -> input []{'aria-invalid': 'false', 'id': ':r:', 'placeholder': 'Your name (for display purposes)', 'type': 'text'}, 142302297422154745784949700579260360479, http://localhost:1800/
142302297422154745784949700579260360479, 72213492005091298186666777082408397531 -> button ['Register']{'tabindex': '-', 'type': 'button', 'data-cy': 'register-button'}, 142302297422154745784949700579260360479, http://localhost:1800/
142302297422154745784949700579260360479, 72213492005091298186666777082408397531 -> button ['Register']{'tabindex': '-', 'type': 'button', 'data-cy': 'register-button'}, 142302297422154745784949700579260360479, http://localhost:1800/
74155260075949383841988739551624744508, None, 74155260075949383841988739551624744508, http://localhost:1800/
74155260075949383841988739551624744508, 250804075126493492387859450049616939076 -> button [<span class="MuiButton-startIcon MuiButton-iconSizeMedium css-6xugel", 199222071360682078865197807318038347473, http://localhost:1800/
199222071360682078865197807318038347473, 205609482699170294916794736180661898124 -> a ['Not registered? Click here']{'data-cy': 'register'}, 142302297422154745784949700579260360479, http://localhost:1800/
142302297422154745784949700579260360479, 286131331950882731092650826751027803502 -> input []{'aria-invalid': 'false', 'id': ':r:', 'placeholder': 'Your name (for display purposes)', 'type': 'text'}, 142302297422154745784949700579260360479, http://localhost:1800/
142302297422154745784949700579260360479, 280511986802698933331613103471830861367 -> input []{'aria-invalid': 'false', 'id': ':r:', 'placeholder': 'E-mail', 'type': 'text'}, 142302297422154745784949700579260360479, http://localhost:1800/
142302297422154745784949700579260360479, 286131331950882731092650826751027803502 -> input []{'aria-invalid': 'false', 'id': ':r:', 'placeholder': 'Your name (for display purposes)', 'type': 'text'}, 142302297422154745784949700579260360479, http://localhost:1800/
142302297422154745784949700579260360479, 280511986802698933331613103471830861367 -> input []{'aria-invalid': 'false', 'id': ':r:', 'placeholder': 'E-mail', 'type': 'text'}, 142302297422154745784949700579260360479, http://localhost:1800/
142302297422154745784949700579260360479, 280511986802698933331613103471830861367 -> input []{'aria-invalid': 'false', 'id': ':r:', 'placeholder': 'E-mail', 'type': 'text'}, 142302297422154745784949700579260360479, http://localhost:1800/
142302297422154745784949700579260360479, 280511986802698933331613103471830861367 -> input []{'aria-invalid': 'false', 'id': ':r:', 'placeholder': 'E-mail', 'type': 'text'}, 142302297422154745784949700579260360479, http://localhost:1800/
74155260075949383841988739551624744508, None, 74155260075949383841988739551624744508, http://localhost:1800/
74155260075949383841988739551624744508, 250804075126493492387859450049616939076 -> button [<span class="MuiButton-startIcon MuiButton-iconSizeMedium css-6xugel", 199222071360682078865197807318038347473, http://localhost:1800/
199222071360682078865197807318038347473, 73700004092756364756793828762689282945 -> button ['Password', <span class="MuiTouchRipple-root css-w0pj6f", 199222071360682078865197807318038347473, http://localhost:1800/
199222071360682078865197807318038347473, 112041686872988074733923345088035007295 -> input []{'aria-invalid': 'false', 'id': ':r:', 'placeholder': 'E-mail', 'type': 'email'}, 142302297422154745784949700579260360479, http://localhost:1800/
142302297422154745784949700579260360479, 289164177021143186820808446715805194870 -> button ['Password', <span class="MuiTouchRipple-root css-w0pj6f", 142302297422154745784949700579260360479, http://localhost:1800/
142302297422154745784949700579260360479, 192441912801598877784212617626576771340 -> input []{'aria-invalid': 'false', 'id': ':r:', 'placeholder': 'E-mail', 'type': 'email', 'value': 'billyates@example.org'}, 142302297422154745784949700579260360479, http://localhost:1800/
142302297422154745784949700579260360479, 192441912801598877784212617626576771340 -> input []{'aria-invalid': 'false', 'id': ':r:', 'placeholder': 'E-mail', 'type': 'email', 'value': 'billyates@example.org'}, 142302297422154745784949700579260360479, http://localhost:1800/
142302297422154745784949700579260360479, 192441912801598877784212617626576771340 -> input []{'aria-invalid': 'false', 'id': ':r:', 'placeholder': 'E-mail', 'type': 'email', 'value': 'billyates@example.org'}, 142302297422154745784949700579260360479, http://localhost:1800/
142302297422154745784949700579260360479, 192441912801598877784212617626576771340 -> input []{'aria-invalid': 'false', 'id': ':r:', 'placeholder': 'E-mail', 'type': 'email', 'value': 'billyates@example.org'}, 142302297422154745784949700579260360479, http://localhost:1800/
74155260075949383841988739551624744508, None, 74155260075949383841988739551624744508, http://localhost:1800/
74155260075949383841988739551624744508, 250804075126493492387859450049616939076 -> button [<span class="MuiButton-startIcon MuiButton-iconSizeMedium css-6xugel", 199222071360682078865197807318038347473, http://localhost:1800/
199222071360682078865197807318038347473, 112041686872988074733923345088035007295 -> input []{'aria-invalid': 'false', 'id': ':r:', 'placeholder': 'E-mail', 'type': 'email'}, 142302297422154745784949700579260360479, http://localhost:1800/
142302297422154745784949700579260360479, 224961271917172254933324070902612624375 -> input []{'aria-invalid': 'false', 'id': ':r:', 'placeholder': 'E-mail', 'type': 'email', 'value': 'marcboone@example.net'}, 142302297422154745784949700579260360479, http://localhost:1800/
142302297422154745784949700579260360479, 224961271917172254933324070902612624375 -> input []{'aria-invalid': 'false', 'id': ':r:', 'placeholder': 'E-mail', 'type': 'email', 'value': 'marcboone@example.net'}, 142302297422154745784949700579260360479, http://localhost:1800/
142302297422154745784949700579260360479, 224961271917172254933324070902612624375 -> input []{'aria-invalid': 'false', 'id': ':r:', 'placeholder': 'E-mail', 'type': 'email', 'value': 'marcboone@example.net'}, 142302297422154745784949700579260360479, http://localhost:1800/
142302297422154745784949700579260360479, 224961271917172254933324070902612624375 -> input []{'aria-invalid': 'false', 'id': ':r:', 'placeholder': 'E-mail', 'type': 'email', 'value': 'marcboone@example.net'}, 142302297422154745784949700579260360479, http://localhost:1800/
142302297422154745784949700579260360479, 224961271917172254933324070902612624375 -> input []{'aria-invalid': 'false', 'id': ':r:', 'placeholder': 'E-mail', 'type': 'email', 'value': 'marcboone@example.net'}, 142302297422154745784949700579260360479, http://localhost:1800/
142302297422154745784949700579260360479, 224961271917172254933324070902612624375 -> input []{'aria-invalid': 'false', 'id': ':r:', 'placeholder': 'E-mail', 'type': 'email', 'value': 'marcboone@example.net'}, 142302297422154745784949700579260360479, http://localhost:1800/
74155260075949383841988739551624744508, None, 74155260075949383841988739551624744508, http://localhost:1800/
74155260075949383841988739551624744508, 250804075126493492387859450049616939076 -> button [<span class="MuiButton-startIcon MuiButton-iconSizeMedium css-6xugel", 199222071360682078865197807318038347473, http://localhost:1800/
199222071360682078865197807318038347473, 112041686872988074733923345088035007295 -> input []{'aria-invalid': 'false', 'id': ':r:', 'placeholder': 'E-mail', 'type': 'email'}, 142302297422154745784949700579260360479, http://localhost:1800/
142302297422154745784949700579260360479, 289351930322681731347454189256439745306 -> input []{'aria-invalid': 'false', 'id': ':r:', 'placeholder': 'E-mail', 'type': 'email', 'value': 'chaneypatricia@example.net'}, 142302297422154745784949700579260360479, http://localhost:1800/
142302297422154745784949700579260360479, 289351930322681731347454189256439745306 -> input []{'aria-invalid': 'false', 'id': ':r:', 'placeholder': 'E-mail', 'type': 'email', 'value': 'chaneypatricia@example.net'}, 142302297422154745784949700579260360479, http://localhost:1800/
142302297422154745784949700579260360479, 289351930322681731347454189256439745306 -> input []{'aria-invalid': 'false', 'id': ':r:', 'placeholder': 'E-mail', 'type': 'email', 'value': 'chaneypatricia@example.net'}, 142302297422154745784949700579260360479, http://localhost:1800/
142302297422154745784949700579260360479, 289351930322681731347454189256439745306 -> input []{'aria-invalid': 'false', 'id': ':r:', 'placeholder': 'E-mail', 'type': 'email', 'value': 'chaneypatricia@example.net'}, 142302297422154745784949700579260360479, http://localhost:1800/
142302297422154745784949700579260360479, 289351930322681731347454189256439745306 -> input []{'aria-invalid': 'false', 'id': ':r:', 'placeholder': 'E-mail', 'type': 'email', 'value': 'chaneypatricia@example.net'}, 142302297422154745784949700579260360479, http://localhost:1800/
142302297422154745784949700579260360479, 289351930322681731347454189256439745306 -> input []{'aria-invalid': 'false', 'id': ':r:', 'placeholder': 'E-mail', 'type': 'email', 'value': 'chaneypatricia@example.net'}, 142302297422154745784949700579260360479, http://localhost:1800/
74155260075949383841988739551624744508, None, 74155260075949383841988739551624744508, http://localhost:1800/
74155260075949383841988739551624744508, 250804075126493492387859450049616939076 -> button [<span class="MuiButton-startIcon MuiButton-iconSizeMedium css-6xugel", 199222071360682078865197807318038347473, http://localhost:1800/
199222071360682078865197807318038347473, 112041686872988074733923345088035007295 -> input []{'aria-invalid': 'false', 'id': ':r:', 'placeholder': 'E-mail', 'type': 'email'}, 199222071360682078865197807318038347473, http://localhost:1800/
199222071360682078865197807318038347473, 226242277776335130695919162410538900289 -> button ['Anonymous Login', <span class="MuiTouchRipple-root css-w0pj6f", 142302297422154745784949700579260360479, http://localhost:1800/
142302297422154745784949700579260360479, 80349143321029242973474667225946734376 -> button ['Anonymous Login', <span class="MuiTouchRipple-root css-w0pj6f", 142302297422154745784949700579260360479, http://localhost:1800/
142302297422154745784949700579260360479, 267865298424108183042988605276322189844 -> input []{'placeholder': 'Please enter a name or nickname here to continue', 'type': 'text', 'data-cy': 'anon-input'}, 142302297422154745784949700579260360479, http://localhost:1800/
142302297422154745784949700579260360479, 38981961372212175202319933612561861332 -> button ['Login']{'tabindex': '-', 'type': 'button', 'data-cy': 'anon-login-button'}, 142302297422154745784949700579260360479, http://localhost:1800/
142302297422154745784949700579260360479, 35416640505579659532940189413559140570 -> button ['Password', <span class="MuiTouchRipple-root css-w0pj6f", 142302297422154745784949700579260360479, http://localhost:1800/
142302297422154745784949700579260360479, 80349143321029242973474667225946734376 -> button ['Anonymous Login', <span class="MuiTouchRipple-root css-w0pj6f", 142302297422154745784949700579260360479, http://localhost:1800/
74155260075949383841988739551624744508, None, 74155260075949383841988739551624744508, http://localhost:1800/
74155260075949383841988739551624744508, 250804075126493492387859450049616939076 -> button [<span class="MuiButton-startIcon MuiButton-iconSizeMedium css-6xugel", 199222071360682078865197807318038347473, http://localhost:1800/
199222071360682078865197807318038347473, 226242277776335130695919162410538900289 -> button ['Anonymous Login', <span class="MuiTouchRipple-root css-w0pj6f", 74155260075949383841988739551624744508, http://localhost:1800/
74155260075949383841988739551624744508, 250804075126493492387859450049616939076 -> button [<span class="MuiButton-startIcon MuiButton-iconSizeMedium css-6xugel", 74155260075949383841988739551624744508, http://localhost:1800/
74155260075949383841988739551624744508, None, 74155260075949383841988739551624744508, http://localhost:1800/
74155260075949383841988739551624744508, None, 74155260075949383841988739551624744508, http://localhost:1800/
74155260075949383841988739551624744508, None, 74155260075949383841988739551624744508, http://localhost:1800/
74155260075949383841988739551624744508, 42781586748898556957319857378680623162 -> a []{'href': '/subscribe?product=self-hosted', 'style': 'color:unset'}, 74155260075949383841988739551624744508, http://localhost:1800/
74155260075949383841988739551624744508, 238260590675663518801515527384327507336 -> a ['Contact us']{'href': 'mailto:support@retrospected.com'}, 74155260075949383841988739551624744508, http://localhost:1800/
74155260075949383841988739551624744508, None, 74155260075949383841988739551624744508, http://localhost:1800/
74155260075949383841988739551624744508, None, 74155260075949383841988739551624744508, http://localhost:1800/
74155260075949383841988739551624744508, 300198562516559991688995112457008837502 -> button [<svg aria-hidden="true" class="MuiSvgIcon-root MuiSvgIcon-fontSizeMedium css-vubbuv" data-testid="HomeOutlinedIcon" focusable="false" viewbox="0 0 24 24", 74155260075949383841988739551624744508, http://localhost:1800/
74155260075949383841988739551624744508, None, 74155260075949383841988739551624744508, http://localhost:1800/
74155260075949383841988739551624744508, None, 74155260075949383841988739551624744508, http://localhost:1800/
74155260075949383841988739551624744508, None, 74155260075949383841988739551624744508, http://localhost:1800/
74155260075949383841988739551624744508, None, 74155260075949383841988739551624744508, http://localhost:1800/
74155260075949383841988739551624744508, 225735037228565691565436968406220070970 -> a [<span class="ti-check-box", 74155260075949383841988739551624744508, http://localhost:1800/
74155260075949383841988739551624744508, None, 74155260075949383841988739551624744508, http://localhost:1800/
74155260075949383841988739551624744508, None, 74155260075949383841988739551624744508, http://localhost:1800/
74155260075949383841988739551624744508, None, 74155260075949383841988739551624744508, http://localhost:1800/
74155260075949383841988739551624744508, None, 74155260075949383841988739551624744508, http://localhost:1800/
74155260075949383841988739551624744508, 53373681658003724634102248118776013108 -> button [<svg aria-hidden="true" class="MuiSvgIcon-root MuiSvgIcon-fontSizeMedium css-vubbuv" data-testid="MenuIcon" focusable="false" viewbox="0 0 24 24", 74155260075949383841988739551624744508, http://localhost:1800/
74155260075949383841988739551624744508, 326260989328514412703228462752826086408 -> a ['contact us']{'href': 'mailto:support@retrospected.com'}, 74155260075949383841988739551624744508, http://localhost:1800/
74155260075949383841988739551624744508, None, 74155260075949383841988739551624744508, http://localhost:1800/
74155260075949383841988739551624744508, None, 74155260075949383841988739551624744508, http://localhost:1800/
74155260075949383841988739551624744508, 243157659132187107739887812339775519703 -> a ['support@retrospected.com']{'href': 'mailto:support@retrospected.com'}, 74155260075949383841988739551624744508, http://localhost:1800/
74155260075949383841988739551624744508, None, 74155260075949383841988739551624744508, http://localhost:1800/
74155260075949383841988739551624744508, None, 74155260075949383841988739551624744508, http://localhost:1800/
74155260075949383841988739551624744508, 198330988671355682266587899514732098117 -> a []{'href': '/subscribe?product=team', 'style': 'color:unset'}, 74155260075949383841988739551624744508, http://localhost:1800/
74155260075949383841988739551624744508, None, 74155260075949383841988739551624744508, http://localhost:1800/
74155260075949383841988739551624744508, None, 74155260075949383841988739551624744508, http://localhost:1800/
74155260075949383841988739551624744508, 42781586748898556957319857378680623162 -> a []{'href': '/subscribe?product=self-hosted', 'style': 'color:unset'}, 74155260075949383841988739551624744508, http://localhost:1800/
74155260075949383841988739551624744508, 238260590675663518801515527384327507336 -> a ['Contact us']{'href': 'mailto:support@retrospected.com'}, 74155260075949383841988739551624744508, http://localhost:1800/
74155260075949383841988739551624744508, None, 74155260075949383841988739551624744508, http://localhost:1800/
74155260075949383841988739551624744508, 300198562516559991688995112457008837502 -> button [<svg aria-hidden="true" class="MuiSvgIcon-root MuiSvgIcon-fontSizeMedium css-vubbuv" data-testid="HomeOutlinedIcon" focusable="false" viewbox="0 0 24 24", 74155260075949383841988739551624744508, http://localhost:1800/
74155260075949383841988739551624744508, 335177995277185720436677424941113667172 -> a ['Private Sessions']{'href': '#'}, 31358316778550977529786788011359927828, http://localhost:1800/#
31358316778550977529786788011359927828, 214428792312456838253075818139589393711 -> button [<svg aria-hidden="true" class="MuiSvgIcon-root MuiSvgIcon-fontSizeMedium css-vubbuv" data-testid="HomeOutlinedIcon" focusable="false" viewbox="0 0 24 24", 31358316778550977529786788011359927828, http://localhost:1800/#
31358316778550977529786788011359927828, 214428792312456838253075818139589393711 -> button [<svg aria-hidden="true" class="MuiSvgIcon-root MuiSvgIcon-fontSizeMedium css-vubbuv" data-testid="HomeOutlinedIcon" focusable="false" viewbox="0 0 24 24", 74155260075949383841988739551624744508, http://localhost:1800/
74155260075949383841988739551624744508, 335177995277185720436677424941113667172 -> a ['Private Sessions']{'href': '#'}, 31358316778550977529786788011359927828, http://localhost:1800/#
31358316778550977529786788011359927828, 214428792312456838253075818139589393711 -> button [<svg aria-hidden="true" class="MuiSvgIcon-root MuiSvgIcon-fontSizeMedium css-vubbuv" data-testid="HomeOutlinedIcon" focusable="false" viewbox="0 0 24 24", 31358316778550977529786788011359927828, http://localhost:1800/#
31358316778550977529786788011359927828, 214428792312456838253075818139589393711 -> button [<svg aria-hidden="true" class="MuiSvgIcon-root MuiSvgIcon-fontSizeMedium css-vubbuv" data-testid="HomeOutlinedIcon" focusable="false" viewbox="0 0 24 24", 74155260075949383841988739551624744508, http://localhost:1800/
74155260075949383841988739551624744508, None, 74155260075949383841988739551624744508, http://localhost:1800/
74155260075949383841988739551624744508, None, 74155260075949383841988739551624744508, http://localhost:1800/
74155260075949383841988739551624744508, None, 74155260075949383841988739551624744508, http://localhost:1800/
74155260075949383841988739551624744508, None, 74155260075949383841988739551624744508, http://localhost:1800/
74155260075949383841988739551624744508, None, 74155260075949383841988739551624744508, http://localhost:1800/
74155260075949383841988739551624744508, 131498267285019480364075027932691640882 -> a []{'href': '/subscribe?product=unlimited', 'style': 'color:unset'}, 74155260075949383841988739551624744508, http://localhost:1800/
74155260075949383841988739551624744508, None, 74155260075949383841988739551624744508, http://localhost:1800/
74155260075949383841988739551624744508, None, 74155260075949383841988739551624744508, http://localhost:1800/
