74155260075949383841988739551624744508, None, 74155260075949383841988739551624744508, http://localhost:1800/
74155260075949383841988739551624744508, 300198562516559991688995112457008837502 -> button [<svg aria-hidden="true" class="MuiSvgIcon-root MuiSvgIcon-fontSizeMedium css-vubbuv" data-testid="HomeOutlinedIcon" focusable="false" viewbox="0 0 24 24", 74155260075949383841988739551624744508, http://localhost:1800/
74155260075949383841988739551624744508, 77722075193502781211253785020892441640 -> a []{'href': '/login', 'style': 'color:unset'}, 74155260075949383841988739551624744508, http://localhost:1800/
74155260075949383841988739551624744508, None, 74155260075949383841988739551624744508, http://localhost:1800/
74155260075949383841988739551624744508, None, 74155260075949383841988739551624744508, http://localhost:1800/
74155260075949383841988739551624744508, None, 74155260075949383841988739551624744508, http://localhost:1800/
74155260075949383841988739551624744508, None, 74155260075949383841988739551624744508, http://localhost:1800/
74155260075949383841988739551624744508, 326260989328514412703228462752826086408 -> a ['contact us']{'href': 'mailto:support@retrospected.com'}, 74155260075949383841988739551624744508, http://localhost:1800/
74155260075949383841988739551624744508, 42781586748898556957319857378680623162 -> a []{'href': '/subscribe?product=self-hosted', 'style': 'color:unset'}, 74155260075949383841988739551624744508, http://localhost:1800/
74155260075949383841988739551624744508, 243157659132187107739887812339775519703 -> a ['support@retrospected.com']{'href': 'mailto:support@retrospected.com'}, 74155260075949383841988739551624744508, http://localhost:1800/
74155260075949383841988739551624744508, 225735037228565691565436968406220070970 -> a [<span class="ti-check-box", 74155260075949383841988739551624744508, http://localhost:1800/
74155260075949383841988739551624744508, None, 74155260075949383841988739551624744508, http://localhost:1800/
74155260075949383841988739551624744508, None, 74155260075949383841988739551624744508, http://localhost:1800/
74155260075949383841988739551624744508, None, 74155260075949383841988739551624744508, http://localhost:1800/
74155260075949383841988739551624744508, None, 74155260075949383841988739551624744508, http://localhost:1800/
74155260075949383841988739551624744508, None, 74155260075949383841988739551624744508, http://localhost:1800/
74155260075949383841988739551624744508, None, 74155260075949383841988739551624744508, http://localhost:1800/
74155260075949383841988739551624744508, 131498267285019480364075027932691640882 -> a []{'href': '/subscribe?product=unlimited', 'style': 'color:unset'}, 74155260075949383841988739551624744508, http://localhost:1800/
74155260075949383841988739551624744508, None, 74155260075949383841988739551624744508, http://localhost:1800/
74155260075949383841988739551624744508, None, 74155260075949383841988739551624744508, http://localhost:1800/
74155260075949383841988739551624744508, None, 74155260075949383841988739551624744508, http://localhost:1800/
74155260075949383841988739551624744508, None, 74155260075949383841988739551624744508, http://localhost:1800/
74155260075949383841988739551624744508, None, 74155260075949383841988739551624744508, http://localhost:1800/
74155260075949383841988739551624744508, 53373681658003724634102248118776013108 -> button [<svg aria-hidden="true" class="MuiSvgIcon-root MuiSvgIcon-fontSizeMedium css-vubbuv" data-testid="MenuIcon" focusable="false" viewbox="0 0 24 24", 74155260075949383841988739551624744508, http://localhost:1800/
74155260075949383841988739551624744508, 238260590675663518801515527384327507336 -> a ['Contact us']{'href': 'mailto:support@retrospected.com'}, 74155260075949383841988739551624744508, http://localhost:1800/
74155260075949383841988739551624744508, None, 74155260075949383841988739551624744508, http://localhost:1800/
74155260075949383841988739551624744508, 198330988671355682266587899514732098117 -> a []{'href': '/subscribe?product=team', 'style': 'color:unset'}, 74155260075949383841988739551624744508, http://localhost:1800/
74155260075949383841988739551624744508, None, 74155260075949383841988739551624744508, http://localhost:1800/
74155260075949383841988739551624744508, None, 74155260075949383841988739551624744508, http://localhost:1800/
74155260075949383841988739551624744508, None, 74155260075949383841988739551624744508, http://localhost:1800/
74155260075949383841988739551624744508, None, 74155260075949383841988739551624744508, http://localhost:1800/
74155260075949383841988739551624744508, 250804075126493492387859450049616939076 -> button [<span class="MuiButton-startIcon MuiButton-iconSizeMedium css-6xugel", 199222071360682078865197807318038347473, http://localhost:1800/
199222071360682078865197807318038347473, 112041686872988074733923345088035007295 -> input []{'aria-invalid': 'false', 'id': ':r:', 'placeholder': 'E-mail', 'type': 'email'}, 199222071360682078865197807318038347473, http://localhost:1800/
199222071360682078865197807318038347473, 14953418088132819273620858458932883397 -> input []{'aria-invalid': 'false', 'id': ':r:', 'placeholder': 'Password', 'type': 'password'}, 199222071360682078865197807318038347473, http://localhost:1800/
199222071360682078865197807318038347473, 110921656398700401751292788802731550350 -> button [<span class="MuiButton-startIcon MuiButton-iconSizeMedium css-6xugel", 74155260075949383841988739551624744508, http://localhost:1800/
74155260075949383841988739551624744508, 250804075126493492387859450049616939076 -> button [<span class="MuiButton-startIcon MuiButton-iconSizeMedium css-6xugel", 199222071360682078865197807318038347473, http://localhost:1800/
199222071360682078865197807318038347473, 73700004092756364756793828762689282945 -> button ['Password', <span class="MuiTouchRipple-root css-w0pj6f", 199222071360682078865197807318038347473, http://localhost:1800/
199222071360682078865197807318038347473, 131421141432614726532812569677343061752 -> a ['Forgot your password?']{'data-cy': 'forgot-password'}, 199222071360682078865197807318038347473, http://localhost:1800/
199222071360682078865197807318038347473, 226242277776335130695919162410538900289 -> button ['Anonymous Login', <span class="MuiTouchRipple-root css-w0pj6f", 199222071360682078865197807318038347473, http://localhost:1800/
74155260075949383841988739551624744508, None, 74155260075949383841988739551624744508, http://localhost:1800/
74155260075949383841988739551624744508, 250804075126493492387859450049616939076 -> button [<span class="MuiButton-startIcon MuiButton-iconSizeMedium css-6xugel", 199222071360682078865197807318038347473, http://localhost:1800/
199222071360682078865197807318038347473, 294615786201985294666610207977138871781 -> button ['Login']{'tabindex': '-', 'type': 'button'}, 199222071360682078865197807318038347473, http://localhost:1800/
199222071360682078865197807318038347473, 205609482699170294916794736180661898124 -> a ['Not registered? Click here']{'data-cy': 'register'}, 338961504361008889755351455042736195397, http://localhost:1800/
338961504361008889755351455042736195397, 72213492005091298186666777082408397531 -> button ['Register']{'tabindex': '-', 'type': 'button', 'data-cy': 'register-button'}, 338961504361008889755351455042736195397, http://localhost:1800/
338961504361008889755351455042736195397, 286131331950882731092650826751027803502 -> input []{'aria-invalid': 'false', 'id': ':r:', 'placeholder': 'Your name (for display purposes)', 'type': 'text'}, 338961504361008889755351455042736195397, http://localhost:1800/
338961504361008889755351455042736195397, 280511986802698933331613103471830861367 -> input []{'aria-invalid': 'false', 'id': ':r:', 'placeholder': 'E-mail', 'type': 'text'}, 338961504361008889755351455042736195397, http://localhost:1800/
338961504361008889755351455042736195397, 286131331950882731092650826751027803502 -> input []{'aria-invalid': 'false', 'id': ':r:', 'placeholder': 'Your name (for display purposes)', 'type': 'text'}, 338961504361008889755351455042736195397, http://localhost:1800/
338961504361008889755351455042736195397, 280511986802698933331613103471830861367 -> input []{'aria-invalid': 'false', 'id': ':r:', 'placeholder': 'E-mail', 'type': 'text'}, 338961504361008889755351455042736195397, http://localhost:1800/
74155260075949383841988739551624744508, None, 74155260075949383841988739551624744508, http://localhost:1800/
74155260075949383841988739551624744508, 250804075126493492387859450049616939076 -> button [<span class="MuiButton-startIcon MuiButton-iconSizeMedium css-6xugel", 199222071360682078865197807318038347473, http://localhost:1800/
199222071360682078865197807318038347473, 205609482699170294916794736180661898124 -> a ['Not registered? Click here']{'data-cy': 'register'}, 338961504361008889755351455042736195397, http://localhost:1800/
338961504361008889755351455042736195397, 72213492005091298186666777082408397531 -> button ['Register']{'tabindex': '-', 'type': 'button', 'data-cy': 'register-button'}, 338961504361008889755351455042736195397, http://localhost:1800/
338961504361008889755351455042736195397, 286131331950882731092650826751027803502 -> input []{'aria-invalid': 'false', 'id': ':r:', 'placeholder': 'Your name (for display purposes)', 'type': 'text'}, 338961504361008889755351455042736195397, http://localhost:1800/
338961504361008889755351455042736195397, 286131331950882731092650826751027803502 -> input []{'aria-invalid': 'false', 'id': ':r:', 'placeholder': 'Your name (for display purposes)', 'type': 'text'}, 338961504361008889755351455042736195397, http://localhost:1800/
338961504361008889755351455042736195397, 280511986802698933331613103471830861367 -> input []{'aria-invalid': 'false', 'id': ':r:', 'placeholder': 'E-mail', 'type': 'text'}, 338961504361008889755351455042736195397, http://localhost:1800/
338961504361008889755351455042736195397, 280511986802698933331613103471830861367 -> input []{'aria-invalid': 'false', 'id': ':r:', 'placeholder': 'E-mail', 'type': 'text'}, 338961504361008889755351455042736195397, http://localhost:1800/
338961504361008889755351455042736195397, 72213492005091298186666777082408397531 -> button ['Register']{'tabindex': '-', 'type': 'button', 'data-cy': 'register-button'}, 338961504361008889755351455042736195397, http://localhost:1800/
74155260075949383841988739551624744508, None, 74155260075949383841988739551624744508, http://localhost:1800/
74155260075949383841988739551624744508, 250804075126493492387859450049616939076 -> button [<span class="MuiButton-startIcon MuiButton-iconSizeMedium css-6xugel", 199222071360682078865197807318038347473, http://localhost:1800/
199222071360682078865197807318038347473, 112041686872988074733923345088035007295 -> input []{'aria-invalid': 'false', 'id': ':r:', 'placeholder': 'E-mail', 'type': 'email'}, 199222071360682078865197807318038347473, http://localhost:1800/
199222071360682078865197807318038347473, 110921656398700401751292788802731550350 -> button [<span class="MuiButton-startIcon MuiButton-iconSizeMedium css-6xugel", 74155260075949383841988739551624744508, http://localhost:1800/
74155260075949383841988739551624744508, None, 74155260075949383841988739551624744508, http://localhost:1800/
74155260075949383841988739551624744508, None, 74155260075949383841988739551624744508, http://localhost:1800/
74155260075949383841988739551624744508, None, 74155260075949383841988739551624744508, http://localhost:1800/
74155260075949383841988739551624744508, None, 74155260075949383841988739551624744508, http://localhost:1800/
74155260075949383841988739551624744508, None, 74155260075949383841988739551624744508, http://localhost:1800/
74155260075949383841988739551624744508, 198330988671355682266587899514732098117 -> a []{'href': '/subscribe?product=team', 'style': 'color:unset'}, 74155260075949383841988739551624744508, http://localhost:1800/
74155260075949383841988739551624744508, 225735037228565691565436968406220070970 -> a [<span class="ti-check-box", 74155260075949383841988739551624744508, http://localhost:1800/
74155260075949383841988739551624744508, 77722075193502781211253785020892441640 -> a []{'href': '/login', 'style': 'color:unset'}, 74155260075949383841988739551624744508, http://localhost:1800/
74155260075949383841988739551624744508, None, 74155260075949383841988739551624744508, http://localhost:1800/
74155260075949383841988739551624744508, None, 74155260075949383841988739551624744508, http://localhost:1800/
74155260075949383841988739551624744508, 42781586748898556957319857378680623162 -> a []{'href': '/subscribe?product=self-hosted', 'style': 'color:unset'}, 74155260075949383841988739551624744508, http://localhost:1800/
74155260075949383841988739551624744508, None, 74155260075949383841988739551624744508, http://localhost:1800/
74155260075949383841988739551624744508, None, 74155260075949383841988739551624744508, http://localhost:1800/
74155260075949383841988739551624744508, 300198562516559991688995112457008837502 -> button [<svg aria-hidden="true" class="MuiSvgIcon-root MuiSvgIcon-fontSizeMedium css-vubbuv" data-testid="HomeOutlinedIcon" focusable="false" viewbox="0 0 24 24", 74155260075949383841988739551624744508, http://localhost:1800/
74155260075949383841988739551624744508, None, 74155260075949383841988739551624744508, http://localhost:1800/
74155260075949383841988739551624744508, 243157659132187107739887812339775519703 -> a ['support@retrospected.com']{'href': 'mailto:support@retrospected.com'}, 74155260075949383841988739551624744508, http://localhost:1800/
74155260075949383841988739551624744508, None, 74155260075949383841988739551624744508, http://localhost:1800/
74155260075949383841988739551624744508, None, 74155260075949383841988739551624744508, http://localhost:1800/
74155260075949383841988739551624744508, None, 74155260075949383841988739551624744508, http://localhost:1800/
74155260075949383841988739551624744508, 53373681658003724634102248118776013108 -> button [<svg aria-hidden="true" class="MuiSvgIcon-root MuiSvgIcon-fontSizeMedium css-vubbuv" data-testid="MenuIcon" focusable="false" viewbox="0 0 24 24", 74155260075949383841988739551624744508, http://localhost:1800/
74155260075949383841988739551624744508, 290110933207497991272542218830578307493 -> a ['Buy Now']{'href': '/subscribe?product=self-hosted'}, 74155260075949383841988739551624744508, http://localhost:1800/
74155260075949383841988739551624744508, None, 74155260075949383841988739551624744508, http://localhost:1800/
74155260075949383841988739551624744508, 326260989328514412703228462752826086408 -> a ['contact us']{'href': 'mailto:support@retrospected.com'}, 74155260075949383841988739551624744508, http://localhost:1800/
74155260075949383841988739551624744508, 250804075126493492387859450049616939076 -> button [<span class="MuiButton-startIcon MuiButton-iconSizeMedium css-6xugel", 199222071360682078865197807318038347473, http://localhost:1800/
199222071360682078865197807318038347473, 226242277776335130695919162410538900289 -> button ['Anonymous Login', <span class="MuiTouchRipple-root css-w0pj6f", 74155260075949383841988739551624744508, http://localhost:1800/
74155260075949383841988739551624744508, 250804075126493492387859450049616939076 -> button [<span class="MuiButton-startIcon MuiButton-iconSizeMedium css-6xugel", 74155260075949383841988739551624744508, http://localhost:1800/
74155260075949383841988739551624744508, None, 74155260075949383841988739551624744508, http://localhost:1800/
74155260075949383841988739551624744508, 131498267285019480364075027932691640882 -> a []{'href': '/subscribe?product=unlimited', 'style': 'color:unset'}, 74155260075949383841988739551624744508, http://localhost:1800/
74155260075949383841988739551624744508, None, 74155260075949383841988739551624744508, http://localhost:1800/
74155260075949383841988739551624744508, None, 74155260075949383841988739551624744508, http://localhost:1800/
74155260075949383841988739551624744508, None, 74155260075949383841988739551624744508, http://localhost:1800/
74155260075949383841988739551624744508, None, 74155260075949383841988739551624744508, http://localhost:1800/
74155260075949383841988739551624744508, None, 74155260075949383841988739551624744508, http://localhost:1800/
74155260075949383841988739551624744508, None, 74155260075949383841988739551624744508, http://localhost:1800/
74155260075949383841988739551624744508, None, 74155260075949383841988739551624744508, http://localhost:1800/
74155260075949383841988739551624744508, 238260590675663518801515527384327507336 -> a ['Contact us']{'href': 'mailto:support@retrospected.com'}, 74155260075949383841988739551624744508, http://localhost:1800/
74155260075949383841988739551624744508, None, 74155260075949383841988739551624744508, http://localhost:1800/
74155260075949383841988739551624744508, None, 74155260075949383841988739551624744508, http://localhost:1800/
74155260075949383841988739551624744508, None, 74155260075949383841988739551624744508, http://localhost:1800/
74155260075949383841988739551624744508, None, 74155260075949383841988739551624744508, http://localhost:1800/
74155260075949383841988739551624744508, None, 74155260075949383841988739551624744508, http://localhost:1800/
74155260075949383841988739551624744508, 326260989328514412703228462752826086408 -> a ['contact us']{'href': 'mailto:support@retrospected.com'}, 74155260075949383841988739551624744508, http://localhost:1800/
74155260075949383841988739551624744508, 300198562516559991688995112457008837502 -> button [<svg aria-hidden="true" class="MuiSvgIcon-root MuiSvgIcon-fontSizeMedium css-vubbuv" data-testid="HomeOutlinedIcon" focusable="false" viewbox="0 0 24 24", 74155260075949383841988739551624744508, http://localhost:1800/
74155260075949383841988739551624744508, None, 74155260075949383841988739551624744508, http://localhost:1800/
74155260075949383841988739551624744508, None, 74155260075949383841988739551624744508, http://localhost:1800/
74155260075949383841988739551624744508, 198330988671355682266587899514732098117 -> a []{'href': '/subscribe?product=team', 'style': 'color:unset'}, 74155260075949383841988739551624744508, http://localhost:1800/
74155260075949383841988739551624744508, None, 74155260075949383841988739551624744508, http://localhost:1800/
74155260075949383841988739551624744508, 77722075193502781211253785020892441640 -> a []{'href': '/login', 'style': 'color:unset'}, 74155260075949383841988739551624744508, http://localhost:1800/
74155260075949383841988739551624744508, None, 74155260075949383841988739551624744508, http://localhost:1800/
74155260075949383841988739551624744508, None, 74155260075949383841988739551624744508, http://localhost:1800/
74155260075949383841988739551624744508, None, 74155260075949383841988739551624744508, http://localhost:1800/
74155260075949383841988739551624744508, None, 74155260075949383841988739551624744508, http://localhost:1800/
74155260075949383841988739551624744508, None, 74155260075949383841988739551624744508, http://localhost:1800/
74155260075949383841988739551624744508, 131498267285019480364075027932691640882 -> a []{'href': '/subscribe?product=unlimited', 'style': 'color:unset'}, 74155260075949383841988739551624744508, http://localhost:1800/
74155260075949383841988739551624744508, 225735037228565691565436968406220070970 -> a [<span class="ti-check-box", 74155260075949383841988739551624744508, http://localhost:1800/
74155260075949383841988739551624744508, None, 74155260075949383841988739551624744508, http://localhost:1800/
74155260075949383841988739551624744508, 53373681658003724634102248118776013108 -> button [<svg aria-hidden="true" class="MuiSvgIcon-root MuiSvgIcon-fontSizeMedium css-vubbuv" data-testid="MenuIcon" focusable="false" viewbox="0 0 24 24", 74155260075949383841988739551624744508, http://localhost:1800/
74155260075949383841988739551624744508, 250804075126493492387859450049616939076 -> button [<span class="MuiButton-startIcon MuiButton-iconSizeMedium css-6xugel", 74155260075949383841988739551624744508, http://localhost:1800/
74155260075949383841988739551624744508, 311139265183187381314120997124831806190 -> a [<ul class="list-unstyled text-sm mb-4 pricing-feature-list", 74155260075949383841988739551624744508, http://localhost:1800/
74155260075949383841988739551624744508, None, 74155260075949383841988739551624744508, http://localhost:1800/
74155260075949383841988739551624744508, None, 74155260075949383841988739551624744508, http://localhost:1800/
74155260075949383841988739551624744508, 42781586748898556957319857378680623162 -> a []{'href': '/subscribe?product=self-hosted', 'style': 'color:unset'}, 74155260075949383841988739551624744508, http://localhost:1800/
74155260075949383841988739551624744508, None, 74155260075949383841988739551624744508, http://localhost:1800/
74155260075949383841988739551624744508, None, 74155260075949383841988739551624744508, http://localhost:1800/
74155260075949383841988739551624744508, None, 74155260075949383841988739551624744508, http://localhost:1800/
74155260075949383841988739551624744508, 238260590675663518801515527384327507336 -> a ['Contact us']{'href': 'mailto:support@retrospected.com'}, 74155260075949383841988739551624744508, http://localhost:1800/
74155260075949383841988739551624744508, None, 74155260075949383841988739551624744508, http://localhost:1800/
74155260075949383841988739551624744508, None, 74155260075949383841988739551624744508, http://localhost:1800/
74155260075949383841988739551624744508, 243157659132187107739887812339775519703 -> a ['support@retrospected.com']{'href': 'mailto:support@retrospected.com'}, 74155260075949383841988739551624744508, http://localhost:1800/
74155260075949383841988739551624744508, None, 74155260075949383841988739551624744508, http://localhost:1800/
74155260075949383841988739551624744508, None, 74155260075949383841988739551624744508, http://localhost:1800/
74155260075949383841988739551624744508, None, 74155260075949383841988739551624744508, http://localhost:1800/
74155260075949383841988739551624744508, None, 74155260075949383841988739551624744508, http://localhost:1800/
74155260075949383841988739551624744508, 198330988671355682266587899514732098117 -> a []{'href': '/subscribe?product=team', 'style': 'color:unset'}, 74155260075949383841988739551624744508, http://localhost:1800/
74155260075949383841988739551624744508, None, 74155260075949383841988739551624744508, http://localhost:1800/
74155260075949383841988739551624744508, 42781586748898556957319857378680623162 -> a []{'href': '/subscribe?product=self-hosted', 'style': 'color:unset'}, 74155260075949383841988739551624744508, http://localhost:1800/
74155260075949383841988739551624744508, None, 74155260075949383841988739551624744508, http://localhost:1800/
74155260075949383841988739551624744508, 77722075193502781211253785020892441640 -> a []{'href': '/login', 'style': 'color:unset'}, 74155260075949383841988739551624744508, http://localhost:1800/
74155260075949383841988739551624744508, 300198562516559991688995112457008837502 -> button [<svg aria-hidden="true" class="MuiSvgIcon-root MuiSvgIcon-fontSizeMedium css-vubbuv" data-testid="HomeOutlinedIcon" focusable="false" viewbox="0 0 24 24", 74155260075949383841988739551624744508, http://localhost:1800/
74155260075949383841988739551624744508, None, 74155260075949383841988739551624744508, http://localhost:1800/
74155260075949383841988739551624744508, 131498267285019480364075027932691640882 -> a []{'href': '/subscribe?product=unlimited', 'style': 'color:unset'}, 74155260075949383841988739551624744508, http://localhost:1800/
74155260075949383841988739551624744508, None, 74155260075949383841988739551624744508, http://localhost:1800/
74155260075949383841988739551624744508, None, 74155260075949383841988739551624744508, http://localhost:1800/
74155260075949383841988739551624744508, None, 74155260075949383841988739551624744508, http://localhost:1800/
74155260075949383841988739551624744508, None, 74155260075949383841988739551624744508, http://localhost:1800/
74155260075949383841988739551624744508, None, 74155260075949383841988739551624744508, http://localhost:1800/
74155260075949383841988739551624744508, None, 74155260075949383841988739551624744508, http://localhost:1800/
74155260075949383841988739551624744508, 250804075126493492387859450049616939076 -> button [<span class="MuiButton-startIcon MuiButton-iconSizeMedium css-6xugel", 199222071360682078865197807318038347473, http://localhost:1800/
199222071360682078865197807318038347473, 112041686872988074733923345088035007295 -> input []{'aria-invalid': 'false', 'id': ':r:', 'placeholder': 'E-mail', 'type': 'email'}, 199222071360682078865197807318038347473, http://localhost:1800/
199222071360682078865197807318038347473, 73700004092756364756793828762689282945 -> button ['Password', <span class="MuiTouchRipple-root css-w0pj6f", 338961504361008889755351455042736195397, http://localhost:1800/
338961504361008889755351455042736195397, 289164177021143186820808446715805194870 -> button ['Password', <span class="MuiTouchRipple-root css-w0pj6f", 338961504361008889755351455042736195397, http://localhost:1800/
338961504361008889755351455042736195397, 252666032094345780002101762611455634711 -> input []{'aria-invalid': 'false', 'id': ':r:', 'placeholder': 'E-mail', 'type': 'email', 'value': 'katiebailey@example.org'}, 338961504361008889755351455042736195397, http://localhost:1800/
338961504361008889755351455042736195397, 289164177021143186820808446715805194870 -> button ['Password', <span class="MuiTouchRipple-root css-w0pj6f", 338961504361008889755351455042736195397, http://localhost:1800/
338961504361008889755351455042736195397, 252666032094345780002101762611455634711 -> input []{'aria-invalid': 'false', 'id': ':r:', 'placeholder': 'E-mail', 'type': 'email', 'value': 'katiebailey@example.org'}, 338961504361008889755351455042736195397, http://localhost:1800/
338961504361008889755351455042736195397, 252666032094345780002101762611455634711 -> input []{'aria-invalid': 'false', 'id': ':r:', 'placeholder': 'E-mail', 'type': 'email', 'value': 'katiebailey@example.org'}, 199222071360682078865197807318038347473, http://localhost:1800/
74155260075949383841988739551624744508, None, 74155260075949383841988739551624744508, http://localhost:1800/
74155260075949383841988739551624744508, 250804075126493492387859450049616939076 -> button [<span class="MuiButton-startIcon MuiButton-iconSizeMedium css-6xugel", 199222071360682078865197807318038347473, http://localhost:1800/
199222071360682078865197807318038347473, 73700004092756364756793828762689282945 -> button ['Password', <span class="MuiTouchRipple-root css-w0pj6f", 199222071360682078865197807318038347473, http://localhost:1800/
199222071360682078865197807318038347473, 294615786201985294666610207977138871781 -> button ['Login']{'tabindex': '-', 'type': 'button'}, 199222071360682078865197807318038347473, http://localhost:1800/
199222071360682078865197807318038347473, 226242277776335130695919162410538900289 -> button ['Anonymous Login', <span class="MuiTouchRipple-root css-w0pj6f", 74155260075949383841988739551624744508, http://localhost:1800/
74155260075949383841988739551624744508, 250804075126493492387859450049616939076 -> button [<span class="MuiButton-startIcon MuiButton-iconSizeMedium css-6xugel", 74155260075949383841988739551624744508, http://localhost:1800/
74155260075949383841988739551624744508, None, 74155260075949383841988739551624744508, http://localhost:1800/
74155260075949383841988739551624744508, None, 74155260075949383841988739551624744508, http://localhost:1800/
74155260075949383841988739551624744508, None, 74155260075949383841988739551624744508, http://localhost:1800/
74155260075949383841988739551624744508, None, 74155260075949383841988739551624744508, http://localhost:1800/
74155260075949383841988739551624744508, 326260989328514412703228462752826086408 -> a ['contact us']{'href': 'mailto:support@retrospected.com'}, 74155260075949383841988739551624744508, http://localhost:1800/
74155260075949383841988739551624744508, 238260590675663518801515527384327507336 -> a ['Contact us']{'href': 'mailto:support@retrospected.com'}, 74155260075949383841988739551624744508, http://localhost:1800/
74155260075949383841988739551624744508, None, 74155260075949383841988739551624744508, http://localhost:1800/
74155260075949383841988739551624744508, 243157659132187107739887812339775519703 -> a ['support@retrospected.com']{'href': 'mailto:support@retrospected.com'}, 74155260075949383841988739551624744508, http://localhost:1800/
74155260075949383841988739551624744508, None, 74155260075949383841988739551624744508, http://localhost:1800/
74155260075949383841988739551624744508, None, 74155260075949383841988739551624744508, http://localhost:1800/
74155260075949383841988739551624744508, None, 74155260075949383841988739551624744508, http://localhost:1800/
74155260075949383841988739551624744508, None, 74155260075949383841988739551624744508, http://localhost:1800/
74155260075949383841988739551624744508, 225735037228565691565436968406220070970 -> a [<span class="ti-check-box", 74155260075949383841988739551624744508, http://localhost:1800/
74155260075949383841988739551624744508, None, 74155260075949383841988739551624744508, http://localhost:1800/
74155260075949383841988739551624744508, None, 74155260075949383841988739551624744508, http://localhost:1800/
74155260075949383841988739551624744508, None, 74155260075949383841988739551624744508, http://localhost:1800/
74155260075949383841988739551624744508, None, 74155260075949383841988739551624744508, http://localhost:1800/
74155260075949383841988739551624744508, None, 74155260075949383841988739551624744508, http://localhost:1800/
74155260075949383841988739551624744508, 53373681658003724634102248118776013108 -> button [<svg aria-hidden="true" class="MuiSvgIcon-root MuiSvgIcon-fontSizeMedium css-vubbuv" data-testid="MenuIcon" focusable="false" viewbox="0 0 24 24", 74155260075949383841988739551624744508, http://localhost:1800/
74155260075949383841988739551624744508, 44226831132642797030845329423154588134 -> a ['Simplified Self-Hosting']{'href': '#'}, 74155260075949383841988739551624744508, http://localhost:1800/
74155260075949383841988739551624744508, 198330988671355682266587899514732098117 -> a []{'href': '/subscribe?product=team', 'style': 'color:unset'}, 74155260075949383841988739551624744508, http://localhost:1800/
74155260075949383841988739551624744508, 290110933207497991272542218830578307493 -> a ['Buy Now']{'href': '/subscribe?product=self-hosted'}, 74155260075949383841988739551624744508, http://localhost:1800/
74155260075949383841988739551624744508, None, 74155260075949383841988739551624744508, http://localhost:1800/
74155260075949383841988739551624744508, 326260989328514412703228462752826086408 -> a ['contact us']{'href': 'mailto:support@retrospected.com'}, 74155260075949383841988739551624744508, http://localhost:1800/
74155260075949383841988739551624744508, 300198562516559991688995112457008837502 -> button [<svg aria-hidden="true" class="MuiSvgIcon-root MuiSvgIcon-fontSizeMedium css-vubbuv" data-testid="HomeOutlinedIcon" focusable="false" viewbox="0 0 24 24", 74155260075949383841988739551624744508, http://localhost:1800/
74155260075949383841988739551624744508, 42781586748898556957319857378680623162 -> a []{'href': '/subscribe?product=self-hosted', 'style': 'color:unset'}, 74155260075949383841988739551624744508, http://localhost:1800/
74155260075949383841988739551624744508, None, 74155260075949383841988739551624744508, http://localhost:1800/
74155260075949383841988739551624744508, 131498267285019480364075027932691640882 -> a []{'href': '/subscribe?product=unlimited', 'style': 'color:unset'}, 74155260075949383841988739551624744508, http://localhost:1800/
74155260075949383841988739551624744508, None, 74155260075949383841988739551624744508, http://localhost:1800/
74155260075949383841988739551624744508, None, 74155260075949383841988739551624744508, http://localhost:1800/
74155260075949383841988739551624744508, 198330988671355682266587899514732098117 -> a []{'href': '/subscribe?product=team', 'style': 'color:unset'}, 74155260075949383841988739551624744508, http://localhost:1800/
74155260075949383841988739551624744508, None, 74155260075949383841988739551624744508, http://localhost:1800/
74155260075949383841988739551624744508, None, 74155260075949383841988739551624744508, http://localhost:1800/
74155260075949383841988739551624744508, None, 74155260075949383841988739551624744508, http://localhost:1800/
74155260075949383841988739551624744508, 77722075193502781211253785020892441640 -> a []{'href': '/login', 'style': 'color:unset'}, 74155260075949383841988739551624744508, http://localhost:1800/
74155260075949383841988739551624744508, None, 74155260075949383841988739551624744508, http://localhost:1800/
74155260075949383841988739551624744508, 243157659132187107739887812339775519703 -> a ['support@retrospected.com']{'href': 'mailto:support@retrospected.com'}, 74155260075949383841988739551624744508, http://localhost:1800/
74155260075949383841988739551624744508, None, 74155260075949383841988739551624744508, http://localhost:1800/
74155260075949383841988739551624744508, None, 74155260075949383841988739551624744508, http://localhost:1800/
74155260075949383841988739551624744508, None, 74155260075949383841988739551624744508, http://localhost:1800/
74155260075949383841988739551624744508, None, 74155260075949383841988739551624744508, http://localhost:1800/
74155260075949383841988739551624744508, None, 74155260075949383841988739551624744508, http://localhost:1800/
74155260075949383841988739551624744508, None, 74155260075949383841988739551624744508, http://localhost:1800/
74155260075949383841988739551624744508, 250804075126493492387859450049616939076 -> button [<span class="MuiButton-startIcon MuiButton-iconSizeMedium css-6xugel", 199222071360682078865197807318038347473, http://localhost:1800/
199222071360682078865197807318038347473, 205609482699170294916794736180661898124 -> a ['Not registered? Click here']{'data-cy': 'register'}, 338961504361008889755351455042736195397, http://localhost:1800/
338961504361008889755351455042736195397, 280511986802698933331613103471830861367 -> input []{'aria-invalid': 'false', 'id': ':r:', 'placeholder': 'E-mail', 'type': 'text'}, 338961504361008889755351455042736195397, http://localhost:1800/
338961504361008889755351455042736195397, 72213492005091298186666777082408397531 -> button ['Register']{'tabindex': '-', 'type': 'button', 'data-cy': 'register-button'}, 338961504361008889755351455042736195397, http://localhost:1800/
338961504361008889755351455042736195397, 286131331950882731092650826751027803502 -> input []{'aria-invalid': 'false', 'id': ':r:', 'placeholder': 'Your name (for display purposes)', 'type': 'text'}, 338961504361008889755351455042736195397, http://localhost:1800/
338961504361008889755351455042736195397, 280511986802698933331613103471830861367 -> input []{'aria-invalid': 'false', 'id': ':r:', 'placeholder': 'E-mail', 'type': 'text'}, 338961504361008889755351455042736195397, http://localhost:1800/
338961504361008889755351455042736195397, 280511986802698933331613103471830861367 -> input []{'aria-invalid': 'false', 'id': ':r:', 'placeholder': 'E-mail', 'type': 'text'}, 338961504361008889755351455042736195397, http://localhost:1800/
338961504361008889755351455042736195397, 280511986802698933331613103471830861367 -> input []{'aria-invalid': 'false', 'id': ':r:', 'placeholder': 'E-mail', 'type': 'text'}, 338961504361008889755351455042736195397, http://localhost:1800/
74155260075949383841988739551624744508, None, 74155260075949383841988739551624744508, http://localhost:1800/
74155260075949383841988739551624744508, 250804075126493492387859450049616939076 -> button [<span class="MuiButton-startIcon MuiButton-iconSizeMedium css-6xugel", 199222071360682078865197807318038347473, http://localhost:1800/
199222071360682078865197807318038347473, 205609482699170294916794736180661898124 -> a ['Not registered? Click here']{'data-cy': 'register'}, 338961504361008889755351455042736195397, http://localhost:1800/
338961504361008889755351455042736195397, 286131331950882731092650826751027803502 -> input []{'aria-invalid': 'false', 'id': ':r:', 'placeholder': 'Your name (for display purposes)', 'type': 'text'}, 338961504361008889755351455042736195397, http://localhost:1800/
338961504361008889755351455042736195397, 280511986802698933331613103471830861367 -> input []{'aria-invalid': 'false', 'id': ':r:', 'placeholder': 'E-mail', 'type': 'text'}, 338961504361008889755351455042736195397, http://localhost:1800/
338961504361008889755351455042736195397, 72213492005091298186666777082408397531 -> button ['Register']{'tabindex': '-', 'type': 'button', 'data-cy': 'register-button'}, 338961504361008889755351455042736195397, http://localhost:1800/
338961504361008889755351455042736195397, 72213492005091298186666777082408397531 -> button ['Register']{'tabindex': '-', 'type': 'button', 'data-cy': 'register-button'}, 338961504361008889755351455042736195397, http://localhost:1800/
338961504361008889755351455042736195397, 72213492005091298186666777082408397531 -> button ['Register']{'tabindex': '-', 'type': 'button', 'data-cy': 'register-button'}, 338961504361008889755351455042736195397, http://localhost:1800/
338961504361008889755351455042736195397, 72213492005091298186666777082408397531 -> button ['Register']{'tabindex': '-', 'type': 'button', 'data-cy': 'register-button'}, 338961504361008889755351455042736195397, http://localhost:1800/
74155260075949383841988739551624744508, None, 74155260075949383841988739551624744508, http://localhost:1800/
74155260075949383841988739551624744508, 250804075126493492387859450049616939076 -> button [<span class="MuiButton-startIcon MuiButton-iconSizeMedium css-6xugel", 199222071360682078865197807318038347473, http://localhost:1800/
199222071360682078865197807318038347473, 226242277776335130695919162410538900289 -> button ['Anonymous Login', <span class="MuiTouchRipple-root css-w0pj6f", 74155260075949383841988739551624744508, http://localhost:1800/
74155260075949383841988739551624744508, 250804075126493492387859450049616939076 -> button [<span class="MuiButton-startIcon MuiButton-iconSizeMedium css-6xugel", 74155260075949383841988739551624744508, http://localhost:1800/
74155260075949383841988739551624744508, 238260590675663518801515527384327507336 -> a ['Contact us']{'href': 'mailto:support@retrospected.com'}, 74155260075949383841988739551624744508, http://localhost:1800/
74155260075949383841988739551624744508, 225735037228565691565436968406220070970 -> a [<span class="ti-check-box", 74155260075949383841988739551624744508, http://localhost:1800/
74155260075949383841988739551624744508, None, 74155260075949383841988739551624744508, http://localhost:1800/
74155260075949383841988739551624744508, None, 74155260075949383841988739551624744508, http://localhost:1800/
74155260075949383841988739551624744508, None, 74155260075949383841988739551624744508, http://localhost:1800/
74155260075949383841988739551624744508, None, 74155260075949383841988739551624744508, http://localhost:1800/
74155260075949383841988739551624744508, None, 74155260075949383841988739551624744508, http://localhost:1800/
74155260075949383841988739551624744508, None, 74155260075949383841988739551624744508, http://localhost:1800/
74155260075949383841988739551624744508, None, 74155260075949383841988739551624744508, http://localhost:1800/
74155260075949383841988739551624744508, 53373681658003724634102248118776013108 -> button [<svg aria-hidden="true" class="MuiSvgIcon-root MuiSvgIcon-fontSizeMedium css-vubbuv" data-testid="MenuIcon" focusable="false" viewbox="0 0 24 24", 74155260075949383841988739551624744508, http://localhost:1800/
74155260075949383841988739551624744508, 293925269000856562923712274322206007921 -> a ['Cookies Policy']{'href': 'https://www.websitepolicies.com/policies/view/RD8jnvGt'}, 204915169218331975551520243433497277587, http://localhost:1800/disclaimer
74155260075949383841988739551624744508, None, 74155260075949383841988739551624744508, http://localhost:1800/
74155260075949383841988739551624744508, None, 74155260075949383841988739551624744508, http://localhost:1800/
74155260075949383841988739551624744508, None, 74155260075949383841988739551624744508, http://localhost:1800/
74155260075949383841988739551624744508, None, 74155260075949383841988739551624744508, http://localhost:1800/
74155260075949383841988739551624744508, 77722075193502781211253785020892441640 -> a []{'href': '/login', 'style': 'color:unset'}, 74155260075949383841988739551624744508, http://localhost:1800/
74155260075949383841988739551624744508, None, 74155260075949383841988739551624744508, http://localhost:1800/
74155260075949383841988739551624744508, None, 74155260075949383841988739551624744508, http://localhost:1800/
74155260075949383841988739551624744508, None, 74155260075949383841988739551624744508, http://localhost:1800/
74155260075949383841988739551624744508, None, 74155260075949383841988739551624744508, http://localhost:1800/
74155260075949383841988739551624744508, 198330988671355682266587899514732098117 -> a []{'href': '/subscribe?product=team', 'style': 'color:unset'}, 74155260075949383841988739551624744508, http://localhost:1800/
74155260075949383841988739551624744508, 42781586748898556957319857378680623162 -> a []{'href': '/subscribe?product=self-hosted', 'style': 'color:unset'}, 74155260075949383841988739551624744508, http://localhost:1800/
74155260075949383841988739551624744508, None, 74155260075949383841988739551624744508, http://localhost:1800/
74155260075949383841988739551624744508, None, 74155260075949383841988739551624744508, http://localhost:1800/
74155260075949383841988739551624744508, 326260989328514412703228462752826086408 -> a ['contact us']{'href': 'mailto:support@retrospected.com'}, 74155260075949383841988739551624744508, http://localhost:1800/
74155260075949383841988739551624744508, None, 74155260075949383841988739551624744508, http://localhost:1800/
74155260075949383841988739551624744508, 250804075126493492387859450049616939076 -> button [<span class="MuiButton-startIcon MuiButton-iconSizeMedium css-6xugel", 199222071360682078865197807318038347473, http://localhost:1800/
199222071360682078865197807318038347473, 205609482699170294916794736180661898124 -> a ['Not registered? Click here']{'data-cy': 'register'}, 338961504361008889755351455042736195397, http://localhost:1800/
338961504361008889755351455042736195397, 72213492005091298186666777082408397531 -> button ['Register']{'tabindex': '-', 'type': 'button', 'data-cy': 'register-button'}, 338961504361008889755351455042736195397, http://localhost:1800/
338961504361008889755351455042736195397, 280511986802698933331613103471830861367 -> input []{'aria-invalid': 'false', 'id': ':r:', 'placeholder': 'E-mail', 'type': 'text'}, 338961504361008889755351455042736195397, http://localhost:1800/
338961504361008889755351455042736195397, 286131331950882731092650826751027803502 -> input []{'aria-invalid': 'false', 'id': ':r:', 'placeholder': 'Your name (for display purposes)', 'type': 'text'}, 338961504361008889755351455042736195397, http://localhost:1800/
338961504361008889755351455042736195397, 72213492005091298186666777082408397531 -> button ['Register']{'tabindex': '-', 'type': 'button', 'data-cy': 'register-button'}, 338961504361008889755351455042736195397, http://localhost:1800/
338961504361008889755351455042736195397, 286131331950882731092650826751027803502 -> input []{'aria-invalid': 'false', 'id': ':r:', 'placeholder': 'Your name (for display purposes)', 'type': 'text'}, 338961504361008889755351455042736195397, http://localhost:1800/
338961504361008889755351455042736195397, 286131331950882731092650826751027803502 -> input []{'aria-invalid': 'false', 'id': ':r:', 'placeholder': 'Your name (for display purposes)', 'type': 'text'}, 338961504361008889755351455042736195397, http://localhost:1800/
74155260075949383841988739551624744508, None, 74155260075949383841988739551624744508, http://localhost:1800/
74155260075949383841988739551624744508, 250804075126493492387859450049616939076 -> button [<span class="MuiButton-startIcon MuiButton-iconSizeMedium css-6xugel", 199222071360682078865197807318038347473, http://localhost:1800/
199222071360682078865197807318038347473, 205609482699170294916794736180661898124 -> a ['Not registered? Click here']{'data-cy': 'register'}, 338961504361008889755351455042736195397, http://localhost:1800/
338961504361008889755351455042736195397, 286131331950882731092650826751027803502 -> input []{'aria-invalid': 'false', 'id': ':r:', 'placeholder': 'Your name (for display purposes)', 'type': 'text'}, 338961504361008889755351455042736195397, http://localhost:1800/
338961504361008889755351455042736195397, 280511986802698933331613103471830861367 -> input []{'aria-invalid': 'false', 'id': ':r:', 'placeholder': 'E-mail', 'type': 'text'}, 338961504361008889755351455042736195397, http://localhost:1800/
338961504361008889755351455042736195397, 286131331950882731092650826751027803502 -> input []{'aria-invalid': 'false', 'id': ':r:', 'placeholder': 'Your name (for display purposes)', 'type': 'text'}, 338961504361008889755351455042736195397, http://localhost:1800/
338961504361008889755351455042736195397, 286131331950882731092650826751027803502 -> input []{'aria-invalid': 'false', 'id': ':r:', 'placeholder': 'Your name (for display purposes)', 'type': 'text'}, 338961504361008889755351455042736195397, http://localhost:1800/
338961504361008889755351455042736195397, 72213492005091298186666777082408397531 -> button ['Register']{'tabindex': '-', 'type': 'button', 'data-cy': 'register-button'}, 338961504361008889755351455042736195397, http://localhost:1800/
338961504361008889755351455042736195397, 72213492005091298186666777082408397531 -> button ['Register']{'tabindex': '-', 'type': 'button', 'data-cy': 'register-button'}, 338961504361008889755351455042736195397, http://localhost:1800/
74155260075949383841988739551624744508, None, 74155260075949383841988739551624744508, http://localhost:1800/
74155260075949383841988739551624744508, 250804075126493492387859450049616939076 -> button [<span class="MuiButton-startIcon MuiButton-iconSizeMedium css-6xugel", 199222071360682078865197807318038347473, http://localhost:1800/
199222071360682078865197807318038347473, 294615786201985294666610207977138871781 -> button ['Login']{'tabindex': '-', 'type': 'button'}, 199222071360682078865197807318038347473, http://localhost:1800/
199222071360682078865197807318038347473, 14953418088132819273620858458932883397 -> input []{'aria-invalid': 'false', 'id': ':r:', 'placeholder': 'Password', 'type': 'password'}, 199222071360682078865197807318038347473, http://localhost:1800/
199222071360682078865197807318038347473, 110921656398700401751292788802731550350 -> button [<span class="MuiButton-startIcon MuiButton-iconSizeMedium css-6xugel", 74155260075949383841988739551624744508, http://localhost:1800/
74155260075949383841988739551624744508, 250804075126493492387859450049616939076 -> button [<span class="MuiButton-startIcon MuiButton-iconSizeMedium css-6xugel", 199222071360682078865197807318038347473, http://localhost:1800/
199222071360682078865197807318038347473, 131421141432614726532812569677343061752 -> a ['Forgot your password?']{'data-cy': 'forgot-password'}, 199222071360682078865197807318038347473, http://localhost:1800/
199222071360682078865197807318038347473, 112041686872988074733923345088035007295 -> input []{'aria-invalid': 'false', 'id': ':r:', 'placeholder': 'E-mail', 'type': 'email'}, 199222071360682078865197807318038347473, http://localhost:1800/
74155260075949383841988739551624744508, None, 74155260075949383841988739551624744508, http://localhost:1800/
74155260075949383841988739551624744508, 250804075126493492387859450049616939076 -> button [<span class="MuiButton-startIcon MuiButton-iconSizeMedium css-6xugel", 199222071360682078865197807318038347473, http://localhost:1800/
199222071360682078865197807318038347473, 226242277776335130695919162410538900289 -> button ['Anonymous Login', <span class="MuiTouchRipple-root css-w0pj6f", 74155260075949383841988739551624744508, http://localhost:1800/
74155260075949383841988739551624744508, 250804075126493492387859450049616939076 -> button [<span class="MuiButton-startIcon MuiButton-iconSizeMedium css-6xugel", 74155260075949383841988739551624744508, http://localhost:1800/
74155260075949383841988739551624744508, None, 74155260075949383841988739551624744508, http://localhost:1800/
74155260075949383841988739551624744508, None, 74155260075949383841988739551624744508, http://localhost:1800/
74155260075949383841988739551624744508, None, 74155260075949383841988739551624744508, http://localhost:1800/
74155260075949383841988739551624744508, 53373681658003724634102248118776013108 -> button [<svg aria-hidden="true" class="MuiSvgIcon-root MuiSvgIcon-fontSizeMedium css-vubbuv" data-testid="MenuIcon" focusable="false" viewbox="0 0 24 24", 74155260075949383841988739551624744508, http://localhost:1800/
74155260075949383841988739551624744508, 231932781397952616542666070090653703638 -> a [<div class="pt-4", 74155260075949383841988739551624744508, http://localhost:1800/
74155260075949383841988739551624744508, 131498267285019480364075027932691640882 -> a []{'href': '/subscribe?product=unlimited', 'style': 'color:unset'}, 74155260075949383841988739551624744508, http://localhost:1800/
74155260075949383841988739551624744508, None, 74155260075949383841988739551624744508, http://localhost:1800/
74155260075949383841988739551624744508, None, 74155260075949383841988739551624744508, http://localhost:1800/
74155260075949383841988739551624744508, None, 74155260075949383841988739551624744508, http://localhost:1800/
74155260075949383841988739551624744508, None, 74155260075949383841988739551624744508, http://localhost:1800/
74155260075949383841988739551624744508, None, 74155260075949383841988739551624744508, http://localhost:1800/
74155260075949383841988739551624744508, 238260590675663518801515527384327507336 -> a ['Contact us']{'href': 'mailto:support@retrospected.com'}, 74155260075949383841988739551624744508, http://localhost:1800/
74155260075949383841988739551624744508, 300198562516559991688995112457008837502 -> button [<svg aria-hidden="true" class="MuiSvgIcon-root MuiSvgIcon-fontSizeMedium css-vubbuv" data-testid="HomeOutlinedIcon" focusable="false" viewbox="0 0 24 24", 74155260075949383841988739551624744508, http://localhost:1800/
74155260075949383841988739551624744508, 322294491624679672579461493340971535867 -> a ['Accounts Federation']{'href': '#'}, 31358316778550977529786788011359927828, http://localhost:1800/#
31358316778550977529786788011359927828, 214428792312456838253075818139589393711 -> button [<svg aria-hidden="true" class="MuiSvgIcon-root MuiSvgIcon-fontSizeMedium css-vubbuv" data-testid="HomeOutlinedIcon" focusable="false" viewbox="0 0 24 24", 31358316778550977529786788011359927828, http://localhost:1800/#
31358316778550977529786788011359927828, 214428792312456838253075818139589393711 -> button [<svg aria-hidden="true" class="MuiSvgIcon-root MuiSvgIcon-fontSizeMedium css-vubbuv" data-testid="HomeOutlinedIcon" focusable="false" viewbox="0 0 24 24", 74155260075949383841988739551624744508, http://localhost:1800/
74155260075949383841988739551624744508, 322294491624679672579461493340971535867 -> a ['Accounts Federation']{'href': '#'}, 31358316778550977529786788011359927828, http://localhost:1800/#
31358316778550977529786788011359927828, 214428792312456838253075818139589393711 -> button [<svg aria-hidden="true" class="MuiSvgIcon-root MuiSvgIcon-fontSizeMedium css-vubbuv" data-testid="HomeOutlinedIcon" focusable="false" viewbox="0 0 24 24", 31358316778550977529786788011359927828, http://localhost:1800/#
31358316778550977529786788011359927828, 214428792312456838253075818139589393711 -> button [<svg aria-hidden="true" class="MuiSvgIcon-root MuiSvgIcon-fontSizeMedium css-vubbuv" data-testid="HomeOutlinedIcon" focusable="false" viewbox="0 0 24 24", 74155260075949383841988739551624744508, http://localhost:1800/
74155260075949383841988739551624744508, None, 74155260075949383841988739551624744508, http://localhost:1800/
74155260075949383841988739551624744508, None, 74155260075949383841988739551624744508, http://localhost:1800/
74155260075949383841988739551624744508, None, 74155260075949383841988739551624744508, http://localhost:1800/
74155260075949383841988739551624744508, 243157659132187107739887812339775519703 -> a ['support@retrospected.com']{'href': 'mailto:support@retrospected.com'}, 74155260075949383841988739551624744508, http://localhost:1800/
74155260075949383841988739551624744508, None, 74155260075949383841988739551624744508, http://localhost:1800/
74155260075949383841988739551624744508, None, 74155260075949383841988739551624744508, http://localhost:1800/
74155260075949383841988739551624744508, None, 74155260075949383841988739551624744508, http://localhost:1800/
74155260075949383841988739551624744508, None, 74155260075949383841988739551624744508, http://localhost:1800/
74155260075949383841988739551624744508, 225735037228565691565436968406220070970 -> a [<span class="ti-check-box", 74155260075949383841988739551624744508, http://localhost:1800/
74155260075949383841988739551624744508, 326260989328514412703228462752826086408 -> a ['contact us']{'href': 'mailto:support@retrospected.com'}, 74155260075949383841988739551624744508, http://localhost:1800/
74155260075949383841988739551624744508, None, 74155260075949383841988739551624744508, http://localhost:1800/
74155260075949383841988739551624744508, None, 74155260075949383841988739551624744508, http://localhost:1800/
74155260075949383841988739551624744508, None, 74155260075949383841988739551624744508, http://localhost:1800/
74155260075949383841988739551624744508, None, 74155260075949383841988739551624744508, http://localhost:1800/
74155260075949383841988739551624744508, 77722075193502781211253785020892441640 -> a []{'href': '/login', 'style': 'color:unset'}, 74155260075949383841988739551624744508, http://localhost:1800/
74155260075949383841988739551624744508, 53373681658003724634102248118776013108 -> button [<svg aria-hidden="true" class="MuiSvgIcon-root MuiSvgIcon-fontSizeMedium css-vubbuv" data-testid="MenuIcon" focusable="false" viewbox="0 0 24 24", 74155260075949383841988739551624744508, http://localhost:1800/
74155260075949383841988739551624744508, 300198562516559991688995112457008837502 -> button [<svg aria-hidden="true" class="MuiSvgIcon-root MuiSvgIcon-fontSizeMedium css-vubbuv" data-testid="HomeOutlinedIcon" focusable="false" viewbox="0 0 24 24", 74155260075949383841988739551624744508, http://localhost:1800/
74155260075949383841988739551624744508, 256334623090752758545567208028490209170 -> a ['Subscribe Now']{'href': '/subscribe?product=team'}, 74155260075949383841988739551624744508, http://localhost:1800/
74155260075949383841988739551624744508, 198330988671355682266587899514732098117 -> a []{'href': '/subscribe?product=team', 'style': 'color:unset'}, 74155260075949383841988739551624744508, http://localhost:1800/
74155260075949383841988739551624744508, None, 74155260075949383841988739551624744508, http://localhost:1800/
74155260075949383841988739551624744508, None, 74155260075949383841988739551624744508, http://localhost:1800/
74155260075949383841988739551624744508, 225735037228565691565436968406220070970 -> a [<span class="ti-check-box", 74155260075949383841988739551624744508, http://localhost:1800/
74155260075949383841988739551624744508, None, 74155260075949383841988739551624744508, http://localhost:1800/
74155260075949383841988739551624744508, 131498267285019480364075027932691640882 -> a []{'href': '/subscribe?product=unlimited', 'style': 'color:unset'}, 74155260075949383841988739551624744508, http://localhost:1800/
74155260075949383841988739551624744508, 42781586748898556957319857378680623162 -> a []{'href': '/subscribe?product=self-hosted', 'style': 'color:unset'}, 74155260075949383841988739551624744508, http://localhost:1800/
74155260075949383841988739551624744508, 250804075126493492387859450049616939076 -> button [<span class="MuiButton-startIcon MuiButton-iconSizeMedium css-6xugel", 199222071360682078865197807318038347473, http://localhost:1800/
199222071360682078865197807318038347473, 110921656398700401751292788802731550350 -> button [<span class="MuiButton-startIcon MuiButton-iconSizeMedium css-6xugel", 74155260075949383841988739551624744508, http://localhost:1800/
74155260075949383841988739551624744508, 250804075126493492387859450049616939076 -> button [<span class="MuiButton-startIcon MuiButton-iconSizeMedium css-6xugel", 127160582081441188044386928699274788277, http://localhost:1800/
127160582081441188044386928699274788277, 219733163451410318455394123142547989138 -> button [<span class="MuiButton-startIcon MuiButton-iconSizeMedium css-6xugel", 74155260075949383841988739551624744508, http://localhost:1800/
74155260075949383841988739551624744508, 250804075126493492387859450049616939076 -> button [<span class="MuiButton-startIcon MuiButton-iconSizeMedium css-6xugel", 127160582081441188044386928699274788277, http://localhost:1800/
127160582081441188044386928699274788277, 219733163451410318455394123142547989138 -> button [<span class="MuiButton-startIcon MuiButton-iconSizeMedium css-6xugel", 74155260075949383841988739551624744508, http://localhost:1800/
74155260075949383841988739551624744508, None, 74155260075949383841988739551624744508, http://localhost:1800/
74155260075949383841988739551624744508, None, 74155260075949383841988739551624744508, http://localhost:1800/
74155260075949383841988739551624744508, None, 74155260075949383841988739551624744508, http://localhost:1800/
74155260075949383841988739551624744508, None, 74155260075949383841988739551624744508, http://localhost:1800/
74155260075949383841988739551624744508, None, 74155260075949383841988739551624744508, http://localhost:1800/
74155260075949383841988739551624744508, None, 74155260075949383841988739551624744508, http://localhost:1800/
74155260075949383841988739551624744508, 243157659132187107739887812339775519703 -> a ['support@retrospected.com']{'href': 'mailto:support@retrospected.com'}, 74155260075949383841988739551624744508, http://localhost:1800/
74155260075949383841988739551624744508, 238260590675663518801515527384327507336 -> a ['Contact us']{'href': 'mailto:support@retrospected.com'}, 74155260075949383841988739551624744508, http://localhost:1800/
74155260075949383841988739551624744508, None, 74155260075949383841988739551624744508, http://localhost:1800/
74155260075949383841988739551624744508, 326260989328514412703228462752826086408 -> a ['contact us']{'href': 'mailto:support@retrospected.com'}, 74155260075949383841988739551624744508, http://localhost:1800/
74155260075949383841988739551624744508, None, 74155260075949383841988739551624744508, http://localhost:1800/
74155260075949383841988739551624744508, None, 74155260075949383841988739551624744508, http://localhost:1800/
74155260075949383841988739551624744508, None, 74155260075949383841988739551624744508, http://localhost:1800/
74155260075949383841988739551624744508, None, 74155260075949383841988739551624744508, http://localhost:1800/
74155260075949383841988739551624744508, None, 74155260075949383841988739551624744508, http://localhost:1800/
74155260075949383841988739551624744508, None, 74155260075949383841988739551624744508, http://localhost:1800/
74155260075949383841988739551624744508, None, 74155260075949383841988739551624744508, http://localhost:1800/
74155260075949383841988739551624744508, None, 74155260075949383841988739551624744508, http://localhost:1800/
74155260075949383841988739551624744508, None, 74155260075949383841988739551624744508, http://localhost:1800/
74155260075949383841988739551624744508, None, 74155260075949383841988739551624744508, http://localhost:1800/
74155260075949383841988739551624744508, None, 74155260075949383841988739551624744508, http://localhost:1800/
74155260075949383841988739551624744508, None, 74155260075949383841988739551624744508, http://localhost:1800/
74155260075949383841988739551624744508, 198330988671355682266587899514732098117 -> a []{'href': '/subscribe?product=team', 'style': 'color:unset'}, 74155260075949383841988739551624744508, http://localhost:1800/
74155260075949383841988739551624744508, None, 74155260075949383841988739551624744508, http://localhost:1800/
74155260075949383841988739551624744508, None, 74155260075949383841988739551624744508, http://localhost:1800/
74155260075949383841988739551624744508, None, 74155260075949383841988739551624744508, http://localhost:1800/
74155260075949383841988739551624744508, 238260590675663518801515527384327507336 -> a ['Contact us']{'href': 'mailto:support@retrospected.com'}, 74155260075949383841988739551624744508, http://localhost:1800/
74155260075949383841988739551624744508, None, 74155260075949383841988739551624744508, http://localhost:1800/
74155260075949383841988739551624744508, None, 74155260075949383841988739551624744508, http://localhost:1800/
74155260075949383841988739551624744508, 225735037228565691565436968406220070970 -> a [<span class="ti-check-box", 74155260075949383841988739551624744508, http://localhost:1800/
74155260075949383841988739551624744508, 131498267285019480364075027932691640882 -> a []{'href': '/subscribe?product=unlimited', 'style': 'color:unset'}, 74155260075949383841988739551624744508, http://localhost:1800/
74155260075949383841988739551624744508, None, 74155260075949383841988739551624744508, http://localhost:1800/
74155260075949383841988739551624744508, None, 74155260075949383841988739551624744508, http://localhost:1800/
74155260075949383841988739551624744508, None, 74155260075949383841988739551624744508, http://localhost:1800/
74155260075949383841988739551624744508, None, 74155260075949383841988739551624744508, http://localhost:1800/
74155260075949383841988739551624744508, 250804075126493492387859450049616939076 -> button [<span class="MuiButton-startIcon MuiButton-iconSizeMedium css-6xugel", 199222071360682078865197807318038347473, http://localhost:1800/
199222071360682078865197807318038347473, 14953418088132819273620858458932883397 -> input []{'aria-invalid': 'false', 'id': ':r:', 'placeholder': 'Password', 'type': 'password'}, 199222071360682078865197807318038347473, http://localhost:1800/
199222071360682078865197807318038347473, 294615786201985294666610207977138871781 -> button ['Login']{'tabindex': '-', 'type': 'button'}, 338961504361008889755351455042736195397, http://localhost:1800/
338961504361008889755351455042736195397, 99050546300824885450439701201450930813 -> input []{'aria-invalid': 'false', 'id': ':r:', 'placeholder': 'Password', 'type': 'password', 'value': 'gTMgqWw)'}, 338961504361008889755351455042736195397, http://localhost:1800/
338961504361008889755351455042736195397, 99050546300824885450439701201450930813 -> input []{'aria-invalid': 'false', 'id': ':r:', 'placeholder': 'Password', 'type': 'password', 'value': 'gTMgqWw)'}, 338961504361008889755351455042736195397, http://localhost:1800/
338961504361008889755351455042736195397, 99050546300824885450439701201450930813 -> input []{'aria-invalid': 'false', 'id': ':r:', 'placeholder': 'Password', 'type': 'password', 'value': 'gTMgqWw)'}, 338961504361008889755351455042736195397, http://localhost:1800/
338961504361008889755351455042736195397, 99050546300824885450439701201450930813 -> input []{'aria-invalid': 'false', 'id': ':r:', 'placeholder': 'Password', 'type': 'password', 'value': 'gTMgqWw)'}, 338961504361008889755351455042736195397, http://localhost:1800/
338961504361008889755351455042736195397, 99050546300824885450439701201450930813 -> input []{'aria-invalid': 'false', 'id': ':r:', 'placeholder': 'Password', 'type': 'password', 'value': 'gTMgqWw)'}, 338961504361008889755351455042736195397, http://localhost:1800/
74155260075949383841988739551624744508, None, 74155260075949383841988739551624744508, http://localhost:1800/
74155260075949383841988739551624744508, 250804075126493492387859450049616939076 -> button [<span class="MuiButton-startIcon MuiButton-iconSizeMedium css-6xugel", 199222071360682078865197807318038347473, http://localhost:1800/
199222071360682078865197807318038347473, 294615786201985294666610207977138871781 -> button ['Login']{'tabindex': '-', 'type': 'button'}, 199222071360682078865197807318038347473, http://localhost:1800/
199222071360682078865197807318038347473, 112041686872988074733923345088035007295 -> input []{'aria-invalid': 'false', 'id': ':r:', 'placeholder': 'E-mail', 'type': 'email'}, 338961504361008889755351455042736195397, http://localhost:1800/
338961504361008889755351455042736195397, 171654690409493134351868696525124104828 -> input []{'aria-invalid': 'false', 'id': ':r:', 'placeholder': 'E-mail', 'type': 'email', 'value': 'jayjones@example.org'}, 338961504361008889755351455042736195397, http://localhost:1800/
338961504361008889755351455042736195397, 171654690409493134351868696525124104828 -> input []{'aria-invalid': 'false', 'id': ':r:', 'placeholder': 'E-mail', 'type': 'email', 'value': 'jayjones@example.org'}, 338961504361008889755351455042736195397, http://localhost:1800/
338961504361008889755351455042736195397, 171654690409493134351868696525124104828 -> input []{'aria-invalid': 'false', 'id': ':r:', 'placeholder': 'E-mail', 'type': 'email', 'value': 'jayjones@example.org'}, 338961504361008889755351455042736195397, http://localhost:1800/
338961504361008889755351455042736195397, 171654690409493134351868696525124104828 -> input []{'aria-invalid': 'false', 'id': ':r:', 'placeholder': 'E-mail', 'type': 'email', 'value': 'jayjones@example.org'}, 338961504361008889755351455042736195397, http://localhost:1800/
338961504361008889755351455042736195397, 171654690409493134351868696525124104828 -> input []{'aria-invalid': 'false', 'id': ':r:', 'placeholder': 'E-mail', 'type': 'email', 'value': 'jayjones@example.org'}, 338961504361008889755351455042736195397, http://localhost:1800/
74155260075949383841988739551624744508, None, 74155260075949383841988739551624744508, http://localhost:1800/
74155260075949383841988739551624744508, 250804075126493492387859450049616939076 -> button [<span class="MuiButton-startIcon MuiButton-iconSizeMedium css-6xugel", 199222071360682078865197807318038347473, http://localhost:1800/
199222071360682078865197807318038347473, 112041686872988074733923345088035007295 -> input []{'aria-invalid': 'false', 'id': ':r:', 'placeholder': 'E-mail', 'type': 'email'}, 338961504361008889755351455042736195397, http://localhost:1800/
338961504361008889755351455042736195397, 27091280155641772975621816023445844372 -> input []{'aria-invalid': 'false', 'id': ':r:', 'placeholder': 'E-mail', 'type': 'email', 'value': 'shafferdavid@example.org'}, 338961504361008889755351455042736195397, http://localhost:1800/
338961504361008889755351455042736195397, 27091280155641772975621816023445844372 -> input []{'aria-invalid': 'false', 'id': ':r:', 'placeholder': 'E-mail', 'type': 'email', 'value': 'shafferdavid@example.org'}, 338961504361008889755351455042736195397, http://localhost:1800/
338961504361008889755351455042736195397, 27091280155641772975621816023445844372 -> input []{'aria-invalid': 'false', 'id': ':r:', 'placeholder': 'E-mail', 'type': 'email', 'value': 'shafferdavid@example.org'}, 338961504361008889755351455042736195397, http://localhost:1800/
338961504361008889755351455042736195397, 27091280155641772975621816023445844372 -> input []{'aria-invalid': 'false', 'id': ':r:', 'placeholder': 'E-mail', 'type': 'email', 'value': 'shafferdavid@example.org'}, 338961504361008889755351455042736195397, http://localhost:1800/
338961504361008889755351455042736195397, 27091280155641772975621816023445844372 -> input []{'aria-invalid': 'false', 'id': ':r:', 'placeholder': 'E-mail', 'type': 'email', 'value': 'shafferdavid@example.org'}, 338961504361008889755351455042736195397, http://localhost:1800/
338961504361008889755351455042736195397, 27091280155641772975621816023445844372 -> input []{'aria-invalid': 'false', 'id': ':r:', 'placeholder': 'E-mail', 'type': 'email', 'value': 'shafferdavid@example.org'}, 338961504361008889755351455042736195397, http://localhost:1800/
74155260075949383841988739551624744508, None, 74155260075949383841988739551624744508, http://localhost:1800/
74155260075949383841988739551624744508, 250804075126493492387859450049616939076 -> button [<span class="MuiButton-startIcon MuiButton-iconSizeMedium css-6xugel", 199222071360682078865197807318038347473, http://localhost:1800/
199222071360682078865197807318038347473, 112041686872988074733923345088035007295 -> input []{'aria-invalid': 'false', 'id': ':r:', 'placeholder': 'E-mail', 'type': 'email'}, 338961504361008889755351455042736195397, http://localhost:1800/
338961504361008889755351455042736195397, 52436138851299655399203366542076108060 -> input []{'aria-invalid': 'false', 'id': ':r:', 'placeholder': 'E-mail', 'type': 'email', 'value': 'robert@example.com'}, 338961504361008889755351455042736195397, http://localhost:1800/
338961504361008889755351455042736195397, 52436138851299655399203366542076108060 -> input []{'aria-invalid': 'false', 'id': ':r:', 'placeholder': 'E-mail', 'type': 'email', 'value': 'robert@example.com'}, 338961504361008889755351455042736195397, http://localhost:1800/
338961504361008889755351455042736195397, 52436138851299655399203366542076108060 -> input []{'aria-invalid': 'false', 'id': ':r:', 'placeholder': 'E-mail', 'type': 'email', 'value': 'robert@example.com'}, 338961504361008889755351455042736195397, http://localhost:1800/
338961504361008889755351455042736195397, 52436138851299655399203366542076108060 -> input []{'aria-invalid': 'false', 'id': ':r:', 'placeholder': 'E-mail', 'type': 'email', 'value': 'robert@example.com'}, 338961504361008889755351455042736195397, http://localhost:1800/
338961504361008889755351455042736195397, 52436138851299655399203366542076108060 -> input []{'aria-invalid': 'false', 'id': ':r:', 'placeholder': 'E-mail', 'type': 'email', 'value': 'robert@example.com'}, 338961504361008889755351455042736195397, http://localhost:1800/
338961504361008889755351455042736195397, 52436138851299655399203366542076108060 -> input []{'aria-invalid': 'false', 'id': ':r:', 'placeholder': 'E-mail', 'type': 'email', 'value': 'robert@example.com'}, 338961504361008889755351455042736195397, http://localhost:1800/
