2022-05-25 16:33:14 WARNING  Starting
2022-05-25 16:33:28 ERROR    Failure: http://localhost:4000/ -> net::ERR_NAME_NOT_RESOLVED
2022-05-25 16:33:53 WARNING  redoing process
2022-05-25 16:33:55 ERROR    Failure: http://localhost:4000/sign_up -> Failed to load resource: the server responded with a status of 422 (Unprocessable Entity)
2022-05-25 16:33:55 ERROR    Failure: http://localhost:4000/sign_up -> status code(422) -> {"errors":[{"password_confirmation":"Password does not match"}]}
2022-05-25 16:34:15 WARNING  redoing process
2022-05-25 16:34:26 ERROR    Failure: http://localhost:4000/sign_up -> Failed to load resource: the server responded with a status of 422 (Unprocessable Entity)
2022-05-25 16:34:26 ERROR    Failure: http://localhost:4000/sign_up -> status code(422) -> {"errors":[{"password_confirmation":"Password does not match"}]}
2022-05-25 16:34:43 WARNING  redoing process
2022-05-25 16:34:47 ERROR    Failure: http://localhost:4000/sign_up -> Failed to load resource: the server responded with a status of 422 (Unprocessable Entity)
2022-05-25 16:34:47 ERROR    Failure: http://localhost:4000/sign_up -> status code(422) -> {"errors":[{"password_confirmation":"Password does not match"}]}
2022-05-25 16:35:06 ERROR    Failure: http://localhost:4000/sign_up -> Failed to load resource: the server responded with a status of 422 (Unprocessable Entity)
2022-05-25 16:35:06 ERROR    Failure: http://localhost:4000/sign_up -> status code(422) -> {"errors":[{"password_confirmation":"Password does not match"}]}
2022-05-25 16:35:44 ERROR    Failure: http://localhost:4000/sign_up -> Failed to load resource: the server responded with a status of 422 (Unprocessable Entity)
2022-05-25 16:35:44 ERROR    Failure: http://localhost:4000/sign_up -> status code(422) -> {"errors":[{"password_confirmation":"Password does not match"}]}
2022-05-25 16:35:49 WARNING  redoing process
2022-05-25 16:35:57 ERROR    Failure: http://localhost:4000/sign_up -> Failed to load resource: the server responded with a status of 422 (Unprocessable Entity)
2022-05-25 16:35:57 ERROR    Failure: http://localhost:4000/sign_up -> status code(422) -> {"errors":[{"password_confirmation":"Password does not match"}]}
2022-05-25 16:36:43 WARNING  redoing process
2022-05-25 16:37:08 ERROR    Failure: http://localhost:4000/sign_up -> Failed to load resource: the server responded with a status of 422 (Unprocessable Entity)
2022-05-25 16:37:08 ERROR    Failure: http://localhost:4000/sign_up -> status code(422) -> {"errors":[{"password_confirmation":"Password does not match"}]}
2022-05-25 16:37:13 ERROR    Failure: http://localhost:4000/sign_up -> Failed to load resource: the server responded with a status of 422 (Unprocessable Entity)
2022-05-25 16:37:13 ERROR    Failure: http://localhost:4000/sign_up -> status code(422) -> {"errors":[{"password_confirmation":"Password does not match"}]}
2022-05-25 16:37:42 WARNING  redoing process
2022-05-25 16:38:57 ERROR    Failure: http://localhost:4000/sign_up -> Failed to load resource: the server responded with a status of 422 (Unprocessable Entity)
2022-05-25 16:38:57 ERROR    Failure: http://localhost:4000/sign_up -> status code(422) -> {"errors":[{"password_confirmation":"Password does not match"}]}
2022-05-25 16:39:00 WARNING  redoing process
2022-05-25 16:40:03 ERROR    Failure: http://localhost:4000/sign_up -> Failed to load resource: the server responded with a status of 422 (Unprocessable Entity)
2022-05-25 16:40:03 ERROR    Failure: http://localhost:4000/sign_up -> status code(422) -> {"errors":[{"password_confirmation":"Password does not match"}]}
2022-05-25 16:40:09 ERROR    Failure: http://localhost:4000/sign_up -> Failed to load resource: the server responded with a status of 422 (Unprocessable Entity)
2022-05-25 16:40:09 ERROR    Failure: http://localhost:4000/sign_up -> status code(422) -> {"errors":[{"password_confirmation":"Password does not match"}]}
2022-05-25 16:40:11 ERROR    Failure: http://localhost:4000/sign_up -> Failed to load resource: the server responded with a status of 422 (Unprocessable Entity)
2022-05-25 16:40:11 ERROR    Failure: http://localhost:4000/sign_up -> status code(422) -> {"errors":[{"password_confirmation":"Password does not match"}]}
2022-05-25 16:40:23 WARNING  redoing process
2022-05-25 16:40:34 ERROR    Failure: http://localhost:4000/sign_up -> Failed to load resource: the server responded with a status of 422 (Unprocessable Entity)
2022-05-25 16:40:34 ERROR    Failure: http://localhost:4000/sign_up -> status code(422) -> {"errors":[{"password_confirmation":"Password does not match"}]}
2022-05-25 16:40:47 ERROR    Failure: http://localhost:4000/sign_up -> Failed to load resource: the server responded with a status of 422 (Unprocessable Entity)
2022-05-25 16:40:47 ERROR    Failure: http://localhost:4000/sign_up -> status code(422) -> {"errors":[{"password_confirmation":"Password does not match"}]}
2022-05-25 16:40:52 WARNING  redoing process
2022-05-25 16:41:00 ERROR    Failure: http://localhost:4000/sign_up -> Failed to load resource: the server responded with a status of 422 (Unprocessable Entity)
2022-05-25 16:41:00 ERROR    Failure: http://localhost:4000/sign_up -> status code(422) -> {"errors":[{"password_confirmation":"Password does not match"}]}
2022-05-25 16:41:06 ERROR    Failure: http://localhost:4000/sign_up -> Failed to load resource: the server responded with a status of 422 (Unprocessable Entity)
2022-05-25 16:41:06 ERROR    Failure: http://localhost:4000/sign_up -> status code(422) -> {"errors":[{"password_confirmation":"Password does not match"}]}
2022-05-25 16:42:26 WARNING  redoing process
2022-05-25 16:43:08 ERROR    Failure: http://localhost:4000/sign_up -> Failed to load resource: the server responded with a status of 422 (Unprocessable Entity)
2022-05-25 16:43:08 ERROR    Failure: http://localhost:4000/sign_up -> status code(422) -> {"errors":[{"password_confirmation":"Password does not match"}]}
2022-05-25 16:43:46 WARNING  redoing process
2022-05-25 16:43:57 ERROR    Failure: http://localhost:4000/sign_up -> Failed to load resource: the server responded with a status of 422 (Unprocessable Entity)
2022-05-25 16:43:57 ERROR    Failure: http://localhost:4000/sign_up -> status code(422) -> {"errors":[{"password_confirmation":"Password does not match"}]}
2022-05-25 16:44:43 ERROR    Failure: http://localhost:4000/sign_up -> Failed to load resource: the server responded with a status of 422 (Unprocessable Entity)
2022-05-25 16:44:43 ERROR    Failure: http://localhost:4000/sign_up -> status code(422) -> {"errors":[{"password_confirmation":"Password does not match"}]}
2022-05-25 16:44:49 ERROR    Failure: http://localhost:4000/sign_up -> Failed to load resource: the server responded with a status of 422 (Unprocessable Entity)
2022-05-25 16:44:49 ERROR    Failure: http://localhost:4000/sign_up -> status code(422) -> {"errors":[{"password_confirmation":"Password does not match"}]}
2022-05-25 16:44:54 WARNING  redoing process
2022-05-25 16:46:03 ERROR    Failure: http://localhost:4000/sign_up -> Failed to load resource: the server responded with a status of 422 (Unprocessable Entity)
2022-05-25 16:46:03 ERROR    Failure: http://localhost:4000/sign_up -> status code(422) -> {"errors":[{"password_confirmation":"Password does not match"}]}
2022-05-25 16:46:18 WARNING  redoing process
2022-05-25 16:46:21 ERROR    Failure: http://localhost:4000/sign_up -> Failed to load resource: the server responded with a status of 422 (Unprocessable Entity)
2022-05-25 16:46:21 ERROR    Failure: http://localhost:4000/sign_up -> status code(422) -> {"errors":[{"password_confirmation":"Password does not match"}]}
2022-05-25 16:46:27 ERROR    Failure: http://localhost:4000/sign_up -> Failed to load resource: the server responded with a status of 422 (Unprocessable Entity)
2022-05-25 16:46:27 ERROR    Failure: http://localhost:4000/sign_up -> status code(422) -> {"errors":[{"password_confirmation":"Password does not match"}]}
2022-05-25 16:46:31 WARNING  redoing process
2022-05-25 16:46:33 ERROR    Failure: http://localhost:4000/sign_up -> Failed to load resource: the server responded with a status of 422 (Unprocessable Entity)
2022-05-25 16:46:33 ERROR    Failure: http://localhost:4000/sign_up -> status code(422) -> {"errors":[{"password_confirmation":"Password does not match"}]}
2022-05-25 16:46:36 WARNING  redoing process
2022-05-25 16:46:44 ERROR    Failure: http://localhost:4000/sign_up -> Failed to load resource: the server responded with a status of 422 (Unprocessable Entity)
2022-05-25 16:46:44 ERROR    Failure: http://localhost:4000/sign_up -> status code(422) -> {"errors":[{"password_confirmation":"Password does not match"}]}
2022-05-25 16:48:15 ERROR    Failure: http://localhost:4000/sign_up -> Failed to load resource: the server responded with a status of 422 (Unprocessable Entity)
2022-05-25 16:48:15 ERROR    Failure: http://localhost:4000/sign_up -> status code(422) -> {"errors":[{"password_confirmation":"Password does not match"}]}
2022-05-25 16:48:18 WARNING  redoing process
2022-05-25 16:48:20 ERROR    Failure: http://localhost:4000/sign_up -> Failed to load resource: the server responded with a status of 422 (Unprocessable Entity)
2022-05-25 16:48:20 ERROR    Failure: http://localhost:4000/sign_up -> status code(422) -> {"errors":[{"password_confirmation":"Password does not match"}]}
2022-05-25 16:49:11 ERROR    Failure: http://localhost:4000/sign_up -> Failed to load resource: the server responded with a status of 422 (Unprocessable Entity)
2022-05-25 16:49:11 ERROR    Failure: http://localhost:4000/sign_up -> status code(422) -> {"errors":[{"password_confirmation":"Password does not match"}]}
2022-05-25 16:49:13 WARNING  redoing process
2022-05-25 16:49:21 ERROR    Failure: http://localhost:4000/sign_up -> Failed to load resource: the server responded with a status of 422 (Unprocessable Entity)
2022-05-25 16:49:21 ERROR    Failure: http://localhost:4000/sign_up -> status code(422) -> {"errors":[{"password_confirmation":"Password does not match"}]}
2022-05-25 16:50:02 WARNING  redoing process
2022-05-25 16:50:11 ERROR    Failure: http://localhost:4000/sign_up -> Failed to load resource: the server responded with a status of 422 (Unprocessable Entity)
2022-05-25 16:50:11 ERROR    Failure: http://localhost:4000/sign_up -> status code(422) -> {"errors":[{"password_confirmation":"Password does not match"}]}
2022-05-25 16:51:41 WARNING  redoing process
2022-05-25 16:52:50 ERROR    Failure: http://localhost:4000/sign_up -> Failed to load resource: the server responded with a status of 422 (Unprocessable Entity)
2022-05-25 16:52:50 ERROR    Failure: http://localhost:4000/sign_up -> status code(422) -> {"errors":[{"password_confirmation":"Password does not match"}]}
2022-05-25 16:53:02 ERROR    Failure: http://localhost:4000/sign_up -> Failed to load resource: the server responded with a status of 422 (Unprocessable Entity)
2022-05-25 16:53:02 ERROR    Failure: http://localhost:4000/sign_up -> status code(422) -> {"errors":[{"password_confirmation":"Password does not match"}]}
2022-05-25 16:53:06 WARNING  redoing process
2022-05-25 16:54:07 ERROR    Failure: http://localhost:4000/sign_up -> Failed to load resource: the server responded with a status of 422 (Unprocessable Entity)
2022-05-25 16:54:07 ERROR    Failure: http://localhost:4000/sign_up -> status code(422) -> {"errors":[{"password_confirmation":"Password does not match"}]}
2022-05-25 16:54:30 WARNING  redoing process
2022-05-25 16:54:37 ERROR    Failure: http://localhost:4000/sign_up -> Failed to load resource: the server responded with a status of 422 (Unprocessable Entity)
2022-05-25 16:54:37 ERROR    Failure: http://localhost:4000/sign_up -> status code(422) -> {"errors":[{"password_confirmation":"Password does not match"}]}
2022-05-25 16:54:55 WARNING  redoing process
2022-05-25 16:56:16 ERROR    Failure: http://localhost:4000/sign_up -> Failed to load resource: the server responded with a status of 422 (Unprocessable Entity)
2022-05-25 16:56:16 ERROR    Failure: http://localhost:4000/sign_up -> status code(422) -> {"errors":[{"password_confirmation":"Password does not match"}]}
2022-05-25 16:56:21 ERROR    Failure: http://localhost:4000/sign_up -> Failed to load resource: the server responded with a status of 422 (Unprocessable Entity)
2022-05-25 16:56:21 ERROR    Failure: http://localhost:4000/sign_up -> status code(422) -> {"errors":[{"password_confirmation":"Password does not match"}]}
2022-05-25 16:56:24 WARNING  redoing process
2022-05-25 16:57:04 ERROR    Failure: http://localhost:4000/sign_up -> Failed to load resource: the server responded with a status of 422 (Unprocessable Entity)
2022-05-25 16:57:04 ERROR    Failure: http://localhost:4000/sign_up -> status code(422) -> {"errors":[{"password_confirmation":"Password does not match"}]}
2022-05-25 16:57:07 WARNING  redoing process
2022-05-25 16:57:09 ERROR    Failure: http://localhost:4000/sign_up -> Failed to load resource: the server responded with a status of 422 (Unprocessable Entity)
2022-05-25 16:57:09 ERROR    Failure: http://localhost:4000/sign_up -> status code(422) -> {"errors":[{"password_confirmation":"Password does not match"}]}
2022-05-25 16:57:14 ERROR    Failure: http://localhost:4000/sign_up -> Failed to load resource: the server responded with a status of 422 (Unprocessable Entity)
2022-05-25 16:57:14 ERROR    Failure: http://localhost:4000/sign_up -> status code(422) -> {"errors":[{"password_confirmation":"Password does not match"}]}
2022-05-25 16:58:38 WARNING  redoing process
2022-05-25 16:59:02 ERROR    Failure: http://localhost:4000/sign_up -> Failed to load resource: the server responded with a status of 422 (Unprocessable Entity)
2022-05-25 16:59:02 ERROR    Failure: http://localhost:4000/sign_up -> status code(422) -> {"errors":[{"password_confirmation":"Password does not match"}]}
2022-05-25 16:59:33 WARNING  redoing process
2022-05-25 16:59:35 ERROR    Failure: http://localhost:4000/sign_up -> Failed to load resource: the server responded with a status of 422 (Unprocessable Entity)
2022-05-25 16:59:35 ERROR    Failure: http://localhost:4000/sign_up -> status code(422) -> {"errors":[{"password_confirmation":"Password does not match"}]}
2022-05-25 16:59:39 ERROR    Failure: http://localhost:4000/sign_up -> Failed to load resource: the server responded with a status of 422 (Unprocessable Entity)
2022-05-25 16:59:39 ERROR    Failure: http://localhost:4000/sign_up -> status code(422) -> {"errors":[{"password_confirmation":"Password does not match"}]}
2022-05-25 16:59:43 WARNING  redoing process
2022-05-25 16:59:51 ERROR    Failure: http://localhost:4000/sign_up -> Failed to load resource: the server responded with a status of 422 (Unprocessable Entity)
2022-05-25 16:59:51 ERROR    Failure: http://localhost:4000/sign_up -> status code(422) -> {"errors":[{"password_confirmation":"Password does not match"}]}
2022-05-25 17:01:30 WARNING  redoing process
2022-05-25 17:02:50 ERROR    Failure: http://localhost:4000/sign_up -> Failed to load resource: the server responded with a status of 422 (Unprocessable Entity)
2022-05-25 17:02:50 ERROR    Failure: http://localhost:4000/sign_up -> status code(422) -> {"errors":[{"password_confirmation":"Password does not match"}]}
2022-05-25 17:02:57 WARNING  redoing process
2022-05-25 17:02:59 ERROR    Failure: http://localhost:4000/sign_up -> Failed to load resource: the server responded with a status of 422 (Unprocessable Entity)
2022-05-25 17:02:59 ERROR    Failure: http://localhost:4000/sign_up -> status code(422) -> {"errors":[{"password_confirmation":"Password does not match"}]}
2022-05-25 17:03:18 WARNING  Finished
2022-05-25 17:03:19 WARNING  (Failure Count, Coverage Percentage) : (3, 52.52713324181391)
2022-05-25 17:03:19 ERROR    http://localhost:4000/ -> net::ERR_NAME_NOT_RESOLVED
2022-05-25 17:03:19 ERROR    http://localhost:4000/sign_up -> Failed to load resource: the server responded with a status of 422 (Unprocessable Entity)
2022-05-25 17:03:19 ERROR    http://localhost:4000/sign_up -> status code(422) -> {"errors":[{"password_confirmation":"Password does not match"}]}
