2022-05-25 16:38:54 WARNING  Starting
2022-05-25 16:39:03 ERROR    Failure: http://localhost:4000/ -> net::ERR_NAME_NOT_RESOLVED
2022-05-25 16:39:28 WARNING  redoing process
2022-05-25 16:39:40 ERROR    Failure: http://localhost:4000/sign_up -> Failed to load resource: the server responded with a status of 422 (Unprocessable Entity)
2022-05-25 16:39:40 ERROR    Failure: http://localhost:4000/sign_up -> status code(422) -> {"errors":[{"password_confirmation":"Password does not match"}]}
2022-05-25 16:39:49 WARNING  redoing process
2022-05-25 16:39:59 ERROR    Failure: http://localhost:4000/sign_up -> Failed to load resource: the server responded with a status of 422 (Unprocessable Entity)
2022-05-25 16:39:59 ERROR    Failure: http://localhost:4000/sign_up -> status code(422) -> {"errors":[{"password_confirmation":"Password does not match"}]}
2022-05-25 16:40:12 WARNING  redoing process
2022-05-25 16:40:20 ERROR    Failure: http://localhost:4000/sign_up -> Failed to load resource: the server responded with a status of 422 (Unprocessable Entity)
2022-05-25 16:40:20 ERROR    Failure: http://localhost:4000/sign_up -> status code(422) -> {"errors":[{"password_confirmation":"Password does not match"}]}
2022-05-25 16:40:39 WARNING  redoing process
2022-05-25 16:40:46 ERROR    Failure: http://localhost:4000/sign_up -> Failed to load resource: the server responded with a status of 422 (Unprocessable Entity)
2022-05-25 16:40:46 ERROR    Failure: http://localhost:4000/sign_up -> status code(422) -> {"errors":[{"password_confirmation":"Password does not match"}]}
2022-05-25 16:40:47 ERROR    Failure: http://localhost:4000/sign_up -> Failed to load resource: the server responded with a status of 422 (Unprocessable Entity)
2022-05-25 16:40:47 ERROR    Failure: http://localhost:4000/sign_up -> status code(422) -> {"errors":[{"password_confirmation":"Password does not match"}]}
2022-05-25 16:40:57 ERROR    Failure: http://localhost:4000/sign_up -> Failed to load resource: the server responded with a status of 422 (Unprocessable Entity)
2022-05-25 16:40:57 ERROR    Failure: http://localhost:4000/sign_up -> status code(422) -> {"errors":[{"password_confirmation":"Password does not match"}]}
2022-05-25 16:41:44 ERROR    Failure: http://localhost:4000/sign_up -> Failed to load resource: the server responded with a status of 422 (Unprocessable Entity)
2022-05-25 16:41:44 ERROR    Failure: http://localhost:4000/sign_up -> status code(422) -> {"errors":[{"password_confirmation":"Password does not match"}]}
2022-05-25 16:41:59 WARNING  redoing process
2022-05-25 16:42:07 ERROR    Failure: http://localhost:4000/sign_up -> Failed to load resource: the server responded with a status of 422 (Unprocessable Entity)
2022-05-25 16:42:07 ERROR    Failure: http://localhost:4000/sign_up -> status code(422) -> {"errors":[{"password_confirmation":"Password does not match"}]}
2022-05-25 16:42:13 ERROR    Failure: http://localhost:4000/sign_up -> Failed to load resource: the server responded with a status of 422 (Unprocessable Entity)
2022-05-25 16:42:13 ERROR    Failure: http://localhost:4000/sign_up -> status code(422) -> {"errors":[{"password_confirmation":"Password does not match"}]}
2022-05-25 16:42:18 WARNING  redoing process
2022-05-25 16:43:28 ERROR    Failure: http://localhost:4000/sign_up -> Failed to load resource: the server responded with a status of 422 (Unprocessable Entity)
2022-05-25 16:43:28 ERROR    Failure: http://localhost:4000/sign_up -> status code(422) -> {"errors":[{"password_confirmation":"Password does not match"}]}
2022-05-25 16:43:59 ERROR    Failure: http://localhost:4000/sign_up -> Failed to load resource: the server responded with a status of 422 (Unprocessable Entity)
2022-05-25 16:43:59 ERROR    Failure: http://localhost:4000/sign_up -> status code(422) -> {"errors":[{"password_confirmation":"Password does not match"}]}
2022-05-25 16:44:06 ERROR    Failure: http://localhost:4000/sign_up -> Failed to load resource: the server responded with a status of 422 (Unprocessable Entity)
2022-05-25 16:44:06 ERROR    Failure: http://localhost:4000/sign_up -> status code(422) -> {"errors":[{"password_confirmation":"Password does not match"}]}
2022-05-25 16:44:20 WARNING  redoing process
2022-05-25 16:44:29 ERROR    Failure: http://localhost:4000/sign_up -> Failed to load resource: the server responded with a status of 422 (Unprocessable Entity)
2022-05-25 16:44:29 ERROR    Failure: http://localhost:4000/sign_up -> status code(422) -> {"errors":[{"password_confirmation":"Password does not match"}]}
2022-05-25 16:45:24 WARNING  redoing process
2022-05-25 16:46:46 ERROR    Failure: http://localhost:4000/sign_up -> Failed to load resource: the server responded with a status of 422 (Unprocessable Entity)
2022-05-25 16:46:46 ERROR    Failure: http://localhost:4000/sign_up -> status code(422) -> {"errors":[{"password_confirmation":"Password does not match"}]}
2022-05-25 16:46:56 WARNING  redoing process
2022-05-25 16:48:02 ERROR    Failure: http://localhost:4000/sign_up -> Failed to load resource: the server responded with a status of 422 (Unprocessable Entity)
2022-05-25 16:48:03 ERROR    Failure: http://localhost:4000/sign_up -> status code(422) -> {"errors":[{"password_confirmation":"Password does not match"}]}
2022-05-25 16:48:11 WARNING  redoing process
2022-05-25 16:48:18 ERROR    Failure: http://localhost:4000/sign_up -> Failed to load resource: the server responded with a status of 422 (Unprocessable Entity)
2022-05-25 16:48:18 ERROR    Failure: http://localhost:4000/sign_up -> status code(422) -> {"errors":[{"password_confirmation":"Password does not match"}]}
2022-05-25 16:49:22 WARNING  redoing process
2022-05-25 16:49:24 ERROR    Failure: http://localhost:4000/sign_up -> Failed to load resource: the server responded with a status of 422 (Unprocessable Entity)
2022-05-25 16:49:24 ERROR    Failure: http://localhost:4000/sign_up -> status code(422) -> {"errors":[{"password_confirmation":"Password does not match"}]}
2022-05-25 16:50:55 ERROR    Failure: http://localhost:4000/sign_up -> Failed to load resource: the server responded with a status of 422 (Unprocessable Entity)
2022-05-25 16:50:55 ERROR    Failure: http://localhost:4000/sign_up -> status code(422) -> {"errors":[{"password_confirmation":"Password does not match"}]}
2022-05-25 16:50:59 WARNING  redoing process
2022-05-25 16:52:07 ERROR    Failure: http://localhost:4000/sign_up -> Failed to load resource: the server responded with a status of 422 (Unprocessable Entity)
2022-05-25 16:52:07 ERROR    Failure: http://localhost:4000/sign_up -> status code(422) -> {"errors":[{"password_confirmation":"Password does not match"}]}
2022-05-25 16:52:40 WARNING  redoing process
2022-05-25 16:53:01 ERROR    Failure: http://localhost:4000/sign_up -> Failed to load resource: the server responded with a status of 422 (Unprocessable Entity)
2022-05-25 16:53:01 ERROR    Failure: http://localhost:4000/sign_up -> status code(422) -> {"errors":[{"password_confirmation":"Password does not match"}]}
2022-05-25 16:53:11 WARNING  redoing process
2022-05-25 16:53:19 ERROR    Failure: http://localhost:4000/sign_up -> Failed to load resource: the server responded with a status of 422 (Unprocessable Entity)
2022-05-25 16:53:19 ERROR    Failure: http://localhost:4000/sign_up -> status code(422) -> {"errors":[{"password_confirmation":"Password does not match"}]}
2022-05-25 16:54:34 WARNING  redoing process
2022-05-25 16:54:37 ERROR    Failure: http://localhost:4000/sign_up -> Failed to load resource: the server responded with a status of 422 (Unprocessable Entity)
2022-05-25 16:54:37 ERROR    Failure: http://localhost:4000/sign_up -> status code(422) -> {"errors":[{"password_confirmation":"Password does not match"}]}
2022-05-25 16:54:37 ERROR    Failure: http://localhost:4000/sign_up -> Failed to load resource: the server responded with a status of 422 (Unprocessable Entity)
2022-05-25 16:54:37 ERROR    Failure: http://localhost:4000/sign_up -> status code(422) -> {"errors":[{"password_confirmation":"Password does not match"}]}
2022-05-25 16:55:27 ERROR    Failure: http://localhost:4000/sign_up -> Failed to load resource: the server responded with a status of 422 (Unprocessable Entity)
2022-05-25 16:55:27 ERROR    Failure: http://localhost:4000/sign_up -> status code(422) -> {"errors":[{"password_confirmation":"Password does not match"}]}
2022-05-25 16:55:30 WARNING  redoing process
2022-05-25 16:56:57 ERROR    Failure: http://localhost:4000/sign_up -> Failed to load resource: the server responded with a status of 422 (Unprocessable Entity)
2022-05-25 16:56:57 ERROR    Failure: http://localhost:4000/sign_up -> status code(422) -> {"errors":[{"password_confirmation":"Password does not match"}]}
2022-05-25 16:57:01 WARNING  redoing process
2022-05-25 16:57:03 ERROR    Failure: http://localhost:4000/sign_up -> Failed to load resource: the server responded with a status of 422 (Unprocessable Entity)
2022-05-25 16:57:03 ERROR    Failure: http://localhost:4000/sign_up -> status code(422) -> {"errors":[{"password_confirmation":"Password does not match"}]}
2022-05-25 16:58:38 WARNING  redoing process
2022-05-25 16:59:26 ERROR    Failure: http://localhost:4000/sign_up -> Failed to load resource: the server responded with a status of 422 (Unprocessable Entity)
2022-05-25 16:59:26 ERROR    Failure: http://localhost:4000/sign_up -> status code(422) -> {"errors":[{"password_confirmation":"Password does not match"}]}
2022-05-25 16:59:36 WARNING  redoing process
2022-05-25 16:59:43 ERROR    Failure: http://localhost:4000/sign_up -> Failed to load resource: the server responded with a status of 422 (Unprocessable Entity)
2022-05-25 16:59:43 ERROR    Failure: http://localhost:4000/sign_up -> status code(422) -> {"errors":[{"password_confirmation":"Password does not match"}]}
2022-05-25 17:00:02 WARNING  redoing process
2022-05-25 17:00:21 ERROR    Failure: http://localhost:4000/sign_up -> Failed to load resource: the server responded with a status of 422 (Unprocessable Entity)
2022-05-25 17:00:21 ERROR    Failure: http://localhost:4000/sign_up -> status code(422) -> {"errors":[{"password_confirmation":"Password does not match"}]}
2022-05-25 17:00:54 WARNING  redoing process
2022-05-25 17:01:37 ERROR    Failure: http://localhost:4000/sign_up -> Failed to load resource: the server responded with a status of 422 (Unprocessable Entity)
2022-05-25 17:01:37 ERROR    Failure: http://localhost:4000/sign_up -> status code(422) -> {"errors":[{"password_confirmation":"Password does not match"}]}
2022-05-25 17:01:43 ERROR    Failure: http://localhost:4000/sign_up -> Failed to load resource: the server responded with a status of 422 (Unprocessable Entity)
2022-05-25 17:01:43 ERROR    Failure: http://localhost:4000/sign_up -> status code(422) -> {"errors":[{"password_confirmation":"Password does not match"}]}
2022-05-25 17:01:44 WARNING  redoing process
2022-05-25 17:01:46 ERROR    Failure: http://localhost:4000/sign_up -> Failed to load resource: the server responded with a status of 422 (Unprocessable Entity)
2022-05-25 17:01:46 ERROR    Failure: http://localhost:4000/sign_up -> status code(422) -> {"errors":[{"password_confirmation":"Password does not match"}]}
2022-05-25 17:02:56 ERROR    Failure: http://localhost:4000/sign_up -> Failed to load resource: the server responded with a status of 422 (Unprocessable Entity)
2022-05-25 17:02:56 ERROR    Failure: http://localhost:4000/sign_up -> status code(422) -> {"errors":[{"password_confirmation":"Password does not match"}]}
2022-05-25 17:02:59 WARNING  redoing process
2022-05-25 17:04:23 WARNING  redoing process
2022-05-25 17:04:25 ERROR    Failure: http://localhost:4000/sign_up -> Failed to load resource: the server responded with a status of 422 (Unprocessable Entity)
2022-05-25 17:04:25 ERROR    Failure: http://localhost:4000/sign_up -> status code(422) -> {"errors":[{"password_confirmation":"Password does not match"}]}
2022-05-25 17:05:00 WARNING  redoing process
2022-05-25 17:05:46 ERROR    Failure: http://localhost:4000/sign_up -> Failed to load resource: the server responded with a status of 422 (Unprocessable Entity)
2022-05-25 17:05:46 ERROR    Failure: http://localhost:4000/sign_up -> status code(422) -> {"errors":[{"password_confirmation":"Password does not match"}]}
2022-05-25 17:06:17 WARNING  redoing process
2022-05-25 17:06:20 ERROR    Failure: http://localhost:4000/sign_up -> Failed to load resource: the server responded with a status of 422 (Unprocessable Entity)
2022-05-25 17:06:20 ERROR    Failure: http://localhost:4000/sign_up -> status code(422) -> {"errors":[{"password_confirmation":"Password does not match"}]}
2022-05-25 17:07:51 WARNING  redoing process
2022-05-25 17:08:04 ERROR    Failure: http://localhost:4000/sign_up -> Failed to load resource: the server responded with a status of 422 (Unprocessable Entity)
2022-05-25 17:08:04 ERROR    Failure: http://localhost:4000/sign_up -> status code(422) -> {"errors":[{"password_confirmation":"Password does not match"}]}
2022-05-25 17:08:17 ERROR    Failure: http://localhost:4000/sign_up -> Failed to load resource: the server responded with a status of 422 (Unprocessable Entity)
2022-05-25 17:08:17 ERROR    Failure: http://localhost:4000/sign_up -> status code(422) -> {"errors":[{"password_confirmation":"Password does not match"}]}
2022-05-25 17:08:21 WARNING  redoing process
2022-05-25 17:08:29 WARNING  redoing process
2022-05-25 17:08:30 ERROR    Failure: http://localhost:4000/sign_up -> Failed to load resource: the server responded with a status of 422 (Unprocessable Entity)
2022-05-25 17:08:30 ERROR    Failure: http://localhost:4000/sign_up -> status code(422) -> {"errors":[{"password_confirmation":"Password does not match"}]}
2022-05-25 17:08:51 ERROR    Failure: http://localhost:4000/sign_up -> Failed to load resource: the server responded with a status of 422 (Unprocessable Entity)
2022-05-25 17:08:51 ERROR    Failure: http://localhost:4000/sign_up -> status code(422) -> {"errors":[{"password_confirmation":"Password does not match"}]}
2022-05-25 17:09:05 WARNING  Finished
2022-05-25 17:09:05 WARNING  (Failure Count, Coverage Percentage) : (3, 50.971407183756256)
2022-05-25 17:09:05 ERROR    http://localhost:4000/ -> net::ERR_NAME_NOT_RESOLVED
2022-05-25 17:09:05 ERROR    http://localhost:4000/sign_up -> Failed to load resource: the server responded with a status of 422 (Unprocessable Entity)
2022-05-25 17:09:05 ERROR    http://localhost:4000/sign_up -> status code(422) -> {"errors":[{"password_confirmation":"Password does not match"}]}
