0      [main] ERROR JFCRipperMain - resources\config\terminal_widget.ign not found
java.lang.NullPointerException
	at java.io.Reader.<init>(Reader.java:78)
	at java.io.InputStreamReader.<init>(InputStreamReader.java:72)
	at edu.umd.cs.guitar.util.Util.getListFromFile(Unknown Source)
	at edu.umd.cs.guitar.model.JFCConstants.<clinit>(Unknown Source)
	at edu.umd.cs.guitar.ripper.JFCRipper.setupEnv(Unknown Source)
	at edu.umd.cs.guitar.ripper.JFCRipper.execute(Unknown Source)
	at edu.umd.cs.guitar.ripper.JFCRipperMain.main(Unknown Source)
20     [main] DEBUG JFCRipperMain - ===========================
20     [main] DEBUG JFCRipperMain - All URLs: 
20     [main] DEBUG JFCRipperMain - 	/C:/Users/aise/Documents/web-comparison/tools/GUITAR.v1.2/GUITAR.tool/jars/TestCaseGenerator-Plugin-MinEventCoverage.jar
20     [main] DEBUG JFCRipperMain - 	/C:/Users/aise/Documents/web-comparison/tools/GUITAR.v1.2/GUITAR.tool/jars/GUIReplayer-Plugin-JFC.jar
20     [main] DEBUG JFCRipperMain - 	/C:/Users/aise/Documents/web-comparison/tools/GUITAR.v1.2/GUITAR.tool/jars/TestCaseGenerator-Core.jar
20     [main] DEBUG JFCRipperMain - 	/C:/Users/aise/Documents/web-comparison/tools/GUITAR.v1.2/GUITAR.tool/jars/jemmy.jar
20     [main] DEBUG JFCRipperMain - 	/C:/Users/aise/Documents/web-comparison/tools/GUITAR.v1.2/GUITAR.tool/jars/GUITARModel-Plugin-JFC.jar
20     [main] DEBUG JFCRipperMain - 	/C:/Users/aise/Documents/web-comparison/tools/GUITAR.v1.2/GUITAR.tool/jars/args4j-2.0.10.jar
20     [main] DEBUG JFCRipperMain - 	/C:/Users/aise/Documents/web-comparison/tools/GUITAR.v1.2/GUITAR.tool/jars/GUITARModel-Core.jar
20     [main] DEBUG JFCRipperMain - 	/C:/Users/aise/Documents/web-comparison/tools/GUITAR.v1.2/GUITAR.tool/jars/TestCaseGenerator-Plugin-CoverAllFGEdges.jar
20     [main] DEBUG JFCRipperMain - 	/C:/Users/aise/Documents/web-comparison/tools/GUITAR.v1.2/GUITAR.tool/jars/TestCaseGenerator-Plugin-RandomTestCase.jar
20     [main] DEBUG JFCRipperMain - 	/login_page.php/
20     [main] DEBUG JFCRipperMain - 	/C:/Users/aise/Documents/web-comparison/tools/GUITAR.v1.2/GUITAR.tool/jars/cglib-nodep-2.1_3.jar
20     [main] DEBUG JFCRipperMain - 	/C:/Users/aise/Documents/web-comparison/tools/GUITAR.v1.2/GUITAR.tool/jars/TestCaseGenerator-Plugin-MinEdgeCoverage.jar
20     [main] DEBUG JFCRipperMain - 	/C:/Users/aise/Documents/web-comparison/tools/GUITAR.v1.2/GUITAR.tool/jars/easymockclassextension.jar
20     [main] DEBUG JFCRipperMain - 	/C:/Users/aise/Documents/web-comparison/tools/GUITAR.v1.2/GUITAR.tool/jars/easymock-2.5.2.jar
20     [main] DEBUG JFCRipperMain - 	/C:/Users/aise/Documents/web-comparison/tools/GUITAR.v1.2/GUITAR.tool/jars/GUIRipper-Plugin-JFC.jar
20     [main] DEBUG JFCRipperMain - 	/C:/Users/aise/Documents/web-comparison/tools/GUITAR.v1.2/GUITAR.tool/jars/GUIStructure2Graph-Plugin-EventFlowGraph.jar
20     [main] DEBUG JFCRipperMain - 	/C:/Users/aise/Documents/web-comparison/tools/GUITAR.v1.2/GUITAR.tool/jars/GUIReplayer-Core.jar
20     [main] DEBUG JFCRipperMain - 	/C:/Users/aise/Documents/web-comparison/tools/GUITAR.v1.2/GUITAR.tool/jars/ant-junit.jar
20     [main] DEBUG JFCRipperMain - 	/C:/Users/aise/Documents/web-comparison/tools/GUITAR.v1.2/GUITAR.tool/jars/TestCaseGenerator-Plugin-SequenceLengthCoverage.jar
20     [main] DEBUG JFCRipperMain - 	/C:/Users/aise/Documents/web-comparison/tools/GUITAR.v1.2/GUITAR.tool/aut/petclinic/src/main/java/org/springframework/samples/petclinic/
20     [main] DEBUG JFCRipperMain - 	/C:/Users/aise/Documents/web-comparison/tools/GUITAR.v1.2/GUITAR.tool/jars/GUIRipper-Core.jar
20     [main] DEBUG JFCRipperMain - 	/C:/Users/aise/Documents/web-comparison/tools/GUITAR.v1.2/GUITAR.tool/jars/log4j-1.2.15.jar
20     [main] DEBUG JFCRipperMain - 	/C:/Users/aise/Documents/web-comparison/tools/GUITAR.v1.2/GUITAR.tool/jars/GUIStructure2Graph-Core.jar
20     [main] DEBUG JFCRipperMain - 	/C:/Users/aise/Documents/web-comparison/tools/GUITAR.v1.2/GUITAR.tool/jars/junit.jar
20     [main] DEBUG JFCRipperMain - 	/C:/Users/aise/Documents/web-comparison/tools/GUITAR.v1.2/GUITAR.tool/jars/TestCaseGenerator-Plugin-CoverAllEvents.jar
20     [main] DEBUG JFCRipperMain - ===========================
