0      [main] ERROR JFCRipperMain - resources\config\terminal_widget.ign not found
java.lang.NullPointerException
	at java.io.Reader.<init>(Reader.java:78)
	at java.io.InputStreamReader.<init>(InputStreamReader.java:72)
	at edu.umd.cs.guitar.util.Util.getListFromFile(Unknown Source)
	at edu.umd.cs.guitar.model.JFCConstants.<clinit>(Unknown Source)
	at edu.umd.cs.guitar.ripper.JFCRipper.setupEnv(Unknown Source)
	at edu.umd.cs.guitar.ripper.JFCRipper.execute(Unknown Source)
	at edu.umd.cs.guitar.ripper.JFCRipperMain.main(Unknown Source)
7      [main] DEBUG JFCRipperMain - ===========================
7      [main] DEBUG JFCRipperMain - All URLs: 
7      [main] DEBUG JFCRipperMain - 	/C:/Users/aise/Documents/web-comparison/tools/GUITAR.v1.2/GUITAR.tool/jars/GUITARModel-Core.jar
7      [main] DEBUG JFCRipperMain - 	/C:/Users/aise/Documents/web-comparison/tools/GUITAR.v1.2/GUITAR.tool/jars/TestCaseGenerator-Plugin-CoverAllFGEdges.jar
7      [main] DEBUG JFCRipperMain - 	/C:/Users/aise/Documents/web-comparison/tools/GUITAR.v1.2/GUITAR.tool/jars/TestCaseGenerator-Plugin-RandomTestCase.jar
7      [main] DEBUG JFCRipperMain - 	/C:/Users/aise/Documents/web-comparison/tools/GUITAR.v1.2/GUITAR.tool/jars/TestCaseGenerator-Plugin-MinEventCoverage.jar
7      [main] DEBUG JFCRipperMain - 	/C:/Users/aise/Documents/web-comparison/tools/GUITAR.v1.2/GUITAR.tool/jars/cglib-nodep-2.1_3.jar
7      [main] DEBUG JFCRipperMain - 	/C:/Users/aise/Documents/web-comparison/tools/GUITAR.v1.2/GUITAR.tool/jars/GUIReplayer-Plugin-JFC.jar
7      [main] DEBUG JFCRipperMain - 	/C:/Users/aise/Documents/web-comparison/tools/GUITAR.v1.2/GUITAR.tool/jars/TestCaseGenerator-Core.jar
7      [main] DEBUG JFCRipperMain - 	/C:/Users/aise/Documents/web-comparison/tools/GUITAR.v1.2/GUITAR.tool/jars/TestCaseGenerator-Plugin-MinEdgeCoverage.jar
7      [main] DEBUG JFCRipperMain - 	/C:/Users/aise/Documents/web-comparison/tools/GUITAR.v1.2/GUITAR.tool/jars/easymockclassextension.jar
7      [main] DEBUG JFCRipperMain - 	/C:/Users/aise/Documents/web-comparison/tools/GUITAR.v1.2/GUITAR.tool/jars/jemmy.jar
7      [main] DEBUG JFCRipperMain - 	/C:/Users/aise/Documents/web-comparison/tools/GUITAR.v1.2/GUITAR.tool/jars/easymock-2.5.2.jar
7      [main] DEBUG JFCRipperMain - 	/C:/Users/aise/Documents/web-comparison/tools/GUITAR.v1.2/GUITAR.tool/jars/GUIRipper-Plugin-JFC.jar
7      [main] DEBUG JFCRipperMain - 	/C:/Users/aise/Documents/web-comparison/tools/GUITAR.v1.2/GUITAR.tool/aut/
7      [main] DEBUG JFCRipperMain - 	/C:/Users/aise/Documents/web-comparison/tools/GUITAR.v1.2/GUITAR.tool/jars/GUIStructure2Graph-Plugin-EventFlowGraph.jar
7      [main] DEBUG JFCRipperMain - 	/C:/Users/aise/Documents/web-comparison/tools/GUITAR.v1.2/GUITAR.tool/jars/GUIReplayer-Core.jar
7      [main] DEBUG JFCRipperMain - 	/C:/Users/aise/Documents/web-comparison/tools/GUITAR.v1.2/GUITAR.tool/jars/ant-junit.jar
7      [main] DEBUG JFCRipperMain - 	/C:/Users/aise/Documents/web-comparison/tools/GUITAR.v1.2/GUITAR.tool/jars/TestCaseGenerator-Plugin-SequenceLengthCoverage.jar
7      [main] DEBUG JFCRipperMain - 	/C:/Users/aise/Documents/web-comparison/tools/GUITAR.v1.2/GUITAR.tool/jars/GUIRipper-Core.jar
7      [main] DEBUG JFCRipperMain - 	/C:/Users/aise/Documents/web-comparison/tools/GUITAR.v1.2/GUITAR.tool/jars/GUITARModel-Plugin-JFC.jar
7      [main] DEBUG JFCRipperMain - 	/C:/Users/aise/Documents/web-comparison/tools/GUITAR.v1.2/GUITAR.tool/jars/log4j-1.2.15.jar
7      [main] DEBUG JFCRipperMain - 	/C:/Users/aise/Documents/web-comparison/tools/GUITAR.v1.2/GUITAR.tool/jars/GUIStructure2Graph-Core.jar
7      [main] DEBUG JFCRipperMain - 	/C:/Users/aise/Documents/web-comparison/tools/GUITAR.v1.2/GUITAR.tool/jars/args4j-2.0.10.jar
7      [main] DEBUG JFCRipperMain - 	/C:/Users/aise/Documents/web-comparison/tools/GUITAR.v1.2/GUITAR.tool/jars/junit.jar
7      [main] DEBUG JFCRipperMain - 	/C:/Users/aise/Documents/web-comparison/tools/GUITAR.v1.2/GUITAR.tool/jars/TestCaseGenerator-Plugin-CoverAllEvents.jar
7      [main] DEBUG JFCRipperMain - ===========================
62     [main] DEBUG JFCRipperMain - =============================
62     [main] DEBUG JFCRipperMain - Application parameters: 
62     [main] DEBUG JFCRipperMain - 	
62     [main] DEBUG JFCRipperMain - =============================
3166   [main] INFO  JFCRipperMain - Number of root windows: 1
3167   [main] INFO  JFCRipperMain - ----------------------------
3167   [main] INFO  JFCRipperMain - Ripping window: *Radio Button Demo*
3167   [main] DEBUG JFCRipperMain - Ripping component: *Radio Button Demo* in window *Radio Button Demo*
3175   [main] DEBUG JFCRipperMain - Ripping component: *Pos(8,31)* in window *Radio Button Demo*
3175   [main] DEBUG JFCRipperMain - Ripping component: *null.glassPane* in window *Radio Button Demo*
3175   [main] DEBUG JFCRipperMain - Ripping component: *null.layeredPane* in window *Radio Button Demo*
3183   [main] DEBUG JFCRipperMain - Ripping component: *Pos(0,23)* in window *Radio Button Demo*
3183   [main] DEBUG JFCRipperMain - Ripping component: *Select Shape* in window *Radio Button Demo*
3185   [main] DEBUG JFCRipperMain - Ripping component: *Circle* in window *Radio Button Demo*
3185   [main] INFO  JFCRipperMain - Expanding *Circle*...
3185   [main] INFO  JFCRipperMain - Waiting  500ms for a new window to open
3694   [main] DEBUG JFCRipperMain - Ripping component: *Square* in window *Radio Button Demo*
3696   [main] INFO  JFCRipperMain - Expanding *Square*...
3696   [main] INFO  JFCRipperMain - Waiting  500ms for a new window to open
4205   [main] DEBUG JFCRipperMain - Ripping component: *Select Fill Color* in window *Radio Button Demo*
4207   [main] DEBUG JFCRipperMain - Ripping component: *Color* in window *Radio Button Demo*
4207   [main] INFO  JFCRipperMain - Expanding *Color*...
4207   [main] INFO  JFCRipperMain - Waiting  500ms for a new window to open
4721   [main] DEBUG JFCRipperMain - Ripping component: *None* in window *Radio Button Demo*
4721   [main] INFO  JFCRipperMain - Expanding *None*...
4721   [main] INFO  JFCRipperMain - Waiting  500ms for a new window to open
5229   [main] DEBUG JFCRipperMain - Ripping component: *Pos(6,42)* in window *Radio Button Demo*
5231   [main] INFO  JFCRipperMain - Expanding *Pos(6,42)*...
5231   [main] INFO  JFCRipperMain - Waiting  500ms for a new window to open
5735   [main] DEBUG JFCRipperMain - Ripping component: *Create Shape* in window *Radio Button Demo*
5735   [main] INFO  JFCRipperMain - Expanding *Create Shape*...
5735   [main] INFO  JFCRipperMain - Waiting  500ms for a new window to open
6236   [main] DEBUG JFCRipperMain - Ripping component: *Reset* in window *Radio Button Demo*
6236   [main] INFO  JFCRipperMain - Expanding *Reset*...
6236   [main] INFO  JFCRipperMain - Waiting  500ms for a new window to open
6738   [main] DEBUG JFCRipperMain - Ripping component: *Rendered Shape* in window *Radio Button Demo*
6738   [main] DEBUG JFCRipperMain - Ripping component: *Pos(0,0)* in window *Radio Button Demo*
6741   [main] DEBUG JFCRipperMain - Ripping component: *Options* in window *Radio Button Demo*
6744   [main] INFO  JFCRipperMain - Expanding *Options*...
6744   [main] INFO  JFCRipperMain - Waiting  500ms for a new window to open
7255   [main] DEBUG JFCRipperMain - Ripping component: *About* in window *Radio Button Demo*
7256   [main] INFO  JFCRipperMain - Expanding *About*...
7256   [main] INFO  JFCRipperMain - Waiting  500ms for a new window to open
7763   [main] INFO  JFCRipperMain - 1 new window(s) opened!
7763   [main] INFO  JFCRipperMain - 	About
7763   [main] DEBUG JFCRipperMain - About recorded
7763   [main] INFO  JFCRipperMain - ----------------------------
7763   [main] INFO  JFCRipperMain - Ripping window: *About*
7763   [main] DEBUG JFCRipperMain - Ripping component: *About* in window *About*
7765   [main] DEBUG JFCRipperMain - Ripping component: *Pos(8,31)* in window *About*
7765   [main] DEBUG JFCRipperMain - Ripping component: *null.glassPane* in window *About*
7765   [main] DEBUG JFCRipperMain - Ripping component: *null.layeredPane* in window *About*
7765   [main] DEBUG JFCRipperMain - Ripping component: *null.contentPane* in window *About*
7765   [main] DEBUG JFCRipperMain - Ripping component: *Pos(0,0)* in window *About*
7770   [main] DEBUG JFCRipperMain - Ripping component: *Pos(10,10)* in window *About*
7770   [main] DEBUG JFCRipperMain - Ripping component: *OptionPane.realBody* in window *About*
7770   [main] DEBUG JFCRipperMain - Ripping component: *OptionPane.separator* in window *About*
7770   [main] DEBUG JFCRipperMain - Ripping component: *OptionPane.body* in window *About*
7770   [main] DEBUG JFCRipperMain - Ripping component: *This program draws circles and squares.* in window *About*
7770   [main] DEBUG JFCRipperMain - Ripping component: *To draw a shape, click the create shape button.* in window *About*
7770   [main] DEBUG JFCRipperMain - Ripping component: *The shape may be changed using the* in window *About*
7770   [main] DEBUG JFCRipperMain - Ripping component: *on screen buttons or the options menu.* in window *About*
7770   [main] DEBUG JFCRipperMain - Ripping component: *sun.swing.ImageIconUIResource@49e4cb85* in window *About*
7776   [main] DEBUG JFCRipperMain - Ripping component: *OptionPane.buttonArea* in window *About*
7776   [main] DEBUG JFCRipperMain - Ripping component: *OK* in window *About*
7781   [main] DEBUG JFCRipperMain - Ripping component: *Shape* in window *Radio Button Demo*
7781   [main] INFO  JFCRipperMain - Expanding *Shape*...
7781   [main] INFO  JFCRipperMain - Waiting  500ms for a new window to open
8297   [main] DEBUG JFCRipperMain - Ripping component: *Circle* in window *Radio Button Demo*
8298   [main] INFO  JFCRipperMain - Expanding *Circle*...
8298   [main] INFO  JFCRipperMain - Waiting  500ms for a new window to open
8811   [main] DEBUG JFCRipperMain - Ripping component: *Square* in window *Radio Button Demo*
8811   [main] INFO  JFCRipperMain - Expanding *Square*...
8811   [main] INFO  JFCRipperMain - Waiting  500ms for a new window to open
9316   [main] DEBUG JFCRipperMain - Ripping component: *Color* in window *Radio Button Demo*
9316   [main] INFO  JFCRipperMain - Expanding *Color*...
9316   [main] INFO  JFCRipperMain - Waiting  500ms for a new window to open
9830   [main] INFO  JFCRipperMain - 1 new window(s) opened!
9830   [main] INFO  JFCRipperMain - 	javax.swing.Popup$HeavyWeightWindow
9830   [main] DEBUG JFCRipperMain - javax.swing.Popup$HeavyWeightWindow recorded
9830   [main] INFO  JFCRipperMain - ----------------------------
9830   [main] INFO  JFCRipperMain - Ripping window: *javax.swing.Popup$HeavyWeightWindow*
9830   [main] DEBUG JFCRipperMain - Ripping component: *win0* in window *javax.swing.Popup$HeavyWeightWindow*
9830   [main] DEBUG JFCRipperMain - Ripping component: *Pos(0,0)* in window *javax.swing.Popup$HeavyWeightWindow*
9830   [main] DEBUG JFCRipperMain - Ripping component: *null.glassPane* in window *javax.swing.Popup$HeavyWeightWindow*
9830   [main] DEBUG JFCRipperMain - Ripping component: *null.layeredPane* in window *javax.swing.Popup$HeavyWeightWindow*
9830   [main] DEBUG JFCRipperMain - Ripping component: *null.contentPane* in window *javax.swing.Popup$HeavyWeightWindow*
9830   [main] DEBUG JFCRipperMain - Ripping component: *Pos(0,0)* in window *javax.swing.Popup$HeavyWeightWindow*
9830   [main] DEBUG JFCRipperMain - Ripping component: *None* in window *javax.swing.Popup$HeavyWeightWindow*
9830   [main] INFO  JFCRipperMain - Expanding *None*...
9830   [main] INFO  JFCRipperMain - Waiting  500ms for a new window to open
10339  [main] DEBUG JFCRipperMain - Ripping component: *Pos(1,24)* in window *javax.swing.Popup$HeavyWeightWindow*
10340  [main] DEBUG JFCRipperMain - Ripping component: *Black* in window *javax.swing.Popup$HeavyWeightWindow*
10340  [main] INFO  JFCRipperMain - Expanding *Black*...
10340  [main] INFO  JFCRipperMain - Waiting  500ms for a new window to open
10846  [main] DEBUG JFCRipperMain - Ripping component: *Blue* in window *javax.swing.Popup$HeavyWeightWindow*
10846  [main] INFO  JFCRipperMain - Expanding *Blue*...
10846  [main] INFO  JFCRipperMain - Waiting  500ms for a new window to open
11352  [main] DEBUG JFCRipperMain - Ripping component: *Cyan* in window *javax.swing.Popup$HeavyWeightWindow*
11353  [main] INFO  JFCRipperMain - Expanding *Cyan*...
11353  [main] INFO  JFCRipperMain - Waiting  500ms for a new window to open
11859  [main] DEBUG JFCRipperMain - Ripping component: *Dark Gray* in window *javax.swing.Popup$HeavyWeightWindow*
11860  [main] INFO  JFCRipperMain - Expanding *Dark Gray*...
11860  [main] INFO  JFCRipperMain - Waiting  500ms for a new window to open
12363  [main] DEBUG JFCRipperMain - Ripping component: *Gray* in window *javax.swing.Popup$HeavyWeightWindow*
12363  [main] INFO  JFCRipperMain - Expanding *Gray*...
12363  [main] INFO  JFCRipperMain - Waiting  500ms for a new window to open
12872  [main] DEBUG JFCRipperMain - Ripping component: *Green* in window *javax.swing.Popup$HeavyWeightWindow*
12873  [main] INFO  JFCRipperMain - Expanding *Green*...
12873  [main] INFO  JFCRipperMain - Waiting  500ms for a new window to open
13377  [main] DEBUG JFCRipperMain - Ripping component: *Light Gray* in window *javax.swing.Popup$HeavyWeightWindow*
13377  [main] INFO  JFCRipperMain - Expanding *Light Gray*...
13377  [main] INFO  JFCRipperMain - Waiting  500ms for a new window to open
13877  [main] DEBUG JFCRipperMain - Ripping component: *Magenta* in window *javax.swing.Popup$HeavyWeightWindow*
13877  [main] INFO  JFCRipperMain - Expanding *Magenta*...
13877  [main] INFO  JFCRipperMain - Waiting  500ms for a new window to open
14388  [main] DEBUG JFCRipperMain - Ripping component: *Orange* in window *javax.swing.Popup$HeavyWeightWindow*
14388  [main] INFO  JFCRipperMain - Expanding *Orange*...
14388  [main] INFO  JFCRipperMain - Waiting  500ms for a new window to open
14896  [main] DEBUG JFCRipperMain - Ripping component: *Pink* in window *javax.swing.Popup$HeavyWeightWindow*
14896  [main] INFO  JFCRipperMain - Expanding *Pink*...
14896  [main] INFO  JFCRipperMain - Waiting  500ms for a new window to open
15400  [main] DEBUG JFCRipperMain - Ripping component: *Red* in window *javax.swing.Popup$HeavyWeightWindow*
15400  [main] INFO  JFCRipperMain - Expanding *Red*...
15400  [main] INFO  JFCRipperMain - Waiting  500ms for a new window to open
15909  [main] DEBUG JFCRipperMain - Ripping component: *White* in window *javax.swing.Popup$HeavyWeightWindow*
15909  [main] INFO  JFCRipperMain - Expanding *White*...
15909  [main] INFO  JFCRipperMain - Waiting  500ms for a new window to open
16413  [main] DEBUG JFCRipperMain - Ripping component: *Yellow* in window *javax.swing.Popup$HeavyWeightWindow*
16414  [main] INFO  JFCRipperMain - Expanding *Yellow*...
16414  [main] INFO  JFCRipperMain - Waiting  500ms for a new window to open
16916  [main] DEBUG JFCRipperMain - Ripping component: *None* in window *Radio Button Demo*
16916  [main] INFO  JFCRipperMain - Expanding *None*...
16916  [main] INFO  JFCRipperMain - Waiting  500ms for a new window to open
17438  [main] DEBUG JFCRipperMain - Ripping component: *Pos(1,24)* in window *Radio Button Demo*
17439  [main] DEBUG JFCRipperMain - Ripping component: *Black* in window *Radio Button Demo*
17439  [main] INFO  JFCRipperMain - Expanding *Black*...
17439  [main] INFO  JFCRipperMain - Waiting  500ms for a new window to open
17945  [main] DEBUG JFCRipperMain - Ripping component: *Blue* in window *Radio Button Demo*
17945  [main] INFO  JFCRipperMain - Expanding *Blue*...
17945  [main] INFO  JFCRipperMain - Waiting  500ms for a new window to open
18451  [main] DEBUG JFCRipperMain - Ripping component: *Cyan* in window *Radio Button Demo*
18452  [main] INFO  JFCRipperMain - Expanding *Cyan*...
18452  [main] INFO  JFCRipperMain - Waiting  500ms for a new window to open
18955  [main] DEBUG JFCRipperMain - Ripping component: *Dark Gray* in window *Radio Button Demo*
18955  [main] INFO  JFCRipperMain - Expanding *Dark Gray*...
18955  [main] INFO  JFCRipperMain - Waiting  500ms for a new window to open
19468  [main] DEBUG JFCRipperMain - Ripping component: *Gray* in window *Radio Button Demo*
19468  [main] INFO  JFCRipperMain - Expanding *Gray*...
19468  [main] INFO  JFCRipperMain - Waiting  500ms for a new window to open
19972  [main] DEBUG JFCRipperMain - Ripping component: *Green* in window *Radio Button Demo*
19972  [main] INFO  JFCRipperMain - Expanding *Green*...
19972  [main] INFO  JFCRipperMain - Waiting  500ms for a new window to open
20473  [main] DEBUG JFCRipperMain - Ripping component: *Light Gray* in window *Radio Button Demo*
20473  [main] INFO  JFCRipperMain - Expanding *Light Gray*...
20473  [main] INFO  JFCRipperMain - Waiting  500ms for a new window to open
20982  [main] DEBUG JFCRipperMain - Ripping component: *Magenta* in window *Radio Button Demo*
20982  [main] INFO  JFCRipperMain - Expanding *Magenta*...
20982  [main] INFO  JFCRipperMain - Waiting  500ms for a new window to open
21490  [main] DEBUG JFCRipperMain - Ripping component: *Orange* in window *Radio Button Demo*
21490  [main] INFO  JFCRipperMain - Expanding *Orange*...
21490  [main] INFO  JFCRipperMain - Waiting  500ms for a new window to open
22001  [main] DEBUG JFCRipperMain - Ripping component: *Pink* in window *Radio Button Demo*
22001  [main] INFO  JFCRipperMain - Expanding *Pink*...
22001  [main] INFO  JFCRipperMain - Waiting  500ms for a new window to open
22511  [main] DEBUG JFCRipperMain - Ripping component: *Red* in window *Radio Button Demo*
22511  [main] INFO  JFCRipperMain - Expanding *Red*...
22511  [main] INFO  JFCRipperMain - Waiting  500ms for a new window to open
23019  [main] DEBUG JFCRipperMain - Ripping component: *White* in window *Radio Button Demo*
23019  [main] INFO  JFCRipperMain - Expanding *White*...
23019  [main] INFO  JFCRipperMain - Waiting  500ms for a new window to open
23524  [main] DEBUG JFCRipperMain - Ripping component: *Yellow* in window *Radio Button Demo*
23525  [main] INFO  JFCRipperMain - Expanding *Yellow*...
23525  [main] INFO  JFCRipperMain - Waiting  500ms for a new window to open
24031  [main] DEBUG JFCRipperMain - Ripping component: *Pos(0,0)* in window *Radio Button Demo*
24031  [main] DEBUG JFCRipperMain - Ripping component: *Options* in window *Radio Button Demo*
24031  [main] INFO  JFCRipperMain - Expanding *Options*...
24031  [main] INFO  JFCRipperMain - Waiting  500ms for a new window to open
24542  [main] DEBUG JFCRipperMain - Ripping component: *About* in window *Radio Button Demo*
24543  [main] INFO  JFCRipperMain - Expanding *About*...
24543  [main] INFO  JFCRipperMain - Waiting  500ms for a new window to open
25054  [main] INFO  JFCRipperMain - 1 new window(s) opened!
25054  [main] INFO  JFCRipperMain - 	About
25054  [main] DEBUG JFCRipperMain - About recorded
25054  [main] INFO  JFCRipperMain - Window is ripped!!!
25062  [main] DEBUG JFCRipperMain - Ripping component: *Shape* in window *Radio Button Demo*
25062  [main] INFO  JFCRipperMain - Expanding *Shape*...
25062  [main] INFO  JFCRipperMain - Waiting  500ms for a new window to open
25564  [main] DEBUG JFCRipperMain - Ripping component: *Circle* in window *Radio Button Demo*
25565  [main] INFO  JFCRipperMain - Expanding *Circle*...
25565  [main] INFO  JFCRipperMain - Waiting  500ms for a new window to open
26073  [main] DEBUG JFCRipperMain - Ripping component: *Square* in window *Radio Button Demo*
26073  [main] INFO  JFCRipperMain - Expanding *Square*...
26073  [main] INFO  JFCRipperMain - Waiting  500ms for a new window to open
26573  [main] DEBUG JFCRipperMain - Ripping component: *Color* in window *Radio Button Demo*
26574  [main] INFO  JFCRipperMain - Expanding *Color*...
26574  [main] INFO  JFCRipperMain - Waiting  500ms for a new window to open
27075  [main] DEBUG JFCRipperMain - Ripping component: *None* in window *Radio Button Demo*
27076  [main] INFO  JFCRipperMain - Expanding *None*...
27076  [main] INFO  JFCRipperMain - Waiting  500ms for a new window to open
27586  [main] DEBUG JFCRipperMain - Ripping component: *Pos(1,24)* in window *Radio Button Demo*
27587  [main] DEBUG JFCRipperMain - Ripping component: *Black* in window *Radio Button Demo*
27587  [main] INFO  JFCRipperMain - Expanding *Black*...
27587  [main] INFO  JFCRipperMain - Waiting  500ms for a new window to open
28102  [main] DEBUG JFCRipperMain - Ripping component: *Blue* in window *Radio Button Demo*
28102  [main] INFO  JFCRipperMain - Expanding *Blue*...
28102  [main] INFO  JFCRipperMain - Waiting  500ms for a new window to open
28615  [main] DEBUG JFCRipperMain - Ripping component: *Cyan* in window *Radio Button Demo*
28615  [main] INFO  JFCRipperMain - Expanding *Cyan*...
28615  [main] INFO  JFCRipperMain - Waiting  500ms for a new window to open
29116  [main] DEBUG JFCRipperMain - Ripping component: *Dark Gray* in window *Radio Button Demo*
29116  [main] INFO  JFCRipperMain - Expanding *Dark Gray*...
29116  [main] INFO  JFCRipperMain - Waiting  500ms for a new window to open
29625  [main] DEBUG JFCRipperMain - Ripping component: *Gray* in window *Radio Button Demo*
29625  [main] INFO  JFCRipperMain - Expanding *Gray*...
29625  [main] INFO  JFCRipperMain - Waiting  500ms for a new window to open
30133  [main] DEBUG JFCRipperMain - Ripping component: *Green* in window *Radio Button Demo*
30133  [main] INFO  JFCRipperMain - Expanding *Green*...
30133  [main] INFO  JFCRipperMain - Waiting  500ms for a new window to open
30641  [main] DEBUG JFCRipperMain - Ripping component: *Light Gray* in window *Radio Button Demo*
30641  [main] INFO  JFCRipperMain - Expanding *Light Gray*...
30641  [main] INFO  JFCRipperMain - Waiting  500ms for a new window to open
31144  [main] DEBUG JFCRipperMain - Ripping component: *Magenta* in window *Radio Button Demo*
31144  [main] INFO  JFCRipperMain - Expanding *Magenta*...
31144  [main] INFO  JFCRipperMain - Waiting  500ms for a new window to open
31656  [main] DEBUG JFCRipperMain - Ripping component: *Orange* in window *Radio Button Demo*
31656  [main] INFO  JFCRipperMain - Expanding *Orange*...
31656  [main] INFO  JFCRipperMain - Waiting  500ms for a new window to open
32170  [main] DEBUG JFCRipperMain - Ripping component: *Pink* in window *Radio Button Demo*
32170  [main] INFO  JFCRipperMain - Expanding *Pink*...
32170  [main] INFO  JFCRipperMain - Waiting  500ms for a new window to open
32671  [main] DEBUG JFCRipperMain - Ripping component: *Red* in window *Radio Button Demo*
32672  [main] INFO  JFCRipperMain - Expanding *Red*...
32672  [main] INFO  JFCRipperMain - Waiting  500ms for a new window to open
33176  [main] DEBUG JFCRipperMain - Ripping component: *White* in window *Radio Button Demo*
33176  [main] INFO  JFCRipperMain - Expanding *White*...
33176  [main] INFO  JFCRipperMain - Waiting  500ms for a new window to open
33691  [main] DEBUG JFCRipperMain - Ripping component: *Yellow* in window *Radio Button Demo*
33692  [main] INFO  JFCRipperMain - Expanding *Yellow*...
33692  [main] INFO  JFCRipperMain - Waiting  500ms for a new window to open
34248  [main] INFO  JFCRipperMain - Number of Windows: 3
34248  [main] INFO  JFCRipperMain - GUI file:C:\Users\aise\Documents\web-comparison\tools\GUITAR.v1.2\GUITAR.tool/./Project.GUI.xml
34248  [main] INFO  JFCRipperMain - Open Component file:log_widget.xml
34248  [main] INFO  JFCRipperMain - Ripping Elapsed: 00 : 00 : 34: 402
34248  [main] INFO  JFCRipperMain - Log file: Project.log
